# Matcher outcomes per arm against the baseline

Working pixels, maximum corner distance to the frozen control. Each cell: nearest pooled court before the global cap / line winner / paint winner. Baseline values are the direction experiment's accounting of the saved baseline records.

## Stage results

| View | Control | baseline: nearest pooled / line / paint | paint_observations: nearest pooled / line / paint | person_observations: nearest pooled / line / paint | person: nearest pooled / line / paint | paint: nearest pooled / line / paint |
| --- | --- | --- | --- | --- | --- | --- |
| GX0 | approved | 7.7 / 16.5 / 7.7 | 9.0 / 21.1 / 21.1 | 7.7 / 10.6 / 8.3 | 1.9 / 1.9 / 10.9 | 151.9 / 3419.6 / 3419.6 |
| GX5 | approved | 23.7 / 513.6 / 525.7 | 25.1 / 2143.1 / 2143.1 | 23.7 / none / none | 11.1 / 365.9 / 365.9 | 10.0 / none / none |
| Am2-150 | approved | 8.3 / 140.9 / 12.4 | 6.6 / 12.4 / 8.3 | 8.3 / 140.9 / 12.4 | 73.3 / 1540.0 / 1540.0 | 37.2 / 137229.7 / 8099.4 |
| Am2-28019 | manual | 15.3 / none / none | 7.6 / 11.3 / 11.3 | 6.0 / 143.1 / 6.4 | 4.6 / 146.0 / 11.1 | 5.2 / 11.0 / 11.0 |
| Am3-0 | manual | 4.3 / 5.8 / 8.5 | 5.7 / 10.1 / 10.1 | 4.3 / 5.8 / 8.5 | 23.6 / 32.6 / 23.7 | 11.1 / 21.5 / 12.5 |
| SS03-17 | manual | 3.6 / 8.4 / 7.6 | 3.7 / 10.6 / 8.4 | 3.5 / 8.4 / 8.4 | 3.5 / 8.4 / 8.4 | 3.1 / 9.2 / 7.0 |
| SS03-19 | approved | 3.1 / 3.9 / 3.9 | 3.1 / 3.9 / 3.9 | 3.1 / 3.9 / 6.5 | 7.9 / 15.6 / 15.6 | 4.5 / 514.9 / 514.9 |
| SS03-16 | approved | 2.3 / 2.6 / 3.9 | 2.3 / 2.6 / 3.9 | 3.7 / 3.9 / 3.9 | 28.1 / 29.6 / 149.4 | 2.7 / 2.7 / 4.1 |
| SS21-20 | approved | 2.0 / 2.0 / 2.0 | 2.0 / 2.0 / 2.0 | 2.0 / 2.0 / 2.0 | 17.3 / 28.9 / 79.5 | 13.6 / 486.1 / 486.9 |

## Stage all_camera

| View | Control | baseline: nearest pooled / line / paint | paint_observations: nearest pooled / line / paint | person_observations: nearest pooled / line / paint | person: nearest pooled / line / paint | paint: nearest pooled / line / paint |
| --- | --- | --- | --- | --- | --- | --- |
| GX0 | approved | 7.7 / 16.5 / 7.7 | 9.0 / 10.7 / 20.3 | 7.7 / 10.6 / 1414.6 | 1.9 / 1.9 / 10.9 | 151.9 / 1289.1 / 404.4 |
| GX5 | approved | 23.7 / 530.3 / 530.7 | 25.1 / 1233.8 / 364.6 | 23.7 / 421.8 / 1651.7 | 11.1 / 365.9 / 1591.4 | 10.0 / 14.9 / 365.1 |
| Am2-150 | approved | 8.3 / 140.9 / 12.4 | 6.6 / 12.4 / 10.3 | 8.3 / 1035.4 / 12.4 | 73.3 / 11338.0 / 1075.0 | 37.2 / 631.8 / 2928.1 |
| Am2-28019 | manual | 15.3 / 145.1 / 892.1 | 7.6 / 11.3 / 11.3 | 6.0 / 143.1 / 6.4 | 4.6 / 146.0 / 11.1 | 5.2 / 11.0 / 11.0 |
| Am3-0 | manual | 4.3 / 5.8 / 8.5 | 5.7 / 10.1 / 10.1 | 4.3 / 5.8 / 8.5 | 23.6 / 32.6 / 23.7 | 11.1 / 21.5 / 12.5 |
| SS03-17 | manual | 3.6 / 8.4 / 7.6 | 3.7 / 10.6 / 8.4 | 3.5 / 8.4 / 8.4 | 3.5 / 8.4 / 8.4 | 3.1 / 9.2 / 7.0 |
| SS03-19 | approved | 3.1 / 3.9 / 6297.0 | 3.1 / 3.9 / 143.5 | 3.1 / 3.9 / 6.5 | 7.9 / 15.6 / 146.4 | 4.5 / 550.2 / 4513.0 |
| SS03-16 | approved | 2.3 / 2.6 / 3.9 | 2.3 / 2.6 / 3.9 | 3.7 / 3.9 / 3.9 | 28.1 / 29.6 / 2424.2 | 2.7 / 2.7 / 4.1 |
| SS21-20 | approved | 2.0 / 2.0 / 2.0 | 2.0 / 2.0 / 2.0 | 2.0 / 2.0 / 2.0 | 17.3 / 28.9 / 685.2 | 13.6 / 486.1 / 1091.8 |

