decoded <remote>/player_guided_20260908/videos/am1_h264.mp4 to frame 186 in 1s
am1_window_00_frame_54 pair 0 [0, 1] combined 262144 players 79034 retained 256 seconds 6.713067221920937
am1_window_00_frame_54 pair 4 [0, 5] combined 102400 players 13000 retained 256 seconds 3.4214620031416416
am1_window_00_frame_54 pair 5 [0, 6] combined 211968 players 59202 retained 256 seconds 5.542322930879891
am1_window_00_frame_54 pair 7 [0, 8] combined 67584 players 4944 retained 256 seconds 2.7400828669779003
am1_window_00_frame_54 pair 8 [0, 9] combined 32768 players 1404 retained 256 seconds 2.4482395509257913
am1_window_00_frame_54 pair 9 [0, 10] combined 41984 players 162 retained 79 seconds 2.5630030487664044
am1_window_00_frame_54 pair 12 [0, 13] combined 8192 players 424 retained 186 seconds 2.479512637015432
am1_window_00_frame_54 pair 13 [0, 14] combined 159744 players 19178 retained 256 seconds 3.92017782619223
am1_window_00_frame_54 pair 14 [0, 15] combined 66560 players 3634 retained 256 seconds 2.4427330470643938
am1_window_00_frame_54 pair 15 [1, 0] combined 262144 players 29578 retained 256 seconds 3.9637254658155143
am1_window_00_frame_54 pair 16 [1, 2] combined 262144 players 29634 retained 256 seconds 2.394091334659606
am1_window_00_frame_54 pair 17 [1, 3] combined 262144 players 30426 retained 256 seconds 2.6077340659685433
am1_window_00_frame_54 pair 18 [1, 4] combined 163840 players 34334 retained 256 seconds 2.3178116558119655
am1_window_00_frame_54 pair 19 [1, 5] combined 209920 players 66162 retained 256 seconds 3.573964426293969
am1_window_00_frame_54 pair 20 [1, 6] combined 262144 players 6070 retained 256 seconds 1.4724025521427393
am1_window_00_frame_54 pair 24 [1, 10] combined 93184 players 8312 retained 256 seconds 0.9105957159772515
am1_window_00_frame_54 pair 27 [1, 13] combined 12288 players 636 retained 256 seconds 0.4934331588447094
am1_window_00_frame_54 pair 28 [1, 14] combined 262144 players 22332 retained 256 seconds 2.013099926058203
am1_window_00_frame_54 pair 31 [2, 1] combined 262144 players 85540 retained 256 seconds 4.525216227862984
am1_window_00_frame_54 pair 34 [2, 5] combined 97280 players 990 retained 256 seconds 0.6973633971065283
am1_window_00_frame_54 pair 35 [2, 6] combined 216064 players 46240 retained 256 seconds 2.531037320382893
am1_window_00_frame_54 pair 37 [2, 8] combined 54272 players 15542 retained 256 seconds 0.965168213006109
am1_window_00_frame_54 pair 38 [2, 9] combined 32768 players 3244 retained 256 seconds 0.5123350229114294
am1_window_00_frame_54 pair 39 [2, 10] combined 35840 players 5706 retained 256 seconds 0.688463999889791
am1_window_00_frame_54 pair 42 [2, 13] combined 8192 players 310 retained 150 seconds 0.294256174005568
am1_window_00_frame_54 pair 43 [2, 14] combined 159744 players 11388 retained 256 seconds 1.1872505508363247
am1_window_00_frame_54 pair 44 [2, 15] combined 36864 players 10888 retained 256 seconds 0.767858721781522
am1_window_00_frame_54 pair 46 [3, 1] combined 262144 players 76384 retained 256 seconds 4.29646005295217
am1_window_00_frame_54 pair 49 [3, 5] combined 96256 players 11320 retained 256 seconds 1.0915185627527535
am1_window_00_frame_54 pair 52 [3, 8] combined 58368 players 386 retained 193 seconds 0.49063835106790066
am1_window_00_frame_54 pair 54 [3, 10] combined 24576 players 488 retained 223 seconds 0.44403589935973287
am1_window_00_frame_54 pair 58 [3, 14] combined 157696 players 25812 retained 256 seconds 1.8775901687331498
am1_window_00_frame_54 pair 59 [3, 15] combined 37888 players 8 retained 4 seconds 0.3910252498462796
am1_window_00_frame_54 pair 61 [4, 1] combined 181248 players 16020 retained 256 seconds 1.452657372225076
am1_window_00_frame_54 pair 75 [5, 0] combined 61440 players 11416 retained 256 seconds 2.4961857651360333
am1_window_00_frame_54 pair 76 [5, 1] combined 25600 players 4364 retained 256 seconds 0.636146750766784
am1_window_00_frame_54 pair 77 [5, 2] combined 73728 players 3050 retained 256 seconds 0.5663492260500789
am1_window_00_frame_54 pair 78 [5, 3] combined 101376 players 10006 retained 256 seconds 1.024945662356913
am1_window_00_frame_54 pair 81 [5, 7] combined 45632 players 3906 retained 256 seconds 0.3750726096332073
am1_window_00_frame_54 pair 85 [5, 11] combined 79872 players 6412 retained 256 seconds 0.5915538989938796
am1_window_00_frame_54 pair 90 [6, 0] combined 244736 players 32906 retained 256 seconds 3.980779235251248
am1_window_00_frame_54 pair 91 [6, 1] combined 262144 players 2990 retained 256 seconds 1.2794678728096187
am1_window_00_frame_54 pair 92 [6, 2] combined 244736 players 20554 retained 256 seconds 1.8082673121243715
am1_window_00_frame_54 pair 100 [6, 11] combined 239616 players 17674 retained 256 seconds 1.506843561772257
am1_window_00_frame_54 pair 110 [7, 5] combined 38180 players 3632 retained 256 seconds 0.34825700195506215
am1_window_00_frame_54 pair 118 [7, 14] combined 80352 players 7722 retained 256 seconds 0.6418489264324307
am1_window_00_frame_54 pair 120 [8, 0] combined 8192 players 144 retained 72 seconds 1.8485727435909212
am1_window_00_frame_54 pair 122 [8, 2] combined 16384 players 134 retained 70 seconds 0.238365373108536
am1_window_00_frame_54 pair 123 [8, 3] combined 14336 players 24 retained 12 seconds 0.2818120149895549
am1_window_00_frame_54 pair 130 [8, 11] combined 25600 players 0 retained 0 seconds 0.1266500223428011
am1_window_00_frame_54 pair 135 [9, 0] combined 46080 players 556 retained 251 seconds 1.910350888967514
am1_window_00_frame_54 pair 137 [9, 2] combined 46080 players 1190 retained 256 seconds 0.3775938721373677
am1_window_00_frame_54 pair 148 [9, 14] combined 49920 players 266 retained 135 seconds 0.2229717019945383
am1_window_00_frame_54 pair 150 [10, 0] combined 14336 players 666 retained 256 seconds 1.9526376612484455
am1_window_00_frame_54 pair 151 [10, 1] combined 4096 players 220 retained 104 seconds 0.35004229098558426
am1_window_00_frame_54 pair 152 [10, 2] combined 14336 players 582 retained 228 seconds 0.276429096236825
am1_window_00_frame_54 pair 153 [10, 3] combined 13312 players 1906 retained 256 seconds 0.367884480394423
am1_window_00_frame_54 pair 160 [10, 11] combined 16384 players 982 retained 256 seconds 0.1898516369983554
am1_window_00_frame_54 pair 170 [11, 5] combined 80896 players 8962 retained 256 seconds 0.8187529812566936
am1_window_00_frame_54 pair 171 [11, 6] combined 239616 players 41556 retained 256 seconds 2.4593049278482795
am1_window_00_frame_54 pair 173 [11, 8] combined 40960 players 788 retained 256 seconds 0.2747057811357081
am1_window_00_frame_54 pair 175 [11, 10] combined 28672 players 886 retained 256 seconds 0.2402360336855054
am1_window_00_frame_54 pair 177 [11, 13] combined 8192 players 1212 retained 256 seconds 0.18489042203873396
am1_window_00_frame_54 pair 178 [11, 14] combined 156672 players 20164 retained 256 seconds 1.386397531721741
am1_window_00_frame_54 pair 179 [11, 15] combined 33792 players 820 retained 256 seconds 0.2537930221296847
am1_window_00_frame_54 pair 195 [13, 0] combined 16384 players 686 retained 256 seconds 1.9181232783012092
am1_window_00_frame_54 pair 196 [13, 1] combined 14336 players 94 retained 47 seconds 0.3569260877557099
am1_window_00_frame_54 pair 197 [13, 2] combined 16384 players 342 retained 165 seconds 0.2451302446424961
am1_window_00_frame_54 pair 206 [13, 11] combined 14336 players 810 retained 256 seconds 0.2919159568846226
am1_window_00_frame_54 pair 210 [14, 0] combined 60416 players 8664 retained 256 seconds 2.3173783007077873
am1_window_00_frame_54 pair 211 [14, 1] combined 77824 players 4960 retained 256 seconds 0.774494546931237
am1_window_00_frame_54 pair 212 [14, 2] combined 60416 players 8916 retained 256 seconds 0.7022700440138578
am1_window_00_frame_54 pair 213 [14, 3] combined 62464 players 8476 retained 256 seconds 0.7511297520250082
am1_window_00_frame_54 pair 217 [14, 7] combined 19500 players 4192 retained 256 seconds 0.3166472581215203
am1_window_00_frame_54 pair 219 [14, 9] combined 28072 players 0 retained 0 seconds 0.12221587169915438
am1_window_00_frame_54 pair 221 [14, 11] combined 63488 players 9964 retained 256 seconds 0.6741622160188854
am1_window_00_frame_54 pair 225 [15, 0] combined 22528 players 474 retained 235 seconds 1.9376720725558698
am1_window_00_frame_54 pair 227 [15, 2] combined 25600 players 676 retained 256 seconds 0.29748480673879385
am1_window_00_frame_54 pair 228 [15, 3] combined 17408 players 248 retained 103 seconds 0.29157413681969047
am1_window_00_frame_54 pair 236 [15, 11] combined 48128 players 132 retained 66 seconds 0.22720600198954344
am1_window_00_frame_54 pair 0 [0, 1] combined 262144 players 89172 retained 256 seconds 4.2306333859451115
am1_window_00_frame_54 pair 4 [0, 5] combined 0 players 0 retained 0 seconds 0.2008361779153347
am1_window_00_frame_54 pair 5 [0, 6] combined 31744 players 6120 retained 256 seconds 0.5653320848941803
am1_window_00_frame_54 pair 7 [0, 8] combined 2048 players 198 retained 99 seconds 0.22434515273198485
am1_window_00_frame_54 pair 8 [0, 9] combined 54272 players 3958 retained 256 seconds 0.5279289660975337
am1_window_00_frame_54 pair 9 [0, 10] combined 0 players 0 retained 0 seconds 0.196285261772573
am1_window_00_frame_54 pair 12 [0, 13] combined 0 players 0 retained 0 seconds 0.18713093176484108
am1_window_00_frame_54 pair 13 [0, 14] combined 4096 players 0 retained 0 seconds 0.2073070672340691
am1_window_00_frame_54 pair 14 [0, 15] combined 0 players 0 retained 0 seconds 0.17665011202916503
am1_window_00_frame_54 pair 15 [1, 0] combined 262144 players 41196 retained 256 seconds 2.5118406121619046
am1_window_00_frame_54 pair 16 [1, 2] combined 30720 players 2062 retained 256 seconds 0.2881838968023658
am1_window_00_frame_54 pair 17 [1, 3] combined 58368 players 9394 retained 256 seconds 0.8223652821034193
am1_window_00_frame_54 pair 18 [1, 4] combined 3072 players 578 retained 256 seconds 0.15432598907500505
am1_window_00_frame_54 pair 19 [1, 5] combined 0 players 0 retained 0 seconds 0.058248009998351336
am1_window_00_frame_54 pair 20 [1, 6] combined 76800 players 768 retained 256 seconds 0.3685161550529301
am1_window_00_frame_54 pair 24 [1, 10] combined 0 players 0 retained 0 seconds 0.0502587640658021
am1_window_00_frame_54 pair 27 [1, 13] combined 0 players 0 retained 0 seconds 0.06425798172131181
am1_window_00_frame_54 pair 28 [1, 14] combined 46800 players 7054 retained 256 seconds 0.4977673729881644
am1_window_00_frame_54 pair 31 [2, 1] combined 67584 players 20624 retained 256 seconds 1.032764342147857
am1_window_00_frame_54 pair 34 [2, 5] combined 0 players 0 retained 0 seconds 0.02373964386060834
am1_window_00_frame_54 pair 35 [2, 6] combined 7040 players 758 retained 256 seconds 0.12260515009984374
am1_window_00_frame_54 pair 37 [2, 8] combined 448 players 204 retained 102 seconds 0.060373490676283836
am1_window_00_frame_54 pair 38 [2, 9] combined 11880 players 1556 retained 256 seconds 0.16257233498618007
am1_window_00_frame_54 pair 39 [2, 10] combined 0 players 0 retained 0 seconds 0.020768536254763603
am1_window_00_frame_54 pair 42 [2, 13] combined 0 players 0 retained 0 seconds 0.018716138787567616
am1_window_00_frame_54 pair 43 [2, 14] combined 992 players 0 retained 0 seconds 0.02592041715979576
am1_window_00_frame_54 pair 44 [2, 15] combined 0 players 0 retained 0 seconds 0.018315888941287994
am1_window_00_frame_54 pair 46 [3, 1] combined 89088 players 24506 retained 256 seconds 1.2571096061728895
am1_window_00_frame_54 pair 49 [3, 5] combined 0 players 0 retained 0 seconds 0.03774249693378806
am1_window_00_frame_54 pair 52 [3, 8] combined 552 players 0 retained 0 seconds 0.029904541093856096
am1_window_00_frame_54 pair 54 [3, 10] combined 0 players 0 retained 0 seconds 0.03223012387752533
am1_window_00_frame_54 pair 58 [3, 14] combined 1712 players 0 retained 0 seconds 0.039978030137717724
am1_window_00_frame_54 pair 59 [3, 15] combined 0 players 0 retained 0 seconds 0.02408920368179679
am1_window_00_frame_54 pair 61 [4, 1] combined 2048 players 168 retained 84 seconds 0.08811759296804667
am1_window_00_frame_54 pair 75 [5, 0] combined 0 players 0 retained 0 seconds 0.11935069598257542
am1_window_00_frame_54 pair 76 [5, 1] combined 0 players 0 retained 0 seconds 0.04718809807673097
am1_window_00_frame_54 pair 77 [5, 2] combined 0 players 0 retained 0 seconds 0.014213267713785172
am1_window_00_frame_54 pair 78 [5, 3] combined 0 players 0 retained 0 seconds 0.020023214165121317
am1_window_00_frame_54 pair 81 [5, 7] combined 0 players 0 retained 0 seconds 0.004490308929234743
am1_window_00_frame_54 pair 85 [5, 11] combined 0 players 0 retained 0 seconds 0.004631426185369492
am1_window_00_frame_54 pair 90 [6, 0] combined 48128 players 4670 retained 256 seconds 0.5024407138116658
am1_window_00_frame_54 pair 91 [6, 1] combined 75776 players 1468 retained 256 seconds 0.3792715887539089
am1_window_00_frame_54 pair 92 [6, 2] combined 12696 players 296 retained 148 seconds 0.10570097202435136
am1_window_00_frame_54 pair 100 [6, 11] combined 1344 players 68 retained 34 seconds 0.04696789477020502
am1_window_00_frame_54 pair 110 [7, 5] combined 0 players 0 retained 0 seconds 0.00508096581324935
am1_window_00_frame_54 pair 118 [7, 14] combined 12 players 0 retained 0 seconds 0.008741109631955624
am1_window_00_frame_54 pair 120 [8, 0] combined 0 players 0 retained 0 seconds 0.11991325300186872
am1_window_00_frame_54 pair 122 [8, 2] combined 0 players 0 retained 0 seconds 0.01484214561060071
am1_window_00_frame_54 pair 123 [8, 3] combined 0 players 0 retained 0 seconds 0.023909389972686768
am1_window_00_frame_54 pair 130 [8, 11] combined 0 players 0 retained 0 seconds 0.006707940716296434
am1_window_00_frame_54 pair 135 [9, 0] combined 60416 players 3154 retained 256 seconds 0.464684349950403
am1_window_00_frame_54 pair 137 [9, 2] combined 8540 players 300 retained 148 seconds 0.2919648322276771
am1_window_00_frame_54 pair 148 [9, 14] combined 0 players 0 retained 0 seconds 0.01346619799733162
am1_window_00_frame_54 pair 150 [10, 0] combined 0 players 0 retained 0 seconds 0.11974422028288245
am1_window_00_frame_54 pair 151 [10, 1] combined 0 players 0 retained 0 seconds 0.040733831003308296
am1_window_00_frame_54 pair 152 [10, 2] combined 0 players 0 retained 0 seconds 0.013970569707453251
am1_window_00_frame_54 pair 153 [10, 3] combined 0 players 0 retained 0 seconds 0.020037450827658176
am1_window_00_frame_54 pair 160 [10, 11] combined 0 players 0 retained 0 seconds 0.0050381203182041645
am1_window_00_frame_54 pair 170 [11, 5] combined 0 players 0 retained 0 seconds 0.0056238858960568905
am1_window_00_frame_54 pair 171 [11, 6] combined 1600 players 222 retained 111 seconds 0.0572204370982945
am1_window_00_frame_54 pair 173 [11, 8] combined 0 players 0 retained 0 seconds 0.007060945965349674
am1_window_00_frame_54 pair 175 [11, 10] combined 0 players 0 retained 0 seconds 0.005863862112164497
am1_window_00_frame_54 pair 177 [11, 13] combined 0 players 0 retained 0 seconds 0.005642586853355169
am1_window_00_frame_54 pair 178 [11, 14] combined 108 players 0 retained 0 seconds 0.009625570848584175
am1_window_00_frame_54 pair 179 [11, 15] combined 0 players 0 retained 0 seconds 0.0052627818658947945
am1_window_00_frame_54 pair 195 [13, 0] combined 0 players 0 retained 0 seconds 0.12007767893373966
am1_window_00_frame_54 pair 196 [13, 1] combined 0 players 0 retained 0 seconds 0.04677820671349764
am1_window_00_frame_54 pair 197 [13, 2] combined 0 players 0 retained 0 seconds 0.014420920982956886
am1_window_00_frame_54 pair 206 [13, 11] combined 0 players 0 retained 0 seconds 0.005304752383381128
am1_window_00_frame_54 pair 210 [14, 0] combined 0 players 0 retained 0 seconds 0.12285136990249157
am1_window_00_frame_54 pair 211 [14, 1] combined 15360 players 748 retained 256 seconds 0.1696069659665227
am1_window_00_frame_54 pair 212 [14, 2] combined 0 players 0 retained 0 seconds 0.01929647196084261
am1_window_00_frame_54 pair 213 [14, 3] combined 0 players 0 retained 0 seconds 0.024958377704024315
am1_window_00_frame_54 pair 217 [14, 7] combined 0 players 0 retained 0 seconds 0.010490433778613806
am1_window_00_frame_54 pair 219 [14, 9] combined 0 players 0 retained 0 seconds 0.014303579926490784
am1_window_00_frame_54 pair 221 [14, 11] combined 0 players 0 retained 0 seconds 0.010822456795722246
am1_window_00_frame_54 pair 225 [15, 0] combined 0 players 0 retained 0 seconds 0.11773914471268654
am1_window_00_frame_54 pair 227 [15, 2] combined 0 players 0 retained 0 seconds 0.012573583982884884
am1_window_00_frame_54 pair 228 [15, 3] combined 0 players 0 retained 0 seconds 0.01786589017137885
am1_window_00_frame_54 pair 236 [15, 11] combined 0 players 0 retained 0 seconds 0.004313157871365547
[am1_window_00_frame_54] line-template: preparing rectangles
[am1_window_00_frame_54] measuring 768 parents (G0=256, G1=256, line_template=256; conflicting geometry groups=0)
[am1_window_00_frame_54] parents 250/768
[am1_window_00_frame_54] parents 500/768
[am1_window_00_frame_54] parents 750/768
[am1_window_00_frame_54] refitting 768 parents
[am1_window_00_frame_54] refits 250/768; valid children=178
[am1_window_00_frame_54] refits 500/768; valid children=338
[am1_window_00_frame_54] refits 750/768; valid children=559
{"view_id": "am1_window_00_frame_54", "chosen_key": "line_template:rectangle_98207:template_12/child", "no_court_reason": null, "all_checks_equal": null, "error": null}
{"views": ["am1_window_00_frame_54"], "startup_seconds": 0.04926947085186839, "wall_seconds": 282.4156155618839, "peak_rss_mb": 948.19140625, "failed": []}
