decoded <remote>/player_guided_20260908/videos/am2_h264.mp4 to frame 28109 in 155s
am2_window_01_frame_28019 pair 0 [0, 1] combined 262144 players 11456 retained 256 seconds 2.0773274088278413
am2_window_01_frame_28019 pair 4 [0, 5] combined 51200 players 1146 retained 256 seconds 0.822209264151752
am2_window_01_frame_28019 pair 5 [0, 6] combined 44032 players 4522 retained 256 seconds 0.9249537801370025
am2_window_01_frame_28019 pair 10 [0, 11] combined 262144 players 7582 retained 256 seconds 1.8053053012117743
am2_window_01_frame_28019 pair 13 [0, 14] combined 6144 players 50 retained 25 seconds 0.6519690337590873
am2_window_01_frame_28019 pair 15 [1, 0] combined 262144 players 6876 retained 256 seconds 1.7149900062941015
am2_window_01_frame_28019 pair 16 [1, 2] combined 262144 players 7188 retained 256 seconds 1.6033070893026888
am2_window_01_frame_28019 pair 18 [1, 4] combined 262144 players 5796 retained 256 seconds 1.5035346518270671
am2_window_01_frame_28019 pair 19 [1, 5] combined 34816 players 7856 retained 256 seconds 0.722050589043647
am2_window_01_frame_28019 pair 20 [1, 6] combined 34816 players 5054 retained 256 seconds 0.5807414040900767
am2_window_01_frame_28019 pair 21 [1, 7] combined 262144 players 2532 retained 256 seconds 1.2876642430201173
am2_window_01_frame_28019 pair 22 [1, 8] combined 204800 players 56356 retained 256 seconds 3.448600808624178
am2_window_01_frame_28019 pair 24 [1, 10] combined 49152 players 9786 retained 256 seconds 0.8321826639585197
am2_window_01_frame_28019 pair 27 [1, 13] combined 6144 players 616 retained 232 seconds 0.3160483818501234
am2_window_01_frame_28019 pair 31 [2, 1] combined 262144 players 12508 retained 256 seconds 1.9070040960796177
am2_window_01_frame_28019 pair 34 [2, 5] combined 39936 players 2426 retained 256 seconds 0.707999219186604
am2_window_01_frame_28019 pair 35 [2, 6] combined 41984 players 10434 retained 256 seconds 1.0359042030759156
am2_window_01_frame_28019 pair 40 [2, 11] combined 262144 players 10475 retained 256 seconds 1.6852251742966473
am2_window_01_frame_28019 pair 43 [2, 14] combined 4096 players 238 retained 114 seconds 0.5555078140459955
am2_window_01_frame_28019 pair 48 [3, 4] combined 138240 players 8748 retained 256 seconds 0.9668499529361725
am2_window_01_frame_28019 pair 49 [3, 5] combined 21600 players 3054 retained 256 seconds 0.30295692617073655
am2_window_01_frame_28019 pair 50 [3, 6] combined 18400 players 978 retained 256 seconds 0.19695060001686215
am2_window_01_frame_28019 pair 52 [3, 8] combined 89088 players 6862 retained 256 seconds 0.6843416481278837
am2_window_01_frame_28019 pair 54 [3, 10] combined 37440 players 3000 retained 256 seconds 0.33942736312747
am2_window_01_frame_28019 pair 57 [3, 13] combined 2136 players 238 retained 117 seconds 0.08621132699772716
am2_window_01_frame_28019 pair 61 [4, 1] combined 262144 players 5110 retained 256 seconds 1.3485653437674046
am2_window_01_frame_28019 pair 63 [4, 3] combined 160768 players 8468 retained 256 seconds 1.1139001147821546
am2_window_01_frame_28019 pair 64 [4, 5] combined 26624 players 6834 retained 256 seconds 0.5673760590143502
am2_window_01_frame_28019 pair 65 [4, 6] combined 23552 players 3744 retained 256 seconds 0.43357458198443055
am2_window_01_frame_28019 pair 68 [4, 9] combined 262144 players 27564 retained 256 seconds 2.1521395430900156
am2_window_01_frame_28019 pair 70 [4, 11] combined 262144 players 8658 retained 256 seconds 1.3789038020186126
am2_window_01_frame_28019 pair 71 [4, 12] combined 251904 players 4566 retained 256 seconds 1.2964158579707146
am2_window_01_frame_28019 pair 73 [4, 14] combined 5120 players 536 retained 256 seconds 0.22752671409398317
am2_window_01_frame_28019 pair 75 [5, 0] combined 103424 players 15108 retained 256 seconds 1.3276935904286802
am2_window_01_frame_28019 pair 76 [5, 1] combined 71680 players 22204 retained 256 seconds 1.3101319950073957
am2_window_01_frame_28019 pair 77 [5, 2] combined 48128 players 13974 retained 256 seconds 1.024392285849899
am2_window_01_frame_28019 pair 78 [5, 3] combined 20064 players 3144 retained 256 seconds 0.3034459832124412
am2_window_01_frame_28019 pair 79 [5, 4] combined 56320 players 18718 retained 256 seconds 1.195353991817683
am2_window_01_frame_28019 pair 81 [5, 7] combined 101376 players 10998 retained 256 seconds 0.875692249275744
am2_window_01_frame_28019 pair 82 [5, 8] combined 58984 players 20778 retained 256 seconds 1.1031684498302639
am2_window_01_frame_28019 pair 83 [5, 9] combined 82944 players 8836 retained 256 seconds 0.7561539993621409
am2_window_01_frame_28019 pair 85 [5, 11] combined 44604 players 3306 retained 256 seconds 0.4041062919422984
am2_window_01_frame_28019 pair 86 [5, 12] combined 44156 players 4738 retained 256 seconds 0.45013323286548257
am2_window_01_frame_28019 pair 89 [5, 15] combined 2944 players 264 retained 132 seconds 0.09924694709479809
am2_window_01_frame_28019 pair 90 [6, 0] combined 70656 players 19952 retained 256 seconds 1.5168437040410936
am2_window_01_frame_28019 pair 91 [6, 1] combined 58368 players 15336 retained 256 seconds 0.9847712963819504
am2_window_01_frame_28019 pair 92 [6, 2] combined 60416 players 16764 retained 256 seconds 1.1504017943516374
am2_window_01_frame_28019 pair 93 [6, 3] combined 24480 players 616 retained 256 seconds 0.20099458703771234
am2_window_01_frame_28019 pair 94 [6, 4] combined 56320 players 19946 retained 256 seconds 1.0820245598442852
am2_window_01_frame_28019 pair 96 [6, 7] combined 30720 players 12136 retained 256 seconds 0.8044224791228771
am2_window_01_frame_28019 pair 97 [6, 8] combined 31652 players 12178 retained 256 seconds 0.7445861832238734
am2_window_01_frame_28019 pair 98 [6, 9] combined 66560 players 1906 retained 256 seconds 0.4245852190069854
am2_window_01_frame_28019 pair 100 [6, 11] combined 41536 players 2210 retained 256 seconds 0.32916670897975564
am2_window_01_frame_28019 pair 101 [6, 12] combined 36432 players 1528 retained 256 seconds 0.280344869941473
am2_window_01_frame_28019 pair 104 [6, 15] combined 640 players 56 retained 28 seconds 0.06534084724262357
am2_window_01_frame_28019 pair 106 [7, 1] combined 262144 players 2480 retained 256 seconds 1.1964853098616004
am2_window_01_frame_28019 pair 110 [7, 5] combined 52224 players 956 retained 256 seconds 0.34668330010026693
am2_window_01_frame_28019 pair 111 [7, 6] combined 49152 players 8390 retained 256 seconds 0.6399693740531802
am2_window_01_frame_28019 pair 115 [7, 11] combined 224256 players 17586 retained 256 seconds 1.521057115867734
am2_window_01_frame_28019 pair 121 [8, 1] combined 200704 players 54438 retained 256 seconds 3.1993391318246722
am2_window_01_frame_28019 pair 123 [8, 3] combined 96624 players 18166 retained 256 seconds 1.142264433670789
am2_window_01_frame_28019 pair 125 [8, 5] combined 33264 players 9118 retained 256 seconds 0.6479832851327956
am2_window_01_frame_28019 pair 126 [8, 6] combined 24576 players 2178 retained 256 seconds 0.32030900986865163
am2_window_01_frame_28019 pair 130 [8, 11] combined 130032 players 23718 retained 256 seconds 1.529933090787381
am2_window_01_frame_28019 pair 132 [8, 13] combined 4180 players 552 retained 256 seconds 0.16773306904360652
am2_window_01_frame_28019 pair 133 [8, 14] combined 2048 players 0 retained 0 seconds 0.09198276279494166
am2_window_01_frame_28019 pair 139 [9, 4] combined 262144 players 26526 retained 256 seconds 2.1741644176654518
am2_window_01_frame_28019 pair 140 [9, 5] combined 36864 players 1414 retained 256 seconds 0.3287589051760733
am2_window_01_frame_28019 pair 141 [9, 6] combined 54272 players 1720 retained 256 seconds 0.3912364076822996
am2_window_01_frame_28019 pair 144 [9, 10] combined 64512 players 420 retained 210 seconds 0.37187251122668386
am2_window_01_frame_28019 pair 147 [9, 13] combined 2048 players 612 retained 256 seconds 0.17689757607877254
am2_window_01_frame_28019 pair 151 [10, 1] combined 59392 players 14102 retained 256 seconds 0.9599061002954841
am2_window_01_frame_28019 pair 153 [10, 3] combined 50176 players 1566 retained 256 seconds 0.31971632596105337
am2_window_01_frame_28019 pair 159 [10, 9] combined 124928 players 2250 retained 256 seconds 0.6122271157801151
am2_window_01_frame_28019 pair 160 [10, 11] combined 54668 players 2378 retained 256 seconds 0.3680680878460407
am2_window_01_frame_28019 pair 161 [10, 12] combined 45292 players 1974 retained 256 seconds 0.33211312629282475
am2_window_01_frame_28019 pair 164 [10, 15] combined 2424 players 188 retained 94 seconds 0.08842860395088792
am2_window_01_frame_28019 pair 165 [11, 0] combined 186368 players 452 retained 190 seconds 1.0196655308827758
am2_window_01_frame_28019 pair 167 [11, 2] combined 225280 players 3072 retained 256 seconds 1.1733574187383056
am2_window_01_frame_28019 pair 169 [11, 4] combined 195584 players 6740 retained 256 seconds 1.047566205728799
am2_window_01_frame_28019 pair 170 [11, 5] combined 20592 players 4934 retained 256 seconds 0.5530655290931463
am2_window_01_frame_28019 pair 171 [11, 6] combined 22940 players 3018 retained 256 seconds 0.30658293422311544
am2_window_01_frame_28019 pair 172 [11, 7] combined 262144 players 32576 retained 256 seconds 2.1944078849628568
am2_window_01_frame_28019 pair 173 [11, 8] combined 108072 players 23850 retained 256 seconds 1.4609686923213303
am2_window_01_frame_28019 pair 175 [11, 10] combined 23564 players 6858 retained 256 seconds 0.4567003371194005
am2_window_01_frame_28019 pair 177 [11, 13] combined 3552 players 0 retained 0 seconds 0.06969395698979497
am2_window_01_frame_28019 pair 184 [12, 4] combined 262144 players 3560 retained 256 seconds 1.1361010619439185
am2_window_01_frame_28019 pair 185 [12, 5] combined 38456 players 1492 retained 256 seconds 0.29245625901967287
am2_window_01_frame_28019 pair 186 [12, 6] combined 41768 players 206 retained 85 seconds 0.2349255308508873
am2_window_01_frame_28019 pair 190 [12, 10] combined 35496 players 518 retained 245 seconds 0.23596179811283946
am2_window_01_frame_28019 pair 196 [13, 1] combined 12288 players 3060 retained 256 seconds 0.3697449010796845
am2_window_01_frame_28019 pair 198 [13, 3] combined 2816 players 198 retained 98 seconds 0.08386440016329288
am2_window_01_frame_28019 pair 203 [13, 8] combined 13608 players 1648 retained 256 seconds 0.21807774296030402
am2_window_01_frame_28019 pair 204 [13, 9] combined 12288 players 1972 retained 256 seconds 0.23171393480151892
am2_window_01_frame_28019 pair 206 [13, 11] combined 7524 players 178 retained 89 seconds 0.10643122112378478
am2_window_01_frame_28019 pair 209 [13, 15] combined 80 players 0 retained 0 seconds 0.01406003488227725
am2_window_01_frame_28019 pair 210 [14, 0] combined 6144 players 76 retained 40 seconds 0.3915390050970018
am2_window_01_frame_28019 pair 212 [14, 2] combined 7168 players 140 retained 71 seconds 0.29912715777754784
am2_window_01_frame_28019 pair 214 [14, 4] combined 3072 players 766 retained 256 seconds 0.18128328025341034
am2_window_01_frame_28019 pair 218 [14, 8] combined 1712 players 68 retained 34 seconds 0.0946175204589963
am2_window_01_frame_28019 pair 230 [15, 5] combined 2736 players 0 retained 0 seconds 0.037920115981251
am2_window_01_frame_28019 pair 231 [15, 6] combined 2520 players 40 retained 20 seconds 0.06324014812707901
am2_window_01_frame_28019 pair 235 [15, 10] combined 960 players 0 retained 0 seconds 0.032491978257894516
am2_window_01_frame_28019 pair 238 [15, 13] combined 224 players 0 retained 0 seconds 0.01278230408206582
am2_window_01_frame_28019 pair 0 [0, 1] combined 262144 players 19376 retained 256 seconds 1.7751325080171227
am2_window_01_frame_28019 pair 4 [0, 5] combined 6112 players 8 retained 4 seconds 0.13061372516676784
am2_window_01_frame_28019 pair 5 [0, 6] combined 6768 players 676 retained 256 seconds 0.1805125051178038
am2_window_01_frame_28019 pair 10 [0, 11] combined 70336 players 2244 retained 256 seconds 0.4392434684559703
am2_window_01_frame_28019 pair 13 [0, 14] combined 0 players 0 retained 0 seconds 0.08097903896123171
am2_window_01_frame_28019 pair 15 [1, 0] combined 150528 players 9890 retained 256 seconds 1.0142294019460678
am2_window_01_frame_28019 pair 16 [1, 2] combined 262144 players 12740 retained 256 seconds 1.4666021936573088
am2_window_01_frame_28019 pair 18 [1, 4] combined 25600 players 274 retained 137 seconds 0.20645778393372893
am2_window_01_frame_28019 pair 19 [1, 5] combined 1480 players 0 retained 0 seconds 0.07204306684434414
am2_window_01_frame_28019 pair 20 [1, 6] combined 728 players 184 retained 91 seconds 0.10676734196022153
am2_window_01_frame_28019 pair 21 [1, 7] combined 0 players 0 retained 0 seconds 0.07498356513679028
am2_window_01_frame_28019 pair 22 [1, 8] combined 9000 players 1718 retained 256 seconds 0.21443431917577982
am2_window_01_frame_28019 pair 24 [1, 10] combined 8320 players 602 retained 256 seconds 0.1661183750256896
am2_window_01_frame_28019 pair 27 [1, 13] combined 0 players 0 retained 0 seconds 0.0658911420032382
am2_window_01_frame_28019 pair 31 [2, 1] combined 262144 players 15988 retained 256 seconds 1.5849567987024784
am2_window_01_frame_28019 pair 34 [2, 5] combined 4096 players 498 retained 245 seconds 0.17563785519450903
am2_window_01_frame_28019 pair 35 [2, 6] combined 6144 players 1364 retained 256 seconds 0.21567986207082868
am2_window_01_frame_28019 pair 40 [2, 11] combined 125952 players 3578 retained 256 seconds 0.6664412491954863
am2_window_01_frame_28019 pair 43 [2, 14] combined 0 players 0 retained 0 seconds 0.08916115202009678
am2_window_01_frame_28019 pair 48 [3, 4] combined 3240 players 130 retained 65 seconds 0.07294325716793537
am2_window_01_frame_28019 pair 49 [3, 5] combined 16 players 0 retained 0 seconds 0.012540819123387337
am2_window_01_frame_28019 pair 50 [3, 6] combined 0 players 0 retained 0 seconds 0.013592452742159367
am2_window_01_frame_28019 pair 52 [3, 8] combined 224 players 6 retained 3 seconds 0.04161961702629924
am2_window_01_frame_28019 pair 54 [3, 10] combined 468 players 24 retained 12 seconds 0.04735614638775587
am2_window_01_frame_28019 pair 57 [3, 13] combined 16 players 4 retained 2 seconds 0.03882116638123989
am2_window_01_frame_28019 pair 61 [4, 1] combined 40960 players 3434 retained 256 seconds 0.3675032500177622
am2_window_01_frame_28019 pair 63 [4, 3] combined 352 players 8 retained 4 seconds 0.054258089046925306
am2_window_01_frame_28019 pair 64 [4, 5] combined 420 players 136 retained 66 seconds 0.0577690708450973
am2_window_01_frame_28019 pair 65 [4, 6] combined 144 players 26 retained 13 seconds 0.05031861597672105
am2_window_01_frame_28019 pair 68 [4, 9] combined 5152 players 406 retained 212 seconds 0.1105805728584528
am2_window_01_frame_28019 pair 70 [4, 11] combined 5136 players 96 retained 48 seconds 0.07974805636331439
am2_window_01_frame_28019 pair 71 [4, 12] combined 1120 players 0 retained 0 seconds 0.025483880192041397
am2_window_01_frame_28019 pair 73 [4, 14] combined 0 players 0 retained 0 seconds 0.017630575690418482
am2_window_01_frame_28019 pair 75 [5, 0] combined 5024 players 0 retained 0 seconds 0.06781387282535434
am2_window_01_frame_28019 pair 76 [5, 1] combined 4760 players 1336 retained 256 seconds 0.1641261000186205
am2_window_01_frame_28019 pair 77 [5, 2] combined 2048 players 0 retained 0 seconds 0.34923824667930603
am2_window_01_frame_28019 pair 78 [5, 3] combined 64 players 8 retained 4 seconds 0.0389190842397511
am2_window_01_frame_28019 pair 79 [5, 4] combined 816 players 200 retained 100 seconds 0.06023849081248045
am2_window_01_frame_28019 pair 81 [5, 7] combined 48 players 2 retained 1 seconds 0.0360435857437551
am2_window_01_frame_28019 pair 82 [5, 8] combined 84 players 14 retained 7 seconds 0.038984958082437515
am2_window_01_frame_28019 pair 83 [5, 9] combined 828 players 224 retained 112 seconds 0.0681536509655416
am2_window_01_frame_28019 pair 85 [5, 11] combined 1148 players 262 retained 131 seconds 0.07070574536919594
am2_window_01_frame_28019 pair 86 [5, 12] combined 12 players 0 retained 0 seconds 0.009182924404740334
am2_window_01_frame_28019 pair 89 [5, 15] combined 0 players 0 retained 0 seconds 0.007495181169360876
am2_window_01_frame_28019 pair 90 [6, 0] combined 7020 players 1358 retained 256 seconds 0.17779963370412588
am2_window_01_frame_28019 pair 91 [6, 1] combined 680 players 268 retained 134 seconds 0.09918122924864292
am2_window_01_frame_28019 pair 92 [6, 2] combined 10240 players 182 retained 79 seconds 0.136921769939363
am2_window_01_frame_28019 pair 93 [6, 3] combined 32 players 0 retained 0 seconds 0.014465471263974905
am2_window_01_frame_28019 pair 94 [6, 4] combined 528 players 120 retained 60 seconds 0.056186145171523094
am2_window_01_frame_28019 pair 96 [6, 7] combined 0 players 0 retained 0 seconds 0.010754329152405262
am2_window_01_frame_28019 pair 97 [6, 8] combined 32 players 16 retained 8 seconds 0.04186270525678992
am2_window_01_frame_28019 pair 98 [6, 9] combined 0 players 0 retained 0 seconds 0.02608484122902155
am2_window_01_frame_28019 pair 100 [6, 11] combined 328 players 24 retained 12 seconds 0.05204970808699727
am2_window_01_frame_28019 pair 101 [6, 12] combined 16 players 0 retained 0 seconds 0.011603300925344229
am2_window_01_frame_28019 pair 104 [6, 15] combined 0 players 0 retained 0 seconds 0.009350755251944065
am2_window_01_frame_28019 pair 106 [7, 1] combined 0 players 0 retained 0 seconds 0.04994994169101119
am2_window_01_frame_28019 pair 110 [7, 5] combined 36 players 0 retained 0 seconds 0.008688441943377256
am2_window_01_frame_28019 pair 111 [7, 6] combined 96 players 24 retained 12 seconds 0.038575501181185246
am2_window_01_frame_28019 pair 115 [7, 11] combined 0 players 0 retained 0 seconds 0.01879801321774721
am2_window_01_frame_28019 pair 121 [8, 1] combined 5264 players 732 retained 256 seconds 0.14531133603304625
am2_window_01_frame_28019 pair 123 [8, 3] combined 240 players 16 retained 8 seconds 0.043588369619101286
am2_window_01_frame_28019 pair 125 [8, 5] combined 80 players 20 retained 10 seconds 0.04112324630841613
am2_window_01_frame_28019 pair 126 [8, 6] combined 0 players 0 retained 0 seconds 0.01405840739607811
am2_window_01_frame_28019 pair 130 [8, 11] combined 720 players 122 retained 61 seconds 0.05845409305766225
am2_window_01_frame_28019 pair 132 [8, 13] combined 0 players 0 retained 0 seconds 0.010752722155302763
am2_window_01_frame_28019 pair 133 [8, 14] combined 0 players 0 retained 0 seconds 0.009780127089470625
am2_window_01_frame_28019 pair 139 [9, 4] combined 33012 players 1800 retained 256 seconds 0.26402149721980095
am2_window_01_frame_28019 pair 140 [9, 5] combined 440 players 0 retained 0 seconds 0.030758227221667767
am2_window_01_frame_28019 pair 141 [9, 6] combined 464 players 208 retained 104 seconds 0.07290206011384726
am2_window_01_frame_28019 pair 144 [9, 10] combined 4224 players 124 retained 62 seconds 0.08245796617120504
am2_window_01_frame_28019 pair 147 [9, 13] combined 0 players 0 retained 0 seconds 0.028575005941092968
am2_window_01_frame_28019 pair 151 [10, 1] combined 11088 players 2334 retained 256 seconds 0.2299265330657363
am2_window_01_frame_28019 pair 153 [10, 3] combined 448 players 64 retained 32 seconds 0.05023364583030343
am2_window_01_frame_28019 pair 159 [10, 9] combined 3944 players 534 retained 256 seconds 0.11080858903005719
am2_window_01_frame_28019 pair 160 [10, 11] combined 2296 players 434 retained 217 seconds 0.09418758284300566
am2_window_01_frame_28019 pair 161 [10, 12] combined 68 players 0 retained 0 seconds 0.015514424070715904
am2_window_01_frame_28019 pair 164 [10, 15] combined 0 players 0 retained 0 seconds 0.013059691060334444
am2_window_01_frame_28019 pair 165 [11, 0] combined 54752 players 180 retained 90 seconds 0.27708677388727665
am2_window_01_frame_28019 pair 167 [11, 2] combined 67584 players 0 retained 0 seconds 0.284449459053576
am2_window_01_frame_28019 pair 169 [11, 4] combined 15732 players 256 retained 130 seconds 0.12199450097978115
am2_window_01_frame_28019 pair 170 [11, 5] combined 264 players 0 retained 0 seconds 0.02475709281861782
am2_window_01_frame_28019 pair 171 [11, 6] combined 396 players 106 retained 53 seconds 0.05845665326341987
am2_window_01_frame_28019 pair 172 [11, 7] combined 348 players 0 retained 0 seconds 0.026777892839163542
am2_window_01_frame_28019 pair 173 [11, 8] combined 480 players 192 retained 96 seconds 0.06428688857704401
am2_window_01_frame_28019 pair 175 [11, 10] combined 1280 players 104 retained 50 seconds 0.06471744179725647
am2_window_01_frame_28019 pair 177 [11, 13] combined 0 players 0 retained 0 seconds 0.022317112889140844
am2_window_01_frame_28019 pair 184 [12, 4] combined 600 players 0 retained 0 seconds 0.018883381970226765
am2_window_01_frame_28019 pair 185 [12, 5] combined 8 players 0 retained 0 seconds 0.007449297700077295
am2_window_01_frame_28019 pair 186 [12, 6] combined 8 players 0 retained 0 seconds 0.009390223771333694
am2_window_01_frame_28019 pair 190 [12, 10] combined 48 players 0 retained 0 seconds 0.011747422628104687
am2_window_01_frame_28019 pair 196 [13, 1] combined 1956 players 694 retained 256 seconds 0.1292243031784892
am2_window_01_frame_28019 pair 198 [13, 3] combined 32 players 0 retained 0 seconds 0.010511472821235657
am2_window_01_frame_28019 pair 203 [13, 8] combined 0 players 0 retained 0 seconds 0.009139350149780512
am2_window_01_frame_28019 pair 204 [13, 9] combined 0 players 0 retained 0 seconds 0.019443006720393896
am2_window_01_frame_28019 pair 206 [13, 11] combined 320 players 16 retained 8 seconds 0.045206557027995586
am2_window_01_frame_28019 pair 209 [13, 15] combined 0 players 0 retained 0 seconds 0.00535664614289999
am2_window_01_frame_28019 pair 210 [14, 0] combined 0 players 0 retained 0 seconds 0.0462120589800179
am2_window_01_frame_28019 pair 212 [14, 2] combined 0 players 0 retained 0 seconds 0.056006957311183214
am2_window_01_frame_28019 pair 214 [14, 4] combined 0 players 0 retained 0 seconds 0.01254005590453744
am2_window_01_frame_28019 pair 218 [14, 8] combined 0 players 0 retained 0 seconds 0.007108184043318033
am2_window_01_frame_28019 pair 230 [15, 5] combined 0 players 0 retained 0 seconds 0.005461805034428835
am2_window_01_frame_28019 pair 231 [15, 6] combined 0 players 0 retained 0 seconds 0.007409079931676388
am2_window_01_frame_28019 pair 235 [15, 10] combined 0 players 0 retained 0 seconds 0.009049084037542343
am2_window_01_frame_28019 pair 238 [15, 13] combined 0 players 0 retained 0 seconds 0.004476357717067003
[am2_window_01_frame_28019] line-template: preparing rectangles
[am2_window_01_frame_28019] measuring 764 parents (G0=256, G1=256, line_template=256; conflicting geometry groups=0)
[am2_window_01_frame_28019] parents 250/764
[am2_window_01_frame_28019] parents 500/764
[am2_window_01_frame_28019] parents 750/764
[am2_window_01_frame_28019] refitting 764 parents
[am2_window_01_frame_28019] refits 250/764; valid children=163
[am2_window_01_frame_28019] refits 500/764; valid children=347
[am2_window_01_frame_28019] refits 750/764; valid children=451
{"view_id": "am2_window_01_frame_28019", "chosen_key": "G1:15:0/child", "no_court_reason": null, "all_checks_equal": null, "error": null}
{"views": ["am2_window_01_frame_28019"], "startup_seconds": 0.032833509147167206, "wall_seconds": 372.35879656113684, "peak_rss_mb": 1092.97265625, "failed": []}
