decoded <remote>/player_guided_20260908/videos/am2_h264.mp4 to frame 240 in 2s
am2_window_00_frame_150 pair 0 [0, 1] combined 210944 players 23782 retained 256 seconds 2.082642852794379
am2_window_00_frame_150 pair 1 [0, 2] combined 262144 players 6902 retained 256 seconds 1.5360704357735813
am2_window_00_frame_150 pair 4 [0, 5] combined 95232 players 508 retained 248 seconds 0.7654222575947642
am2_window_00_frame_150 pair 6 [0, 7] combined 243712 players 5772 retained 256 seconds 1.3077223170548677
am2_window_00_frame_150 pair 7 [0, 8] combined 38912 players 1578 retained 256 seconds 0.5450022961013019
am2_window_00_frame_150 pair 8 [0, 9] combined 7168 players 38 retained 19 seconds 0.3489726958796382
am2_window_00_frame_150 pair 12 [0, 13] combined 107520 players 1276 retained 256 seconds 0.7237341897562146
am2_window_00_frame_150 pair 13 [0, 14] combined 117760 players 752 retained 256 seconds 0.7374626868404448
am2_window_00_frame_150 pair 15 [1, 0] combined 262144 players 82942 retained 256 seconds 4.215711554978043
am2_window_00_frame_150 pair 16 [1, 2] combined 262144 players 70460 retained 256 seconds 3.45218662917614
am2_window_00_frame_150 pair 17 [1, 3] combined 262144 players 74148 retained 256 seconds 4.017285716254264
am2_window_00_frame_150 pair 18 [1, 4] combined 262144 players 83990 retained 256 seconds 3.8885016939602792
am2_window_00_frame_150 pair 19 [1, 5] combined 65536 players 16764 retained 256 seconds 1.050965216010809
am2_window_00_frame_150 pair 20 [1, 6] combined 83968 players 16308 retained 256 seconds 1.0290141580626369
am2_window_00_frame_150 pair 21 [1, 7] combined 211968 players 66424 retained 256 seconds 3.4241726202890277
am2_window_00_frame_150 pair 24 [1, 10] combined 60416 players 19558 retained 256 seconds 1.0605843202210963
am2_window_00_frame_150 pair 26 [1, 12] combined 262144 players 70054 retained 256 seconds 3.469755013938993
am2_window_00_frame_150 pair 27 [1, 13] combined 45056 players 2846 retained 256 seconds 0.3981292061507702
am2_window_00_frame_150 pair 28 [1, 14] combined 66560 players 8458 retained 256 seconds 0.661696083843708
am2_window_00_frame_150 pair 30 [2, 0] combined 262144 players 11464 retained 256 seconds 1.632681103888899
am2_window_00_frame_150 pair 31 [2, 1] combined 242688 players 59734 retained 256 seconds 3.1828837473876774
am2_window_00_frame_150 pair 32 [2, 3] combined 262144 players 8180 retained 256 seconds 1.523573286831379
am2_window_00_frame_150 pair 33 [2, 4] combined 262144 players 830 retained 256 seconds 1.2314030160196126
am2_window_00_frame_150 pair 35 [2, 6] combined 77824 players 10576 retained 256 seconds 0.8320535169914365
am2_window_00_frame_150 pair 37 [2, 8] combined 18432 players 5962 retained 256 seconds 0.5111152087338269
am2_window_00_frame_150 pair 38 [2, 9] combined 4096 players 602 retained 208 seconds 0.261110614053905
am2_window_00_frame_150 pair 39 [2, 10] combined 33792 players 6082 retained 256 seconds 0.5608414141461253
am2_window_00_frame_150 pair 41 [2, 12] combined 262144 players 4044 retained 256 seconds 1.2289601853117347
am2_window_00_frame_150 pair 44 [2, 15] combined 0 players 0 retained 0 seconds 0.1688525308854878
am2_window_00_frame_150 pair 46 [3, 1] combined 226304 players 16962 retained 256 seconds 1.889865002129227
am2_window_00_frame_150 pair 47 [3, 2] combined 262144 players 15442 retained 256 seconds 1.7929732240736485
am2_window_00_frame_150 pair 49 [3, 5] combined 86016 players 2344 retained 256 seconds 0.6658253031782806
am2_window_00_frame_150 pair 51 [3, 7] combined 262144 players 2974 retained 256 seconds 1.3154122303240001
am2_window_00_frame_150 pair 52 [3, 8] combined 19456 players 2038 retained 256 seconds 0.4934925800189376
am2_window_00_frame_150 pair 53 [3, 9] combined 5120 players 20 retained 10 seconds 0.3324014670215547
am2_window_00_frame_150 pair 57 [3, 13] combined 107520 players 3902 retained 256 seconds 0.80914624966681
am2_window_00_frame_150 pair 58 [3, 14] combined 21504 players 298 retained 137 seconds 0.42142338678240776
am2_window_00_frame_150 pair 61 [4, 1] combined 207872 players 12996 retained 256 seconds 1.3114962400868535
am2_window_00_frame_150 pair 62 [4, 2] combined 262144 players 3650 retained 256 seconds 1.3134503019973636
am2_window_00_frame_150 pair 64 [4, 5] combined 54272 players 1100 retained 256 seconds 0.3757422901690006
am2_window_00_frame_150 pair 66 [4, 7] combined 262144 players 10196 retained 256 seconds 1.345072165131569
am2_window_00_frame_150 pair 67 [4, 8] combined 33792 players 4208 retained 256 seconds 0.42002451373264194
am2_window_00_frame_150 pair 68 [4, 9] combined 2048 players 0 retained 0 seconds 0.11425261991098523
am2_window_00_frame_150 pair 72 [4, 13] combined 110592 players 1240 retained 256 seconds 0.540684309322387
am2_window_00_frame_150 pair 73 [4, 14] combined 117760 players 3610 retained 256 seconds 0.6545719327405095
am2_window_00_frame_150 pair 75 [5, 0] combined 74752 players 0 retained 0 seconds 0.4396930201910436
am2_window_00_frame_150 pair 76 [5, 1] combined 56896 players 15262 retained 256 seconds 0.8728346140123904
am2_window_00_frame_150 pair 78 [5, 3] combined 45056 players 648 retained 256 seconds 0.4013097691349685
am2_window_00_frame_150 pair 79 [5, 4] combined 100352 players 4136 retained 256 seconds 0.5867626592516899
am2_window_00_frame_150 pair 80 [5, 6] combined 8584 players 790 retained 256 seconds 0.13897328590974212
am2_window_00_frame_150 pair 82 [5, 8] combined 2964 players 1076 retained 256 seconds 0.2706424668431282
am2_window_00_frame_150 pair 83 [5, 9] combined 1140 players 342 retained 144 seconds 0.0824940511956811
am2_window_00_frame_150 pair 84 [5, 10] combined 10560 players 1104 retained 256 seconds 0.15373116172850132
am2_window_00_frame_150 pair 86 [5, 12] combined 121856 players 2412 retained 256 seconds 0.5769594879820943
am2_window_00_frame_150 pair 89 [5, 15] combined 0 players 0 retained 0 seconds 0.024399764835834503
am2_window_00_frame_150 pair 91 [6, 1] combined 62532 players 7114 retained 256 seconds 0.5750373024493456
am2_window_00_frame_150 pair 92 [6, 2] combined 74752 players 23298 retained 256 seconds 1.2866416270844638
am2_window_00_frame_150 pair 95 [6, 5] combined 23432 players 1310 retained 256 seconds 0.20954485796391964
am2_window_00_frame_150 pair 96 [6, 7] combined 88064 players 15266 retained 256 seconds 0.9568717330694199
am2_window_00_frame_150 pair 97 [6, 8] combined 1540 players 152 retained 76 seconds 0.07471835892647505
am2_window_00_frame_150 pair 98 [6, 9] combined 2632 players 560 retained 256 seconds 0.11321496311575174
am2_window_00_frame_150 pair 102 [6, 13] combined 14784 players 3902 retained 256 seconds 0.2761861961334944
am2_window_00_frame_150 pair 103 [6, 14] combined 40392 players 5864 retained 256 seconds 0.4217618047259748
am2_window_00_frame_150 pair 105 [7, 0] combined 262144 players 2178 retained 256 seconds 1.309489328879863
am2_window_00_frame_150 pair 106 [7, 1] combined 186208 players 34446 retained 256 seconds 1.925790905021131
am2_window_00_frame_150 pair 108 [7, 3] combined 262144 players 1942 retained 256 seconds 1.163597647100687
am2_window_00_frame_150 pair 109 [7, 4] combined 262144 players 12082 retained 256 seconds 1.4112852700054646
am2_window_00_frame_150 pair 111 [7, 6] combined 69632 players 4464 retained 256 seconds 0.4734314461238682
am2_window_00_frame_150 pair 112 [7, 8] combined 9568 players 2314 retained 256 seconds 0.22858045483008027
am2_window_00_frame_150 pair 114 [7, 10] combined 41984 players 3178 retained 256 seconds 0.34702944988384843
am2_window_00_frame_150 pair 116 [7, 12] combined 262144 players 9196 retained 256 seconds 1.2790287169627845
am2_window_00_frame_150 pair 119 [7, 15] combined 0 players 0 retained 0 seconds 0.04642462497577071
am2_window_00_frame_150 pair 120 [8, 0] combined 29696 players 4398 retained 256 seconds 0.5174024980515242
am2_window_00_frame_150 pair 122 [8, 2] combined 32768 players 10770 retained 256 seconds 0.8379272068850696
am2_window_00_frame_150 pair 123 [8, 3] combined 13312 players 2706 retained 256 seconds 0.4060431942343712
am2_window_00_frame_150 pair 124 [8, 4] combined 27648 players 5586 retained 256 seconds 0.4048981787636876
am2_window_00_frame_150 pair 125 [8, 5] combined 6944 players 1742 retained 256 seconds 0.16752747865393758
am2_window_00_frame_150 pair 126 [8, 6] combined 5092 players 1436 retained 256 seconds 0.14579709619283676
am2_window_00_frame_150 pair 127 [8, 7] combined 25916 players 8868 retained 256 seconds 0.4914204739034176
am2_window_00_frame_150 pair 129 [8, 10] combined 7440 players 998 retained 256 seconds 0.13765192218124866
am2_window_00_frame_150 pair 131 [8, 12] combined 25600 players 1562 retained 256 seconds 0.24044363293796778
am2_window_00_frame_150 pair 132 [8, 13] combined 3000 players 208 retained 100 seconds 0.07853662502020597
am2_window_00_frame_150 pair 133 [8, 14] combined 2928 players 418 retained 208 seconds 0.09383503207936883
am2_window_00_frame_150 pair 135 [9, 0] combined 14336 players 502 retained 243 seconds 0.3127776528708637
am2_window_00_frame_150 pair 137 [9, 2] combined 4096 players 1066 retained 256 seconds 0.23643116978928447
am2_window_00_frame_150 pair 138 [9, 3] combined 7168 players 430 retained 206 seconds 0.29169757617637515
am2_window_00_frame_150 pair 139 [9, 4] combined 10240 players 276 retained 138 seconds 0.15245426120236516
am2_window_00_frame_150 pair 140 [9, 5] combined 1464 players 458 retained 192 seconds 0.09115490410476923
am2_window_00_frame_150 pair 141 [9, 6] combined 3132 players 210 retained 105 seconds 0.08059039572253823
am2_window_00_frame_150 pair 144 [9, 10] combined 756 players 100 retained 50 seconds 0.059665119741111994
am2_window_00_frame_150 pair 146 [9, 12] combined 10240 players 114 retained 57 seconds 0.13160297321155667
am2_window_00_frame_150 pair 147 [9, 13] combined 2912 players 612 retained 256 seconds 0.1044579898007214
am2_window_00_frame_150 pair 151 [10, 1] combined 46360 players 4182 retained 256 seconds 0.4233415029011667
am2_window_00_frame_150 pair 152 [10, 2] combined 69632 players 15710 retained 256 seconds 0.960032450966537
am2_window_00_frame_150 pair 155 [10, 5] combined 22176 players 808 retained 256 seconds 0.18283475004136562
am2_window_00_frame_150 pair 157 [10, 7] combined 54272 players 5282 retained 256 seconds 0.6446089423261583
am2_window_00_frame_150 pair 158 [10, 8] combined 7920 players 1638 retained 256 seconds 0.16518275719136
am2_window_00_frame_150 pair 159 [10, 9] combined 2412 players 406 retained 203 seconds 0.08897236222401261
am2_window_00_frame_150 pair 162 [10, 13] combined 13144 players 1866 retained 256 seconds 0.1850111042149365
am2_window_00_frame_150 pair 163 [10, 14] combined 12240 players 974 retained 256 seconds 0.14410705072805285
am2_window_00_frame_150 pair 181 [12, 1] combined 233472 players 29364 retained 256 seconds 2.01431369734928
am2_window_00_frame_150 pair 182 [12, 2] combined 262144 players 5828 retained 256 seconds 1.2508873976767063
am2_window_00_frame_150 pair 185 [12, 5] combined 57344 players 712 retained 256 seconds 0.3265617950819433
am2_window_00_frame_150 pair 187 [12, 7] combined 262144 players 10114 retained 256 seconds 1.277848110999912
am2_window_00_frame_150 pair 188 [12, 8] combined 19456 players 498 retained 243 seconds 0.19422899885103106
am2_window_00_frame_150 pair 189 [12, 9] combined 12288 players 2 retained 1 seconds 0.14223093632608652
am2_window_00_frame_150 pair 195 [13, 0] combined 125952 players 2258 retained 256 seconds 0.7164241448044777
am2_window_00_frame_150 pair 196 [13, 1] combined 61440 players 10514 retained 256 seconds 0.6572186863049865
am2_window_00_frame_150 pair 198 [13, 3] combined 137216 players 2408 retained 256 seconds 0.7499296488240361
am2_window_00_frame_150 pair 199 [13, 4] combined 145408 players 1224 retained 256 seconds 0.6177690611220896
am2_window_00_frame_150 pair 201 [13, 6] combined 19596 players 2144 retained 256 seconds 0.21673222491517663
am2_window_00_frame_150 pair 203 [13, 8] combined 6448 players 236 retained 118 seconds 0.09042552299797535
am2_window_00_frame_150 pair 204 [13, 9] combined 1220 players 198 retained 97 seconds 0.06649364810436964
am2_window_00_frame_150 pair 205 [13, 10] combined 12596 players 1526 retained 256 seconds 0.1624543503858149
am2_window_00_frame_150 pair 209 [13, 15] combined 0 players 0 retained 0 seconds 0.0195054872892797
am2_window_00_frame_150 pair 210 [14, 0] combined 117760 players 140 retained 56 seconds 0.5925401109270751
am2_window_00_frame_150 pair 211 [14, 1] combined 65536 players 6498 retained 256 seconds 0.5440250230021775
am2_window_00_frame_150 pair 213 [14, 3] combined 19456 players 24 retained 6 seconds 0.49551212694495916
am2_window_00_frame_150 pair 214 [14, 4] combined 159744 players 3832 retained 256 seconds 0.7411290262825787
am2_window_00_frame_150 pair 216 [14, 6] combined 53136 players 4194 retained 256 seconds 0.38443344086408615
am2_window_00_frame_150 pair 218 [14, 8] combined 5376 players 174 retained 87 seconds 0.08098790794610977
am2_window_00_frame_150 pair 220 [14, 10] combined 12936 players 228 retained 106 seconds 0.10693248733878136
am2_window_00_frame_150 pair 224 [14, 15] combined 0 players 0 retained 0 seconds 0.017122965306043625
am2_window_00_frame_150 pair 227 [15, 2] combined 0 players 0 retained 0 seconds 0.11671303398907185
am2_window_00_frame_150 pair 230 [15, 5] combined 0 players 0 retained 0 seconds 0.016462264582514763
am2_window_00_frame_150 pair 232 [15, 7] combined 0 players 0 retained 0 seconds 0.03104341309517622
am2_window_00_frame_150 pair 238 [15, 13] combined 0 players 0 retained 0 seconds 0.013800238259136677
am2_window_00_frame_150 pair 239 [15, 14] combined 0 players 0 retained 0 seconds 0.013467638287693262
am2_window_00_frame_150 pair 0 [0, 1] combined 2048 players 0 retained 0 seconds 0.1007416327483952
am2_window_00_frame_150 pair 1 [0, 2] combined 262144 players 9792 retained 256 seconds 1.3256304557435215
am2_window_00_frame_150 pair 4 [0, 5] combined 0 players 0 retained 0 seconds 0.09468453703448176
am2_window_00_frame_150 pair 6 [0, 7] combined 50176 players 634 retained 256 seconds 0.3279558811336756
am2_window_00_frame_150 pair 7 [0, 8] combined 0 players 0 retained 0 seconds 0.08282022411003709
am2_window_00_frame_150 pair 8 [0, 9] combined 0 players 0 retained 0 seconds 0.08772855903953314
am2_window_00_frame_150 pair 12 [0, 13] combined 14336 players 212 retained 106 seconds 0.1709218891337514
am2_window_00_frame_150 pair 13 [0, 14] combined 64512 players 400 retained 200 seconds 0.33061408624053
am2_window_00_frame_150 pair 15 [1, 0] combined 10240 players 616 retained 256 seconds 0.16551573993638158
am2_window_00_frame_150 pair 16 [1, 2] combined 4096 players 1330 retained 256 seconds 0.16951221134513617
am2_window_00_frame_150 pair 17 [1, 3] combined 3072 players 518 retained 256 seconds 0.13219543499872088
am2_window_00_frame_150 pair 18 [1, 4] combined 5696 players 1598 retained 256 seconds 0.15546775422990322
am2_window_00_frame_150 pair 19 [1, 5] combined 0 players 0 retained 0 seconds 0.012067938223481178
am2_window_00_frame_150 pair 20 [1, 6] combined 160 players 16 retained 8 seconds 0.03906712308526039
am2_window_00_frame_150 pair 21 [1, 7] combined 304 players 144 retained 72 seconds 0.05397369200363755
am2_window_00_frame_150 pair 24 [1, 10] combined 72 players 26 retained 13 seconds 0.03916123416274786
am2_window_00_frame_150 pair 26 [1, 12] combined 3672 players 140 retained 57 seconds 0.06694747786968946
am2_window_00_frame_150 pair 27 [1, 13] combined 880 players 22 retained 11 seconds 0.043161564972251654
am2_window_00_frame_150 pair 28 [1, 14] combined 3276 players 178 retained 89 seconds 0.06461564777418971
am2_window_00_frame_150 pair 30 [2, 0] combined 262144 players 15100 retained 256 seconds 1.5201373100280762
am2_window_00_frame_150 pair 31 [2, 1] combined 4096 players 998 retained 256 seconds 0.17734928615391254
am2_window_00_frame_150 pair 32 [2, 3] combined 262144 players 4604 retained 256 seconds 1.1209693821147084
am2_window_00_frame_150 pair 33 [2, 4] combined 262144 players 2748 retained 256 seconds 1.0413786647841334
am2_window_00_frame_150 pair 35 [2, 6] combined 0 players 0 retained 0 seconds 0.07596626877784729
am2_window_00_frame_150 pair 37 [2, 8] combined 0 players 0 retained 0 seconds 0.074762596283108
am2_window_00_frame_150 pair 38 [2, 9] combined 0 players 0 retained 0 seconds 0.07446845900267363
am2_window_00_frame_150 pair 39 [2, 10] combined 2048 players 244 retained 120 seconds 0.1248354921117425
am2_window_00_frame_150 pair 41 [2, 12] combined 203776 players 1316 retained 256 seconds 0.8055973136797547
am2_window_00_frame_150 pair 44 [2, 15] combined 0 players 0 retained 0 seconds 0.07077492913231254
am2_window_00_frame_150 pair 46 [3, 1] combined 1024 players 124 retained 62 seconds 0.11221140809357166
am2_window_00_frame_150 pair 47 [3, 2] combined 262144 players 17032 retained 256 seconds 1.8648781711235642
am2_window_00_frame_150 pair 49 [3, 5] combined 0 players 0 retained 0 seconds 0.06424512388184667
am2_window_00_frame_150 pair 51 [3, 7] combined 57344 players 444 retained 222 seconds 0.3151634098030627
am2_window_00_frame_150 pair 52 [3, 8] combined 0 players 0 retained 0 seconds 0.07057088287547231
am2_window_00_frame_150 pair 53 [3, 9] combined 0 players 0 retained 0 seconds 0.07171027595177293
am2_window_00_frame_150 pair 57 [3, 13] combined 17408 players 240 retained 120 seconds 0.1649925340898335
am2_window_00_frame_150 pair 58 [3, 14] combined 10240 players 108 retained 58 seconds 0.14026256604120135
am2_window_00_frame_150 pair 61 [4, 1] combined 864 players 34 retained 17 seconds 0.06907940190285444
am2_window_00_frame_150 pair 62 [4, 2] combined 262144 players 3888 retained 256 seconds 1.057709022425115
am2_window_00_frame_150 pair 64 [4, 5] combined 0 players 0 retained 0 seconds 0.04030025703832507
am2_window_00_frame_150 pair 66 [4, 7] combined 48128 players 3346 retained 256 seconds 0.35689109610393643
am2_window_00_frame_150 pair 67 [4, 8] combined 0 players 0 retained 0 seconds 0.03789834911003709
am2_window_00_frame_150 pair 68 [4, 9] combined 0 players 0 retained 0 seconds 0.03726300876587629
am2_window_00_frame_150 pair 72 [4, 13] combined 4888 players 396 retained 147 seconds 0.1002113102003932
am2_window_00_frame_150 pair 73 [4, 14] combined 69632 players 516 retained 256 seconds 0.316803861875087
am2_window_00_frame_150 pair 75 [5, 0] combined 0 players 0 retained 0 seconds 0.06282821204513311
am2_window_00_frame_150 pair 76 [5, 1] combined 40 players 12 retained 6 seconds 0.036517861764878035
am2_window_00_frame_150 pair 78 [5, 3] combined 0 players 0 retained 0 seconds 0.0443107970058918
am2_window_00_frame_150 pair 79 [5, 4] combined 0 players 0 retained 0 seconds 0.03149636695161462
am2_window_00_frame_150 pair 80 [5, 6] combined 0 players 0 retained 0 seconds 0.008217363152652979
am2_window_00_frame_150 pair 82 [5, 8] combined 0 players 0 retained 0 seconds 0.0051206303760409355
am2_window_00_frame_150 pair 83 [5, 9] combined 0 players 0 retained 0 seconds 0.005310866981744766
am2_window_00_frame_150 pair 84 [5, 10] combined 0 players 0 retained 0 seconds 0.0070309326983988285
am2_window_00_frame_150 pair 86 [5, 12] combined 0 players 0 retained 0 seconds 0.02062690770253539
am2_window_00_frame_150 pair 89 [5, 15] combined 0 players 0 retained 0 seconds 0.005700221750885248
am2_window_00_frame_150 pair 91 [6, 1] combined 48 players 24 retained 12 seconds 0.03635229589417577
am2_window_00_frame_150 pair 92 [6, 2] combined 0 players 0 retained 0 seconds 0.05720310099422932
am2_window_00_frame_150 pair 95 [6, 5] combined 0 players 0 retained 0 seconds 0.008147604763507843
am2_window_00_frame_150 pair 96 [6, 7] combined 352 players 0 retained 0 seconds 0.013510874938219786
am2_window_00_frame_150 pair 97 [6, 8] combined 0 players 0 retained 0 seconds 0.006205180659890175
am2_window_00_frame_150 pair 98 [6, 9] combined 0 players 0 retained 0 seconds 0.005367590114474297
am2_window_00_frame_150 pair 102 [6, 13] combined 0 players 0 retained 0 seconds 0.007043863646686077
am2_window_00_frame_150 pair 103 [6, 14] combined 928 players 96 retained 48 seconds 0.04614245891571045
am2_window_00_frame_150 pair 105 [7, 0] combined 34816 players 78 retained 37 seconds 0.2083568829111755
am2_window_00_frame_150 pair 106 [7, 1] combined 280 players 56 retained 28 seconds 0.04787059174850583
am2_window_00_frame_150 pair 108 [7, 3] combined 90112 players 120 retained 60 seconds 0.36720224376767874
am2_window_00_frame_150 pair 109 [7, 4] combined 64584 players 5182 retained 256 seconds 0.46179735008627176
am2_window_00_frame_150 pair 111 [7, 6] combined 0 players 0 retained 0 seconds 0.01883595110848546
am2_window_00_frame_150 pair 112 [7, 8] combined 0 players 0 retained 0 seconds 0.014133772812783718
am2_window_00_frame_150 pair 114 [7, 10] combined 960 players 0 retained 0 seconds 0.02117229299619794
am2_window_00_frame_150 pair 116 [7, 12] combined 55200 players 4076 retained 256 seconds 0.385081741027534
am2_window_00_frame_150 pair 119 [7, 15] combined 0 players 0 retained 0 seconds 0.014746334869414568
am2_window_00_frame_150 pair 120 [8, 0] combined 0 players 0 retained 0 seconds 0.05721129197627306
am2_window_00_frame_150 pair 122 [8, 2] combined 0 players 0 retained 0 seconds 0.0522197880782187
am2_window_00_frame_150 pair 123 [8, 3] combined 0 players 0 retained 0 seconds 0.04827257478609681
am2_window_00_frame_150 pair 124 [8, 4] combined 0 players 0 retained 0 seconds 0.0248783971183002
am2_window_00_frame_150 pair 125 [8, 5] combined 0 players 0 retained 0 seconds 0.005220368038862944
am2_window_00_frame_150 pair 126 [8, 6] combined 0 players 0 retained 0 seconds 0.0049031758680939674
am2_window_00_frame_150 pair 127 [8, 7] combined 0 players 0 retained 0 seconds 0.01100417086854577
am2_window_00_frame_150 pair 129 [8, 10] combined 0 players 0 retained 0 seconds 0.004980513826012611
am2_window_00_frame_150 pair 131 [8, 12] combined 0 players 0 retained 0 seconds 0.015200417023152113
am2_window_00_frame_150 pair 132 [8, 13] combined 0 players 0 retained 0 seconds 0.006121416110545397
am2_window_00_frame_150 pair 133 [8, 14] combined 0 players 0 retained 0 seconds 0.008289051707834005
am2_window_00_frame_150 pair 135 [9, 0] combined 0 players 0 retained 0 seconds 0.05710359802469611
am2_window_00_frame_150 pair 137 [9, 2] combined 0 players 0 retained 0 seconds 0.05223823618143797
am2_window_00_frame_150 pair 138 [9, 3] combined 0 players 0 retained 0 seconds 0.04820961086079478
am2_window_00_frame_150 pair 139 [9, 4] combined 0 players 0 retained 0 seconds 0.025876622181385756
am2_window_00_frame_150 pair 140 [9, 5] combined 0 players 0 retained 0 seconds 0.005050425883382559
am2_window_00_frame_150 pair 141 [9, 6] combined 0 players 0 retained 0 seconds 0.004981615114957094
am2_window_00_frame_150 pair 144 [9, 10] combined 0 players 0 retained 0 seconds 0.004711891990154982
am2_window_00_frame_150 pair 146 [9, 12] combined 0 players 0 retained 0 seconds 0.01601952500641346
am2_window_00_frame_150 pair 147 [9, 13] combined 0 players 0 retained 0 seconds 0.005864937789738178
am2_window_00_frame_150 pair 151 [10, 1] combined 20 players 0 retained 0 seconds 0.00895789684727788
am2_window_00_frame_150 pair 152 [10, 2] combined 5120 players 728 retained 256 seconds 0.14664323115721345
am2_window_00_frame_150 pair 155 [10, 5] combined 0 players 0 retained 0 seconds 0.008238881826400757
am2_window_00_frame_150 pair 157 [10, 7] combined 592 players 0 retained 0 seconds 0.01565382070839405
am2_window_00_frame_150 pair 158 [10, 8] combined 0 players 0 retained 0 seconds 0.005679064895957708
am2_window_00_frame_150 pair 159 [10, 9] combined 0 players 0 retained 0 seconds 0.005842990707606077
am2_window_00_frame_150 pair 162 [10, 13] combined 0 players 0 retained 0 seconds 0.006944687105715275
am2_window_00_frame_150 pair 163 [10, 14] combined 0 players 0 retained 0 seconds 0.010158971417695284
am2_window_00_frame_150 pair 181 [12, 1] combined 1164 players 74 retained 32 seconds 0.05761707993224263
am2_window_00_frame_150 pair 182 [12, 2] combined 121856 players 1622 retained 256 seconds 0.5445036459714174
am2_window_00_frame_150 pair 185 [12, 5] combined 0 players 0 retained 0 seconds 0.02881553629413247
am2_window_00_frame_150 pair 187 [12, 7] combined 47104 players 4190 retained 256 seconds 0.3576360777951777
am2_window_00_frame_150 pair 188 [12, 8] combined 0 players 0 retained 0 seconds 0.021671796683222055
am2_window_00_frame_150 pair 189 [12, 9] combined 0 players 0 retained 0 seconds 0.021090210881084204
am2_window_00_frame_150 pair 195 [13, 0] combined 18432 players 16 retained 8 seconds 0.14581895573064685
am2_window_00_frame_150 pair 196 [13, 1] combined 360 players 120 retained 60 seconds 0.047210998833179474
am2_window_00_frame_150 pair 198 [13, 3] combined 22528 players 0 retained 0 seconds 0.12196735106408596
am2_window_00_frame_150 pair 199 [13, 4] combined 2660 players 70 retained 35 seconds 0.06398881413042545
am2_window_00_frame_150 pair 201 [13, 6] combined 0 players 0 retained 0 seconds 0.009610327892005444
am2_window_00_frame_150 pair 203 [13, 8] combined 0 players 0 retained 0 seconds 0.00828127097338438
am2_window_00_frame_150 pair 204 [13, 9] combined 0 players 0 retained 0 seconds 0.007551845163106918
am2_window_00_frame_150 pair 205 [13, 10] combined 0 players 0 retained 0 seconds 0.007666126359254122
am2_window_00_frame_150 pair 209 [13, 15] combined 0 players 0 retained 0 seconds 0.005016406066715717
am2_window_00_frame_150 pair 210 [14, 0] combined 64512 players 204 retained 97 seconds 0.29770747385919094
am2_window_00_frame_150 pair 211 [14, 1] combined 620 players 196 retained 98 seconds 0.0538629456423223
am2_window_00_frame_150 pair 213 [14, 3] combined 4096 players 0 retained 0 seconds 0.06711155595257878
am2_window_00_frame_150 pair 214 [14, 4] combined 78120 players 678 retained 256 seconds 0.33738621696829796
am2_window_00_frame_150 pair 216 [14, 6] combined 0 players 0 retained 0 seconds 0.015149063896387815
am2_window_00_frame_150 pair 218 [14, 8] combined 0 players 0 retained 0 seconds 0.010167140047997236
am2_window_00_frame_150 pair 220 [14, 10] combined 0 players 0 retained 0 seconds 0.012220009695738554
am2_window_00_frame_150 pair 224 [14, 15] combined 0 players 0 retained 0 seconds 0.008945448324084282
am2_window_00_frame_150 pair 227 [15, 2] combined 0 players 0 retained 0 seconds 0.05057517299428582
am2_window_00_frame_150 pair 230 [15, 5] combined 0 players 0 retained 0 seconds 0.004594577010720968
am2_window_00_frame_150 pair 232 [15, 7] combined 0 players 0 retained 0 seconds 0.010959252249449492
am2_window_00_frame_150 pair 238 [15, 13] combined 0 players 0 retained 0 seconds 0.004671309143304825
am2_window_00_frame_150 pair 239 [15, 14] combined 0 players 0 retained 0 seconds 0.007243985775858164
[am2_window_00_frame_150] line-template: preparing rectangles
[am2_window_00_frame_150] measuring 767 parents (G0=256, G1=256, line_template=256; conflicting geometry groups=0)
[am2_window_00_frame_150] parents 250/767
[am2_window_00_frame_150] parents 500/767
[am2_window_00_frame_150] parents 750/767
[am2_window_00_frame_150] refitting 767 parents
[am2_window_00_frame_150] refits 250/767; valid children=151
[am2_window_00_frame_150] refits 500/767; valid children=242
[am2_window_00_frame_150] refits 750/767; valid children=321
{"view_id": "am2_window_00_frame_150", "chosen_key": "G1:30:137/child", "no_court_reason": null, "all_checks_equal": null, "error": null}
{"views": ["am2_window_00_frame_150"], "startup_seconds": 0.04025630699470639, "wall_seconds": 219.13957571517676, "peak_rss_mb": 1188.90234375, "failed": []}
