decoded <remote>/player_guided_20260908/videos/am3_h264.mp4 to frame 17219 in 105s
am3_window_02_frame_17174 pair 0 [0, 1] combined 262144 players 98634 retained 256 seconds 6.274231547024101
am3_window_02_frame_17174 pair 1 [0, 2] combined 262144 players 34724 retained 256 seconds 3.697855168953538
am3_window_02_frame_17174 pair 8 [0, 9] combined 262144 players 93694 retained 256 seconds 5.706580745987594
am3_window_02_frame_17174 pair 10 [0, 11] combined 81920 players 9254 retained 256 seconds 1.9958335109986365
am3_window_02_frame_17174 pair 11 [0, 12] combined 86016 players 4166 retained 256 seconds 1.5400754259899259
am3_window_02_frame_17174 pair 15 [1, 0] combined 262144 players 67904 retained 256 seconds 5.055858647916466
am3_window_02_frame_17174 pair 16 [1, 2] combined 262144 players 89096 retained 256 seconds 4.985929634887725
am3_window_02_frame_17174 pair 17 [1, 3] combined 262144 players 70992 retained 256 seconds 4.664130016230047
am3_window_02_frame_17174 pair 18 [1, 4] combined 262144 players 86208 retained 256 seconds 5.1582170920446515
am3_window_02_frame_17174 pair 19 [1, 5] combined 194560 players 76492 retained 256 seconds 4.284706421196461
am3_window_02_frame_17174 pair 21 [1, 7] combined 13312 players 328 retained 158 seconds 0.50787313003093
am3_window_02_frame_17174 pair 22 [1, 8] combined 5120 players 366 retained 192 seconds 0.45106868306174874
am3_window_02_frame_17174 pair 25 [1, 11] combined 48128 players 7856 retained 256 seconds 0.9036762751638889
am3_window_02_frame_17174 pair 26 [1, 12] combined 46080 players 2448 retained 256 seconds 0.692806966137141
am3_window_02_frame_17174 pair 27 [1, 13] combined 0 players 0 retained 0 seconds 0.36984091019257903
am3_window_02_frame_17174 pair 28 [1, 14] combined 262144 players 64894 retained 256 seconds 5.00635907612741
am3_window_02_frame_17174 pair 29 [1, 15] combined 262144 players 63950 retained 256 seconds 4.781539591960609
am3_window_02_frame_17174 pair 30 [2, 0] combined 262144 players 8704 retained 256 seconds 2.3222138551063836
am3_window_02_frame_17174 pair 31 [2, 1] combined 262144 players 76384 retained 256 seconds 4.811398873105645
am3_window_02_frame_17174 pair 32 [2, 3] combined 262144 players 54820 retained 256 seconds 3.517841241788119
am3_window_02_frame_17174 pair 33 [2, 4] combined 262144 players 980 retained 256 seconds 1.0766779808327556
am3_window_02_frame_17174 pair 34 [2, 5] combined 133120 players 524 retained 249 seconds 0.5868439981713891
am3_window_02_frame_17174 pair 36 [2, 7] combined 26624 players 802 retained 256 seconds 0.2798697450198233
am3_window_02_frame_17174 pair 38 [2, 9] combined 262144 players 35154 retained 256 seconds 2.6632375181652606
am3_window_02_frame_17174 pair 39 [2, 10] combined 5120 players 80 retained 39 seconds 0.17165287304669619
am3_window_02_frame_17174 pair 43 [2, 14] combined 262144 players 20636 retained 256 seconds 2.833188146352768
am3_window_02_frame_17174 pair 44 [2, 15] combined 262144 players 26416 retained 256 seconds 2.7584748212248087
am3_window_02_frame_17174 pair 46 [3, 1] combined 262144 players 77276 retained 256 seconds 4.45853083441034
am3_window_02_frame_17174 pair 47 [3, 2] combined 262144 players 57092 retained 256 seconds 3.3711316562257707
am3_window_02_frame_17174 pair 50 [3, 6] combined 24576 players 2710 retained 256 seconds 0.3800255423411727
am3_window_02_frame_17174 pair 53 [3, 9] combined 262144 players 67082 retained 256 seconds 3.969737268984318
am3_window_02_frame_17174 pair 55 [3, 11] combined 52224 players 6044 retained 256 seconds 0.5951337940059602
am3_window_02_frame_17174 pair 56 [3, 12] combined 103424 players 6018 retained 256 seconds 0.8469734010286629
am3_window_02_frame_17174 pair 61 [4, 1] combined 262144 players 40708 retained 256 seconds 2.9715588106773794
am3_window_02_frame_17174 pair 62 [4, 2] combined 262144 players 1836 retained 256 seconds 1.1063839360140264
am3_window_02_frame_17174 pair 68 [4, 9] combined 262144 players 24214 retained 256 seconds 2.1458660811185837
am3_window_02_frame_17174 pair 70 [4, 11] combined 39936 players 148 retained 75 seconds 0.24884150410071015
am3_window_02_frame_17174 pair 71 [4, 12] combined 62464 players 1706 retained 256 seconds 0.40319075202569366
am3_window_02_frame_17174 pair 76 [5, 1] combined 150528 players 22484 retained 256 seconds 1.7509898296557367
am3_window_02_frame_17174 pair 77 [5, 2] combined 105472 players 258 retained 129 seconds 0.4533993052318692
am3_window_02_frame_17174 pair 83 [5, 9] combined 149504 players 14518 retained 256 seconds 1.2575684948824346
am3_window_02_frame_17174 pair 85 [5, 11] combined 71604 players 668 retained 256 seconds 0.3158042849972844
am3_window_02_frame_17174 pair 86 [5, 12] combined 43428 players 1246 retained 256 seconds 0.27190130576491356
am3_window_02_frame_17174 pair 93 [6, 3] combined 18432 players 38 retained 19 seconds 0.1755577279254794
am3_window_02_frame_17174 pair 98 [6, 9] combined 7168 players 84 retained 34 seconds 0.1132183731533587
am3_window_02_frame_17174 pair 106 [7, 1] combined 31744 players 2748 retained 256 seconds 0.5522708767093718
am3_window_02_frame_17174 pair 107 [7, 2] combined 34816 players 818 retained 256 seconds 0.41525298403576016
am3_window_02_frame_17174 pair 113 [7, 9] combined 31744 players 1762 retained 256 seconds 0.28967268485575914
am3_window_02_frame_17174 pair 121 [8, 1] combined 5120 players 98 retained 49 seconds 0.32913478603586555
am3_window_02_frame_17174 pair 128 [8, 9] combined 12288 players 248 retained 123 seconds 0.13933245604857802
am3_window_02_frame_17174 pair 135 [9, 0] combined 262144 players 72848 retained 256 seconds 5.077084073796868
am3_window_02_frame_17174 pair 137 [9, 2] combined 262144 players 94138 retained 256 seconds 4.908577145077288
am3_window_02_frame_17174 pair 138 [9, 3] combined 262144 players 80076 retained 256 seconds 4.69266959792003
am3_window_02_frame_17174 pair 139 [9, 4] combined 200704 players 50418 retained 256 seconds 2.861661669332534
am3_window_02_frame_17174 pair 140 [9, 5] combined 152880 players 45502 retained 256 seconds 2.4772730912081897
am3_window_02_frame_17174 pair 141 [9, 6] combined 14336 players 4166 retained 256 seconds 0.5292555298656225
am3_window_02_frame_17174 pair 142 [9, 7] combined 13312 players 0 retained 0 seconds 0.1184759452007711
am3_window_02_frame_17174 pair 143 [9, 8] combined 6144 players 2472 retained 256 seconds 0.2538459273055196
am3_window_02_frame_17174 pair 144 [9, 10] combined 3072 players 0 retained 0 seconds 0.08492430904880166
am3_window_02_frame_17174 pair 145 [9, 11] combined 49152 players 13718 retained 256 seconds 0.8484295480884612
am3_window_02_frame_17174 pair 146 [9, 12] combined 50176 players 11552 retained 256 seconds 0.7902114689350128
am3_window_02_frame_17174 pair 147 [9, 13] combined 4096 players 1368 retained 256 seconds 0.20323668513447046
am3_window_02_frame_17174 pair 148 [9, 14] combined 262144 players 73048 retained 256 seconds 5.182697434909642
am3_window_02_frame_17174 pair 149 [9, 15] combined 253952 players 78738 retained 256 seconds 4.558268372900784
am3_window_02_frame_17174 pair 152 [10, 2] combined 10240 players 232 retained 107 seconds 0.1756012993864715
am3_window_02_frame_17174 pair 159 [10, 9] combined 2048 players 104 retained 52 seconds 0.10202464181929827
am3_window_02_frame_17174 pair 165 [11, 0] combined 79872 players 9846 retained 256 seconds 1.6302554528228939
am3_window_02_frame_17174 pair 166 [11, 1] combined 43008 players 12904 retained 256 seconds 1.0210274318233132
am3_window_02_frame_17174 pair 168 [11, 3] combined 50176 players 8988 retained 256 seconds 0.6904533081687987
am3_window_02_frame_17174 pair 169 [11, 4] combined 50176 players 48 retained 24 seconds 0.4170459727756679
am3_window_02_frame_17174 pair 170 [11, 5] combined 55648 players 816 retained 256 seconds 0.27646367298439145
am3_window_02_frame_17174 pair 174 [11, 9] combined 44032 players 6262 retained 256 seconds 0.5306346351280808
am3_window_02_frame_17174 pair 178 [11, 14] combined 64512 players 8488 retained 256 seconds 1.4658805239014328
am3_window_02_frame_17174 pair 179 [11, 15] combined 63488 players 8388 retained 256 seconds 1.26074910024181
am3_window_02_frame_17174 pair 180 [12, 0] combined 29696 players 712 retained 256 seconds 1.1601026081480086
am3_window_02_frame_17174 pair 181 [12, 1] combined 20480 players 2788 retained 256 seconds 0.5119296251796186
am3_window_02_frame_17174 pair 183 [12, 3] combined 11264 players 1076 retained 256 seconds 0.22989390697330236
am3_window_02_frame_17174 pair 184 [12, 4] combined 55296 players 1134 retained 256 seconds 0.3408770519308746
am3_window_02_frame_17174 pair 185 [12, 5] combined 35000 players 678 retained 256 seconds 0.21530073788017035
am3_window_02_frame_17174 pair 189 [12, 9] combined 17408 players 2864 retained 256 seconds 0.3052486628293991
am3_window_02_frame_17174 pair 193 [12, 14] combined 29696 players 774 retained 256 seconds 1.0135925579816103
am3_window_02_frame_17174 pair 194 [12, 15] combined 29696 players 726 retained 256 seconds 0.8391458261758089
am3_window_02_frame_17174 pair 196 [13, 1] combined 0 players 0 retained 0 seconds 0.2673722906038165
am3_window_02_frame_17174 pair 204 [13, 9] combined 0 players 0 retained 0 seconds 0.059600913897156715
am3_window_02_frame_17174 pair 211 [14, 1] combined 262144 players 103650 retained 256 seconds 6.4369918941520154
am3_window_02_frame_17174 pair 212 [14, 2] combined 262144 players 25420 retained 256 seconds 3.1050361641682684
am3_window_02_frame_17174 pair 219 [14, 9] combined 262144 players 95556 retained 256 seconds 5.606770302169025
am3_window_02_frame_17174 pair 221 [14, 11] combined 72704 players 7400 retained 256 seconds 1.6866876129060984
am3_window_02_frame_17174 pair 222 [14, 12] combined 78848 players 3806 retained 256 seconds 1.4623103099875152
am3_window_02_frame_17174 pair 226 [15, 1] combined 262144 players 98816 retained 256 seconds 5.990035078022629
am3_window_02_frame_17174 pair 227 [15, 2] combined 262144 players 21850 retained 256 seconds 2.8487849589437246
am3_window_02_frame_17174 pair 234 [15, 9] combined 262144 players 89530 retained 256 seconds 5.320585995912552
am3_window_02_frame_17174 pair 236 [15, 11] combined 73728 players 9602 retained 256 seconds 1.4983336520381272
am3_window_02_frame_17174 pair 237 [15, 12] combined 89088 players 3672 retained 256 seconds 1.2188441730104387
am3_window_02_frame_17174 pair 0 [0, 1] combined 19856 players 5268 retained 256 seconds 0.3758794949389994
am3_window_02_frame_17174 pair 1 [0, 2] combined 124928 players 9706 retained 256 seconds 0.8583751432597637
am3_window_02_frame_17174 pair 8 [0, 9] combined 0 players 0 retained 0 seconds 0.025589225813746452
am3_window_02_frame_17174 pair 10 [0, 11] combined 7392 players 126 retained 63 seconds 0.08864050591364503
am3_window_02_frame_17174 pair 11 [0, 12] combined 400 players 0 retained 0 seconds 0.02515072701498866
am3_window_02_frame_17174 pair 15 [1, 0] combined 39140 players 11714 retained 256 seconds 0.6612632349133492
am3_window_02_frame_17174 pair 16 [1, 2] combined 57960 players 14492 retained 256 seconds 1.0765749253332615
am3_window_02_frame_17174 pair 17 [1, 3] combined 0 players 0 retained 0 seconds 0.02278096368536353
am3_window_02_frame_17174 pair 18 [1, 4] combined 9504 players 516 retained 254 seconds 0.12299316562712193
am3_window_02_frame_17174 pair 19 [1, 5] combined 2968 players 1128 retained 256 seconds 0.12435255525633693
am3_window_02_frame_17174 pair 21 [1, 7] combined 0 players 0 retained 0 seconds 0.017782323993742466
am3_window_02_frame_17174 pair 22 [1, 8] combined 0 players 0 retained 0 seconds 0.017852247692644596
am3_window_02_frame_17174 pair 25 [1, 11] combined 3744 players 186 retained 93 seconds 0.0698273261077702
am3_window_02_frame_17174 pair 26 [1, 12] combined 1888 players 0 retained 0 seconds 0.026046440936625004
am3_window_02_frame_17174 pair 27 [1, 13] combined 0 players 0 retained 0 seconds 0.018783153034746647
am3_window_02_frame_17174 pair 28 [1, 14] combined 68432 players 20662 retained 256 seconds 1.0630497969686985
am3_window_02_frame_17174 pair 29 [1, 15] combined 55328 players 16672 retained 256 seconds 0.9078952898271382
am3_window_02_frame_17174 pair 30 [2, 0] combined 179452 players 21218 retained 256 seconds 1.4832375552505255
am3_window_02_frame_17174 pair 31 [2, 1] combined 36288 players 7426 retained 256 seconds 0.516713083256036
am3_window_02_frame_17174 pair 32 [2, 3] combined 0 players 0 retained 0 seconds 0.03589169401675463
am3_window_02_frame_17174 pair 33 [2, 4] combined 76800 players 454 retained 217 seconds 0.3315750900655985
am3_window_02_frame_17174 pair 34 [2, 5] combined 3040 players 6 retained 3 seconds 0.07081237388774753
am3_window_02_frame_17174 pair 36 [2, 7] combined 0 players 0 retained 0 seconds 0.03401025617495179
am3_window_02_frame_17174 pair 38 [2, 9] combined 0 players 0 retained 0 seconds 0.03451940789818764
am3_window_02_frame_17174 pair 39 [2, 10] combined 0 players 0 retained 0 seconds 0.031184266787022352
am3_window_02_frame_17174 pair 43 [2, 14] combined 205824 players 25274 retained 256 seconds 1.6715415162034333
am3_window_02_frame_17174 pair 44 [2, 15] combined 146248 players 16588 retained 256 seconds 1.4517319463193417
am3_window_02_frame_17174 pair 46 [3, 1] combined 0 players 0 retained 0 seconds 0.01683842809870839
am3_window_02_frame_17174 pair 47 [3, 2] combined 0 players 0 retained 0 seconds 0.026652691885828972
am3_window_02_frame_17174 pair 50 [3, 6] combined 0 players 0 retained 0 seconds 0.004265069030225277
am3_window_02_frame_17174 pair 53 [3, 9] combined 0 players 0 retained 0 seconds 0.0046664937399327755
am3_window_02_frame_17174 pair 55 [3, 11] combined 0 players 0 retained 0 seconds 0.003952794708311558
am3_window_02_frame_17174 pair 56 [3, 12] combined 0 players 0 retained 0 seconds 0.004786199890077114
am3_window_02_frame_17174 pair 61 [4, 1] combined 3536 players 208 retained 104 seconds 0.06947779189795256
am3_window_02_frame_17174 pair 62 [4, 2] combined 43008 players 234 retained 118 seconds 0.20086308289319277
am3_window_02_frame_17174 pair 68 [4, 9] combined 0 players 0 retained 0 seconds 0.008292718790471554
am3_window_02_frame_17174 pair 70 [4, 11] combined 696 players 0 retained 0 seconds 0.011890698224306107
am3_window_02_frame_17174 pair 71 [4, 12] combined 1656 players 52 retained 26 seconds 0.046087963972240686
am3_window_02_frame_17174 pair 76 [5, 1] combined 2640 players 500 retained 250 seconds 0.09246032265946269
am3_window_02_frame_17174 pair 77 [5, 2] combined 4096 players 20 retained 10 seconds 0.06979511398822069
am3_window_02_frame_17174 pair 83 [5, 9] combined 0 players 0 retained 0 seconds 0.005995490122586489
am3_window_02_frame_17174 pair 85 [5, 11] combined 460 players 0 retained 0 seconds 0.007118432782590389
am3_window_02_frame_17174 pair 86 [5, 12] combined 0 players 0 retained 0 seconds 0.005765337031334639
am3_window_02_frame_17174 pair 93 [6, 3] combined 0 players 0 retained 0 seconds 0.0033222222700715065
am3_window_02_frame_17174 pair 98 [6, 9] combined 0 players 0 retained 0 seconds 0.0037423227913677692
am3_window_02_frame_17174 pair 106 [7, 1] combined 0 players 0 retained 0 seconds 0.012259650975465775
am3_window_02_frame_17174 pair 107 [7, 2] combined 0 players 0 retained 0 seconds 0.025621437933295965
am3_window_02_frame_17174 pair 113 [7, 9] combined 0 players 0 retained 0 seconds 0.003730558790266514
am3_window_02_frame_17174 pair 121 [8, 1] combined 0 players 0 retained 0 seconds 0.01231476105749607
am3_window_02_frame_17174 pair 128 [8, 9] combined 0 players 0 retained 0 seconds 0.0035134158097207546
am3_window_02_frame_17174 pair 135 [9, 0] combined 1176 players 438 retained 219 seconds 0.08584071788936853
am3_window_02_frame_17174 pair 137 [9, 2] combined 1992 players 770 retained 256 seconds 0.11547828000038862
am3_window_02_frame_17174 pair 138 [9, 3] combined 0 players 0 retained 0 seconds 0.005744478665292263
am3_window_02_frame_17174 pair 139 [9, 4] combined 176 players 0 retained 0 seconds 0.007875112816691399
am3_window_02_frame_17174 pair 140 [9, 5] combined 84 players 42 retained 21 seconds 0.03550112713128328
am3_window_02_frame_17174 pair 141 [9, 6] combined 0 players 0 retained 0 seconds 0.005284799262881279
am3_window_02_frame_17174 pair 142 [9, 7] combined 0 players 0 retained 0 seconds 0.004131007008254528
am3_window_02_frame_17174 pair 143 [9, 8] combined 0 players 0 retained 0 seconds 0.003909198101609945
am3_window_02_frame_17174 pair 144 [9, 10] combined 0 players 0 retained 0 seconds 0.0035037677735090256
am3_window_02_frame_17174 pair 145 [9, 11] combined 0 players 0 retained 0 seconds 0.005183862056583166
am3_window_02_frame_17174 pair 146 [9, 12] combined 192 players 0 retained 0 seconds 0.006660959217697382
am3_window_02_frame_17174 pair 147 [9, 13] combined 0 players 0 retained 0 seconds 0.004648191854357719
am3_window_02_frame_17174 pair 148 [9, 14] combined 2148 players 780 retained 256 seconds 0.11607402330264449
am3_window_02_frame_17174 pair 149 [9, 15] combined 1200 players 456 retained 226 seconds 0.09363961312919855
am3_window_02_frame_17174 pair 152 [10, 2] combined 0 players 0 retained 0 seconds 0.025014156010001898
am3_window_02_frame_17174 pair 159 [10, 9] combined 0 players 0 retained 0 seconds 0.003643843811005354
am3_window_02_frame_17174 pair 165 [11, 0] combined 6812 players 212 retained 106 seconds 0.08089663088321686
am3_window_02_frame_17174 pair 166 [11, 1] combined 4212 players 606 retained 256 seconds 0.10129241785034537
am3_window_02_frame_17174 pair 168 [11, 3] combined 0 players 0 retained 0 seconds 0.004904443863779306
am3_window_02_frame_17174 pair 169 [11, 4] combined 1120 players 0 retained 0 seconds 0.011722116265445948
am3_window_02_frame_17174 pair 170 [11, 5] combined 180 players 2 retained 1 seconds 0.03331636777147651
am3_window_02_frame_17174 pair 174 [11, 9] combined 112 players 0 retained 0 seconds 0.006459761876612902
am3_window_02_frame_17174 pair 178 [11, 14] combined 11440 players 394 retained 188 seconds 0.11693323217332363
am3_window_02_frame_17174 pair 179 [11, 15] combined 9120 players 270 retained 135 seconds 0.09743865625932813
am3_window_02_frame_17174 pair 180 [12, 0] combined 2512 players 32 retained 16 seconds 0.058413590770214796
am3_window_02_frame_17174 pair 181 [12, 1] combined 1504 players 56 retained 24 seconds 0.051069153007119894
am3_window_02_frame_17174 pair 183 [12, 3] combined 0 players 0 retained 0 seconds 0.006054114084690809
am3_window_02_frame_17174 pair 184 [12, 4] combined 1988 players 50 retained 25 seconds 0.046709341928362846
am3_window_02_frame_17174 pair 185 [12, 5] combined 264 players 16 retained 8 seconds 0.03602221794426441
am3_window_02_frame_17174 pair 189 [12, 9] combined 64 players 16 retained 8 seconds 0.034946990199387074
am3_window_02_frame_17174 pair 193 [12, 14] combined 0 players 0 retained 0 seconds 0.025395328179001808
am3_window_02_frame_17174 pair 194 [12, 15] combined 0 players 0 retained 0 seconds 0.024262950289994478
am3_window_02_frame_17174 pair 196 [13, 1] combined 0 players 0 retained 0 seconds 0.012914170045405626
am3_window_02_frame_17174 pair 204 [13, 9] combined 0 players 0 retained 0 seconds 0.00420238496735692
am3_window_02_frame_17174 pair 211 [14, 1] combined 30736 players 7260 retained 256 seconds 0.4794700490310788
am3_window_02_frame_17174 pair 212 [14, 2] combined 262144 players 28386 retained 256 seconds 1.9795600539073348
am3_window_02_frame_17174 pair 219 [14, 9] combined 0 players 0 retained 0 seconds 0.032771818339824677
am3_window_02_frame_17174 pair 221 [14, 11] combined 8888 players 114 retained 57 seconds 0.09350880468264222
am3_window_02_frame_17174 pair 222 [14, 12] combined 1552 players 0 retained 0 seconds 0.0357370562851429
am3_window_02_frame_17174 pair 226 [15, 1] combined 30636 players 8230 retained 256 seconds 0.5210992400534451
am3_window_02_frame_17174 pair 227 [15, 2] combined 125952 players 15452 retained 256 seconds 1.1028612940572202
am3_window_02_frame_17174 pair 234 [15, 9] combined 0 players 0 retained 0 seconds 0.029674902092665434
am3_window_02_frame_17174 pair 236 [15, 11] combined 7304 players 80 retained 40 seconds 0.0845029829069972
am3_window_02_frame_17174 pair 237 [15, 12] combined 2960 players 0 retained 0 seconds 0.0390250151976943
[am3_window_02_frame_17174] line-template: preparing rectangles
[am3_window_02_frame_17174] measuring 761 parents (G0=256, G1=256, line_template=256; conflicting geometry groups=0)
[am3_window_02_frame_17174] parents 250/761
[am3_window_02_frame_17174] parents 500/761
[am3_window_02_frame_17174] parents 750/761
[am3_window_02_frame_17174] refitting 761 parents
[am3_window_02_frame_17174] refits 250/761; valid children=250
[am3_window_02_frame_17174] refits 500/761; valid children=500
[am3_window_02_frame_17174] refits 750/761; valid children=704
{"view_id": "am3_window_02_frame_17174", "chosen_key": "G1:30:220/child", "no_court_reason": null, "all_checks_equal": null, "error": null}
{"views": ["am3_window_02_frame_17174"], "startup_seconds": 0.036390631925314665, "wall_seconds": 421.0300300559029, "peak_rss_mb": 1349.18359375, "failed": []}
