decoded <remote>/player_guided_20260908/videos/am3_h264.mp4 to frame 90 in 1s
am3_window_00_frame_0 pair 0 [0, 1] combined 262144 players 104660 retained 256 seconds 4.980711375828832
am3_window_00_frame_0 pair 1 [0, 2] combined 262144 players 31314 retained 256 seconds 2.3773188879713416
am3_window_00_frame_0 pair 3 [0, 4] combined 70656 players 22114 retained 256 seconds 1.3695385046303272
am3_window_00_frame_0 pair 6 [0, 7] combined 262144 players 93412 retained 256 seconds 4.097913845907897
am3_window_00_frame_0 pair 7 [0, 8] combined 262144 players 14530 retained 256 seconds 1.8727833847515285
am3_window_00_frame_0 pair 15 [1, 0] combined 262144 players 80888 retained 256 seconds 4.055550966411829
am3_window_00_frame_0 pair 16 [1, 2] combined 262144 players 107074 retained 256 seconds 4.636984261218458
am3_window_00_frame_0 pair 17 [1, 3] combined 262144 players 73116 retained 256 seconds 3.903125265147537
am3_window_00_frame_0 pair 19 [1, 5] combined 262144 players 87650 retained 256 seconds 3.875001894775778
am3_window_00_frame_0 pair 20 [1, 6] combined 262144 players 82212 retained 256 seconds 3.6889957352541387
am3_window_00_frame_0 pair 23 [1, 9] combined 4096 players 180 retained 90 seconds 0.32786625996232033
am3_window_00_frame_0 pair 24 [1, 10] combined 134144 players 23380 retained 256 seconds 1.3352489690296352
am3_window_00_frame_0 pair 25 [1, 11] combined 2048 players 48 retained 24 seconds 0.3069950141943991
am3_window_00_frame_0 pair 27 [1, 13] combined 262144 players 72604 retained 256 seconds 4.3695658622309566
am3_window_00_frame_0 pair 28 [1, 14] combined 262144 players 73372 retained 256 seconds 4.206087092868984
am3_window_00_frame_0 pair 29 [1, 15] combined 262144 players 69746 retained 256 seconds 4.058906881138682
am3_window_00_frame_0 pair 30 [2, 0] combined 262144 players 39438 retained 256 seconds 2.5804806128144264
am3_window_00_frame_0 pair 31 [2, 1] combined 262144 players 96166 retained 256 seconds 4.545312869828194
am3_window_00_frame_0 pair 32 [2, 3] combined 262144 players 54558 retained 256 seconds 3.288751302752644
am3_window_00_frame_0 pair 33 [2, 4] combined 75776 players 29566 retained 256 seconds 1.5048891357146204
am3_window_00_frame_0 pair 34 [2, 5] combined 104448 players 160 retained 80 seconds 0.4060697411186993
am3_window_00_frame_0 pair 35 [2, 6] combined 262144 players 5418 retained 256 seconds 1.0268092937767506
am3_window_00_frame_0 pair 36 [2, 7] combined 262144 players 58438 retained 256 seconds 2.974291655700654
am3_window_00_frame_0 pair 39 [2, 10] combined 169984 players 1494 retained 256 seconds 0.6541244187392294
am3_window_00_frame_0 pair 41 [2, 12] combined 71680 players 558 retained 244 seconds 0.3581613851711154
am3_window_00_frame_0 pair 42 [2, 13] combined 262144 players 35120 retained 256 seconds 2.8080959329381585
am3_window_00_frame_0 pair 43 [2, 14] combined 262144 players 39046 retained 256 seconds 2.9812073609791696
am3_window_00_frame_0 pair 44 [2, 15] combined 262144 players 40282 retained 256 seconds 2.8751251101493835
am3_window_00_frame_0 pair 46 [3, 1] combined 262144 players 113096 retained 256 seconds 5.174917289055884
am3_window_00_frame_0 pair 47 [3, 2] combined 262144 players 19600 retained 256 seconds 2.079690231010318
am3_window_00_frame_0 pair 48 [3, 4] combined 73728 players 23874 retained 256 seconds 1.41455855127424
am3_window_00_frame_0 pair 51 [3, 7] combined 262144 players 95178 retained 256 seconds 4.322558918967843
am3_window_00_frame_0 pair 52 [3, 8] combined 262144 players 33020 retained 256 seconds 2.4296469180844724
am3_window_00_frame_0 pair 60 [4, 0] combined 50176 players 5566 retained 256 seconds 0.8821415160782635
am3_window_00_frame_0 pair 62 [4, 2] combined 112640 players 40862 retained 256 seconds 1.8313134862110019
am3_window_00_frame_0 pair 63 [4, 3] combined 51200 players 4514 retained 256 seconds 1.0481826639734209
am3_window_00_frame_0 pair 64 [4, 5] combined 43380 players 9338 retained 256 seconds 0.4900580462999642
am3_window_00_frame_0 pair 68 [4, 9] combined 6696 players 44 retained 26 seconds 0.06979899201542139
am3_window_00_frame_0 pair 70 [4, 11] combined 0 players 0 retained 0 seconds 0.017905095126479864
am3_window_00_frame_0 pair 72 [4, 13] combined 50176 players 4536 retained 256 seconds 1.2051109923049808
am3_window_00_frame_0 pair 73 [4, 14] combined 50176 players 4308 retained 256 seconds 1.1100163012742996
am3_window_00_frame_0 pair 74 [4, 15] combined 50176 players 4096 retained 256 seconds 1.1123656900599599
am3_window_00_frame_0 pair 76 [5, 1] combined 83968 players 20966 retained 256 seconds 1.1950743100605905
am3_window_00_frame_0 pair 77 [5, 2] combined 24576 players 1128 retained 256 seconds 0.24671758199110627
am3_window_00_frame_0 pair 79 [5, 4] combined 45936 players 8364 retained 256 seconds 0.4795077918097377
am3_window_00_frame_0 pair 81 [5, 7] combined 84992 players 5446 retained 256 seconds 0.629866598173976
am3_window_00_frame_0 pair 82 [5, 8] combined 122880 players 1912 retained 256 seconds 0.48995723482221365
am3_window_00_frame_0 pair 91 [6, 1] combined 180224 players 27938 retained 256 seconds 1.7455464866943657
am3_window_00_frame_0 pair 92 [6, 2] combined 262144 players 1380 retained 256 seconds 0.9035919578745961
am3_window_00_frame_0 pair 96 [6, 7] combined 180224 players 8964 retained 256 seconds 0.8898572260513902
am3_window_00_frame_0 pair 97 [6, 8] combined 202752 players 13438 retained 256 seconds 1.0646636323072016
am3_window_00_frame_0 pair 105 [7, 0] combined 156672 players 48824 retained 256 seconds 2.760751558933407
am3_window_00_frame_0 pair 107 [7, 2] combined 258048 players 105814 retained 256 seconds 4.838888119906187
am3_window_00_frame_0 pair 108 [7, 3] combined 153600 players 48768 retained 256 seconds 2.8278130148537457
am3_window_00_frame_0 pair 110 [7, 5] combined 147456 players 37374 retained 256 seconds 1.7087675998918712
am3_window_00_frame_0 pair 111 [7, 6] combined 153600 players 38170 retained 256 seconds 1.897453989367932
am3_window_00_frame_0 pair 113 [7, 9] combined 6144 players 422 retained 211 seconds 0.12346362415701151
am3_window_00_frame_0 pair 114 [7, 10] combined 140288 players 1982 retained 256 seconds 0.5276037971489131
am3_window_00_frame_0 pair 115 [7, 11] combined 0 players 0 retained 0 seconds 0.04092413606122136
am3_window_00_frame_0 pair 116 [7, 12] combined 128000 players 1130 retained 256 seconds 0.47114193672314286
am3_window_00_frame_0 pair 117 [7, 13] combined 154624 players 48190 retained 256 seconds 2.922224543057382
am3_window_00_frame_0 pair 118 [7, 14] combined 155648 players 47860 retained 256 seconds 2.902672501746565
am3_window_00_frame_0 pair 119 [7, 15] combined 147456 players 46230 retained 256 seconds 2.718396132811904
am3_window_00_frame_0 pair 120 [8, 0] combined 262144 players 16260 retained 256 seconds 1.741226812824607
am3_window_00_frame_0 pair 123 [8, 3] combined 262144 players 22832 retained 256 seconds 2.0718505610711873
am3_window_00_frame_0 pair 125 [8, 5] combined 250880 players 1988 retained 256 seconds 0.8439148631878197
am3_window_00_frame_0 pair 126 [8, 6] combined 262144 players 16372 retained 256 seconds 1.2727462518960238
am3_window_00_frame_0 pair 129 [8, 10] combined 185344 players 4186 retained 256 seconds 0.7135320929810405
am3_window_00_frame_0 pair 131 [8, 12] combined 119808 players 2292 retained 256 seconds 0.6028883880935609
am3_window_00_frame_0 pair 132 [8, 13] combined 262144 players 19258 retained 256 seconds 2.0894589168019593
am3_window_00_frame_0 pair 133 [8, 14] combined 262144 players 27724 retained 256 seconds 2.405065500177443
am3_window_00_frame_0 pair 134 [8, 15] combined 262144 players 21548 retained 256 seconds 2.12446698686108
am3_window_00_frame_0 pair 136 [9, 1] combined 4096 players 0 retained 0 seconds 0.23557387432083488
am3_window_00_frame_0 pair 139 [9, 4] combined 0 players 0 retained 0 seconds 0.014263959135860205
am3_window_00_frame_0 pair 142 [9, 7] combined 7168 players 104 retained 52 seconds 0.08787283208221197
am3_window_00_frame_0 pair 151 [10, 1] combined 110592 players 20852 retained 256 seconds 1.2775864549912512
am3_window_00_frame_0 pair 152 [10, 2] combined 121856 players 1838 retained 256 seconds 0.5168702499940991
am3_window_00_frame_0 pair 157 [10, 7] combined 108544 players 6240 retained 256 seconds 0.7494971631094813
am3_window_00_frame_0 pair 158 [10, 8] combined 153600 players 3340 retained 256 seconds 0.5965619571506977
am3_window_00_frame_0 pair 166 [11, 1] combined 2048 players 0 retained 0 seconds 0.21944261575117707
am3_window_00_frame_0 pair 169 [11, 4] combined 424 players 28 retained 14 seconds 0.04198153829202056
am3_window_00_frame_0 pair 172 [11, 7] combined 1024 players 0 retained 0 seconds 0.04267754079774022
am3_window_00_frame_0 pair 182 [12, 2] combined 53248 players 1498 retained 256 seconds 0.30973514588549733
am3_window_00_frame_0 pair 187 [12, 7] combined 82944 players 3728 retained 256 seconds 0.45505975605919957
am3_window_00_frame_0 pair 188 [12, 8] combined 117760 players 3476 retained 256 seconds 0.5083363172598183
am3_window_00_frame_0 pair 196 [13, 1] combined 262144 players 99456 retained 256 seconds 5.010686357971281
am3_window_00_frame_0 pair 197 [13, 2] combined 262144 players 34124 retained 256 seconds 2.9033269840292633
am3_window_00_frame_0 pair 199 [13, 4] combined 67584 players 20558 retained 256 seconds 1.5649749832227826
am3_window_00_frame_0 pair 202 [13, 7] combined 262144 players 93176 retained 256 seconds 4.318652668967843
am3_window_00_frame_0 pair 203 [13, 8] combined 262144 players 16220 retained 256 seconds 2.134520103223622
am3_window_00_frame_0 pair 211 [14, 1] combined 262144 players 103658 retained 256 seconds 5.009038568940014
am3_window_00_frame_0 pair 212 [14, 2] combined 262144 players 37330 retained 256 seconds 2.6640090122818947
am3_window_00_frame_0 pair 214 [14, 4] combined 71680 players 22772 retained 256 seconds 1.526988121215254
am3_window_00_frame_0 pair 217 [14, 7] combined 262144 players 95964 retained 256 seconds 4.628349361941218
am3_window_00_frame_0 pair 218 [14, 8] combined 262144 players 30758 retained 256 seconds 2.4241311848163605
am3_window_00_frame_0 pair 226 [15, 1] combined 262144 players 110042 retained 256 seconds 5.544480206910521
am3_window_00_frame_0 pair 227 [15, 2] combined 262144 players 32644 retained 256 seconds 2.6512931287288666
am3_window_00_frame_0 pair 229 [15, 4] combined 87040 players 29166 retained 256 seconds 1.8493173620663583
am3_window_00_frame_0 pair 232 [15, 7] combined 262144 players 91220 retained 256 seconds 4.396296597085893
am3_window_00_frame_0 pair 233 [15, 8] combined 262144 players 16100 retained 256 seconds 2.2824346153065562
am3_window_00_frame_0 pair 0 [0, 1] combined 1344 players 530 retained 256 seconds 0.086652013938874
am3_window_00_frame_0 pair 1 [0, 2] combined 11264 players 1950 retained 256 seconds 0.17679486284032464
am3_window_00_frame_0 pair 3 [0, 4] combined 80 players 30 retained 15 seconds 0.03647136129438877
am3_window_00_frame_0 pair 6 [0, 7] combined 0 players 0 retained 0 seconds 0.005858559161424637
am3_window_00_frame_0 pair 7 [0, 8] combined 0 players 0 retained 0 seconds 0.007575023919343948
am3_window_00_frame_0 pair 15 [1, 0] combined 4560 players 1900 retained 256 seconds 0.14643196482211351
am3_window_00_frame_0 pair 16 [1, 2] combined 47232 players 19344 retained 256 seconds 0.9031012067571282
am3_window_00_frame_0 pair 17 [1, 3] combined 8024 players 2534 retained 256 seconds 0.18605278618633747
am3_window_00_frame_0 pair 19 [1, 5] combined 732 players 116 retained 58 seconds 0.050371186807751656
am3_window_00_frame_0 pair 20 [1, 6] combined 1764 players 384 retained 192 seconds 0.07382200472056866
am3_window_00_frame_0 pair 23 [1, 9] combined 0 players 0 retained 0 seconds 0.015700233168900013
am3_window_00_frame_0 pair 24 [1, 10] combined 0 players 0 retained 0 seconds 0.012960762716829777
am3_window_00_frame_0 pair 25 [1, 11] combined 0 players 0 retained 0 seconds 0.015387500636279583
am3_window_00_frame_0 pair 27 [1, 13] combined 12688 players 4558 retained 256 seconds 0.2766672386787832
am3_window_00_frame_0 pair 28 [1, 14] combined 6240 players 1896 retained 256 seconds 0.15767944091930985
am3_window_00_frame_0 pair 29 [1, 15] combined 13224 players 4792 retained 256 seconds 0.28178685903549194
am3_window_00_frame_0 pair 30 [2, 0] combined 7220 players 1040 retained 256 seconds 0.12977334018796682
am3_window_00_frame_0 pair 31 [2, 1] combined 26964 players 10882 retained 256 seconds 0.5439407080411911
am3_window_00_frame_0 pair 32 [2, 3] combined 24700 players 3236 retained 256 seconds 0.26008219085633755
am3_window_00_frame_0 pair 33 [2, 4] combined 1224 players 398 retained 147 seconds 0.07942486694082618
am3_window_00_frame_0 pair 34 [2, 5] combined 0 players 0 retained 0 seconds 0.017937044147402048
am3_window_00_frame_0 pair 35 [2, 6] combined 9108 players 50 retained 26 seconds 0.07202177587896585
am3_window_00_frame_0 pair 36 [2, 7] combined 0 players 0 retained 0 seconds 0.01808131765574217
am3_window_00_frame_0 pair 39 [2, 10] combined 0 players 0 retained 0 seconds 0.019152558874338865
am3_window_00_frame_0 pair 41 [2, 12] combined 0 players 0 retained 0 seconds 0.018810193054378033
am3_window_00_frame_0 pair 42 [2, 13] combined 20800 players 4112 retained 256 seconds 0.27157048881053925
am3_window_00_frame_0 pair 43 [2, 14] combined 10752 players 2292 retained 256 seconds 0.1854749987833202
am3_window_00_frame_0 pair 44 [2, 15] combined 22464 players 4266 retained 256 seconds 0.2920288401655853
am3_window_00_frame_0 pair 46 [3, 1] combined 3456 players 1302 retained 256 seconds 0.1273253238759935
am3_window_00_frame_0 pair 47 [3, 2] combined 21504 players 3220 retained 256 seconds 0.2559767519123852
am3_window_00_frame_0 pair 48 [3, 4] combined 192 players 96 retained 42 seconds 0.04243387887254357
am3_window_00_frame_0 pair 51 [3, 7] combined 0 players 0 retained 0 seconds 0.008106431923806667
am3_window_00_frame_0 pair 52 [3, 8] combined 0 players 0 retained 0 seconds 0.009200186934322119
am3_window_00_frame_0 pair 60 [4, 0] combined 60 players 22 retained 11 seconds 0.03515026532113552
am3_window_00_frame_0 pair 62 [4, 2] combined 1488 players 418 retained 169 seconds 0.07864109985530376
am3_window_00_frame_0 pair 63 [4, 3] combined 124 players 22 retained 9 seconds 0.03776378510519862
am3_window_00_frame_0 pair 64 [4, 5] combined 4 players 2 retained 1 seconds 0.030877653043717146
am3_window_00_frame_0 pair 68 [4, 9] combined 0 players 0 retained 0 seconds 0.005039564799517393
am3_window_00_frame_0 pair 70 [4, 11] combined 0 players 0 retained 0 seconds 0.00506602693349123
am3_window_00_frame_0 pair 72 [4, 13] combined 196 players 42 retained 21 seconds 0.03912458987906575
am3_window_00_frame_0 pair 73 [4, 14] combined 100 players 20 retained 10 seconds 0.03527942392975092
am3_window_00_frame_0 pair 74 [4, 15] combined 588 players 42 retained 21 seconds 0.040746030397713184
am3_window_00_frame_0 pair 76 [5, 1] combined 0 players 0 retained 0 seconds 0.013077884912490845
am3_window_00_frame_0 pair 77 [5, 2] combined 0 players 0 retained 0 seconds 0.018371236976236105
am3_window_00_frame_0 pair 79 [5, 4] combined 0 players 0 retained 0 seconds 0.005518112797290087
am3_window_00_frame_0 pair 81 [5, 7] combined 0 players 0 retained 0 seconds 0.0033582686446607113
am3_window_00_frame_0 pair 82 [5, 8] combined 0 players 0 retained 0 seconds 0.003826049156486988
am3_window_00_frame_0 pair 91 [6, 1] combined 1680 players 264 retained 132 seconds 0.06071016797795892
am3_window_00_frame_0 pair 92 [6, 2] combined 18392 players 90 retained 45 seconds 0.09804829629138112
am3_window_00_frame_0 pair 96 [6, 7] combined 0 players 0 retained 0 seconds 0.004136693198233843
am3_window_00_frame_0 pair 97 [6, 8] combined 0 players 0 retained 0 seconds 0.0038266517221927643
am3_window_00_frame_0 pair 105 [7, 0] combined 0 players 0 retained 0 seconds 0.005528116133064032
am3_window_00_frame_0 pair 107 [7, 2] combined 0 players 0 retained 0 seconds 0.016017668414860964
am3_window_00_frame_0 pair 108 [7, 3] combined 0 players 0 retained 0 seconds 0.0077879601158201694
am3_window_00_frame_0 pair 110 [7, 5] combined 0 players 0 retained 0 seconds 0.003465453628450632
am3_window_00_frame_0 pair 111 [7, 6] combined 0 players 0 retained 0 seconds 0.0033247838728129864
am3_window_00_frame_0 pair 113 [7, 9] combined 0 players 0 retained 0 seconds 0.0018909010104835033
am3_window_00_frame_0 pair 114 [7, 10] combined 0 players 0 retained 0 seconds 0.0017605079337954521
am3_window_00_frame_0 pair 115 [7, 11] combined 0 players 0 retained 0 seconds 0.001732076983898878
am3_window_00_frame_0 pair 116 [7, 12] combined 0 players 0 retained 0 seconds 0.0017182179726660252
am3_window_00_frame_0 pair 117 [7, 13] combined 0 players 0 retained 0 seconds 0.008197009097784758
am3_window_00_frame_0 pair 118 [7, 14] combined 0 players 0 retained 0 seconds 0.005965561140328646
am3_window_00_frame_0 pair 119 [7, 15] combined 0 players 0 retained 0 seconds 0.008187789935618639
am3_window_00_frame_0 pair 120 [8, 0] combined 0 players 0 retained 0 seconds 0.006091434974223375
am3_window_00_frame_0 pair 123 [8, 3] combined 0 players 0 retained 0 seconds 0.008189826738089323
am3_window_00_frame_0 pair 125 [8, 5] combined 0 players 0 retained 0 seconds 0.0036417851224541664
am3_window_00_frame_0 pair 126 [8, 6] combined 0 players 0 retained 0 seconds 0.0037567289546132088
am3_window_00_frame_0 pair 129 [8, 10] combined 0 players 0 retained 0 seconds 0.0025536399334669113
am3_window_00_frame_0 pair 131 [8, 12] combined 0 players 0 retained 0 seconds 0.002626701258122921
am3_window_00_frame_0 pair 132 [8, 13] combined 0 players 0 retained 0 seconds 0.008632112760096788
am3_window_00_frame_0 pair 133 [8, 14] combined 0 players 0 retained 0 seconds 0.0062851859256625175
am3_window_00_frame_0 pair 134 [8, 15] combined 0 players 0 retained 0 seconds 0.00956111028790474
am3_window_00_frame_0 pair 136 [9, 1] combined 0 players 0 retained 0 seconds 0.011240312363952398
am3_window_00_frame_0 pair 139 [9, 4] combined 0 players 0 retained 0 seconds 0.003919042181223631
am3_window_00_frame_0 pair 142 [9, 7] combined 0 players 0 retained 0 seconds 0.0018792334012687206
am3_window_00_frame_0 pair 151 [10, 1] combined 0 players 0 retained 0 seconds 0.010924510192126036
am3_window_00_frame_0 pair 152 [10, 2] combined 0 players 0 retained 0 seconds 0.015448200982064009
am3_window_00_frame_0 pair 157 [10, 7] combined 0 players 0 retained 0 seconds 0.002020019106566906
am3_window_00_frame_0 pair 158 [10, 8] combined 0 players 0 retained 0 seconds 0.0022926731035113335
am3_window_00_frame_0 pair 166 [11, 1] combined 0 players 0 retained 0 seconds 0.011046879924833775
am3_window_00_frame_0 pair 169 [11, 4] combined 0 players 0 retained 0 seconds 0.003883225843310356
am3_window_00_frame_0 pair 172 [11, 7] combined 0 players 0 retained 0 seconds 0.0019313949160277843
am3_window_00_frame_0 pair 182 [12, 2] combined 0 players 0 retained 0 seconds 0.014566679019480944
am3_window_00_frame_0 pair 187 [12, 7] combined 0 players 0 retained 0 seconds 0.002120634075254202
am3_window_00_frame_0 pair 188 [12, 8] combined 0 players 0 retained 0 seconds 0.0024644313380122185
am3_window_00_frame_0 pair 196 [13, 1] combined 5088 players 1948 retained 256 seconds 0.15241231303662062
am3_window_00_frame_0 pair 197 [13, 2] combined 37888 players 7952 retained 256 seconds 0.6867407001554966
am3_window_00_frame_0 pair 199 [13, 4] combined 500 players 200 retained 100 seconds 0.05105317011475563
am3_window_00_frame_0 pair 202 [13, 7] combined 0 players 0 retained 0 seconds 0.008256124332547188
am3_window_00_frame_0 pair 203 [13, 8] combined 0 players 0 retained 0 seconds 0.00925077311694622
am3_window_00_frame_0 pair 211 [14, 1] combined 2240 players 820 retained 256 seconds 0.09816991910338402
am3_window_00_frame_0 pair 212 [14, 2] combined 20480 players 3524 retained 256 seconds 0.25433638179674745
am3_window_00_frame_0 pair 214 [14, 4] combined 160 players 60 retained 30 seconds 0.03762292629107833
am3_window_00_frame_0 pair 217 [14, 7] combined 0 players 0 retained 0 seconds 0.005715686362236738
am3_window_00_frame_0 pair 218 [14, 8] combined 0 players 0 retained 0 seconds 0.006487112957984209
am3_window_00_frame_0 pair 226 [15, 1] combined 4416 players 1642 retained 256 seconds 0.13542814599350095
am3_window_00_frame_0 pair 227 [15, 2] combined 34816 players 7412 retained 256 seconds 0.41119056195020676
am3_window_00_frame_0 pair 229 [15, 4] combined 672 players 288 retained 144 seconds 0.059213440865278244
am3_window_00_frame_0 pair 232 [15, 7] combined 0 players 0 retained 0 seconds 0.008097738958895206
am3_window_00_frame_0 pair 233 [15, 8] combined 0 players 0 retained 0 seconds 0.009669153019785881
[am3_window_00_frame_0] line-template: preparing rectangles
[am3_window_00_frame_0] measuring 768 parents (G0=256, G1=256, line_template=256; conflicting geometry groups=0)
[am3_window_00_frame_0] parents 250/768
[am3_window_00_frame_0] parents 500/768
[am3_window_00_frame_0] parents 750/768
[am3_window_00_frame_0] refitting 768 parents
[am3_window_00_frame_0] refits 250/768; valid children=147
[am3_window_00_frame_0] refits 500/768; valid children=394
[am3_window_00_frame_0] refits 750/768; valid children=575
{"view_id": "am3_window_00_frame_0", "chosen_key": "G1:43:171/child", "no_court_reason": null, "all_checks_equal": null, "error": null}
{"views": ["am3_window_00_frame_0"], "startup_seconds": 0.04844759125262499, "wall_seconds": 316.733171292115, "peak_rss_mb": 1662.46484375, "failed": []}
