decoded <remote>/paint_geometry_20260909/gx_extension/videos/gxBQ_HwdgN4.mp4 to frame 185 in 1s
gxBQ_window_00_frame_5 pair 0 [0, 1] combined 262144 players 61034 retained 256 seconds 5.38958889618516
gxBQ_window_00_frame_5 pair 2 [0, 3] combined 262144 players 83224 retained 256 seconds 6.4025320508517325
gxBQ_window_00_frame_5 pair 4 [0, 5] combined 87040 players 25588 retained 256 seconds 4.6195668410509825
gxBQ_window_00_frame_5 pair 6 [0, 7] combined 199680 players 30162 retained 256 seconds 3.9573539020493627
gxBQ_window_00_frame_5 pair 7 [0, 8] combined 35840 players 8074 retained 256 seconds 2.6146084829233587
gxBQ_window_00_frame_5 pair 9 [0, 10] combined 29696 players 12064 retained 256 seconds 3.963697327300906
gxBQ_window_00_frame_5 pair 10 [0, 11] combined 262144 players 22982 retained 256 seconds 4.318769698031247
gxBQ_window_00_frame_5 pair 15 [1, 0] combined 262144 players 50320 retained 256 seconds 6.097440354991704
gxBQ_window_00_frame_5 pair 16 [1, 2] combined 262144 players 78012 retained 256 seconds 4.544710570015013
gxBQ_window_00_frame_5 pair 17 [1, 3] combined 262144 players 4598 retained 256 seconds 1.1374467061832547
gxBQ_window_00_frame_5 pair 18 [1, 4] combined 262144 players 88650 retained 256 seconds 4.6183263887651265
gxBQ_window_00_frame_5 pair 19 [1, 5] combined 155648 players 7900 retained 256 seconds 0.9565708991140127
gxBQ_window_00_frame_5 pair 20 [1, 6] combined 262144 players 23954 retained 256 seconds 1.7491961871273816
gxBQ_window_00_frame_5 pair 24 [1, 10] combined 40960 players 466 retained 229 seconds 0.30078747775405645
gxBQ_window_00_frame_5 pair 25 [1, 11] combined 262144 players 3588 retained 256 seconds 1.0887338449247181
gxBQ_window_00_frame_5 pair 26 [1, 12] combined 262144 players 54304 retained 256 seconds 6.233994144946337
gxBQ_window_00_frame_5 pair 27 [1, 13] combined 262144 players 75402 retained 256 seconds 6.74840514967218
gxBQ_window_00_frame_5 pair 28 [1, 14] combined 262144 players 68056 retained 256 seconds 6.6233160169795156
gxBQ_window_00_frame_5 pair 29 [1, 15] combined 262144 players 82628 retained 256 seconds 6.482917117886245
gxBQ_window_00_frame_5 pair 31 [2, 1] combined 262144 players 90850 retained 256 seconds 4.898323082830757
gxBQ_window_00_frame_5 pair 32 [2, 3] combined 262144 players 80176 retained 256 seconds 4.771846785675734
gxBQ_window_00_frame_5 pair 34 [2, 5] combined 90112 players 33602 retained 256 seconds 2.5007401201874018
gxBQ_window_00_frame_5 pair 36 [2, 7] combined 200704 players 47630 retained 256 seconds 3.1055333013646305
gxBQ_window_00_frame_5 pair 37 [2, 8] combined 49152 players 9798 retained 256 seconds 1.280935110989958
gxBQ_window_00_frame_5 pair 39 [2, 10] combined 23552 players 10582 retained 256 seconds 1.521861279848963
gxBQ_window_00_frame_5 pair 40 [2, 11] combined 262144 players 43288 retained 256 seconds 3.353363163769245
gxBQ_window_00_frame_5 pair 45 [3, 0] combined 262144 players 79308 retained 256 seconds 6.952580991666764
gxBQ_window_00_frame_5 pair 46 [3, 1] combined 262144 players 2968 retained 256 seconds 1.1023207399994135
gxBQ_window_00_frame_5 pair 47 [3, 2] combined 262144 players 94000 retained 256 seconds 5.473629223182797
gxBQ_window_00_frame_5 pair 48 [3, 4] combined 262144 players 76828 retained 256 seconds 4.04429523833096
gxBQ_window_00_frame_5 pair 51 [3, 7] combined 212992 players 4786 retained 256 seconds 0.9326629033312201
gxBQ_window_00_frame_5 pair 53 [3, 9] combined 168960 players 17686 retained 256 seconds 1.375557511113584
gxBQ_window_00_frame_5 pair 56 [3, 12] combined 262144 players 75472 retained 256 seconds 6.753444298636168
gxBQ_window_00_frame_5 pair 57 [3, 13] combined 262144 players 84966 retained 256 seconds 7.0098576680757105
gxBQ_window_00_frame_5 pair 58 [3, 14] combined 262144 players 77038 retained 256 seconds 6.923949639312923
gxBQ_window_00_frame_5 pair 59 [3, 15] combined 262144 players 96676 retained 256 seconds 6.753056326881051
gxBQ_window_00_frame_5 pair 61 [4, 1] combined 262144 players 34748 retained 256 seconds 2.611683019902557
gxBQ_window_00_frame_5 pair 63 [4, 3] combined 262144 players 83788 retained 256 seconds 4.417020499706268
gxBQ_window_00_frame_5 pair 64 [4, 5] combined 100352 players 39374 retained 256 seconds 1.4448335519991815
gxBQ_window_00_frame_5 pair 66 [4, 7] combined 200704 players 15970 retained 256 seconds 0.998183639254421
gxBQ_window_00_frame_5 pair 67 [4, 8] combined 38912 players 488 retained 240 seconds 0.37769452994689345
gxBQ_window_00_frame_5 pair 69 [4, 10] combined 26624 players 13004 retained 256 seconds 0.8043748820200562
gxBQ_window_00_frame_5 pair 70 [4, 11] combined 262144 players 72292 retained 256 seconds 2.441127491183579
gxBQ_window_00_frame_5 pair 75 [5, 0] combined 44032 players 12510 retained 256 seconds 2.08265536185354
gxBQ_window_00_frame_5 pair 76 [5, 1] combined 23552 players 6004 retained 256 seconds 0.3684119819663465
gxBQ_window_00_frame_5 pair 77 [5, 2] combined 45056 players 13306 retained 256 seconds 0.8350867889821529
gxBQ_window_00_frame_5 pair 79 [5, 4] combined 44032 players 11930 retained 256 seconds 0.6173508455976844
gxBQ_window_00_frame_5 pair 81 [5, 7] combined 48608 players 3230 retained 256 seconds 0.20677732396870852
gxBQ_window_00_frame_5 pair 82 [5, 8] combined 4480 players 664 retained 256 seconds 0.06350110797211528
gxBQ_window_00_frame_5 pair 83 [5, 9] combined 42400 players 5768 retained 256 seconds 0.2653477597050369
gxBQ_window_00_frame_5 pair 86 [5, 12] combined 46080 players 11640 retained 256 seconds 1.9985111178830266
gxBQ_window_00_frame_5 pair 87 [5, 13] combined 44032 players 12788 retained 256 seconds 2.0634951940737665
gxBQ_window_00_frame_5 pair 88 [5, 14] combined 44032 players 11482 retained 256 seconds 2.1339258146472275
gxBQ_window_00_frame_5 pair 89 [5, 15] combined 45056 players 13746 retained 256 seconds 1.7098371600732207
gxBQ_window_00_frame_5 pair 91 [6, 1] combined 262144 players 26052 retained 256 seconds 1.097038270905614
gxBQ_window_00_frame_5 pair 105 [7, 0] combined 94208 players 11424 retained 256 seconds 2.328448905143887
gxBQ_window_00_frame_5 pair 107 [7, 2] combined 96256 players 852 retained 256 seconds 0.7184281167574227
gxBQ_window_00_frame_5 pair 108 [7, 3] combined 168960 players 4034 retained 256 seconds 0.44919910468161106
gxBQ_window_00_frame_5 pair 109 [7, 4] combined 98304 players 4820 retained 256 seconds 0.6072287186980247
gxBQ_window_00_frame_5 pair 110 [7, 5] combined 111936 players 3012 retained 256 seconds 0.30325035378336906
gxBQ_window_00_frame_5 pair 114 [7, 10] combined 38272 players 370 retained 187 seconds 0.11248504370450974
gxBQ_window_00_frame_5 pair 116 [7, 12] combined 95232 players 7294 retained 256 seconds 2.2107559735886753
gxBQ_window_00_frame_5 pair 117 [7, 13] combined 96256 players 9886 retained 256 seconds 2.379807760939002
gxBQ_window_00_frame_5 pair 118 [7, 14] combined 97280 players 7212 retained 256 seconds 2.1640112660825253
gxBQ_window_00_frame_5 pair 119 [7, 15] combined 95232 players 3490 retained 256 seconds 1.7719030580483377
gxBQ_window_00_frame_5 pair 120 [8, 0] combined 2048 players 56 retained 28 seconds 1.8030509208329022
gxBQ_window_00_frame_5 pair 122 [8, 2] combined 2048 players 156 retained 70 seconds 0.4705910552293062
gxBQ_window_00_frame_5 pair 124 [8, 4] combined 2048 players 84 retained 38 seconds 0.313982883002609
gxBQ_window_00_frame_5 pair 125 [8, 5] combined 15900 players 1446 retained 256 seconds 0.10025558993220329
gxBQ_window_00_frame_5 pair 129 [8, 10] combined 4284 players 60 retained 30 seconds 0.03247299836948514
gxBQ_window_00_frame_5 pair 131 [8, 12] combined 2048 players 132 retained 60 seconds 1.8657997869886458
gxBQ_window_00_frame_5 pair 132 [8, 13] combined 2048 players 96 retained 48 seconds 1.8590231570415199
gxBQ_window_00_frame_5 pair 133 [8, 14] combined 2048 players 104 retained 52 seconds 1.8541806368157268
gxBQ_window_00_frame_5 pair 134 [8, 15] combined 2048 players 60 retained 30 seconds 1.483435775153339
gxBQ_window_00_frame_5 pair 138 [9, 3] combined 91136 players 26270 retained 256 seconds 0.8253273512236774
gxBQ_window_00_frame_5 pair 140 [9, 5] combined 60976 players 21298 retained 256 seconds 0.6524466378614306
gxBQ_window_00_frame_5 pair 144 [9, 10] combined 11676 players 5026 retained 256 seconds 0.20191336516290903
gxBQ_window_00_frame_5 pair 150 [10, 0] combined 19456 players 5076 retained 256 seconds 1.8052060273475945
gxBQ_window_00_frame_5 pair 151 [10, 1] combined 13312 players 1268 retained 256 seconds 0.2604676471091807
gxBQ_window_00_frame_5 pair 152 [10, 2] combined 16384 players 3914 retained 256 seconds 0.5809305254369974
gxBQ_window_00_frame_5 pair 154 [10, 4] combined 18432 players 2772 retained 256 seconds 0.3760105222463608
gxBQ_window_00_frame_5 pair 157 [10, 7] combined 18396 players 412 retained 205 seconds 0.08048213785514235
gxBQ_window_00_frame_5 pair 158 [10, 8] combined 1476 players 48 retained 24 seconds 0.027143768966197968
gxBQ_window_00_frame_5 pair 159 [10, 9] combined 25800 players 2344 retained 256 seconds 0.15532565815374255
gxBQ_window_00_frame_5 pair 161 [10, 12] combined 17408 players 3588 retained 256 seconds 1.8433508877642453
gxBQ_window_00_frame_5 pair 162 [10, 13] combined 15360 players 3486 retained 256 seconds 1.8069827216677368
gxBQ_window_00_frame_5 pair 163 [10, 14] combined 16384 players 3718 retained 256 seconds 1.846160409040749
gxBQ_window_00_frame_5 pair 164 [10, 15] combined 15360 players 4062 retained 256 seconds 1.4498932058922946
gxBQ_window_00_frame_5 pair 165 [11, 0] combined 262144 players 22522 retained 256 seconds 2.7929511009715497
gxBQ_window_00_frame_5 pair 166 [11, 1] combined 262144 players 822 retained 256 seconds 0.59552744589746
gxBQ_window_00_frame_5 pair 167 [11, 2] combined 262144 players 41814 retained 256 seconds 1.9273024457506835
gxBQ_window_00_frame_5 pair 169 [11, 4] combined 262144 players 56096 retained 256 seconds 2.1508482922799885
gxBQ_window_00_frame_5 pair 176 [11, 12] combined 262144 players 20836 retained 256 seconds 2.7651229817420244
gxBQ_window_00_frame_5 pair 177 [11, 13] combined 262144 players 31496 retained 256 seconds 2.977926734369248
gxBQ_window_00_frame_5 pair 178 [11, 14] combined 262144 players 29320 retained 256 seconds 2.9709071540273726
gxBQ_window_00_frame_5 pair 179 [11, 15] combined 262144 players 18548 retained 256 seconds 2.3658021176233888
gxBQ_window_00_frame_5 pair 181 [12, 1] combined 262144 players 84116 retained 256 seconds 3.7802013531327248
gxBQ_window_00_frame_5 pair 183 [12, 3] combined 262144 players 86708 retained 256 seconds 4.228901921771467
gxBQ_window_00_frame_5 pair 185 [12, 5] combined 89088 players 26992 retained 256 seconds 2.9773623789660633
gxBQ_window_00_frame_5 pair 187 [12, 7] combined 198656 players 59352 retained 256 seconds 3.0495407842099667
gxBQ_window_00_frame_5 pair 188 [12, 8] combined 37888 players 11678 retained 256 seconds 1.76656677108258
gxBQ_window_00_frame_5 pair 190 [12, 10] combined 29696 players 11974 retained 256 seconds 2.5324544231407344
gxBQ_window_00_frame_5 pair 191 [12, 11] combined 262144 players 26048 retained 256 seconds 2.8261402430944145
gxBQ_window_00_frame_5 pair 196 [13, 1] combined 262144 players 77616 retained 256 seconds 3.754083390813321
gxBQ_window_00_frame_5 pair 198 [13, 3] combined 262144 players 85988 retained 256 seconds 4.120652360841632
gxBQ_window_00_frame_5 pair 200 [13, 5] combined 91136 players 32796 retained 256 seconds 3.0692989989183843
gxBQ_window_00_frame_5 pair 202 [13, 7] combined 200704 players 33700 retained 256 seconds 2.499577826820314
gxBQ_window_00_frame_5 pair 203 [13, 8] combined 38912 players 7322 retained 256 seconds 1.7683595372363925
gxBQ_window_00_frame_5 pair 205 [13, 10] combined 23552 players 10546 retained 256 seconds 2.369525467045605
gxBQ_window_00_frame_5 pair 206 [13, 11] combined 262144 players 46800 retained 256 seconds 3.2831056700088084
gxBQ_window_00_frame_5 pair 211 [14, 1] combined 262144 players 75552 retained 256 seconds 3.665211909916252
gxBQ_window_00_frame_5 pair 213 [14, 3] combined 262144 players 86296 retained 256 seconds 4.145952542312443
gxBQ_window_00_frame_5 pair 215 [14, 5] combined 91136 players 28696 retained 256 seconds 3.0162192350253463
gxBQ_window_00_frame_5 pair 217 [14, 7] combined 200704 players 50376 retained 256 seconds 2.9017145498655736
gxBQ_window_00_frame_5 pair 218 [14, 8] combined 40960 players 8982 retained 256 seconds 1.7234615227207541
gxBQ_window_00_frame_5 pair 220 [14, 10] combined 26624 players 11200 retained 256 seconds 2.4233579179272056
gxBQ_window_00_frame_5 pair 221 [14, 11] combined 262144 players 26034 retained 256 seconds 2.8443455267697573
gxBQ_window_00_frame_5 pair 226 [15, 1] combined 262144 players 80914 retained 256 seconds 3.5415631402283907
gxBQ_window_00_frame_5 pair 228 [15, 3] combined 262144 players 85946 retained 256 seconds 3.758554228115827
gxBQ_window_00_frame_5 pair 230 [15, 5] combined 90112 players 32480 retained 256 seconds 2.6041550165973604
gxBQ_window_00_frame_5 pair 232 [15, 7] combined 198656 players 37800 retained 256 seconds 2.2549461550079286
gxBQ_window_00_frame_5 pair 233 [15, 8] combined 41984 players 7418 retained 256 seconds 1.3603294319473207
gxBQ_window_00_frame_5 pair 235 [15, 10] combined 25600 players 11112 retained 256 seconds 2.189556722063571
gxBQ_window_00_frame_5 pair 236 [15, 11] combined 262144 players 25374 retained 256 seconds 2.3706328319385648
gxBQ_window_00_frame_5 pair 0 [0, 1] combined 106496 players 41142 retained 256 seconds 1.2532078516669571
gxBQ_window_00_frame_5 pair 2 [0, 3] combined 37888 players 15960 retained 256 seconds 0.5789765333756804
gxBQ_window_00_frame_5 pair 4 [0, 5] combined 2048 players 960 retained 256 seconds 0.2290868479758501
gxBQ_window_00_frame_5 pair 6 [0, 7] combined 1024 players 416 retained 194 seconds 0.1709164846688509
gxBQ_window_00_frame_5 pair 7 [0, 8] combined 0 players 0 retained 0 seconds 0.13337467890232801
gxBQ_window_00_frame_5 pair 9 [0, 10] combined 0 players 0 retained 0 seconds 0.17030917899683118
gxBQ_window_00_frame_5 pair 10 [0, 11] combined 17408 players 4364 retained 256 seconds 0.30198229011148214
gxBQ_window_00_frame_5 pair 15 [1, 0] combined 74752 players 15898 retained 256 seconds 0.6393708996474743
gxBQ_window_00_frame_5 pair 16 [1, 2] combined 64512 players 19872 retained 256 seconds 0.6260261796414852
gxBQ_window_00_frame_5 pair 17 [1, 3] combined 7120 players 290 retained 145 seconds 0.05754117574542761
gxBQ_window_00_frame_5 pair 18 [1, 4] combined 61776 players 22872 retained 256 seconds 0.6821924932301044
gxBQ_window_00_frame_5 pair 19 [1, 5] combined 236 players 0 retained 0 seconds 0.018000737763941288
gxBQ_window_00_frame_5 pair 20 [1, 6] combined 9108 players 518 retained 256 seconds 0.27989643486216664
gxBQ_window_00_frame_5 pair 24 [1, 10] combined 204 players 0 retained 0 seconds 0.014799161814153194
gxBQ_window_00_frame_5 pair 25 [1, 11] combined 5400 players 68 retained 32 seconds 0.04062670795246959
gxBQ_window_00_frame_5 pair 26 [1, 12] combined 69632 players 18040 retained 256 seconds 0.6751677733846009
gxBQ_window_00_frame_5 pair 27 [1, 13] combined 70656 players 21024 retained 256 seconds 0.7350300471298397
gxBQ_window_00_frame_5 pair 28 [1, 14] combined 68608 players 18072 retained 256 seconds 0.7059670398011804
gxBQ_window_00_frame_5 pair 29 [1, 15] combined 68608 players 21812 retained 256 seconds 0.7119736927561462
gxBQ_window_00_frame_5 pair 31 [2, 1] combined 104448 players 36290 retained 256 seconds 1.028270618058741
gxBQ_window_00_frame_5 pair 32 [2, 3] combined 37888 players 12868 retained 256 seconds 0.41085162572562695
gxBQ_window_00_frame_5 pair 34 [2, 5] combined 2048 players 892 retained 256 seconds 0.10700595285743475
gxBQ_window_00_frame_5 pair 36 [2, 7] combined 1024 players 440 retained 218 seconds 0.07930325344204903
gxBQ_window_00_frame_5 pair 37 [2, 8] combined 0 players 0 retained 0 seconds 0.04284718492999673
gxBQ_window_00_frame_5 pair 39 [2, 10] combined 0 players 0 retained 0 seconds 0.052475841250270605
gxBQ_window_00_frame_5 pair 40 [2, 11] combined 17408 players 3334 retained 256 seconds 0.17083905218169093
gxBQ_window_00_frame_5 pair 45 [3, 0] combined 17408 players 5464 retained 256 seconds 0.29430817905813456
gxBQ_window_00_frame_5 pair 46 [3, 1] combined 8908 players 140 retained 65 seconds 0.050439305137842894
gxBQ_window_00_frame_5 pair 47 [3, 2] combined 17408 players 4992 retained 256 seconds 0.20255634700879455
gxBQ_window_00_frame_5 pair 48 [3, 4] combined 13984 players 3092 retained 256 seconds 0.14154318207874894
gxBQ_window_00_frame_5 pair 51 [3, 7] combined 176 players 22 retained 11 seconds 0.020451108925044537
gxBQ_window_00_frame_5 pair 53 [3, 9] combined 0 players 0 retained 0 seconds 0.006203778088092804
gxBQ_window_00_frame_5 pair 56 [3, 12] combined 17408 players 4738 retained 256 seconds 0.5181616917252541
gxBQ_window_00_frame_5 pair 57 [3, 13] combined 17408 players 5528 retained 256 seconds 0.29059721576049924
gxBQ_window_00_frame_5 pair 58 [3, 14] combined 17408 players 4604 retained 256 seconds 0.2997152986936271
gxBQ_window_00_frame_5 pair 59 [3, 15] combined 17408 players 5130 retained 256 seconds 0.24515569396317005
gxBQ_window_00_frame_5 pair 61 [4, 1] combined 75480 players 23312 retained 256 seconds 0.6947325421497226
gxBQ_window_00_frame_5 pair 63 [4, 3] combined 31680 players 10224 retained 256 seconds 0.317670953925699
gxBQ_window_00_frame_5 pair 64 [4, 5] combined 2048 players 934 retained 256 seconds 0.07767772022634745
gxBQ_window_00_frame_5 pair 66 [4, 7] combined 520 players 182 retained 91 seconds 0.0420828047208488
gxBQ_window_00_frame_5 pair 67 [4, 8] combined 0 players 0 retained 0 seconds 0.020736762788146734
gxBQ_window_00_frame_5 pair 69 [4, 10] combined 0 players 0 retained 0 seconds 0.025420730002224445
gxBQ_window_00_frame_5 pair 70 [4, 11] combined 13736 players 3942 retained 256 seconds 0.15831335121765733
gxBQ_window_00_frame_5 pair 75 [5, 0] combined 0 players 0 retained 0 seconds 0.10932878404855728
gxBQ_window_00_frame_5 pair 76 [5, 1] combined 0 players 0 retained 0 seconds 0.01266961032524705
gxBQ_window_00_frame_5 pair 77 [5, 2] combined 0 players 0 retained 0 seconds 0.03320328192785382
gxBQ_window_00_frame_5 pair 79 [5, 4] combined 0 players 0 retained 0 seconds 0.016550138127058744
gxBQ_window_00_frame_5 pair 81 [5, 7] combined 0 players 0 retained 0 seconds 0.0029102759435772896
gxBQ_window_00_frame_5 pair 82 [5, 8] combined 0 players 0 retained 0 seconds 0.0019978396594524384
gxBQ_window_00_frame_5 pair 83 [5, 9] combined 0 players 0 retained 0 seconds 0.0028876219876110554
gxBQ_window_00_frame_5 pair 86 [5, 12] combined 0 players 0 retained 0 seconds 0.11517872288823128
gxBQ_window_00_frame_5 pair 87 [5, 13] combined 0 players 0 retained 0 seconds 0.10442627407610416
gxBQ_window_00_frame_5 pair 88 [5, 14] combined 0 players 0 retained 0 seconds 0.1281732260249555
gxBQ_window_00_frame_5 pair 89 [5, 15] combined 0 players 0 retained 0 seconds 0.06974479928612709
gxBQ_window_00_frame_5 pair 91 [6, 1] combined 10488 players 592 retained 256 seconds 0.06903385603800416
gxBQ_window_00_frame_5 pair 105 [7, 0] combined 0 players 0 retained 0 seconds 0.11570386495441198
gxBQ_window_00_frame_5 pair 107 [7, 2] combined 0 players 0 retained 0 seconds 0.035685498267412186
gxBQ_window_00_frame_5 pair 108 [7, 3] combined 160 players 4 retained 2 seconds 0.0184649177826941
gxBQ_window_00_frame_5 pair 109 [7, 4] combined 0 players 0 retained 0 seconds 0.01896974490955472
gxBQ_window_00_frame_5 pair 110 [7, 5] combined 12 players 0 retained 0 seconds 0.003134364727884531
gxBQ_window_00_frame_5 pair 114 [7, 10] combined 0 players 0 retained 0 seconds 0.0028371629305183887
gxBQ_window_00_frame_5 pair 116 [7, 12] combined 0 players 0 retained 0 seconds 0.12004405492916703
gxBQ_window_00_frame_5 pair 117 [7, 13] combined 0 players 0 retained 0 seconds 0.1137166447006166
gxBQ_window_00_frame_5 pair 118 [7, 14] combined 0 players 0 retained 0 seconds 0.1370473876595497
gxBQ_window_00_frame_5 pair 119 [7, 15] combined 0 players 0 retained 0 seconds 0.07460152823477983
gxBQ_window_00_frame_5 pair 120 [8, 0] combined 0 players 0 retained 0 seconds 0.11713414592668414
gxBQ_window_00_frame_5 pair 122 [8, 2] combined 0 players 0 retained 0 seconds 0.03488476015627384
gxBQ_window_00_frame_5 pair 124 [8, 4] combined 0 players 0 retained 0 seconds 0.018177744932472706
gxBQ_window_00_frame_5 pair 125 [8, 5] combined 0 players 0 retained 0 seconds 0.0022585508413612843
gxBQ_window_00_frame_5 pair 129 [8, 10] combined 0 players 0 retained 0 seconds 0.0022464157082140446
gxBQ_window_00_frame_5 pair 131 [8, 12] combined 0 players 0 retained 0 seconds 0.12067963136360049
gxBQ_window_00_frame_5 pair 132 [8, 13] combined 0 players 0 retained 0 seconds 0.11136050801724195
gxBQ_window_00_frame_5 pair 133 [8, 14] combined 0 players 0 retained 0 seconds 0.13419190887361765
gxBQ_window_00_frame_5 pair 134 [8, 15] combined 0 players 0 retained 0 seconds 0.07385992724448442
gxBQ_window_00_frame_5 pair 138 [9, 3] combined 0 players 0 retained 0 seconds 0.006016978994011879
gxBQ_window_00_frame_5 pair 140 [9, 5] combined 0 players 0 retained 0 seconds 0.0033940798602998257
gxBQ_window_00_frame_5 pair 144 [9, 10] combined 0 players 0 retained 0 seconds 0.0032477108761668205
gxBQ_window_00_frame_5 pair 150 [10, 0] combined 0 players 0 retained 0 seconds 0.10913471411913633
gxBQ_window_00_frame_5 pair 151 [10, 1] combined 0 players 0 retained 0 seconds 0.012387208174914122
gxBQ_window_00_frame_5 pair 152 [10, 2] combined 0 players 0 retained 0 seconds 0.033454461954534054
gxBQ_window_00_frame_5 pair 154 [10, 4] combined 780 players 294 retained 146 seconds 0.04329495830461383
gxBQ_window_00_frame_5 pair 157 [10, 7] combined 0 players 0 retained 0 seconds 0.003131250385195017
gxBQ_window_00_frame_5 pair 158 [10, 8] combined 0 players 0 retained 0 seconds 0.002312967088073492
gxBQ_window_00_frame_5 pair 159 [10, 9] combined 0 players 0 retained 0 seconds 0.002911476418375969
gxBQ_window_00_frame_5 pair 161 [10, 12] combined 0 players 0 retained 0 seconds 0.11442884104326367
gxBQ_window_00_frame_5 pair 162 [10, 13] combined 0 players 0 retained 0 seconds 0.10591942304745317
gxBQ_window_00_frame_5 pair 163 [10, 14] combined 0 players 0 retained 0 seconds 0.12839356530457735
gxBQ_window_00_frame_5 pair 164 [10, 15] combined 0 players 0 retained 0 seconds 0.06966640893369913
gxBQ_window_00_frame_5 pair 165 [11, 0] combined 19456 players 4334 retained 256 seconds 0.26446001464501023
gxBQ_window_00_frame_5 pair 166 [11, 1] combined 10240 players 138 retained 63 seconds 0.04781742114573717
gxBQ_window_00_frame_5 pair 167 [11, 2] combined 20480 players 3884 retained 256 seconds 0.1793057299219072
gxBQ_window_00_frame_5 pair 169 [11, 4] combined 15540 players 3152 retained 256 seconds 0.13955374108627439
gxBQ_window_00_frame_5 pair 176 [11, 12] combined 19456 players 3928 retained 256 seconds 0.260438643861562
gxBQ_window_00_frame_5 pair 177 [11, 13] combined 19456 players 4908 retained 256 seconds 0.2712774518877268
gxBQ_window_00_frame_5 pair 178 [11, 14] combined 19456 players 3988 retained 256 seconds 0.27721958700567484
gxBQ_window_00_frame_5 pair 179 [11, 15] combined 19456 players 3784 retained 256 seconds 0.21022800775244832
gxBQ_window_00_frame_5 pair 181 [12, 1] combined 104448 players 40990 retained 256 seconds 1.439593399874866
gxBQ_window_00_frame_5 pair 183 [12, 3] combined 37888 players 15846 retained 256 seconds 0.5938760270364583
gxBQ_window_00_frame_5 pair 185 [12, 5] combined 2048 players 972 retained 256 seconds 0.22542959172278643
gxBQ_window_00_frame_5 pair 187 [12, 7] combined 1024 players 440 retained 201 seconds 0.17559273121878505
gxBQ_window_00_frame_5 pair 188 [12, 8] combined 0 players 0 retained 0 seconds 0.13940280210226774
gxBQ_window_00_frame_5 pair 190 [12, 10] combined 0 players 0 retained 0 seconds 0.17410380207002163
gxBQ_window_00_frame_5 pair 191 [12, 11] combined 17408 players 4454 retained 256 seconds 0.2967001749202609
gxBQ_window_00_frame_5 pair 196 [13, 1] combined 109568 players 43172 retained 256 seconds 1.2428022841922939
gxBQ_window_00_frame_5 pair 198 [13, 3] combined 37888 players 14626 retained 256 seconds 0.5285922489129007
gxBQ_window_00_frame_5 pair 200 [13, 5] combined 2048 players 950 retained 256 seconds 0.21215102495625615
gxBQ_window_00_frame_5 pair 202 [13, 7] combined 1024 players 424 retained 200 seconds 0.161401289049536
gxBQ_window_00_frame_5 pair 203 [13, 8] combined 0 players 0 retained 0 seconds 0.12725301273167133
gxBQ_window_00_frame_5 pair 205 [13, 10] combined 0 players 0 retained 0 seconds 0.1564659527502954
gxBQ_window_00_frame_5 pair 206 [13, 11] combined 17408 players 3866 retained 256 seconds 0.27260257489979267
gxBQ_window_00_frame_5 pair 211 [14, 1] combined 110592 players 44424 retained 256 seconds 1.3128605470992625
gxBQ_window_00_frame_5 pair 213 [14, 3] combined 37888 players 15982 retained 256 seconds 0.57680973270908
gxBQ_window_00_frame_5 pair 215 [14, 5] combined 2048 players 972 retained 256 seconds 0.24532687989994884
gxBQ_window_00_frame_5 pair 217 [14, 7] combined 1024 players 462 retained 214 seconds 0.18761491496115923
gxBQ_window_00_frame_5 pair 218 [14, 8] combined 0 players 0 retained 0 seconds 0.1514914990402758
gxBQ_window_00_frame_5 pair 220 [14, 10] combined 0 players 0 retained 0 seconds 0.18534022569656372
gxBQ_window_00_frame_5 pair 221 [14, 11] combined 17408 players 3970 retained 256 seconds 0.29285002406686544
gxBQ_window_00_frame_5 pair 226 [15, 1] combined 104448 players 38784 retained 256 seconds 1.3524111057631671
gxBQ_window_00_frame_5 pair 228 [15, 3] combined 37888 players 13340 retained 256 seconds 0.44908408680930734
gxBQ_window_00_frame_5 pair 230 [15, 5] combined 2048 players 894 retained 256 seconds 0.157354183960706
gxBQ_window_00_frame_5 pair 232 [15, 7] combined 1024 players 338 retained 163 seconds 0.1127943778410554
gxBQ_window_00_frame_5 pair 233 [15, 8] combined 0 players 0 retained 0 seconds 0.08363931300118566
gxBQ_window_00_frame_5 pair 235 [15, 10] combined 0 players 0 retained 0 seconds 0.10703939106315374
gxBQ_window_00_frame_5 pair 236 [15, 11] combined 17408 players 3558 retained 256 seconds 0.21829924685880542
[gxBQ_window_00_frame_5] line-template: preparing rectangles
[gxBQ_window_00_frame_5] measuring 768 parents (G0=256, G1=256, line_template=256; conflicting geometry groups=0)
[gxBQ_window_00_frame_5] parents 250/768
[gxBQ_window_00_frame_5] parents 500/768
[gxBQ_window_00_frame_5] parents 750/768
[gxBQ_window_00_frame_5] refitting 768 parents
[gxBQ_window_00_frame_5] refits 250/768; valid children=224
[gxBQ_window_00_frame_5] refits 500/768; valid children=462
[gxBQ_window_00_frame_5] refits 750/768; valid children=656
{"view_id": "gxBQ_window_00_frame_5", "chosen_key": "line_template:rectangle_85795:template_72/child", "no_court_reason": null, "all_checks_equal": null, "error": null}
{"views": ["gxBQ_window_00_frame_5"], "startup_seconds": 0.032231496181339025, "wall_seconds": 419.0083801560104, "peak_rss_mb": 1801.765625, "failed": []}
