decoded <remote>/paint_geometry_20260909/gx_extension/videos/gxBQ_HwdgN4.mp4 to frame 779 in 4s
gxBQ_window_00_frame_689 pair 0 [0, 1] combined 262144 players 87394 retained 256 seconds 6.761729783844203
gxBQ_window_00_frame_689 pair 2 [0, 3] combined 262144 players 50072 retained 256 seconds 5.724085554946214
gxBQ_window_00_frame_689 pair 5 [0, 6] combined 10240 players 2816 retained 256 seconds 3.405108701903373
gxBQ_window_00_frame_689 pair 6 [0, 7] combined 262144 players 28870 retained 256 seconds 4.942144114058465
gxBQ_window_00_frame_689 pair 7 [0, 8] combined 262144 players 64230 retained 256 seconds 5.916651322040707
gxBQ_window_00_frame_689 pair 15 [1, 0] combined 262144 players 67208 retained 256 seconds 7.250495917163789
gxBQ_window_00_frame_689 pair 16 [1, 2] combined 262144 players 18592 retained 256 seconds 2.6233494500629604
gxBQ_window_00_frame_689 pair 17 [1, 3] combined 262144 players 5772 retained 256 seconds 1.2395211537368596
gxBQ_window_00_frame_689 pair 18 [1, 4] combined 262144 players 47506 retained 256 seconds 5.856589043978602
gxBQ_window_00_frame_689 pair 20 [1, 6] combined 16384 players 0 retained 0 seconds 0.20244403695687652
gxBQ_window_00_frame_689 pair 21 [1, 7] combined 262144 players 574 retained 251 seconds 1.007793945260346
gxBQ_window_00_frame_689 pair 23 [1, 9] combined 207872 players 18836 retained 256 seconds 1.5425309920683503
gxBQ_window_00_frame_689 pair 24 [1, 10] combined 262144 players 36134 retained 256 seconds 2.3351975441910326
gxBQ_window_00_frame_689 pair 26 [1, 12] combined 262144 players 75648 retained 256 seconds 6.600130684208125
gxBQ_window_00_frame_689 pair 27 [1, 13] combined 262144 players 57238 retained 256 seconds 6.535007088910788
gxBQ_window_00_frame_689 pair 28 [1, 14] combined 262144 players 70564 retained 256 seconds 7.12960957409814
gxBQ_window_00_frame_689 pair 29 [1, 15] combined 262144 players 72864 retained 256 seconds 7.262157623190433
gxBQ_window_00_frame_689 pair 31 [2, 1] combined 262144 players 102150 retained 256 seconds 5.5698526580818
gxBQ_window_00_frame_689 pair 32 [2, 3] combined 262144 players 41936 retained 256 seconds 3.5435839388519526
gxBQ_window_00_frame_689 pair 35 [2, 6] combined 7168 players 1210 retained 256 seconds 1.2093159584328532
gxBQ_window_00_frame_689 pair 37 [2, 8] combined 262144 players 107324 retained 256 seconds 5.922823062166572
gxBQ_window_00_frame_689 pair 45 [3, 0] combined 262144 players 83840 retained 256 seconds 7.454492203891277
gxBQ_window_00_frame_689 pair 46 [3, 1] combined 262144 players 1006 retained 256 seconds 1.063914269208908
gxBQ_window_00_frame_689 pair 47 [3, 2] combined 262144 players 38832 retained 256 seconds 3.2852423726581037
gxBQ_window_00_frame_689 pair 48 [3, 4] combined 262144 players 78588 retained 256 seconds 7.020523127634078
gxBQ_window_00_frame_689 pair 49 [3, 5] combined 24576 players 592 retained 249 seconds 0.24752957979217172
gxBQ_window_00_frame_689 pair 52 [3, 8] combined 262144 players 3672 retained 256 seconds 1.1157204839400947
gxBQ_window_00_frame_689 pair 54 [3, 10] combined 262144 players 86490 retained 256 seconds 4.515159802976996
gxBQ_window_00_frame_689 pair 55 [3, 11] combined 45056 players 0 retained 0 seconds 0.23174956068396568
gxBQ_window_00_frame_689 pair 56 [3, 12] combined 262144 players 84060 retained 256 seconds 7.300807336345315
gxBQ_window_00_frame_689 pair 57 [3, 13] combined 262144 players 84916 retained 256 seconds 7.053403874859214
gxBQ_window_00_frame_689 pair 58 [3, 14] combined 262144 players 90250 retained 256 seconds 7.470040387939662
gxBQ_window_00_frame_689 pair 59 [3, 15] combined 262144 players 83586 retained 256 seconds 7.078062100801617
gxBQ_window_00_frame_689 pair 61 [4, 1] combined 262144 players 95700 retained 256 seconds 7.124112949240953
gxBQ_window_00_frame_689 pair 63 [4, 3] combined 262144 players 53430 retained 256 seconds 5.998031908180565
gxBQ_window_00_frame_689 pair 65 [4, 6] combined 9216 players 2388 retained 256 seconds 3.5144213028252125
gxBQ_window_00_frame_689 pair 66 [4, 7] combined 262144 players 55102 retained 256 seconds 6.1061840718612075
gxBQ_window_00_frame_689 pair 67 [4, 8] combined 262144 players 107440 retained 256 seconds 7.588805102743208
gxBQ_window_00_frame_689 pair 78 [5, 3] combined 15360 players 2010 retained 256 seconds 0.25018090987578034
gxBQ_window_00_frame_689 pair 81 [5, 7] combined 31744 players 4030 retained 256 seconds 0.3195496117696166
gxBQ_window_00_frame_689 pair 83 [5, 9] combined 20608 players 6656 retained 256 seconds 0.3638757197186351
gxBQ_window_00_frame_689 pair 85 [5, 11] combined 0 players 0 retained 0 seconds 0.011694665998220444
gxBQ_window_00_frame_689 pair 90 [6, 0] combined 1024 players 0 retained 0 seconds 2.888032410759479
gxBQ_window_00_frame_689 pair 91 [6, 1] combined 3072 players 28 retained 14 seconds 0.18023470090702176
gxBQ_window_00_frame_689 pair 92 [6, 2] combined 0 players 0 retained 0 seconds 0.953216484747827
gxBQ_window_00_frame_689 pair 94 [6, 4] combined 3072 players 360 retained 176 seconds 2.9547936511226
gxBQ_window_00_frame_689 pair 97 [6, 8] combined 3072 players 24 retained 12 seconds 0.11993420822545886
gxBQ_window_00_frame_689 pair 99 [6, 10] combined 0 players 0 retained 0 seconds 0.04810225684195757
gxBQ_window_00_frame_689 pair 100 [6, 11] combined 344 players 0 retained 0 seconds 0.01380565483123064
gxBQ_window_00_frame_689 pair 101 [6, 12] combined 3072 players 282 retained 132 seconds 2.9687345288693905
gxBQ_window_00_frame_689 pair 102 [6, 13] combined 1024 players 0 retained 0 seconds 2.7375429118983448
gxBQ_window_00_frame_689 pair 103 [6, 14] combined 0 players 0 retained 0 seconds 2.8512377440929413
gxBQ_window_00_frame_689 pair 104 [6, 15] combined 4096 players 372 retained 171 seconds 2.941339297685772
gxBQ_window_00_frame_689 pair 105 [7, 0] combined 262144 players 27950 retained 256 seconds 4.825360246002674
gxBQ_window_00_frame_689 pair 106 [7, 1] combined 262144 players 84 retained 30 seconds 1.055039303842932
gxBQ_window_00_frame_689 pair 109 [7, 4] combined 262144 players 40320 retained 256 seconds 4.072719350922853
gxBQ_window_00_frame_689 pair 110 [7, 5] combined 25600 players 544 retained 256 seconds 0.10915231192484498
gxBQ_window_00_frame_689 pair 112 [7, 8] combined 262144 players 662 retained 256 seconds 0.5578518630936742
gxBQ_window_00_frame_689 pair 114 [7, 10] combined 262144 players 49582 retained 256 seconds 1.580307309050113
gxBQ_window_00_frame_689 pair 115 [7, 11] combined 46080 players 186 retained 93 seconds 0.21897698193788528
gxBQ_window_00_frame_689 pair 116 [7, 12] combined 262144 players 32724 retained 256 seconds 3.0323729370720685
gxBQ_window_00_frame_689 pair 117 [7, 13] combined 262144 players 18592 retained 256 seconds 2.815546882804483
gxBQ_window_00_frame_689 pair 118 [7, 14] combined 262144 players 45244 retained 256 seconds 3.390872357878834
gxBQ_window_00_frame_689 pair 119 [7, 15] combined 262144 players 31976 retained 256 seconds 3.088983613997698
gxBQ_window_00_frame_689 pair 120 [8, 0] combined 262144 players 47214 retained 256 seconds 3.367545548826456
gxBQ_window_00_frame_689 pair 122 [8, 2] combined 262144 players 19592 retained 256 seconds 1.5033509703353047
gxBQ_window_00_frame_689 pair 123 [8, 3] combined 262144 players 13418 retained 256 seconds 0.8795509496703744
gxBQ_window_00_frame_689 pair 124 [8, 4] combined 262144 players 40610 retained 256 seconds 3.359891002997756
gxBQ_window_00_frame_689 pair 126 [8, 6] combined 12288 players 0 retained 0 seconds 0.08059759298339486
gxBQ_window_00_frame_689 pair 127 [8, 7] combined 262144 players 1526 retained 256 seconds 0.5889541092328727
gxBQ_window_00_frame_689 pair 128 [8, 9] combined 208896 players 11680 retained 256 seconds 0.6969463359564543
gxBQ_window_00_frame_689 pair 129 [8, 10] combined 262144 players 37658 retained 256 seconds 1.4200957817956805
gxBQ_window_00_frame_689 pair 131 [8, 12] combined 262144 players 65124 retained 256 seconds 4.140204897150397
gxBQ_window_00_frame_689 pair 132 [8, 13] combined 262144 players 53902 retained 256 seconds 3.7320845699869096
gxBQ_window_00_frame_689 pair 133 [8, 14] combined 262144 players 66034 retained 256 seconds 3.9795624259859324
gxBQ_window_00_frame_689 pair 134 [8, 15] combined 262144 players 47394 retained 256 seconds 3.6667889528907835
gxBQ_window_00_frame_689 pair 136 [9, 1] combined 262144 players 24936 retained 256 seconds 1.1089145857840776
gxBQ_window_00_frame_689 pair 140 [9, 5] combined 13824 players 1404 retained 256 seconds 0.10160140786319971
gxBQ_window_00_frame_689 pair 143 [9, 8] combined 257024 players 7612 retained 256 seconds 0.6863519051112235
gxBQ_window_00_frame_689 pair 145 [9, 11] combined 15912 players 574 retained 256 seconds 0.08627435006201267
gxBQ_window_00_frame_689 pair 151 [10, 1] combined 201728 players 40814 retained 256 seconds 1.345356131438166
gxBQ_window_00_frame_689 pair 153 [10, 3] combined 262144 players 49506 retained 256 seconds 1.755244439933449
gxBQ_window_00_frame_689 pair 156 [10, 6] combined 5120 players 1172 retained 256 seconds 0.11048517609015107
gxBQ_window_00_frame_689 pair 157 [10, 7] combined 262144 players 51916 retained 256 seconds 1.6419341447763145
gxBQ_window_00_frame_689 pair 158 [10, 8] combined 218112 players 43850 retained 256 seconds 1.4052864676341414
gxBQ_window_00_frame_689 pair 168 [11, 3] combined 28672 players 0 retained 0 seconds 0.09599875472486019
gxBQ_window_00_frame_689 pair 170 [11, 5] combined 224 players 16 retained 8 seconds 0.020179845858365297
gxBQ_window_00_frame_689 pair 171 [11, 6] combined 1728 players 0 retained 0 seconds 0.010638038627803326
gxBQ_window_00_frame_689 pair 172 [11, 7] combined 22528 players 0 retained 0 seconds 0.055376265197992325
gxBQ_window_00_frame_689 pair 174 [11, 9] combined 12880 players 98 retained 49 seconds 0.05139588378369808
gxBQ_window_00_frame_689 pair 181 [12, 1] combined 262144 players 90304 retained 256 seconds 4.191213882993907
gxBQ_window_00_frame_689 pair 183 [12, 3] combined 262144 players 53692 retained 256 seconds 3.621892453636974
gxBQ_window_00_frame_689 pair 186 [12, 6] combined 9216 players 2262 retained 256 seconds 2.154832531232387
gxBQ_window_00_frame_689 pair 187 [12, 7] combined 262144 players 44292 retained 256 seconds 3.4192027300596237
gxBQ_window_00_frame_689 pair 188 [12, 8] combined 262144 players 72100 retained 256 seconds 3.775639086961746
gxBQ_window_00_frame_689 pair 196 [13, 1] combined 262144 players 97210 retained 256 seconds 4.27700617397204
gxBQ_window_00_frame_689 pair 198 [13, 3] combined 262144 players 51420 retained 256 seconds 3.631293236743659
gxBQ_window_00_frame_689 pair 201 [13, 6] combined 9216 players 2394 retained 256 seconds 2.117614252027124
gxBQ_window_00_frame_689 pair 202 [13, 7] combined 262144 players 26016 retained 256 seconds 3.0286549320444465
gxBQ_window_00_frame_689 pair 203 [13, 8] combined 262144 players 107170 retained 256 seconds 4.397266597021371
gxBQ_window_00_frame_689 pair 211 [14, 1] combined 262144 players 92592 retained 256 seconds 4.3598518911749125
gxBQ_window_00_frame_689 pair 213 [14, 3] combined 262144 players 53974 retained 256 seconds 3.5743534099310637
gxBQ_window_00_frame_689 pair 216 [14, 6] combined 8192 players 2074 retained 256 seconds 2.101842420641333
gxBQ_window_00_frame_689 pair 217 [14, 7] combined 262144 players 59170 retained 256 seconds 3.7546714418567717
gxBQ_window_00_frame_689 pair 218 [14, 8] combined 262144 players 95186 retained 256 seconds 4.190866171848029
gxBQ_window_00_frame_689 pair 226 [15, 1] combined 262144 players 98094 retained 256 seconds 4.3575846292078495
gxBQ_window_00_frame_689 pair 228 [15, 3] combined 262144 players 51370 retained 256 seconds 3.515865381807089
gxBQ_window_00_frame_689 pair 231 [15, 6] combined 8192 players 1764 retained 256 seconds 2.1517329649068415
gxBQ_window_00_frame_689 pair 232 [15, 7] combined 262144 players 52124 retained 256 seconds 3.5376965110190213
gxBQ_window_00_frame_689 pair 233 [15, 8] combined 262144 players 100588 retained 256 seconds 4.197285659145564
gxBQ_window_00_frame_689 pair 0 [0, 1] combined 262144 players 93620 retained 256 seconds 2.5838111178018153
gxBQ_window_00_frame_689 pair 2 [0, 3] combined 10240 players 3192 retained 256 seconds 0.33740302780643106
gxBQ_window_00_frame_689 pair 5 [0, 6] combined 0 players 0 retained 0 seconds 0.22756450762972236
gxBQ_window_00_frame_689 pair 6 [0, 7] combined 4096 players 1558 retained 256 seconds 0.2870343532413244
gxBQ_window_00_frame_689 pair 7 [0, 8] combined 262144 players 95952 retained 256 seconds 2.614438069984317
gxBQ_window_00_frame_689 pair 15 [1, 0] combined 232448 players 62460 retained 256 seconds 2.1539278086274862
gxBQ_window_00_frame_689 pair 16 [1, 2] combined 236544 players 47044 retained 256 seconds 1.4931331779807806
gxBQ_window_00_frame_689 pair 17 [1, 3] combined 26796 players 806 retained 256 seconds 0.126552551984787
gxBQ_window_00_frame_689 pair 18 [1, 4] combined 228352 players 74158 retained 256 seconds 2.164520285092294
gxBQ_window_00_frame_689 pair 20 [1, 6] combined 0 players 0 retained 0 seconds 0.03291831212118268
gxBQ_window_00_frame_689 pair 21 [1, 7] combined 3860 players 0 retained 0 seconds 0.032470008824020624
gxBQ_window_00_frame_689 pair 23 [1, 9] combined 17272 players 628 retained 256 seconds 0.09901400795206428
gxBQ_window_00_frame_689 pair 24 [1, 10] combined 74992 players 35450 retained 256 seconds 1.145141120068729
gxBQ_window_00_frame_689 pair 26 [1, 12] combined 231424 players 64998 retained 256 seconds 1.9585998416878283
gxBQ_window_00_frame_689 pair 27 [1, 13] combined 231424 players 59010 retained 256 seconds 1.8011297145858407
gxBQ_window_00_frame_689 pair 28 [1, 14] combined 231424 players 86434 retained 256 seconds 2.488910336047411
gxBQ_window_00_frame_689 pair 29 [1, 15] combined 231424 players 66454 retained 256 seconds 1.974729638081044
gxBQ_window_00_frame_689 pair 31 [2, 1] combined 262144 players 112796 retained 256 seconds 2.7369775269180536
gxBQ_window_00_frame_689 pair 32 [2, 3] combined 15360 players 3208 retained 256 seconds 0.37696357956156135
gxBQ_window_00_frame_689 pair 35 [2, 6] combined 0 players 0 retained 0 seconds 0.05341452406719327
gxBQ_window_00_frame_689 pair 37 [2, 8] combined 262144 players 108206 retained 256 seconds 2.6737156282179058
gxBQ_window_00_frame_689 pair 45 [3, 0] combined 17408 players 5062 retained 256 seconds 0.32596829207614064
gxBQ_window_00_frame_689 pair 46 [3, 1] combined 25600 players 114 retained 56 seconds 0.08719535591080785
gxBQ_window_00_frame_689 pair 47 [3, 2] combined 18432 players 3328 retained 256 seconds 0.17299848701804876
gxBQ_window_00_frame_689 pair 48 [3, 4] combined 17408 players 4414 retained 256 seconds 0.3007210730575025
gxBQ_window_00_frame_689 pair 49 [3, 5] combined 0 players 0 retained 0 seconds 0.007672297302633524
gxBQ_window_00_frame_689 pair 52 [3, 8] combined 16384 players 646 retained 256 seconds 0.0908895991742611
gxBQ_window_00_frame_689 pair 54 [3, 10] combined 3960 players 814 retained 256 seconds 0.06630766205489635
gxBQ_window_00_frame_689 pair 55 [3, 11] combined 0 players 0 retained 0 seconds 0.007305369712412357
gxBQ_window_00_frame_689 pair 56 [3, 12] combined 17408 players 4952 retained 256 seconds 0.31617330806329846
gxBQ_window_00_frame_689 pair 57 [3, 13] combined 18432 players 5310 retained 256 seconds 0.288413445930928
gxBQ_window_00_frame_689 pair 58 [3, 14] combined 18432 players 5600 retained 256 seconds 0.28405789099633694
gxBQ_window_00_frame_689 pair 59 [3, 15] combined 17408 players 4584 retained 256 seconds 0.3069751812145114
gxBQ_window_00_frame_689 pair 61 [4, 1] combined 262144 players 111188 retained 256 seconds 2.9861996499821544
gxBQ_window_00_frame_689 pair 63 [4, 3] combined 8192 players 2552 retained 256 seconds 0.28809082694351673
gxBQ_window_00_frame_689 pair 65 [4, 6] combined 0 players 0 retained 0 seconds 0.19457919476553798
gxBQ_window_00_frame_689 pair 66 [4, 7] combined 4096 players 1252 retained 256 seconds 0.24426242895424366
gxBQ_window_00_frame_689 pair 67 [4, 8] combined 262144 players 109540 retained 256 seconds 2.8086163052357733
gxBQ_window_00_frame_689 pair 78 [5, 3] combined 0 players 0 retained 0 seconds 0.014369572047144175
gxBQ_window_00_frame_689 pair 81 [5, 7] combined 0 players 0 retained 0 seconds 0.002095581963658333
gxBQ_window_00_frame_689 pair 83 [5, 9] combined 0 players 0 retained 0 seconds 0.0030116266570985317
gxBQ_window_00_frame_689 pair 85 [5, 11] combined 0 players 0 retained 0 seconds 0.0017883079126477242
gxBQ_window_00_frame_689 pair 90 [6, 0] combined 0 players 0 retained 0 seconds 0.15304217115044594
gxBQ_window_00_frame_689 pair 91 [6, 1] combined 0 players 0 retained 0 seconds 0.020295671187341213
gxBQ_window_00_frame_689 pair 92 [6, 2] combined 0 players 0 retained 0 seconds 0.037262448109686375
gxBQ_window_00_frame_689 pair 94 [6, 4] combined 0 players 0 retained 0 seconds 0.13723575416952372
gxBQ_window_00_frame_689 pair 97 [6, 8] combined 0 players 0 retained 0 seconds 0.016648662742227316
gxBQ_window_00_frame_689 pair 99 [6, 10] combined 0 players 0 retained 0 seconds 0.007907958701252937
gxBQ_window_00_frame_689 pair 100 [6, 11] combined 0 players 0 retained 0 seconds 0.0018701120279729366
gxBQ_window_00_frame_689 pair 101 [6, 12] combined 0 players 0 retained 0 seconds 0.1525184572674334
gxBQ_window_00_frame_689 pair 102 [6, 13] combined 0 players 0 retained 0 seconds 0.11407729331403971
gxBQ_window_00_frame_689 pair 103 [6, 14] combined 0 players 0 retained 0 seconds 0.10887745395302773
gxBQ_window_00_frame_689 pair 104 [6, 15] combined 0 players 0 retained 0 seconds 0.15309851802885532
gxBQ_window_00_frame_689 pair 105 [7, 0] combined 8192 players 2492 retained 256 seconds 0.45909014623612165
gxBQ_window_00_frame_689 pair 106 [7, 1] combined 5120 players 0 retained 0 seconds 0.02769129117950797
gxBQ_window_00_frame_689 pair 109 [7, 4] combined 8192 players 2308 retained 256 seconds 0.22815084271132946
gxBQ_window_00_frame_689 pair 110 [7, 5] combined 0 players 0 retained 0 seconds 0.002947618719190359
gxBQ_window_00_frame_689 pair 112 [7, 8] combined 2048 players 0 retained 0 seconds 0.01946707908064127
gxBQ_window_00_frame_689 pair 114 [7, 10] combined 2112 players 760 retained 256 seconds 0.05495474208146334
gxBQ_window_00_frame_689 pair 115 [7, 11] combined 0 players 0 retained 0 seconds 0.002929624170064926
gxBQ_window_00_frame_689 pair 116 [7, 12] combined 8192 players 2264 retained 256 seconds 0.24585071299225092
gxBQ_window_00_frame_689 pair 117 [7, 13] combined 8192 players 2212 retained 256 seconds 0.20449442602694035
gxBQ_window_00_frame_689 pair 118 [7, 14] combined 8192 players 2762 retained 256 seconds 0.20819295104593039
gxBQ_window_00_frame_689 pair 119 [7, 15] combined 8192 players 2374 retained 256 seconds 0.24399746162816882
gxBQ_window_00_frame_689 pair 120 [8, 0] combined 144384 players 36996 retained 256 seconds 1.211703750770539
gxBQ_window_00_frame_689 pair 122 [8, 2] combined 147456 players 30025 retained 256 seconds 0.9650487657636404
gxBQ_window_00_frame_689 pair 123 [8, 3] combined 16000 players 870 retained 256 seconds 0.09716199105605483
gxBQ_window_00_frame_689 pair 124 [8, 4] combined 146432 players 44780 retained 256 seconds 1.3716852283105254
gxBQ_window_00_frame_689 pair 126 [8, 6] combined 0 players 0 retained 0 seconds 0.024880812037736177
gxBQ_window_00_frame_689 pair 127 [8, 7] combined 2860 players 0 retained 0 seconds 0.025532009080052376
gxBQ_window_00_frame_689 pair 128 [8, 9] combined 22500 players 1076 retained 256 seconds 0.1079010316170752
gxBQ_window_00_frame_689 pair 129 [8, 10] combined 45188 players 21288 retained 256 seconds 0.5781621998175979
gxBQ_window_00_frame_689 pair 131 [8, 12] combined 144384 players 41006 retained 256 seconds 1.539249636232853
gxBQ_window_00_frame_689 pair 132 [8, 13] combined 144384 players 32386 retained 256 seconds 1.0649880189448595
gxBQ_window_00_frame_689 pair 133 [8, 14] combined 144384 players 53368 retained 256 seconds 1.4967168560251594
gxBQ_window_00_frame_689 pair 134 [8, 15] combined 147456 players 41740 retained 256 seconds 1.2774626668542624
gxBQ_window_00_frame_689 pair 136 [9, 1] combined 31744 players 1406 retained 256 seconds 0.1284509301185608
gxBQ_window_00_frame_689 pair 140 [9, 5] combined 0 players 0 retained 0 seconds 0.004154158290475607
gxBQ_window_00_frame_689 pair 143 [9, 8] combined 20592 players 1112 retained 256 seconds 0.09854205278679729
gxBQ_window_00_frame_689 pair 145 [9, 11] combined 120 players 0 retained 0 seconds 0.005053547210991383
gxBQ_window_00_frame_689 pair 151 [10, 1] combined 23552 players 7546 retained 256 seconds 0.25054790871217847
gxBQ_window_00_frame_689 pair 153 [10, 3] combined 4664 players 884 retained 256 seconds 0.06971830781549215
gxBQ_window_00_frame_689 pair 156 [10, 6] combined 0 players 0 retained 0 seconds 0.012264641001820564
gxBQ_window_00_frame_689 pair 157 [10, 7] combined 528 players 192 retained 84 seconds 0.03142125625163317
gxBQ_window_00_frame_689 pair 158 [10, 8] combined 25600 players 8086 retained 256 seconds 0.25581659469753504
gxBQ_window_00_frame_689 pair 168 [11, 3] combined 0 players 0 retained 0 seconds 0.007007157895714045
gxBQ_window_00_frame_689 pair 170 [11, 5] combined 0 players 0 retained 0 seconds 0.0020520249381661415
gxBQ_window_00_frame_689 pair 171 [11, 6] combined 0 players 0 retained 0 seconds 0.0018983092159032822
gxBQ_window_00_frame_689 pair 172 [11, 7] combined 0 players 0 retained 0 seconds 0.0023198421113193035
gxBQ_window_00_frame_689 pair 174 [11, 9] combined 280 players 0 retained 0 seconds 0.003911671228706837
gxBQ_window_00_frame_689 pair 181 [12, 1] combined 262144 players 105078 retained 256 seconds 2.95758839789778
gxBQ_window_00_frame_689 pair 183 [12, 3] combined 8192 players 2808 retained 256 seconds 0.31220171693712473
gxBQ_window_00_frame_689 pair 186 [12, 6] combined 0 players 0 retained 0 seconds 0.21503466926515102
gxBQ_window_00_frame_689 pair 187 [12, 7] combined 4096 players 1296 retained 256 seconds 0.26705494010820985
gxBQ_window_00_frame_689 pair 188 [12, 8] combined 262144 players 95568 retained 256 seconds 2.5363978426903486
gxBQ_window_00_frame_689 pair 196 [13, 1] combined 262144 players 109140 retained 256 seconds 2.875839744694531
gxBQ_window_00_frame_689 pair 198 [13, 3] combined 10240 players 3470 retained 256 seconds 0.27716312697157264
gxBQ_window_00_frame_689 pair 201 [13, 6] combined 0 players 0 retained 0 seconds 0.16408925410360098
gxBQ_window_00_frame_689 pair 202 [13, 7] combined 4096 players 1402 retained 256 seconds 0.21830357797443867
gxBQ_window_00_frame_689 pair 203 [13, 8] combined 262144 players 107526 retained 256 seconds 2.8737921533174813
gxBQ_window_00_frame_689 pair 211 [14, 1] combined 262144 players 108856 retained 256 seconds 2.856078597251326
gxBQ_window_00_frame_689 pair 213 [14, 3] combined 10240 players 2726 retained 256 seconds 0.25413680728524923
gxBQ_window_00_frame_689 pair 216 [14, 6] combined 0 players 0 retained 0 seconds 0.1532623921521008
gxBQ_window_00_frame_689 pair 217 [14, 7] combined 4096 players 1450 retained 256 seconds 0.21111139934509993
gxBQ_window_00_frame_689 pair 218 [14, 8] combined 262144 players 105554 retained 256 seconds 2.855780553072691
gxBQ_window_00_frame_689 pair 226 [15, 1] combined 262144 players 107766 retained 256 seconds 2.73994561098516
gxBQ_window_00_frame_689 pair 228 [15, 3] combined 8192 players 2572 retained 256 seconds 0.3046033438295126
gxBQ_window_00_frame_689 pair 231 [15, 6] combined 0 players 0 retained 0 seconds 0.2110024755820632
gxBQ_window_00_frame_689 pair 232 [15, 7] combined 4096 players 1342 retained 256 seconds 0.26850861543789506
gxBQ_window_00_frame_689 pair 233 [15, 8] combined 262144 players 102634 retained 256 seconds 2.647236119955778
[gxBQ_window_00_frame_689] line-template: preparing rectangles
[gxBQ_window_00_frame_689] measuring 768 parents (G0=256, G1=256, line_template=256; conflicting geometry groups=0)
[gxBQ_window_00_frame_689] parents 250/768
[gxBQ_window_00_frame_689] parents 500/768
[gxBQ_window_00_frame_689] parents 750/768
[gxBQ_window_00_frame_689] refitting 768 parents
[gxBQ_window_00_frame_689] refits 250/768; valid children=247
[gxBQ_window_00_frame_689] refits 500/768; valid children=485
[gxBQ_window_00_frame_689] refits 750/768; valid children=695
{"view_id": "gxBQ_window_00_frame_689", "chosen_key": "line_template:rectangle_59439:template_10/child", "no_court_reason": null, "all_checks_equal": null, "error": null}
{"views": ["gxBQ_window_00_frame_689"], "startup_seconds": 0.033234592992812395, "wall_seconds": 509.6914357310161, "peak_rss_mb": 1925.49609375, "failed": []}
