decoded <remote>/paint_geometry_20260909/gx_extension/videos/gxBQ_HwdgN4.mp4 to frame 77966 in 355s
gxBQ_window_03_frame_77876 pair 0 [0, 1] combined 262144 players 36088 retained 256 seconds 5.60929193161428
gxBQ_window_03_frame_77876 pair 2 [0, 3] combined 262144 players 72762 retained 256 seconds 6.673537664115429
gxBQ_window_03_frame_77876 pair 5 [0, 6] combined 83968 players 30480 retained 256 seconds 5.720575594808906
gxBQ_window_03_frame_77876 pair 8 [0, 9] combined 88064 players 5616 retained 256 seconds 3.734102814923972
gxBQ_window_03_frame_77876 pair 9 [0, 10] combined 262144 players 76216 retained 256 seconds 7.858925435692072
gxBQ_window_03_frame_77876 pair 10 [0, 11] combined 1024 players 124 retained 49 seconds 3.737690203823149
gxBQ_window_03_frame_77876 pair 15 [1, 0] combined 262144 players 52846 retained 256 seconds 6.213124042842537
gxBQ_window_03_frame_77876 pair 16 [1, 2] combined 262144 players 52684 retained 256 seconds 3.38963459758088
gxBQ_window_03_frame_77876 pair 17 [1, 3] combined 262144 players 8138 retained 256 seconds 1.3534327810630202
gxBQ_window_03_frame_77876 pair 18 [1, 4] combined 262144 players 12652 retained 256 seconds 1.7710148789919913
gxBQ_window_03_frame_77876 pair 20 [1, 6] combined 184320 players 17358 retained 256 seconds 1.4279143381863832
gxBQ_window_03_frame_77876 pair 21 [1, 7] combined 262144 players 2086 retained 256 seconds 1.1064236797392368
gxBQ_window_03_frame_77876 pair 22 [1, 8] combined 262144 players 12782 retained 256 seconds 1.6959812492132187
gxBQ_window_03_frame_77876 pair 24 [1, 10] combined 262144 players 19048 retained 256 seconds 1.676874921657145
gxBQ_window_03_frame_77876 pair 26 [1, 12] combined 262144 players 66110 retained 256 seconds 6.848173157311976
gxBQ_window_03_frame_77876 pair 27 [1, 13] combined 262144 players 45544 retained 256 seconds 6.10376747418195
gxBQ_window_03_frame_77876 pair 28 [1, 14] combined 262144 players 71386 retained 256 seconds 7.131153966765851
gxBQ_window_03_frame_77876 pair 29 [1, 15] combined 262144 players 48810 retained 256 seconds 5.698124459013343
gxBQ_window_03_frame_77876 pair 31 [2, 1] combined 262144 players 57532 retained 256 seconds 3.552037250716239
gxBQ_window_03_frame_77876 pair 32 [2, 3] combined 262144 players 54890 retained 256 seconds 3.3709184960462153
gxBQ_window_03_frame_77876 pair 35 [2, 6] combined 86016 players 27592 retained 256 seconds 1.5711283548735082
gxBQ_window_03_frame_77876 pair 38 [2, 9] combined 71680 players 5744 retained 256 seconds 0.7238929248414934
gxBQ_window_03_frame_77876 pair 39 [2, 10] combined 262144 players 74358 retained 256 seconds 4.002066679764539
gxBQ_window_03_frame_77876 pair 40 [2, 11] combined 1024 players 48 retained 19 seconds 0.28320527309551835
gxBQ_window_03_frame_77876 pair 45 [3, 0] combined 262144 players 85110 retained 256 seconds 7.690390395000577
gxBQ_window_03_frame_77876 pair 46 [3, 1] combined 262144 players 648 retained 256 seconds 1.1069732820615172
gxBQ_window_03_frame_77876 pair 47 [3, 2] combined 262144 players 79400 retained 256 seconds 4.177308396901935
gxBQ_window_03_frame_77876 pair 49 [3, 5] combined 262144 players 57992 retained 256 seconds 3.591745513956994
gxBQ_window_03_frame_77876 pair 53 [3, 9] combined 25600 players 6696 retained 256 seconds 0.48186420695856214
gxBQ_window_03_frame_77876 pair 56 [3, 12] combined 262144 players 65686 retained 256 seconds 6.798881020862609
gxBQ_window_03_frame_77876 pair 57 [3, 13] combined 262144 players 90966 retained 256 seconds 7.584839338902384
gxBQ_window_03_frame_77876 pair 58 [3, 14] combined 262144 players 80628 retained 256 seconds 7.398325495887548
gxBQ_window_03_frame_77876 pair 59 [3, 15] combined 262144 players 77938 retained 256 seconds 6.663135896902531
gxBQ_window_03_frame_77876 pair 61 [4, 1] combined 262144 players 87090 retained 256 seconds 4.4054685099981725
gxBQ_window_03_frame_77876 pair 66 [4, 7] combined 262144 players 78576 retained 256 seconds 4.219635700806975
gxBQ_window_03_frame_77876 pair 67 [4, 8] combined 262144 players 1718 retained 256 seconds 1.3580612340010703
gxBQ_window_03_frame_77876 pair 69 [4, 10] combined 262144 players 66346 retained 256 seconds 3.690923200920224
gxBQ_window_03_frame_77876 pair 70 [4, 11] combined 1024 players 70 retained 29 seconds 0.33580788178369403
gxBQ_window_03_frame_77876 pair 78 [5, 3] combined 262144 players 89888 retained 256 seconds 4.5590808261185884
gxBQ_window_03_frame_77876 pair 81 [5, 7] combined 262144 players 95916 retained 256 seconds 4.41483996482566
gxBQ_window_03_frame_77876 pair 82 [5, 8] combined 262144 players 170 retained 85 seconds 1.208530643954873
gxBQ_window_03_frame_77876 pair 84 [5, 10] combined 262144 players 70314 retained 256 seconds 3.8414831990376115
gxBQ_window_03_frame_77876 pair 85 [5, 11] combined 1024 players 0 retained 0 seconds 0.20379957417026162
gxBQ_window_03_frame_77876 pair 90 [6, 0] combined 63488 players 15328 retained 256 seconds 3.828341333195567
gxBQ_window_03_frame_77876 pair 91 [6, 1] combined 55296 players 3032 retained 256 seconds 0.5015197419561446
gxBQ_window_03_frame_77876 pair 92 [6, 2] combined 64512 players 15410 retained 256 seconds 1.068769105244428
gxBQ_window_03_frame_77876 pair 97 [6, 8] combined 58368 players 2456 retained 256 seconds 0.6386019317433238
gxBQ_window_03_frame_77876 pair 98 [6, 9] combined 5712 players 1258 retained 256 seconds 0.14964373223483562
gxBQ_window_03_frame_77876 pair 100 [6, 11] combined 1152 players 20 retained 10 seconds 0.05640415893867612
gxBQ_window_03_frame_77876 pair 101 [6, 12] combined 64512 players 13800 retained 256 seconds 3.7075829938985407
gxBQ_window_03_frame_77876 pair 102 [6, 13] combined 63488 players 18128 retained 256 seconds 3.9905632720328867
gxBQ_window_03_frame_77876 pair 103 [6, 14] combined 64512 players 16648 retained 256 seconds 3.9775266577489674
gxBQ_window_03_frame_77876 pair 104 [6, 15] combined 61440 players 16620 retained 256 seconds 3.50185778317973
gxBQ_window_03_frame_77876 pair 106 [7, 1] combined 262144 players 2922 retained 256 seconds 1.1172224013134837
gxBQ_window_03_frame_77876 pair 109 [7, 4] combined 218112 players 37530 retained 256 seconds 2.5140279070474207
gxBQ_window_03_frame_77876 pair 110 [7, 5] combined 225280 players 35994 retained 256 seconds 2.2760731549933553
gxBQ_window_03_frame_77876 pair 113 [7, 9] combined 22816 players 382 retained 191 seconds 0.16561689879745245
gxBQ_window_03_frame_77876 pair 121 [8, 1] combined 262144 players 39218 retained 256 seconds 2.5425686948001385
gxBQ_window_03_frame_77876 pair 124 [8, 4] combined 262144 players 2320 retained 256 seconds 1.5145455566234887
gxBQ_window_03_frame_77876 pair 125 [8, 5] combined 262144 players 0 retained 0 seconds 1.142832230310887
gxBQ_window_03_frame_77876 pair 126 [8, 6] combined 84992 players 23558 retained 256 seconds 1.3432946149259806
gxBQ_window_03_frame_77876 pair 128 [8, 9] combined 31744 players 32 retained 16 seconds 0.3307907469570637
gxBQ_window_03_frame_77876 pair 135 [9, 0] combined 4096 players 0 retained 0 seconds 3.2471979106776416
gxBQ_window_03_frame_77876 pair 137 [9, 2] combined 11264 players 382 retained 191 seconds 0.26486943988129497
gxBQ_window_03_frame_77876 pair 138 [9, 3] combined 4096 players 1312 retained 256 seconds 0.19313247501850128
gxBQ_window_03_frame_77876 pair 141 [9, 6] combined 10480 players 2612 retained 256 seconds 0.21112469863146544
gxBQ_window_03_frame_77876 pair 142 [9, 7] combined 3072 players 478 retained 240 seconds 0.10970335267484188
gxBQ_window_03_frame_77876 pair 143 [9, 8] combined 11264 players 0 retained 0 seconds 0.17924954928457737
gxBQ_window_03_frame_77876 pair 144 [9, 10] combined 16384 players 5240 retained 256 seconds 0.33128794515505433
gxBQ_window_03_frame_77876 pair 146 [9, 12] combined 0 players 0 retained 0 seconds 3.295939170755446
gxBQ_window_03_frame_77876 pair 147 [9, 13] combined 4096 players 102 retained 52 seconds 3.1396618238650262
gxBQ_window_03_frame_77876 pair 148 [9, 14] combined 1024 players 24 retained 13 seconds 3.168297773692757
gxBQ_window_03_frame_77876 pair 149 [9, 15] combined 4096 players 58 retained 29 seconds 2.0884168511256576
gxBQ_window_03_frame_77876 pair 150 [10, 0] combined 262144 players 52826 retained 256 seconds 3.485587222967297
gxBQ_window_03_frame_77876 pair 151 [10, 1] combined 262144 players 7552 retained 256 seconds 0.7136890920810401
gxBQ_window_03_frame_77876 pair 152 [10, 2] combined 262144 players 52750 retained 256 seconds 1.641741808038205
gxBQ_window_03_frame_77876 pair 154 [10, 4] combined 262144 players 22878 retained 256 seconds 1.07331846607849
gxBQ_window_03_frame_77876 pair 155 [10, 5] combined 262144 players 49036 retained 256 seconds 1.6392894489690661
gxBQ_window_03_frame_77876 pair 159 [10, 9] combined 34816 players 3036 retained 256 seconds 0.1771007850766182
gxBQ_window_03_frame_77876 pair 160 [10, 11] combined 38912 players 870 retained 256 seconds 0.13221558090299368
gxBQ_window_03_frame_77876 pair 161 [10, 12] combined 262144 players 50376 retained 256 seconds 3.2650060579180717
gxBQ_window_03_frame_77876 pair 162 [10, 13] combined 262144 players 57552 retained 256 seconds 3.419683823827654
gxBQ_window_03_frame_77876 pair 163 [10, 14] combined 262144 players 55848 retained 256 seconds 3.4048299491405487
gxBQ_window_03_frame_77876 pair 164 [10, 15] combined 262144 players 53062 retained 256 seconds 3.120368569623679
gxBQ_window_03_frame_77876 pair 165 [11, 0] combined 1024 players 64 retained 32 seconds 1.7444043839350343
gxBQ_window_03_frame_77876 pair 167 [11, 2] combined 1024 players 60 retained 26 seconds 0.11406337423250079
gxBQ_window_03_frame_77876 pair 169 [11, 4] combined 1024 players 40 retained 19 seconds 0.134883392136544
gxBQ_window_03_frame_77876 pair 170 [11, 5] combined 1024 players 4 retained 2 seconds 0.1050146110355854
gxBQ_window_03_frame_77876 pair 171 [11, 6] combined 3648 players 86 retained 43 seconds 0.030653906986117363
gxBQ_window_03_frame_77876 pair 175 [11, 10] combined 15360 players 326 retained 154 seconds 0.068336162250489
gxBQ_window_03_frame_77876 pair 176 [11, 12] combined 1024 players 24 retained 12 seconds 1.8971812981180847
gxBQ_window_03_frame_77876 pair 177 [11, 13] combined 1024 players 76 retained 38 seconds 1.872740481980145
gxBQ_window_03_frame_77876 pair 178 [11, 14] combined 1024 players 48 retained 24 seconds 1.894877293612808
gxBQ_window_03_frame_77876 pair 179 [11, 15] combined 1024 players 64 retained 29 seconds 1.650353976059705
gxBQ_window_03_frame_77876 pair 181 [12, 1] combined 262144 players 27638 retained 256 seconds 3.1120669590309262
gxBQ_window_03_frame_77876 pair 183 [12, 3] combined 262144 players 64240 retained 256 seconds 3.874334909953177
gxBQ_window_03_frame_77876 pair 186 [12, 6] combined 84992 players 29064 retained 256 seconds 3.1969308243133128
gxBQ_window_03_frame_77876 pair 189 [12, 9] combined 92160 players 7784 retained 256 seconds 2.3106108368374407
gxBQ_window_03_frame_77876 pair 190 [12, 10] combined 262144 players 69480 retained 256 seconds 4.306726823095232
gxBQ_window_03_frame_77876 pair 191 [12, 11] combined 1024 players 10 retained 3 seconds 2.348852549213916
gxBQ_window_03_frame_77876 pair 196 [13, 1] combined 262144 players 52828 retained 256 seconds 3.763932889327407
gxBQ_window_03_frame_77876 pair 198 [13, 3] combined 262144 players 87268 retained 256 seconds 4.043871714733541
gxBQ_window_03_frame_77876 pair 201 [13, 6] combined 84992 players 30692 retained 256 seconds 3.0904653114266694
gxBQ_window_03_frame_77876 pair 204 [13, 9] combined 53248 players 1030 retained 256 seconds 2.257261531893164
gxBQ_window_03_frame_77876 pair 205 [13, 10] combined 262144 players 84686 retained 256 seconds 5.508287077769637
gxBQ_window_03_frame_77876 pair 206 [13, 11] combined 1024 players 48 retained 20 seconds 3.6800757930614054
gxBQ_window_03_frame_77876 pair 211 [14, 1] combined 262144 players 41506 retained 256 seconds 5.684623041190207
gxBQ_window_03_frame_77876 pair 213 [14, 3] combined 262144 players 76572 retained 256 seconds 4.09688098821789
gxBQ_window_03_frame_77876 pair 216 [14, 6] combined 83968 players 29948 retained 256 seconds 3.165900155901909
gxBQ_window_03_frame_77876 pair 219 [14, 9] combined 64512 players 5080 retained 256 seconds 2.410894046071917
gxBQ_window_03_frame_77876 pair 220 [14, 10] combined 262144 players 74582 retained 256 seconds 4.406153192743659
gxBQ_window_03_frame_77876 pair 221 [14, 11] combined 1024 players 42 retained 14 seconds 2.272445371840149
gxBQ_window_03_frame_77876 pair 226 [15, 1] combined 262144 players 38596 retained 256 seconds 3.1131477132439613
gxBQ_window_03_frame_77876 pair 228 [15, 3] combined 262144 players 86830 retained 256 seconds 4.112814273219556
gxBQ_window_03_frame_77876 pair 231 [15, 6] combined 80896 players 32232 retained 256 seconds 2.9090389567427337
gxBQ_window_03_frame_77876 pair 234 [15, 9] combined 53248 players 960 retained 256 seconds 1.9576501087285578
gxBQ_window_03_frame_77876 pair 235 [15, 10] combined 262144 players 83768 retained 256 seconds 4.259592239744961
gxBQ_window_03_frame_77876 pair 236 [15, 11] combined 1024 players 54 retained 21 seconds 2.040035759098828
gxBQ_window_03_frame_77876 pair 0 [0, 1] combined 171008 players 47388 retained 256 seconds 1.6337828417308629
gxBQ_window_03_frame_77876 pair 2 [0, 3] combined 94208 players 34654 retained 256 seconds 1.0625723567791283
gxBQ_window_03_frame_77876 pair 5 [0, 6] combined 0 players 0 retained 0 seconds 0.2783529441803694
gxBQ_window_03_frame_77876 pair 8 [0, 9] combined 0 players 0 retained 0 seconds 0.23922705790027976
gxBQ_window_03_frame_77876 pair 9 [0, 10] combined 83968 players 30846 retained 256 seconds 1.0239159986376762
gxBQ_window_03_frame_77876 pair 10 [0, 11] combined 0 players 0 retained 0 seconds 0.270651170052588
gxBQ_window_03_frame_77876 pair 15 [1, 0] combined 102400 players 28528 retained 256 seconds 0.9355558687821031
gxBQ_window_03_frame_77876 pair 16 [1, 2] combined 44156 players 8142 retained 256 seconds 0.2891730358824134
gxBQ_window_03_frame_77876 pair 17 [1, 3] combined 88704 players 270 retained 136 seconds 0.1943393531255424
gxBQ_window_03_frame_77876 pair 18 [1, 4] combined 110592 players 14368 retained 256 seconds 0.5318990461528301
gxBQ_window_03_frame_77876 pair 20 [1, 6] combined 0 players 0 retained 0 seconds 0.02035727072507143
gxBQ_window_03_frame_77876 pair 21 [1, 7] combined 9728 players 268 retained 135 seconds 0.05867595598101616
gxBQ_window_03_frame_77876 pair 22 [1, 8] combined 44388 players 2966 retained 256 seconds 0.1923415446653962
gxBQ_window_03_frame_77876 pair 24 [1, 10] combined 56544 players 2538 retained 256 seconds 0.38323076721280813
gxBQ_window_03_frame_77876 pair 26 [1, 12] combined 101376 players 29264 retained 256 seconds 1.002803962212056
gxBQ_window_03_frame_77876 pair 27 [1, 13] combined 100352 players 19492 retained 256 seconds 0.7572436197660863
gxBQ_window_03_frame_77876 pair 28 [1, 14] combined 103424 players 27102 retained 256 seconds 0.8843938899226487
gxBQ_window_03_frame_77876 pair 29 [1, 15] combined 99328 players 21386 retained 256 seconds 0.7735483311116695
gxBQ_window_03_frame_77876 pair 31 [2, 1] combined 145848 players 29678 retained 256 seconds 0.8529952191747725
gxBQ_window_03_frame_77876 pair 32 [2, 3] combined 76736 players 26668 retained 256 seconds 0.653003207873553
gxBQ_window_03_frame_77876 pair 35 [2, 6] combined 0 players 0 retained 0 seconds 0.023389305919408798
gxBQ_window_03_frame_77876 pair 38 [2, 9] combined 0 players 0 retained 0 seconds 0.02063776319846511
gxBQ_window_03_frame_77876 pair 39 [2, 10] combined 63744 players 22130 retained 256 seconds 0.7711824048310518
gxBQ_window_03_frame_77876 pair 40 [2, 11] combined 0 players 0 retained 0 seconds 0.022742705885320902
gxBQ_window_03_frame_77876 pair 45 [3, 0] combined 79872 players 27990 retained 256 seconds 0.8444221252575517
gxBQ_window_03_frame_77876 pair 46 [3, 1] combined 41984 players 388 retained 189 seconds 0.11983950808644295
gxBQ_window_03_frame_77876 pair 47 [3, 2] combined 51520 players 13976 retained 256 seconds 0.3839180888608098
gxBQ_window_03_frame_77876 pair 49 [3, 5] combined 75200 players 15898 retained 256 seconds 0.4744396726600826
gxBQ_window_03_frame_77876 pair 53 [3, 9] combined 0 players 0 retained 0 seconds 0.01405450887978077
gxBQ_window_03_frame_77876 pair 56 [3, 12] combined 79872 players 26076 retained 256 seconds 0.8424530918709934
gxBQ_window_03_frame_77876 pair 57 [3, 13] combined 80896 players 28452 retained 256 seconds 0.8523853300139308
gxBQ_window_03_frame_77876 pair 58 [3, 14] combined 79872 players 26806 retained 256 seconds 0.8051307299174368
gxBQ_window_03_frame_77876 pair 59 [3, 15] combined 77824 players 25564 retained 256 seconds 0.7813968919217587
gxBQ_window_03_frame_77876 pair 61 [4, 1] combined 177152 players 64036 retained 256 seconds 1.7734495573677123
gxBQ_window_03_frame_77876 pair 66 [4, 7] combined 4096 players 1552 retained 256 seconds 0.10737195517867804
gxBQ_window_03_frame_77876 pair 67 [4, 8] combined 262144 players 2860 retained 256 seconds 0.559087879024446
gxBQ_window_03_frame_77876 pair 69 [4, 10] combined 75776 players 25406 retained 256 seconds 0.6772969327867031
gxBQ_window_03_frame_77876 pair 70 [4, 11] combined 0 players 0 retained 0 seconds 0.04466496268287301
gxBQ_window_03_frame_77876 pair 78 [5, 3] combined 80080 players 28126 retained 256 seconds 0.7024347758851945
gxBQ_window_03_frame_77876 pair 81 [5, 7] combined 6020 players 2282 retained 256 seconds 0.11157726822420955
gxBQ_window_03_frame_77876 pair 82 [5, 8] combined 138260 players 1394 retained 256 seconds 0.30687890388071537
gxBQ_window_03_frame_77876 pair 84 [5, 10] combined 73200 players 25606 retained 256 seconds 0.6441712738014758
gxBQ_window_03_frame_77876 pair 85 [5, 11] combined 0 players 0 retained 0 seconds 0.024741629138588905
gxBQ_window_03_frame_77876 pair 90 [6, 0] combined 0 players 0 retained 0 seconds 0.17560056317597628
gxBQ_window_03_frame_77876 pair 91 [6, 1] combined 0 players 0 retained 0 seconds 0.014420304913073778
gxBQ_window_03_frame_77876 pair 92 [6, 2] combined 0 players 0 retained 0 seconds 0.013054999057203531
gxBQ_window_03_frame_77876 pair 97 [6, 8] combined 0 players 0 retained 0 seconds 0.009855637792497873
gxBQ_window_03_frame_77876 pair 98 [6, 9] combined 0 players 0 retained 0 seconds 0.0015818895772099495
gxBQ_window_03_frame_77876 pair 100 [6, 11] combined 0 players 0 retained 0 seconds 0.0014245789498090744
gxBQ_window_03_frame_77876 pair 101 [6, 12] combined 0 players 0 retained 0 seconds 0.20105688087642193
gxBQ_window_03_frame_77876 pair 102 [6, 13] combined 0 players 0 retained 0 seconds 0.16889463178813457
gxBQ_window_03_frame_77876 pair 103 [6, 14] combined 0 players 0 retained 0 seconds 0.15113895572721958
gxBQ_window_03_frame_77876 pair 104 [6, 15] combined 0 players 0 retained 0 seconds 0.13458317890763283
gxBQ_window_03_frame_77876 pair 106 [7, 1] combined 7632 players 34 retained 17 seconds 0.03995335288345814
gxBQ_window_03_frame_77876 pair 109 [7, 4] combined 14336 players 3336 retained 256 seconds 0.1416384121403098
gxBQ_window_03_frame_77876 pair 110 [7, 5] combined 12420 players 1506 retained 256 seconds 0.08772273361682892
gxBQ_window_03_frame_77876 pair 113 [7, 9] combined 0 players 0 retained 0 seconds 0.002763723023235798
gxBQ_window_03_frame_77876 pair 121 [8, 1] combined 108108 players 35362 retained 256 seconds 1.0966327246278524
gxBQ_window_03_frame_77876 pair 124 [8, 4] combined 110592 players 530 retained 256 seconds 0.24670087825506926
gxBQ_window_03_frame_77876 pair 125 [8, 5] combined 143360 players 518 retained 256 seconds 0.28898087004199624
gxBQ_window_03_frame_77876 pair 126 [8, 6] combined 0 players 0 retained 0 seconds 0.0145030259154737
gxBQ_window_03_frame_77876 pair 128 [8, 9] combined 0 players 0 retained 0 seconds 0.014952554367482662
gxBQ_window_03_frame_77876 pair 135 [9, 0] combined 0 players 0 retained 0 seconds 0.17226505279541016
gxBQ_window_03_frame_77876 pair 137 [9, 2] combined 0 players 0 retained 0 seconds 0.012888194993138313
gxBQ_window_03_frame_77876 pair 138 [9, 3] combined 0 players 0 retained 0 seconds 0.007990191224962473
gxBQ_window_03_frame_77876 pair 141 [9, 6] combined 0 players 0 retained 0 seconds 0.002269534859806299
gxBQ_window_03_frame_77876 pair 142 [9, 7] combined 0 players 0 retained 0 seconds 0.002081348095089197
gxBQ_window_03_frame_77876 pair 143 [9, 8] combined 0 players 0 retained 0 seconds 0.00917303329333663
gxBQ_window_03_frame_77876 pair 144 [9, 10] combined 0 players 0 retained 0 seconds 0.006643366068601608
gxBQ_window_03_frame_77876 pair 146 [9, 12] combined 0 players 0 retained 0 seconds 0.2089078389108181
gxBQ_window_03_frame_77876 pair 147 [9, 13] combined 0 players 0 retained 0 seconds 0.17038442427292466
gxBQ_window_03_frame_77876 pair 148 [9, 14] combined 0 players 0 retained 0 seconds 0.14209164027124643
gxBQ_window_03_frame_77876 pair 149 [9, 15] combined 0 players 0 retained 0 seconds 0.12937465822324157
gxBQ_window_03_frame_77876 pair 150 [10, 0] combined 79872 players 26078 retained 256 seconds 0.8159326990135014
gxBQ_window_03_frame_77876 pair 151 [10, 1] combined 58368 players 304 retained 146 seconds 0.13566049188375473
gxBQ_window_03_frame_77876 pair 152 [10, 2] combined 49296 players 13800 retained 256 seconds 0.38429019087925553
gxBQ_window_03_frame_77876 pair 154 [10, 4] combined 87040 players 18954 retained 256 seconds 0.547815534286201
gxBQ_window_03_frame_77876 pair 155 [10, 5] combined 75480 players 15064 retained 256 seconds 0.44703005719929934
gxBQ_window_03_frame_77876 pair 159 [10, 9] combined 0 players 0 retained 0 seconds 0.011933055240660906
gxBQ_window_03_frame_77876 pair 160 [10, 11] combined 0 players 0 retained 0 seconds 0.009072494693100452
gxBQ_window_03_frame_77876 pair 161 [10, 12] combined 81920 players 24352 retained 256 seconds 0.8380518509075046
gxBQ_window_03_frame_77876 pair 162 [10, 13] combined 78848 players 23544 retained 256 seconds 0.7802332127466798
gxBQ_window_03_frame_77876 pair 163 [10, 14] combined 81920 players 24926 retained 256 seconds 0.7579319258220494
gxBQ_window_03_frame_77876 pair 164 [10, 15] combined 80896 players 24296 retained 256 seconds 0.7523279129527509
gxBQ_window_03_frame_77876 pair 165 [11, 0] combined 0 players 0 retained 0 seconds 0.1785528613254428
gxBQ_window_03_frame_77876 pair 167 [11, 2] combined 0 players 0 retained 0 seconds 0.013139768969267607
gxBQ_window_03_frame_77876 pair 169 [11, 4] combined 0 players 0 retained 0 seconds 0.02734260307624936
gxBQ_window_03_frame_77876 pair 170 [11, 5] combined 0 players 0 retained 0 seconds 0.015370156150311232
gxBQ_window_03_frame_77876 pair 171 [11, 6] combined 0 players 0 retained 0 seconds 0.0017428109422326088
gxBQ_window_03_frame_77876 pair 175 [11, 10] combined 0 players 0 retained 0 seconds 0.00744630629196763
gxBQ_window_03_frame_77876 pair 176 [11, 12] combined 0 players 0 retained 0 seconds 0.43827122915536165
gxBQ_window_03_frame_77876 pair 177 [11, 13] combined 0 players 0 retained 0 seconds 0.17325056018307805
gxBQ_window_03_frame_77876 pair 178 [11, 14] combined 0 players 0 retained 0 seconds 0.15222094673663378
gxBQ_window_03_frame_77876 pair 179 [11, 15] combined 0 players 0 retained 0 seconds 0.13974841590970755
gxBQ_window_03_frame_77876 pair 181 [12, 1] combined 167936 players 43630 retained 256 seconds 1.3847545888274908
gxBQ_window_03_frame_77876 pair 183 [12, 3] combined 94208 players 32934 retained 256 seconds 1.0721133868210018
gxBQ_window_03_frame_77876 pair 186 [12, 6] combined 0 players 0 retained 0 seconds 0.3260978851467371
gxBQ_window_03_frame_77876 pair 189 [12, 9] combined 0 players 0 retained 0 seconds 0.2779746111482382
gxBQ_window_03_frame_77876 pair 190 [12, 10] combined 81920 players 26858 retained 256 seconds 0.9766588620841503
gxBQ_window_03_frame_77876 pair 191 [12, 11] combined 0 players 0 retained 0 seconds 0.312387908808887
gxBQ_window_03_frame_77876 pair 196 [13, 1] combined 185344 players 57010 retained 256 seconds 1.6537347263656557
gxBQ_window_03_frame_77876 pair 198 [13, 3] combined 93184 players 29970 retained 256 seconds 0.976901669986546
gxBQ_window_03_frame_77876 pair 201 [13, 6] combined 0 players 0 retained 0 seconds 0.30216186586767435
gxBQ_window_03_frame_77876 pair 204 [13, 9] combined 0 players 0 retained 0 seconds 0.2327403468079865
gxBQ_window_03_frame_77876 pair 205 [13, 10] combined 82944 players 28086 retained 256 seconds 0.9529318902641535
gxBQ_window_03_frame_77876 pair 206 [13, 11] combined 0 players 0 retained 0 seconds 0.25245311530306935
gxBQ_window_03_frame_77876 pair 211 [14, 1] combined 167936 players 56872 retained 256 seconds 1.794412496034056
gxBQ_window_03_frame_77876 pair 213 [14, 3] combined 95232 players 33584 retained 256 seconds 1.0008763768710196
gxBQ_window_03_frame_77876 pair 216 [14, 6] combined 0 players 0 retained 0 seconds 0.24104658234864473
gxBQ_window_03_frame_77876 pair 219 [14, 9] combined 0 players 0 retained 0 seconds 0.222698544152081
gxBQ_window_03_frame_77876 pair 220 [14, 10] combined 79872 players 26288 retained 256 seconds 0.8602916058152914
gxBQ_window_03_frame_77876 pair 221 [14, 11] combined 0 players 0 retained 0 seconds 0.22942342283204198
gxBQ_window_03_frame_77876 pair 226 [15, 1] combined 185344 players 48290 retained 256 seconds 1.4273365722037852
gxBQ_window_03_frame_77876 pair 228 [15, 3] combined 93184 players 32802 retained 256 seconds 0.9922607531771064
gxBQ_window_03_frame_77876 pair 231 [15, 6] combined 0 players 0 retained 0 seconds 0.22564971633255482
gxBQ_window_03_frame_77876 pair 234 [15, 9] combined 0 players 0 retained 0 seconds 0.18894359515979886
gxBQ_window_03_frame_77876 pair 235 [15, 10] combined 89088 players 31132 retained 256 seconds 0.9489608877338469
gxBQ_window_03_frame_77876 pair 236 [15, 11] combined 0 players 0 retained 0 seconds 0.21373695600777864
[gxBQ_window_03_frame_77876] line-template: preparing rectangles
[gxBQ_window_03_frame_77876] measuring 768 parents (G0=256, G1=256, line_template=256; conflicting geometry groups=0)
[gxBQ_window_03_frame_77876] parents 250/768
[gxBQ_window_03_frame_77876] parents 500/768
[gxBQ_window_03_frame_77876] parents 750/768
[gxBQ_window_03_frame_77876] refitting 768 parents
[gxBQ_window_03_frame_77876] refits 250/768; valid children=244
[gxBQ_window_03_frame_77876] refits 500/768; valid children=472
[gxBQ_window_03_frame_77876] refits 750/768; valid children=708
{"view_id": "gxBQ_window_03_frame_77876", "chosen_key": "line_template:rectangle_73390:template_72/child", "no_court_reason": null, "all_checks_equal": null, "error": null}
{"views": ["gxBQ_window_03_frame_77876"], "startup_seconds": 0.03612546995282173, "wall_seconds": 816.0154097881168, "peak_rss_mb": 1768.80078125, "failed": []}
