decoded <remote>/paint_geometry_20260909/gx_extension/videos/gxBQ_HwdgN4.mp4 to frame 180 in 1s
gxBQ_window_00_frame_0 pair 0 [0, 1] combined 262144 players 84282 retained 256 seconds 7.347462860867381
gxBQ_window_00_frame_0 pair 2 [0, 3] combined 262144 players 86766 retained 256 seconds 8.136850841343403
gxBQ_window_00_frame_0 pair 3 [0, 4] combined 3072 players 144 retained 66 seconds 3.736051077954471
gxBQ_window_00_frame_0 pair 5 [0, 6] combined 229376 players 67522 retained 256 seconds 7.013544335030019
gxBQ_window_00_frame_0 pair 7 [0, 8] combined 262144 players 94586 retained 256 seconds 7.79356913594529
gxBQ_window_00_frame_0 pair 8 [0, 9] combined 262144 players 89844 retained 256 seconds 7.736077841836959
gxBQ_window_00_frame_0 pair 9 [0, 10] combined 262144 players 2754 retained 256 seconds 3.450385933741927
gxBQ_window_00_frame_0 pair 11 [0, 12] combined 37888 players 132 retained 66 seconds 3.1962164412252605
gxBQ_window_00_frame_0 pair 15 [1, 0] combined 262144 players 69118 retained 256 seconds 8.05642803106457
gxBQ_window_00_frame_0 pair 16 [1, 2] combined 262144 players 62262 retained 256 seconds 4.078387937042862
gxBQ_window_00_frame_0 pair 17 [1, 3] combined 262144 players 3336 retained 256 seconds 1.1373493960127234
gxBQ_window_00_frame_0 pair 18 [1, 4] combined 23552 players 4 retained 2 seconds 0.22559077572077513
gxBQ_window_00_frame_0 pair 19 [1, 5] combined 262144 players 15794 retained 256 seconds 2.813313184771687
gxBQ_window_00_frame_0 pair 21 [1, 7] combined 262144 players 18760 retained 256 seconds 2.3356354399584234
gxBQ_window_00_frame_0 pair 22 [1, 8] combined 262144 players 8210 retained 256 seconds 1.344371423125267
gxBQ_window_00_frame_0 pair 25 [1, 11] combined 134144 players 3320 retained 256 seconds 0.722688099835068
gxBQ_window_00_frame_0 pair 27 [1, 13] combined 262144 players 70564 retained 256 seconds 8.42450548382476
gxBQ_window_00_frame_0 pair 28 [1, 14] combined 262144 players 57198 retained 256 seconds 7.675013675820082
gxBQ_window_00_frame_0 pair 29 [1, 15] combined 262144 players 75970 retained 256 seconds 7.528786534909159
gxBQ_window_00_frame_0 pair 31 [2, 1] combined 262144 players 49452 retained 256 seconds 3.365193181205541
gxBQ_window_00_frame_0 pair 32 [2, 3] combined 262144 players 76076 retained 256 seconds 4.7319110608659685
gxBQ_window_00_frame_0 pair 33 [2, 4] combined 7168 players 2578 retained 256 seconds 0.6183314328081906
gxBQ_window_00_frame_0 pair 35 [2, 6] combined 220160 players 35200 retained 256 seconds 2.7220647810027003
gxBQ_window_00_frame_0 pair 37 [2, 8] combined 262144 players 66580 retained 256 seconds 4.392778185661882
gxBQ_window_00_frame_0 pair 38 [2, 9] combined 262144 players 57664 retained 256 seconds 3.7937851031310856
gxBQ_window_00_frame_0 pair 39 [2, 10] combined 262144 players 13600 retained 256 seconds 1.7448676424100995
gxBQ_window_00_frame_0 pair 41 [2, 12] combined 1024 players 302 retained 146 seconds 0.43455791426822543
gxBQ_window_00_frame_0 pair 45 [3, 0] combined 124928 players 38660 retained 256 seconds 5.667662365362048
gxBQ_window_00_frame_0 pair 46 [3, 1] combined 262144 players 3330 retained 256 seconds 1.165045855101198
gxBQ_window_00_frame_0 pair 47 [3, 2] combined 125952 players 43268 retained 256 seconds 2.923108192626387
gxBQ_window_00_frame_0 pair 49 [3, 5] combined 124928 players 24546 retained 256 seconds 2.718914974015206
gxBQ_window_00_frame_0 pair 50 [3, 6] combined 262144 players 1684 retained 256 seconds 0.9810477788560092
gxBQ_window_00_frame_0 pair 51 [3, 7] combined 122880 players 17474 retained 256 seconds 1.8408748940564692
gxBQ_window_00_frame_0 pair 53 [3, 9] combined 262144 players 2378 retained 256 seconds 1.1147875161841512
gxBQ_window_00_frame_0 pair 54 [3, 10] combined 24336 players 2044 retained 256 seconds 0.2925516730174422
gxBQ_window_00_frame_0 pair 57 [3, 13] combined 124928 players 38224 retained 256 seconds 5.446313300635666
gxBQ_window_00_frame_0 pair 58 [3, 14] combined 123904 players 37128 retained 256 seconds 5.6491772988811135
gxBQ_window_00_frame_0 pair 59 [3, 15] combined 124928 players 37266 retained 256 seconds 5.142943584825844
gxBQ_window_00_frame_0 pair 60 [4, 0] combined 1024 players 18 retained 9 seconds 3.318191898986697
gxBQ_window_00_frame_0 pair 61 [4, 1] combined 1024 players 0 retained 0 seconds 0.14326289016753435
gxBQ_window_00_frame_0 pair 62 [4, 2] combined 4096 players 0 retained 0 seconds 0.31655678804963827
gxBQ_window_00_frame_0 pair 64 [4, 5] combined 1024 players 28 retained 13 seconds 1.1266868789680302
gxBQ_window_00_frame_0 pair 65 [4, 6] combined 1024 players 14 retained 7 seconds 0.0661203907802701
gxBQ_window_00_frame_0 pair 68 [4, 9] combined 1024 players 0 retained 0 seconds 0.12766257068142295
gxBQ_window_00_frame_0 pair 72 [4, 13] combined 1024 players 28 retained 14 seconds 3.4995729769580066
gxBQ_window_00_frame_0 pair 73 [4, 14] combined 1024 players 28 retained 14 seconds 3.3975336849689484
gxBQ_window_00_frame_0 pair 74 [4, 15] combined 1024 players 20 retained 10 seconds 2.9794120201840997
gxBQ_window_00_frame_0 pair 76 [5, 1] combined 262144 players 100166 retained 256 seconds 6.6075054639950395
gxBQ_window_00_frame_0 pair 78 [5, 3] combined 262144 players 39040 retained 256 seconds 3.56849626917392
gxBQ_window_00_frame_0 pair 79 [5, 4] combined 3072 players 18 retained 9 seconds 1.1245048567652702
gxBQ_window_00_frame_0 pair 80 [5, 6] combined 218112 players 88960 retained 256 seconds 5.69251665007323
gxBQ_window_00_frame_0 pair 82 [5, 8] combined 262144 players 94690 retained 256 seconds 5.9157151891849935
gxBQ_window_00_frame_0 pair 83 [5, 9] combined 262144 players 87716 retained 256 seconds 6.366184238810092
gxBQ_window_00_frame_0 pair 84 [5, 10] combined 262144 players 50 retained 25 seconds 2.072519504930824
gxBQ_window_00_frame_0 pair 86 [5, 12] combined 21504 players 402 retained 201 seconds 1.2038643741980195
gxBQ_window_00_frame_0 pair 90 [6, 0] combined 132096 players 33932 retained 256 seconds 5.407386368140578
gxBQ_window_00_frame_0 pair 92 [6, 2] combined 132096 players 48154 retained 256 seconds 2.9534103558398783
gxBQ_window_00_frame_0 pair 93 [6, 3] combined 149504 players 4440 retained 256 seconds 0.7408844251185656
gxBQ_window_00_frame_0 pair 94 [6, 4] combined 7636 players 64 retained 32 seconds 0.08711950667202473
gxBQ_window_00_frame_0 pair 95 [6, 5] combined 133120 players 11750 retained 256 seconds 2.0350914038717747
gxBQ_window_00_frame_0 pair 96 [6, 7] combined 125952 players 13250 retained 256 seconds 1.5926446518860757
gxBQ_window_00_frame_0 pair 97 [6, 8] combined 115712 players 1182 retained 256 seconds 0.5189871303737164
gxBQ_window_00_frame_0 pair 100 [6, 11] combined 70656 players 8264 retained 256 seconds 0.633021367713809
gxBQ_window_00_frame_0 pair 101 [6, 12] combined 1116 players 0 retained 0 seconds 0.03671298874542117
gxBQ_window_00_frame_0 pair 102 [6, 13] combined 131072 players 37614 retained 256 seconds 5.1981307696551085
gxBQ_window_00_frame_0 pair 103 [6, 14] combined 132096 players 36804 retained 256 seconds 5.450408685952425
gxBQ_window_00_frame_0 pair 104 [6, 15] combined 134144 players 32264 retained 256 seconds 4.885727442800999
gxBQ_window_00_frame_0 pair 106 [7, 1] combined 262144 players 110148 retained 256 seconds 6.065801872871816
gxBQ_window_00_frame_0 pair 108 [7, 3] combined 262144 players 13192 retained 256 seconds 2.1283411672338843
gxBQ_window_00_frame_0 pair 111 [7, 6] combined 220160 players 89560 retained 256 seconds 5.371449585072696
gxBQ_window_00_frame_0 pair 112 [7, 8] combined 262144 players 31534 retained 256 seconds 2.729624059982598
gxBQ_window_00_frame_0 pair 113 [7, 9] combined 262144 players 113146 retained 256 seconds 6.360654540359974
gxBQ_window_00_frame_0 pair 115 [7, 11] combined 86016 players 800 retained 256 seconds 0.902511702850461
gxBQ_window_00_frame_0 pair 120 [8, 0] combined 262144 players 85744 retained 256 seconds 8.024250051937997
gxBQ_window_00_frame_0 pair 121 [8, 1] combined 262144 players 3736 retained 256 seconds 1.2120972615666687
gxBQ_window_00_frame_0 pair 122 [8, 2] combined 262144 players 80230 retained 256 seconds 4.878873331937939
gxBQ_window_00_frame_0 pair 125 [8, 5] combined 262144 players 62298 retained 256 seconds 5.069248382933438
gxBQ_window_00_frame_0 pair 126 [8, 6] combined 205824 players 1282 retained 256 seconds 0.8366677351295948
gxBQ_window_00_frame_0 pair 127 [8, 7] combined 262144 players 45942 retained 256 seconds 3.4537950847297907
gxBQ_window_00_frame_0 pair 128 [8, 9] combined 262144 players 4350 retained 256 seconds 1.2324877274222672
gxBQ_window_00_frame_0 pair 129 [8, 10] combined 48128 players 5200 retained 256 seconds 0.5244578090496361
gxBQ_window_00_frame_0 pair 132 [8, 13] combined 262144 players 87820 retained 256 seconds 8.405713492073119
gxBQ_window_00_frame_0 pair 133 [8, 14] combined 262144 players 90458 retained 256 seconds 8.210684191901237
gxBQ_window_00_frame_0 pair 134 [8, 15] combined 262144 players 84564 retained 256 seconds 8.122088765259832
gxBQ_window_00_frame_0 pair 135 [9, 0] combined 262144 players 66888 retained 256 seconds 7.476452230010182
gxBQ_window_00_frame_0 pair 137 [9, 2] combined 262144 players 40976 retained 256 seconds 3.44273613486439
gxBQ_window_00_frame_0 pair 138 [9, 3] combined 262144 players 1488 retained 256 seconds 1.0818056957796216
gxBQ_window_00_frame_0 pair 139 [9, 4] combined 19456 players 0 retained 0 seconds 0.18870859313756227
gxBQ_window_00_frame_0 pair 140 [9, 5] combined 262144 players 13236 retained 256 seconds 2.669021415989846
gxBQ_window_00_frame_0 pair 142 [9, 7] combined 262144 players 13100 retained 256 seconds 2.0052957250736654
gxBQ_window_00_frame_0 pair 143 [9, 8] combined 262144 players 4646 retained 256 seconds 1.231266288086772
gxBQ_window_00_frame_0 pair 145 [9, 11] combined 142336 players 3434 retained 256 seconds 0.7544495980255306
gxBQ_window_00_frame_0 pair 147 [9, 13] combined 262144 players 78404 retained 256 seconds 8.15505250217393
gxBQ_window_00_frame_0 pair 148 [9, 14] combined 262144 players 73480 retained 256 seconds 7.493129146285355
gxBQ_window_00_frame_0 pair 149 [9, 15] combined 262144 players 72000 retained 256 seconds 6.863877824973315
gxBQ_window_00_frame_0 pair 150 [10, 0] combined 22528 players 426 retained 213 seconds 3.6245546685531735
gxBQ_window_00_frame_0 pair 152 [10, 2] combined 13312 players 214 retained 108 seconds 0.49244753224775195
gxBQ_window_00_frame_0 pair 153 [10, 3] combined 20480 players 6760 retained 256 seconds 0.45713065192103386
gxBQ_window_00_frame_0 pair 155 [10, 5] combined 23552 players 24 retained 12 seconds 1.1413180050440133
gxBQ_window_00_frame_0 pair 158 [10, 8] combined 22528 players 6194 retained 256 seconds 0.4717343533411622
gxBQ_window_00_frame_0 pair 160 [10, 11] combined 4284 players 1138 retained 256 seconds 0.15614915685728192
gxBQ_window_00_frame_0 pair 162 [10, 13] combined 23552 players 642 retained 256 seconds 3.17782976385206
gxBQ_window_00_frame_0 pair 163 [10, 14] combined 20480 players 498 retained 249 seconds 3.4818564476445317
gxBQ_window_00_frame_0 pair 164 [10, 15] combined 17408 players 456 retained 228 seconds 2.794137784745544
gxBQ_window_00_frame_0 pair 166 [11, 1] combined 62464 players 206 retained 104 seconds 0.3301422377116978
gxBQ_window_00_frame_0 pair 171 [11, 6] combined 43560 players 3696 retained 256 seconds 0.35215332033112645
gxBQ_window_00_frame_0 pair 172 [11, 7] combined 45056 players 904 retained 256 seconds 0.9726987117901444
gxBQ_window_00_frame_0 pair 174 [11, 9] combined 88064 players 254 retained 128 seconds 0.4000550820492208
gxBQ_window_00_frame_0 pair 175 [11, 10] combined 4480 players 190 retained 95 seconds 0.08488422399386764
gxBQ_window_00_frame_0 pair 180 [12, 0] combined 2048 players 0 retained 0 seconds 2.8325166502036154
gxBQ_window_00_frame_0 pair 182 [12, 2] combined 0 players 0 retained 0 seconds 0.28932768013328314
gxBQ_window_00_frame_0 pair 185 [12, 5] combined 0 players 0 retained 0 seconds 1.1064875270240009
gxBQ_window_00_frame_0 pair 186 [12, 6] combined 2048 players 568 retained 256 seconds 0.1146762277930975
gxBQ_window_00_frame_0 pair 192 [12, 13] combined 1024 players 0 retained 0 seconds 2.937702100723982
gxBQ_window_00_frame_0 pair 193 [12, 14] combined 0 players 0 retained 0 seconds 2.746902205981314
gxBQ_window_00_frame_0 pair 194 [12, 15] combined 2048 players 0 retained 0 seconds 2.2260369160212576
gxBQ_window_00_frame_0 pair 196 [13, 1] combined 262144 players 103584 retained 256 seconds 6.484447496011853
gxBQ_window_00_frame_0 pair 198 [13, 3] combined 262144 players 88972 retained 256 seconds 6.549110898282379
gxBQ_window_00_frame_0 pair 199 [13, 4] combined 3072 players 114 retained 51 seconds 2.7816405217163265
gxBQ_window_00_frame_0 pair 201 [13, 6] combined 219136 players 70043 retained 256 seconds 5.35418273229152
gxBQ_window_00_frame_0 pair 203 [13, 8] combined 262144 players 95116 retained 256 seconds 6.531981830950826
gxBQ_window_00_frame_0 pair 204 [13, 9] combined 262144 players 95786 retained 256 seconds 6.3889498598873615
gxBQ_window_00_frame_0 pair 205 [13, 10] combined 262144 players 4242 retained 256 seconds 3.0180302527733147
gxBQ_window_00_frame_0 pair 207 [13, 12] combined 38912 players 206 retained 103 seconds 2.624907020945102
gxBQ_window_00_frame_0 pair 211 [14, 1] combined 262144 players 81392 retained 256 seconds 5.554453280754387
gxBQ_window_00_frame_0 pair 213 [14, 3] combined 262144 players 61526 retained 256 seconds 5.594776985235512
gxBQ_window_00_frame_0 pair 214 [14, 4] combined 3072 players 102 retained 48 seconds 2.681900267023593
gxBQ_window_00_frame_0 pair 216 [14, 6] combined 223232 players 64140 retained 256 seconds 5.207505046855658
gxBQ_window_00_frame_0 pair 218 [14, 8] combined 262144 players 97958 retained 256 seconds 6.431805496104062
gxBQ_window_00_frame_0 pair 219 [14, 9] combined 262144 players 73820 retained 256 seconds 5.731892460025847
gxBQ_window_00_frame_0 pair 220 [14, 10] combined 262144 players 2800 retained 256 seconds 2.8898151759058237
gxBQ_window_00_frame_0 pair 222 [14, 12] combined 17408 players 492 retained 240 seconds 2.7506180847994983
gxBQ_window_00_frame_0 pair 226 [15, 1] combined 262144 players 79198 retained 256 seconds 5.4514924781396985
gxBQ_window_00_frame_0 pair 228 [15, 3] combined 262144 players 86226 retained 256 seconds 5.849402672145516
gxBQ_window_00_frame_0 pair 229 [15, 4] combined 4096 players 628 retained 256 seconds 2.3036412820219994
gxBQ_window_00_frame_0 pair 231 [15, 6] combined 228352 players 62230 retained 256 seconds 5.248489364050329
gxBQ_window_00_frame_0 pair 233 [15, 8] combined 262144 players 95486 retained 256 seconds 5.97365527972579
gxBQ_window_00_frame_0 pair 234 [15, 9] combined 262144 players 80306 retained 256 seconds 5.4350805170834064
gxBQ_window_00_frame_0 pair 235 [15, 10] combined 262144 players 2000 retained 256 seconds 2.770270213019103
gxBQ_window_00_frame_0 pair 237 [15, 12] combined 46080 players 294 retained 139 seconds 2.3177925846539438
gxBQ_window_00_frame_0 pair 0 [0, 1] combined 205824 players 86274 retained 256 seconds 4.205634654033929
gxBQ_window_00_frame_0 pair 2 [0, 3] combined 10240 players 3974 retained 256 seconds 0.43707925686612725
gxBQ_window_00_frame_0 pair 3 [0, 4] combined 0 players 0 retained 0 seconds 0.2131926892325282
gxBQ_window_00_frame_0 pair 5 [0, 6] combined 16384 players 6832 retained 256 seconds 0.5478698811493814
gxBQ_window_00_frame_0 pair 7 [0, 8] combined 34816 players 12004 retained 256 seconds 0.7766217142343521
gxBQ_window_00_frame_0 pair 8 [0, 9] combined 152576 players 61992 retained 256 seconds 2.8837786680087447
gxBQ_window_00_frame_0 pair 9 [0, 10] combined 10240 players 0 retained 0 seconds 0.22370047494769096
gxBQ_window_00_frame_0 pair 11 [0, 12] combined 0 players 0 retained 0 seconds 0.19018540484830737
gxBQ_window_00_frame_0 pair 15 [1, 0] combined 151552 players 34100 retained 256 seconds 2.3205060940235853
gxBQ_window_00_frame_0 pair 16 [1, 2] combined 147456 players 51554 retained 256 seconds 2.435409047175199
gxBQ_window_00_frame_0 pair 17 [1, 3] combined 3120 players 48 retained 24 seconds 0.0687283300794661
gxBQ_window_00_frame_0 pair 18 [1, 4] combined 2700 players 0 retained 0 seconds 0.036778280045837164
gxBQ_window_00_frame_0 pair 19 [1, 5] combined 149504 players 25054 retained 256 seconds 1.588202292099595
gxBQ_window_00_frame_0 pair 21 [1, 7] combined 104676 players 8910 retained 256 seconds 0.7581371013075113
gxBQ_window_00_frame_0 pair 22 [1, 8] combined 19920 players 178 retained 89 seconds 0.12306540086865425
gxBQ_window_00_frame_0 pair 25 [1, 11] combined 18832 players 342 retained 154 seconds 0.13056077295914292
gxBQ_window_00_frame_0 pair 27 [1, 13] combined 147456 players 47128 retained 256 seconds 2.510482592973858
gxBQ_window_00_frame_0 pair 28 [1, 14] combined 153600 players 33160 retained 256 seconds 1.9359032069332898
gxBQ_window_00_frame_0 pair 29 [1, 15] combined 150528 players 28758 retained 256 seconds 1.742007635999471
gxBQ_window_00_frame_0 pair 31 [2, 1] combined 95500 players 28662 retained 256 seconds 1.7589948861859739
gxBQ_window_00_frame_0 pair 32 [2, 3] combined 11220 players 3732 retained 256 seconds 0.2667994569055736
gxBQ_window_00_frame_0 pair 33 [2, 4] combined 0 players 0 retained 0 seconds 0.046846379060298204
gxBQ_window_00_frame_0 pair 35 [2, 6] combined 9216 players 2710 retained 256 seconds 0.2141371527686715
gxBQ_window_00_frame_0 pair 37 [2, 8] combined 36864 players 14018 retained 256 seconds 0.7083430141210556
gxBQ_window_00_frame_0 pair 38 [2, 9] combined 76752 players 20714 retained 256 seconds 1.087961487006396
gxBQ_window_00_frame_0 pair 39 [2, 10] combined 0 players 0 retained 0 seconds 0.04043515911325812
gxBQ_window_00_frame_0 pair 41 [2, 12] combined 0 players 0 retained 0 seconds 0.0446298336610198
gxBQ_window_00_frame_0 pair 45 [3, 0] combined 0 players 0 retained 0 seconds 0.17268487578257918
gxBQ_window_00_frame_0 pair 46 [3, 1] combined 4096 players 6 retained 3 seconds 0.06078792503103614
gxBQ_window_00_frame_0 pair 47 [3, 2] combined 736 players 0 retained 0 seconds 0.036564834881573915
gxBQ_window_00_frame_0 pair 49 [3, 5] combined 1024 players 402 retained 171 seconds 0.16394183924421668
gxBQ_window_00_frame_0 pair 50 [3, 6] combined 144 players 0 retained 0 seconds 0.009461790323257446
gxBQ_window_00_frame_0 pair 51 [3, 7] combined 1024 players 314 retained 131 seconds 0.08483374398201704
gxBQ_window_00_frame_0 pair 53 [3, 9] combined 4096 players 0 retained 0 seconds 0.03943242412060499
gxBQ_window_00_frame_0 pair 54 [3, 10] combined 0 players 0 retained 0 seconds 0.00632749916985631
gxBQ_window_00_frame_0 pair 57 [3, 13] combined 0 players 0 retained 0 seconds 0.20278456201776862
gxBQ_window_00_frame_0 pair 58 [3, 14] combined 1024 players 462 retained 181 seconds 0.21538453036919236
gxBQ_window_00_frame_0 pair 59 [3, 15] combined 0 players 0 retained 0 seconds 0.13911184715107083
gxBQ_window_00_frame_0 pair 60 [4, 0] combined 0 players 0 retained 0 seconds 0.16388737130910158
gxBQ_window_00_frame_0 pair 61 [4, 1] combined 0 players 0 retained 0 seconds 0.025862406939268112
gxBQ_window_00_frame_0 pair 62 [4, 2] combined 0 players 0 retained 0 seconds 0.03318967157974839
gxBQ_window_00_frame_0 pair 64 [4, 5] combined 0 players 0 retained 0 seconds 0.10385690070688725
gxBQ_window_00_frame_0 pair 65 [4, 6] combined 0 players 0 retained 0 seconds 0.006886682938784361
gxBQ_window_00_frame_0 pair 68 [4, 9] combined 0 players 0 retained 0 seconds 0.024296308401972055
gxBQ_window_00_frame_0 pair 72 [4, 13] combined 0 players 0 retained 0 seconds 0.19272641697898507
gxBQ_window_00_frame_0 pair 73 [4, 14] combined 0 players 0 retained 0 seconds 0.1465840400196612
gxBQ_window_00_frame_0 pair 74 [4, 15] combined 0 players 0 retained 0 seconds 0.1307486230507493
gxBQ_window_00_frame_0 pair 76 [5, 1] combined 206848 players 86684 retained 256 seconds 3.8847752190195024
gxBQ_window_00_frame_0 pair 78 [5, 3] combined 10240 players 3798 retained 256 seconds 0.3400685992091894
gxBQ_window_00_frame_0 pair 79 [5, 4] combined 0 players 0 retained 0 seconds 0.13088458590209484
gxBQ_window_00_frame_0 pair 80 [5, 6] combined 14336 players 5970 retained 256 seconds 0.4573525278829038
gxBQ_window_00_frame_0 pair 82 [5, 8] combined 34816 players 12414 retained 256 seconds 1.0830145082436502
gxBQ_window_00_frame_0 pair 83 [5, 9] combined 154624 players 61394 retained 256 seconds 2.8771229279227555
gxBQ_window_00_frame_0 pair 84 [5, 10] combined 0 players 0 retained 0 seconds 0.15479655610397458
gxBQ_window_00_frame_0 pair 86 [5, 12] combined 0 players 0 retained 0 seconds 0.12270237598568201
gxBQ_window_00_frame_0 pair 90 [6, 0] combined 10240 players 2978 retained 256 seconds 0.36310629919171333
gxBQ_window_00_frame_0 pair 92 [6, 2] combined 10240 players 3660 retained 256 seconds 0.24676361493766308
gxBQ_window_00_frame_0 pair 93 [6, 3] combined 0 players 0 retained 0 seconds 0.009439759887754917
gxBQ_window_00_frame_0 pair 94 [6, 4] combined 48 players 0 retained 0 seconds 0.007192410062998533
gxBQ_window_00_frame_0 pair 95 [6, 5] combined 10240 players 2404 retained 256 seconds 0.2697926522232592
gxBQ_window_00_frame_0 pair 96 [6, 7] combined 7520 players 1250 retained 256 seconds 0.14862605091184378
gxBQ_window_00_frame_0 pair 97 [6, 8] combined 876 players 0 retained 0 seconds 0.016596340108662844
gxBQ_window_00_frame_0 pair 100 [6, 11] combined 0 players 0 retained 0 seconds 0.008452177979052067
gxBQ_window_00_frame_0 pair 101 [6, 12] combined 0 players 0 retained 0 seconds 0.006407412234693766
gxBQ_window_00_frame_0 pair 102 [6, 13] combined 10240 players 3080 retained 256 seconds 0.38467073114588857
gxBQ_window_00_frame_0 pair 103 [6, 14] combined 10240 players 3078 retained 256 seconds 0.34477713285014033
gxBQ_window_00_frame_0 pair 104 [6, 15] combined 9216 players 2494 retained 256 seconds 0.2982503669336438
gxBQ_window_00_frame_0 pair 106 [7, 1] combined 119460 players 53134 retained 256 seconds 2.329807196278125
gxBQ_window_00_frame_0 pair 108 [7, 3] combined 5360 players 1148 retained 256 seconds 0.15179290436208248
gxBQ_window_00_frame_0 pair 111 [7, 6] combined 11256 players 4942 retained 256 seconds 0.30106183188036084
gxBQ_window_00_frame_0 pair 112 [7, 8] combined 16864 players 4024 retained 256 seconds 0.2838350310921669
gxBQ_window_00_frame_0 pair 113 [7, 9] combined 89804 players 40792 retained 256 seconds 1.8346114121377468
gxBQ_window_00_frame_0 pair 115 [7, 11] combined 30720 players 740 retained 256 seconds 0.21461334871128201
gxBQ_window_00_frame_0 pair 120 [8, 0] combined 20480 players 8342 retained 256 seconds 0.5922910119406879
gxBQ_window_00_frame_0 pair 121 [8, 1] combined 15360 players 184 retained 92 seconds 0.48581083538010716
gxBQ_window_00_frame_0 pair 122 [8, 2] combined 15540 players 5486 retained 256 seconds 0.33101797895506024
gxBQ_window_00_frame_0 pair 125 [8, 5] combined 20480 players 5970 retained 256 seconds 0.4263251619413495
gxBQ_window_00_frame_0 pair 126 [8, 6] combined 1288 players 0 retained 0 seconds 0.019010318908840418
gxBQ_window_00_frame_0 pair 127 [8, 7] combined 20480 players 5526 retained 256 seconds 0.34469840908423066
gxBQ_window_00_frame_0 pair 128 [8, 9] combined 16384 players 64 retained 30 seconds 0.10485746990889311
gxBQ_window_00_frame_0 pair 129 [8, 10] combined 0 players 0 retained 0 seconds 0.012357618194073439
gxBQ_window_00_frame_0 pair 132 [8, 13] combined 20480 players 8074 retained 256 seconds 0.6006777337752283
gxBQ_window_00_frame_0 pair 133 [8, 14] combined 20480 players 7250 retained 256 seconds 0.5129860290326178
gxBQ_window_00_frame_0 pair 134 [8, 15] combined 20480 players 7618 retained 256 seconds 0.5204690131358802
gxBQ_window_00_frame_0 pair 135 [9, 0] combined 134144 players 26184 retained 256 seconds 1.58246411383152
gxBQ_window_00_frame_0 pair 137 [9, 2] combined 142336 players 52778 retained 256 seconds 2.434574283193797
gxBQ_window_00_frame_0 pair 138 [9, 3] combined 2328 players 24 retained 12 seconds 0.062468447256833315
gxBQ_window_00_frame_0 pair 139 [9, 4] combined 2448 players 0 retained 0 seconds 0.031874090898782015
gxBQ_window_00_frame_0 pair 140 [9, 5] combined 133120 players 21556 retained 256 seconds 1.388777342159301
gxBQ_window_00_frame_0 pair 142 [9, 7] combined 101672 players 8924 retained 256 seconds 0.7364314659498632
gxBQ_window_00_frame_0 pair 143 [9, 8] combined 28944 players 70 retained 34 seconds 0.14200631901621819
gxBQ_window_00_frame_0 pair 145 [9, 11] combined 9900 players 238 retained 108 seconds 0.09010243136435747
gxBQ_window_00_frame_0 pair 147 [9, 13] combined 138240 players 44496 retained 256 seconds 2.348907496780157
gxBQ_window_00_frame_0 pair 148 [9, 14] combined 135168 players 25444 retained 256 seconds 1.5710356482304633
gxBQ_window_00_frame_0 pair 149 [9, 15] combined 138240 players 29432 retained 256 seconds 2.070499431807548
gxBQ_window_00_frame_0 pair 150 [10, 0] combined 0 players 0 retained 0 seconds 0.1808954537846148
gxBQ_window_00_frame_0 pair 152 [10, 2] combined 0 players 0 retained 0 seconds 0.03396149072796106
gxBQ_window_00_frame_0 pair 153 [10, 3] combined 0 players 0 retained 0 seconds 0.0058298720978200436
gxBQ_window_00_frame_0 pair 155 [10, 5] combined 0 players 0 retained 0 seconds 0.10126457316800952
gxBQ_window_00_frame_0 pair 158 [10, 8] combined 0 players 0 retained 0 seconds 0.01045376481488347
gxBQ_window_00_frame_0 pair 160 [10, 11] combined 0 players 0 retained 0 seconds 0.006621949840337038
gxBQ_window_00_frame_0 pair 162 [10, 13] combined 1024 players 0 retained 0 seconds 0.2085751537233591
gxBQ_window_00_frame_0 pair 163 [10, 14] combined 1024 players 0 retained 0 seconds 0.15654644323512912
gxBQ_window_00_frame_0 pair 164 [10, 15] combined 0 players 0 retained 0 seconds 0.1281519071199
gxBQ_window_00_frame_0 pair 166 [11, 1] combined 16008 players 0 retained 0 seconds 0.07140494976192713
gxBQ_window_00_frame_0 pair 171 [11, 6] combined 192 players 0 retained 0 seconds 0.007979963906109333
gxBQ_window_00_frame_0 pair 172 [11, 7] combined 13312 players 398 retained 184 seconds 0.12980559887364507
gxBQ_window_00_frame_0 pair 174 [11, 9] combined 13716 players 0 retained 0 seconds 0.061930587980896235
gxBQ_window_00_frame_0 pair 175 [11, 10] combined 0 players 0 retained 0 seconds 0.006643395870923996
gxBQ_window_00_frame_0 pair 180 [12, 0] combined 0 players 0 retained 0 seconds 0.18001862103119493
gxBQ_window_00_frame_0 pair 182 [12, 2] combined 0 players 0 retained 0 seconds 0.030849086120724678
gxBQ_window_00_frame_0 pair 185 [12, 5] combined 0 players 0 retained 0 seconds 0.11415530508384109
gxBQ_window_00_frame_0 pair 186 [12, 6] combined 0 players 0 retained 0 seconds 0.006350304000079632
gxBQ_window_00_frame_0 pair 192 [12, 13] combined 0 players 0 retained 0 seconds 0.21039989311248064
gxBQ_window_00_frame_0 pair 193 [12, 14] combined 0 players 0 retained 0 seconds 0.16266532707959414
gxBQ_window_00_frame_0 pair 194 [12, 15] combined 0 players 0 retained 0 seconds 0.14290710305795074
gxBQ_window_00_frame_0 pair 196 [13, 1] combined 197632 players 83788 retained 256 seconds 3.8677572971209884
gxBQ_window_00_frame_0 pair 198 [13, 3] combined 10240 players 4160 retained 256 seconds 0.47415611566975713
gxBQ_window_00_frame_0 pair 199 [13, 4] combined 0 players 0 retained 0 seconds 0.2606488820165396
gxBQ_window_00_frame_0 pair 201 [13, 6] combined 16384 players 6462 retained 256 seconds 0.5323255313560367
gxBQ_window_00_frame_0 pair 203 [13, 8] combined 34816 players 12400 retained 256 seconds 0.7836480219848454
gxBQ_window_00_frame_0 pair 204 [13, 9] combined 159744 players 65254 retained 256 seconds 2.8824666934087873
gxBQ_window_00_frame_0 pair 205 [13, 10] combined 7168 players 0 retained 0 seconds 0.23377185128629208
gxBQ_window_00_frame_0 pair 207 [13, 12] combined 0 players 0 retained 0 seconds 0.21582867577672005
gxBQ_window_00_frame_0 pair 211 [14, 1] combined 203776 players 85940 retained 256 seconds 4.237151282839477
gxBQ_window_00_frame_0 pair 213 [14, 3] combined 10240 players 4214 retained 256 seconds 0.403049907181412
gxBQ_window_00_frame_0 pair 214 [14, 4] combined 0 players 0 retained 0 seconds 0.19054065318778157
gxBQ_window_00_frame_0 pair 216 [14, 6] combined 16384 players 6786 retained 256 seconds 0.49319544807076454
gxBQ_window_00_frame_0 pair 218 [14, 8] combined 34816 players 12092 retained 256 seconds 0.7190689858980477
gxBQ_window_00_frame_0 pair 219 [14, 9] combined 153600 players 64618 retained 256 seconds 2.934731236193329
gxBQ_window_00_frame_0 pair 220 [14, 10] combined 10240 players 0 retained 0 seconds 0.20310063194483519
gxBQ_window_00_frame_0 pair 222 [14, 12] combined 0 players 0 retained 0 seconds 0.17464614426717162
gxBQ_window_00_frame_0 pair 226 [15, 1] combined 200704 players 82420 retained 256 seconds 3.729319946374744
gxBQ_window_00_frame_0 pair 228 [15, 3] combined 10240 players 3786 retained 256 seconds 0.3723370023071766
gxBQ_window_00_frame_0 pair 229 [15, 4] combined 0 players 0 retained 0 seconds 0.16601281892508268
gxBQ_window_00_frame_0 pair 231 [15, 6] combined 14336 players 5930 retained 256 seconds 0.4762898050248623
gxBQ_window_00_frame_0 pair 233 [15, 8] combined 34816 players 11806 retained 256 seconds 0.6786145139485598
gxBQ_window_00_frame_0 pair 234 [15, 9] combined 159744 players 63222 retained 256 seconds 2.8325886921957135
gxBQ_window_00_frame_0 pair 235 [15, 10] combined 14336 players 0 retained 0 seconds 0.2017311230301857
gxBQ_window_00_frame_0 pair 237 [15, 12] combined 0 players 0 retained 0 seconds 0.1401477106846869
[gxBQ_window_00_frame_0] line-template: preparing rectangles
[gxBQ_window_00_frame_0] measuring 768 parents (G0=256, G1=256, line_template=256; conflicting geometry groups=0)
[gxBQ_window_00_frame_0] parents 250/768
[gxBQ_window_00_frame_0] parents 500/768
[gxBQ_window_00_frame_0] parents 750/768
[gxBQ_window_00_frame_0] refitting 768 parents
[gxBQ_window_00_frame_0] refits 250/768; valid children=241
[gxBQ_window_00_frame_0] refits 500/768; valid children=466
[gxBQ_window_00_frame_0] refits 750/768; valid children=697
{"view_id": "gxBQ_window_00_frame_0", "chosen_key": "G0:22:5046/child", "no_court_reason": null, "all_checks_equal": null, "error": null}
{"views": ["gxBQ_window_00_frame_0"], "startup_seconds": 0.039143298752605915, "wall_seconds": 698.9633488059044, "peak_rss_mb": 2077.80078125, "failed": []}
