decoded <remote>/player_guided_20260908/videos/Cb-xs5rPyxI_gameplay.mp4 to frame 90 in 0s
letterboxed_short_frame_78 pair 0 [0, 1] combined 222208 players 69848 retained 256 seconds 3.11216738820076
letterboxed_short_frame_78 pair 1 [0, 2] combined 203776 players 88576 retained 256 seconds 4.11837059725076
letterboxed_short_frame_78 pair 2 [0, 3] combined 182272 players 0 retained 0 seconds 0.5972629431635141
letterboxed_short_frame_78 pair 3 [0, 4] combined 24576 players 12224 retained 256 seconds 0.611585820093751
letterboxed_short_frame_78 pair 5 [0, 6] combined 25600 players 0 retained 0 seconds 0.18827389925718307
letterboxed_short_frame_78 pair 8 [0, 9] combined 1140 players 0 retained 0 seconds 0.06370874820277095
letterboxed_short_frame_78 pair 9 [0, 10] combined 7168 players 0 retained 0 seconds 0.08945371117442846
letterboxed_short_frame_78 pair 11 [0, 12] combined 2048 players 1004 retained 256 seconds 0.165388825815171
letterboxed_short_frame_78 pair 12 [0, 13] combined 23552 players 228 retained 116 seconds 0.17394597409293056
letterboxed_short_frame_78 pair 13 [0, 14] combined 6144 players 234 retained 118 seconds 0.13312625605612993
letterboxed_short_frame_78 pair 14 [0, 15] combined 20480 players 304 retained 160 seconds 0.18093617027625442
letterboxed_short_frame_78 pair 15 [1, 0] combined 61440 players 18272 retained 256 seconds 1.0552201280370355
letterboxed_short_frame_78 pair 18 [1, 4] combined 5600 players 0 retained 0 seconds 0.056789821945130825
letterboxed_short_frame_78 pair 19 [1, 5] combined 2704 players 588 retained 256 seconds 0.12482190504670143
letterboxed_short_frame_78 pair 24 [1, 10] combined 1488 players 484 retained 229 seconds 0.11426970595493913
letterboxed_short_frame_78 pair 25 [1, 11] combined 1152 players 432 retained 216 seconds 0.11031635198742151
letterboxed_short_frame_78 pair 30 [2, 0] combined 105472 players 10450 retained 256 seconds 0.7746706618927419
letterboxed_short_frame_78 pair 32 [2, 3] combined 6248 players 224 retained 112 seconds 0.09780094493180513
letterboxed_short_frame_78 pair 34 [2, 5] combined 4068 players 452 retained 224 seconds 0.11251540994271636
letterboxed_short_frame_78 pair 35 [2, 6] combined 1716 players 0 retained 0 seconds 0.03460129490122199
letterboxed_short_frame_78 pair 36 [2, 7] combined 5520 players 0 retained 0 seconds 0.04628398595377803
letterboxed_short_frame_78 pair 38 [2, 9] combined 644 players 0 retained 0 seconds 0.02961991587653756
letterboxed_short_frame_78 pair 39 [2, 10] combined 1072 players 134 retained 67 seconds 0.07480530394241214
letterboxed_short_frame_78 pair 40 [2, 11] combined 2352 players 0 retained 0 seconds 0.03987117577344179
letterboxed_short_frame_78 pair 42 [2, 13] combined 108 players 18 retained 9 seconds 0.06225881911814213
letterboxed_short_frame_78 pair 45 [3, 0] combined 96256 players 1750 retained 256 seconds 0.4636501776985824
letterboxed_short_frame_78 pair 47 [3, 2] combined 20480 players 1320 retained 256 seconds 0.2804544339887798
letterboxed_short_frame_78 pair 55 [3, 11] combined 3024 players 0 retained 0 seconds 0.022472206968814135
letterboxed_short_frame_78 pair 60 [4, 0] combined 20480 players 2114 retained 256 seconds 0.2620442043989897
letterboxed_short_frame_78 pair 61 [4, 1] combined 0 players 0 retained 0 seconds 0.02872222987934947
letterboxed_short_frame_78 pair 67 [4, 8] combined 1332 players 0 retained 0 seconds 0.015898554120212793
letterboxed_short_frame_78 pair 70 [4, 11] combined 504 players 36 retained 18 seconds 0.0491509847342968
letterboxed_short_frame_78 pair 71 [4, 12] combined 440 players 22 retained 11 seconds 0.04940944164991379
letterboxed_short_frame_78 pair 72 [4, 13] combined 28 players 0 retained 0 seconds 0.010881718248128891
letterboxed_short_frame_78 pair 73 [4, 14] combined 0 players 0 retained 0 seconds 0.00982911791652441
letterboxed_short_frame_78 pair 74 [4, 15] combined 240 players 78 retained 39 seconds 0.04987729201093316
letterboxed_short_frame_78 pair 76 [5, 1] combined 1872 players 0 retained 0 seconds 0.04305352596566081
letterboxed_short_frame_78 pair 77 [5, 2] combined 1568 players 672 retained 256 seconds 0.11796346306800842
letterboxed_short_frame_78 pair 81 [5, 7] combined 0 players 0 retained 0 seconds 0.01108120707795024
letterboxed_short_frame_78 pair 82 [5, 8] combined 108 players 54 retained 27 seconds 0.04692309070378542
letterboxed_short_frame_78 pair 83 [5, 9] combined 0 players 0 retained 0 seconds 0.007253624033182859
letterboxed_short_frame_78 pair 90 [6, 0] combined 3072 players 6 retained 3 seconds 0.11028298689052463
letterboxed_short_frame_78 pair 92 [6, 2] combined 2048 players 212 retained 106 seconds 0.08956165704876184
letterboxed_short_frame_78 pair 100 [6, 11] combined 36 players 0 retained 0 seconds 0.008700837846845388
letterboxed_short_frame_78 pair 107 [7, 2] combined 6144 players 576 retained 256 seconds 0.13419008906930685
letterboxed_short_frame_78 pair 110 [7, 5] combined 2772 players 0 retained 0 seconds 0.01817096211016178
letterboxed_short_frame_78 pair 114 [7, 10] combined 360 players 0 retained 0 seconds 0.010518859140574932
letterboxed_short_frame_78 pair 116 [7, 12] combined 276 players 78 retained 32 seconds 0.05152983404695988
letterboxed_short_frame_78 pair 119 [7, 15] combined 0 players 0 retained 0 seconds 0.008854661136865616
letterboxed_short_frame_78 pair 124 [8, 4] combined 112 players 0 retained 0 seconds 0.010709190275520086
letterboxed_short_frame_78 pair 125 [8, 5] combined 480 players 32 retained 16 seconds 0.04734413791447878
letterboxed_short_frame_78 pair 129 [8, 10] combined 56 players 4 retained 2 seconds 0.04416819103062153
letterboxed_short_frame_78 pair 135 [9, 0] combined 0 players 0 retained 0 seconds 0.06572819175198674
letterboxed_short_frame_78 pair 137 [9, 2] combined 224 players 0 retained 0 seconds 0.017672661691904068
letterboxed_short_frame_78 pair 140 [9, 5] combined 0 players 0 retained 0 seconds 0.0076357959769666195
letterboxed_short_frame_78 pair 145 [9, 11] combined 104 players 0 retained 0 seconds 0.007010892033576965
letterboxed_short_frame_78 pair 146 [9, 12] combined 0 players 0 retained 0 seconds 0.006762522738426924
letterboxed_short_frame_78 pair 150 [10, 0] combined 0 players 0 retained 0 seconds 0.0660192877985537
letterboxed_short_frame_78 pair 151 [10, 1] combined 2048 players 0 retained 0 seconds 0.04323992505669594
letterboxed_short_frame_78 pair 152 [10, 2] combined 0 players 0 retained 0 seconds 0.02912710513919592
letterboxed_short_frame_78 pair 157 [10, 7] combined 0 players 0 retained 0 seconds 0.009068108163774014
letterboxed_short_frame_78 pair 158 [10, 8] combined 40 players 0 retained 0 seconds 0.008087941911071539
letterboxed_short_frame_78 pair 160 [10, 11] combined 0 players 0 retained 0 seconds 0.00728996517136693
letterboxed_short_frame_78 pair 161 [10, 12] combined 0 players 0 retained 0 seconds 0.0071813492104411125
letterboxed_short_frame_78 pair 166 [11, 1] combined 6832 players 2842 retained 256 seconds 0.24250851478427649
letterboxed_short_frame_78 pair 167 [11, 2] combined 2520 players 1098 retained 256 seconds 0.13878415012732148
letterboxed_short_frame_78 pair 168 [11, 3] combined 5152 players 0 retained 0 seconds 0.11869341414421797
letterboxed_short_frame_78 pair 169 [11, 4] combined 520 players 256 retained 128 seconds 0.06496196473017335
letterboxed_short_frame_78 pair 171 [11, 6] combined 968 players 0 retained 0 seconds 0.011370256077498198
letterboxed_short_frame_78 pair 174 [11, 9] combined 20 players 0 retained 0 seconds 0.006383451167494059
letterboxed_short_frame_78 pair 175 [11, 10] combined 56 players 0 retained 0 seconds 0.006728254724293947
letterboxed_short_frame_78 pair 176 [11, 12] combined 16 players 8 retained 4 seconds 0.042837304063141346
letterboxed_short_frame_78 pair 177 [11, 13] combined 288 players 0 retained 0 seconds 0.007907966151833534
letterboxed_short_frame_78 pair 178 [11, 14] combined 80 players 4 retained 2 seconds 0.041929079219698906
letterboxed_short_frame_78 pair 179 [11, 15] combined 192 players 24 retained 14 seconds 0.042553714010864496
letterboxed_short_frame_78 pair 180 [12, 0] combined 3072 players 370 retained 170 seconds 0.14283399796113372
letterboxed_short_frame_78 pair 184 [12, 4] combined 320 players 40 retained 20 seconds 0.049483153969049454
letterboxed_short_frame_78 pair 187 [12, 7] combined 1624 players 48 retained 18 seconds 0.05386716919019818
letterboxed_short_frame_78 pair 189 [12, 9] combined 180 players 0 retained 0 seconds 0.007705483585596085
letterboxed_short_frame_78 pair 190 [12, 10] combined 96 players 0 retained 0 seconds 0.007661343086510897
letterboxed_short_frame_78 pair 191 [12, 11] combined 128 players 24 retained 12 seconds 0.04457152262330055
letterboxed_short_frame_78 pair 195 [13, 0] combined 2048 players 160 retained 78 seconds 0.13019457692280412
letterboxed_short_frame_78 pair 197 [13, 2] combined 0 players 0 retained 0 seconds 0.03214009711518884
letterboxed_short_frame_78 pair 199 [13, 4] combined 0 players 0 retained 0 seconds 0.009340203832834959
letterboxed_short_frame_78 pair 206 [13, 11] combined 168 players 14 retained 7 seconds 0.043387355748564005
letterboxed_short_frame_78 pair 210 [14, 0] combined 2048 players 160 retained 78 seconds 0.13174454076215625
letterboxed_short_frame_78 pair 214 [14, 4] combined 0 players 0 retained 0 seconds 0.010957474820315838
letterboxed_short_frame_78 pair 221 [14, 11] combined 80 players 36 retained 18 seconds 0.04441144224256277
letterboxed_short_frame_78 pair 225 [15, 0] combined 0 players 0 retained 0 seconds 0.07869497127830982
letterboxed_short_frame_78 pair 229 [15, 4] combined 1400 players 140 retained 70 seconds 0.05780884437263012
letterboxed_short_frame_78 pair 232 [15, 7] combined 0 players 0 retained 0 seconds 0.009425602853298187
letterboxed_short_frame_78 pair 236 [15, 11] combined 0 players 0 retained 0 seconds 0.005657563917338848
letterboxed_short_frame_78 pair 0 [0, 1] combined 288 players 0 retained 0 seconds 0.012074353639036417
letterboxed_short_frame_78 pair 1 [0, 2] combined 0 players 0 retained 0 seconds 0.0074027408845722675
letterboxed_short_frame_78 pair 2 [0, 3] combined 0 players 0 retained 0 seconds 0.00485564861446619
letterboxed_short_frame_78 pair 3 [0, 4] combined 0 players 0 retained 0 seconds 0.004617717117071152
letterboxed_short_frame_78 pair 5 [0, 6] combined 0 players 0 retained 0 seconds 0.0043504913337528706
letterboxed_short_frame_78 pair 8 [0, 9] combined 0 players 0 retained 0 seconds 0.00422219093888998
letterboxed_short_frame_78 pair 9 [0, 10] combined 0 players 0 retained 0 seconds 0.003993806894868612
letterboxed_short_frame_78 pair 11 [0, 12] combined 0 players 0 retained 0 seconds 0.003967719152569771
letterboxed_short_frame_78 pair 12 [0, 13] combined 0 players 0 retained 0 seconds 0.004257095977663994
letterboxed_short_frame_78 pair 13 [0, 14] combined 0 players 0 retained 0 seconds 0.004014764912426472
letterboxed_short_frame_78 pair 14 [0, 15] combined 0 players 0 retained 0 seconds 0.003212756011635065
letterboxed_short_frame_78 pair 15 [1, 0] combined 56 players 8 retained 4 seconds 0.04780721478164196
letterboxed_short_frame_78 pair 18 [1, 4] combined 0 players 0 retained 0 seconds 0.009880810976028442
letterboxed_short_frame_78 pair 19 [1, 5] combined 0 players 0 retained 0 seconds 0.010544195771217346
letterboxed_short_frame_78 pair 24 [1, 10] combined 0 players 0 retained 0 seconds 0.00956403836607933
letterboxed_short_frame_78 pair 25 [1, 11] combined 0 players 0 retained 0 seconds 0.01063840277493
letterboxed_short_frame_78 pair 30 [2, 0] combined 40 players 0 retained 0 seconds 0.007447614800184965
letterboxed_short_frame_78 pair 32 [2, 3] combined 0 players 0 retained 0 seconds 0.005771084688603878
letterboxed_short_frame_78 pair 34 [2, 5] combined 0 players 0 retained 0 seconds 0.00609567342326045
letterboxed_short_frame_78 pair 35 [2, 6] combined 0 players 0 retained 0 seconds 0.00570600526407361
letterboxed_short_frame_78 pair 36 [2, 7] combined 0 players 0 retained 0 seconds 0.005529850255697966
letterboxed_short_frame_78 pair 38 [2, 9] combined 0 players 0 retained 0 seconds 0.0053383586928248405
letterboxed_short_frame_78 pair 39 [2, 10] combined 0 players 0 retained 0 seconds 0.005405290983617306
letterboxed_short_frame_78 pair 40 [2, 11] combined 0 players 0 retained 0 seconds 0.005862680729478598
letterboxed_short_frame_78 pair 42 [2, 13] combined 0 players 0 retained 0 seconds 0.0053670331835746765
letterboxed_short_frame_78 pair 45 [3, 0] combined 32 players 8 retained 4 seconds 0.039845554158091545
letterboxed_short_frame_78 pair 47 [3, 2] combined 0 players 0 retained 0 seconds 0.0058293878100812435
letterboxed_short_frame_78 pair 55 [3, 11] combined 0 players 0 retained 0 seconds 0.0032505332492291927
letterboxed_short_frame_78 pair 60 [4, 0] combined 0 players 0 retained 0 seconds 0.003840773832052946
letterboxed_short_frame_78 pair 61 [4, 1] combined 0 players 0 retained 0 seconds 0.007355521898716688
letterboxed_short_frame_78 pair 67 [4, 8] combined 0 players 0 retained 0 seconds 0.003099148627370596
letterboxed_short_frame_78 pair 70 [4, 11] combined 0 players 0 retained 0 seconds 0.0030869650654494762
letterboxed_short_frame_78 pair 71 [4, 12] combined 0 players 0 retained 0 seconds 0.002581041306257248
letterboxed_short_frame_78 pair 72 [4, 13] combined 0 players 0 retained 0 seconds 0.002425118815153837
letterboxed_short_frame_78 pair 73 [4, 14] combined 0 players 0 retained 0 seconds 0.0021036160178482533
letterboxed_short_frame_78 pair 74 [4, 15] combined 0 players 0 retained 0 seconds 0.002563325222581625
letterboxed_short_frame_78 pair 76 [5, 1] combined 0 players 0 retained 0 seconds 0.00811305083334446
letterboxed_short_frame_78 pair 77 [5, 2] combined 0 players 0 retained 0 seconds 0.005171520169824362
letterboxed_short_frame_78 pair 81 [5, 7] combined 0 players 0 retained 0 seconds 0.002133070956915617
letterboxed_short_frame_78 pair 82 [5, 8] combined 0 players 0 retained 0 seconds 0.002435252070426941
letterboxed_short_frame_78 pair 83 [5, 9] combined 0 players 0 retained 0 seconds 0.001560854259878397
letterboxed_short_frame_78 pair 90 [6, 0] combined 0 players 0 retained 0 seconds 0.0036774459294974804
letterboxed_short_frame_78 pair 92 [6, 2] combined 0 players 0 retained 0 seconds 0.005299882031977177
letterboxed_short_frame_78 pair 100 [6, 11] combined 0 players 0 retained 0 seconds 0.002822483889758587
letterboxed_short_frame_78 pair 107 [7, 2] combined 0 players 0 retained 0 seconds 0.005409944802522659
letterboxed_short_frame_78 pair 110 [7, 5] combined 0 players 0 retained 0 seconds 0.0021145204082131386
letterboxed_short_frame_78 pair 114 [7, 10] combined 0 players 0 retained 0 seconds 0.001934700645506382
letterboxed_short_frame_78 pair 116 [7, 12] combined 0 players 0 retained 0 seconds 0.0025437651202082634
letterboxed_short_frame_78 pair 119 [7, 15] combined 0 players 0 retained 0 seconds 0.002331840805709362
letterboxed_short_frame_78 pair 124 [8, 4] combined 0 players 0 retained 0 seconds 0.0032985303550958633
letterboxed_short_frame_78 pair 125 [8, 5] combined 0 players 0 retained 0 seconds 0.002742770127952099
letterboxed_short_frame_78 pair 129 [8, 10] combined 0 players 0 retained 0 seconds 0.0027135731652379036
letterboxed_short_frame_78 pair 135 [9, 0] combined 0 players 0 retained 0 seconds 0.003084242343902588
letterboxed_short_frame_78 pair 137 [9, 2] combined 0 players 0 retained 0 seconds 0.003395386040210724
letterboxed_short_frame_78 pair 140 [9, 5] combined 0 players 0 retained 0 seconds 0.0018245652318000793
letterboxed_short_frame_78 pair 145 [9, 11] combined 0 players 0 retained 0 seconds 0.002276462037116289
letterboxed_short_frame_78 pair 146 [9, 12] combined 0 players 0 retained 0 seconds 0.001732878852635622
letterboxed_short_frame_78 pair 150 [10, 0] combined 0 players 0 retained 0 seconds 0.003155508078634739
letterboxed_short_frame_78 pair 151 [10, 1] combined 0 players 0 retained 0 seconds 0.007687680888921022
letterboxed_short_frame_78 pair 152 [10, 2] combined 0 players 0 retained 0 seconds 0.004948026034981012
letterboxed_short_frame_78 pair 157 [10, 7] combined 0 players 0 retained 0 seconds 0.0022521917708218098
letterboxed_short_frame_78 pair 158 [10, 8] combined 0 players 0 retained 0 seconds 0.006293209735304117
letterboxed_short_frame_78 pair 160 [10, 11] combined 0 players 0 retained 0 seconds 0.0021483139134943485
letterboxed_short_frame_78 pair 161 [10, 12] combined 0 players 0 retained 0 seconds 0.001724284142255783
letterboxed_short_frame_78 pair 166 [11, 1] combined 0 players 0 retained 0 seconds 0.009446101728826761
letterboxed_short_frame_78 pair 167 [11, 2] combined 0 players 0 retained 0 seconds 0.0048571862280368805
letterboxed_short_frame_78 pair 168 [11, 3] combined 0 players 0 retained 0 seconds 0.002710905857384205
letterboxed_short_frame_78 pair 169 [11, 4] combined 0 players 0 retained 0 seconds 0.0023043020628392696
letterboxed_short_frame_78 pair 171 [11, 6] combined 0 players 0 retained 0 seconds 0.0025859391316771507
letterboxed_short_frame_78 pair 174 [11, 9] combined 0 players 0 retained 0 seconds 0.0020623733289539814
letterboxed_short_frame_78 pair 175 [11, 10] combined 0 players 0 retained 0 seconds 0.0019736257381737232
letterboxed_short_frame_78 pair 176 [11, 12] combined 0 players 0 retained 0 seconds 0.002007025759667158
letterboxed_short_frame_78 pair 177 [11, 13] combined 0 players 0 retained 0 seconds 0.002593187615275383
letterboxed_short_frame_78 pair 178 [11, 14] combined 0 players 0 retained 0 seconds 0.002208045218139887
letterboxed_short_frame_78 pair 179 [11, 15] combined 0 players 0 retained 0 seconds 0.002006209921091795
letterboxed_short_frame_78 pair 180 [12, 0] combined 0 players 0 retained 0 seconds 0.0032008900307118893
letterboxed_short_frame_78 pair 184 [12, 4] combined 0 players 0 retained 0 seconds 0.002244782168418169
letterboxed_short_frame_78 pair 187 [12, 7] combined 0 players 0 retained 0 seconds 0.0021568271331489086
letterboxed_short_frame_78 pair 189 [12, 9] combined 0 players 0 retained 0 seconds 0.0019282018765807152
letterboxed_short_frame_78 pair 190 [12, 10] combined 0 players 0 retained 0 seconds 0.0019309460185468197
letterboxed_short_frame_78 pair 191 [12, 11] combined 0 players 0 retained 0 seconds 0.0023056790232658386
letterboxed_short_frame_78 pair 195 [13, 0] combined 0 players 0 retained 0 seconds 0.003744961228221655
letterboxed_short_frame_78 pair 197 [13, 2] combined 0 players 0 retained 0 seconds 0.0046671610325574875
letterboxed_short_frame_78 pair 199 [13, 4] combined 0 players 0 retained 0 seconds 0.002257724292576313
letterboxed_short_frame_78 pair 206 [13, 11] combined 0 players 0 retained 0 seconds 0.0035010729916393757
letterboxed_short_frame_78 pair 210 [14, 0] combined 0 players 0 retained 0 seconds 0.0036160722374916077
letterboxed_short_frame_78 pair 214 [14, 4] combined 0 players 0 retained 0 seconds 0.0019183643162250519
letterboxed_short_frame_78 pair 221 [14, 11] combined 0 players 0 retained 0 seconds 0.002116904594004154
letterboxed_short_frame_78 pair 225 [15, 0] combined 0 players 0 retained 0 seconds 0.003100742120295763
letterboxed_short_frame_78 pair 229 [15, 4] combined 0 players 0 retained 0 seconds 0.0025299470871686935
letterboxed_short_frame_78 pair 232 [15, 7] combined 0 players 0 retained 0 seconds 0.002227935940027237
letterboxed_short_frame_78 pair 236 [15, 11] combined 0 players 0 retained 0 seconds 0.0022090873681008816
[letterboxed_short_frame_78] line-template: preparing rectangles
[letterboxed_short_frame_78] measuring 520 parents (G0=256, G1=8, line_template=256; conflicting geometry groups=0)
[letterboxed_short_frame_78] parents 250/520
[letterboxed_short_frame_78] parents 500/520
[letterboxed_short_frame_78] refitting 520 parents
[letterboxed_short_frame_78] refits 250/520; valid children=250
[letterboxed_short_frame_78] refits 500/520; valid children=484
{"view_id": "letterboxed_short_frame_78", "chosen_key": "G0:0:21/child", "no_court_reason": null, "all_checks_equal": null, "error": null}
{"views": ["letterboxed_short_frame_78"], "startup_seconds": 0.03963965177536011, "wall_seconds": 89.23507855273783, "peak_rss_mb": 409.7578125, "failed": []}
