decoded /scratch/cmarti/issue103_ad8da4f/external/shuttleset-sources/3 Kento_MOMOTA_CHOU_Tien_Chen_KOREA_OPEN_2019_Final.mp4 to frame 66072 in 453s
shuttleset_03_scene_0032 pair 0 [0, 1] combined 262144 players 75364 retained 256 seconds 5.149440908804536
shuttleset_03_scene_0032 pair 1 [0, 2] combined 262144 players 72862 retained 256 seconds 4.667160025797784
shuttleset_03_scene_0032 pair 2 [0, 3] combined 250880 players 68812 retained 256 seconds 4.604676126968116
shuttleset_03_scene_0032 pair 5 [0, 6] combined 262144 players 51006 retained 256 seconds 4.066762859933078
shuttleset_03_scene_0032 pair 7 [0, 8] combined 159744 players 17776 retained 256 seconds 2.426131578627974
shuttleset_03_scene_0032 pair 12 [0, 13] combined 228352 players 37296 retained 256 seconds 3.400626316200942
shuttleset_03_scene_0032 pair 14 [0, 15] combined 55296 players 3524 retained 256 seconds 1.6958415228873491
shuttleset_03_scene_0032 pair 15 [1, 0] combined 262144 players 81802 retained 256 seconds 4.988537329714745
shuttleset_03_scene_0032 pair 16 [1, 2] combined 262144 players 11142 retained 256 seconds 1.7418187381699681
shuttleset_03_scene_0032 pair 18 [1, 4] combined 262144 players 72540 retained 256 seconds 3.947371755260974
shuttleset_03_scene_0032 pair 19 [1, 5] combined 262144 players 73378 retained 256 seconds 3.8210913999937475
shuttleset_03_scene_0032 pair 21 [1, 7] combined 262144 players 31490 retained 256 seconds 2.473192697390914
shuttleset_03_scene_0032 pair 22 [1, 8] combined 224256 players 42866 retained 256 seconds 2.713632219005376
shuttleset_03_scene_0032 pair 23 [1, 9] combined 37888 players 11672 retained 256 seconds 1.0381801729090512
shuttleset_03_scene_0032 pair 24 [1, 10] combined 134144 players 17926 retained 256 seconds 1.5383174638263881
shuttleset_03_scene_0032 pair 26 [1, 12] combined 114688 players 7154 retained 256 seconds 1.1280682538636029
shuttleset_03_scene_0032 pair 30 [2, 0] combined 262144 players 71608 retained 256 seconds 4.598348694853485
shuttleset_03_scene_0032 pair 31 [2, 1] combined 262144 players 1370 retained 256 seconds 1.282969187013805
shuttleset_03_scene_0032 pair 32 [2, 3] combined 262144 players 1388 retained 256 seconds 1.0759184528142214
shuttleset_03_scene_0032 pair 40 [2, 11] combined 28672 players 11360 retained 256 seconds 0.7424560762010515
shuttleset_03_scene_0032 pair 43 [2, 14] combined 178176 players 4612 retained 256 seconds 0.9219660558737814
shuttleset_03_scene_0032 pair 44 [2, 15] combined 60416 players 1116 retained 256 seconds 0.5133513528853655
shuttleset_03_scene_0032 pair 45 [3, 0] combined 262144 players 75344 retained 256 seconds 4.9503245539963245
shuttleset_03_scene_0032 pair 47 [3, 2] combined 262144 players 5982 retained 256 seconds 1.2803024724125862
shuttleset_03_scene_0032 pair 48 [3, 4] combined 262144 players 65134 retained 256 seconds 3.651970711071044
shuttleset_03_scene_0032 pair 49 [3, 5] combined 262144 players 68770 retained 256 seconds 3.789859612006694
shuttleset_03_scene_0032 pair 50 [3, 6] combined 262144 players 6848 retained 256 seconds 1.3567674430087209
shuttleset_03_scene_0032 pair 51 [3, 7] combined 256000 players 5970 retained 256 seconds 1.202929972205311
shuttleset_03_scene_0032 pair 52 [3, 8] combined 195584 players 4850 retained 256 seconds 0.9516278468072414
shuttleset_03_scene_0032 pair 53 [3, 9] combined 26624 players 386 retained 189 seconds 0.2614158969372511
shuttleset_03_scene_0032 pair 54 [3, 10] combined 55296 players 4728 retained 256 seconds 0.6069319699890912
shuttleset_03_scene_0032 pair 56 [3, 12] combined 108544 players 2800 retained 256 seconds 0.5919572110287845
shuttleset_03_scene_0032 pair 61 [4, 1] combined 262144 players 53976 retained 256 seconds 3.6219289819709957
shuttleset_03_scene_0032 pair 63 [4, 3] combined 220160 players 39070 retained 256 seconds 2.7033874448388815
shuttleset_03_scene_0032 pair 64 [4, 5] combined 262144 players 6178 retained 256 seconds 1.5549606112763286
shuttleset_03_scene_0032 pair 65 [4, 6] combined 262144 players 37378 retained 256 seconds 2.8439680910669267
shuttleset_03_scene_0032 pair 67 [4, 8] combined 162816 players 2658 retained 256 seconds 1.045979939866811
shuttleset_03_scene_0032 pair 72 [4, 13] combined 254976 players 19730 retained 256 seconds 1.9800610351376235
shuttleset_03_scene_0032 pair 74 [4, 15] combined 58368 players 3928 retained 256 seconds 0.7867411426268518
shuttleset_03_scene_0032 pair 76 [5, 1] combined 262144 players 89120 retained 256 seconds 4.849668431095779
shuttleset_03_scene_0032 pair 78 [5, 3] combined 248832 players 76072 retained 256 seconds 4.201661272905767
shuttleset_03_scene_0032 pair 79 [5, 4] combined 262144 players 5760 retained 256 seconds 1.5352268968708813
shuttleset_03_scene_0032 pair 80 [5, 6] combined 262144 players 57664 retained 256 seconds 3.481743487995118
shuttleset_03_scene_0032 pair 81 [5, 7] combined 198656 players 56110 retained 256 seconds 3.207381756976247
shuttleset_03_scene_0032 pair 83 [5, 9] combined 23552 players 1122 retained 256 seconds 0.39498440781608224
shuttleset_03_scene_0032 pair 84 [5, 10] combined 177152 players 3464 retained 256 seconds 0.9180638031102717
shuttleset_03_scene_0032 pair 85 [5, 11] combined 96256 players 1108 retained 256 seconds 0.6096649896353483
shuttleset_03_scene_0032 pair 86 [5, 12] combined 76800 players 18926 retained 256 seconds 1.1977761359885335
shuttleset_03_scene_0032 pair 88 [5, 14] combined 145408 players 44166 retained 256 seconds 2.36603898787871
shuttleset_03_scene_0032 pair 90 [6, 0] combined 262144 players 57838 retained 256 seconds 4.42588788503781
shuttleset_03_scene_0032 pair 93 [6, 3] combined 262144 players 10184 retained 256 seconds 1.4986475249752402
shuttleset_03_scene_0032 pair 94 [6, 4] combined 262144 players 51330 retained 256 seconds 3.1428323900327086
shuttleset_03_scene_0032 pair 95 [6, 5] combined 262144 players 51128 retained 256 seconds 2.2242274270392954
shuttleset_03_scene_0032 pair 98 [6, 9] combined 31744 players 8328 retained 256 seconds 0.4390997188165784
shuttleset_03_scene_0032 pair 100 [6, 11] combined 40960 players 9368 retained 256 seconds 0.5103412582539022
shuttleset_03_scene_0032 pair 102 [6, 13] combined 262144 players 64542 retained 256 seconds 2.1067424681968987
shuttleset_03_scene_0032 pair 103 [6, 14] combined 219136 players 13908 retained 256 seconds 1.0585572123527527
shuttleset_03_scene_0032 pair 104 [6, 15] combined 60416 players 3120 retained 256 seconds 0.3881990988738835
shuttleset_03_scene_0032 pair 106 [7, 1] combined 262144 players 8636 retained 256 seconds 0.9428711789660156
shuttleset_03_scene_0032 pair 108 [7, 3] combined 257024 players 1582 retained 256 seconds 0.6362537322565913
shuttleset_03_scene_0032 pair 110 [7, 5] combined 262144 players 66740 retained 256 seconds 2.193509523291141
shuttleset_03_scene_0032 pair 117 [7, 13] combined 262144 players 13866 retained 256 seconds 0.9250154690816998
shuttleset_03_scene_0032 pair 118 [7, 14] combined 259072 players 4038 retained 256 seconds 0.6945429807528853
shuttleset_03_scene_0032 pair 119 [7, 15] combined 54272 players 186 retained 93 seconds 0.19540832098573446
shuttleset_03_scene_0032 pair 120 [8, 0] combined 187392 players 5492 retained 256 seconds 1.284283361863345
shuttleset_03_scene_0032 pair 121 [8, 1] combined 247808 players 28342 retained 256 seconds 1.360363838262856
shuttleset_03_scene_0032 pair 123 [8, 3] combined 237568 players 8498 retained 256 seconds 0.7437247177585959
shuttleset_03_scene_0032 pair 124 [8, 4] combined 193536 players 4364 retained 256 seconds 0.666765573900193
shuttleset_03_scene_0032 pair 130 [8, 11] combined 12288 players 88 retained 44 seconds 0.09267966914921999
shuttleset_03_scene_0032 pair 133 [8, 14] combined 134160 players 28272 retained 256 seconds 0.987834929022938
shuttleset_03_scene_0032 pair 136 [9, 1] combined 20480 players 2826 retained 256 seconds 0.32935880590230227
shuttleset_03_scene_0032 pair 138 [9, 3] combined 21504 players 306 retained 154 seconds 0.12323027988895774
shuttleset_03_scene_0032 pair 140 [9, 5] combined 12288 players 948 retained 256 seconds 0.1680246707983315
shuttleset_03_scene_0032 pair 141 [9, 6] combined 27648 players 1068 retained 256 seconds 0.21238378807902336
shuttleset_03_scene_0032 pair 147 [9, 13] combined 11376 players 358 retained 180 seconds 0.08534060325473547
shuttleset_03_scene_0032 pair 151 [10, 1] combined 175104 players 30648 retained 256 seconds 1.4122428609989583
shuttleset_03_scene_0032 pair 153 [10, 3] combined 49152 players 2856 retained 256 seconds 0.25691265473142266
shuttleset_03_scene_0032 pair 155 [10, 5] combined 49152 players 1352 retained 256 seconds 0.2714422061108053
shuttleset_03_scene_0032 pair 162 [10, 13] combined 94208 players 2876 retained 256 seconds 0.3126964601688087
shuttleset_03_scene_0032 pair 163 [10, 14] combined 173056 players 14287 retained 256 seconds 0.7340586390346289
shuttleset_03_scene_0032 pair 164 [10, 15] combined 12240 players 578 retained 256 seconds 0.09937760699540377
shuttleset_03_scene_0032 pair 167 [11, 2] combined 61440 players 15910 retained 256 seconds 0.614801452960819
shuttleset_03_scene_0032 pair 170 [11, 5] combined 31744 players 20 retained 11 seconds 0.19382498832419515
shuttleset_03_scene_0032 pair 171 [11, 6] combined 75776 players 23098 retained 256 seconds 0.8715344341471791
shuttleset_03_scene_0032 pair 173 [11, 8] combined 18432 players 670 retained 256 seconds 0.13854841701686382
shuttleset_03_scene_0032 pair 177 [11, 13] combined 58368 players 0 retained 0 seconds 0.1709089749492705
shuttleset_03_scene_0032 pair 179 [11, 15] combined 18700 players 1230 retained 256 seconds 0.13745899312198162
shuttleset_03_scene_0032 pair 181 [12, 1] combined 97280 players 2904 retained 256 seconds 0.49229912273585796
shuttleset_03_scene_0032 pair 183 [12, 3] combined 135168 players 2276 retained 256 seconds 0.40396710904315114
shuttleset_03_scene_0032 pair 185 [12, 5] combined 108544 players 26034 retained 256 seconds 0.9466098598204553
shuttleset_03_scene_0032 pair 193 [12, 14] combined 60736 players 736 retained 256 seconds 0.21709299413487315
shuttleset_03_scene_0032 pair 194 [12, 15] combined 24408 players 616 retained 256 seconds 0.1248364900238812
shuttleset_03_scene_0032 pair 195 [13, 0] combined 262144 players 39534 retained 256 seconds 2.306052243337035
shuttleset_03_scene_0032 pair 199 [13, 4] combined 262144 players 31866 retained 256 seconds 1.466726674232632
shuttleset_03_scene_0032 pair 201 [13, 6] combined 262144 players 43296 retained 256 seconds 1.6969977989792824
shuttleset_03_scene_0032 pair 202 [13, 7] combined 262144 players 4506 retained 256 seconds 0.7526609390042722
shuttleset_03_scene_0032 pair 204 [13, 9] combined 21504 players 326 retained 163 seconds 0.11396387685090303
shuttleset_03_scene_0032 pair 205 [13, 10] combined 77824 players 2876 retained 256 seconds 0.29005478508770466
shuttleset_03_scene_0032 pair 206 [13, 11] combined 86016 players 1674 retained 256 seconds 0.2914876244030893
shuttleset_03_scene_0032 pair 212 [14, 2] combined 228352 players 27182 retained 256 seconds 1.3509117970243096
shuttleset_03_scene_0032 pair 215 [14, 5] combined 248832 players 73730 retained 256 seconds 2.3180874320678413
shuttleset_03_scene_0032 pair 216 [14, 6] combined 262144 players 9018 retained 256 seconds 0.8820772427134216
shuttleset_03_scene_0032 pair 217 [14, 7] combined 177152 players 1910 retained 256 seconds 0.48520851600915194
shuttleset_03_scene_0032 pair 218 [14, 8] combined 180648 players 37678 retained 256 seconds 1.3033964792266488
shuttleset_03_scene_0032 pair 220 [14, 10] combined 121044 players 1138 retained 256 seconds 0.3484584749676287
shuttleset_03_scene_0032 pair 222 [14, 12] combined 100064 players 956 retained 256 seconds 0.29688358400017023
shuttleset_03_scene_0032 pair 225 [15, 0] combined 111616 players 16342 retained 256 seconds 1.3415568713098764
shuttleset_03_scene_0032 pair 227 [15, 2] combined 111616 players 4844 retained 256 seconds 0.43042390095070004
shuttleset_03_scene_0032 pair 229 [15, 4] combined 104448 players 12434 retained 256 seconds 0.6815035250037909
shuttleset_03_scene_0032 pair 231 [15, 6] combined 76800 players 848 retained 256 seconds 0.45551407895982265
shuttleset_03_scene_0032 pair 232 [15, 7] combined 87792 players 648 retained 256 seconds 0.2602422791533172
shuttleset_03_scene_0032 pair 235 [15, 10] combined 23852 players 2518 retained 256 seconds 0.15755067206919193
shuttleset_03_scene_0032 pair 236 [15, 11] combined 28840 players 4344 retained 256 seconds 0.22148237703368068
shuttleset_03_scene_0032 pair 237 [15, 12] combined 35640 players 1030 retained 256 seconds 0.15026697190478444
shuttleset_03_scene_0032 pair 0 [0, 1] combined 262144 players 56782 retained 256 seconds 2.5387589810416102
shuttleset_03_scene_0032 pair 1 [0, 2] combined 199680 players 52010 retained 256 seconds 2.2549033015966415
shuttleset_03_scene_0032 pair 2 [0, 3] combined 36864 players 7036 retained 256 seconds 0.9231988512910903
shuttleset_03_scene_0032 pair 5 [0, 6] combined 246784 players 50268 retained 256 seconds 2.5736698089167476
shuttleset_03_scene_0032 pair 7 [0, 8] combined 43008 players 976 retained 256 seconds 0.7158910580910742
shuttleset_03_scene_0032 pair 12 [0, 13] combined 5120 players 630 retained 256 seconds 0.6782167856581509
shuttleset_03_scene_0032 pair 14 [0, 15] combined 12288 players 94 retained 32 seconds 0.6710955328308046
shuttleset_03_scene_0032 pair 15 [1, 0] combined 262144 players 64840 retained 256 seconds 2.4454007600434124
shuttleset_03_scene_0032 pair 16 [1, 2] combined 262144 players 6684 retained 256 seconds 0.7859445097856224
shuttleset_03_scene_0032 pair 18 [1, 4] combined 262144 players 50152 retained 256 seconds 1.8326933099888265
shuttleset_03_scene_0032 pair 19 [1, 5] combined 262144 players 70546 retained 256 seconds 2.4837357802316546
shuttleset_03_scene_0032 pair 21 [1, 7] combined 95232 players 7480 retained 256 seconds 0.4738893089815974
shuttleset_03_scene_0032 pair 22 [1, 8] combined 71680 players 12064 retained 256 seconds 0.5399371259845793
shuttleset_03_scene_0032 pair 23 [1, 9] combined 14336 players 2948 retained 256 seconds 0.2091474886983633
shuttleset_03_scene_0032 pair 24 [1, 10] combined 136192 players 12884 retained 256 seconds 0.683552407193929
shuttleset_03_scene_0032 pair 26 [1, 12] combined 0 players 0 retained 0 seconds 0.08627736521884799
shuttleset_03_scene_0032 pair 30 [2, 0] combined 227328 players 64468 retained 256 seconds 2.3819586923345923
shuttleset_03_scene_0032 pair 31 [2, 1] combined 262144 players 3988 retained 256 seconds 0.7032006005756557
shuttleset_03_scene_0032 pair 32 [2, 3] combined 50176 players 1058 retained 256 seconds 0.21125638158991933
shuttleset_03_scene_0032 pair 40 [2, 11] combined 5184 players 1364 retained 256 seconds 0.13423287170007825
shuttleset_03_scene_0032 pair 43 [2, 14] combined 23552 players 174 retained 87 seconds 0.12455698009580374
shuttleset_03_scene_0032 pair 44 [2, 15] combined 10240 players 56 retained 28 seconds 0.09066739911213517
shuttleset_03_scene_0032 pair 45 [3, 0] combined 68608 players 19558 retained 256 seconds 1.0242277369834483
shuttleset_03_scene_0032 pair 47 [3, 2] combined 87040 players 2498 retained 256 seconds 0.30439926125109196
shuttleset_03_scene_0032 pair 48 [3, 4] combined 78848 players 17398 retained 256 seconds 0.6640073489397764
shuttleset_03_scene_0032 pair 49 [3, 5] combined 58368 players 15732 retained 256 seconds 0.575343573000282
shuttleset_03_scene_0032 pair 50 [3, 6] combined 102400 players 3010 retained 256 seconds 0.3502655019983649
shuttleset_03_scene_0032 pair 51 [3, 7] combined 12972 players 12 retained 6 seconds 0.31256298115476966
shuttleset_03_scene_0032 pair 52 [3, 8] combined 33120 players 690 retained 256 seconds 0.14072208385914564
shuttleset_03_scene_0032 pair 53 [3, 9] combined 5724 players 210 retained 106 seconds 0.06077903043478727
shuttleset_03_scene_0032 pair 54 [3, 10] combined 14352 players 956 retained 256 seconds 0.1158896298147738
shuttleset_03_scene_0032 pair 56 [3, 12] combined 272 players 4 retained 2 seconds 0.042860765010118484
shuttleset_03_scene_0032 pair 61 [4, 1] combined 262144 players 25452 retained 256 seconds 1.247837540693581
shuttleset_03_scene_0032 pair 63 [4, 3] combined 44032 players 6292 retained 256 seconds 0.354373169131577
shuttleset_03_scene_0032 pair 64 [4, 5] combined 262144 players 5820 retained 256 seconds 0.7616582019254565
shuttleset_03_scene_0032 pair 65 [4, 6] combined 234496 players 25566 retained 256 seconds 1.18401102675125
shuttleset_03_scene_0032 pair 67 [4, 8] combined 45056 players 524 retained 256 seconds 0.20499211503192782
shuttleset_03_scene_0032 pair 72 [4, 13] combined 9216 players 494 retained 247 seconds 0.13828353118151426
shuttleset_03_scene_0032 pair 74 [4, 15] combined 11264 players 116 retained 52 seconds 0.12393427593633533
shuttleset_03_scene_0032 pair 76 [5, 1] combined 262144 players 55332 retained 256 seconds 1.9790421770885587
shuttleset_03_scene_0032 pair 78 [5, 3] combined 39936 players 9412 retained 256 seconds 0.4052659496665001
shuttleset_03_scene_0032 pair 79 [5, 4] combined 262144 players 4290 retained 256 seconds 0.7239141073077917
shuttleset_03_scene_0032 pair 80 [5, 6] combined 224256 players 38982 retained 256 seconds 1.462862998712808
shuttleset_03_scene_0032 pair 81 [5, 7] combined 43008 players 7052 retained 256 seconds 0.623396544251591
shuttleset_03_scene_0032 pair 83 [5, 9] combined 12288 players 514 retained 256 seconds 0.1318618981167674
shuttleset_03_scene_0032 pair 84 [5, 10] combined 103424 players 1294 retained 256 seconds 0.3133058100938797
shuttleset_03_scene_0032 pair 85 [5, 11] combined 23712 players 2 retained 1 seconds 0.1307956986129284
shuttleset_03_scene_0032 pair 86 [5, 12] combined 0 players 0 retained 0 seconds 0.06894851010292768
shuttleset_03_scene_0032 pair 88 [5, 14] combined 22528 players 5334 retained 256 seconds 0.2671749200671911
shuttleset_03_scene_0032 pair 90 [6, 0] combined 262144 players 51772 retained 256 seconds 2.117924270220101
shuttleset_03_scene_0032 pair 93 [6, 3] combined 60416 players 1760 retained 256 seconds 0.26697306195273995
shuttleset_03_scene_0032 pair 94 [6, 4] combined 262144 players 47212 retained 256 seconds 1.6811940539628267
shuttleset_03_scene_0032 pair 95 [6, 5] combined 262144 players 52918 retained 256 seconds 1.8300646264106035
shuttleset_03_scene_0032 pair 98 [6, 9] combined 20480 players 5014 retained 256 seconds 0.24915131740272045
shuttleset_03_scene_0032 pair 100 [6, 11] combined 16384 players 4058 retained 256 seconds 0.23648180905729532
shuttleset_03_scene_0032 pair 102 [6, 13] combined 14112 players 3068 retained 256 seconds 0.19162632199004292
shuttleset_03_scene_0032 pair 103 [6, 14] combined 32768 players 464 retained 233 seconds 0.1721861781552434
shuttleset_03_scene_0032 pair 104 [6, 15] combined 6144 players 0 retained 0 seconds 0.08256331132724881
shuttleset_03_scene_0032 pair 106 [7, 1] combined 50176 players 2 retained 1 seconds 0.16957480181008577
shuttleset_03_scene_0032 pair 108 [7, 3] combined 13992 players 22 retained 11 seconds 0.07115800399333239
shuttleset_03_scene_0032 pair 110 [7, 5] combined 67584 players 12680 retained 256 seconds 0.5003922460600734
shuttleset_03_scene_0032 pair 117 [7, 13] combined 3864 players 394 retained 187 seconds 0.06038262415677309
shuttleset_03_scene_0032 pair 118 [7, 14] combined 11256 players 0 retained 0 seconds 0.04527781205251813
shuttleset_03_scene_0032 pair 119 [7, 15] combined 2948 players 0 retained 0 seconds 0.026651394087821245
shuttleset_03_scene_0032 pair 120 [8, 0] combined 43008 players 198 retained 99 seconds 0.4520672941580415
shuttleset_03_scene_0032 pair 121 [8, 1] combined 103424 players 21224 retained 256 seconds 1.0406095059588552
shuttleset_03_scene_0032 pair 123 [8, 3] combined 33368 players 1202 retained 256 seconds 0.14890799485147
shuttleset_03_scene_0032 pair 124 [8, 4] combined 45056 players 436 retained 218 seconds 0.16930093429982662
shuttleset_03_scene_0032 pair 130 [8, 11] combined 1264 players 24 retained 12 seconds 0.04238294018432498
shuttleset_03_scene_0032 pair 133 [8, 14] combined 11252 players 1740 retained 256 seconds 0.1138564171269536
shuttleset_03_scene_0032 pair 136 [9, 1] combined 2048 players 546 retained 256 seconds 0.100541977211833
shuttleset_03_scene_0032 pair 138 [9, 3] combined 936 players 34 retained 18 seconds 0.0369685422629118
shuttleset_03_scene_0032 pair 140 [9, 5] combined 4096 players 672 retained 256 seconds 0.097067650873214
shuttleset_03_scene_0032 pair 141 [9, 6] combined 7264 players 418 retained 209 seconds 0.0918156411498785
shuttleset_03_scene_0032 pair 147 [9, 13] combined 288 players 20 retained 10 seconds 0.022524727042764425
shuttleset_03_scene_0032 pair 151 [10, 1] combined 181248 players 18276 retained 256 seconds 0.8692457200959325
shuttleset_03_scene_0032 pair 153 [10, 3] combined 8800 players 672 retained 256 seconds 0.09999873396009207
shuttleset_03_scene_0032 pair 155 [10, 5] combined 13312 players 1028 retained 256 seconds 0.12859851028770208
shuttleset_03_scene_0032 pair 162 [10, 13] combined 1792 players 0 retained 0 seconds 0.029060274828225374
shuttleset_03_scene_0032 pair 163 [10, 14] combined 29356 players 1360 retained 256 seconds 0.15458118682727218
shuttleset_03_scene_0032 pair 164 [10, 15] combined 2640 players 82 retained 39 seconds 0.04519283212721348
shuttleset_03_scene_0032 pair 167 [11, 2] combined 10560 players 3356 retained 256 seconds 0.17855786625295877
shuttleset_03_scene_0032 pair 170 [11, 5] combined 0 players 0 retained 0 seconds 0.05921198707073927
shuttleset_03_scene_0032 pair 171 [11, 6] combined 14824 players 4636 retained 256 seconds 0.22274948377162218
shuttleset_03_scene_0032 pair 173 [11, 8] combined 4080 players 112 retained 63 seconds 0.05499256122857332
shuttleset_03_scene_0032 pair 177 [11, 13] combined 1144 players 0 retained 0 seconds 0.02474093297496438
shuttleset_03_scene_0032 pair 179 [11, 15] combined 1012 players 0 retained 0 seconds 0.025340310763567686
shuttleset_03_scene_0032 pair 181 [12, 1] combined 1024 players 14 retained 7 seconds 0.06691323220729828
shuttleset_03_scene_0032 pair 183 [12, 3] combined 1024 players 80 retained 40 seconds 0.036715618800371885
shuttleset_03_scene_0032 pair 185 [12, 5] combined 2048 players 652 retained 256 seconds 0.09312274400144815
shuttleset_03_scene_0032 pair 193 [12, 14] combined 0 players 0 retained 0 seconds 0.013074008282274008
shuttleset_03_scene_0032 pair 194 [12, 15] combined 0 players 0 retained 0 seconds 0.007808624766767025
shuttleset_03_scene_0032 pair 195 [13, 0] combined 9216 players 2178 retained 256 seconds 0.48338732868433
shuttleset_03_scene_0032 pair 199 [13, 4] combined 12288 players 2056 retained 256 seconds 0.1509865620173514
shuttleset_03_scene_0032 pair 201 [13, 6] combined 23040 players 3236 retained 256 seconds 0.18887796718627214
shuttleset_03_scene_0032 pair 202 [13, 7] combined 3432 players 112 retained 55 seconds 0.038065597880631685
shuttleset_03_scene_0032 pair 204 [13, 9] combined 528 players 12 retained 6 seconds 0.02224198402836919
shuttleset_03_scene_0032 pair 205 [13, 10] combined 2016 players 0 retained 0 seconds 0.020184006076306105
shuttleset_03_scene_0032 pair 206 [13, 11] combined 1560 players 0 retained 0 seconds 0.018690899945795536
shuttleset_03_scene_0032 pair 212 [14, 2] combined 25212 players 1068 retained 256 seconds 0.14196122204884887
shuttleset_03_scene_0032 pair 215 [14, 5] combined 34816 players 9602 retained 256 seconds 0.3653740668669343
shuttleset_03_scene_0032 pair 216 [14, 6] combined 54648 players 0 retained 0 seconds 0.15602315962314606
shuttleset_03_scene_0032 pair 217 [14, 7] combined 5512 players 86 retained 43 seconds 0.050940440967679024
shuttleset_03_scene_0032 pair 218 [14, 8] combined 9248 players 1934 retained 256 seconds 0.11135322833433747
shuttleset_03_scene_0032 pair 220 [14, 10] combined 21760 players 20 retained 10 seconds 0.08337898878380656
shuttleset_03_scene_0032 pair 222 [14, 12] combined 0 players 0 retained 0 seconds 0.0160365360789001
shuttleset_03_scene_0032 pair 225 [15, 0] combined 23552 players 1192 retained 256 seconds 0.47368326410651207
shuttleset_03_scene_0032 pair 227 [15, 2] combined 13500 players 244 retained 122 seconds 0.08421785291284323
shuttleset_03_scene_0032 pair 229 [15, 4] combined 21504 players 596 retained 256 seconds 0.1362426788546145
shuttleset_03_scene_0032 pair 231 [15, 6] combined 9216 players 0 retained 0 seconds 0.06383901694789529
shuttleset_03_scene_0032 pair 232 [15, 7] combined 5060 players 0 retained 0 seconds 0.026786830741912127
shuttleset_03_scene_0032 pair 235 [15, 10] combined 4876 players 128 retained 64 seconds 0.04569187806919217
shuttleset_03_scene_0032 pair 236 [15, 11] combined 1848 players 230 retained 115 seconds 0.04267781786620617
shuttleset_03_scene_0032 pair 237 [15, 12] combined 228 players 0 retained 0 seconds 0.009493819903582335
[shuttleset_03_scene_0032] line-template: preparing rectangles
[shuttleset_03_scene_0032] measuring 728 parents (G0=256, G1=256, line_template=256; conflicting geometry groups=0)
[shuttleset_03_scene_0032] parents 250/728
[shuttleset_03_scene_0032] parents 500/728
[shuttleset_03_scene_0032] refitting 728 parents
[shuttleset_03_scene_0032] refits 250/728; valid children=228
[shuttleset_03_scene_0032] refits 500/728; valid children=457
{"view_id": "shuttleset_03_scene_0032", "chosen_key": "G1:1:3627/child", "no_court_reason": null, "all_checks_equal": null, "error": null}
{"views": ["shuttleset_03_scene_0032"], "startup_seconds": 0.0296553960070014, "wall_seconds": 754.5375483776443, "peak_rss_mb": 1723.0625, "failed": []}
