decoded /scratch/cmarti/issue103_ad8da4f/external/shuttleset-sources/3 Kento_MOMOTA_CHOU_Tien_Chen_KOREA_OPEN_2019_Final.mp4 to frame 36910 in 225s
shuttleset_03_scene_0016 pair 0 [0, 1] combined 262144 players 50968 retained 256 seconds 3.8383416100405157
shuttleset_03_scene_0016 pair 1 [0, 2] combined 262144 players 59054 retained 256 seconds 3.7776169143617153
shuttleset_03_scene_0016 pair 2 [0, 3] combined 218112 players 53182 retained 256 seconds 3.5219352091662586
shuttleset_03_scene_0016 pair 4 [0, 5] combined 262144 players 48532 retained 256 seconds 3.4598978240974247
shuttleset_03_scene_0016 pair 5 [0, 6] combined 114688 players 19114 retained 256 seconds 2.033540132921189
shuttleset_03_scene_0016 pair 7 [0, 8] combined 262144 players 40340 retained 256 seconds 3.102603908162564
shuttleset_03_scene_0016 pair 8 [0, 9] combined 58368 players 19420 retained 256 seconds 1.7422628132626414
shuttleset_03_scene_0016 pair 9 [0, 10] combined 262144 players 65196 retained 256 seconds 3.9932272736914456
shuttleset_03_scene_0016 pair 10 [0, 11] combined 226304 players 58468 retained 256 seconds 3.4710750291123986
shuttleset_03_scene_0016 pair 11 [0, 12] combined 225280 players 17548 retained 256 seconds 2.1962991869077086
shuttleset_03_scene_0016 pair 12 [0, 13] combined 15360 players 1140 retained 256 seconds 1.0867076078429818
shuttleset_03_scene_0016 pair 15 [1, 0] combined 262144 players 68830 retained 256 seconds 4.127114852890372
shuttleset_03_scene_0016 pair 16 [1, 2] combined 262144 players 12404 retained 256 seconds 1.6923012072220445
shuttleset_03_scene_0016 pair 18 [1, 4] combined 262144 players 71674 retained 256 seconds 3.7320691109634936
shuttleset_03_scene_0016 pair 20 [1, 6] combined 73728 players 11510 retained 256 seconds 1.095209120772779
shuttleset_03_scene_0016 pair 21 [1, 7] combined 32768 players 2790 retained 256 seconds 0.7024289458058774
shuttleset_03_scene_0016 pair 26 [1, 12] combined 182272 players 10198 retained 256 seconds 1.384609080851078
shuttleset_03_scene_0016 pair 27 [1, 13] combined 77824 players 5980 retained 256 seconds 0.9873829511925578
shuttleset_03_scene_0016 pair 28 [1, 14] combined 262144 players 3914 retained 256 seconds 1.3705132100731134
shuttleset_03_scene_0016 pair 29 [1, 15] combined 66560 players 9490 retained 256 seconds 1.017064344137907
shuttleset_03_scene_0016 pair 30 [2, 0] combined 262144 players 66360 retained 256 seconds 3.7188712218776345
shuttleset_03_scene_0016 pair 31 [2, 1] combined 262144 players 11666 retained 256 seconds 1.5237672100774944
shuttleset_03_scene_0016 pair 32 [2, 3] combined 262144 players 6484 retained 256 seconds 1.1586925559677184
shuttleset_03_scene_0016 pair 33 [2, 4] combined 262144 players 81342 retained 256 seconds 3.8824893962591887
shuttleset_03_scene_0016 pair 37 [2, 8] combined 262144 players 3994 retained 256 seconds 1.1484277448616922
shuttleset_03_scene_0016 pair 45 [3, 0] combined 262144 players 74064 retained 256 seconds 3.808802185114473
shuttleset_03_scene_0016 pair 47 [3, 2] combined 262144 players 16952 retained 256 seconds 1.47740558674559
shuttleset_03_scene_0016 pair 48 [3, 4] combined 262144 players 77770 retained 256 seconds 3.6117407120764256
shuttleset_03_scene_0016 pair 49 [3, 5] combined 262144 players 17976 retained 256 seconds 1.5769390808418393
shuttleset_03_scene_0016 pair 51 [3, 7] combined 28672 players 3394 retained 256 seconds 0.3171156528405845
shuttleset_03_scene_0016 pair 54 [3, 10] combined 262144 players 10978 retained 256 seconds 1.3666325933299959
shuttleset_03_scene_0016 pair 56 [3, 12] combined 181248 players 13104 retained 256 seconds 1.0788963288068771
shuttleset_03_scene_0016 pair 57 [3, 13] combined 95232 players 2962 retained 256 seconds 0.5004712427034974
shuttleset_03_scene_0016 pair 58 [3, 14] combined 262144 players 578 retained 256 seconds 0.9387036128900945
shuttleset_03_scene_0016 pair 59 [3, 15] combined 63488 players 10496 retained 256 seconds 0.6191308610141277
shuttleset_03_scene_0016 pair 61 [4, 1] combined 262144 players 59890 retained 256 seconds 3.380156076978892
shuttleset_03_scene_0016 pair 62 [4, 2] combined 262144 players 69610 retained 256 seconds 3.3882491416297853
shuttleset_03_scene_0016 pair 63 [4, 3] combined 230400 players 66510 retained 256 seconds 3.3894464829936624
shuttleset_03_scene_0016 pair 64 [4, 5] combined 262144 players 64446 retained 256 seconds 3.1896522040478885
shuttleset_03_scene_0016 pair 65 [4, 6] combined 93184 players 23180 retained 256 seconds 1.4330512471497059
shuttleset_03_scene_0016 pair 67 [4, 8] combined 262144 players 44894 retained 256 seconds 2.6572407032363117
shuttleset_03_scene_0016 pair 68 [4, 9] combined 77824 players 27014 retained 256 seconds 1.3021185430698097
shuttleset_03_scene_0016 pair 69 [4, 10] combined 262144 players 75346 retained 256 seconds 3.3165976339951158
shuttleset_03_scene_0016 pair 70 [4, 11] combined 242688 players 55996 retained 256 seconds 2.3721405542455614
shuttleset_03_scene_0016 pair 71 [4, 12] combined 262144 players 25637 retained 256 seconds 1.8846092969179153
shuttleset_03_scene_0016 pair 72 [4, 13] combined 18432 players 1296 retained 256 seconds 0.35064305318519473
shuttleset_03_scene_0016 pair 75 [5, 0] combined 262144 players 61678 retained 256 seconds 3.340908376034349
shuttleset_03_scene_0016 pair 78 [5, 3] combined 262144 players 22016 retained 256 seconds 1.7141090068034828
shuttleset_03_scene_0016 pair 79 [5, 4] combined 262144 players 64084 retained 256 seconds 3.1051480169408023
shuttleset_03_scene_0016 pair 80 [5, 6] combined 63488 players 8936 retained 256 seconds 0.6552781681530178
shuttleset_03_scene_0016 pair 81 [5, 7] combined 32768 players 2198 retained 256 seconds 0.37797530414536595
shuttleset_03_scene_0016 pair 82 [5, 8] combined 262144 players 3520 retained 256 seconds 1.0865009622648358
shuttleset_03_scene_0016 pair 83 [5, 9] combined 59392 players 11228 retained 256 seconds 0.6985161481425166
shuttleset_03_scene_0016 pair 85 [5, 11] combined 262144 players 63938 retained 256 seconds 2.970594272017479
shuttleset_03_scene_0016 pair 89 [5, 15] combined 66560 players 7094 retained 256 seconds 0.6343470187857747
shuttleset_03_scene_0016 pair 90 [6, 0] combined 110592 players 4820 retained 256 seconds 1.0537121868692338
shuttleset_03_scene_0016 pair 91 [6, 1] combined 104448 players 21260 retained 256 seconds 1.2943047019653022
shuttleset_03_scene_0016 pair 94 [6, 4] combined 130048 players 8370 retained 256 seconds 0.7560994429513812
shuttleset_03_scene_0016 pair 95 [6, 5] combined 99328 players 15450 retained 256 seconds 0.8916871282272041
shuttleset_03_scene_0016 pair 96 [6, 7] combined 36400 players 434 retained 217 seconds 0.18008566414937377
shuttleset_03_scene_0016 pair 103 [6, 14] combined 95064 players 8674 retained 256 seconds 0.6286564199253917
shuttleset_03_scene_0016 pair 104 [6, 15] combined 63960 players 996 retained 256 seconds 0.2647017980925739
shuttleset_03_scene_0016 pair 106 [7, 1] combined 29696 players 4422 retained 256 seconds 0.5531259360723197
shuttleset_03_scene_0016 pair 108 [7, 3] combined 18564 players 3730 retained 256 seconds 0.2565659102983773
shuttleset_03_scene_0016 pair 110 [7, 5] combined 29696 players 4118 retained 256 seconds 0.3745735138654709
shuttleset_03_scene_0016 pair 111 [7, 6] combined 27744 players 78 retained 39 seconds 0.12295667827129364
shuttleset_03_scene_0016 pair 112 [7, 8] combined 23552 players 2694 retained 256 seconds 0.28819445986300707
shuttleset_03_scene_0016 pair 113 [7, 9] combined 7740 players 222 retained 111 seconds 0.21559750102460384
shuttleset_03_scene_0016 pair 114 [7, 10] combined 31744 players 4106 retained 256 seconds 0.31377846328541636
shuttleset_03_scene_0016 pair 115 [7, 11] combined 21504 players 2792 retained 256 seconds 0.21388428518548608
shuttleset_03_scene_0016 pair 117 [7, 13] combined 2600 players 160 retained 80 seconds 0.0569735043682158
shuttleset_03_scene_0016 pair 120 [8, 0] combined 262144 players 55650 retained 256 seconds 3.148028627038002
shuttleset_03_scene_0016 pair 122 [8, 2] combined 262144 players 3602 retained 256 seconds 1.0473364479839802
shuttleset_03_scene_0016 pair 124 [8, 4] combined 262144 players 56354 retained 256 seconds 2.751474783755839
shuttleset_03_scene_0016 pair 125 [8, 5] combined 262144 players 9372 retained 256 seconds 1.3955822717398405
shuttleset_03_scene_0016 pair 127 [8, 7] combined 28672 players 2322 retained 256 seconds 0.3280153190717101
shuttleset_03_scene_0016 pair 129 [8, 10] combined 262144 players 11754 retained 256 seconds 1.239142110105604
shuttleset_03_scene_0016 pair 131 [8, 12] combined 198656 players 18164 retained 256 seconds 1.2753081698901951
shuttleset_03_scene_0016 pair 132 [8, 13] combined 91136 players 3004 retained 256 seconds 0.5363327669911087
shuttleset_03_scene_0016 pair 133 [8, 14] combined 262144 players 464 retained 242 seconds 0.9871685048565269
shuttleset_03_scene_0016 pair 134 [8, 15] combined 69632 players 9862 retained 256 seconds 0.6991494661197066
shuttleset_03_scene_0016 pair 135 [9, 0] combined 53248 players 11418 retained 256 seconds 1.1455408930778503
shuttleset_03_scene_0016 pair 139 [9, 4] combined 43008 players 11270 retained 256 seconds 0.6849569650366902
shuttleset_03_scene_0016 pair 140 [9, 5] combined 62464 players 5434 retained 256 seconds 0.5367326932027936
shuttleset_03_scene_0016 pair 142 [9, 7] combined 8436 players 238 retained 119 seconds 0.09207727806642652
shuttleset_03_scene_0016 pair 144 [9, 10] combined 59392 players 6420 retained 256 seconds 0.4921659058891237
shuttleset_03_scene_0016 pair 148 [9, 14] combined 60416 players 3250 retained 256 seconds 0.36424495140090585
shuttleset_03_scene_0016 pair 149 [9, 15] combined 18260 players 1370 retained 256 seconds 0.17425568215548992
shuttleset_03_scene_0016 pair 150 [10, 0] combined 262144 players 70716 retained 256 seconds 3.7611995260231197
shuttleset_03_scene_0016 pair 153 [10, 3] combined 262144 players 6884 retained 256 seconds 1.1601037052460015
shuttleset_03_scene_0016 pair 154 [10, 4] combined 262144 players 80554 retained 256 seconds 3.6190000739879906
shuttleset_03_scene_0016 pair 157 [10, 7] combined 33792 players 4138 retained 256 seconds 0.38329401100054383
shuttleset_03_scene_0016 pair 158 [10, 8] combined 262144 players 9468 retained 256 seconds 1.4450511122122407
shuttleset_03_scene_0016 pair 159 [10, 9] combined 54272 players 2652 retained 256 seconds 0.37976646702736616
shuttleset_03_scene_0016 pair 160 [10, 11] combined 262144 players 54024 retained 256 seconds 2.6293489830568433
shuttleset_03_scene_0016 pair 164 [10, 15] combined 68608 players 12564 retained 256 seconds 0.7586657982319593
shuttleset_03_scene_0016 pair 165 [11, 0] combined 262144 players 62334 retained 256 seconds 3.4954671091400087
shuttleset_03_scene_0016 pair 169 [11, 4] combined 262144 players 50550 retained 256 seconds 2.8959561972878873
shuttleset_03_scene_0016 pair 170 [11, 5] combined 262144 players 45618 retained 256 seconds 2.4842489170841873
shuttleset_03_scene_0016 pair 172 [11, 7] combined 48128 players 9238 retained 256 seconds 0.5339731140993536
shuttleset_03_scene_0016 pair 175 [11, 10] combined 262144 players 37834 retained 256 seconds 2.1743809659965336
shuttleset_03_scene_0016 pair 178 [11, 14] combined 218112 players 4294 retained 256 seconds 0.8922971719875932
shuttleset_03_scene_0016 pair 179 [11, 15] combined 112640 players 17074 retained 256 seconds 0.9435695810243487
shuttleset_03_scene_0016 pair 180 [12, 0] combined 247808 players 12102 retained 256 seconds 1.7775558191351593
shuttleset_03_scene_0016 pair 181 [12, 1] combined 162816 players 3380 retained 256 seconds 0.9522356223315
shuttleset_03_scene_0016 pair 183 [12, 3] combined 162816 players 6988 retained 256 seconds 0.8169177970848978
shuttleset_03_scene_0016 pair 184 [12, 4] combined 218112 players 9938 retained 256 seconds 1.3577917031943798
shuttleset_03_scene_0016 pair 188 [12, 8] combined 182272 players 7772 retained 256 seconds 0.9493083637207747
shuttleset_03_scene_0016 pair 195 [13, 0] combined 15360 players 4050 retained 256 seconds 0.8165918979793787
shuttleset_03_scene_0016 pair 196 [13, 1] combined 21504 players 146 retained 73 seconds 0.3951796852052212
shuttleset_03_scene_0016 pair 198 [13, 3] combined 23552 players 38 retained 19 seconds 0.15033819433301687
shuttleset_03_scene_0016 pair 199 [13, 4] combined 17408 players 5534 retained 256 seconds 0.4242219068109989
shuttleset_03_scene_0016 pair 202 [13, 7] combined 720 players 104 retained 52 seconds 0.054764697793871164
shuttleset_03_scene_0016 pair 203 [13, 8] combined 27648 players 4 retained 2 seconds 0.20289928885176778
shuttleset_03_scene_0016 pair 209 [13, 15] combined 1360 players 148 retained 74 seconds 0.06111584883183241
shuttleset_03_scene_0016 pair 211 [14, 1] combined 262144 players 3210 retained 256 seconds 1.2325289910659194
shuttleset_03_scene_0016 pair 213 [14, 3] combined 262144 players 4858 retained 256 seconds 1.0647237836383283
shuttleset_03_scene_0016 pair 216 [14, 6] combined 86016 players 11474 retained 256 seconds 0.7270872020162642
shuttleset_03_scene_0016 pair 218 [14, 8] combined 262144 players 396 retained 209 seconds 0.9540116391144693
shuttleset_03_scene_0016 pair 219 [14, 9] combined 41984 players 6302 retained 256 seconds 0.4095430630259216
shuttleset_03_scene_0016 pair 221 [14, 11] combined 252928 players 34118 retained 256 seconds 2.030322824139148
shuttleset_03_scene_0016 pair 226 [15, 1] combined 89088 players 14902 retained 256 seconds 1.124118308071047
shuttleset_03_scene_0016 pair 228 [15, 3] combined 85084 players 21056 retained 256 seconds 1.0946520869620144
shuttleset_03_scene_0016 pair 230 [15, 5] combined 78848 players 15880 retained 256 seconds 0.8792499033734202
shuttleset_03_scene_0016 pair 231 [15, 6] combined 50184 players 344 retained 172 seconds 0.2926806858740747
shuttleset_03_scene_0016 pair 233 [15, 8] combined 87040 players 18272 retained 256 seconds 0.6255569560453296
shuttleset_03_scene_0016 pair 234 [15, 9] combined 23956 players 660 retained 256 seconds 0.10740074422210455
shuttleset_03_scene_0016 pair 235 [15, 10] combined 76800 players 14056 retained 256 seconds 0.5220106588676572
shuttleset_03_scene_0016 pair 236 [15, 11] combined 50176 players 5570 retained 256 seconds 0.25359403202310205
shuttleset_03_scene_0016 pair 238 [15, 13] combined 4576 players 200 retained 100 seconds 0.04846769478172064
shuttleset_03_scene_0016 pair 0 [0, 1] combined 262144 players 60314 retained 256 seconds 2.0847749947570264
shuttleset_03_scene_0016 pair 1 [0, 2] combined 114688 players 28962 retained 256 seconds 1.1424006992019713
shuttleset_03_scene_0016 pair 2 [0, 3] combined 16384 players 2116 retained 256 seconds 0.4510932541452348
shuttleset_03_scene_0016 pair 4 [0, 5] combined 151552 players 38672 retained 256 seconds 1.4282981562428176
shuttleset_03_scene_0016 pair 5 [0, 6] combined 11264 players 1444 retained 256 seconds 0.4370695766992867
shuttleset_03_scene_0016 pair 7 [0, 8] combined 198656 players 28756 retained 256 seconds 1.5259649408981204
shuttleset_03_scene_0016 pair 8 [0, 9] combined 2048 players 342 retained 163 seconds 0.31946072820574045
shuttleset_03_scene_0016 pair 9 [0, 10] combined 23552 players 4216 retained 256 seconds 0.5210687569342554
shuttleset_03_scene_0016 pair 10 [0, 11] combined 4096 players 1666 retained 256 seconds 0.3997196168638766
shuttleset_03_scene_0016 pair 11 [0, 12] combined 77824 players 5034 retained 256 seconds 0.592770554125309
shuttleset_03_scene_0016 pair 12 [0, 13] combined 4096 players 28 retained 12 seconds 0.3722707577981055
shuttleset_03_scene_0016 pair 15 [1, 0] combined 262144 players 66426 retained 256 seconds 2.1649180050008
shuttleset_03_scene_0016 pair 16 [1, 2] combined 126976 players 4608 retained 256 seconds 0.4382172618061304
shuttleset_03_scene_0016 pair 18 [1, 4] combined 262144 players 62400 retained 256 seconds 1.9410001966170967
shuttleset_03_scene_0016 pair 20 [1, 6] combined 9216 players 2058 retained 256 seconds 0.17008825112134218
shuttleset_03_scene_0016 pair 21 [1, 7] combined 0 players 0 retained 0 seconds 0.07526676682755351
shuttleset_03_scene_0016 pair 26 [1, 12] combined 31744 players 2900 retained 256 seconds 0.2196760680526495
shuttleset_03_scene_0016 pair 27 [1, 13] combined 21504 players 392 retained 198 seconds 0.13939967099577188
shuttleset_03_scene_0016 pair 28 [1, 14] combined 114688 players 7022 retained 256 seconds 0.6872876328416169
shuttleset_03_scene_0016 pair 29 [1, 15] combined 1024 players 392 retained 188 seconds 0.10748542193323374
shuttleset_03_scene_0016 pair 30 [2, 0] combined 143360 players 45706 retained 256 seconds 1.5148486071266234
shuttleset_03_scene_0016 pair 31 [2, 1] combined 79872 players 2062 retained 256 seconds 0.27338283602148294
shuttleset_03_scene_0016 pair 32 [2, 3] combined 7200 players 92 retained 46 seconds 0.05944332480430603
shuttleset_03_scene_0016 pair 33 [2, 4] combined 142336 players 38262 retained 256 seconds 1.1934880097396672
shuttleset_03_scene_0016 pair 37 [2, 8] combined 122880 players 3150 retained 256 seconds 0.35969123477116227
shuttleset_03_scene_0016 pair 45 [3, 0] combined 27648 players 7630 retained 256 seconds 0.4730691369622946
shuttleset_03_scene_0016 pair 47 [3, 2] combined 15960 players 2022 retained 256 seconds 0.12321268487721682
shuttleset_03_scene_0016 pair 48 [3, 4] combined 28672 players 7972 retained 256 seconds 0.3270005718804896
shuttleset_03_scene_0016 pair 49 [3, 5] combined 20928 players 2298 retained 256 seconds 0.14265216933563352
shuttleset_03_scene_0016 pair 51 [3, 7] combined 0 players 0 retained 0 seconds 0.009478487074375153
shuttleset_03_scene_0016 pair 54 [3, 10] combined 2976 players 496 retained 248 seconds 0.05678114201873541
shuttleset_03_scene_0016 pair 56 [3, 12] combined 2880 players 524 retained 245 seconds 0.054668908938765526
shuttleset_03_scene_0016 pair 57 [3, 13] combined 2024 players 0 retained 0 seconds 0.013315516989678144
shuttleset_03_scene_0016 pair 58 [3, 14] combined 8568 players 18 retained 10 seconds 0.04335051216185093
shuttleset_03_scene_0016 pair 59 [3, 15] combined 112 players 56 retained 26 seconds 0.02313636289909482
shuttleset_03_scene_0016 pair 61 [4, 1] combined 262144 players 51788 retained 256 seconds 1.835606177803129
shuttleset_03_scene_0016 pair 62 [4, 2] combined 117760 players 27360 retained 256 seconds 0.9729123869910836
shuttleset_03_scene_0016 pair 63 [4, 3] combined 17408 players 2426 retained 256 seconds 0.47408824833109975
shuttleset_03_scene_0016 pair 64 [4, 5] combined 155648 players 33714 retained 256 seconds 1.1429115259088576
shuttleset_03_scene_0016 pair 65 [4, 6] combined 15360 players 3530 retained 256 seconds 0.22741057816892862
shuttleset_03_scene_0016 pair 67 [4, 8] combined 207872 players 25196 retained 256 seconds 1.0506124962121248
shuttleset_03_scene_0016 pair 68 [4, 9] combined 2048 players 262 retained 125 seconds 0.11969213001430035
shuttleset_03_scene_0016 pair 69 [4, 10] combined 23552 players 3820 retained 256 seconds 0.2557772151194513
shuttleset_03_scene_0016 pair 70 [4, 11] combined 4096 players 28 retained 15 seconds 0.11327184597030282
shuttleset_03_scene_0016 pair 71 [4, 12] combined 63488 players 6762 retained 256 seconds 0.3694993448443711
shuttleset_03_scene_0016 pair 72 [4, 13] combined 4096 players 0 retained 0 seconds 0.10277988016605377
shuttleset_03_scene_0016 pair 75 [5, 0] combined 253952 players 66106 retained 256 seconds 2.2257357919588685
shuttleset_03_scene_0016 pair 78 [5, 3] combined 12288 players 1406 retained 256 seconds 0.13271230086684227
shuttleset_03_scene_0016 pair 79 [5, 4] combined 252928 players 62900 retained 256 seconds 2.0195347191765904
shuttleset_03_scene_0016 pair 80 [5, 6] combined 7488 players 1320 retained 256 seconds 0.11795008182525635
shuttleset_03_scene_0016 pair 81 [5, 7] combined 0 players 0 retained 0 seconds 0.040550053119659424
shuttleset_03_scene_0016 pair 82 [5, 8] combined 262144 players 6962 retained 256 seconds 0.9828730546869338
shuttleset_03_scene_0016 pair 83 [5, 9] combined 2664 players 386 retained 193 seconds 0.07726557180285454
shuttleset_03_scene_0016 pair 85 [5, 11] combined 1560 players 0 retained 0 seconds 0.04147271020337939
shuttleset_03_scene_0016 pair 89 [5, 15] combined 948 players 338 retained 170 seconds 0.06977394875138998
shuttleset_03_scene_0016 pair 90 [6, 0] combined 27648 players 3876 retained 256 seconds 0.40160291315987706
shuttleset_03_scene_0016 pair 91 [6, 1] combined 15360 players 2258 retained 256 seconds 0.15872444678097963
shuttleset_03_scene_0016 pair 94 [6, 4] combined 16384 players 2892 retained 256 seconds 0.18596564512699842
shuttleset_03_scene_0016 pair 95 [6, 5] combined 9300 players 660 retained 256 seconds 0.08568945806473494
shuttleset_03_scene_0016 pair 96 [6, 7] combined 96 players 16 retained 8 seconds 0.019476383924484253
shuttleset_03_scene_0016 pair 103 [6, 14] combined 3344 players 82 retained 41 seconds 0.03452456230297685
shuttleset_03_scene_0016 pair 104 [6, 15] combined 192 players 88 retained 44 seconds 0.02242464106529951
shuttleset_03_scene_0016 pair 106 [7, 1] combined 0 players 0 retained 0 seconds 0.04719465784728527
shuttleset_03_scene_0016 pair 108 [7, 3] combined 0 players 0 retained 0 seconds 0.007187197916209698
shuttleset_03_scene_0016 pair 110 [7, 5] combined 0 players 0 retained 0 seconds 0.02470330521464348
shuttleset_03_scene_0016 pair 111 [7, 6] combined 0 players 0 retained 0 seconds 0.005161220207810402
shuttleset_03_scene_0016 pair 112 [7, 8] combined 0 players 0 retained 0 seconds 0.026518756058067083
shuttleset_03_scene_0016 pair 113 [7, 9] combined 0 players 0 retained 0 seconds 0.0052642859518527985
shuttleset_03_scene_0016 pair 114 [7, 10] combined 240 players 0 retained 0 seconds 0.011333491187542677
shuttleset_03_scene_0016 pair 115 [7, 11] combined 12 players 0 retained 0 seconds 0.004357950761914253
shuttleset_03_scene_0016 pair 117 [7, 13] combined 16 players 0 retained 0 seconds 0.0043692863546311855
shuttleset_03_scene_0016 pair 120 [8, 0] combined 262144 players 55700 retained 256 seconds 1.9612052119337022
shuttleset_03_scene_0016 pair 122 [8, 2] combined 229376 players 2248 retained 256 seconds 0.5528890984132886
shuttleset_03_scene_0016 pair 124 [8, 4] combined 262144 players 48230 retained 256 seconds 1.6753662689588964
shuttleset_03_scene_0016 pair 125 [8, 5] combined 215040 players 7100 retained 256 seconds 0.6249862350523472
shuttleset_03_scene_0016 pair 127 [8, 7] combined 0 players 0 retained 0 seconds 0.04047634871676564
shuttleset_03_scene_0016 pair 129 [8, 10] combined 61440 players 4690 retained 256 seconds 0.28619457595050335
shuttleset_03_scene_0016 pair 131 [8, 12] combined 30720 players 4206 retained 256 seconds 0.21419339207932353
shuttleset_03_scene_0016 pair 132 [8, 13] combined 23552 players 0 retained 0 seconds 0.0813304902985692
shuttleset_03_scene_0016 pair 133 [8, 14] combined 79872 players 118 retained 62 seconds 0.20458242297172546
shuttleset_03_scene_0016 pair 134 [8, 15] combined 1024 players 312 retained 155 seconds 0.06772357085719705
shuttleset_03_scene_0016 pair 135 [9, 0] combined 3072 players 708 retained 256 seconds 0.2839676779694855
shuttleset_03_scene_0016 pair 139 [9, 4] combined 5120 players 840 retained 256 seconds 0.11787265771999955
shuttleset_03_scene_0016 pair 140 [9, 5] combined 2268 players 446 retained 201 seconds 0.06294346833601594
shuttleset_03_scene_0016 pair 142 [9, 7] combined 0 players 0 retained 0 seconds 0.0054908930324018
shuttleset_03_scene_0016 pair 144 [9, 10] combined 600 players 18 retained 9 seconds 0.026182918809354305
shuttleset_03_scene_0016 pair 148 [9, 14] combined 480 players 14 retained 7 seconds 0.026232514064759016
shuttleset_03_scene_0016 pair 149 [9, 15] combined 0 players 0 retained 0 seconds 0.0048902309499681
shuttleset_03_scene_0016 pair 150 [10, 0] combined 63488 players 16554 retained 256 seconds 0.7586747123859823
shuttleset_03_scene_0016 pair 153 [10, 3] combined 1820 players 70 retained 35 seconds 0.039947764948010445
shuttleset_03_scene_0016 pair 154 [10, 4] combined 62464 players 16554 retained 256 seconds 0.5861264821141958
shuttleset_03_scene_0016 pair 157 [10, 7] combined 0 players 0 retained 0 seconds 0.019285826943814754
shuttleset_03_scene_0016 pair 158 [10, 8] combined 76800 players 6888 retained 256 seconds 0.35197310894727707
shuttleset_03_scene_0016 pair 159 [10, 9] combined 780 players 82 retained 41 seconds 0.035028569400310516
shuttleset_03_scene_0016 pair 160 [10, 11] combined 0 players 0 retained 0 seconds 0.016155048739165068
shuttleset_03_scene_0016 pair 164 [10, 15] combined 224 players 98 retained 49 seconds 0.03240135218948126
shuttleset_03_scene_0016 pair 165 [11, 0] combined 0 players 0 retained 0 seconds 0.5269054430536926
shuttleset_03_scene_0016 pair 169 [11, 4] combined 0 players 0 retained 0 seconds 0.06362235406413674
shuttleset_03_scene_0016 pair 170 [11, 5] combined 1360 players 0 retained 0 seconds 0.028644151985645294
shuttleset_03_scene_0016 pair 172 [11, 7] combined 4 players 0 retained 0 seconds 0.004699319135397673
shuttleset_03_scene_0016 pair 175 [11, 10] combined 512 players 0 retained 0 seconds 0.013266695197671652
shuttleset_03_scene_0016 pair 178 [11, 14] combined 0 players 0 retained 0 seconds 0.012108849827200174
shuttleset_03_scene_0016 pair 179 [11, 15] combined 16 players 0 retained 0 seconds 0.004843356087803841
shuttleset_03_scene_0016 pair 180 [12, 0] combined 56320 players 1658 retained 256 seconds 0.39457498490810394
shuttleset_03_scene_0016 pair 181 [12, 1] combined 37888 players 3758 retained 256 seconds 0.23142948187887669
shuttleset_03_scene_0016 pair 183 [12, 3] combined 1036 players 52 retained 26 seconds 0.029064641799777746
shuttleset_03_scene_0016 pair 184 [12, 4] combined 72704 players 8732 retained 256 seconds 0.41954135382547975
shuttleset_03_scene_0016 pair 188 [12, 8] combined 33792 players 3928 retained 256 seconds 0.20606173714622855
shuttleset_03_scene_0016 pair 195 [13, 0] combined 2048 players 284 retained 112 seconds 0.2605842612683773
shuttleset_03_scene_0016 pair 196 [13, 1] combined 10240 players 36 retained 18 seconds 0.08019484113901854
shuttleset_03_scene_0016 pair 198 [13, 3] combined 480 players 0 retained 0 seconds 0.008791449014097452
shuttleset_03_scene_0016 pair 199 [13, 4] combined 2048 players 254 retained 114 seconds 0.08881167275831103
shuttleset_03_scene_0016 pair 202 [13, 7] combined 0 players 0 retained 0 seconds 0.004812521860003471
shuttleset_03_scene_0016 pair 203 [13, 8] combined 6468 players 0 retained 0 seconds 0.03918065037578344
shuttleset_03_scene_0016 pair 209 [13, 15] combined 0 players 0 retained 0 seconds 0.004737163428217173
shuttleset_03_scene_0016 pair 211 [14, 1] combined 88064 players 202 retained 101 seconds 0.232958837877959
shuttleset_03_scene_0016 pair 213 [14, 3] combined 7636 players 78 retained 39 seconds 0.0479275481775403
shuttleset_03_scene_0016 pair 216 [14, 6] combined 4608 players 266 retained 126 seconds 0.04897963907569647
shuttleset_03_scene_0016 pair 218 [14, 8] combined 129808 players 324 retained 165 seconds 0.29589507123455405
shuttleset_03_scene_0016 pair 219 [14, 9] combined 480 players 130 retained 65 seconds 0.034315998665988445
shuttleset_03_scene_0016 pair 221 [14, 11] combined 300 players 12 retained 6 seconds 0.030721501912921667
shuttleset_03_scene_0016 pair 226 [15, 1] combined 1024 players 228 retained 110 seconds 0.07266133697703481
shuttleset_03_scene_0016 pair 228 [15, 3] combined 64 players 0 retained 0 seconds 0.007433207239955664
shuttleset_03_scene_0016 pair 230 [15, 5] combined 648 players 108 retained 54 seconds 0.04175072768703103
shuttleset_03_scene_0016 pair 231 [15, 6] combined 0 players 0 retained 0 seconds 0.005216604098677635
shuttleset_03_scene_0016 pair 233 [15, 8] combined 868 players 100 retained 50 seconds 0.042514920234680176
shuttleset_03_scene_0016 pair 234 [15, 9] combined 32 players 16 retained 8 seconds 0.017162361182272434
shuttleset_03_scene_0016 pair 235 [15, 10] combined 112 players 0 retained 0 seconds 0.01100837578997016
shuttleset_03_scene_0016 pair 236 [15, 11] combined 16 players 0 retained 0 seconds 0.004336285870522261
shuttleset_03_scene_0016 pair 238 [15, 13] combined 16 players 0 retained 0 seconds 0.004117099102586508
[shuttleset_03_scene_0016] line-template: preparing rectangles
[shuttleset_03_scene_0016] measuring 736 parents (G0=256, G1=256, line_template=256; conflicting geometry groups=0)
[shuttleset_03_scene_0016] parents 250/736
[shuttleset_03_scene_0016] parents 500/736
[shuttleset_03_scene_0016] refitting 736 parents
[shuttleset_03_scene_0016] refits 250/736; valid children=250
[shuttleset_03_scene_0016] refits 500/736; valid children=500
{"view_id": "shuttleset_03_scene_0016", "chosen_key": "G0:1:4532", "no_court_reason": null, "all_checks_equal": null, "error": null}
{"views": ["shuttleset_03_scene_0016"], "startup_seconds": 0.03008992411196232, "wall_seconds": 543.1682273009792, "peak_rss_mb": 1802.90234375, "failed": []}
