decoded /scratch/cmarti/issue103_ad8da4f/external/shuttleset-sources/21 An_Se_Young_Ratchanok_Intanon_YONEX_Thailand_Open_2021_QuarterFinals.mp4 to frame 72025 in 437s
shuttleset_21_scene_0034 pair 0 [0, 1] combined 262144 players 95024 retained 256 seconds 5.034519889391959
shuttleset_21_scene_0034 pair 1 [0, 2] combined 262144 players 101420 retained 256 seconds 4.937696503009647
shuttleset_21_scene_0034 pair 6 [0, 7] combined 113664 players 14358 retained 256 seconds 1.2695592581294477
shuttleset_21_scene_0034 pair 8 [0, 9] combined 262144 players 46446 retained 256 seconds 2.964597452431917
shuttleset_21_scene_0034 pair 9 [0, 10] combined 129024 players 45552 retained 256 seconds 2.6708085262216628
shuttleset_21_scene_0034 pair 11 [0, 12] combined 262144 players 94350 retained 256 seconds 4.736286105122417
shuttleset_21_scene_0034 pair 12 [0, 13] combined 96256 players 38298 retained 256 seconds 2.1827648603357375
shuttleset_21_scene_0034 pair 13 [0, 14] combined 226304 players 37320 retained 256 seconds 2.518566807731986
shuttleset_21_scene_0034 pair 15 [1, 0] combined 262144 players 110906 retained 256 seconds 5.422867462038994
shuttleset_21_scene_0034 pair 16 [1, 2] combined 262144 players 4124 retained 256 seconds 1.2959325411356986
shuttleset_21_scene_0034 pair 17 [1, 3] combined 244736 players 99550 retained 256 seconds 4.859896400012076
shuttleset_21_scene_0034 pair 18 [1, 4] combined 262144 players 98244 retained 256 seconds 4.700833374634385
shuttleset_21_scene_0034 pair 21 [1, 7] combined 100352 players 33650 retained 256 seconds 1.7845655572600663
shuttleset_21_scene_0034 pair 27 [1, 13] combined 205824 players 2906 retained 256 seconds 0.9312968710437417
shuttleset_21_scene_0034 pair 30 [2, 0] combined 262144 players 116336 retained 256 seconds 5.506611141376197
shuttleset_21_scene_0034 pair 31 [2, 1] combined 262144 players 6182 retained 256 seconds 1.2548856949433684
shuttleset_21_scene_0034 pair 32 [2, 3] combined 243712 players 100530 retained 256 seconds 4.9131624372676015
shuttleset_21_scene_0034 pair 33 [2, 4] combined 262144 players 109844 retained 256 seconds 5.31879551615566
shuttleset_21_scene_0034 pair 35 [2, 6] combined 104448 players 2592 retained 256 seconds 0.5711221387609839
shuttleset_21_scene_0034 pair 39 [2, 10] combined 228352 players 6974 retained 256 seconds 1.0989160812459886
shuttleset_21_scene_0034 pair 40 [2, 11] combined 9216 players 546 retained 256 seconds 0.19497036188840866
shuttleset_21_scene_0034 pair 41 [2, 12] combined 262144 players 8034 retained 256 seconds 1.2670814618468285
shuttleset_21_scene_0034 pair 46 [3, 1] combined 262144 players 91292 retained 256 seconds 4.758532845880836
shuttleset_21_scene_0034 pair 47 [3, 2] combined 262144 players 92170 retained 256 seconds 4.788197811692953
shuttleset_21_scene_0034 pair 51 [3, 7] combined 96256 players 3416 retained 256 seconds 0.5153740751557052
shuttleset_21_scene_0034 pair 53 [3, 9] combined 262144 players 31332 retained 256 seconds 2.0127934901975095
shuttleset_21_scene_0034 pair 54 [3, 10] combined 142336 players 52772 retained 256 seconds 2.8206334742717445
shuttleset_21_scene_0034 pair 56 [3, 12] combined 262144 players 93720 retained 256 seconds 4.889961039181799
shuttleset_21_scene_0034 pair 57 [3, 13] combined 92160 players 32500 retained 256 seconds 1.6150853503495455
shuttleset_21_scene_0034 pair 58 [3, 14] combined 207872 players 22670 retained 256 seconds 1.6598681868053973
shuttleset_21_scene_0034 pair 61 [4, 1] combined 262144 players 88156 retained 256 seconds 4.757067369762808
shuttleset_21_scene_0034 pair 62 [4, 2] combined 262144 players 90220 retained 256 seconds 4.738946795929223
shuttleset_21_scene_0034 pair 68 [4, 9] combined 262144 players 28986 retained 256 seconds 1.9928232040256262
shuttleset_21_scene_0034 pair 69 [4, 10] combined 124928 players 46430 retained 256 seconds 2.414686586242169
shuttleset_21_scene_0034 pair 70 [4, 11] combined 6144 players 1600 retained 256 seconds 0.194293939974159
shuttleset_21_scene_0034 pair 71 [4, 12] combined 262144 players 92164 retained 256 seconds 4.8690552692860365
shuttleset_21_scene_0034 pair 72 [4, 13] combined 91136 players 29594 retained 256 seconds 1.6967404601164162
shuttleset_21_scene_0034 pair 81 [5, 7] combined 39184 players 18372 retained 256 seconds 0.887318111024797
shuttleset_21_scene_0034 pair 82 [5, 8] combined 64512 players 11776 retained 256 seconds 0.7094835489988327
shuttleset_21_scene_0034 pair 83 [5, 9] combined 65056 players 27798 retained 256 seconds 1.2736112028360367
shuttleset_21_scene_0034 pair 88 [5, 14] combined 55120 players 17610 retained 256 seconds 0.9066838417202234
shuttleset_21_scene_0034 pair 92 [6, 2] combined 59392 players 6172 retained 256 seconds 0.5477141640149057
shuttleset_21_scene_0034 pair 96 [6, 7] combined 92232 players 4114 retained 256 seconds 0.6095485528931022
shuttleset_21_scene_0034 pair 98 [6, 9] combined 104016 players 3082 retained 256 seconds 0.5048195170238614
shuttleset_21_scene_0034 pair 102 [6, 13] combined 22472 players 3562 retained 256 seconds 0.28775373566895723
shuttleset_21_scene_0034 pair 103 [6, 14] combined 27216 players 1796 retained 256 seconds 0.22580830520018935
shuttleset_21_scene_0034 pair 104 [6, 15] combined 324 players 122 retained 61 seconds 0.06122503988444805
shuttleset_21_scene_0034 pair 105 [7, 0] combined 60416 players 2384 retained 256 seconds 0.5823781099170446
shuttleset_21_scene_0034 pair 106 [7, 1] combined 56320 players 7594 retained 256 seconds 0.6308850906789303
shuttleset_21_scene_0034 pair 108 [7, 3] combined 105472 players 9592 retained 256 seconds 0.7595021771267056
shuttleset_21_scene_0034 pair 110 [7, 5] combined 35360 players 2094 retained 256 seconds 0.26612817915156484
shuttleset_21_scene_0034 pair 111 [7, 6] combined 42016 players 852 retained 256 seconds 0.2334705931134522
shuttleset_21_scene_0034 pair 112 [7, 8] combined 61440 players 20 retained 10 seconds 0.24602231895551085
shuttleset_21_scene_0034 pair 114 [7, 10] combined 46136 players 3216 retained 256 seconds 0.33945935498923063
shuttleset_21_scene_0034 pair 115 [7, 11] combined 1720 players 118 retained 59 seconds 0.05960651393979788
shuttleset_21_scene_0034 pair 116 [7, 12] combined 58368 players 7092 retained 256 seconds 0.5553724602796137
shuttleset_21_scene_0034 pair 125 [8, 5] combined 262144 players 33952 retained 256 seconds 2.311149057932198
shuttleset_21_scene_0034 pair 127 [8, 7] combined 73728 players 422 retained 204 seconds 0.3208906608633697
shuttleset_21_scene_0034 pair 133 [8, 14] combined 231424 players 15060 retained 256 seconds 1.3566626328974962
shuttleset_21_scene_0034 pair 135 [9, 0] combined 147456 players 15350 retained 256 seconds 1.3339119832962751
shuttleset_21_scene_0034 pair 138 [9, 3] combined 152576 players 20162 retained 256 seconds 1.2834493918344378
shuttleset_21_scene_0034 pair 139 [9, 4] combined 194560 players 13990 retained 256 seconds 1.3596468749456108
shuttleset_21_scene_0034 pair 140 [9, 5] combined 53336 players 9334 retained 256 seconds 0.5931802890263498
shuttleset_21_scene_0034 pair 141 [9, 6] combined 80800 players 2468 retained 256 seconds 0.41143845301121473
shuttleset_21_scene_0034 pair 149 [9, 15] combined 928 players 372 retained 186 seconds 0.07767506595700979
shuttleset_21_scene_0034 pair 150 [10, 0] combined 161792 players 73754 retained 256 seconds 3.554400592111051
shuttleset_21_scene_0034 pair 152 [10, 2] combined 110592 players 1860 retained 256 seconds 0.5545578370802104
shuttleset_21_scene_0034 pair 153 [10, 3] combined 153576 players 67276 retained 256 seconds 3.267433015163988
shuttleset_21_scene_0034 pair 154 [10, 4] combined 164864 players 71540 retained 256 seconds 3.12080620508641
shuttleset_21_scene_0034 pair 157 [10, 7] combined 70416 players 5650 retained 256 seconds 0.5008936333470047
shuttleset_21_scene_0034 pair 162 [10, 13] combined 74404 players 844 retained 256 seconds 0.33965996699407697
shuttleset_21_scene_0034 pair 164 [10, 15] combined 1240 players 0 retained 0 seconds 0.041365189012140036
shuttleset_21_scene_0034 pair 167 [11, 2] combined 7168 players 0 retained 0 seconds 0.0918123098090291
shuttleset_21_scene_0034 pair 169 [11, 4] combined 8192 players 3706 retained 256 seconds 0.3952232450246811
shuttleset_21_scene_0034 pair 172 [11, 7] combined 1760 players 378 retained 189 seconds 0.07860718900337815
shuttleset_21_scene_0034 pair 177 [11, 13] combined 4200 players 0 retained 0 seconds 0.036942113656550646
shuttleset_21_scene_0034 pair 178 [11, 14] combined 1792 players 624 retained 256 seconds 0.09681011503562331
shuttleset_21_scene_0034 pair 179 [11, 15] combined 32 players 16 retained 8 seconds 0.03580969665199518
shuttleset_21_scene_0034 pair 180 [12, 0] combined 262144 players 116342 retained 256 seconds 5.450352426152676
shuttleset_21_scene_0034 pair 182 [12, 2] combined 262144 players 4016 retained 256 seconds 1.1241164659149945
shuttleset_21_scene_0034 pair 183 [12, 3] combined 234496 players 97738 retained 256 seconds 4.81632650597021
shuttleset_21_scene_0034 pair 184 [12, 4] combined 262144 players 108130 retained 256 seconds 5.090353838168085
shuttleset_21_scene_0034 pair 187 [12, 7] combined 106496 players 29702 retained 256 seconds 1.6008856766857207
shuttleset_21_scene_0034 pair 192 [12, 13] combined 189440 players 1586 retained 256 seconds 0.7418195940554142
shuttleset_21_scene_0034 pair 195 [13, 0] combined 154624 players 66802 retained 256 seconds 3.2870149868540466
shuttleset_21_scene_0034 pair 196 [13, 1] combined 108544 players 3936 retained 256 seconds 0.6530199199914932
shuttleset_21_scene_0034 pair 198 [13, 3] combined 120560 players 48248 retained 256 seconds 2.405269917100668
shuttleset_21_scene_0034 pair 199 [13, 4] combined 163840 players 65370 retained 256 seconds 2.9172460711561143
shuttleset_21_scene_0034 pair 201 [13, 6] combined 42900 players 1080 retained 256 seconds 0.2620105058886111
shuttleset_21_scene_0034 pair 205 [13, 10] combined 136192 players 4490 retained 256 seconds 0.6657993993721902
shuttleset_21_scene_0034 pair 206 [13, 11] combined 5040 players 0 retained 0 seconds 0.0511927823536098
shuttleset_21_scene_0034 pair 207 [13, 12] combined 94208 players 2192 retained 256 seconds 0.46883332589641213
shuttleset_21_scene_0034 pair 210 [14, 0] combined 108544 players 6276 retained 256 seconds 0.8571744468063116
shuttleset_21_scene_0034 pair 213 [14, 3] combined 87040 players 11048 retained 256 seconds 0.8930224473588169
shuttleset_21_scene_0034 pair 215 [14, 5] combined 24400 players 4830 retained 256 seconds 0.32426922023296356
shuttleset_21_scene_0034 pair 216 [14, 6] combined 59584 players 7128 retained 256 seconds 0.5141885201446712
shuttleset_21_scene_0034 pair 218 [14, 8] combined 108544 players 4676 retained 256 seconds 0.5740366280078888
shuttleset_21_scene_0034 pair 221 [14, 11] combined 1600 players 326 retained 163 seconds 0.07691473281010985
shuttleset_21_scene_0034 pair 224 [14, 15] combined 244 players 0 retained 0 seconds 0.01735919015482068
shuttleset_21_scene_0034 pair 231 [15, 6] combined 600 players 184 retained 92 seconds 0.06044479692354798
shuttleset_21_scene_0034 pair 234 [15, 9] combined 1764 players 316 retained 155 seconds 0.07147753005847335
shuttleset_21_scene_0034 pair 235 [15, 10] combined 2640 players 0 retained 0 seconds 0.03419121401384473
shuttleset_21_scene_0034 pair 236 [15, 11] combined 144 players 6 retained 3 seconds 0.03586130402982235
shuttleset_21_scene_0034 pair 239 [15, 14] combined 848 players 0 retained 0 seconds 0.01778922276571393
shuttleset_21_scene_0034 pair 0 [0, 1] combined 25600 players 5748 retained 256 seconds 0.5239630080759525
shuttleset_21_scene_0034 pair 1 [0, 2] combined 56320 players 24056 retained 256 seconds 1.2573505700565875
shuttleset_21_scene_0034 pair 6 [0, 7] combined 56320 players 6942 retained 256 seconds 0.6012995759956539
shuttleset_21_scene_0034 pair 8 [0, 9] combined 0 players 0 retained 0 seconds 0.15178586123511195
shuttleset_21_scene_0034 pair 9 [0, 10] combined 4096 players 1864 retained 256 seconds 0.2973504946567118
shuttleset_21_scene_0034 pair 11 [0, 12] combined 7168 players 2048 retained 256 seconds 0.31250188406556845
shuttleset_21_scene_0034 pair 12 [0, 13] combined 7168 players 2308 retained 256 seconds 0.31453300919383764
shuttleset_21_scene_0034 pair 13 [0, 14] combined 0 players 0 retained 0 seconds 0.14791832212358713
shuttleset_21_scene_0034 pair 15 [1, 0] combined 24576 players 9020 retained 256 seconds 0.5779348467476666
shuttleset_21_scene_0034 pair 16 [1, 2] combined 7548 players 0 retained 0 seconds 0.0493133831769228
shuttleset_21_scene_0034 pair 17 [1, 3] combined 2100 players 684 retained 256 seconds 0.09978351229801774
shuttleset_21_scene_0034 pair 18 [1, 4] combined 3680 players 1450 retained 256 seconds 0.1376888146623969
shuttleset_21_scene_0034 pair 21 [1, 7] combined 2552 players 1038 retained 256 seconds 0.11537335813045502
shuttleset_21_scene_0034 pair 27 [1, 13] combined 1188 players 0 retained 0 seconds 0.01763859624043107
shuttleset_21_scene_0034 pair 30 [2, 0] combined 93184 players 39908 retained 256 seconds 2.1519770701415837
shuttleset_21_scene_0034 pair 31 [2, 1] combined 13440 players 588 retained 256 seconds 0.1424196702428162
shuttleset_21_scene_0034 pair 32 [2, 3] combined 7520 players 3054 retained 256 seconds 0.22287107771262527
shuttleset_21_scene_0034 pair 33 [2, 4] combined 16600 players 7590 retained 256 seconds 0.4211092861369252
shuttleset_21_scene_0034 pair 35 [2, 6] combined 1376 players 204 retained 102 seconds 0.0673969341441989
shuttleset_21_scene_0034 pair 39 [2, 10] combined 1160 players 6 retained 3 seconds 0.05337600829079747
shuttleset_21_scene_0034 pair 40 [2, 11] combined 0 players 0 retained 0 seconds 0.020693268161267042
shuttleset_21_scene_0034 pair 41 [2, 12] combined 7480 players 30 retained 15 seconds 0.07609380083158612
shuttleset_21_scene_0034 pair 46 [3, 1] combined 3224 players 740 retained 256 seconds 0.10291675478219986
shuttleset_21_scene_0034 pair 47 [3, 2] combined 6372 players 2584 retained 256 seconds 0.19041053904220462
shuttleset_21_scene_0034 pair 51 [3, 7] combined 10388 players 834 retained 256 seconds 0.12487613083794713
shuttleset_21_scene_0034 pair 53 [3, 9] combined 0 players 0 retained 0 seconds 0.01057195384055376
shuttleset_21_scene_0034 pair 54 [3, 10] combined 416 players 200 retained 100 seconds 0.052693172823637724
shuttleset_21_scene_0034 pair 56 [3, 12] combined 840 players 236 retained 118 seconds 0.05796089908108115
shuttleset_21_scene_0034 pair 57 [3, 13] combined 928 players 208 retained 102 seconds 0.055624593049287796
shuttleset_21_scene_0034 pair 58 [3, 14] combined 0 players 0 retained 0 seconds 0.01030257809907198
shuttleset_21_scene_0034 pair 61 [4, 1] combined 6500 players 1430 retained 256 seconds 0.1447102571837604
shuttleset_21_scene_0034 pair 62 [4, 2] combined 15576 players 6372 retained 256 seconds 0.3661153921857476
shuttleset_21_scene_0034 pair 68 [4, 9] combined 0 players 0 retained 0 seconds 0.016937248408794403
shuttleset_21_scene_0034 pair 69 [4, 10] combined 944 players 430 retained 215 seconds 0.07869477523490787
shuttleset_21_scene_0034 pair 70 [4, 11] combined 0 players 0 retained 0 seconds 0.015029327012598515
shuttleset_21_scene_0034 pair 71 [4, 12] combined 1792 players 546 retained 256 seconds 0.09442744683474302
shuttleset_21_scene_0034 pair 72 [4, 13] combined 1540 players 288 retained 144 seconds 0.06855020206421614
shuttleset_21_scene_0034 pair 81 [5, 7] combined 2240 players 1060 retained 256 seconds 0.10912589309737086
shuttleset_21_scene_0034 pair 82 [5, 8] combined 40 players 20 retained 10 seconds 0.03657291317358613
shuttleset_21_scene_0034 pair 83 [5, 9] combined 0 players 0 retained 0 seconds 0.00915989140048623
shuttleset_21_scene_0034 pair 88 [5, 14] combined 380 players 190 retained 95 seconds 0.04856308223679662
shuttleset_21_scene_0034 pair 92 [6, 2] combined 0 players 0 retained 0 seconds 0.01964198099449277
shuttleset_21_scene_0034 pair 96 [6, 7] combined 580 players 210 retained 105 seconds 0.05126172536984086
shuttleset_21_scene_0034 pair 98 [6, 9] combined 0 players 0 retained 0 seconds 0.0058425189927220345
shuttleset_21_scene_0034 pair 102 [6, 13] combined 16 players 0 retained 0 seconds 0.007956673856824636
shuttleset_21_scene_0034 pair 103 [6, 14] combined 40 players 20 retained 10 seconds 0.03302831994369626
shuttleset_21_scene_0034 pair 104 [6, 15] combined 0 players 0 retained 0 seconds 0.006044859066605568
shuttleset_21_scene_0034 pair 105 [7, 0] combined 26624 players 264 retained 106 seconds 0.23012498999014497
shuttleset_21_scene_0034 pair 106 [7, 1] combined 4816 players 620 retained 256 seconds 0.10325933014973998
shuttleset_21_scene_0034 pair 108 [7, 3] combined 4300 players 160 retained 80 seconds 0.062231230083853006
shuttleset_21_scene_0034 pair 110 [7, 5] combined 2744 players 268 retained 134 seconds 0.0660857348702848
shuttleset_21_scene_0034 pair 111 [7, 6] combined 552 players 136 retained 68 seconds 0.04726063786074519
shuttleset_21_scene_0034 pair 112 [7, 8] combined 0 players 0 retained 0 seconds 0.010705172084271908
shuttleset_21_scene_0034 pair 114 [7, 10] combined 0 players 0 retained 0 seconds 0.01097160391509533
shuttleset_21_scene_0034 pair 115 [7, 11] combined 0 players 0 retained 0 seconds 0.009542169980704784
shuttleset_21_scene_0034 pair 116 [7, 12] combined 2016 players 420 retained 210 seconds 0.0773441819474101
shuttleset_21_scene_0034 pair 125 [8, 5] combined 248 players 68 retained 22 seconds 0.03897765977308154
shuttleset_21_scene_0034 pair 127 [8, 7] combined 108 players 0 retained 0 seconds 0.00914000067859888
shuttleset_21_scene_0034 pair 133 [8, 14] combined 0 players 0 retained 0 seconds 0.005232775118201971
shuttleset_21_scene_0034 pair 135 [9, 0] combined 0 players 0 retained 0 seconds 0.10149486409500241
shuttleset_21_scene_0034 pair 138 [9, 3] combined 0 players 0 retained 0 seconds 0.008232408203184605
shuttleset_21_scene_0034 pair 139 [9, 4] combined 0 players 0 retained 0 seconds 0.009915918111801147
shuttleset_21_scene_0034 pair 140 [9, 5] combined 0 players 0 retained 0 seconds 0.007172787096351385
shuttleset_21_scene_0034 pair 141 [9, 6] combined 0 players 0 retained 0 seconds 0.004816241096705198
shuttleset_21_scene_0034 pair 149 [9, 15] combined 0 players 0 retained 0 seconds 0.003200086299329996
shuttleset_21_scene_0034 pair 150 [10, 0] combined 1024 players 488 retained 211 seconds 0.16672878386452794
shuttleset_21_scene_0034 pair 152 [10, 2] combined 744 players 0 retained 0 seconds 0.020504435058683157
shuttleset_21_scene_0034 pair 153 [10, 3] combined 208 players 100 retained 50 seconds 0.042504481971263885
shuttleset_21_scene_0034 pair 154 [10, 4] combined 296 players 148 retained 74 seconds 0.04799387417733669
shuttleset_21_scene_0034 pair 157 [10, 7] combined 88 players 34 retained 17 seconds 0.03816535323858261
shuttleset_21_scene_0034 pair 162 [10, 13] combined 0 players 0 retained 0 seconds 0.007661217823624611
shuttleset_21_scene_0034 pair 164 [10, 15] combined 0 players 0 retained 0 seconds 0.004763573873788118
shuttleset_21_scene_0034 pair 167 [11, 2] combined 0 players 0 retained 0 seconds 0.0160668957978487
shuttleset_21_scene_0034 pair 169 [11, 4] combined 0 players 0 retained 0 seconds 0.009990532882511616
shuttleset_21_scene_0034 pair 172 [11, 7] combined 0 players 0 retained 0 seconds 0.007378117647022009
shuttleset_21_scene_0034 pair 177 [11, 13] combined 0 players 0 retained 0 seconds 0.005517820827662945
shuttleset_21_scene_0034 pair 178 [11, 14] combined 0 players 0 retained 0 seconds 0.0030850223265588284
shuttleset_21_scene_0034 pair 179 [11, 15] combined 0 players 0 retained 0 seconds 0.002530928235501051
shuttleset_21_scene_0034 pair 180 [12, 0] combined 4096 players 1686 retained 256 seconds 0.22895920323207974
shuttleset_21_scene_0034 pair 182 [12, 2] combined 3608 players 0 retained 0 seconds 0.03189925663173199
shuttleset_21_scene_0034 pair 183 [12, 3] combined 480 players 186 retained 89 seconds 0.051975763868540525
shuttleset_21_scene_0034 pair 184 [12, 4] combined 640 players 292 retained 142 seconds 0.06481603486463428
shuttleset_21_scene_0034 pair 187 [12, 7] combined 1568 players 636 retained 256 seconds 0.0904684541746974
shuttleset_21_scene_0034 pair 192 [12, 13] combined 32 players 0 retained 0 seconds 0.00938970223069191
shuttleset_21_scene_0034 pair 195 [13, 0] combined 4096 players 1774 retained 256 seconds 0.2278662477619946
shuttleset_21_scene_0034 pair 196 [13, 1] combined 3744 players 170 retained 85 seconds 0.061998659279197454
shuttleset_21_scene_0034 pair 198 [13, 3] combined 384 players 160 retained 80 seconds 0.04885692102834582
shuttleset_21_scene_0034 pair 199 [13, 4] combined 928 players 446 retained 223 seconds 0.07855504704639316
shuttleset_21_scene_0034 pair 201 [13, 6] combined 44 players 0 retained 0 seconds 0.00918191997334361
shuttleset_21_scene_0034 pair 205 [13, 10] combined 120 players 0 retained 0 seconds 0.008578794077038765
shuttleset_21_scene_0034 pair 206 [13, 11] combined 0 players 0 retained 0 seconds 0.006538408808410168
shuttleset_21_scene_0034 pair 207 [13, 12] combined 720 players 20 retained 10 seconds 0.038960255682468414
shuttleset_21_scene_0034 pair 210 [14, 0] combined 0 players 0 retained 0 seconds 0.0991022870875895
shuttleset_21_scene_0034 pair 213 [14, 3] combined 0 players 0 retained 0 seconds 0.008542621973901987
shuttleset_21_scene_0034 pair 215 [14, 5] combined 0 players 0 retained 0 seconds 0.0072265020571649075
shuttleset_21_scene_0034 pair 216 [14, 6] combined 72 players 0 retained 0 seconds 0.005565086845308542
shuttleset_21_scene_0034 pair 218 [14, 8] combined 0 players 0 retained 0 seconds 0.004596434999257326
shuttleset_21_scene_0034 pair 221 [14, 11] combined 0 players 0 retained 0 seconds 0.0037229028530418873
shuttleset_21_scene_0034 pair 224 [14, 15] combined 0 players 0 retained 0 seconds 0.0038651260547339916
shuttleset_21_scene_0034 pair 231 [15, 6] combined 0 players 0 retained 0 seconds 0.004551061894744635
shuttleset_21_scene_0034 pair 234 [15, 9] combined 0 players 0 retained 0 seconds 0.0031981971114873886
shuttleset_21_scene_0034 pair 235 [15, 10] combined 0 players 0 retained 0 seconds 0.003967866767197847
shuttleset_21_scene_0034 pair 236 [15, 11] combined 0 players 0 retained 0 seconds 0.002846598159521818
shuttleset_21_scene_0034 pair 239 [15, 14] combined 0 players 0 retained 0 seconds 0.0037547932006418705
[shuttleset_21_scene_0034] line-template: preparing rectangles
[shuttleset_21_scene_0034] measuring 701 parents (G0=256, G1=256, line_template=256; conflicting geometry groups=0)
[shuttleset_21_scene_0034] parents 250/701
[shuttleset_21_scene_0034] parents 500/701
[shuttleset_21_scene_0034] refitting 701 parents
[shuttleset_21_scene_0034] refits 250/701; valid children=247
[shuttleset_21_scene_0034] refits 500/701; valid children=494
{"view_id": "shuttleset_21_scene_0034", "chosen_key": "G0:1:63649/child", "no_court_reason": null, "all_checks_equal": null, "error": null}
{"views": ["shuttleset_21_scene_0034"], "startup_seconds": 0.035077085718512535, "wall_seconds": 726.8959873369895, "peak_rss_mb": 1347.16796875, "failed": []}
