decoded /scratch/cmarti/issue103_ad8da4f/external/shuttleset-sources/21 An_Se_Young_Ratchanok_Intanon_YONEX_Thailand_Open_2021_QuarterFinals.mp4 to frame 90964 in 573s
shuttleset_21_scene_0044 pair 0 [0, 1] combined 262144 players 94524 retained 256 seconds 5.40975707070902
shuttleset_21_scene_0044 pair 1 [0, 2] combined 262144 players 104538 retained 256 seconds 5.457825853955001
shuttleset_21_scene_0044 pair 3 [0, 4] combined 58368 players 20378 retained 256 seconds 1.4479579078033566
shuttleset_21_scene_0044 pair 4 [0, 5] combined 53248 players 12000 retained 256 seconds 1.1114482316188514
shuttleset_21_scene_0044 pair 5 [0, 6] combined 163840 players 65412 retained 256 seconds 3.4365688441321254
shuttleset_21_scene_0044 pair 10 [0, 11] combined 262144 players 44844 retained 256 seconds 2.9880640069022775
shuttleset_21_scene_0044 pair 11 [0, 12] combined 143360 players 55156 retained 256 seconds 3.068038740195334
shuttleset_21_scene_0044 pair 12 [0, 13] combined 48128 players 13838 retained 256 seconds 1.0462618810124695
shuttleset_21_scene_0044 pair 14 [0, 15] combined 109568 players 23848 retained 256 seconds 1.7020755340345204
shuttleset_21_scene_0044 pair 15 [1, 0] combined 262144 players 101336 retained 256 seconds 5.284056528005749
shuttleset_21_scene_0044 pair 16 [1, 2] combined 262144 players 2182 retained 256 seconds 1.0721139088273048
shuttleset_21_scene_0044 pair 17 [1, 3] combined 262144 players 102252 retained 256 seconds 4.5216086390428245
shuttleset_21_scene_0044 pair 24 [1, 10] combined 262144 players 71340 retained 256 seconds 3.3273973460309207
shuttleset_21_scene_0044 pair 25 [1, 11] combined 128000 players 37250 retained 256 seconds 1.8828775752335787
shuttleset_21_scene_0044 pair 27 [1, 13] combined 12288 players 1544 retained 256 seconds 0.2654605279676616
shuttleset_21_scene_0044 pair 28 [1, 14] combined 8192 players 954 retained 256 seconds 0.21911306073889136
shuttleset_21_scene_0044 pair 29 [1, 15] combined 68608 players 6914 retained 256 seconds 0.5855966252274811
shuttleset_21_scene_0044 pair 30 [2, 0] combined 262144 players 113184 retained 256 seconds 4.954654743894935
shuttleset_21_scene_0044 pair 31 [2, 1] combined 262144 players 10792 retained 256 seconds 1.3190510692074895
shuttleset_21_scene_0044 pair 32 [2, 3] combined 262144 players 108338 retained 256 seconds 4.610141650773585
shuttleset_21_scene_0044 pair 33 [2, 4] combined 68608 players 2694 retained 256 seconds 0.4389482638798654
shuttleset_21_scene_0044 pair 34 [2, 5] combined 69632 players 32 retained 16 seconds 0.3161677070893347
shuttleset_21_scene_0044 pair 38 [2, 9] combined 10240 players 64 retained 32 seconds 0.1587661919184029
shuttleset_21_scene_0044 pair 41 [2, 12] combined 262144 players 4652 retained 256 seconds 1.044282869901508
shuttleset_21_scene_0044 pair 46 [3, 1] combined 262144 players 88066 retained 256 seconds 2.5517541118897498
shuttleset_21_scene_0044 pair 47 [3, 2] combined 262144 players 94038 retained 256 seconds 2.390635022893548
shuttleset_21_scene_0044 pair 49 [3, 5] combined 55296 players 13616 retained 256 seconds 0.505335683003068
shuttleset_21_scene_0044 pair 50 [3, 6] combined 140288 players 47496 retained 256 seconds 1.2258402802981436
shuttleset_21_scene_0044 pair 53 [3, 9] combined 23552 players 6162 retained 256 seconds 0.2362426328472793
shuttleset_21_scene_0044 pair 54 [3, 10] combined 262144 players 7196 retained 256 seconds 0.6336234491318464
shuttleset_21_scene_0044 pair 55 [3, 11] combined 257024 players 14290 retained 256 seconds 0.821085553150624
shuttleset_21_scene_0044 pair 57 [3, 13] combined 52224 players 3934 retained 256 seconds 0.22024998208507895
shuttleset_21_scene_0044 pair 59 [3, 15] combined 146432 players 8634 retained 256 seconds 0.47428565798327327
shuttleset_21_scene_0044 pair 60 [4, 0] combined 67584 players 28322 retained 256 seconds 0.845675041899085
shuttleset_21_scene_0044 pair 62 [4, 2] combined 64512 players 2882 retained 256 seconds 0.23242618376389146
shuttleset_21_scene_0044 pair 69 [4, 10] combined 76800 players 22562 retained 256 seconds 0.6850259136408567
shuttleset_21_scene_0044 pair 70 [4, 11] combined 16236 players 960 retained 256 seconds 0.08746629022061825
shuttleset_21_scene_0044 pair 72 [4, 13] combined 4600 players 216 retained 95 seconds 0.04154543112963438
shuttleset_21_scene_0044 pair 74 [4, 15] combined 3904 players 442 retained 221 seconds 0.04893658170476556
shuttleset_21_scene_0044 pair 75 [5, 0] combined 52224 players 19556 retained 256 seconds 0.6448634918779135
shuttleset_21_scene_0044 pair 77 [5, 2] combined 46080 players 1254 retained 256 seconds 0.1740964548662305
shuttleset_21_scene_0044 pair 78 [5, 3] combined 51200 players 19134 retained 256 seconds 0.5843859761953354
shuttleset_21_scene_0044 pair 85 [5, 11] combined 19520 players 1804 retained 256 seconds 0.10983248800039291
shuttleset_21_scene_0044 pair 87 [5, 13] combined 1764 players 80 retained 40 seconds 0.029886724893003702
shuttleset_21_scene_0044 pair 88 [5, 14] combined 2408 players 114 retained 57 seconds 0.032094407826662064
shuttleset_21_scene_0044 pair 89 [5, 15] combined 13132 players 338 retained 169 seconds 0.05974868219345808
shuttleset_21_scene_0044 pair 90 [6, 0] combined 87040 players 24630 retained 256 seconds 0.7920791902579367
shuttleset_21_scene_0044 pair 93 [6, 3] combined 102400 players 40662 retained 256 seconds 0.9810491045936942
shuttleset_21_scene_0044 pair 112 [7, 8] combined 65536 players 14898 retained 256 seconds 0.5221639149822295
shuttleset_21_scene_0044 pair 118 [7, 14] combined 2688 players 544 retained 248 seconds 0.056735594756901264
shuttleset_21_scene_0044 pair 127 [8, 7] combined 35292 players 3888 retained 256 seconds 0.18154955422505736
shuttleset_21_scene_0044 pair 129 [8, 10] combined 160768 players 22838 retained 256 seconds 0.7828242988325655
shuttleset_21_scene_0044 pair 130 [8, 11] combined 170372 players 3974 retained 256 seconds 0.4172385148704052
shuttleset_21_scene_0044 pair 137 [9, 2] combined 4096 players 0 retained 0 seconds 0.052613032050430775
shuttleset_21_scene_0044 pair 138 [9, 3] combined 3072 players 1342 retained 256 seconds 0.08341197203844786
shuttleset_21_scene_0044 pair 147 [9, 13] combined 280 players 0 retained 0 seconds 0.008027269039303064
shuttleset_21_scene_0044 pair 148 [9, 14] combined 160 players 0 retained 0 seconds 0.006153190974146128
shuttleset_21_scene_0044 pair 151 [10, 1] combined 262144 players 70644 retained 256 seconds 2.0450118612498045
shuttleset_21_scene_0044 pair 153 [10, 3] combined 262144 players 14818 retained 256 seconds 0.7856567362323403
shuttleset_21_scene_0044 pair 154 [10, 4] combined 46080 players 12680 retained 256 seconds 0.3896840251982212
shuttleset_21_scene_0044 pair 158 [10, 8] combined 212992 players 18878 retained 256 seconds 0.7558036488480866
shuttleset_21_scene_0044 pair 161 [10, 12] combined 131072 players 40136 retained 256 seconds 1.1847546696662903
shuttleset_21_scene_0044 pair 163 [10, 14] combined 17408 players 412 retained 212 seconds 0.08472531894221902
shuttleset_21_scene_0044 pair 165 [11, 0] combined 185344 players 7018 retained 256 seconds 0.6103877667337656
shuttleset_21_scene_0044 pair 166 [11, 1] combined 82944 players 18252 retained 256 seconds 0.5713383411057293
shuttleset_21_scene_0044 pair 168 [11, 3] combined 262144 players 4694 retained 256 seconds 0.5859839422628284
shuttleset_21_scene_0044 pair 169 [11, 4] combined 37392 players 2650 retained 256 seconds 0.1573259891010821
shuttleset_21_scene_0044 pair 170 [11, 5] combined 21248 players 4798 retained 256 seconds 0.16815090412274003
shuttleset_21_scene_0044 pair 173 [11, 8] combined 153608 players 3486 retained 256 seconds 0.35943324910476804
shuttleset_21_scene_0044 pair 176 [11, 12] combined 71604 players 2452 retained 256 seconds 0.20652244798839092
shuttleset_21_scene_0044 pair 180 [12, 0] combined 173056 players 72372 retained 256 seconds 1.9913182738237083
shuttleset_21_scene_0044 pair 182 [12, 2] combined 77824 players 2822 retained 256 seconds 0.2654873221181333
shuttleset_21_scene_0044 pair 190 [12, 10] combined 185344 players 53350 retained 256 seconds 1.4215866080485284
shuttleset_21_scene_0044 pair 191 [12, 11] combined 28792 players 2548 retained 256 seconds 0.1508991071023047
shuttleset_21_scene_0044 pair 192 [12, 13] combined 8520 players 312 retained 156 seconds 0.06099274707958102
shuttleset_21_scene_0044 pair 194 [12, 15] combined 28980 players 2122 retained 256 seconds 0.13408365612849593
shuttleset_21_scene_0044 pair 195 [13, 0] combined 11264 players 1362 retained 256 seconds 0.22740062279626727
shuttleset_21_scene_0044 pair 196 [13, 1] combined 26624 players 1372 retained 256 seconds 0.15318245999515057
shuttleset_21_scene_0044 pair 198 [13, 3] combined 4096 players 242 retained 119 seconds 0.05397843290120363
shuttleset_21_scene_0044 pair 199 [13, 4] combined 5184 players 68 retained 34 seconds 0.033896977081894875
shuttleset_21_scene_0044 pair 200 [13, 5] combined 6532 players 340 retained 170 seconds 0.048322823364287615
shuttleset_21_scene_0044 pair 204 [13, 9] combined 704 players 174 retained 87 seconds 0.026472512166947126
shuttleset_21_scene_0044 pair 207 [13, 12] combined 11628 players 326 retained 145 seconds 0.15262786578387022
shuttleset_21_scene_0044 pair 211 [14, 1] combined 7168 players 1124 retained 256 seconds 0.11417459789663553
shuttleset_21_scene_0044 pair 215 [14, 5] combined 2688 players 76 retained 38 seconds 0.030546861700713634
shuttleset_21_scene_0044 pair 217 [14, 7] combined 1392 players 230 retained 111 seconds 0.03507307404652238
shuttleset_21_scene_0044 pair 219 [14, 9] combined 336 players 0 retained 0 seconds 0.006770567037165165
shuttleset_21_scene_0044 pair 220 [14, 10] combined 3072 players 36 retained 18 seconds 0.037364599760621786
shuttleset_21_scene_0044 pair 225 [15, 0] combined 61440 players 2118 retained 256 seconds 0.30735238920897245
shuttleset_21_scene_0044 pair 226 [15, 1] combined 56320 players 8736 retained 256 seconds 0.34955080412328243
shuttleset_21_scene_0044 pair 228 [15, 3] combined 121856 players 1590 retained 256 seconds 0.27795739378780127
shuttleset_21_scene_0044 pair 229 [15, 4] combined 20736 players 316 retained 154 seconds 0.07117728516459465
shuttleset_21_scene_0044 pair 230 [15, 5] combined 14080 players 328 retained 164 seconds 0.06099813990294933
shuttleset_21_scene_0044 pair 237 [15, 12] combined 36504 players 2156 retained 256 seconds 0.1470658741891384
shuttleset_21_scene_0044 pair 0 [0, 1] combined 43008 players 13402 retained 256 seconds 0.4672885141335428
shuttleset_21_scene_0044 pair 1 [0, 2] combined 131072 players 53408 retained 256 seconds 1.3623355571180582
shuttleset_21_scene_0044 pair 3 [0, 4] combined 2048 players 990 retained 256 seconds 0.28651252714917064
shuttleset_21_scene_0044 pair 4 [0, 5] combined 0 players 0 retained 0 seconds 0.0911297770217061
shuttleset_21_scene_0044 pair 5 [0, 6] combined 1024 players 406 retained 203 seconds 0.11224529054015875
shuttleset_21_scene_0044 pair 10 [0, 11] combined 3072 players 42 retained 21 seconds 0.09562521008774638
shuttleset_21_scene_0044 pair 11 [0, 12] combined 6144 players 2220 retained 256 seconds 0.1677907188422978
shuttleset_21_scene_0044 pair 12 [0, 13] combined 13312 players 3212 retained 256 seconds 0.1808438659645617
shuttleset_21_scene_0044 pair 14 [0, 15] combined 8192 players 1192 retained 256 seconds 0.13805180601775646
shuttleset_21_scene_0044 pair 15 [1, 0] combined 46080 players 17804 retained 256 seconds 0.525588302873075
shuttleset_21_scene_0044 pair 16 [1, 2] combined 36960 players 672 retained 256 seconds 0.12310024769976735
shuttleset_21_scene_0044 pair 17 [1, 3] combined 17848 players 7142 retained 256 seconds 0.2127984850667417
shuttleset_21_scene_0044 pair 24 [1, 10] combined 13440 players 3536 retained 256 seconds 0.13324958318844438
shuttleset_21_scene_0044 pair 25 [1, 11] combined 0 players 0 retained 0 seconds 0.010320093017071486
shuttleset_21_scene_0044 pair 27 [1, 13] combined 0 players 0 retained 0 seconds 0.010835516732186079
shuttleset_21_scene_0044 pair 28 [1, 14] combined 1344 players 164 retained 82 seconds 0.029775924049317837
shuttleset_21_scene_0044 pair 29 [1, 15] combined 792 players 82 retained 41 seconds 0.02562945568934083
shuttleset_21_scene_0044 pair 30 [2, 0] combined 190464 players 79684 retained 256 seconds 2.1673883628100157
shuttleset_21_scene_0044 pair 31 [2, 1] combined 42164 players 1748 retained 256 seconds 0.15658027958124876
shuttleset_21_scene_0044 pair 32 [2, 3] combined 69920 players 30028 retained 256 seconds 0.7412256500683725
shuttleset_21_scene_0044 pair 33 [2, 4] combined 488 players 0 retained 0 seconds 0.026128422934561968
shuttleset_21_scene_0044 pair 34 [2, 5] combined 0 players 0 retained 0 seconds 0.02218605112284422
shuttleset_21_scene_0044 pair 38 [2, 9] combined 0 players 0 retained 0 seconds 0.023352661170065403
shuttleset_21_scene_0044 pair 41 [2, 12] combined 14952 players 80 retained 40 seconds 0.061313841957598925
shuttleset_21_scene_0044 pair 46 [3, 1] combined 23760 players 7050 retained 256 seconds 0.22638118313625455
shuttleset_21_scene_0044 pair 47 [3, 2] combined 62496 players 22458 retained 256 seconds 0.571566057857126
shuttleset_21_scene_0044 pair 49 [3, 5] combined 0 players 0 retained 0 seconds 0.015946683008223772
shuttleset_21_scene_0044 pair 50 [3, 6] combined 616 players 128 retained 64 seconds 0.03014272265136242
shuttleset_21_scene_0044 pair 53 [3, 9] combined 0 players 0 retained 0 seconds 0.014168496243655682
shuttleset_21_scene_0044 pair 54 [3, 10] combined 65772 players 1592 retained 256 seconds 0.18709900695830584
shuttleset_21_scene_0044 pair 55 [3, 11] combined 1904 players 50 retained 25 seconds 0.03172394959256053
shuttleset_21_scene_0044 pair 57 [3, 13] combined 4012 players 76 retained 38 seconds 0.03384564304724336
shuttleset_21_scene_0044 pair 59 [3, 15] combined 0 players 0 retained 0 seconds 0.014529284089803696
shuttleset_21_scene_0044 pair 60 [4, 0] combined 0 players 0 retained 0 seconds 0.06160984234884381
shuttleset_21_scene_0044 pair 62 [4, 2] combined 0 players 0 retained 0 seconds 0.015122502110898495
shuttleset_21_scene_0044 pair 69 [4, 10] combined 0 players 0 retained 0 seconds 0.00809520436450839
shuttleset_21_scene_0044 pair 70 [4, 11] combined 0 players 0 retained 0 seconds 0.0024210060946643353
shuttleset_21_scene_0044 pair 72 [4, 13] combined 0 players 0 retained 0 seconds 0.0028911870904266834
shuttleset_21_scene_0044 pair 74 [4, 15] combined 0 players 0 retained 0 seconds 0.0023628263734281063
shuttleset_21_scene_0044 pair 75 [5, 0] combined 0 players 0 retained 0 seconds 0.060477029997855425
shuttleset_21_scene_0044 pair 77 [5, 2] combined 0 players 0 retained 0 seconds 0.013965199701488018
shuttleset_21_scene_0044 pair 78 [5, 3] combined 0 players 0 retained 0 seconds 0.009203384630382061
shuttleset_21_scene_0044 pair 85 [5, 11] combined 0 players 0 retained 0 seconds 0.0019254470244050026
shuttleset_21_scene_0044 pair 87 [5, 13] combined 0 players 0 retained 0 seconds 0.002204987220466137
shuttleset_21_scene_0044 pair 88 [5, 14] combined 0 players 0 retained 0 seconds 0.002450008410960436
shuttleset_21_scene_0044 pair 89 [5, 15] combined 0 players 0 retained 0 seconds 0.0016372189857065678
shuttleset_21_scene_0044 pair 90 [6, 0] combined 1024 players 272 retained 136 seconds 0.08479705033823848
shuttleset_21_scene_0044 pair 93 [6, 3] combined 0 players 0 retained 0 seconds 0.009325271006673574
shuttleset_21_scene_0044 pair 112 [7, 8] combined 80 players 24 retained 12 seconds 0.016205004882067442
shuttleset_21_scene_0044 pair 118 [7, 14] combined 64 players 32 retained 16 seconds 0.01606515794992447
shuttleset_21_scene_0044 pair 127 [8, 7] combined 0 players 0 retained 0 seconds 0.005093345884233713
shuttleset_21_scene_0044 pair 129 [8, 10] combined 2660 players 12 retained 6 seconds 0.025401104241609573
shuttleset_21_scene_0044 pair 130 [8, 11] combined 0 players 0 retained 0 seconds 0.00290677510201931
shuttleset_21_scene_0044 pair 137 [9, 2] combined 0 players 0 retained 0 seconds 0.013866906985640526
shuttleset_21_scene_0044 pair 138 [9, 3] combined 0 players 0 retained 0 seconds 0.009145054966211319
shuttleset_21_scene_0044 pair 147 [9, 13] combined 0 players 0 retained 0 seconds 0.0024599116295576096
shuttleset_21_scene_0044 pair 148 [9, 14] combined 0 players 0 retained 0 seconds 0.002363121137022972
shuttleset_21_scene_0044 pair 151 [10, 1] combined 15048 players 4260 retained 256 seconds 0.14881909964606166
shuttleset_21_scene_0044 pair 153 [10, 3] combined 32568 players 4980 retained 256 seconds 0.18777336599305272
shuttleset_21_scene_0044 pair 154 [10, 4] combined 0 players 0 retained 0 seconds 0.01185972010716796
shuttleset_21_scene_0044 pair 158 [10, 8] combined 7980 players 40 retained 21 seconds 0.037065794225782156
shuttleset_21_scene_0044 pair 161 [10, 12] combined 2220 players 548 retained 256 seconds 0.05183197371661663
shuttleset_21_scene_0044 pair 163 [10, 14] combined 8296 players 296 retained 152 seconds 0.04742606682702899
shuttleset_21_scene_0044 pair 165 [11, 0] combined 0 players 0 retained 0 seconds 0.06018268130719662
shuttleset_21_scene_0044 pair 166 [11, 1] combined 0 players 0 retained 0 seconds 0.007165710907429457
shuttleset_21_scene_0044 pair 168 [11, 3] combined 808 players 0 retained 0 seconds 0.010977443307638168
shuttleset_21_scene_0044 pair 169 [11, 4] combined 0 players 0 retained 0 seconds 0.00249345600605011
shuttleset_21_scene_0044 pair 170 [11, 5] combined 0 players 0 retained 0 seconds 0.0018381900154054165
shuttleset_21_scene_0044 pair 173 [11, 8] combined 0 players 0 retained 0 seconds 0.0026639332063496113
shuttleset_21_scene_0044 pair 176 [11, 12] combined 0 players 0 retained 0 seconds 0.0036596977151930332
shuttleset_21_scene_0044 pair 180 [12, 0] combined 7168 players 2950 retained 256 seconds 0.16717953514307737
shuttleset_21_scene_0044 pair 182 [12, 2] combined 6480 players 0 retained 0 seconds 0.028330357745289803
shuttleset_21_scene_0044 pair 190 [12, 10] combined 2352 players 594 retained 256 seconds 0.052616200875490904
shuttleset_21_scene_0044 pair 191 [12, 11] combined 0 players 0 retained 0 seconds 0.005326900165528059
shuttleset_21_scene_0044 pair 192 [12, 13] combined 0 players 0 retained 0 seconds 0.0054999119602143764
shuttleset_21_scene_0044 pair 194 [12, 15] combined 72 players 4 retained 2 seconds 0.01641405001282692
shuttleset_21_scene_0044 pair 195 [13, 0] combined 5120 players 856 retained 256 seconds 0.11533861327916384
shuttleset_21_scene_0044 pair 196 [13, 1] combined 1176 players 80 retained 40 seconds 0.02437113504856825
shuttleset_21_scene_0044 pair 198 [13, 3] combined 940 players 26 retained 13 seconds 0.026443584822118282
shuttleset_21_scene_0044 pair 199 [13, 4] combined 0 players 0 retained 0 seconds 0.0038088709115982056
shuttleset_21_scene_0044 pair 200 [13, 5] combined 0 players 0 retained 0 seconds 0.0030917259864509106
shuttleset_21_scene_0044 pair 204 [13, 9] combined 0 players 0 retained 0 seconds 0.0035501252859830856
shuttleset_21_scene_0044 pair 207 [13, 12] combined 192 players 0 retained 0 seconds 0.005335681140422821
shuttleset_21_scene_0044 pair 211 [14, 1] combined 1008 players 198 retained 99 seconds 0.02775790961459279
shuttleset_21_scene_0044 pair 215 [14, 5] combined 0 players 0 retained 0 seconds 0.00337807135656476
shuttleset_21_scene_0044 pair 217 [14, 7] combined 0 players 0 retained 0 seconds 0.0038923597894608974
shuttleset_21_scene_0044 pair 219 [14, 9] combined 0 players 0 retained 0 seconds 0.0030747237615287304
shuttleset_21_scene_0044 pair 220 [14, 10] combined 1824 players 34 retained 17 seconds 0.024458300322294235
shuttleset_21_scene_0044 pair 225 [15, 0] combined 2048 players 52 retained 26 seconds 0.07541397260501981
shuttleset_21_scene_0044 pair 226 [15, 1] combined 1472 players 128 retained 64 seconds 0.025885977316647768
shuttleset_21_scene_0044 pair 228 [15, 3] combined 0 players 0 retained 0 seconds 0.009684427175670862
shuttleset_21_scene_0044 pair 229 [15, 4] combined 0 players 0 retained 0 seconds 0.002705284859985113
shuttleset_21_scene_0044 pair 230 [15, 5] combined 0 players 0 retained 0 seconds 0.0019377372227609158
shuttleset_21_scene_0044 pair 237 [15, 12] combined 84 players 0 retained 0 seconds 0.003980046138167381
[shuttleset_21_scene_0044] line-template: preparing rectangles
[shuttleset_21_scene_0044] measuring 768 parents (G0=256, G1=256, line_template=256; conflicting geometry groups=0)
[shuttleset_21_scene_0044] parents 250/768
[shuttleset_21_scene_0044] parents 500/768
[shuttleset_21_scene_0044] parents 750/768
[shuttleset_21_scene_0044] refitting 768 parents
[shuttleset_21_scene_0044] refits 250/768; valid children=246
[shuttleset_21_scene_0044] refits 500/768; valid children=494
[shuttleset_21_scene_0044] refits 750/768; valid children=738
{"view_id": "shuttleset_21_scene_0044", "chosen_key": "G0:1:2039/child", "no_court_reason": null, "all_checks_equal": null, "error": null}
{"views": ["shuttleset_21_scene_0044"], "startup_seconds": 0.05273379711434245, "wall_seconds": 734.288520924747, "peak_rss_mb": 1080.65234375, "failed": []}
