decoded /scratch/cmarti/issue103_ad8da4f/external/shuttleset-sources/3 Kento_MOMOTA_CHOU_Tien_Chen_KOREA_OPEN_2019_Final.mp4 to frame 38563 in 265s
shuttleset_03_scene_0017 pair 0 [0, 1] combined 262144 players 61876 retained 256 seconds 4.433236496057361
shuttleset_03_scene_0017 pair 1 [0, 2] combined 262144 players 66450 retained 256 seconds 3.97152694221586
shuttleset_03_scene_0017 pair 2 [0, 3] combined 262144 players 54066 retained 256 seconds 3.655652840156108
shuttleset_03_scene_0017 pair 4 [0, 5] combined 256000 players 55484 retained 256 seconds 3.7568596242927015
shuttleset_03_scene_0017 pair 5 [0, 6] combined 262144 players 61272 retained 256 seconds 4.025613836012781
shuttleset_03_scene_0017 pair 9 [0, 10] combined 249856 players 58664 retained 256 seconds 3.982115868013352
shuttleset_03_scene_0017 pair 11 [0, 12] combined 72704 players 17510 retained 256 seconds 1.8894252269528806
shuttleset_03_scene_0017 pair 13 [0, 14] combined 26624 players 4566 retained 256 seconds 1.3148577250540257
shuttleset_03_scene_0017 pair 14 [0, 15] combined 5120 players 780 retained 256 seconds 1.0946875237859786
shuttleset_03_scene_0017 pair 15 [1, 0] combined 262144 players 68282 retained 256 seconds 4.258607232943177
shuttleset_03_scene_0017 pair 16 [1, 2] combined 262144 players 8258 retained 256 seconds 1.7523354403674603
shuttleset_03_scene_0017 pair 18 [1, 4] combined 262144 players 74572 retained 256 seconds 4.011374876834452
shuttleset_03_scene_0017 pair 21 [1, 7] combined 262144 players 61895 retained 256 seconds 3.422156429849565
shuttleset_03_scene_0017 pair 22 [1, 8] combined 63488 players 12028 retained 256 seconds 1.287781863939017
shuttleset_03_scene_0017 pair 25 [1, 11] combined 104448 players 11796 retained 256 seconds 1.305287848226726
shuttleset_03_scene_0017 pair 26 [1, 12] combined 95232 players 6950 retained 256 seconds 1.1180257089436054
shuttleset_03_scene_0017 pair 29 [1, 15] combined 37888 players 3548 retained 256 seconds 0.805731198284775
shuttleset_03_scene_0017 pair 30 [2, 0] combined 262144 players 82116 retained 256 seconds 4.353237990755588
shuttleset_03_scene_0017 pair 31 [2, 1] combined 262144 players 6394 retained 256 seconds 1.538453971967101
shuttleset_03_scene_0017 pair 33 [2, 4] combined 262144 players 73506 retained 256 seconds 3.603402256965637
shuttleset_03_scene_0017 pair 34 [2, 5] combined 262144 players 1002 retained 256 seconds 1.0488190143369138
shuttleset_03_scene_0017 pair 35 [2, 6] combined 262144 players 6686 retained 256 seconds 1.320565850008279
shuttleset_03_scene_0017 pair 39 [2, 10] combined 262144 players 6202 retained 256 seconds 1.2106686658225954
shuttleset_03_scene_0017 pair 42 [2, 13] combined 70656 players 16280 retained 256 seconds 0.9389665611088276
shuttleset_03_scene_0017 pair 45 [3, 0] combined 262144 players 58794 retained 256 seconds 3.6986527489498258
shuttleset_03_scene_0017 pair 48 [3, 4] combined 262144 players 61632 retained 256 seconds 3.353464680723846
shuttleset_03_scene_0017 pair 49 [3, 5] combined 262144 players 13146 retained 256 seconds 1.491070691961795
shuttleset_03_scene_0017 pair 50 [3, 6] combined 262144 players 2780 retained 256 seconds 1.199594521895051
shuttleset_03_scene_0017 pair 51 [3, 7] combined 262144 players 45980 retained 256 seconds 2.6400238680653274
shuttleset_03_scene_0017 pair 53 [3, 9] combined 91136 players 10450 retained 256 seconds 0.8954747640527785
shuttleset_03_scene_0017 pair 54 [3, 10] combined 262144 players 4362 retained 256 seconds 1.3219477091915905
shuttleset_03_scene_0017 pair 57 [3, 13] combined 81920 players 18542 retained 256 seconds 1.187767859082669
shuttleset_03_scene_0017 pair 61 [4, 1] combined 262144 players 72594 retained 256 seconds 3.975362570025027
shuttleset_03_scene_0017 pair 62 [4, 2] combined 262144 players 67562 retained 256 seconds 3.418396062217653
shuttleset_03_scene_0017 pair 63 [4, 3] combined 262144 players 71884 retained 256 seconds 3.795406763907522
shuttleset_03_scene_0017 pair 64 [4, 5] combined 262144 players 68784 retained 256 seconds 3.5213404870592058
shuttleset_03_scene_0017 pair 65 [4, 6] combined 262144 players 66156 retained 256 seconds 3.465439331717789
shuttleset_03_scene_0017 pair 66 [4, 7] combined 262144 players 7086 retained 256 seconds 1.3859522081911564
shuttleset_03_scene_0017 pair 68 [4, 9] combined 166912 players 10962 retained 256 seconds 1.2149341241456568
shuttleset_03_scene_0017 pair 69 [4, 10] combined 240640 players 55790 retained 256 seconds 3.130138359963894
shuttleset_03_scene_0017 pair 72 [4, 13] combined 110592 players 4750 retained 256 seconds 0.8642262793146074
shuttleset_03_scene_0017 pair 73 [4, 14] combined 25600 players 5226 retained 256 seconds 0.6339536462910473
shuttleset_03_scene_0017 pair 74 [4, 15] combined 8192 players 2208 retained 256 seconds 0.4840142847970128
shuttleset_03_scene_0017 pair 75 [5, 0] combined 262144 players 63174 retained 256 seconds 3.425471418071538
shuttleset_03_scene_0017 pair 77 [5, 2] combined 262144 players 8078 retained 256 seconds 1.3598092701286077
shuttleset_03_scene_0017 pair 78 [5, 3] combined 262144 players 5942 retained 256 seconds 1.2066289451904595
shuttleset_03_scene_0017 pair 79 [5, 4] combined 262144 players 75934 retained 256 seconds 3.5381779428571463
shuttleset_03_scene_0017 pair 82 [5, 8] combined 47104 players 2286 retained 256 seconds 0.36999980406835675
shuttleset_03_scene_0017 pair 85 [5, 11] combined 120832 players 13258 retained 256 seconds 0.9273184537887573
shuttleset_03_scene_0017 pair 86 [5, 12] combined 94208 players 1852 retained 256 seconds 0.597517472691834
shuttleset_03_scene_0017 pair 88 [5, 14] combined 71680 players 1334 retained 256 seconds 0.3871773690916598
shuttleset_03_scene_0017 pair 89 [5, 15] combined 25600 players 588 retained 256 seconds 0.223289854824543
shuttleset_03_scene_0017 pair 90 [6, 0] combined 262144 players 66226 retained 256 seconds 3.6843040250241756
shuttleset_03_scene_0017 pair 92 [6, 2] combined 262144 players 1830 retained 256 seconds 1.0973512581549585
shuttleset_03_scene_0017 pair 93 [6, 3] combined 262144 players 1272 retained 256 seconds 1.117317222058773
shuttleset_03_scene_0017 pair 94 [6, 4] combined 262144 players 71092 retained 256 seconds 3.5895674428902566
shuttleset_03_scene_0017 pair 96 [6, 7] combined 262144 players 54476 retained 256 seconds 2.834532517939806
shuttleset_03_scene_0017 pair 97 [6, 8] combined 65536 players 4676 retained 256 seconds 0.5328559027984738
shuttleset_03_scene_0017 pair 100 [6, 11] combined 109568 players 20884 retained 256 seconds 1.2902590767480433
shuttleset_03_scene_0017 pair 101 [6, 12] combined 99328 players 1348 retained 256 seconds 0.5153751848265529
shuttleset_03_scene_0017 pair 103 [6, 14] combined 36864 players 188 retained 94 seconds 0.27414610143750906
shuttleset_03_scene_0017 pair 104 [6, 15] combined 34816 players 672 retained 256 seconds 0.28145097801461816
shuttleset_03_scene_0017 pair 106 [7, 1] combined 262144 players 73034 retained 256 seconds 2.190769073087722
shuttleset_03_scene_0017 pair 108 [7, 3] combined 262144 players 64142 retained 256 seconds 1.9502060990780592
shuttleset_03_scene_0017 pair 109 [7, 4] combined 262144 players 1820 retained 256 seconds 0.6617055446840823
shuttleset_03_scene_0017 pair 111 [7, 6] combined 262144 players 65082 retained 256 seconds 1.7903595073148608
shuttleset_03_scene_0017 pair 112 [7, 8] combined 54272 players 7916 retained 256 seconds 0.3353781821206212
shuttleset_03_scene_0017 pair 114 [7, 10] combined 257024 players 63720 retained 256 seconds 1.8558949353173375
shuttleset_03_scene_0017 pair 115 [7, 11] combined 262144 players 12844 retained 256 seconds 0.7812822330743074
shuttleset_03_scene_0017 pair 116 [7, 12] combined 70656 players 21782 retained 256 seconds 0.6083968007005751
shuttleset_03_scene_0017 pair 121 [8, 1] combined 77824 players 17620 retained 256 seconds 0.7260517510585487
shuttleset_03_scene_0017 pair 125 [8, 5] combined 122880 players 4632 retained 256 seconds 0.35489817475900054
shuttleset_03_scene_0017 pair 126 [8, 6] combined 107520 players 8122 retained 256 seconds 0.41790747409686446
shuttleset_03_scene_0017 pair 127 [8, 7] combined 73728 players 19152 retained 256 seconds 0.5560573558323085
shuttleset_03_scene_0017 pair 128 [8, 9] combined 38916 players 496 retained 243 seconds 0.13015819573774934
shuttleset_03_scene_0017 pair 129 [8, 10] combined 36864 players 6652 retained 256 seconds 0.2621163623407483
shuttleset_03_scene_0017 pair 132 [8, 13] combined 18600 players 2710 retained 256 seconds 0.14419902442023158
shuttleset_03_scene_0017 pair 138 [9, 3] combined 146432 players 39842 retained 256 seconds 1.261218667961657
shuttleset_03_scene_0017 pair 139 [9, 4] combined 133120 players 2364 retained 256 seconds 0.43634365126490593
shuttleset_03_scene_0017 pair 143 [9, 8] combined 41760 players 10244 retained 256 seconds 0.3001382648944855
shuttleset_03_scene_0017 pair 145 [9, 11] combined 82656 players 2366 retained 256 seconds 0.23987986287102103
shuttleset_03_scene_0017 pair 146 [9, 12] combined 33480 players 9718 retained 256 seconds 0.2895832951180637
shuttleset_03_scene_0017 pair 148 [9, 14] combined 18876 players 1552 retained 256 seconds 0.11380907101556659
shuttleset_03_scene_0017 pair 150 [10, 0] combined 262144 players 59664 retained 256 seconds 2.0501868510618806
shuttleset_03_scene_0017 pair 152 [10, 2] combined 262144 players 5068 retained 256 seconds 0.6837221649475396
shuttleset_03_scene_0017 pair 153 [10, 3] combined 262144 players 2162 retained 256 seconds 0.6383934700861573
shuttleset_03_scene_0017 pair 154 [10, 4] combined 262144 players 58686 retained 256 seconds 1.940765542909503
shuttleset_03_scene_0017 pair 157 [10, 7] combined 262144 players 62080 retained 256 seconds 1.7341353930532932
shuttleset_03_scene_0017 pair 158 [10, 8] combined 69632 players 12466 retained 256 seconds 0.4249814171344042
shuttleset_03_scene_0017 pair 160 [10, 11] combined 105472 players 5102 retained 256 seconds 0.3582568597048521
shuttleset_03_scene_0017 pair 161 [10, 12] combined 91136 players 1800 retained 256 seconds 0.2656314726918936
shuttleset_03_scene_0017 pair 163 [10, 14] combined 31744 players 0 retained 0 seconds 0.10777131514623761
shuttleset_03_scene_0017 pair 164 [10, 15] combined 30720 players 188 retained 94 seconds 0.11756713315844536
shuttleset_03_scene_0017 pair 166 [11, 1] combined 172032 players 48408 retained 256 seconds 1.678123814985156
shuttleset_03_scene_0017 pair 170 [11, 5] combined 207872 players 14400 retained 256 seconds 0.6753629799932241
shuttleset_03_scene_0017 pair 171 [11, 6] combined 169984 players 51834 retained 256 seconds 1.3921552239917219
shuttleset_03_scene_0017 pair 172 [11, 7] combined 262144 players 6856 retained 256 seconds 0.6599862137809396
shuttleset_03_scene_0017 pair 174 [11, 9] combined 74460 players 442 retained 225 seconds 0.1789707369171083
shuttleset_03_scene_0017 pair 175 [11, 10] combined 171008 players 42740 retained 256 seconds 1.204900675918907
shuttleset_03_scene_0017 pair 177 [11, 13] combined 67392 players 790 retained 256 seconds 0.19561226991936564
shuttleset_03_scene_0017 pair 180 [12, 0] combined 126976 players 28788 retained 256 seconds 1.201718068215996
shuttleset_03_scene_0017 pair 181 [12, 1] combined 132096 players 3768 retained 256 seconds 0.5468625039793551
shuttleset_03_scene_0017 pair 185 [12, 5] combined 160768 players 608 retained 256 seconds 0.5002953852526844
shuttleset_03_scene_0017 pair 186 [12, 6] combined 94208 players 1750 retained 256 seconds 0.276602981146425
shuttleset_03_scene_0017 pair 187 [12, 7] combined 123904 players 26406 retained 256 seconds 0.7760990979149938
shuttleset_03_scene_0017 pair 189 [12, 9] combined 37740 players 5062 retained 256 seconds 0.22032522410154343
shuttleset_03_scene_0017 pair 190 [12, 10] combined 131072 players 3022 retained 256 seconds 0.34619760187342763
shuttleset_03_scene_0017 pair 192 [12, 13] combined 38064 players 9912 retained 256 seconds 0.3053849977441132
shuttleset_03_scene_0017 pair 197 [13, 2] combined 120832 players 39362 retained 256 seconds 1.0516255940310657
shuttleset_03_scene_0017 pair 198 [13, 3] combined 130048 players 45670 retained 256 seconds 1.260776296723634
shuttleset_03_scene_0017 pair 199 [13, 4] combined 83968 players 2774 retained 256 seconds 0.3614079589024186
shuttleset_03_scene_0017 pair 203 [13, 8] combined 28304 players 4660 retained 256 seconds 0.2049188232049346
shuttleset_03_scene_0017 pair 206 [13, 11] combined 94248 players 2790 retained 256 seconds 0.264274129178375
shuttleset_03_scene_0017 pair 207 [13, 12] combined 30208 players 10442 retained 256 seconds 0.4932717876508832
shuttleset_03_scene_0017 pair 208 [13, 14] combined 14640 players 3284 retained 256 seconds 0.14150596782565117
shuttleset_03_scene_0017 pair 210 [14, 0] combined 31744 players 7888 retained 256 seconds 0.6398565541021526
shuttleset_03_scene_0017 pair 214 [14, 4] combined 39936 players 11984 retained 256 seconds 0.44899502815678716
shuttleset_03_scene_0017 pair 215 [14, 5] combined 30720 players 42 retained 21 seconds 0.10851910011842847
shuttleset_03_scene_0017 pair 216 [14, 6] combined 39936 players 176 retained 90 seconds 0.13988093612715602
shuttleset_03_scene_0017 pair 219 [14, 9] combined 13172 players 530 retained 255 seconds 0.07745355274528265
shuttleset_03_scene_0017 pair 220 [14, 10] combined 38912 players 28 retained 14 seconds 0.11470068013295531
shuttleset_03_scene_0017 pair 223 [14, 13] combined 10880 players 2142 retained 256 seconds 0.1122950459830463
shuttleset_03_scene_0017 pair 225 [15, 0] combined 8192 players 2446 retained 256 seconds 0.5165041941218078
shuttleset_03_scene_0017 pair 226 [15, 1] combined 13312 players 0 retained 0 seconds 0.24818077497184277
shuttleset_03_scene_0017 pair 229 [15, 4] combined 3072 players 910 retained 256 seconds 0.18099919706583023
shuttleset_03_scene_0017 pair 230 [15, 5] combined 6144 players 2 retained 2 seconds 0.06238060025498271
shuttleset_03_scene_0017 pair 231 [15, 6] combined 16384 players 56 retained 28 seconds 0.09285455569624901
shuttleset_03_scene_0017 pair 235 [15, 10] combined 17408 players 0 retained 0 seconds 0.06406067684292793
shuttleset_03_scene_0017 pair 0 [0, 1] combined 262144 players 62446 retained 256 seconds 2.116829688195139
shuttleset_03_scene_0017 pair 1 [0, 2] combined 123904 players 31930 retained 256 seconds 1.2555422261357307
shuttleset_03_scene_0017 pair 2 [0, 3] combined 262144 players 60676 retained 256 seconds 2.2630161438137293
shuttleset_03_scene_0017 pair 4 [0, 5] combined 24576 players 4072 retained 256 seconds 0.567001337185502
shuttleset_03_scene_0017 pair 5 [0, 6] combined 93184 players 22138 retained 256 seconds 1.0330769126303494
shuttleset_03_scene_0017 pair 9 [0, 10] combined 104448 players 20632 retained 256 seconds 0.9947795500047505
shuttleset_03_scene_0017 pair 11 [0, 12] combined 6144 players 1522 retained 256 seconds 0.46377269783988595
shuttleset_03_scene_0017 pair 13 [0, 14] combined 3072 players 900 retained 256 seconds 0.4496995350345969
shuttleset_03_scene_0017 pair 14 [0, 15] combined 0 players 0 retained 0 seconds 0.4219060302712023
shuttleset_03_scene_0017 pair 15 [1, 0] combined 262144 players 65788 retained 256 seconds 2.0505593325942755
shuttleset_03_scene_0017 pair 16 [1, 2] combined 205824 players 11726 retained 256 seconds 0.6702051348984241
shuttleset_03_scene_0017 pair 18 [1, 4] combined 262144 players 59190 retained 256 seconds 1.9594607669860125
shuttleset_03_scene_0017 pair 21 [1, 7] combined 100352 players 19386 retained 256 seconds 0.6633223490789533
shuttleset_03_scene_0017 pair 22 [1, 8] combined 14336 players 1596 retained 256 seconds 0.16131784906610847
shuttleset_03_scene_0017 pair 25 [1, 11] combined 69632 players 3242 retained 256 seconds 0.2760736192576587
shuttleset_03_scene_0017 pair 26 [1, 12] combined 11264 players 1096 retained 256 seconds 0.1404087240807712
shuttleset_03_scene_0017 pair 29 [1, 15] combined 0 players 0 retained 0 seconds 0.07124088518321514
shuttleset_03_scene_0017 pair 30 [2, 0] combined 178176 players 52266 retained 256 seconds 1.5897726551629603
shuttleset_03_scene_0017 pair 31 [2, 1] combined 203776 players 6194 retained 256 seconds 0.5541929649189115
shuttleset_03_scene_0017 pair 33 [2, 4] combined 187392 players 39512 retained 256 seconds 1.1313537848182023
shuttleset_03_scene_0017 pair 34 [2, 5] combined 27540 players 368 retained 188 seconds 0.10949651803821325
shuttleset_03_scene_0017 pair 35 [2, 6] combined 197152 players 5670 retained 256 seconds 0.5068247891031206
shuttleset_03_scene_0017 pair 39 [2, 10] combined 123500 players 1810 retained 256 seconds 0.3004633248783648
shuttleset_03_scene_0017 pair 42 [2, 13] combined 34028 players 8322 retained 256 seconds 0.28433027071878314
shuttleset_03_scene_0017 pair 45 [3, 0] combined 262144 players 66192 retained 256 seconds 2.312297801952809
shuttleset_03_scene_0017 pair 48 [3, 4] combined 262144 players 57494 retained 256 seconds 1.678461754694581
shuttleset_03_scene_0017 pair 49 [3, 5] combined 52224 players 3102 retained 256 seconds 0.26335006998851895
shuttleset_03_scene_0017 pair 50 [3, 6] combined 188416 players 2204 retained 256 seconds 0.4526261119171977
shuttleset_03_scene_0017 pair 51 [3, 7] combined 98304 players 15626 retained 256 seconds 0.6120009096339345
shuttleset_03_scene_0017 pair 53 [3, 9] combined 12288 players 2586 retained 256 seconds 0.18471324117854238
shuttleset_03_scene_0017 pair 54 [3, 10] combined 191488 players 1948 retained 256 seconds 0.4577956669963896
shuttleset_03_scene_0017 pair 57 [3, 13] combined 58368 players 14690 retained 256 seconds 0.49661011015996337
shuttleset_03_scene_0017 pair 61 [4, 1] combined 262144 players 62462 retained 256 seconds 1.791164482012391
shuttleset_03_scene_0017 pair 62 [4, 2] combined 122880 players 22386 retained 256 seconds 0.9956775456666946
shuttleset_03_scene_0017 pair 63 [4, 3] combined 262144 players 62040 retained 256 seconds 1.8309443169273436
shuttleset_03_scene_0017 pair 64 [4, 5] combined 28672 players 6366 retained 256 seconds 0.27247000811621547
shuttleset_03_scene_0017 pair 65 [4, 6] combined 92160 players 20212 retained 256 seconds 0.63754639076069
shuttleset_03_scene_0017 pair 66 [4, 7] combined 149504 players 3592 retained 256 seconds 0.4141067327000201
shuttleset_03_scene_0017 pair 68 [4, 9] combined 27648 players 1110 retained 256 seconds 0.14702605782076716
shuttleset_03_scene_0017 pair 69 [4, 10] combined 102400 players 16292 retained 256 seconds 0.5974327498115599
shuttleset_03_scene_0017 pair 72 [4, 13] combined 73728 players 2274 retained 256 seconds 0.2543880334123969
shuttleset_03_scene_0017 pair 73 [4, 14] combined 0 players 0 retained 0 seconds 0.05715212505310774
shuttleset_03_scene_0017 pair 74 [4, 15] combined 0 players 0 retained 0 seconds 0.053636956959962845
shuttleset_03_scene_0017 pair 75 [5, 0] combined 30720 players 8954 retained 256 seconds 0.5087819369509816
shuttleset_03_scene_0017 pair 77 [5, 2] combined 31408 players 690 retained 256 seconds 0.12451783800497651
shuttleset_03_scene_0017 pair 78 [5, 3] combined 37888 players 686 retained 256 seconds 0.1620851932093501
shuttleset_03_scene_0017 pair 79 [5, 4] combined 26624 players 7588 retained 256 seconds 0.2602558499202132
shuttleset_03_scene_0017 pair 82 [5, 8] combined 1776 players 226 retained 113 seconds 0.03831037878990173
shuttleset_03_scene_0017 pair 85 [5, 11] combined 8736 players 1496 retained 256 seconds 0.08502784930169582
shuttleset_03_scene_0017 pair 86 [5, 12] combined 2352 players 0 retained 0 seconds 0.018618076108396053
shuttleset_03_scene_0017 pair 88 [5, 14] combined 620 players 0 retained 0 seconds 0.013956931885331869
shuttleset_03_scene_0017 pair 89 [5, 15] combined 0 players 0 retained 0 seconds 0.010794844944030046
shuttleset_03_scene_0017 pair 90 [6, 0] combined 177152 players 46160 retained 256 seconds 1.4783066799864173
shuttleset_03_scene_0017 pair 92 [6, 2] combined 135720 players 1412 retained 256 seconds 0.3293603388592601
shuttleset_03_scene_0017 pair 93 [6, 3] combined 187392 players 2296 retained 256 seconds 0.4333627698943019
shuttleset_03_scene_0017 pair 94 [6, 4] combined 177152 players 40930 retained 256 seconds 1.4369925907813013
shuttleset_03_scene_0017 pair 96 [6, 7] combined 59004 players 11968 retained 256 seconds 0.3871284807100892
shuttleset_03_scene_0017 pair 97 [6, 8] combined 11520 players 648 retained 256 seconds 0.09016732731834054
shuttleset_03_scene_0017 pair 100 [6, 11] combined 37204 players 2794 retained 256 seconds 0.17752306768670678
shuttleset_03_scene_0017 pair 101 [6, 12] combined 7448 players 34 retained 18 seconds 0.05490380106493831
shuttleset_03_scene_0017 pair 103 [6, 14] combined 3140 players 0 retained 0 seconds 0.0358039909042418
shuttleset_03_scene_0017 pair 104 [6, 15] combined 0 players 0 retained 0 seconds 0.02579497080296278
shuttleset_03_scene_0017 pair 106 [7, 1] combined 137216 players 37004 retained 256 seconds 1.0508615751750767
shuttleset_03_scene_0017 pair 108 [7, 3] combined 131072 players 32834 retained 256 seconds 0.9470706018619239
shuttleset_03_scene_0017 pair 109 [7, 4] combined 153600 players 3228 retained 256 seconds 0.39379227301105857
shuttleset_03_scene_0017 pair 111 [7, 6] combined 46112 players 11700 retained 256 seconds 0.3663342511281371
shuttleset_03_scene_0017 pair 112 [7, 8] combined 7728 players 1348 retained 256 seconds 0.0890948181040585
shuttleset_03_scene_0017 pair 114 [7, 10] combined 52116 players 9096 retained 256 seconds 0.3090608650818467
shuttleset_03_scene_0017 pair 115 [7, 11] combined 79864 players 1744 retained 256 seconds 0.20668938802555203
shuttleset_03_scene_0017 pair 116 [7, 12] combined 3072 players 968 retained 256 seconds 0.06872425926849246
shuttleset_03_scene_0017 pair 121 [8, 1] combined 25600 players 3998 retained 256 seconds 0.19193597929552197
shuttleset_03_scene_0017 pair 125 [8, 5] combined 2904 players 256 retained 116 seconds 0.041381966322660446
shuttleset_03_scene_0017 pair 126 [8, 6] combined 12880 players 894 retained 256 seconds 0.08695454895496368
shuttleset_03_scene_0017 pair 127 [8, 7] combined 9776 players 2284 retained 256 seconds 0.10381246916949749
shuttleset_03_scene_0017 pair 128 [8, 9] combined 1280 players 16 retained 8 seconds 0.025836776942014694
shuttleset_03_scene_0017 pair 129 [8, 10] combined 6440 players 704 retained 256 seconds 0.07022897293791175
shuttleset_03_scene_0017 pair 132 [8, 13] combined 4416 players 720 retained 256 seconds 0.06485539535060525
shuttleset_03_scene_0017 pair 138 [9, 3] combined 23552 players 6002 retained 256 seconds 0.22987355291843414
shuttleset_03_scene_0017 pair 139 [9, 4] combined 36864 players 810 retained 256 seconds 0.14488635212183
shuttleset_03_scene_0017 pair 143 [9, 8] combined 1680 players 202 retained 102 seconds 0.030874459072947502
shuttleset_03_scene_0017 pair 145 [9, 11] combined 17712 players 106 retained 53 seconds 0.06436745915561914
shuttleset_03_scene_0017 pair 146 [9, 12] combined 600 players 170 retained 85 seconds 0.03391867969185114
shuttleset_03_scene_0017 pair 148 [9, 14] combined 368 players 16 retained 6 seconds 0.021654128096997738
shuttleset_03_scene_0017 pair 150 [10, 0] combined 172032 players 41736 retained 256 seconds 1.8546342998743057
shuttleset_03_scene_0017 pair 152 [10, 2] combined 130260 players 3252 retained 256 seconds 0.3621162767522037
shuttleset_03_scene_0017 pair 153 [10, 3] combined 169984 players 1810 retained 256 seconds 0.4129763972014189
shuttleset_03_scene_0017 pair 154 [10, 4] combined 165888 players 26930 retained 256 seconds 0.8869818309322
shuttleset_03_scene_0017 pair 157 [10, 7] combined 64680 players 9788 retained 256 seconds 0.3973668501712382
shuttleset_03_scene_0017 pair 158 [10, 8] combined 8684 players 1100 retained 256 seconds 0.11152627784758806
shuttleset_03_scene_0017 pair 160 [10, 11] combined 46760 players 1768 retained 256 seconds 0.20373293804004788
shuttleset_03_scene_0017 pair 161 [10, 12] combined 9196 players 294 retained 148 seconds 0.07790293684229255
shuttleset_03_scene_0017 pair 163 [10, 14] combined 1824 players 0 retained 0 seconds 0.030900918878614902
shuttleset_03_scene_0017 pair 164 [10, 15] combined 0 players 0 retained 0 seconds 0.02615509880706668
shuttleset_03_scene_0017 pair 166 [11, 1] combined 101376 players 20548 retained 256 seconds 1.0206950502470136
shuttleset_03_scene_0017 pair 170 [11, 5] combined 10560 players 1274 retained 256 seconds 0.15493960306048393
shuttleset_03_scene_0017 pair 171 [11, 6] combined 33660 players 8342 retained 256 seconds 0.45955890882760286
shuttleset_03_scene_0017 pair 172 [11, 7] combined 56144 players 60 retained 30 seconds 0.2359613748267293
shuttleset_03_scene_0017 pair 174 [11, 9] combined 18360 players 84 retained 42 seconds 0.11613128194585443
shuttleset_03_scene_0017 pair 175 [11, 10] combined 45384 players 7396 retained 256 seconds 0.4666346930898726
shuttleset_03_scene_0017 pair 177 [11, 13] combined 44520 players 358 retained 179 seconds 0.21609035274013877
shuttleset_03_scene_0017 pair 180 [12, 0] combined 12288 players 2768 retained 256 seconds 0.5541952420026064
shuttleset_03_scene_0017 pair 181 [12, 1] combined 14336 players 1080 retained 256 seconds 0.20149341830983758
shuttleset_03_scene_0017 pair 185 [12, 5] combined 1932 players 0 retained 0 seconds 0.025395600125193596
shuttleset_03_scene_0017 pair 186 [12, 6] combined 3388 players 44 retained 22 seconds 0.07034122291952372
shuttleset_03_scene_0017 pair 187 [12, 7] combined 4512 players 712 retained 256 seconds 0.11739287432283163
shuttleset_03_scene_0017 pair 189 [12, 9] combined 676 players 156 retained 78 seconds 0.05190467927604914
shuttleset_03_scene_0017 pair 190 [12, 10] combined 8960 players 184 retained 95 seconds 0.09426971804350615
shuttleset_03_scene_0017 pair 192 [12, 13] combined 2704 players 832 retained 256 seconds 0.11123619927093387
shuttleset_03_scene_0017 pair 197 [13, 2] combined 42828 players 15646 retained 256 seconds 0.7577434573322535
shuttleset_03_scene_0017 pair 198 [13, 3] combined 100352 players 37394 retained 256 seconds 1.3151940228417516
shuttleset_03_scene_0017 pair 199 [13, 4] combined 53248 players 2722 retained 256 seconds 0.22342521511018276
shuttleset_03_scene_0017 pair 203 [13, 8] combined 2880 players 50 retained 25 seconds 0.04255048604682088
shuttleset_03_scene_0017 pair 206 [13, 11] combined 44440 players 368 retained 184 seconds 0.16005344921723008
shuttleset_03_scene_0017 pair 207 [13, 12] combined 2848 players 1162 retained 256 seconds 0.08239553915336728
shuttleset_03_scene_0017 pair 208 [13, 14] combined 1128 players 348 retained 170 seconds 0.07171268295496702
shuttleset_03_scene_0017 pair 210 [14, 0] combined 4096 players 1384 retained 256 seconds 0.35400773119181395
shuttleset_03_scene_0017 pair 214 [14, 4] combined 3072 players 1014 retained 256 seconds 0.1038450337946415
shuttleset_03_scene_0017 pair 215 [14, 5] combined 296 players 0 retained 0 seconds 0.015400070697069168
shuttleset_03_scene_0017 pair 216 [14, 6] combined 5060 players 82 retained 41 seconds 0.05125042796134949
shuttleset_03_scene_0017 pair 219 [14, 9] combined 240 players 0 retained 0 seconds 0.009535694029182196
shuttleset_03_scene_0017 pair 220 [14, 10] combined 2568 players 0 retained 0 seconds 0.03154174378141761
shuttleset_03_scene_0017 pair 223 [14, 13] combined 1320 players 336 retained 162 seconds 0.051902680192142725
shuttleset_03_scene_0017 pair 225 [15, 0] combined 0 players 0 retained 0 seconds 0.2779861451126635
shuttleset_03_scene_0017 pair 226 [15, 1] combined 0 players 0 retained 0 seconds 0.04626154387369752
shuttleset_03_scene_0017 pair 229 [15, 4] combined 0 players 0 retained 0 seconds 0.034817080944776535
shuttleset_03_scene_0017 pair 230 [15, 5] combined 0 players 0 retained 0 seconds 0.009086967911571264
shuttleset_03_scene_0017 pair 231 [15, 6] combined 0 players 0 retained 0 seconds 0.017824561800807714
shuttleset_03_scene_0017 pair 235 [15, 10] combined 0 players 0 retained 0 seconds 0.015756074339151382
[shuttleset_03_scene_0017] line-template: preparing rectangles
[shuttleset_03_scene_0017] measuring 762 parents (G0=256, G1=256, line_template=256; conflicting geometry groups=0)
[shuttleset_03_scene_0017] parents 250/762
[shuttleset_03_scene_0017] parents 500/762
[shuttleset_03_scene_0017] parents 750/762
[shuttleset_03_scene_0017] refitting 762 parents
[shuttleset_03_scene_0017] refits 250/762; valid children=204
[shuttleset_03_scene_0017] refits 500/762; valid children=408
[shuttleset_03_scene_0017] refits 750/762; valid children=626
{"view_id": "shuttleset_03_scene_0017", "chosen_key": "G1:1:3856", "no_court_reason": null, "all_checks_equal": null, "error": null}
{"views": ["shuttleset_03_scene_0017"], "startup_seconds": 0.03071106504648924, "wall_seconds": 586.6980800270103, "peak_rss_mb": 1695.3515625, "failed": []}
