decoded /scratch/cmarti/issue103_ad8da4f/external/shuttleset-sources/21 An_Se_Young_Ratchanok_Intanon_YONEX_Thailand_Open_2021_QuarterFinals.mp4 to frame 85867 in 362s
shuttleset_21_scene_0039 pair 0 [0, 1] combined 262144 players 73688 retained 256 seconds 4.540145160164684
shuttleset_21_scene_0039 pair 1 [0, 2] combined 262144 players 84250 retained 256 seconds 4.842357391957194
shuttleset_21_scene_0039 pair 5 [0, 6] combined 43008 players 12858 retained 256 seconds 1.2497397949919105
shuttleset_21_scene_0039 pair 6 [0, 7] combined 243712 players 66158 retained 256 seconds 3.7770942957140505
shuttleset_21_scene_0039 pair 7 [0, 8] combined 124928 players 22760 retained 256 seconds 1.8254524637013674
shuttleset_21_scene_0039 pair 8 [0, 9] combined 65536 players 21100 retained 256 seconds 1.6063835369423032
shuttleset_21_scene_0039 pair 11 [0, 12] combined 94208 players 29542 retained 256 seconds 2.1111113391816616
shuttleset_21_scene_0039 pair 12 [0, 13] combined 36864 players 10336 retained 256 seconds 1.0052622435614467
shuttleset_21_scene_0039 pair 13 [0, 14] combined 0 players 0 retained 0 seconds 0.43015366420149803
shuttleset_21_scene_0039 pair 15 [1, 0] combined 262144 players 92374 retained 256 seconds 5.097900735680014
shuttleset_21_scene_0039 pair 16 [1, 2] combined 262144 players 1032 retained 256 seconds 1.2157789268530905
shuttleset_21_scene_0039 pair 17 [1, 3] combined 262144 players 117298 retained 256 seconds 6.079968996345997
shuttleset_21_scene_0039 pair 18 [1, 4] combined 262144 players 95514 retained 256 seconds 5.179218696895987
shuttleset_21_scene_0039 pair 20 [1, 6] combined 80896 players 224 retained 114 seconds 0.5587160009890795
shuttleset_21_scene_0039 pair 22 [1, 8] combined 62464 players 9162 retained 256 seconds 0.7861617519520223
shuttleset_21_scene_0039 pair 24 [1, 10] combined 262144 players 87378 retained 256 seconds 4.716553475242108
shuttleset_21_scene_0039 pair 25 [1, 11] combined 158720 players 67166 retained 256 seconds 3.598119494970888
shuttleset_21_scene_0039 pair 27 [1, 13] combined 31744 players 1412 retained 256 seconds 0.4110263893380761
shuttleset_21_scene_0039 pair 30 [2, 0] combined 262144 players 105804 retained 256 seconds 5.566815235186368
shuttleset_21_scene_0039 pair 31 [2, 1] combined 262144 players 12066 retained 256 seconds 1.5410071187652647
shuttleset_21_scene_0039 pair 32 [2, 3] combined 262144 players 116112 retained 256 seconds 5.656572645995766
shuttleset_21_scene_0039 pair 33 [2, 4] combined 262144 players 100044 retained 256 seconds 5.0130112008191645
shuttleset_21_scene_0039 pair 34 [2, 5] combined 37888 players 0 retained 0 seconds 0.21057281317189336
shuttleset_21_scene_0039 pair 38 [2, 9] combined 83968 players 1150 retained 256 seconds 0.42610732465982437
shuttleset_21_scene_0039 pair 41 [2, 12] combined 204800 players 3806 retained 256 seconds 0.9010709770955145
shuttleset_21_scene_0039 pair 43 [2, 14] combined 1024 players 0 retained 0 seconds 0.08128153812140226
shuttleset_21_scene_0039 pair 46 [3, 1] combined 262144 players 88712 retained 256 seconds 4.648483405821025
shuttleset_21_scene_0039 pair 47 [3, 2] combined 262144 players 101102 retained 256 seconds 5.123447400983423
shuttleset_21_scene_0039 pair 50 [3, 6] combined 40960 players 15746 retained 256 seconds 0.8745534201152623
shuttleset_21_scene_0039 pair 51 [3, 7] combined 262144 players 29750 retained 256 seconds 2.061929712072015
shuttleset_21_scene_0039 pair 52 [3, 8] combined 126976 players 7524 retained 256 seconds 0.8066618558950722
shuttleset_21_scene_0039 pair 53 [3, 9] combined 64512 players 24846 retained 256 seconds 1.420865273103118
shuttleset_21_scene_0039 pair 57 [3, 13] combined 48128 players 3258 retained 256 seconds 0.39415559684857726
shuttleset_21_scene_0039 pair 58 [3, 14] combined 1024 players 478 retained 239 seconds 0.13173010665923357
shuttleset_21_scene_0039 pair 61 [4, 1] combined 262144 players 90118 retained 256 seconds 4.811730585992336
shuttleset_21_scene_0039 pair 62 [4, 2] combined 262144 players 91464 retained 256 seconds 5.009782108012587
shuttleset_21_scene_0039 pair 64 [4, 5] combined 29696 players 7742 retained 256 seconds 0.5667924182489514
shuttleset_21_scene_0039 pair 65 [4, 6] combined 41984 players 16150 retained 256 seconds 0.9316943818703294
shuttleset_21_scene_0039 pair 69 [4, 10] combined 262144 players 11042 retained 256 seconds 1.3610041080974042
shuttleset_21_scene_0039 pair 70 [4, 11] combined 262144 players 46806 retained 256 seconds 2.7595110801048577
shuttleset_21_scene_0039 pair 71 [4, 12] combined 101376 players 38482 retained 256 seconds 2.1655347729101777
shuttleset_21_scene_0039 pair 74 [4, 15] combined 262144 players 36308 retained 256 seconds 2.3196636526845396
shuttleset_21_scene_0039 pair 77 [5, 2] combined 23552 players 106 retained 53 seconds 0.1668871957808733
shuttleset_21_scene_0039 pair 79 [5, 4] combined 22528 players 9112 retained 256 seconds 0.5380814750678837
shuttleset_21_scene_0039 pair 80 [5, 6] combined 4428 players 0 retained 0 seconds 0.03925267606973648
shuttleset_21_scene_0039 pair 82 [5, 8] combined 1692 players 98 retained 49 seconds 0.059825821314007044
shuttleset_21_scene_0039 pair 87 [5, 13] combined 328 players 98 retained 49 seconds 0.04582357918843627
shuttleset_21_scene_0039 pair 90 [6, 0] combined 66560 players 22124 retained 256 seconds 1.5348713868297637
shuttleset_21_scene_0039 pair 91 [6, 1] combined 27648 players 350 retained 176 seconds 0.27738162595778704
shuttleset_21_scene_0039 pair 93 [6, 3] combined 70656 players 27658 retained 256 seconds 1.4519736939109862
shuttleset_21_scene_0039 pair 94 [6, 4] combined 70656 players 24512 retained 256 seconds 1.3151840041391551
shuttleset_21_scene_0039 pair 95 [6, 5] combined 7696 players 6 retained 3 seconds 0.07160292100161314
shuttleset_21_scene_0039 pair 98 [6, 9] combined 36764 players 4 retained 2 seconds 0.16143881995230913
shuttleset_21_scene_0039 pair 101 [6, 12] combined 73260 players 640 retained 256 seconds 0.31941069290041924
shuttleset_21_scene_0039 pair 103 [6, 14] combined 0 players 0 retained 0 seconds 0.018579715862870216
shuttleset_21_scene_0039 pair 105 [7, 0] combined 159744 players 29162 retained 256 seconds 2.0884495628997684
shuttleset_21_scene_0039 pair 108 [7, 3] combined 178176 players 25502 retained 256 seconds 1.674646786879748
shuttleset_21_scene_0039 pair 114 [7, 10] combined 151552 players 7498 retained 256 seconds 0.8523998567834496
shuttleset_21_scene_0039 pair 115 [7, 11] combined 158340 players 3560 retained 256 seconds 0.694586134981364
shuttleset_21_scene_0039 pair 120 [8, 0] combined 72704 players 11206 retained 256 seconds 0.9956763749942183
shuttleset_21_scene_0039 pair 121 [8, 1] combined 64512 players 7514 retained 256 seconds 0.6808659010566771
shuttleset_21_scene_0039 pair 123 [8, 3] combined 165888 players 5254 retained 256 seconds 0.8019839921034873
shuttleset_21_scene_0039 pair 125 [8, 5] combined 12672 players 492 retained 246 seconds 0.13330312306061387
shuttleset_21_scene_0039 pair 128 [8, 9] combined 26520 players 4974 retained 256 seconds 0.47996845794841647
shuttleset_21_scene_0039 pair 129 [8, 10] combined 164864 players 11374 retained 256 seconds 1.0134096071124077
shuttleset_21_scene_0039 pair 130 [8, 11] combined 89088 players 4136 retained 256 seconds 0.5025709760375321
shuttleset_21_scene_0039 pair 131 [8, 12] combined 77880 players 2876 retained 256 seconds 0.4354839129373431
shuttleset_21_scene_0039 pair 135 [9, 0] combined 100352 players 38938 retained 256 seconds 2.1632013549096882
shuttleset_21_scene_0039 pair 137 [9, 2] combined 110592 players 270 retained 136 seconds 0.4513170490972698
shuttleset_21_scene_0039 pair 138 [9, 3] combined 99328 players 43862 retained 256 seconds 2.312558286357671
shuttleset_21_scene_0039 pair 141 [9, 6] combined 36472 players 210 retained 105 seconds 0.18335257098078728
shuttleset_21_scene_0039 pair 143 [9, 8] combined 12760 players 1620 retained 256 seconds 0.1764588551595807
shuttleset_21_scene_0039 pair 144 [9, 10] combined 67584 players 20658 retained 256 seconds 1.1129757449962199
shuttleset_21_scene_0039 pair 145 [9, 11] combined 47360 players 5686 retained 256 seconds 0.45135216508060694
shuttleset_21_scene_0039 pair 147 [9, 13] combined 6324 players 486 retained 243 seconds 0.11085050785914063
shuttleset_21_scene_0039 pair 151 [10, 1] combined 262144 players 72440 retained 256 seconds 3.8732289322651923
shuttleset_21_scene_0039 pair 154 [10, 4] combined 262144 players 4368 retained 256 seconds 1.1430568397045135
shuttleset_21_scene_0039 pair 157 [10, 7] combined 201728 players 7328 retained 256 seconds 1.1586606418713927
shuttleset_21_scene_0039 pair 158 [10, 8] combined 124928 players 4590 retained 256 seconds 0.6766093079932034
shuttleset_21_scene_0039 pair 159 [10, 9] combined 67584 players 14452 retained 256 seconds 0.9035739698447287
shuttleset_21_scene_0039 pair 162 [10, 13] combined 48128 players 298 retained 149 seconds 0.253636977635324
shuttleset_21_scene_0039 pair 163 [10, 14] combined 0 players 0 retained 0 seconds 0.05823897384107113
shuttleset_21_scene_0039 pair 166 [11, 1] combined 220160 players 57744 retained 256 seconds 3.2326939473859966
shuttleset_21_scene_0039 pair 169 [11, 4] combined 119808 players 18358 retained 256 seconds 1.2089988691732287
shuttleset_21_scene_0039 pair 172 [11, 7] combined 106920 players 1628 retained 256 seconds 0.6331340502947569
shuttleset_21_scene_0039 pair 173 [11, 8] combined 25112 players 1442 retained 256 seconds 0.21318123769015074
shuttleset_21_scene_0039 pair 174 [11, 9] combined 55776 players 9990 retained 256 seconds 0.6556671978905797
shuttleset_21_scene_0039 pair 176 [11, 12] combined 144628 players 44864 retained 256 seconds 2.4244346949271858
shuttleset_21_scene_0039 pair 177 [11, 13] combined 22880 players 1378 retained 256 seconds 0.2057816181331873
shuttleset_21_scene_0039 pair 178 [11, 14] combined 1184 players 0 retained 0 seconds 0.03336064424365759
shuttleset_21_scene_0039 pair 180 [12, 0] combined 167936 players 65976 retained 256 seconds 3.4628865718841553
shuttleset_21_scene_0039 pair 182 [12, 2] combined 262144 players 5418 retained 256 seconds 1.3383865193463862
shuttleset_21_scene_0039 pair 184 [12, 4] combined 169984 players 70600 retained 256 seconds 3.5326140099205077
shuttleset_21_scene_0039 pair 186 [12, 6] combined 79872 players 516 retained 256 seconds 0.36748554883524776
shuttleset_21_scene_0039 pair 188 [12, 8] combined 83616 players 10010 retained 256 seconds 0.7313168589025736
shuttleset_21_scene_0039 pair 191 [12, 11] combined 137984 players 33736 retained 256 seconds 1.5336253577843308
shuttleset_21_scene_0039 pair 192 [12, 13] combined 26880 players 2646 retained 256 seconds 0.16906748339533806
shuttleset_21_scene_0039 pair 195 [13, 0] combined 30720 players 1398 retained 256 seconds 0.3014129097573459
shuttleset_21_scene_0039 pair 196 [13, 1] combined 36864 players 1398 retained 256 seconds 0.21610689396038651
shuttleset_21_scene_0039 pair 198 [13, 3] combined 63488 players 1504 retained 256 seconds 0.20624615205451846
shuttleset_21_scene_0039 pair 200 [13, 5] combined 3500 players 248 retained 124 seconds 0.04153719125315547
shuttleset_21_scene_0039 pair 204 [13, 9] combined 23120 players 1260 retained 256 seconds 0.2416699891909957
shuttleset_21_scene_0039 pair 205 [13, 10] combined 64512 players 780 retained 256 seconds 0.19037965405732393
shuttleset_21_scene_0039 pair 206 [13, 11] combined 76096 players 3056 retained 256 seconds 0.2512389300391078
shuttleset_21_scene_0039 pair 207 [13, 12] combined 18228 players 1140 retained 256 seconds 0.11379341222345829
shuttleset_21_scene_0039 pair 210 [14, 0] combined 0 players 0 retained 0 seconds 0.19678341783583164
shuttleset_21_scene_0039 pair 212 [14, 2] combined 0 players 0 retained 0 seconds 0.03283413918688893
shuttleset_21_scene_0039 pair 213 [14, 3] combined 0 players 0 retained 0 seconds 0.030870642978698015
shuttleset_21_scene_0039 pair 216 [14, 6] combined 0 players 0 retained 0 seconds 0.00845536170527339
shuttleset_21_scene_0039 pair 220 [14, 10] combined 0 players 0 retained 0 seconds 0.027833287604153156
shuttleset_21_scene_0039 pair 221 [14, 11] combined 600 players 0 retained 0 seconds 0.014810445252805948
shuttleset_21_scene_0039 pair 229 [15, 4] combined 253952 players 31100 retained 256 seconds 1.2613974008709192
shuttleset_21_scene_0039 pair 0 [0, 1] combined 84992 players 18978 retained 256 seconds 0.711613432969898
shuttleset_21_scene_0039 pair 1 [0, 2] combined 48128 players 13260 retained 256 seconds 0.5094733950681984
shuttleset_21_scene_0039 pair 5 [0, 6] combined 5120 players 1878 retained 256 seconds 0.1574486317113042
shuttleset_21_scene_0039 pair 6 [0, 7] combined 0 players 0 retained 0 seconds 0.07171233091503382
shuttleset_21_scene_0039 pair 7 [0, 8] combined 4096 players 966 retained 256 seconds 0.122282809112221
shuttleset_21_scene_0039 pair 8 [0, 9] combined 0 players 0 retained 0 seconds 0.07138144597411156
shuttleset_21_scene_0039 pair 11 [0, 12] combined 2048 players 572 retained 230 seconds 0.11563619319349527
shuttleset_21_scene_0039 pair 12 [0, 13] combined 0 players 0 retained 0 seconds 0.06391567597165704
shuttleset_21_scene_0039 pair 13 [0, 14] combined 0 players 0 retained 0 seconds 0.06430681003257632
shuttleset_21_scene_0039 pair 15 [1, 0] combined 107520 players 32272 retained 256 seconds 1.2176776849664748
shuttleset_21_scene_0039 pair 16 [1, 2] combined 28776 players 0 retained 0 seconds 0.07453225692734122
shuttleset_21_scene_0039 pair 17 [1, 3] combined 7632 players 3432 retained 256 seconds 0.14098678575828671
shuttleset_21_scene_0039 pair 18 [1, 4] combined 26400 players 11550 retained 256 seconds 0.35389715200290084
shuttleset_21_scene_0039 pair 20 [1, 6] combined 664 players 0 retained 0 seconds 0.01750080194324255
shuttleset_21_scene_0039 pair 22 [1, 8] combined 0 players 0 retained 0 seconds 0.018390828743577003
shuttleset_21_scene_0039 pair 24 [1, 10] combined 18984 players 6264 retained 256 seconds 0.22012100787833333
shuttleset_21_scene_0039 pair 25 [1, 11] combined 9880 players 4488 retained 256 seconds 0.168161831330508
shuttleset_21_scene_0039 pair 27 [1, 13] combined 1952 players 20 retained 10 seconds 0.03582407720386982
shuttleset_21_scene_0039 pair 30 [2, 0] combined 50176 players 16982 retained 256 seconds 0.556880041025579
shuttleset_21_scene_0039 pair 31 [2, 1] combined 28200 players 612 retained 256 seconds 0.11510794702917337
shuttleset_21_scene_0039 pair 32 [2, 3] combined 4860 players 2356 retained 256 seconds 0.10717488033697009
shuttleset_21_scene_0039 pair 33 [2, 4] combined 10332 players 4760 retained 256 seconds 0.17727766698226333
shuttleset_21_scene_0039 pair 34 [2, 5] combined 792 players 0 retained 0 seconds 0.015522059053182602
shuttleset_21_scene_0039 pair 38 [2, 9] combined 0 players 0 retained 0 seconds 0.010999084915965796
shuttleset_21_scene_0039 pair 41 [2, 12] combined 720 players 12 retained 6 seconds 0.027066757902503014
shuttleset_21_scene_0039 pair 43 [2, 14] combined 0 players 0 retained 0 seconds 0.011827710084617138
shuttleset_21_scene_0039 pair 46 [3, 1] combined 14448 players 4170 retained 256 seconds 0.16817889409139752
shuttleset_21_scene_0039 pair 47 [3, 2] combined 9180 players 3360 retained 256 seconds 0.1387971923686564
shuttleset_21_scene_0039 pair 50 [3, 6] combined 624 players 304 retained 148 seconds 0.03754300810396671
shuttleset_21_scene_0039 pair 51 [3, 7] combined 0 players 0 retained 0 seconds 0.007733918260782957
shuttleset_21_scene_0039 pair 52 [3, 8] combined 304 players 2 retained 1 seconds 0.022370507940649986
shuttleset_21_scene_0039 pair 53 [3, 9] combined 0 players 0 retained 0 seconds 0.008359337691217661
shuttleset_21_scene_0039 pair 57 [3, 13] combined 912 players 6 retained 3 seconds 0.023266766220331192
shuttleset_21_scene_0039 pair 58 [3, 14] combined 0 players 0 retained 0 seconds 0.0071708583272993565
shuttleset_21_scene_0039 pair 61 [4, 1] combined 28864 players 8550 retained 256 seconds 0.30353372683748603
shuttleset_21_scene_0039 pair 62 [4, 2] combined 13760 players 4734 retained 256 seconds 0.18256614496931434
shuttleset_21_scene_0039 pair 64 [4, 5] combined 1840 players 110 retained 55 seconds 0.03517488809302449
shuttleset_21_scene_0039 pair 65 [4, 6] combined 1620 players 760 retained 256 seconds 0.06327893026173115
shuttleset_21_scene_0039 pair 69 [4, 10] combined 24576 players 2612 retained 256 seconds 0.14455451304093003
shuttleset_21_scene_0039 pair 70 [4, 11] combined 7564 players 1038 retained 256 seconds 0.08003999385982752
shuttleset_21_scene_0039 pair 71 [4, 12] combined 656 players 132 retained 66 seconds 0.03306312998756766
shuttleset_21_scene_0039 pair 74 [4, 15] combined 0 players 0 retained 0 seconds 0.011791687924414873
shuttleset_21_scene_0039 pair 77 [5, 2] combined 244 players 8 retained 4 seconds 0.023502114694565535
shuttleset_21_scene_0039 pair 79 [5, 4] combined 1560 players 644 retained 256 seconds 0.0574237029068172
shuttleset_21_scene_0039 pair 80 [5, 6] combined 0 players 0 retained 0 seconds 0.004559926223009825
shuttleset_21_scene_0039 pair 82 [5, 8] combined 0 players 0 retained 0 seconds 0.00554558914154768
shuttleset_21_scene_0039 pair 87 [5, 13] combined 0 players 0 retained 0 seconds 0.0041905599646270275
shuttleset_21_scene_0039 pair 90 [6, 0] combined 6144 players 1660 retained 256 seconds 0.1265384149737656
shuttleset_21_scene_0039 pair 91 [6, 1] combined 0 players 0 retained 0 seconds 0.01228425931185484
shuttleset_21_scene_0039 pair 93 [6, 3] combined 624 players 266 retained 133 seconds 0.03287301491945982
shuttleset_21_scene_0039 pair 94 [6, 4] combined 1988 players 644 retained 256 seconds 0.05647018225863576
shuttleset_21_scene_0039 pair 95 [6, 5] combined 0 players 0 retained 0 seconds 0.004574148915708065
shuttleset_21_scene_0039 pair 98 [6, 9] combined 0 players 0 retained 0 seconds 0.0029090349562466145
shuttleset_21_scene_0039 pair 101 [6, 12] combined 96 players 0 retained 0 seconds 0.004538614768534899
shuttleset_21_scene_0039 pair 103 [6, 14] combined 0 players 0 retained 0 seconds 0.0029937876388430595
shuttleset_21_scene_0039 pair 105 [7, 0] combined 0 players 0 retained 0 seconds 0.04608666803687811
shuttleset_21_scene_0039 pair 108 [7, 3] combined 0 players 0 retained 0 seconds 0.0062392037361860275
shuttleset_21_scene_0039 pair 114 [7, 10] combined 0 players 0 retained 0 seconds 0.0060301898047327995
shuttleset_21_scene_0039 pair 115 [7, 11] combined 0 players 0 retained 0 seconds 0.004678067285567522
shuttleset_21_scene_0039 pair 120 [8, 0] combined 2048 players 220 retained 102 seconds 0.0708377962000668
shuttleset_21_scene_0039 pair 121 [8, 1] combined 0 players 0 retained 0 seconds 0.012161098886281252
shuttleset_21_scene_0039 pair 123 [8, 3] combined 640 players 6 retained 3 seconds 0.021575231105089188
shuttleset_21_scene_0039 pair 125 [8, 5] combined 144 players 0 retained 0 seconds 0.006755248177796602
shuttleset_21_scene_0039 pair 128 [8, 9] combined 0 players 0 retained 0 seconds 0.003152351826429367
shuttleset_21_scene_0039 pair 129 [8, 10] combined 488 players 0 retained 0 seconds 0.009264087304472923
shuttleset_21_scene_0039 pair 130 [8, 11] combined 176 players 0 retained 0 seconds 0.006137548014521599
shuttleset_21_scene_0039 pair 131 [8, 12] combined 100 players 0 retained 0 seconds 0.005126260221004486
shuttleset_21_scene_0039 pair 135 [9, 0] combined 0 players 0 retained 0 seconds 0.04482576297596097
shuttleset_21_scene_0039 pair 137 [9, 2] combined 0 players 0 retained 0 seconds 0.008059896994382143
shuttleset_21_scene_0039 pair 138 [9, 3] combined 0 players 0 retained 0 seconds 0.005687542725354433
shuttleset_21_scene_0039 pair 141 [9, 6] combined 0 players 0 retained 0 seconds 0.0028551570139825344
shuttleset_21_scene_0039 pair 143 [9, 8] combined 0 players 0 retained 0 seconds 0.002751518040895462
shuttleset_21_scene_0039 pair 144 [9, 10] combined 0 players 0 retained 0 seconds 0.006416608579456806
shuttleset_21_scene_0039 pair 145 [9, 11] combined 0 players 0 retained 0 seconds 0.004776164889335632
shuttleset_21_scene_0039 pair 147 [9, 13] combined 0 players 0 retained 0 seconds 0.0021555940620601177
shuttleset_21_scene_0039 pair 151 [10, 1] combined 19968 players 4264 retained 256 seconds 0.18241591565310955
shuttleset_21_scene_0039 pair 154 [10, 4] combined 20984 players 822 retained 256 seconds 0.0993569022975862
shuttleset_21_scene_0039 pair 157 [10, 7] combined 0 players 0 retained 0 seconds 0.008324647787958384
shuttleset_21_scene_0039 pair 158 [10, 8] combined 588 players 0 retained 0 seconds 0.010779063683003187
shuttleset_21_scene_0039 pair 159 [10, 9] combined 0 players 0 retained 0 seconds 0.009137317072600126
shuttleset_21_scene_0039 pair 162 [10, 13] combined 980 players 0 retained 0 seconds 0.010775326285511255
shuttleset_21_scene_0039 pair 163 [10, 14] combined 0 players 0 retained 0 seconds 0.008302992209792137
shuttleset_21_scene_0039 pair 166 [11, 1] combined 11448 players 3698 retained 256 seconds 0.36303651006892323
shuttleset_21_scene_0039 pair 169 [11, 4] combined 2184 players 244 retained 122 seconds 0.04122325358912349
shuttleset_21_scene_0039 pair 172 [11, 7] combined 0 players 0 retained 0 seconds 0.0062919738702476025
shuttleset_21_scene_0039 pair 173 [11, 8] combined 0 players 0 retained 0 seconds 0.006550997961312532
shuttleset_21_scene_0039 pair 174 [11, 9] combined 0 players 0 retained 0 seconds 0.006752755027264357
shuttleset_21_scene_0039 pair 176 [11, 12] combined 176 players 88 retained 44 seconds 0.02448785910382867
shuttleset_21_scene_0039 pair 177 [11, 13] combined 0 players 0 retained 0 seconds 0.006483263801783323
shuttleset_21_scene_0039 pair 178 [11, 14] combined 0 players 0 retained 0 seconds 0.006427734158933163
shuttleset_21_scene_0039 pair 180 [12, 0] combined 3072 players 980 retained 256 seconds 0.10983345611020923
shuttleset_21_scene_0039 pair 182 [12, 2] combined 1704 players 6 retained 3 seconds 0.027035789098590612
shuttleset_21_scene_0039 pair 184 [12, 4] combined 992 players 406 retained 203 seconds 0.04654385382309556
shuttleset_21_scene_0039 pair 186 [12, 6] combined 64 players 0 retained 0 seconds 0.005400483030825853
shuttleset_21_scene_0039 pair 188 [12, 8] combined 64 players 8 retained 4 seconds 0.018103718757629395
shuttleset_21_scene_0039 pair 191 [12, 11] combined 320 players 138 retained 69 seconds 0.026441251393407583
shuttleset_21_scene_0039 pair 192 [12, 13] combined 48 players 6 retained 3 seconds 0.017152281943708658
shuttleset_21_scene_0039 pair 195 [13, 0] combined 0 players 0 retained 0 seconds 0.04448301298543811
shuttleset_21_scene_0039 pair 196 [13, 1] combined 3108 players 18 retained 9 seconds 0.030555678997188807
shuttleset_21_scene_0039 pair 198 [13, 3] combined 1024 players 6 retained 3 seconds 0.021237535402178764
shuttleset_21_scene_0039 pair 200 [13, 5] combined 28 players 0 retained 0 seconds 0.004033946897834539
shuttleset_21_scene_0039 pair 204 [13, 9] combined 0 players 0 retained 0 seconds 0.0025117220357060432
shuttleset_21_scene_0039 pair 205 [13, 10] combined 1984 players 0 retained 0 seconds 0.01073273504152894
shuttleset_21_scene_0039 pair 206 [13, 11] combined 0 players 0 retained 0 seconds 0.005040524061769247
shuttleset_21_scene_0039 pair 207 [13, 12] combined 96 players 0 retained 0 seconds 0.004115143790841103
shuttleset_21_scene_0039 pair 210 [14, 0] combined 0 players 0 retained 0 seconds 0.047139870934188366
shuttleset_21_scene_0039 pair 212 [14, 2] combined 0 players 0 retained 0 seconds 0.008415943942964077
shuttleset_21_scene_0039 pair 213 [14, 3] combined 0 players 0 retained 0 seconds 0.005727112293243408
shuttleset_21_scene_0039 pair 216 [14, 6] combined 0 players 0 retained 0 seconds 0.0025352099910378456
shuttleset_21_scene_0039 pair 220 [14, 10] combined 0 players 0 retained 0 seconds 0.006040432956069708
shuttleset_21_scene_0039 pair 221 [14, 11] combined 0 players 0 retained 0 seconds 0.004795149900019169
shuttleset_21_scene_0039 pair 229 [15, 4] combined 0 players 0 retained 0 seconds 0.009771030861884356
[shuttleset_21_scene_0039] line-template: preparing rectangles
[shuttleset_21_scene_0039] measuring 750 parents (G0=256, G1=256, line_template=256; conflicting geometry groups=0)
[shuttleset_21_scene_0039] parents 250/750
[shuttleset_21_scene_0039] parents 500/750
[shuttleset_21_scene_0039] parents 750/750
[shuttleset_21_scene_0039] refitting 750 parents
[shuttleset_21_scene_0039] refits 250/750; valid children=240
[shuttleset_21_scene_0039] refits 500/750; valid children=483
[shuttleset_21_scene_0039] refits 750/750; valid children=712
{"view_id": "shuttleset_21_scene_0039", "chosen_key": "G1:1:1480/child", "no_court_reason": null, "all_checks_equal": null, "error": null}
{"views": ["shuttleset_21_scene_0039"], "startup_seconds": 0.021502734627574682, "wall_seconds": 610.9369985177182, "peak_rss_mb": 1316.19921875, "failed": []}
