decoded /scratch/cmarti/issue103_ad8da4f/external/shuttleset-sources/3 Kento_MOMOTA_CHOU_Tien_Chen_KOREA_OPEN_2019_Final.mp4 to frame 67712 in 344s
shuttleset_03_scene_0034 pair 0 [0, 1] combined 262144 players 55874 retained 256 seconds 2.458351294975728
shuttleset_03_scene_0034 pair 1 [0, 2] combined 262144 players 49498 retained 256 seconds 2.216261450201273
shuttleset_03_scene_0034 pair 2 [0, 3] combined 262144 players 66236 retained 256 seconds 2.580597606021911
shuttleset_03_scene_0034 pair 4 [0, 5] combined 103424 players 23670 retained 256 seconds 1.8269998389296234
shuttleset_03_scene_0034 pair 5 [0, 6] combined 262144 players 60294 retained 256 seconds 3.6580005739815533
shuttleset_03_scene_0034 pair 8 [0, 9] combined 262144 players 54861 retained 256 seconds 3.533724508713931
shuttleset_03_scene_0034 pair 10 [0, 11] combined 223232 players 24258 retained 256 seconds 2.4101023632101715
shuttleset_03_scene_0034 pair 11 [0, 12] combined 226304 players 30840 retained 256 seconds 2.61220765998587
shuttleset_03_scene_0034 pair 12 [0, 13] combined 262144 players 60092 retained 256 seconds 3.713562827091664
shuttleset_03_scene_0034 pair 13 [0, 14] combined 240640 players 40356 retained 256 seconds 2.9688271288760006
shuttleset_03_scene_0034 pair 14 [0, 15] combined 5120 players 1022 retained 256 seconds 1.0082499864511192
shuttleset_03_scene_0034 pair 15 [1, 0] combined 262144 players 55778 retained 256 seconds 3.3204464223235846
shuttleset_03_scene_0034 pair 16 [1, 2] combined 262144 players 3164 retained 256 seconds 1.2745457077398896
shuttleset_03_scene_0034 pair 18 [1, 4] combined 262144 players 64754 retained 256 seconds 3.0915512260980904
shuttleset_03_scene_0034 pair 21 [1, 7] combined 262144 players 25998 retained 256 seconds 2.037438687402755
shuttleset_03_scene_0034 pair 22 [1, 8] combined 184320 players 41610 retained 256 seconds 2.182230792939663
shuttleset_03_scene_0034 pair 23 [1, 9] combined 262144 players 10122 retained 256 seconds 1.4785327482968569
shuttleset_03_scene_0034 pair 24 [1, 10] combined 11264 players 1370 retained 256 seconds 0.3770290547981858
shuttleset_03_scene_0034 pair 26 [1, 12] combined 108544 players 17448 retained 256 seconds 1.1254836423322558
shuttleset_03_scene_0034 pair 28 [1, 14] combined 108544 players 7802 retained 256 seconds 0.8572643673978746
shuttleset_03_scene_0034 pair 29 [1, 15] combined 7168 players 358 retained 165 seconds 0.3270768402144313
shuttleset_03_scene_0034 pair 30 [2, 0] combined 262144 players 65348 retained 256 seconds 3.596322701778263
shuttleset_03_scene_0034 pair 31 [2, 1] combined 262144 players 2028 retained 256 seconds 1.1222166987136006
shuttleset_03_scene_0034 pair 32 [2, 3] combined 262144 players 2598 retained 256 seconds 1.0637646350078285
shuttleset_03_scene_0034 pair 34 [2, 5] combined 165888 players 826 retained 256 seconds 0.6492760493420064
shuttleset_03_scene_0034 pair 35 [2, 6] combined 262144 players 7944 retained 256 seconds 1.240691646002233
shuttleset_03_scene_0034 pair 40 [2, 11] combined 262144 players 1124 retained 256 seconds 0.9524985998868942
shuttleset_03_scene_0034 pair 45 [3, 0] combined 262144 players 70742 retained 256 seconds 3.719523064792156
shuttleset_03_scene_0034 pair 47 [3, 2] combined 262144 players 17864 retained 256 seconds 1.1765932780690491
shuttleset_03_scene_0034 pair 48 [3, 4] combined 262144 players 84418 retained 256 seconds 2.308513277210295
shuttleset_03_scene_0034 pair 51 [3, 7] combined 262144 players 35180 retained 256 seconds 1.3490486470982432
shuttleset_03_scene_0034 pair 52 [3, 8] combined 146432 players 25446 retained 256 seconds 0.825234339106828
shuttleset_03_scene_0034 pair 53 [3, 9] combined 262144 players 10856 retained 256 seconds 0.8006368898786604
shuttleset_03_scene_0034 pair 54 [3, 10] combined 10240 players 528 retained 256 seconds 0.1558432076126337
shuttleset_03_scene_0034 pair 56 [3, 12] combined 110592 players 28010 retained 256 seconds 0.9571453398093581
shuttleset_03_scene_0034 pair 58 [3, 14] combined 115712 players 20792 retained 256 seconds 0.7186781661584973
shuttleset_03_scene_0034 pair 59 [3, 15] combined 7168 players 572 retained 256 seconds 0.16018843604251742
shuttleset_03_scene_0034 pair 61 [4, 1] combined 262144 players 65378 retained 256 seconds 2.043996780179441
shuttleset_03_scene_0034 pair 63 [4, 3] combined 262144 players 82056 retained 256 seconds 2.2337181172333658
shuttleset_03_scene_0034 pair 64 [4, 5] combined 93184 players 30134 retained 256 seconds 0.9305015997961164
shuttleset_03_scene_0034 pair 67 [4, 8] combined 262144 players 3318 retained 256 seconds 0.6162768541835248
shuttleset_03_scene_0034 pair 69 [4, 10] combined 7168 players 2562 retained 256 seconds 0.17753284377977252
shuttleset_03_scene_0034 pair 70 [4, 11] combined 246784 players 36438 retained 256 seconds 1.2678173556923866
shuttleset_03_scene_0034 pair 72 [4, 13] combined 262144 players 64320 retained 256 seconds 3.3008916592225432
shuttleset_03_scene_0034 pair 75 [5, 0] combined 152576 players 42418 retained 256 seconds 2.699120313860476
shuttleset_03_scene_0034 pair 77 [5, 2] combined 155648 players 3698 retained 256 seconds 0.7777742622420192
shuttleset_03_scene_0034 pair 79 [5, 4] combined 129024 players 42772 retained 256 seconds 1.9199297442100942
shuttleset_03_scene_0034 pair 81 [5, 7] combined 134144 players 17492 retained 256 seconds 1.2165930070914328
shuttleset_03_scene_0034 pair 83 [5, 9] combined 134144 players 4594 retained 256 seconds 0.8551627150736749
shuttleset_03_scene_0034 pair 84 [5, 10] combined 6732 players 224 retained 112 seconds 0.11731987912207842
shuttleset_03_scene_0034 pair 86 [5, 12] combined 66000 players 10360 retained 256 seconds 0.6599856480024755
shuttleset_03_scene_0034 pair 87 [5, 13] combined 173056 players 7514 retained 256 seconds 0.9693433148786426
shuttleset_03_scene_0034 pair 88 [5, 14] combined 43524 players 2630 retained 256 seconds 0.34050436597317457
shuttleset_03_scene_0034 pair 90 [6, 0] combined 262144 players 60144 retained 256 seconds 3.68387886416167
shuttleset_03_scene_0034 pair 92 [6, 2] combined 262144 players 20650 retained 256 seconds 1.901672595180571
shuttleset_03_scene_0034 pair 97 [6, 8] combined 176128 players 27914 retained 256 seconds 1.6509015010669827
shuttleset_03_scene_0034 pair 98 [6, 9] combined 262144 players 7944 retained 256 seconds 1.2710039829835296
shuttleset_03_scene_0034 pair 99 [6, 10] combined 8192 players 1114 retained 256 seconds 0.19692250387743115
shuttleset_03_scene_0034 pair 102 [6, 13] combined 262144 players 24448 retained 256 seconds 1.79167955275625
shuttleset_03_scene_0034 pair 103 [6, 14] combined 106496 players 2174 retained 256 seconds 0.5350385680794716
shuttleset_03_scene_0034 pair 106 [7, 1] combined 262144 players 21842 retained 256 seconds 2.029875123873353
shuttleset_03_scene_0034 pair 108 [7, 3] combined 262144 players 29112 retained 256 seconds 2.3705295310355723
shuttleset_03_scene_0034 pair 110 [7, 5] combined 93184 players 10378 retained 256 seconds 0.9764851029030979
shuttleset_03_scene_0034 pair 112 [7, 8] combined 221184 players 9406 retained 256 seconds 1.3220770400948822
shuttleset_03_scene_0034 pair 114 [7, 10] combined 6144 players 354 retained 129 seconds 0.33900514198467135
shuttleset_03_scene_0034 pair 115 [7, 11] combined 244736 players 14540 retained 256 seconds 1.5859387791715562
shuttleset_03_scene_0034 pair 117 [7, 13] combined 262144 players 23320 retained 256 seconds 1.9738514558412135
shuttleset_03_scene_0034 pair 121 [8, 1] combined 201728 players 41376 retained 256 seconds 2.447265903931111
shuttleset_03_scene_0034 pair 123 [8, 3] combined 183296 players 57158 retained 256 seconds 2.9840491423383355
shuttleset_03_scene_0034 pair 124 [8, 4] combined 254976 players 5516 retained 256 seconds 1.1399344461970031
shuttleset_03_scene_0034 pair 126 [8, 6] combined 257024 players 50036 retained 256 seconds 2.712267071940005
shuttleset_03_scene_0034 pair 127 [8, 7] combined 262144 players 6200 retained 256 seconds 1.2756042499095201
shuttleset_03_scene_0034 pair 131 [8, 12] combined 132096 players 1504 retained 256 seconds 0.5598988449200988
shuttleset_03_scene_0034 pair 132 [8, 13] combined 185344 players 36398 retained 256 seconds 2.263626232277602
shuttleset_03_scene_0034 pair 133 [8, 14] combined 131072 players 712 retained 256 seconds 0.5330308210104704
shuttleset_03_scene_0034 pair 135 [9, 0] combined 262144 players 56712 retained 256 seconds 3.5336263622157276
shuttleset_03_scene_0034 pair 136 [9, 1] combined 262144 players 4066 retained 256 seconds 1.2536697648465633
shuttleset_03_scene_0034 pair 138 [9, 3] combined 262144 players 9368 retained 256 seconds 1.3530304720625281
shuttleset_03_scene_0034 pair 140 [9, 5] combined 110592 players 356 retained 179 seconds 0.48365699499845505
shuttleset_03_scene_0034 pair 141 [9, 6] combined 262144 players 5302 retained 256 seconds 1.1809506588615477
shuttleset_03_scene_0034 pair 145 [9, 11] combined 262144 players 1926 retained 256 seconds 1.0375504838302732
shuttleset_03_scene_0034 pair 151 [10, 1] combined 4096 players 100 retained 48 seconds 0.23529926082119346
shuttleset_03_scene_0034 pair 153 [10, 3] combined 5120 players 232 retained 99 seconds 0.1709883171133697
shuttleset_03_scene_0034 pair 154 [10, 4] combined 8192 players 3250 retained 256 seconds 0.28556625824421644
shuttleset_03_scene_0034 pair 155 [10, 5] combined 4152 players 204 retained 99 seconds 0.09959876397624612
shuttleset_03_scene_0034 pair 156 [10, 6] combined 14336 players 1342 retained 256 seconds 0.19503366202116013
shuttleset_03_scene_0034 pair 157 [10, 7] combined 12288 players 2816 retained 256 seconds 0.36846444196999073
shuttleset_03_scene_0034 pair 160 [10, 11] combined 7168 players 510 retained 226 seconds 0.13678045105189085
shuttleset_03_scene_0034 pair 165 [11, 0] combined 262144 players 40060 retained 256 seconds 3.1371388360857964
shuttleset_03_scene_0034 pair 167 [11, 2] combined 262144 players 1144 retained 256 seconds 1.0538483480922878
shuttleset_03_scene_0034 pair 169 [11, 4] combined 262144 players 42982 retained 256 seconds 2.5025455779395998
shuttleset_03_scene_0034 pair 172 [11, 7] combined 262144 players 17816 retained 256 seconds 1.6803725017234683
shuttleset_03_scene_0034 pair 174 [11, 9] combined 262144 players 1278 retained 256 seconds 1.014036457054317
shuttleset_03_scene_0034 pair 175 [11, 10] combined 10240 players 408 retained 202 seconds 0.1482830378226936
shuttleset_03_scene_0034 pair 176 [11, 12] combined 111616 players 12036 retained 256 seconds 0.8627109709195793
shuttleset_03_scene_0034 pair 177 [11, 13] combined 262144 players 3276 retained 256 seconds 1.1408825870603323
shuttleset_03_scene_0034 pair 178 [11, 14] combined 111616 players 8576 retained 256 seconds 0.965750128030777
shuttleset_03_scene_0034 pair 180 [12, 0] combined 71680 players 3660 retained 256 seconds 1.1538525931537151
shuttleset_03_scene_0034 pair 181 [12, 1] combined 174080 players 41938 retained 256 seconds 2.306961823720485
shuttleset_03_scene_0034 pair 183 [12, 3] combined 180224 players 59912 retained 256 seconds 2.9018157604150474
shuttleset_03_scene_0034 pair 185 [12, 5] combined 57316 players 16638 retained 256 seconds 0.8751997170038521
shuttleset_03_scene_0034 pair 188 [12, 8] combined 117468 players 404 retained 202 seconds 0.47070251125842333
shuttleset_03_scene_0034 pair 191 [12, 11] combined 136528 players 15746 retained 256 seconds 1.103335325140506
shuttleset_03_scene_0034 pair 195 [13, 0] combined 262144 players 61988 retained 256 seconds 4.0107403811998665
shuttleset_03_scene_0034 pair 199 [13, 4] combined 262144 players 61630 retained 256 seconds 3.1343712429516017
shuttleset_03_scene_0034 pair 200 [13, 5] combined 124928 players 4246 retained 256 seconds 0.7678850330412388
shuttleset_03_scene_0034 pair 201 [13, 6] combined 262144 players 21194 retained 256 seconds 1.7685384908691049
shuttleset_03_scene_0034 pair 202 [13, 7] combined 262144 players 30864 retained 256 seconds 2.190166496206075
shuttleset_03_scene_0034 pair 203 [13, 8] combined 181248 players 26316 retained 256 seconds 1.7128044981509447
shuttleset_03_scene_0034 pair 206 [13, 11] combined 262144 players 9524 retained 256 seconds 1.6671629711054265
shuttleset_03_scene_0034 pair 209 [13, 15] combined 6144 players 244 retained 117 seconds 0.22722298000007868
shuttleset_03_scene_0034 pair 210 [14, 0] combined 227328 players 6832 retained 256 seconds 1.6871289587579668
shuttleset_03_scene_0034 pair 211 [14, 1] combined 166912 players 25952 retained 256 seconds 1.617777980864048
shuttleset_03_scene_0034 pair 213 [14, 3] combined 158720 players 29856 retained 256 seconds 1.7616013488732278
shuttleset_03_scene_0034 pair 215 [14, 5] combined 56700 players 2074 retained 256 seconds 0.35025811195373535
shuttleset_03_scene_0034 pair 216 [14, 6] combined 152576 players 10120 retained 256 seconds 0.9378747451119125
shuttleset_03_scene_0034 pair 218 [14, 8] combined 155052 players 206 retained 104 seconds 0.5608517448417842
shuttleset_03_scene_0034 pair 221 [14, 11] combined 131580 players 8214 retained 256 seconds 0.7782276091165841
shuttleset_03_scene_0034 pair 225 [15, 0] combined 3072 players 42 retained 21 seconds 0.7902662740088999
shuttleset_03_scene_0034 pair 226 [15, 1] combined 6144 players 364 retained 146 seconds 0.25046940986067057
shuttleset_03_scene_0034 pair 228 [15, 3] combined 6144 players 578 retained 256 seconds 0.20136251114308834
shuttleset_03_scene_0034 pair 238 [15, 13] combined 8192 players 1914 retained 256 seconds 0.24849545396864414
shuttleset_03_scene_0034 pair 0 [0, 1] combined 262144 players 49692 retained 256 seconds 3.2968397522345185
shuttleset_03_scene_0034 pair 1 [0, 2] combined 133120 players 29576 retained 256 seconds 2.6518795592710376
shuttleset_03_scene_0034 pair 2 [0, 3] combined 67584 players 14096 retained 256 seconds 1.486841236706823
shuttleset_03_scene_0034 pair 4 [0, 5] combined 0 players 0 retained 0 seconds 0.6998749440535903
shuttleset_03_scene_0034 pair 5 [0, 6] combined 12288 players 3216 retained 256 seconds 0.9354982390068471
shuttleset_03_scene_0034 pair 8 [0, 9] combined 7168 players 2052 retained 256 seconds 0.8972598179243505
shuttleset_03_scene_0034 pair 10 [0, 11] combined 40960 players 2772 retained 256 seconds 0.9751353617757559
shuttleset_03_scene_0034 pair 11 [0, 12] combined 29696 players 2576 retained 256 seconds 0.8796531152911484
shuttleset_03_scene_0034 pair 12 [0, 13] combined 256000 players 41386 retained 256 seconds 2.9328893162310123
shuttleset_03_scene_0034 pair 13 [0, 14] combined 101376 players 10894 retained 256 seconds 1.4164427109062672
shuttleset_03_scene_0034 pair 14 [0, 15] combined 1024 players 200 retained 98 seconds 0.7269820231013
shuttleset_03_scene_0034 pair 15 [1, 0] combined 262144 players 61920 retained 256 seconds 3.4623581571504474
shuttleset_03_scene_0034 pair 16 [1, 2] combined 231424 players 7600 retained 256 seconds 1.136626664083451
shuttleset_03_scene_0034 pair 18 [1, 4] combined 82944 players 16968 retained 256 seconds 1.389446176122874
shuttleset_03_scene_0034 pair 21 [1, 7] combined 262144 players 32662 retained 256 seconds 2.0904008308425546
shuttleset_03_scene_0034 pair 22 [1, 8] combined 2048 players 896 retained 256 seconds 0.19023038679733872
shuttleset_03_scene_0034 pair 23 [1, 9] combined 15360 players 190 retained 95 seconds 0.1889493321068585
shuttleset_03_scene_0034 pair 24 [1, 10] combined 2048 players 426 retained 218 seconds 0.15716358507052064
shuttleset_03_scene_0034 pair 26 [1, 12] combined 19456 players 4488 retained 256 seconds 0.37230747984722257
shuttleset_03_scene_0034 pair 28 [1, 14] combined 62464 players 6664 retained 256 seconds 0.560380288399756
shuttleset_03_scene_0034 pair 29 [1, 15] combined 0 players 0 retained 0 seconds 0.10143119981512427
shuttleset_03_scene_0034 pair 30 [2, 0] combined 164864 players 41136 retained 256 seconds 2.354418409988284
shuttleset_03_scene_0034 pair 31 [2, 1] combined 225280 players 3244 retained 256 seconds 0.9420118308626115
shuttleset_03_scene_0034 pair 32 [2, 3] combined 99840 players 1840 retained 256 seconds 0.46883656783029437
shuttleset_03_scene_0034 pair 34 [2, 5] combined 0 players 0 retained 0 seconds 0.053716510999947786
shuttleset_03_scene_0034 pair 35 [2, 6] combined 19456 players 1344 retained 256 seconds 0.21131503395736217
shuttleset_03_scene_0034 pair 40 [2, 11] combined 54864 players 318 retained 157 seconds 0.26876435009762645
shuttleset_03_scene_0034 pair 45 [3, 0] combined 117760 players 29726 retained 256 seconds 1.8784783529117703
shuttleset_03_scene_0034 pair 47 [3, 2] combined 93632 players 3054 retained 256 seconds 0.49340028408914804
shuttleset_03_scene_0034 pair 48 [3, 4] combined 40176 players 8154 retained 256 seconds 0.4730450799688697
shuttleset_03_scene_0034 pair 51 [3, 7] combined 131072 players 16220 retained 256 seconds 1.1131545910611749
shuttleset_03_scene_0034 pair 52 [3, 8] combined 904 players 428 retained 215 seconds 0.10161237372085452
shuttleset_03_scene_0034 pair 53 [3, 9] combined 5348 players 196 retained 98 seconds 0.10062849195674062
shuttleset_03_scene_0034 pair 54 [3, 10] combined 864 players 158 retained 80 seconds 0.0743807377293706
shuttleset_03_scene_0034 pair 56 [3, 12] combined 9956 players 2178 retained 256 seconds 0.18349024886265397
shuttleset_03_scene_0034 pair 58 [3, 14] combined 26400 players 1730 retained 256 seconds 0.22668880270794034
shuttleset_03_scene_0034 pair 59 [3, 15] combined 0 players 0 retained 0 seconds 0.03764256089925766
shuttleset_03_scene_0034 pair 61 [4, 1] combined 80896 players 19432 retained 256 seconds 1.4356505377218127
shuttleset_03_scene_0034 pair 63 [4, 3] combined 24016 players 5362 retained 256 seconds 0.3491666978225112
shuttleset_03_scene_0034 pair 64 [4, 5] combined 0 players 0 retained 0 seconds 0.025422354694455862
shuttleset_03_scene_0034 pair 67 [4, 8] combined 876 players 76 retained 38 seconds 0.057212322019040585
shuttleset_03_scene_0034 pair 69 [4, 10] combined 308 players 74 retained 36 seconds 0.05706618633121252
shuttleset_03_scene_0034 pair 70 [4, 11] combined 12464 players 876 retained 256 seconds 0.14592174999415874
shuttleset_03_scene_0034 pair 72 [4, 13] combined 81648 players 21228 retained 256 seconds 1.0570368408225477
shuttleset_03_scene_0034 pair 75 [5, 0] combined 0 players 0 retained 0 seconds 0.45773691684007645
shuttleset_03_scene_0034 pair 77 [5, 2] combined 0 players 0 retained 0 seconds 0.034528614953160286
shuttleset_03_scene_0034 pair 79 [5, 4] combined 0 players 0 retained 0 seconds 0.01817920384928584
shuttleset_03_scene_0034 pair 81 [5, 7] combined 0 players 0 retained 0 seconds 0.09977934090420604
shuttleset_03_scene_0034 pair 83 [5, 9] combined 0 players 0 retained 0 seconds 0.011193951591849327
shuttleset_03_scene_0034 pair 84 [5, 10] combined 0 players 0 retained 0 seconds 0.006281835027039051
shuttleset_03_scene_0034 pair 86 [5, 12] combined 0 players 0 retained 0 seconds 0.009070697706192732
shuttleset_03_scene_0034 pair 87 [5, 13] combined 0 players 0 retained 0 seconds 0.04814531374722719
shuttleset_03_scene_0034 pair 88 [5, 14] combined 0 players 0 retained 0 seconds 0.014000791124999523
shuttleset_03_scene_0034 pair 90 [6, 0] combined 16384 players 4912 retained 256 seconds 0.7503305086866021
shuttleset_03_scene_0034 pair 92 [6, 2] combined 14100 players 798 retained 256 seconds 0.16709615383297205
shuttleset_03_scene_0034 pair 97 [6, 8] combined 240 players 56 retained 28 seconds 0.04518788820132613
shuttleset_03_scene_0034 pair 98 [6, 9] combined 1568 players 168 retained 84 seconds 0.06080667627975345
shuttleset_03_scene_0034 pair 99 [6, 10] combined 48 players 0 retained 0 seconds 0.014843784272670746
shuttleset_03_scene_0034 pair 102 [6, 13] combined 36864 players 3640 retained 256 seconds 0.33203413942828774
shuttleset_03_scene_0034 pair 103 [6, 14] combined 5104 players 0 retained 0 seconds 0.038227266632020473
shuttleset_03_scene_0034 pair 106 [7, 1] combined 262144 players 19426 retained 256 seconds 1.7185898907482624
shuttleset_03_scene_0034 pair 108 [7, 3] combined 73728 players 6964 retained 256 seconds 0.6931492779403925
shuttleset_03_scene_0034 pair 110 [7, 5] combined 0 players 0 retained 0 seconds 0.16572290007025003
shuttleset_03_scene_0034 pair 112 [7, 8] combined 0 players 0 retained 0 seconds 0.15345328208059072
shuttleset_03_scene_0034 pair 114 [7, 10] combined 3072 players 136 retained 58 seconds 0.2035437780432403
shuttleset_03_scene_0034 pair 115 [7, 11] combined 41984 players 1098 retained 256 seconds 0.40089415526017547
shuttleset_03_scene_0034 pair 117 [7, 13] combined 238592 players 17666 retained 256 seconds 1.5791503880172968
shuttleset_03_scene_0034 pair 121 [8, 1] combined 4096 players 742 retained 256 seconds 0.15632439218461514
shuttleset_03_scene_0034 pair 123 [8, 3] combined 840 players 236 retained 118 seconds 0.0689534517005086
shuttleset_03_scene_0034 pair 124 [8, 4] combined 1360 players 146 retained 74 seconds 0.05992007767781615
shuttleset_03_scene_0034 pair 126 [8, 6] combined 288 players 30 retained 16 seconds 0.042284199967980385
shuttleset_03_scene_0034 pair 127 [8, 7] combined 2048 players 478 retained 239 seconds 0.17446741787716746
shuttleset_03_scene_0034 pair 131 [8, 12] combined 252 players 2 retained 1 seconds 0.03937860205769539
shuttleset_03_scene_0034 pair 132 [8, 13] combined 2048 players 714 retained 256 seconds 0.1328498530201614
shuttleset_03_scene_0034 pair 133 [8, 14] combined 784 players 0 retained 0 seconds 0.01653721183538437
shuttleset_03_scene_0034 pair 135 [9, 0] combined 25600 players 5554 retained 256 seconds 0.7774074161425233
shuttleset_03_scene_0034 pair 136 [9, 1] combined 21504 players 394 retained 197 seconds 0.1912502790801227
shuttleset_03_scene_0034 pair 138 [9, 3] combined 14768 players 268 retained 134 seconds 0.11909555085003376
shuttleset_03_scene_0034 pair 140 [9, 5] combined 0 players 0 retained 0 seconds 0.015081882011145353
shuttleset_03_scene_0034 pair 141 [9, 6] combined 2160 players 454 retained 227 seconds 0.08805723628029227
shuttleset_03_scene_0034 pair 145 [9, 11] combined 5040 players 0 retained 0 seconds 0.036781636998057365
shuttleset_03_scene_0034 pair 151 [10, 1] combined 0 players 0 retained 0 seconds 0.06570034520700574
shuttleset_03_scene_0034 pair 153 [10, 3] combined 0 players 0 retained 0 seconds 0.024889706168323755
shuttleset_03_scene_0034 pair 154 [10, 4] combined 256 players 74 retained 37 seconds 0.05006036628037691
shuttleset_03_scene_0034 pair 155 [10, 5] combined 0 players 0 retained 0 seconds 0.006998172961175442
shuttleset_03_scene_0034 pair 156 [10, 6] combined 48 players 16 retained 8 seconds 0.03810852114111185
shuttleset_03_scene_0034 pair 157 [10, 7] combined 4096 players 978 retained 256 seconds 0.1992511348798871
shuttleset_03_scene_0034 pair 160 [10, 11] combined 224 players 50 retained 25 seconds 0.04510462889447808
shuttleset_03_scene_0034 pair 165 [11, 0] combined 83968 players 9218 retained 256 seconds 1.119197121821344
shuttleset_03_scene_0034 pair 167 [11, 2] combined 83032 players 8 retained 4 seconds 0.32332189893350005
shuttleset_03_scene_0034 pair 169 [11, 4] combined 24300 players 2040 retained 256 seconds 0.22126413695514202
shuttleset_03_scene_0034 pair 172 [11, 7] combined 82944 players 4362 retained 256 seconds 0.5679272608831525
shuttleset_03_scene_0034 pair 174 [11, 9] combined 3840 players 0 retained 0 seconds 0.03438582271337509
shuttleset_03_scene_0034 pair 175 [11, 10] combined 368 players 0 retained 0 seconds 0.019141891971230507
shuttleset_03_scene_0034 pair 176 [11, 12] combined 5848 players 428 retained 214 seconds 0.10069376928731799
shuttleset_03_scene_0034 pair 177 [11, 13] combined 69632 players 536 retained 256 seconds 0.7952050478197634
shuttleset_03_scene_0034 pair 178 [11, 14] combined 18328 players 1052 retained 256 seconds 0.16537989303469658
shuttleset_03_scene_0034 pair 180 [12, 0] combined 7168 players 0 retained 0 seconds 0.4932530508376658
shuttleset_03_scene_0034 pair 181 [12, 1] combined 28672 players 5944 retained 256 seconds 0.4141843277029693
shuttleset_03_scene_0034 pair 183 [12, 3] combined 8960 players 2030 retained 256 seconds 0.18058077804744244
shuttleset_03_scene_0034 pair 185 [12, 5] combined 0 players 0 retained 0 seconds 0.012802780605852604
shuttleset_03_scene_0034 pair 188 [12, 8] combined 152 players 0 retained 0 seconds 0.012126307934522629
shuttleset_03_scene_0034 pair 191 [12, 11] combined 4872 players 268 retained 134 seconds 0.07898315181955695
shuttleset_03_scene_0034 pair 195 [13, 0] combined 262144 players 59262 retained 256 seconds 3.2807748010382056
shuttleset_03_scene_0034 pair 199 [13, 4] combined 79872 players 17858 retained 256 seconds 0.9533662777394056
shuttleset_03_scene_0034 pair 200 [13, 5] combined 0 players 0 retained 0 seconds 0.07327292626723647
shuttleset_03_scene_0034 pair 201 [13, 6] combined 28672 players 4372 retained 256 seconds 0.35465138917788863
shuttleset_03_scene_0034 pair 202 [13, 7] combined 262144 players 35926 retained 256 seconds 2.202843939885497
shuttleset_03_scene_0034 pair 203 [13, 8] combined 1920 players 784 retained 256 seconds 0.15426903683692217
shuttleset_03_scene_0034 pair 206 [13, 11] combined 56320 players 710 retained 256 seconds 0.31639867601916194
shuttleset_03_scene_0034 pair 209 [13, 15] combined 0 players 0 retained 0 seconds 0.07670346274971962
shuttleset_03_scene_0034 pair 210 [14, 0] combined 96256 players 2070 retained 256 seconds 0.8753560208715498
shuttleset_03_scene_0034 pair 211 [14, 1] combined 95232 players 11170 retained 256 seconds 0.8171086222864687
shuttleset_03_scene_0034 pair 213 [14, 3] combined 31620 players 4278 retained 256 seconds 0.3353775180876255
shuttleset_03_scene_0034 pair 215 [14, 5] combined 0 players 0 retained 0 seconds 0.02258552797138691
shuttleset_03_scene_0034 pair 216 [14, 6] combined 8832 players 670 retained 256 seconds 0.13089025393128395
shuttleset_03_scene_0034 pair 218 [14, 8] combined 972 players 0 retained 0 seconds 0.020565204322338104
shuttleset_03_scene_0034 pair 221 [14, 11] combined 16016 players 806 retained 256 seconds 0.15022746799513698
shuttleset_03_scene_0034 pair 225 [15, 0] combined 1024 players 166 retained 83 seconds 0.5004210839979351
shuttleset_03_scene_0034 pair 226 [15, 1] combined 0 players 0 retained 0 seconds 0.06362662697210908
shuttleset_03_scene_0034 pair 228 [15, 3] combined 0 players 0 retained 0 seconds 0.024713610764592886
shuttleset_03_scene_0034 pair 238 [15, 13] combined 0 players 0 retained 0 seconds 0.04928603069856763
[shuttleset_03_scene_0034] line-template: preparing rectangles
[shuttleset_03_scene_0034] measuring 761 parents (G0=256, G1=256, line_template=256; conflicting geometry groups=0)
[shuttleset_03_scene_0034] parents 250/761
[shuttleset_03_scene_0034] parents 500/761
[shuttleset_03_scene_0034] parents 750/761
[shuttleset_03_scene_0034] refitting 761 parents
[shuttleset_03_scene_0034] refits 250/761; valid children=249
[shuttleset_03_scene_0034] refits 500/761; valid children=486
[shuttleset_03_scene_0034] refits 750/761; valid children=678
{"view_id": "shuttleset_03_scene_0034", "chosen_key": "G1:1:2005", "no_court_reason": null, "all_checks_equal": null, "error": null}
{"views": ["shuttleset_03_scene_0034"], "startup_seconds": 0.04472650168463588, "wall_seconds": 714.5479483669624, "peak_rss_mb": 1868.68359375, "failed": []}
