decoded /scratch/cmarti/issue103_ad8da4f/external/shuttleset-sources/3 Kento_MOMOTA_CHOU_Tien_Chen_KOREA_OPEN_2019_Final.mp4 to frame 41025 in 240s
shuttleset_03_scene_0019 pair 0 [0, 1] combined 262144 players 69820 retained 256 seconds 4.875816649291664
shuttleset_03_scene_0019 pair 1 [0, 2] combined 262144 players 63286 retained 256 seconds 4.642310584895313
shuttleset_03_scene_0019 pair 2 [0, 3] combined 223232 players 68940 retained 256 seconds 4.652518008835614
shuttleset_03_scene_0019 pair 4 [0, 5] combined 262144 players 68980 retained 256 seconds 4.744788128416985
shuttleset_03_scene_0019 pair 6 [0, 7] combined 142336 players 41158 retained 256 seconds 3.4795530042611063
shuttleset_03_scene_0019 pair 7 [0, 8] combined 262144 players 20006 retained 256 seconds 3.021827335935086
shuttleset_03_scene_0019 pair 8 [0, 9] combined 208896 players 55182 retained 256 seconds 4.066433649044484
shuttleset_03_scene_0019 pair 9 [0, 10] combined 262144 players 73274 retained 256 seconds 4.929754657205194
shuttleset_03_scene_0019 pair 10 [0, 11] combined 262144 players 112382 retained 256 seconds 6.101586317177862
shuttleset_03_scene_0019 pair 11 [0, 12] combined 22528 players 1266 retained 256 seconds 1.7422204432077706
shuttleset_03_scene_0019 pair 12 [0, 13] combined 1024 players 4 retained 2 seconds 1.6721861488185823
shuttleset_03_scene_0019 pair 13 [0, 14] combined 74752 players 15724 retained 256 seconds 2.29633151832968
shuttleset_03_scene_0019 pair 14 [0, 15] combined 43008 players 9672 retained 256 seconds 2.0982951167970896
shuttleset_03_scene_0019 pair 15 [1, 0] combined 262144 players 85890 retained 256 seconds 4.874980682041496
shuttleset_03_scene_0019 pair 16 [1, 2] combined 262144 players 23276 retained 256 seconds 1.4506153450347483
shuttleset_03_scene_0019 pair 18 [1, 4] combined 262144 players 66348 retained 256 seconds 2.1056481478735805
shuttleset_03_scene_0019 pair 20 [1, 6] combined 173056 players 41502 retained 256 seconds 1.4659894281066954
shuttleset_03_scene_0019 pair 21 [1, 7] combined 231424 players 17890 retained 256 seconds 0.9851954448968172
shuttleset_03_scene_0019 pair 22 [1, 8] combined 172032 players 35638 retained 256 seconds 1.2961317538283765
shuttleset_03_scene_0019 pair 25 [1, 11] combined 212992 players 22216 retained 256 seconds 1.0451803063042462
shuttleset_03_scene_0019 pair 26 [1, 12] combined 33792 players 5176 retained 256 seconds 0.349261409137398
shuttleset_03_scene_0019 pair 27 [1, 13] combined 5120 players 1280 retained 256 seconds 0.21212790720164776
shuttleset_03_scene_0019 pair 30 [2, 0] combined 262144 players 87318 retained 256 seconds 3.0009589260444045
shuttleset_03_scene_0019 pair 31 [2, 1] combined 262144 players 3006 retained 256 seconds 0.7525757290422916
shuttleset_03_scene_0019 pair 32 [2, 3] combined 262144 players 1392 retained 256 seconds 0.6418304350227118
shuttleset_03_scene_0019 pair 33 [2, 4] combined 262144 players 65550 retained 256 seconds 2.1079379860311747
shuttleset_03_scene_0019 pair 38 [2, 9] combined 241664 players 3250 retained 256 seconds 0.6445359047502279
shuttleset_03_scene_0019 pair 43 [2, 14] combined 77824 players 2964 retained 256 seconds 0.3220215649344027
shuttleset_03_scene_0019 pair 45 [3, 0] combined 262144 players 95192 retained 256 seconds 3.2804066790267825
shuttleset_03_scene_0019 pair 47 [3, 2] combined 262144 players 7258 retained 256 seconds 0.783448735717684
shuttleset_03_scene_0019 pair 49 [3, 5] combined 262144 players 20156 retained 256 seconds 1.0172592727467418
shuttleset_03_scene_0019 pair 51 [3, 7] combined 256000 players 9284 retained 256 seconds 0.7608938291668892
shuttleset_03_scene_0019 pair 52 [3, 8] combined 176616 players 16564 retained 256 seconds 0.7638396848924458
shuttleset_03_scene_0019 pair 56 [3, 12] combined 26624 players 1200 retained 256 seconds 0.16873978404328227
shuttleset_03_scene_0019 pair 57 [3, 13] combined 3072 players 16 retained 8 seconds 0.07893055211752653
shuttleset_03_scene_0019 pair 59 [3, 15] combined 106496 players 1812 retained 256 seconds 0.3214039858430624
shuttleset_03_scene_0019 pair 61 [4, 1] combined 262144 players 71430 retained 256 seconds 2.2891606367193162
shuttleset_03_scene_0019 pair 62 [4, 2] combined 262144 players 52118 retained 256 seconds 1.8434310033917427
shuttleset_03_scene_0019 pair 64 [4, 5] combined 262144 players 70960 retained 256 seconds 2.195054996293038
shuttleset_03_scene_0019 pair 66 [4, 7] combined 145408 players 41394 retained 256 seconds 1.2703655259683728
shuttleset_03_scene_0019 pair 69 [4, 10] combined 262144 players 64454 retained 256 seconds 2.1358756190165877
shuttleset_03_scene_0019 pair 71 [4, 12] combined 16384 players 2254 retained 256 seconds 0.20044333301484585
shuttleset_03_scene_0019 pair 73 [4, 14] combined 74752 players 17510 retained 256 seconds 0.6330810142681003
shuttleset_03_scene_0019 pair 75 [5, 0] combined 262144 players 76852 retained 256 seconds 2.846112821251154
shuttleset_03_scene_0019 pair 78 [5, 3] combined 262144 players 35546 retained 256 seconds 1.3691769670695066
shuttleset_03_scene_0019 pair 79 [5, 4] combined 262144 players 73728 retained 256 seconds 2.2789949332363904
shuttleset_03_scene_0019 pair 80 [5, 6] combined 176128 players 55288 retained 256 seconds 1.5597321167588234
shuttleset_03_scene_0019 pair 85 [5, 11] combined 199680 players 50868 retained 256 seconds 1.622947526164353
shuttleset_03_scene_0019 pair 88 [5, 14] combined 103424 players 5232 retained 256 seconds 0.4490681141614914
shuttleset_03_scene_0019 pair 91 [6, 1] combined 258048 players 74742 retained 256 seconds 2.2391226328909397
shuttleset_03_scene_0019 pair 95 [6, 5] combined 259072 players 51416 retained 256 seconds 1.7767049549147487
shuttleset_03_scene_0019 pair 99 [6, 10] combined 256000 players 72788 retained 256 seconds 2.099231889937073
shuttleset_03_scene_0019 pair 105 [7, 0] combined 260096 players 82132 retained 256 seconds 2.898678640834987
shuttleset_03_scene_0019 pair 106 [7, 1] combined 262144 players 8690 retained 256 seconds 0.7893907786346972
shuttleset_03_scene_0019 pair 108 [7, 3] combined 236544 players 1374 retained 256 seconds 0.5361767732538283
shuttleset_03_scene_0019 pair 109 [7, 4] combined 262144 players 60606 retained 256 seconds 1.8116345051676035
shuttleset_03_scene_0019 pair 113 [7, 9] combined 225900 players 786 retained 256 seconds 0.5168323670513928
shuttleset_03_scene_0019 pair 118 [7, 14] combined 65000 players 1574 retained 256 seconds 0.21571034705266356
shuttleset_03_scene_0019 pair 120 [8, 0] combined 262144 players 3888 retained 256 seconds 1.2046352881006896
shuttleset_03_scene_0019 pair 121 [8, 1] combined 251904 players 22694 retained 256 seconds 1.15386842796579
shuttleset_03_scene_0019 pair 123 [8, 3] combined 233472 players 23630 retained 256 seconds 0.9928360478952527
shuttleset_03_scene_0019 pair 128 [8, 9] combined 262144 players 12296 retained 256 seconds 0.798275776207447
shuttleset_03_scene_0019 pair 133 [8, 14] combined 67584 players 6994 retained 256 seconds 0.3263136469759047
shuttleset_03_scene_0019 pair 135 [9, 0] combined 262144 players 88060 retained 256 seconds 2.986820236314088
shuttleset_03_scene_0019 pair 137 [9, 2] combined 262144 players 8392 retained 256 seconds 0.7705506128259003
shuttleset_03_scene_0019 pair 142 [9, 7] combined 257024 players 16876 retained 256 seconds 0.8763197739608586
shuttleset_03_scene_0019 pair 143 [9, 8] combined 189440 players 3754 retained 256 seconds 0.5015337327495217
shuttleset_03_scene_0019 pair 146 [9, 12] combined 25792 players 2676 retained 256 seconds 0.18121735798195004
shuttleset_03_scene_0019 pair 147 [9, 13] combined 3072 players 30 retained 15 seconds 0.07448206329718232
shuttleset_03_scene_0019 pair 149 [9, 15] combined 64512 players 1766 retained 256 seconds 0.23613546416163445
shuttleset_03_scene_0019 pair 150 [10, 0] combined 262144 players 85036 retained 256 seconds 2.9830581289716065
shuttleset_03_scene_0019 pair 154 [10, 4] combined 262144 players 67026 retained 256 seconds 2.089702689088881
shuttleset_03_scene_0019 pair 156 [10, 6] combined 176128 players 31092 retained 256 seconds 1.394122026860714
shuttleset_03_scene_0019 pair 160 [10, 11] combined 220160 players 9390 retained 256 seconds 0.716246375348419
shuttleset_03_scene_0019 pair 163 [10, 14] combined 77824 players 9822 retained 256 seconds 0.43632171116769314
shuttleset_03_scene_0019 pair 165 [11, 0] combined 219136 players 11780 retained 256 seconds 1.28306071087718
shuttleset_03_scene_0019 pair 166 [11, 1] combined 262144 players 35692 retained 256 seconds 1.4175327229313552
shuttleset_03_scene_0019 pair 170 [11, 5] combined 262144 players 42448 retained 256 seconds 1.4414380718953907
shuttleset_03_scene_0019 pair 175 [11, 10] combined 262144 players 10156 retained 256 seconds 0.7848749626427889
shuttleset_03_scene_0019 pair 180 [12, 0] combined 32768 players 1030 retained 256 seconds 0.7191061801277101
shuttleset_03_scene_0019 pair 181 [12, 1] combined 12288 players 652 retained 256 seconds 0.15050003305077553
shuttleset_03_scene_0019 pair 183 [12, 3] combined 38912 players 382 retained 172 seconds 0.1374070020392537
shuttleset_03_scene_0019 pair 184 [12, 4] combined 24576 players 2404 retained 256 seconds 0.17324824212118983
shuttleset_03_scene_0019 pair 189 [12, 9] combined 30100 players 434 retained 219 seconds 0.12697683786973357
shuttleset_03_scene_0019 pair 195 [13, 0] combined 5120 players 36 retained 18 seconds 0.6467225388623774
shuttleset_03_scene_0019 pair 196 [13, 1] combined 2048 players 396 retained 174 seconds 0.12231500959023833
shuttleset_03_scene_0019 pair 198 [13, 3] combined 3072 players 192 retained 95 seconds 0.06711941724643111
shuttleset_03_scene_0019 pair 204 [13, 9] combined 2048 players 110 retained 50 seconds 0.05738186836242676
shuttleset_03_scene_0019 pair 208 [13, 14] combined 2016 players 0 retained 0 seconds 0.020725832786411047
shuttleset_03_scene_0019 pair 210 [14, 0] combined 135168 players 40620 retained 256 seconds 1.7332671280018985
shuttleset_03_scene_0019 pair 212 [14, 2] combined 120832 players 10380 retained 256 seconds 0.6445645019412041
shuttleset_03_scene_0019 pair 214 [14, 4] combined 128000 players 36490 retained 256 seconds 1.0243707420304418
shuttleset_03_scene_0019 pair 215 [14, 5] combined 112640 players 5894 retained 256 seconds 0.44643747387453914
shuttleset_03_scene_0019 pair 217 [14, 7] combined 85432 players 1588 retained 256 seconds 0.24227261124178767
shuttleset_03_scene_0019 pair 218 [14, 8] combined 82960 players 14852 retained 256 seconds 0.4925620751455426
shuttleset_03_scene_0019 pair 220 [14, 10] combined 107520 players 4140 retained 256 seconds 0.35681241005659103
shuttleset_03_scene_0019 pair 223 [14, 13] combined 0 players 0 retained 0 seconds 0.024972287006676197
shuttleset_03_scene_0019 pair 224 [14, 15] combined 50592 players 624 retained 256 seconds 0.15603109076619148
shuttleset_03_scene_0019 pair 225 [15, 0] combined 70656 players 21954 retained 256 seconds 1.201829412020743
shuttleset_03_scene_0019 pair 228 [15, 3] combined 43008 players 1124 retained 256 seconds 0.17881860304623842
shuttleset_03_scene_0019 pair 234 [15, 9] combined 81920 players 3214 retained 256 seconds 0.2808566214516759
shuttleset_03_scene_0019 pair 239 [15, 14] combined 25740 players 380 retained 166 seconds 0.10217672260478139
shuttleset_03_scene_0019 pair 0 [0, 1] combined 114688 players 26038 retained 256 seconds 1.3826994062401354
shuttleset_03_scene_0019 pair 1 [0, 2] combined 67584 players 20618 retained 256 seconds 1.3089098436757922
shuttleset_03_scene_0019 pair 2 [0, 3] combined 1024 players 332 retained 111 seconds 0.5828722529113293
shuttleset_03_scene_0019 pair 4 [0, 5] combined 94208 players 20224 retained 256 seconds 1.1908804308623075
shuttleset_03_scene_0019 pair 6 [0, 7] combined 23552 players 6172 retained 256 seconds 0.7523532188497484
shuttleset_03_scene_0019 pair 7 [0, 8] combined 46080 players 1548 retained 256 seconds 0.6982665411196649
shuttleset_03_scene_0019 pair 8 [0, 9] combined 4096 players 1290 retained 256 seconds 0.6251661628484726
shuttleset_03_scene_0019 pair 9 [0, 10] combined 43008 players 11056 retained 256 seconds 0.8787671490572393
shuttleset_03_scene_0019 pair 10 [0, 11] combined 8192 players 2942 retained 256 seconds 0.6404246836900711
shuttleset_03_scene_0019 pair 11 [0, 12] combined 44032 players 2316 retained 256 seconds 0.7315424932166934
shuttleset_03_scene_0019 pair 12 [0, 13] combined 0 players 0 retained 0 seconds 0.5733262579888105
shuttleset_03_scene_0019 pair 13 [0, 14] combined 28672 players 5930 retained 256 seconds 0.7409946247935295
shuttleset_03_scene_0019 pair 14 [0, 15] combined 8192 players 1988 retained 256 seconds 0.6444731601513922
shuttleset_03_scene_0019 pair 15 [1, 0] combined 215040 players 57344 retained 256 seconds 1.851562321651727
shuttleset_03_scene_0019 pair 16 [1, 2] combined 140160 players 10420 retained 256 seconds 0.7027246872894466
shuttleset_03_scene_0019 pair 18 [1, 4] combined 101016 players 25520 retained 256 seconds 0.7594474451616406
shuttleset_03_scene_0019 pair 20 [1, 6] combined 0 players 0 retained 0 seconds 0.037400845903903246
shuttleset_03_scene_0019 pair 21 [1, 7] combined 24000 players 452 retained 228 seconds 0.11299406876787543
shuttleset_03_scene_0019 pair 22 [1, 8] combined 15916 players 4970 retained 256 seconds 0.1857336820103228
shuttleset_03_scene_0019 pair 25 [1, 11] combined 3576 players 76 retained 38 seconds 0.05498718610033393
shuttleset_03_scene_0019 pair 26 [1, 12] combined 40320 players 5246 retained 256 seconds 0.22951534111052752
shuttleset_03_scene_0019 pair 27 [1, 13] combined 0 players 0 retained 0 seconds 0.034435580018907785
shuttleset_03_scene_0019 pair 30 [2, 0] combined 96256 players 30958 retained 256 seconds 1.1795880617573857
shuttleset_03_scene_0019 pair 31 [2, 1] combined 87292 players 3418 retained 256 seconds 0.2870124406181276
shuttleset_03_scene_0019 pair 32 [2, 3] combined 1380 players 0 retained 0 seconds 0.03295392403379083
shuttleset_03_scene_0019 pair 33 [2, 4] combined 39516 players 12070 retained 256 seconds 0.3765236749313772
shuttleset_03_scene_0019 pair 38 [2, 9] combined 4160 players 44 retained 22 seconds 0.053124840836972
shuttleset_03_scene_0019 pair 43 [2, 14] combined 13520 players 192 retained 96 seconds 0.07501826202496886
shuttleset_03_scene_0019 pair 45 [3, 0] combined 5120 players 1838 retained 256 seconds 0.43556180596351624
shuttleset_03_scene_0019 pair 47 [3, 2] combined 3264 players 0 retained 0 seconds 0.028797956183552742
shuttleset_03_scene_0019 pair 49 [3, 5] combined 4004 players 204 retained 102 seconds 0.04828871786594391
shuttleset_03_scene_0019 pair 51 [3, 7] combined 828 players 84 retained 42 seconds 0.027977865654975176
shuttleset_03_scene_0019 pair 52 [3, 8] combined 240 players 0 retained 0 seconds 0.010633753146976233
shuttleset_03_scene_0019 pair 56 [3, 12] combined 320 players 0 retained 0 seconds 0.012534982059150934
shuttleset_03_scene_0019 pair 57 [3, 13] combined 0 players 0 retained 0 seconds 0.007329955231398344
shuttleset_03_scene_0019 pair 59 [3, 15] combined 304 players 0 retained 0 seconds 0.011748754885047674
shuttleset_03_scene_0019 pair 61 [4, 1] combined 70620 players 20988 retained 256 seconds 0.6073044813238084
shuttleset_03_scene_0019 pair 62 [4, 2] combined 45292 players 15380 retained 256 seconds 0.4585182899609208
shuttleset_03_scene_0019 pair 64 [4, 5] combined 61200 players 18058 retained 256 seconds 0.5423690788447857
shuttleset_03_scene_0019 pair 66 [4, 7] combined 16848 players 4756 retained 256 seconds 0.1962376399897039
shuttleset_03_scene_0019 pair 69 [4, 10] combined 29624 players 10890 retained 256 seconds 0.5431545516476035
shuttleset_03_scene_0019 pair 71 [4, 12] combined 29256 players 5262 retained 256 seconds 0.2258269628509879
shuttleset_03_scene_0019 pair 73 [4, 14] combined 20400 players 4840 retained 256 seconds 0.19763045199215412
shuttleset_03_scene_0019 pair 75 [5, 0] combined 171008 players 44574 retained 256 seconds 1.5433102552779019
shuttleset_03_scene_0019 pair 78 [5, 3] combined 4060 players 710 retained 256 seconds 0.08396389475092292
shuttleset_03_scene_0019 pair 79 [5, 4] combined 73476 players 22286 retained 256 seconds 0.6394903757609427
shuttleset_03_scene_0019 pair 80 [5, 6] combined 0 players 0 retained 0 seconds 0.03236116608604789
shuttleset_03_scene_0019 pair 85 [5, 11] combined 4008 players 630 retained 256 seconds 0.07753037009388208
shuttleset_03_scene_0019 pair 88 [5, 14] combined 19376 players 236 retained 118 seconds 0.08540664473548532
shuttleset_03_scene_0019 pair 91 [6, 1] combined 0 players 0 retained 0 seconds 0.021003093104809523
shuttleset_03_scene_0019 pair 95 [6, 5] combined 0 players 0 retained 0 seconds 0.017912283074110746
shuttleset_03_scene_0019 pair 99 [6, 10] combined 0 players 0 retained 0 seconds 0.011262513231486082
shuttleset_03_scene_0019 pair 105 [7, 0] combined 40960 players 12602 retained 256 seconds 0.7509400648996234
shuttleset_03_scene_0019 pair 106 [7, 1] combined 14600 players 128 retained 64 seconds 0.07001785188913345
shuttleset_03_scene_0019 pair 108 [7, 3] combined 624 players 170 retained 85 seconds 0.03145111305639148
shuttleset_03_scene_0019 pair 109 [7, 4] combined 19680 players 5636 retained 256 seconds 0.20065792696550488
shuttleset_03_scene_0019 pair 113 [7, 9] combined 1204 players 88 retained 44 seconds 0.030488824006170034
shuttleset_03_scene_0019 pair 118 [7, 14] combined 1836 players 170 retained 85 seconds 0.03426966769620776
shuttleset_03_scene_0019 pair 120 [8, 0] combined 48128 players 298 retained 149 seconds 0.46532392175868154
shuttleset_03_scene_0019 pair 121 [8, 1] combined 15096 players 3754 retained 256 seconds 0.14789715176448226
shuttleset_03_scene_0019 pair 123 [8, 3] combined 1320 players 378 retained 189 seconds 0.04255322692915797
shuttleset_03_scene_0019 pair 128 [8, 9] combined 740 players 224 retained 112 seconds 0.032473544124513865
shuttleset_03_scene_0019 pair 133 [8, 14] combined 3360 players 528 retained 256 seconds 0.05385719984769821
shuttleset_03_scene_0019 pair 135 [9, 0] combined 6144 players 2044 retained 256 seconds 0.43778463266789913
shuttleset_03_scene_0019 pair 137 [9, 2] combined 3528 players 226 retained 113 seconds 0.049785603769123554
shuttleset_03_scene_0019 pair 142 [9, 7] combined 1248 players 144 retained 72 seconds 0.030593791976571083
shuttleset_03_scene_0019 pair 143 [9, 8] combined 384 players 168 retained 84 seconds 0.02848608698695898
shuttleset_03_scene_0019 pair 146 [9, 12] combined 1148 players 62 retained 31 seconds 0.027653292287141085
shuttleset_03_scene_0019 pair 147 [9, 13] combined 0 players 0 retained 0 seconds 0.0080699329264462
shuttleset_03_scene_0019 pair 149 [9, 15] combined 720 players 80 retained 40 seconds 0.02658933401107788
shuttleset_03_scene_0019 pair 150 [10, 0] combined 76800 players 18932 retained 256 seconds 0.9033313328400254
shuttleset_03_scene_0019 pair 154 [10, 4] combined 37440 players 10360 retained 256 seconds 0.3247112021781504
shuttleset_03_scene_0019 pair 156 [10, 6] combined 0 players 0 retained 0 seconds 0.017654865980148315
shuttleset_03_scene_0019 pair 160 [10, 11] combined 1560 players 108 retained 54 seconds 0.035539374221116304
shuttleset_03_scene_0019 pair 163 [10, 14] combined 4392 players 24 retained 12 seconds 0.03970934683457017
shuttleset_03_scene_0019 pair 165 [11, 0] combined 4096 players 212 retained 106 seconds 0.3817037111148238
shuttleset_03_scene_0019 pair 166 [11, 1] combined 7072 players 1308 retained 256 seconds 0.08536162879317999
shuttleset_03_scene_0019 pair 170 [11, 5] combined 5252 players 1140 retained 256 seconds 0.2932222909294069
shuttleset_03_scene_0019 pair 175 [11, 10] combined 2340 players 194 retained 97 seconds 0.03640240104869008
shuttleset_03_scene_0019 pair 180 [12, 0] combined 69632 players 218 retained 105 seconds 0.5110711762681603
shuttleset_03_scene_0019 pair 181 [12, 1] combined 16576 players 644 retained 256 seconds 0.09276793198660016
shuttleset_03_scene_0019 pair 183 [12, 3] combined 1584 players 0 retained 0 seconds 0.01595434406772256
shuttleset_03_scene_0019 pair 184 [12, 4] combined 39072 players 3372 retained 256 seconds 0.1912254118360579
shuttleset_03_scene_0019 pair 189 [12, 9] combined 1512 players 0 retained 0 seconds 0.01630654325708747
shuttleset_03_scene_0019 pair 195 [13, 0] combined 0 players 0 retained 0 seconds 0.3875662414357066
shuttleset_03_scene_0019 pair 196 [13, 1] combined 920 players 284 retained 136 seconds 0.04658446367830038
shuttleset_03_scene_0019 pair 198 [13, 3] combined 96 players 0 retained 0 seconds 0.0072240401059389114
shuttleset_03_scene_0019 pair 204 [13, 9] combined 48 players 16 retained 8 seconds 0.018537044059485197
shuttleset_03_scene_0019 pair 208 [13, 14] combined 0 players 0 retained 0 seconds 0.007704976946115494
shuttleset_03_scene_0019 pair 210 [14, 0] combined 47104 players 13750 retained 256 seconds 0.7289733751676977
shuttleset_03_scene_0019 pair 212 [14, 2] combined 15792 players 1482 retained 256 seconds 0.1082188836298883
shuttleset_03_scene_0019 pair 214 [14, 4] combined 29440 players 10800 retained 256 seconds 0.31927362689748406
shuttleset_03_scene_0019 pair 215 [14, 5] combined 26316 players 1660 retained 256 seconds 0.12940161488950253
shuttleset_03_scene_0019 pair 217 [14, 7] combined 3400 players 144 retained 72 seconds 0.036371261812746525
shuttleset_03_scene_0019 pair 218 [14, 8] combined 4560 players 1062 retained 256 seconds 0.06727996421977878
shuttleset_03_scene_0019 pair 220 [14, 10] combined 6256 players 112 retained 56 seconds 0.04378210008144379
shuttleset_03_scene_0019 pair 223 [14, 13] combined 0 players 0 retained 0 seconds 0.010428283829241991
shuttleset_03_scene_0019 pair 224 [14, 15] combined 2964 players 0 retained 0 seconds 0.018729408737272024
shuttleset_03_scene_0019 pair 225 [15, 0] combined 12288 players 3776 retained 256 seconds 0.4825301459059119
shuttleset_03_scene_0019 pair 228 [15, 3] combined 384 players 0 retained 0 seconds 0.013085892889648676
shuttleset_03_scene_0019 pair 234 [15, 9] combined 828 players 72 retained 36 seconds 0.02719068666920066
shuttleset_03_scene_0019 pair 239 [15, 14] combined 1152 players 0 retained 0 seconds 0.01489755604416132
[shuttleset_03_scene_0019] line-template: preparing rectangles
[shuttleset_03_scene_0019] measuring 768 parents (G0=256, G1=256, line_template=256; conflicting geometry groups=0)
[shuttleset_03_scene_0019] parents 250/768
[shuttleset_03_scene_0019] parents 500/768
[shuttleset_03_scene_0019] parents 750/768
[shuttleset_03_scene_0019] refitting 768 parents
[shuttleset_03_scene_0019] refits 250/768; valid children=150
[shuttleset_03_scene_0019] refits 500/768; valid children=397
[shuttleset_03_scene_0019] refits 750/768; valid children=619
{"view_id": "shuttleset_03_scene_0019", "chosen_key": "G1:1:11599/child", "no_court_reason": null, "all_checks_equal": null, "error": null}
{"views": ["shuttleset_03_scene_0019"], "startup_seconds": 0.03222202090546489, "wall_seconds": 491.8327024220489, "peak_rss_mb": 1590.7890625, "failed": []}
