decoded /scratch/cmarti/issue103_ad8da4f/external/shuttleset-sources/3 Kento_MOMOTA_CHOU_Tien_Chen_KOREA_OPEN_2019_Final.mp4 to frame 54742 in 375s
shuttleset_03_scene_0023 pair 0 [0, 1] combined 262144 players 58530 retained 256 seconds 4.02007129509002
shuttleset_03_scene_0023 pair 1 [0, 2] combined 262144 players 60684 retained 256 seconds 3.734418440144509
shuttleset_03_scene_0023 pair 4 [0, 5] combined 262144 players 47066 retained 256 seconds 3.3446533009409904
shuttleset_03_scene_0023 pair 5 [0, 6] combined 116736 players 12394 retained 256 seconds 1.6798873688094318
shuttleset_03_scene_0023 pair 7 [0, 8] combined 262144 players 46602 retained 256 seconds 3.3993351720273495
shuttleset_03_scene_0023 pair 11 [0, 12] combined 262144 players 68078 retained 256 seconds 3.8967675301246345
shuttleset_03_scene_0023 pair 12 [0, 13] combined 231424 players 22834 retained 256 seconds 2.3535756319761276
shuttleset_03_scene_0023 pair 13 [0, 14] combined 65536 players 5694 retained 256 seconds 1.3116592708975077
shuttleset_03_scene_0023 pair 15 [1, 0] combined 262144 players 67578 retained 256 seconds 3.9451829898171127
shuttleset_03_scene_0023 pair 16 [1, 2] combined 262144 players 7974 retained 256 seconds 1.4135077316313982
shuttleset_03_scene_0023 pair 17 [1, 3] combined 262144 players 82372 retained 256 seconds 4.0402459860779345
shuttleset_03_scene_0023 pair 20 [1, 6] combined 72704 players 19058 retained 256 seconds 1.2252703979611397
shuttleset_03_scene_0023 pair 21 [1, 7] combined 116736 players 31482 retained 256 seconds 1.8431527600623667
shuttleset_03_scene_0023 pair 26 [1, 12] combined 262144 players 64728 retained 256 seconds 3.45057993195951
shuttleset_03_scene_0023 pair 27 [1, 13] combined 144384 players 14838 retained 256 seconds 1.2429768140427768
shuttleset_03_scene_0023 pair 30 [2, 0] combined 262144 players 76390 retained 256 seconds 3.9346276512369514
shuttleset_03_scene_0023 pair 31 [2, 1] combined 262144 players 8092 retained 256 seconds 1.3842172687873244
shuttleset_03_scene_0023 pair 32 [2, 3] combined 262144 players 84368 retained 256 seconds 4.187088606879115
shuttleset_03_scene_0023 pair 33 [2, 4] combined 262144 players 324 retained 162 seconds 1.0074294791556895
shuttleset_03_scene_0023 pair 34 [2, 5] combined 262144 players 7994 retained 256 seconds 1.312717067077756
shuttleset_03_scene_0023 pair 37 [2, 8] combined 262144 players 8558 retained 256 seconds 1.3818523418158293
shuttleset_03_scene_0023 pair 39 [2, 10] combined 36864 players 912 retained 256 seconds 0.3137890798971057
shuttleset_03_scene_0023 pair 43 [2, 14] combined 130048 players 3780 retained 256 seconds 0.6986969220452011
shuttleset_03_scene_0023 pair 44 [2, 15] combined 100352 players 11698 retained 256 seconds 0.9276129193603992
shuttleset_03_scene_0023 pair 46 [3, 1] combined 262144 players 82638 retained 256 seconds 4.365778225008398
shuttleset_03_scene_0023 pair 47 [3, 2] combined 262144 players 77134 retained 256 seconds 3.605160026345402
shuttleset_03_scene_0023 pair 48 [3, 4] combined 197632 players 66818 retained 256 seconds 3.1626026281155646
shuttleset_03_scene_0023 pair 49 [3, 5] combined 262144 players 68216 retained 256 seconds 3.7283807662315667
shuttleset_03_scene_0023 pair 51 [3, 7] combined 187392 players 35660 retained 256 seconds 2.131114042829722
shuttleset_03_scene_0023 pair 52 [3, 8] combined 262144 players 71402 retained 256 seconds 3.4070662832818925
shuttleset_03_scene_0023 pair 53 [3, 9] combined 253952 players 44084 retained 256 seconds 2.613428771030158
shuttleset_03_scene_0023 pair 54 [3, 10] combined 9216 players 3020 retained 256 seconds 0.3215333600528538
shuttleset_03_scene_0023 pair 55 [3, 11] combined 239616 players 32938 retained 256 seconds 2.1281145690009
shuttleset_03_scene_0023 pair 57 [3, 13] combined 132096 players 15832 retained 256 seconds 1.108256812673062
shuttleset_03_scene_0023 pair 58 [3, 14] combined 72704 players 12290 retained 256 seconds 0.917821133043617
shuttleset_03_scene_0023 pair 62 [4, 2] combined 262144 players 10302 retained 256 seconds 1.2940173246897757
shuttleset_03_scene_0023 pair 63 [4, 3] combined 262144 players 90932 retained 256 seconds 4.324578079394996
shuttleset_03_scene_0023 pair 65 [4, 6] combined 90112 players 4252 retained 256 seconds 0.5686873192898929
shuttleset_03_scene_0023 pair 70 [4, 11] combined 130048 players 12656 retained 256 seconds 0.988311970140785
shuttleset_03_scene_0023 pair 71 [4, 12] combined 262144 players 6894 retained 256 seconds 1.1549356542527676
shuttleset_03_scene_0023 pair 72 [4, 13] combined 132840 players 5442 retained 256 seconds 0.7248939541168511
shuttleset_03_scene_0023 pair 75 [5, 0] combined 262144 players 58726 retained 256 seconds 3.5902457032352686
shuttleset_03_scene_0023 pair 77 [5, 2] combined 262144 players 4214 retained 256 seconds 1.3091997159644961
shuttleset_03_scene_0023 pair 78 [5, 3] combined 262144 players 73770 retained 256 seconds 3.686366251669824
shuttleset_03_scene_0023 pair 80 [5, 6] combined 78848 players 22964 retained 256 seconds 1.2909365412779152
shuttleset_03_scene_0023 pair 81 [5, 7] combined 126976 players 31198 retained 256 seconds 1.8525214069522917
shuttleset_03_scene_0023 pair 86 [5, 12] combined 262144 players 55870 retained 256 seconds 2.878345775883645
shuttleset_03_scene_0023 pair 87 [5, 13] combined 124928 players 17336 retained 256 seconds 1.1640178239904344
shuttleset_03_scene_0023 pair 90 [6, 0] combined 132096 players 5032 retained 256 seconds 1.2382433000020683
shuttleset_03_scene_0023 pair 91 [6, 1] combined 101376 players 23682 retained 256 seconds 1.586041959002614
shuttleset_03_scene_0023 pair 94 [6, 4] combined 124928 players 8586 retained 256 seconds 0.8338802163489163
shuttleset_03_scene_0023 pair 95 [6, 5] combined 103424 players 16462 retained 256 seconds 1.0874004559591413
shuttleset_03_scene_0023 pair 96 [6, 7] combined 76440 players 1430 retained 256 seconds 0.362771506421268
shuttleset_03_scene_0023 pair 97 [6, 8] combined 100352 players 8574 retained 256 seconds 0.7142940917983651
shuttleset_03_scene_0023 pair 98 [6, 9] combined 124928 players 2982 retained 256 seconds 0.5562285287305713
shuttleset_03_scene_0023 pair 99 [6, 10] combined 4896 players 212 retained 106 seconds 0.08557903114706278
shuttleset_03_scene_0023 pair 103 [6, 14] combined 26288 players 1946 retained 256 seconds 0.2329127467237413
shuttleset_03_scene_0023 pair 106 [7, 1] combined 154624 players 51338 retained 256 seconds 2.73406263301149
shuttleset_03_scene_0023 pair 108 [7, 3] combined 189440 players 9478 retained 256 seconds 1.077295625116676
shuttleset_03_scene_0023 pair 110 [7, 5] combined 155648 players 40154 retained 256 seconds 2.077118916902691
shuttleset_03_scene_0023 pair 111 [7, 6] combined 81024 players 606 retained 256 seconds 0.355784741230309
shuttleset_03_scene_0023 pair 112 [7, 8] combined 154624 players 37906 retained 256 seconds 2.025000894907862
shuttleset_03_scene_0023 pair 116 [7, 12] combined 231424 players 2440 retained 256 seconds 0.8988499320112169
shuttleset_03_scene_0023 pair 119 [7, 15] combined 53848 players 276 retained 137 seconds 0.25705059710890055
shuttleset_03_scene_0023 pair 120 [8, 0] combined 262144 players 52014 retained 256 seconds 3.4102676273323596
shuttleset_03_scene_0023 pair 122 [8, 2] combined 262144 players 1972 retained 256 seconds 1.0860036108642817
shuttleset_03_scene_0023 pair 123 [8, 3] combined 262144 players 63122 retained 256 seconds 3.3873513471335173
shuttleset_03_scene_0023 pair 126 [8, 6] combined 92160 players 15098 retained 256 seconds 1.0260963449254632
shuttleset_03_scene_0023 pair 127 [8, 7] combined 130048 players 28554 retained 256 seconds 1.7577630272135139
shuttleset_03_scene_0023 pair 130 [8, 11] combined 262144 players 200 retained 100 seconds 0.9772863378748298
shuttleset_03_scene_0023 pair 131 [8, 12] combined 262144 players 19612 retained 256 seconds 1.693575358018279
shuttleset_03_scene_0023 pair 132 [8, 13] combined 143360 players 15236 retained 256 seconds 1.1796093261800706
shuttleset_03_scene_0023 pair 138 [9, 3] combined 194560 players 28736 retained 256 seconds 1.835786163341254
shuttleset_03_scene_0023 pair 141 [9, 6] combined 100352 players 3214 retained 256 seconds 0.5408904762007296
shuttleset_03_scene_0023 pair 145 [9, 11] combined 262144 players 52976 retained 256 seconds 3.043675669003278
shuttleset_03_scene_0023 pair 146 [9, 12] combined 262144 players 10302 retained 256 seconds 1.3169733909890056
shuttleset_03_scene_0023 pair 149 [9, 15] combined 139264 players 7054 retained 256 seconds 0.8044282090850174
shuttleset_03_scene_0023 pair 152 [10, 2] combined 50176 players 940 retained 256 seconds 0.32387133222073317
shuttleset_03_scene_0023 pair 153 [10, 3] combined 23552 players 7632 retained 256 seconds 0.49670778308063745
shuttleset_03_scene_0023 pair 156 [10, 6] combined 7104 players 1042 retained 256 seconds 0.14979625679552555
shuttleset_03_scene_0023 pair 161 [10, 12] combined 34816 players 2692 retained 256 seconds 0.30043072486296296
shuttleset_03_scene_0023 pair 162 [10, 13] combined 10440 players 680 retained 256 seconds 0.14385611284524202
shuttleset_03_scene_0023 pair 164 [10, 15] combined 14616 players 4260 retained 256 seconds 0.3157099480740726
shuttleset_03_scene_0023 pair 168 [11, 3] combined 131072 players 46608 retained 256 seconds 2.154799036215991
shuttleset_03_scene_0023 pair 169 [11, 4] combined 152576 players 5550 retained 256 seconds 0.8351438739337027
shuttleset_03_scene_0023 pair 173 [11, 8] combined 186368 players 2564 retained 256 seconds 0.8331218031235039
shuttleset_03_scene_0023 pair 174 [11, 9] combined 164864 players 36322 retained 256 seconds 2.14504034165293
shuttleset_03_scene_0023 pair 178 [11, 14] combined 51840 players 876 retained 256 seconds 0.3324247342534363
shuttleset_03_scene_0023 pair 179 [11, 15] combined 69936 players 19888 retained 256 seconds 1.1175600001588464
shuttleset_03_scene_0023 pair 180 [12, 0] combined 226304 players 6300 retained 256 seconds 1.6731197070330381
shuttleset_03_scene_0023 pair 181 [12, 1] combined 262144 players 46120 retained 256 seconds 2.826706536114216
shuttleset_03_scene_0023 pair 184 [12, 4] combined 262144 players 10098 retained 256 seconds 1.3339513218961656
shuttleset_03_scene_0023 pair 185 [12, 5] combined 262144 players 27966 retained 256 seconds 1.984424430411309
shuttleset_03_scene_0023 pair 187 [12, 7] combined 173280 players 3026 retained 256 seconds 0.7540826932527125
shuttleset_03_scene_0023 pair 188 [12, 8] combined 262144 players 9058 retained 256 seconds 1.4599923370406032
shuttleset_03_scene_0023 pair 189 [12, 9] combined 262144 players 9148 retained 256 seconds 1.2704962161369622
shuttleset_03_scene_0023 pair 190 [12, 10] combined 19456 players 2188 retained 256 seconds 0.2439284436404705
shuttleset_03_scene_0023 pair 195 [13, 0] combined 247808 players 10730 retained 256 seconds 1.8723006169311702
shuttleset_03_scene_0023 pair 196 [13, 1] combined 88064 players 5572 retained 256 seconds 0.7433196790516376
shuttleset_03_scene_0023 pair 198 [13, 3] combined 217088 players 14296 retained 256 seconds 1.3348514158278704
shuttleset_03_scene_0023 pair 199 [13, 4] combined 105472 players 1932 retained 256 seconds 0.5170649876818061
shuttleset_03_scene_0023 pair 200 [13, 5] combined 94208 players 6094 retained 256 seconds 0.6604681313037872
shuttleset_03_scene_0023 pair 203 [13, 8] combined 100352 players 7920 retained 256 seconds 0.7130760112777352
shuttleset_03_scene_0023 pair 205 [13, 10] combined 9152 players 550 retained 240 seconds 0.13445228105410933
shuttleset_03_scene_0023 pair 208 [13, 14] combined 30284 players 1394 retained 256 seconds 0.23860522080212831
shuttleset_03_scene_0023 pair 209 [13, 15] combined 95904 players 712 retained 256 seconds 0.41858673095703125
shuttleset_03_scene_0023 pair 210 [14, 0] combined 106496 players 20994 retained 256 seconds 1.7884800927713513
shuttleset_03_scene_0023 pair 212 [14, 2] combined 116736 players 1282 retained 256 seconds 0.5427762577310205
shuttleset_03_scene_0023 pair 213 [14, 3] combined 114688 players 26980 retained 256 seconds 1.6331608276814222
shuttleset_03_scene_0023 pair 216 [14, 6] combined 23408 players 3176 retained 256 seconds 0.28337226109579206
shuttleset_03_scene_0023 pair 221 [14, 11] combined 133980 players 128 retained 64 seconds 0.5101062310859561
shuttleset_03_scene_0023 pair 223 [14, 13] combined 67500 players 8284 retained 256 seconds 0.5812693680636585
shuttleset_03_scene_0023 pair 227 [15, 2] combined 140288 players 44368 retained 256 seconds 2.2676307279616594
shuttleset_03_scene_0023 pair 232 [15, 7] combined 89280 players 356 retained 178 seconds 0.3896898846141994
shuttleset_03_scene_0023 pair 234 [15, 9] combined 114688 players 3050 retained 256 seconds 0.5861264588311315
shuttleset_03_scene_0023 pair 235 [15, 10] combined 6116 players 2336 retained 256 seconds 0.2087242971174419
shuttleset_03_scene_0023 pair 236 [15, 11] combined 122388 players 16608 retained 256 seconds 1.1863746610470116
shuttleset_03_scene_0023 pair 238 [15, 13] combined 77672 players 784 retained 256 seconds 0.3780658831819892
shuttleset_03_scene_0023 pair 0 [0, 1] combined 262144 players 48668 retained 256 seconds 3.6423991308547556
shuttleset_03_scene_0023 pair 1 [0, 2] combined 161792 players 34164 retained 256 seconds 2.493428143206984
shuttleset_03_scene_0023 pair 4 [0, 5] combined 33792 players 6290 retained 256 seconds 1.3496747501194477
shuttleset_03_scene_0023 pair 5 [0, 6] combined 64512 players 7372 retained 256 seconds 1.337432614993304
shuttleset_03_scene_0023 pair 7 [0, 8] combined 48128 players 8628 retained 256 seconds 1.3282333770766854
shuttleset_03_scene_0023 pair 11 [0, 12] combined 195584 players 39442 retained 256 seconds 2.8528832769952714
shuttleset_03_scene_0023 pair 12 [0, 13] combined 15360 players 2226 retained 256 seconds 1.0375180076807737
shuttleset_03_scene_0023 pair 13 [0, 14] combined 6144 players 760 retained 256 seconds 0.9569992171600461
shuttleset_03_scene_0023 pair 15 [1, 0] combined 262144 players 53696 retained 256 seconds 3.452168371062726
shuttleset_03_scene_0023 pair 16 [1, 2] combined 262144 players 6568 retained 256 seconds 1.2378299739211798
shuttleset_03_scene_0023 pair 17 [1, 3] combined 262144 players 67982 retained 256 seconds 3.9801327758468688
shuttleset_03_scene_0023 pair 20 [1, 6] combined 43008 players 7728 retained 256 seconds 0.6179044283926487
shuttleset_03_scene_0023 pair 21 [1, 7] combined 4096 players 1618 retained 256 seconds 0.23704048432409763
shuttleset_03_scene_0023 pair 26 [1, 12] combined 137216 players 30414 retained 256 seconds 1.7602330171503127
shuttleset_03_scene_0023 pair 27 [1, 13] combined 2048 players 288 retained 132 seconds 0.163168472237885
shuttleset_03_scene_0023 pair 30 [2, 0] combined 245760 players 59366 retained 256 seconds 3.6261170669458807
shuttleset_03_scene_0023 pair 31 [2, 1] combined 210944 players 6494 retained 256 seconds 1.044508567545563
shuttleset_03_scene_0023 pair 32 [2, 3] combined 247808 players 69216 retained 256 seconds 3.471995114348829
shuttleset_03_scene_0023 pair 33 [2, 4] combined 2048 players 26 retained 13 seconds 0.11180842714384198
shuttleset_03_scene_0023 pair 34 [2, 5] combined 59392 players 1970 retained 256 seconds 0.3784541110508144
shuttleset_03_scene_0023 pair 37 [2, 8] combined 72000 players 2182 retained 256 seconds 0.420191562268883
shuttleset_03_scene_0023 pair 39 [2, 10] combined 12288 players 0 retained 0 seconds 0.10394839476794004
shuttleset_03_scene_0023 pair 43 [2, 14] combined 18468 players 894 retained 256 seconds 0.20370156690478325
shuttleset_03_scene_0023 pair 44 [2, 15] combined 17388 players 1366 retained 256 seconds 0.5301130739971995
shuttleset_03_scene_0023 pair 46 [3, 1] combined 262144 players 56764 retained 256 seconds 3.1745391441509128
shuttleset_03_scene_0023 pair 47 [3, 2] combined 163840 players 34632 retained 256 seconds 1.9712798339314759
shuttleset_03_scene_0023 pair 48 [3, 4] combined 5120 players 1786 retained 256 seconds 0.19158284785225987
shuttleset_03_scene_0023 pair 49 [3, 5] combined 30720 players 6296 retained 256 seconds 0.47657117201015353
shuttleset_03_scene_0023 pair 51 [3, 7] combined 17272 players 6234 retained 256 seconds 0.404241637326777
shuttleset_03_scene_0023 pair 52 [3, 8] combined 47104 players 10456 retained 256 seconds 0.6825971389189363
shuttleset_03_scene_0023 pair 53 [3, 9] combined 19456 players 7096 retained 256 seconds 0.45023517729714513
shuttleset_03_scene_0023 pair 54 [3, 10] combined 5120 players 934 retained 256 seconds 0.18076191935688257
shuttleset_03_scene_0023 pair 55 [3, 11] combined 14336 players 1664 retained 256 seconds 0.2375060929916799
shuttleset_03_scene_0023 pair 57 [3, 13] combined 9216 players 1000 retained 256 seconds 0.18570734607055783
shuttleset_03_scene_0023 pair 58 [3, 14] combined 6144 players 1236 retained 256 seconds 0.18970725079998374
shuttleset_03_scene_0023 pair 62 [4, 2] combined 7240 players 682 retained 256 seconds 0.14240274904295802
shuttleset_03_scene_0023 pair 63 [4, 3] combined 4096 players 1368 retained 256 seconds 0.16780177410691977
shuttleset_03_scene_0023 pair 65 [4, 6] combined 1372 players 0 retained 0 seconds 0.02633925201371312
shuttleset_03_scene_0023 pair 70 [4, 11] combined 720 players 140 retained 70 seconds 0.05899757193401456
shuttleset_03_scene_0023 pair 71 [4, 12] combined 7680 players 0 retained 0 seconds 0.04953747196123004
shuttleset_03_scene_0023 pair 72 [4, 13] combined 32 players 4 retained 2 seconds 0.03854314936324954
shuttleset_03_scene_0023 pair 75 [5, 0] combined 53248 players 10004 retained 256 seconds 1.1422797432169318
shuttleset_03_scene_0023 pair 77 [5, 2] combined 94208 players 496 retained 248 seconds 0.41496592620387673
shuttleset_03_scene_0023 pair 78 [5, 3] combined 52224 players 13826 retained 256 seconds 0.8111347407102585
shuttleset_03_scene_0023 pair 80 [5, 6] combined 6768 players 1436 retained 256 seconds 0.47559240739792585
shuttleset_03_scene_0023 pair 81 [5, 7] combined 980 players 354 retained 177 seconds 0.0827463180758059
shuttleset_03_scene_0023 pair 86 [5, 12] combined 27776 players 6660 retained 256 seconds 0.4288746789097786
shuttleset_03_scene_0023 pair 87 [5, 13] combined 448 players 112 retained 54 seconds 0.06228192104026675
shuttleset_03_scene_0023 pair 90 [6, 0] combined 78848 players 2402 retained 256 seconds 0.951939838938415
shuttleset_03_scene_0023 pair 91 [6, 1] combined 61440 players 11982 retained 256 seconds 0.8028802899643779
shuttleset_03_scene_0023 pair 94 [6, 4] combined 1708 players 0 retained 0 seconds 0.033146731089800596
shuttleset_03_scene_0023 pair 95 [6, 5] combined 7812 players 1258 retained 256 seconds 0.15718771563842893
shuttleset_03_scene_0023 pair 96 [6, 7] combined 5236 players 40 retained 20 seconds 0.07110549928620458
shuttleset_03_scene_0023 pair 97 [6, 8] combined 13632 players 2290 retained 256 seconds 0.21478129317983985
shuttleset_03_scene_0023 pair 98 [6, 9] combined 5700 players 184 retained 91 seconds 0.08447653101757169
shuttleset_03_scene_0023 pair 99 [6, 10] combined 2072 players 0 retained 0 seconds 0.03384934086352587
shuttleset_03_scene_0023 pair 103 [6, 14] combined 1800 players 122 retained 55 seconds 0.06447017006576061
shuttleset_03_scene_0023 pair 106 [7, 1] combined 2048 players 616 retained 256 seconds 0.14998615207150578
shuttleset_03_scene_0023 pair 108 [7, 3] combined 6144 players 0 retained 0 seconds 0.06310188723728061
shuttleset_03_scene_0023 pair 110 [7, 5] combined 240 players 80 retained 40 seconds 0.04924243921414018
shuttleset_03_scene_0023 pair 111 [7, 6] combined 4636 players 16 retained 7 seconds 0.06178105901926756
shuttleset_03_scene_0023 pair 112 [7, 8] combined 344 players 114 retained 55 seconds 0.05321596981957555
shuttleset_03_scene_0023 pair 116 [7, 12] combined 16700 players 144 retained 72 seconds 0.108487777877599
shuttleset_03_scene_0023 pair 119 [7, 15] combined 2100 players 0 retained 0 seconds 0.028768067713826895
shuttleset_03_scene_0023 pair 120 [8, 0] combined 80896 players 15506 retained 256 seconds 1.3910509222187102
shuttleset_03_scene_0023 pair 122 [8, 2] combined 74752 players 522 retained 256 seconds 0.35029202327132225
shuttleset_03_scene_0023 pair 123 [8, 3] combined 84992 players 19390 retained 256 seconds 1.089000494685024
shuttleset_03_scene_0023 pair 126 [8, 6] combined 13720 players 1526 retained 256 seconds 0.19386153621599078
shuttleset_03_scene_0023 pair 127 [8, 7] combined 828 players 318 retained 159 seconds 0.07993353484198451
shuttleset_03_scene_0023 pair 130 [8, 11] combined 13872 players 0 retained 0 seconds 0.0790714924223721
shuttleset_03_scene_0023 pair 131 [8, 12] combined 39872 players 3614 retained 256 seconds 0.3466439498588443
shuttleset_03_scene_0023 pair 132 [8, 13] combined 1140 players 242 retained 121 seconds 0.07546819420531392
shuttleset_03_scene_0023 pair 138 [9, 3] combined 14336 players 2942 retained 256 seconds 0.2495524068363011
shuttleset_03_scene_0023 pair 141 [9, 6] combined 7904 players 110 retained 55 seconds 0.07913920423015952
shuttleset_03_scene_0023 pair 145 [9, 11] combined 7448 players 2426 retained 256 seconds 0.1892543500289321
shuttleset_03_scene_0023 pair 146 [9, 12] combined 19832 players 594 retained 256 seconds 0.1563307410106063
shuttleset_03_scene_0023 pair 149 [9, 15] combined 4600 players 92 retained 46 seconds 0.07098435005173087
shuttleset_03_scene_0023 pair 152 [10, 2] combined 8496 players 0 retained 0 seconds 0.07109515462070704
shuttleset_03_scene_0023 pair 153 [10, 3] combined 5120 players 1362 retained 256 seconds 0.17408564081415534
shuttleset_03_scene_0023 pair 156 [10, 6] combined 1376 players 48 retained 24 seconds 0.05707945395261049
shuttleset_03_scene_0023 pair 161 [10, 12] combined 3668 players 80 retained 40 seconds 0.07176409102976322
shuttleset_03_scene_0023 pair 162 [10, 13] combined 0 players 0 retained 0 seconds 0.014231808949261904
shuttleset_03_scene_0023 pair 164 [10, 15] combined 2444 players 794 retained 256 seconds 0.12661734176799655
shuttleset_03_scene_0023 pair 168 [11, 3] combined 16384 players 5538 retained 256 seconds 0.3649514033459127
shuttleset_03_scene_0023 pair 169 [11, 4] combined 344 players 0 retained 0 seconds 0.02709355764091015
shuttleset_03_scene_0023 pair 173 [11, 8] combined 4452 players 72 retained 36 seconds 0.07622320298105478
shuttleset_03_scene_0023 pair 174 [11, 9] combined 4400 players 1482 retained 256 seconds 0.1414016541093588
shuttleset_03_scene_0023 pair 178 [11, 14] combined 840 players 52 retained 26 seconds 0.05619853874668479
shuttleset_03_scene_0023 pair 179 [11, 15] combined 2400 players 742 retained 256 seconds 0.12460586009547114
shuttleset_03_scene_0023 pair 180 [12, 0] combined 132096 players 4618 retained 256 seconds 1.1499770400114357
shuttleset_03_scene_0023 pair 181 [12, 1] combined 148480 players 22876 retained 256 seconds 1.50184813933447
shuttleset_03_scene_0023 pair 184 [12, 4] combined 3792 players 148 retained 74 seconds 0.08471246110275388
shuttleset_03_scene_0023 pair 185 [12, 5] combined 18476 players 4412 retained 256 seconds 0.32736642099916935
shuttleset_03_scene_0023 pair 187 [12, 7] combined 4984 players 32 retained 16 seconds 0.07058780593797565
shuttleset_03_scene_0023 pair 188 [12, 8] combined 36540 players 1588 retained 256 seconds 0.2604484469629824
shuttleset_03_scene_0023 pair 189 [12, 9] combined 12400 players 568 retained 256 seconds 0.1395882316865027
shuttleset_03_scene_0023 pair 190 [12, 10] combined 1208 players 0 retained 0 seconds 0.03805663203820586
shuttleset_03_scene_0023 pair 195 [13, 0] combined 8192 players 0 retained 0 seconds 0.547451444901526
shuttleset_03_scene_0023 pair 196 [13, 1] combined 3072 players 536 retained 256 seconds 0.14498321805149317
shuttleset_03_scene_0023 pair 198 [13, 3] combined 15360 players 1546 retained 256 seconds 0.5324636278674006
shuttleset_03_scene_0023 pair 199 [13, 4] combined 24 players 12 retained 6 seconds 0.03780426364392042
shuttleset_03_scene_0023 pair 200 [13, 5] combined 360 players 44 retained 22 seconds 0.04836755618453026
shuttleset_03_scene_0023 pair 203 [13, 8] combined 516 players 110 retained 52 seconds 0.05314755206927657
shuttleset_03_scene_0023 pair 205 [13, 10] combined 0 players 0 retained 0 seconds 0.011926017235964537
shuttleset_03_scene_0023 pair 208 [13, 14] combined 96 players 16 retained 8 seconds 0.03796571400016546
shuttleset_03_scene_0023 pair 209 [13, 15] combined 864 players 0 retained 0 seconds 0.024858633056282997
shuttleset_03_scene_0023 pair 210 [14, 0] combined 17408 players 3088 retained 256 seconds 0.7412035088054836
shuttleset_03_scene_0023 pair 212 [14, 2] combined 13312 players 244 retained 122 seconds 0.12975431885570288
shuttleset_03_scene_0023 pair 213 [14, 3] combined 14336 players 3158 retained 256 seconds 0.2579041523858905
shuttleset_03_scene_0023 pair 216 [14, 6] combined 1204 players 142 retained 71 seconds 0.06086330907419324
shuttleset_03_scene_0023 pair 221 [14, 11] combined 1768 players 0 retained 0 seconds 0.026713485829532146
shuttleset_03_scene_0023 pair 223 [14, 13] combined 460 players 154 retained 76 seconds 0.04980861395597458
shuttleset_03_scene_0023 pair 227 [15, 2] combined 22876 players 7662 retained 256 seconds 0.4802437131293118
shuttleset_03_scene_0023 pair 232 [15, 7] combined 1000 players 0 retained 0 seconds 0.03731839219108224
shuttleset_03_scene_0023 pair 234 [15, 9] combined 2176 players 6 retained 3 seconds 0.06582871079444885
shuttleset_03_scene_0023 pair 235 [15, 10] combined 600 players 182 retained 78 seconds 0.07554212398827076
shuttleset_03_scene_0023 pair 236 [15, 11] combined 2112 players 400 retained 161 seconds 0.10238711535930634
shuttleset_03_scene_0023 pair 238 [15, 13] combined 448 players 0 retained 0 seconds 0.034606988076120615
[shuttleset_03_scene_0023] line-template: preparing rectangles
[shuttleset_03_scene_0023] measuring 702 parents (G0=256, G1=256, line_template=256; conflicting geometry groups=0)
[shuttleset_03_scene_0023] parents 250/702
[shuttleset_03_scene_0023] parents 500/702
[shuttleset_03_scene_0023] refitting 702 parents
[shuttleset_03_scene_0023] refits 250/702; valid children=243
[shuttleset_03_scene_0023] refits 500/702; valid children=489
{"view_id": "shuttleset_03_scene_0023", "chosen_key": "G1:1:14894/child", "no_court_reason": null, "all_checks_equal": null, "error": null}
{"views": ["shuttleset_03_scene_0023"], "startup_seconds": 0.033830693922936916, "wall_seconds": 751.4260304700583, "peak_rss_mb": 1722.55078125, "failed": []}
