decoded /scratch/cmarti/issue103_ad8da4f/external/shuttleset-sources/21 An_Se_Young_Ratchanok_Intanon_YONEX_Thailand_Open_2021_QuarterFinals.mp4 to frame 9603 in 62s
sset_21_gloiZ_gTJaE_frame_00009558 pair 0 [0, 1] combined 0 players 0 retained 0 seconds 0.04074218403548002
sset_21_gloiZ_gTJaE_frame_00009558 pair 1 [0, 2] combined 0 players 0 retained 0 seconds 0.041712168138474226
sset_21_gloiZ_gTJaE_frame_00009558 pair 5 [0, 6] combined 0 players 0 retained 0 seconds 0.036777581088244915
sset_21_gloiZ_gTJaE_frame_00009558 pair 7 [0, 8] combined 0 players 0 retained 0 seconds 0.03911341121420264
sset_21_gloiZ_gTJaE_frame_00009558 pair 9 [0, 10] combined 0 players 0 retained 0 seconds 0.040941947139799595
sset_21_gloiZ_gTJaE_frame_00009558 pair 10 [0, 11] combined 0 players 0 retained 0 seconds 0.03819439094513655
sset_21_gloiZ_gTJaE_frame_00009558 pair 15 [1, 0] combined 0 players 0 retained 0 seconds 0.024532886687666178
sset_21_gloiZ_gTJaE_frame_00009558 pair 17 [1, 3] combined 0 players 0 retained 0 seconds 0.010750295594334602
sset_21_gloiZ_gTJaE_frame_00009558 pair 18 [1, 4] combined 0 players 0 retained 0 seconds 0.011181277222931385
sset_21_gloiZ_gTJaE_frame_00009558 pair 20 [1, 6] combined 0 players 0 retained 0 seconds 0.010567956138402224
sset_21_gloiZ_gTJaE_frame_00009558 pair 22 [1, 8] combined 0 players 0 retained 0 seconds 0.012956565711647272
sset_21_gloiZ_gTJaE_frame_00009558 pair 23 [1, 9] combined 0 players 0 retained 0 seconds 0.01112328376621008
sset_21_gloiZ_gTJaE_frame_00009558 pair 26 [1, 12] combined 0 players 0 retained 0 seconds 0.011037666350603104
sset_21_gloiZ_gTJaE_frame_00009558 pair 29 [1, 15] combined 0 players 0 retained 0 seconds 0.01034387992694974
sset_21_gloiZ_gTJaE_frame_00009558 pair 30 [2, 0] combined 0 players 0 retained 0 seconds 0.02862014714628458
sset_21_gloiZ_gTJaE_frame_00009558 pair 32 [2, 3] combined 0 players 0 retained 0 seconds 0.01487570209428668
sset_21_gloiZ_gTJaE_frame_00009558 pair 33 [2, 4] combined 0 players 0 retained 0 seconds 0.01447326922789216
sset_21_gloiZ_gTJaE_frame_00009558 pair 35 [2, 6] combined 0 players 0 retained 0 seconds 0.014739345759153366
sset_21_gloiZ_gTJaE_frame_00009558 pair 36 [2, 7] combined 0 players 0 retained 0 seconds 0.015573800075799227
sset_21_gloiZ_gTJaE_frame_00009558 pair 37 [2, 8] combined 0 players 0 retained 0 seconds 0.016776392702013254
sset_21_gloiZ_gTJaE_frame_00009558 pair 38 [2, 9] combined 0 players 0 retained 0 seconds 0.01506891380995512
sset_21_gloiZ_gTJaE_frame_00009558 pair 41 [2, 12] combined 0 players 0 retained 0 seconds 0.01512158289551735
sset_21_gloiZ_gTJaE_frame_00009558 pair 44 [2, 15] combined 0 players 0 retained 0 seconds 0.014543854165822268
sset_21_gloiZ_gTJaE_frame_00009558 pair 46 [3, 1] combined 0 players 0 retained 0 seconds 0.007494532037526369
sset_21_gloiZ_gTJaE_frame_00009558 pair 47 [3, 2] combined 0 players 0 retained 0 seconds 0.0092279352247715
sset_21_gloiZ_gTJaE_frame_00009558 pair 49 [3, 5] combined 0 players 0 retained 0 seconds 0.00506237568333745
sset_21_gloiZ_gTJaE_frame_00009558 pair 54 [3, 10] combined 0 players 0 retained 0 seconds 0.008800643030554056
sset_21_gloiZ_gTJaE_frame_00009558 pair 55 [3, 11] combined 0 players 0 retained 0 seconds 0.0053311558440327644
sset_21_gloiZ_gTJaE_frame_00009558 pair 61 [4, 1] combined 0 players 0 retained 0 seconds 0.006961753126233816
sset_21_gloiZ_gTJaE_frame_00009558 pair 62 [4, 2] combined 0 players 0 retained 0 seconds 0.008679683320224285
sset_21_gloiZ_gTJaE_frame_00009558 pair 64 [4, 5] combined 0 players 0 retained 0 seconds 0.005055797751992941
sset_21_gloiZ_gTJaE_frame_00009558 pair 69 [4, 10] combined 0 players 0 retained 0 seconds 0.008116955868899822
sset_21_gloiZ_gTJaE_frame_00009558 pair 70 [4, 11] combined 0 players 0 retained 0 seconds 0.005154195241630077
sset_21_gloiZ_gTJaE_frame_00009558 pair 78 [5, 3] combined 0 players 0 retained 0 seconds 0.005847166292369366
sset_21_gloiZ_gTJaE_frame_00009558 pair 79 [5, 4] combined 0 players 0 retained 0 seconds 0.005723501089960337
sset_21_gloiZ_gTJaE_frame_00009558 pair 80 [5, 6] combined 0 players 0 retained 0 seconds 0.0053791687823832035
sset_21_gloiZ_gTJaE_frame_00009558 pair 82 [5, 8] combined 0 players 0 retained 0 seconds 0.007083038333803415
sset_21_gloiZ_gTJaE_frame_00009558 pair 83 [5, 9] combined 0 players 0 retained 0 seconds 0.006093613337725401
sset_21_gloiZ_gTJaE_frame_00009558 pair 86 [5, 12] combined 0 players 0 retained 0 seconds 0.00602530175819993
sset_21_gloiZ_gTJaE_frame_00009558 pair 89 [5, 15] combined 0 players 0 retained 0 seconds 0.005338241811841726
sset_21_gloiZ_gTJaE_frame_00009558 pair 90 [6, 0] combined 0 players 0 retained 0 seconds 0.017770630307495594
sset_21_gloiZ_gTJaE_frame_00009558 pair 91 [6, 1] combined 0 players 0 retained 0 seconds 0.006738570053130388
sset_21_gloiZ_gTJaE_frame_00009558 pair 92 [6, 2] combined 0 players 0 retained 0 seconds 0.008961142040789127
sset_21_gloiZ_gTJaE_frame_00009558 pair 95 [6, 5] combined 0 players 0 retained 0 seconds 0.004777786787599325
sset_21_gloiZ_gTJaE_frame_00009558 pair 96 [6, 7] combined 0 players 0 retained 0 seconds 0.004903791006654501
sset_21_gloiZ_gTJaE_frame_00009558 pair 99 [6, 10] combined 0 players 0 retained 0 seconds 0.007881463970988989
sset_21_gloiZ_gTJaE_frame_00009558 pair 107 [7, 2] combined 0 players 0 retained 0 seconds 0.011136149987578392
sset_21_gloiZ_gTJaE_frame_00009558 pair 111 [7, 6] combined 0 players 0 retained 0 seconds 0.006222704891115427
sset_21_gloiZ_gTJaE_frame_00009558 pair 112 [7, 8] combined 0 players 0 retained 0 seconds 0.00857916520908475
sset_21_gloiZ_gTJaE_frame_00009558 pair 115 [7, 11] combined 0 players 0 retained 0 seconds 0.007734708022326231
sset_21_gloiZ_gTJaE_frame_00009558 pair 120 [8, 0] combined 0 players 0 retained 0 seconds 0.023065560031682253
sset_21_gloiZ_gTJaE_frame_00009558 pair 121 [8, 1] combined 0 players 0 retained 0 seconds 0.012228530831634998
sset_21_gloiZ_gTJaE_frame_00009558 pair 122 [8, 2] combined 0 players 0 retained 0 seconds 0.014084798283874989
sset_21_gloiZ_gTJaE_frame_00009558 pair 125 [8, 5] combined 0 players 0 retained 0 seconds 0.009327582083642483
sset_21_gloiZ_gTJaE_frame_00009558 pair 127 [8, 7] combined 0 players 0 retained 0 seconds 0.010449979919940233
sset_21_gloiZ_gTJaE_frame_00009558 pair 129 [8, 10] combined 0 players 0 retained 0 seconds 0.013143766671419144
sset_21_gloiZ_gTJaE_frame_00009558 pair 130 [8, 11] combined 0 players 0 retained 0 seconds 0.010250578634440899
sset_21_gloiZ_gTJaE_frame_00009558 pair 132 [8, 13] combined 0 players 0 retained 0 seconds 0.009367277380079031
sset_21_gloiZ_gTJaE_frame_00009558 pair 133 [8, 14] combined 0 players 0 retained 0 seconds 0.008945493027567863
sset_21_gloiZ_gTJaE_frame_00009558 pair 136 [9, 1] combined 0 players 0 retained 0 seconds 0.008007433265447617
sset_21_gloiZ_gTJaE_frame_00009558 pair 137 [9, 2] combined 0 players 0 retained 0 seconds 0.009373798035085201
sset_21_gloiZ_gTJaE_frame_00009558 pair 140 [9, 5] combined 0 players 0 retained 0 seconds 0.00547416415065527
sset_21_gloiZ_gTJaE_frame_00009558 pair 144 [9, 10] combined 0 players 0 retained 0 seconds 0.009237468242645264
sset_21_gloiZ_gTJaE_frame_00009558 pair 145 [9, 11] combined 0 players 0 retained 0 seconds 0.006150478031486273
sset_21_gloiZ_gTJaE_frame_00009558 pair 150 [10, 0] combined 0 players 0 retained 0 seconds 0.027175804134458303
sset_21_gloiZ_gTJaE_frame_00009558 pair 153 [10, 3] combined 0 players 0 retained 0 seconds 0.013706244993954897
sset_21_gloiZ_gTJaE_frame_00009558 pair 154 [10, 4] combined 0 players 0 retained 0 seconds 0.013272328767925501
sset_21_gloiZ_gTJaE_frame_00009558 pair 156 [10, 6] combined 0 players 0 retained 0 seconds 0.013561347033828497
sset_21_gloiZ_gTJaE_frame_00009558 pair 158 [10, 8] combined 0 players 0 retained 0 seconds 0.015667577274143696
sset_21_gloiZ_gTJaE_frame_00009558 pair 159 [10, 9] combined 0 players 0 retained 0 seconds 0.013959236908704042
sset_21_gloiZ_gTJaE_frame_00009558 pair 161 [10, 12] combined 0 players 0 retained 0 seconds 0.014012405183166265
sset_21_gloiZ_gTJaE_frame_00009558 pair 164 [10, 15] combined 0 players 0 retained 0 seconds 0.01336326077580452
sset_21_gloiZ_gTJaE_frame_00009558 pair 165 [11, 0] combined 0 players 0 retained 0 seconds 0.02046968275681138
sset_21_gloiZ_gTJaE_frame_00009558 pair 168 [11, 3] combined 0 players 0 retained 0 seconds 0.0063117146492004395
sset_21_gloiZ_gTJaE_frame_00009558 pair 169 [11, 4] combined 0 players 0 retained 0 seconds 0.006502604577690363
sset_21_gloiZ_gTJaE_frame_00009558 pair 172 [11, 7] combined 0 players 0 retained 0 seconds 0.007709052879363298
sset_21_gloiZ_gTJaE_frame_00009558 pair 173 [11, 8] combined 0 players 0 retained 0 seconds 0.0128622530028224
sset_21_gloiZ_gTJaE_frame_00009558 pair 174 [11, 9] combined 0 players 0 retained 0 seconds 0.007245857268571854
sset_21_gloiZ_gTJaE_frame_00009558 pair 176 [11, 12] combined 0 players 0 retained 0 seconds 0.00671733682975173
sset_21_gloiZ_gTJaE_frame_00009558 pair 178 [11, 14] combined 0 players 0 retained 0 seconds 0.005926711019128561
sset_21_gloiZ_gTJaE_frame_00009558 pair 179 [11, 15] combined 0 players 0 retained 0 seconds 0.006444846745580435
sset_21_gloiZ_gTJaE_frame_00009558 pair 181 [12, 1] combined 0 players 0 retained 0 seconds 0.008159555029124022
sset_21_gloiZ_gTJaE_frame_00009558 pair 182 [12, 2] combined 0 players 0 retained 0 seconds 0.009473834186792374
sset_21_gloiZ_gTJaE_frame_00009558 pair 185 [12, 5] combined 0 players 0 retained 0 seconds 0.005821438040584326
sset_21_gloiZ_gTJaE_frame_00009558 pair 190 [12, 10] combined 0 players 0 retained 0 seconds 0.009341564029455185
sset_21_gloiZ_gTJaE_frame_00009558 pair 191 [12, 11] combined 0 players 0 retained 0 seconds 0.006081598810851574
sset_21_gloiZ_gTJaE_frame_00009558 pair 203 [13, 8] combined 0 players 0 retained 0 seconds 0.007000674027949572
sset_21_gloiZ_gTJaE_frame_00009558 pair 218 [14, 8] combined 0 players 0 retained 0 seconds 0.006194538902491331
sset_21_gloiZ_gTJaE_frame_00009558 pair 221 [14, 11] combined 0 players 0 retained 0 seconds 0.004592211917042732
sset_21_gloiZ_gTJaE_frame_00009558 pair 226 [15, 1] combined 0 players 0 retained 0 seconds 0.006811143364757299
sset_21_gloiZ_gTJaE_frame_00009558 pair 227 [15, 2] combined 0 players 0 retained 0 seconds 0.008150657173246145
sset_21_gloiZ_gTJaE_frame_00009558 pair 230 [15, 5] combined 0 players 0 retained 0 seconds 0.004368205089122057
sset_21_gloiZ_gTJaE_frame_00009558 pair 235 [15, 10] combined 0 players 0 retained 0 seconds 0.007541490253061056
sset_21_gloiZ_gTJaE_frame_00009558 pair 236 [15, 11] combined 0 players 0 retained 0 seconds 0.00491637596860528
sset_21_gloiZ_gTJaE_frame_00009558 pair 0 [0, 1] combined 0 players 0 retained 0 seconds 0.008846179116517305
sset_21_gloiZ_gTJaE_frame_00009558 pair 1 [0, 2] combined 0 players 0 retained 0 seconds 0.008930331096053123
sset_21_gloiZ_gTJaE_frame_00009558 pair 5 [0, 6] combined 0 players 0 retained 0 seconds 0.008305266965180635
sset_21_gloiZ_gTJaE_frame_00009558 pair 7 [0, 8] combined 0 players 0 retained 0 seconds 0.008783079218119383
sset_21_gloiZ_gTJaE_frame_00009558 pair 9 [0, 10] combined 0 players 0 retained 0 seconds 0.009007283952087164
sset_21_gloiZ_gTJaE_frame_00009558 pair 10 [0, 11] combined 0 players 0 retained 0 seconds 0.008093165699392557
sset_21_gloiZ_gTJaE_frame_00009558 pair 15 [1, 0] combined 0 players 0 retained 0 seconds 0.006168770603835583
sset_21_gloiZ_gTJaE_frame_00009558 pair 17 [1, 3] combined 0 players 0 retained 0 seconds 0.003405870869755745
sset_21_gloiZ_gTJaE_frame_00009558 pair 18 [1, 4] combined 0 players 0 retained 0 seconds 0.0033998521976172924
sset_21_gloiZ_gTJaE_frame_00009558 pair 20 [1, 6] combined 0 players 0 retained 0 seconds 0.003447568044066429
sset_21_gloiZ_gTJaE_frame_00009558 pair 22 [1, 8] combined 0 players 0 retained 0 seconds 0.004041974898427725
sset_21_gloiZ_gTJaE_frame_00009558 pair 23 [1, 9] combined 0 players 0 retained 0 seconds 0.0035024997778236866
sset_21_gloiZ_gTJaE_frame_00009558 pair 26 [1, 12] combined 0 players 0 retained 0 seconds 0.003646358847618103
sset_21_gloiZ_gTJaE_frame_00009558 pair 29 [1, 15] combined 0 players 0 retained 0 seconds 0.0033663990907371044
sset_21_gloiZ_gTJaE_frame_00009558 pair 30 [2, 0] combined 0 players 0 retained 0 seconds 0.005657011643052101
sset_21_gloiZ_gTJaE_frame_00009558 pair 32 [2, 3] combined 0 players 0 retained 0 seconds 0.0033187060616910458
sset_21_gloiZ_gTJaE_frame_00009558 pair 33 [2, 4] combined 0 players 0 retained 0 seconds 0.003301092889159918
sset_21_gloiZ_gTJaE_frame_00009558 pair 35 [2, 6] combined 0 players 0 retained 0 seconds 0.00354162510484457
sset_21_gloiZ_gTJaE_frame_00009558 pair 36 [2, 7] combined 0 players 0 retained 0 seconds 0.0037311851046979427
sset_21_gloiZ_gTJaE_frame_00009558 pair 37 [2, 8] combined 0 players 0 retained 0 seconds 0.003883236087858677
sset_21_gloiZ_gTJaE_frame_00009558 pair 38 [2, 9] combined 0 players 0 retained 0 seconds 0.003280308097600937
sset_21_gloiZ_gTJaE_frame_00009558 pair 41 [2, 12] combined 0 players 0 retained 0 seconds 0.0034491238184273243
sset_21_gloiZ_gTJaE_frame_00009558 pair 44 [2, 15] combined 0 players 0 retained 0 seconds 0.0032539390958845615
sset_21_gloiZ_gTJaE_frame_00009558 pair 46 [3, 1] combined 0 players 0 retained 0 seconds 0.0029679513536393642
sset_21_gloiZ_gTJaE_frame_00009558 pair 47 [3, 2] combined 0 players 0 retained 0 seconds 0.0030069597996771336
sset_21_gloiZ_gTJaE_frame_00009558 pair 49 [3, 5] combined 0 players 0 retained 0 seconds 0.0028706807643175125
sset_21_gloiZ_gTJaE_frame_00009558 pair 54 [3, 10] combined 0 players 0 retained 0 seconds 0.003112717065960169
sset_21_gloiZ_gTJaE_frame_00009558 pair 55 [3, 11] combined 0 players 0 retained 0 seconds 0.002448161132633686
sset_21_gloiZ_gTJaE_frame_00009558 pair 61 [4, 1] combined 0 players 0 retained 0 seconds 0.002798303961753845
sset_21_gloiZ_gTJaE_frame_00009558 pair 62 [4, 2] combined 0 players 0 retained 0 seconds 0.002677504438906908
sset_21_gloiZ_gTJaE_frame_00009558 pair 64 [4, 5] combined 0 players 0 retained 0 seconds 0.002462289296090603
sset_21_gloiZ_gTJaE_frame_00009558 pair 69 [4, 10] combined 0 players 0 retained 0 seconds 0.0032547898590564728
sset_21_gloiZ_gTJaE_frame_00009558 pair 70 [4, 11] combined 0 players 0 retained 0 seconds 0.002508085686713457
sset_21_gloiZ_gTJaE_frame_00009558 pair 78 [5, 3] combined 0 players 0 retained 0 seconds 0.002573695033788681
sset_21_gloiZ_gTJaE_frame_00009558 pair 79 [5, 4] combined 0 players 0 retained 0 seconds 0.0025646528229117393
sset_21_gloiZ_gTJaE_frame_00009558 pair 80 [5, 6] combined 0 players 0 retained 0 seconds 0.002708990126848221
sset_21_gloiZ_gTJaE_frame_00009558 pair 82 [5, 8] combined 0 players 0 retained 0 seconds 0.0033545433543622494
sset_21_gloiZ_gTJaE_frame_00009558 pair 83 [5, 9] combined 0 players 0 retained 0 seconds 0.0028008492663502693
sset_21_gloiZ_gTJaE_frame_00009558 pair 86 [5, 12] combined 0 players 0 retained 0 seconds 0.0030666962265968323
sset_21_gloiZ_gTJaE_frame_00009558 pair 89 [5, 15] combined 0 players 0 retained 0 seconds 0.0027651353739202023
sset_21_gloiZ_gTJaE_frame_00009558 pair 90 [6, 0] combined 0 players 0 retained 0 seconds 0.005070408806204796
sset_21_gloiZ_gTJaE_frame_00009558 pair 91 [6, 1] combined 0 players 0 retained 0 seconds 0.0030173850245773792
sset_21_gloiZ_gTJaE_frame_00009558 pair 92 [6, 2] combined 0 players 0 retained 0 seconds 0.002909635193645954
sset_21_gloiZ_gTJaE_frame_00009558 pair 95 [6, 5] combined 0 players 0 retained 0 seconds 0.002756945788860321
sset_21_gloiZ_gTJaE_frame_00009558 pair 96 [6, 7] combined 0 players 0 retained 0 seconds 0.003081934992223978
sset_21_gloiZ_gTJaE_frame_00009558 pair 99 [6, 10] combined 0 players 0 retained 0 seconds 0.0034037791192531586
sset_21_gloiZ_gTJaE_frame_00009558 pair 107 [7, 2] combined 0 players 0 retained 0 seconds 0.0035040699876844883
sset_21_gloiZ_gTJaE_frame_00009558 pair 111 [7, 6] combined 0 players 0 retained 0 seconds 0.0033072782680392265
sset_21_gloiZ_gTJaE_frame_00009558 pair 112 [7, 8] combined 0 players 0 retained 0 seconds 0.0038195108063519
sset_21_gloiZ_gTJaE_frame_00009558 pair 115 [7, 11] combined 0 players 0 retained 0 seconds 0.0031804488971829414
sset_21_gloiZ_gTJaE_frame_00009558 pair 120 [8, 0] combined 0 players 0 retained 0 seconds 0.006597814150154591
sset_21_gloiZ_gTJaE_frame_00009558 pair 121 [8, 1] combined 0 players 0 retained 0 seconds 0.004424142185598612
sset_21_gloiZ_gTJaE_frame_00009558 pair 122 [8, 2] combined 0 players 0 retained 0 seconds 0.004237782210111618
sset_21_gloiZ_gTJaE_frame_00009558 pair 125 [8, 5] combined 0 players 0 retained 0 seconds 0.004146834369748831
sset_21_gloiZ_gTJaE_frame_00009558 pair 127 [8, 7] combined 0 players 0 retained 0 seconds 0.004178818315267563
sset_21_gloiZ_gTJaE_frame_00009558 pair 129 [8, 10] combined 0 players 0 retained 0 seconds 0.004724619910120964
sset_21_gloiZ_gTJaE_frame_00009558 pair 130 [8, 11] combined 0 players 0 retained 0 seconds 0.003955699037760496
sset_21_gloiZ_gTJaE_frame_00009558 pair 132 [8, 13] combined 0 players 0 retained 0 seconds 0.003925455268472433
sset_21_gloiZ_gTJaE_frame_00009558 pair 133 [8, 14] combined 0 players 0 retained 0 seconds 0.0038616000674664974
sset_21_gloiZ_gTJaE_frame_00009558 pair 136 [9, 1] combined 0 players 0 retained 0 seconds 0.00308294128626585
sset_21_gloiZ_gTJaE_frame_00009558 pair 137 [9, 2] combined 0 players 0 retained 0 seconds 0.003025046084076166
sset_21_gloiZ_gTJaE_frame_00009558 pair 140 [9, 5] combined 0 players 0 retained 0 seconds 0.002907172776758671
sset_21_gloiZ_gTJaE_frame_00009558 pair 144 [9, 10] combined 0 players 0 retained 0 seconds 0.003324642777442932
sset_21_gloiZ_gTJaE_frame_00009558 pair 145 [9, 11] combined 0 players 0 retained 0 seconds 0.0025649680756032467
sset_21_gloiZ_gTJaE_frame_00009558 pair 150 [10, 0] combined 0 players 0 retained 0 seconds 0.006016979925334454
sset_21_gloiZ_gTJaE_frame_00009558 pair 153 [10, 3] combined 0 players 0 retained 0 seconds 0.0037414007820189
sset_21_gloiZ_gTJaE_frame_00009558 pair 154 [10, 4] combined 0 players 0 retained 0 seconds 0.003980225883424282
sset_21_gloiZ_gTJaE_frame_00009558 pair 156 [10, 6] combined 0 players 0 retained 0 seconds 0.004101487807929516
sset_21_gloiZ_gTJaE_frame_00009558 pair 158 [10, 8] combined 0 players 0 retained 0 seconds 0.004357090685516596
sset_21_gloiZ_gTJaE_frame_00009558 pair 159 [10, 9] combined 0 players 0 retained 0 seconds 0.0038189110346138477
sset_21_gloiZ_gTJaE_frame_00009558 pair 161 [10, 12] combined 0 players 0 retained 0 seconds 0.0036689541302621365
sset_21_gloiZ_gTJaE_frame_00009558 pair 164 [10, 15] combined 0 players 0 retained 0 seconds 0.0037598907947540283
sset_21_gloiZ_gTJaE_frame_00009558 pair 165 [11, 0] combined 0 players 0 retained 0 seconds 0.00518389418721199
sset_21_gloiZ_gTJaE_frame_00009558 pair 168 [11, 3] combined 0 players 0 retained 0 seconds 0.00258637685328722
sset_21_gloiZ_gTJaE_frame_00009558 pair 169 [11, 4] combined 0 players 0 retained 0 seconds 0.0023524113930761814
sset_21_gloiZ_gTJaE_frame_00009558 pair 172 [11, 7] combined 0 players 0 retained 0 seconds 0.002680452074855566
sset_21_gloiZ_gTJaE_frame_00009558 pair 173 [11, 8] combined 0 players 0 retained 0 seconds 0.0031069093383848667
sset_21_gloiZ_gTJaE_frame_00009558 pair 174 [11, 9] combined 0 players 0 retained 0 seconds 0.002468403894454241
sset_21_gloiZ_gTJaE_frame_00009558 pair 176 [11, 12] combined 0 players 0 retained 0 seconds 0.002672603353857994
sset_21_gloiZ_gTJaE_frame_00009558 pair 178 [11, 14] combined 0 players 0 retained 0 seconds 0.002581415232270956
sset_21_gloiZ_gTJaE_frame_00009558 pair 179 [11, 15] combined 0 players 0 retained 0 seconds 0.002483818680047989
sset_21_gloiZ_gTJaE_frame_00009558 pair 181 [12, 1] combined 0 players 0 retained 0 seconds 0.003171366173774004
sset_21_gloiZ_gTJaE_frame_00009558 pair 182 [12, 2] combined 0 players 0 retained 0 seconds 0.003231152892112732
sset_21_gloiZ_gTJaE_frame_00009558 pair 185 [12, 5] combined 0 players 0 retained 0 seconds 0.0030222958885133266
sset_21_gloiZ_gTJaE_frame_00009558 pair 190 [12, 10] combined 0 players 0 retained 0 seconds 0.003410079050809145
sset_21_gloiZ_gTJaE_frame_00009558 pair 191 [12, 11] combined 0 players 0 retained 0 seconds 0.0029155761003494263
sset_21_gloiZ_gTJaE_frame_00009558 pair 203 [13, 8] combined 0 players 0 retained 0 seconds 0.003558115102350712
sset_21_gloiZ_gTJaE_frame_00009558 pair 218 [14, 8] combined 0 players 0 retained 0 seconds 0.0031780321151018143
sset_21_gloiZ_gTJaE_frame_00009558 pair 221 [14, 11] combined 0 players 0 retained 0 seconds 0.0024907290935516357
sset_21_gloiZ_gTJaE_frame_00009558 pair 226 [15, 1] combined 0 players 0 retained 0 seconds 0.0028403899632394314
sset_21_gloiZ_gTJaE_frame_00009558 pair 227 [15, 2] combined 0 players 0 retained 0 seconds 0.0027899560518562794
sset_21_gloiZ_gTJaE_frame_00009558 pair 230 [15, 5] combined 0 players 0 retained 0 seconds 0.0027555162087082863
sset_21_gloiZ_gTJaE_frame_00009558 pair 235 [15, 10] combined 0 players 0 retained 0 seconds 0.003093901090323925
sset_21_gloiZ_gTJaE_frame_00009558 pair 236 [15, 11] combined 0 players 0 retained 0 seconds 0.002514909952878952
[sset_21_gloiZ_gTJaE_frame_00009558] line-template: preparing rectangles
[sset_21_gloiZ_gTJaE_frame_00009558] measuring 256 parents (G0=0, G1=0, line_template=256; conflicting geometry groups=0)
[sset_21_gloiZ_gTJaE_frame_00009558] parents 250/256
[sset_21_gloiZ_gTJaE_frame_00009558] refitting 256 parents
[sset_21_gloiZ_gTJaE_frame_00009558] refits 250/256; valid children=208
{"view_id": "sset_21_gloiZ_gTJaE_frame_00009558", "chosen_key": null, "no_court_reason": "no_gated_court", "all_checks_equal": null, "error": null}
{"views": ["sset_21_gloiZ_gTJaE_frame_00009558"], "startup_seconds": 0.03352426178753376, "wall_seconds": 118.30234479391947, "peak_rss_mb": 487.33203125, "failed": []}
