decoded /scratch/cmarti/issue103_ad8da4f/external/shuttleset-sources/21 An_Se_Young_Ratchanok_Intanon_YONEX_Thailand_Open_2021_QuarterFinals.mp4 to frame 38273 in 164s
sset_21_gloiZ_gTJaE_frame_00038228 pair 8 [0, 9] combined 348 players 60 retained 30 seconds 0.028860661666840315
sset_21_gloiZ_gTJaE_frame_00038228 pair 12 [0, 13] combined 48 players 0 retained 0 seconds 0.005025513935834169
sset_21_gloiZ_gTJaE_frame_00038228 pair 13 [0, 14] combined 0 players 0 retained 0 seconds 0.007192916702479124
sset_21_gloiZ_gTJaE_frame_00038228 pair 27 [1, 13] combined 64 players 8 retained 4 seconds 0.024851780850440264
sset_21_gloiZ_gTJaE_frame_00038228 pair 28 [1, 14] combined 6840 players 30 retained 15 seconds 0.04354134388267994
sset_21_gloiZ_gTJaE_frame_00038228 pair 39 [2, 10] combined 200 players 50 retained 25 seconds 0.018235933035612106
sset_21_gloiZ_gTJaE_frame_00038228 pair 40 [2, 11] combined 32 players 0 retained 0 seconds 0.003062184900045395
sset_21_gloiZ_gTJaE_frame_00038228 pair 42 [2, 13] combined 0 players 0 retained 0 seconds 0.0026373430155217648
sset_21_gloiZ_gTJaE_frame_00038228 pair 53 [3, 9] combined 120 players 4 retained 2 seconds 0.016446496825665236
sset_21_gloiZ_gTJaE_frame_00038228 pair 57 [3, 13] combined 0 players 0 retained 0 seconds 0.002504311967641115
sset_21_gloiZ_gTJaE_frame_00038228 pair 58 [3, 14] combined 0 players 0 retained 0 seconds 0.003267123829573393
sset_21_gloiZ_gTJaE_frame_00038228 pair 70 [4, 11] combined 0 players 0 retained 0 seconds 0.0023298808373510838
sset_21_gloiZ_gTJaE_frame_00038228 pair 71 [4, 12] combined 0 players 0 retained 0 seconds 0.002393412869423628
sset_21_gloiZ_gTJaE_frame_00038228 pair 73 [4, 14] combined 200 players 92 retained 46 seconds 0.020255893003195524
sset_21_gloiZ_gTJaE_frame_00038228 pair 83 [5, 9] combined 0 players 0 retained 0 seconds 0.003387988079339266
sset_21_gloiZ_gTJaE_frame_00038228 pair 87 [5, 13] combined 0 players 0 retained 0 seconds 0.0023148078471422195
sset_21_gloiZ_gTJaE_frame_00038228 pair 88 [5, 14] combined 0 players 0 retained 0 seconds 0.00313229626044631
sset_21_gloiZ_gTJaE_frame_00038228 pair 98 [6, 9] combined 0 players 0 retained 0 seconds 0.0028946618549525738
sset_21_gloiZ_gTJaE_frame_00038228 pair 99 [6, 10] combined 0 players 0 retained 0 seconds 0.00289711682125926
sset_21_gloiZ_gTJaE_frame_00038228 pair 100 [6, 11] combined 16 players 6 retained 3 seconds 0.015047519002109766
sset_21_gloiZ_gTJaE_frame_00038228 pair 102 [6, 13] combined 0 players 0 retained 0 seconds 0.0026738839223980904
sset_21_gloiZ_gTJaE_frame_00038228 pair 117 [7, 13] combined 0 players 0 retained 0 seconds 0.0031139859929680824
sset_21_gloiZ_gTJaE_frame_00038228 pair 118 [7, 14] combined 0 players 0 retained 0 seconds 0.003989377990365028
sset_21_gloiZ_gTJaE_frame_00038228 pair 128 [8, 9] combined 136 players 0 retained 0 seconds 0.0036870776675641537
sset_21_gloiZ_gTJaE_frame_00038228 pair 132 [8, 13] combined 0 players 0 retained 0 seconds 0.002226463984698057
sset_21_gloiZ_gTJaE_frame_00038228 pair 133 [8, 14] combined 0 players 0 retained 0 seconds 0.0036812853068113327
sset_21_gloiZ_gTJaE_frame_00038228 pair 135 [9, 0] combined 0 players 0 retained 0 seconds 0.0055848839692771435
sset_21_gloiZ_gTJaE_frame_00038228 pair 138 [9, 3] combined 0 players 0 retained 0 seconds 0.003773231990635395
sset_21_gloiZ_gTJaE_frame_00038228 pair 140 [9, 5] combined 0 players 0 retained 0 seconds 0.003246976062655449
sset_21_gloiZ_gTJaE_frame_00038228 pair 141 [9, 6] combined 0 players 0 retained 0 seconds 0.002989513799548149
sset_21_gloiZ_gTJaE_frame_00038228 pair 143 [9, 8] combined 272 players 0 retained 0 seconds 0.004614739213138819
sset_21_gloiZ_gTJaE_frame_00038228 pair 145 [9, 11] combined 4 players 0 retained 0 seconds 0.0026559862308204174
sset_21_gloiZ_gTJaE_frame_00038228 pair 146 [9, 12] combined 0 players 0 retained 0 seconds 0.002377023920416832
sset_21_gloiZ_gTJaE_frame_00038228 pair 148 [9, 14] combined 0 players 0 retained 0 seconds 0.0042157722637057304
sset_21_gloiZ_gTJaE_frame_00038228 pair 152 [10, 2] combined 164 players 6 retained 3 seconds 0.016415382269769907
sset_21_gloiZ_gTJaE_frame_00038228 pair 156 [10, 6] combined 116 players 4 retained 2 seconds 0.016035618726164103
sset_21_gloiZ_gTJaE_frame_00038228 pair 161 [10, 12] combined 8 players 0 retained 0 seconds 0.0024874508380889893
sset_21_gloiZ_gTJaE_frame_00038228 pair 167 [11, 2] combined 76 players 0 retained 0 seconds 0.003184195142239332
sset_21_gloiZ_gTJaE_frame_00038228 pair 169 [11, 4] combined 36 players 0 retained 0 seconds 0.0030422047711908817
sset_21_gloiZ_gTJaE_frame_00038228 pair 171 [11, 6] combined 0 players 0 retained 0 seconds 0.0028966893441975117
sset_21_gloiZ_gTJaE_frame_00038228 pair 174 [11, 9] combined 0 players 0 retained 0 seconds 0.0028075380250811577
sset_21_gloiZ_gTJaE_frame_00038228 pair 177 [11, 13] combined 0 players 0 retained 0 seconds 0.0019525950774550438
sset_21_gloiZ_gTJaE_frame_00038228 pair 178 [11, 14] combined 68 players 34 retained 17 seconds 0.017367967404425144
sset_21_gloiZ_gTJaE_frame_00038228 pair 184 [12, 4] combined 0 players 0 retained 0 seconds 0.0037618358619511127
sset_21_gloiZ_gTJaE_frame_00038228 pair 189 [12, 9] combined 0 players 0 retained 0 seconds 0.00349245173856616
sset_21_gloiZ_gTJaE_frame_00038228 pair 190 [12, 10] combined 0 players 0 retained 0 seconds 0.0027164709754288197
sset_21_gloiZ_gTJaE_frame_00038228 pair 192 [12, 13] combined 0 players 0 retained 0 seconds 0.0020863679237663746
sset_21_gloiZ_gTJaE_frame_00038228 pair 193 [12, 14] combined 60 players 30 retained 15 seconds 0.0171035872772336
sset_21_gloiZ_gTJaE_frame_00038228 pair 194 [12, 15] combined 0 players 0 retained 0 seconds 0.002799859270453453
sset_21_gloiZ_gTJaE_frame_00038228 pair 195 [13, 0] combined 200 players 0 retained 0 seconds 0.003659841138869524
sset_21_gloiZ_gTJaE_frame_00038228 pair 196 [13, 1] combined 168 players 0 retained 0 seconds 0.003879621159285307
sset_21_gloiZ_gTJaE_frame_00038228 pair 197 [13, 2] combined 0 players 0 retained 0 seconds 0.0032244990579783916
sset_21_gloiZ_gTJaE_frame_00038228 pair 198 [13, 3] combined 0 players 0 retained 0 seconds 0.0023769070394337177
sset_21_gloiZ_gTJaE_frame_00038228 pair 200 [13, 5] combined 0 players 0 retained 0 seconds 0.0025506322272121906
sset_21_gloiZ_gTJaE_frame_00038228 pair 201 [13, 6] combined 0 players 0 retained 0 seconds 0.002860922832041979
sset_21_gloiZ_gTJaE_frame_00038228 pair 202 [13, 7] combined 0 players 0 retained 0 seconds 0.002960280980914831
sset_21_gloiZ_gTJaE_frame_00038228 pair 203 [13, 8] combined 120 players 0 retained 0 seconds 0.0028808838687837124
sset_21_gloiZ_gTJaE_frame_00038228 pair 206 [13, 11] combined 0 players 0 retained 0 seconds 0.001884331926703453
sset_21_gloiZ_gTJaE_frame_00038228 pair 207 [13, 12] combined 0 players 0 retained 0 seconds 0.0019519221968948841
sset_21_gloiZ_gTJaE_frame_00038228 pair 210 [14, 0] combined 0 players 0 retained 0 seconds 0.0030231429263949394
sset_21_gloiZ_gTJaE_frame_00038228 pair 211 [14, 1] combined 0 players 0 retained 0 seconds 0.003616240806877613
sset_21_gloiZ_gTJaE_frame_00038228 pair 213 [14, 3] combined 0 players 0 retained 0 seconds 0.0024188640527427197
sset_21_gloiZ_gTJaE_frame_00038228 pair 214 [14, 4] combined 0 players 0 retained 0 seconds 0.0031679542735219
sset_21_gloiZ_gTJaE_frame_00038228 pair 215 [14, 5] combined 0 players 0 retained 0 seconds 0.0023242440074682236
sset_21_gloiZ_gTJaE_frame_00038228 pair 217 [14, 7] combined 0 players 0 retained 0 seconds 0.0024402118287980556
sset_21_gloiZ_gTJaE_frame_00038228 pair 218 [14, 8] combined 0 players 0 retained 0 seconds 0.0023165959864854813
sset_21_gloiZ_gTJaE_frame_00038228 pair 219 [14, 9] combined 0 players 0 retained 0 seconds 0.0027983677573502064
sset_21_gloiZ_gTJaE_frame_00038228 pair 221 [14, 11] combined 0 players 0 retained 0 seconds 0.002503765281289816
sset_21_gloiZ_gTJaE_frame_00038228 pair 222 [14, 12] combined 0 players 0 retained 0 seconds 0.002281700260937214
sset_21_gloiZ_gTJaE_frame_00038228 pair 224 [14, 15] combined 0 players 0 retained 0 seconds 0.0022728429175913334
sset_21_gloiZ_gTJaE_frame_00038228 pair 237 [15, 12] combined 0 players 0 retained 0 seconds 0.0022625508718192577
sset_21_gloiZ_gTJaE_frame_00038228 pair 239 [15, 14] combined 0 players 0 retained 0 seconds 0.004115703981369734
sset_21_gloiZ_gTJaE_frame_00038228 pair 8 [0, 9] combined 0 players 0 retained 0 seconds 0.0017022201791405678
sset_21_gloiZ_gTJaE_frame_00038228 pair 12 [0, 13] combined 0 players 0 retained 0 seconds 0.0014612376689910889
sset_21_gloiZ_gTJaE_frame_00038228 pair 13 [0, 14] combined 0 players 0 retained 0 seconds 0.0025948388502001762
sset_21_gloiZ_gTJaE_frame_00038228 pair 27 [1, 13] combined 0 players 0 retained 0 seconds 0.0015233070589601994
sset_21_gloiZ_gTJaE_frame_00038228 pair 28 [1, 14] combined 0 players 0 retained 0 seconds 0.002419551834464073
sset_21_gloiZ_gTJaE_frame_00038228 pair 39 [2, 10] combined 0 players 0 retained 0 seconds 0.001382789108902216
sset_21_gloiZ_gTJaE_frame_00038228 pair 40 [2, 11] combined 0 players 0 retained 0 seconds 0.0012261560186743736
sset_21_gloiZ_gTJaE_frame_00038228 pair 42 [2, 13] combined 0 players 0 retained 0 seconds 0.0012676720507442951
sset_21_gloiZ_gTJaE_frame_00038228 pair 53 [3, 9] combined 0 players 0 retained 0 seconds 0.0015368652530014515
sset_21_gloiZ_gTJaE_frame_00038228 pair 57 [3, 13] combined 0 players 0 retained 0 seconds 0.0013110977597534657
sset_21_gloiZ_gTJaE_frame_00038228 pair 58 [3, 14] combined 0 players 0 retained 0 seconds 0.001851346343755722
sset_21_gloiZ_gTJaE_frame_00038228 pair 70 [4, 11] combined 0 players 0 retained 0 seconds 0.0011841370724141598
sset_21_gloiZ_gTJaE_frame_00038228 pair 71 [4, 12] combined 0 players 0 retained 0 seconds 0.001099489163607359
sset_21_gloiZ_gTJaE_frame_00038228 pair 73 [4, 14] combined 0 players 0 retained 0 seconds 0.0021601212210953236
sset_21_gloiZ_gTJaE_frame_00038228 pair 83 [5, 9] combined 0 players 0 retained 0 seconds 0.0016198190860450268
sset_21_gloiZ_gTJaE_frame_00038228 pair 87 [5, 13] combined 0 players 0 retained 0 seconds 0.0014457902871072292
sset_21_gloiZ_gTJaE_frame_00038228 pair 88 [5, 14] combined 0 players 0 retained 0 seconds 0.001786814071238041
sset_21_gloiZ_gTJaE_frame_00038228 pair 98 [6, 9] combined 0 players 0 retained 0 seconds 0.0015184488147497177
sset_21_gloiZ_gTJaE_frame_00038228 pair 99 [6, 10] combined 0 players 0 retained 0 seconds 0.0012152460403740406
sset_21_gloiZ_gTJaE_frame_00038228 pair 100 [6, 11] combined 0 players 0 retained 0 seconds 0.0011971830390393734
sset_21_gloiZ_gTJaE_frame_00038228 pair 102 [6, 13] combined 0 players 0 retained 0 seconds 0.0012729368172585964
sset_21_gloiZ_gTJaE_frame_00038228 pair 117 [7, 13] combined 0 players 0 retained 0 seconds 0.0015083909966051579
sset_21_gloiZ_gTJaE_frame_00038228 pair 118 [7, 14] combined 0 players 0 retained 0 seconds 0.0020368467085063457
sset_21_gloiZ_gTJaE_frame_00038228 pair 128 [8, 9] combined 0 players 0 retained 0 seconds 0.0017564110457897186
sset_21_gloiZ_gTJaE_frame_00038228 pair 132 [8, 13] combined 0 players 0 retained 0 seconds 0.0014106477610766888
sset_21_gloiZ_gTJaE_frame_00038228 pair 133 [8, 14] combined 0 players 0 retained 0 seconds 0.0024579139426350594
sset_21_gloiZ_gTJaE_frame_00038228 pair 135 [9, 0] combined 0 players 0 retained 0 seconds 0.001629434060305357
sset_21_gloiZ_gTJaE_frame_00038228 pair 138 [9, 3] combined 0 players 0 retained 0 seconds 0.0013779490254819393
sset_21_gloiZ_gTJaE_frame_00038228 pair 140 [9, 5] combined 0 players 0 retained 0 seconds 0.0018608407117426395
sset_21_gloiZ_gTJaE_frame_00038228 pair 141 [9, 6] combined 0 players 0 retained 0 seconds 0.0015933099202811718
sset_21_gloiZ_gTJaE_frame_00038228 pair 143 [9, 8] combined 0 players 0 retained 0 seconds 0.0017732279375195503
sset_21_gloiZ_gTJaE_frame_00038228 pair 145 [9, 11] combined 0 players 0 retained 0 seconds 0.001171611249446869
sset_21_gloiZ_gTJaE_frame_00038228 pair 146 [9, 12] combined 0 players 0 retained 0 seconds 0.0012004422023892403
sset_21_gloiZ_gTJaE_frame_00038228 pair 148 [9, 14] combined 0 players 0 retained 0 seconds 0.0020621297881007195
sset_21_gloiZ_gTJaE_frame_00038228 pair 152 [10, 2] combined 0 players 0 retained 0 seconds 0.00143802585080266
sset_21_gloiZ_gTJaE_frame_00038228 pair 156 [10, 6] combined 0 players 0 retained 0 seconds 0.0014055999927222729
sset_21_gloiZ_gTJaE_frame_00038228 pair 161 [10, 12] combined 0 players 0 retained 0 seconds 0.0012060985900461674
sset_21_gloiZ_gTJaE_frame_00038228 pair 167 [11, 2] combined 0 players 0 retained 0 seconds 0.0013891183771193027
sset_21_gloiZ_gTJaE_frame_00038228 pair 169 [11, 4] combined 0 players 0 retained 0 seconds 0.001163444947451353
sset_21_gloiZ_gTJaE_frame_00038228 pair 171 [11, 6] combined 0 players 0 retained 0 seconds 0.0013762731105089188
sset_21_gloiZ_gTJaE_frame_00038228 pair 174 [11, 9] combined 0 players 0 retained 0 seconds 0.001432131975889206
sset_21_gloiZ_gTJaE_frame_00038228 pair 177 [11, 13] combined 0 players 0 retained 0 seconds 0.001222189050167799
sset_21_gloiZ_gTJaE_frame_00038228 pair 178 [11, 14] combined 0 players 0 retained 0 seconds 0.0021310667507350445
sset_21_gloiZ_gTJaE_frame_00038228 pair 184 [12, 4] combined 0 players 0 retained 0 seconds 0.0012225811369717121
sset_21_gloiZ_gTJaE_frame_00038228 pair 189 [12, 9] combined 0 players 0 retained 0 seconds 0.0014836518093943596
sset_21_gloiZ_gTJaE_frame_00038228 pair 190 [12, 10] combined 0 players 0 retained 0 seconds 0.0011441861279308796
sset_21_gloiZ_gTJaE_frame_00038228 pair 192 [12, 13] combined 0 players 0 retained 0 seconds 0.0011910907924175262
sset_21_gloiZ_gTJaE_frame_00038228 pair 193 [12, 14] combined 0 players 0 retained 0 seconds 0.0022173700854182243
sset_21_gloiZ_gTJaE_frame_00038228 pair 194 [12, 15] combined 0 players 0 retained 0 seconds 0.0011729015968739986
sset_21_gloiZ_gTJaE_frame_00038228 pair 195 [13, 0] combined 0 players 0 retained 0 seconds 0.0013519120402634144
sset_21_gloiZ_gTJaE_frame_00038228 pair 196 [13, 1] combined 0 players 0 retained 0 seconds 0.0010998616926372051
sset_21_gloiZ_gTJaE_frame_00038228 pair 197 [13, 2] combined 0 players 0 retained 0 seconds 0.001321213785558939
sset_21_gloiZ_gTJaE_frame_00038228 pair 198 [13, 3] combined 0 players 0 retained 0 seconds 0.0011797407642006874
sset_21_gloiZ_gTJaE_frame_00038228 pair 200 [13, 5] combined 0 players 0 retained 0 seconds 0.0014877389185130596
sset_21_gloiZ_gTJaE_frame_00038228 pair 201 [13, 6] combined 0 players 0 retained 0 seconds 0.0014887494035065174
sset_21_gloiZ_gTJaE_frame_00038228 pair 202 [13, 7] combined 0 players 0 retained 0 seconds 0.001298575196415186
sset_21_gloiZ_gTJaE_frame_00038228 pair 203 [13, 8] combined 0 players 0 retained 0 seconds 0.001540635246783495
sset_21_gloiZ_gTJaE_frame_00038228 pair 206 [13, 11] combined 0 players 0 retained 0 seconds 0.001298700924962759
sset_21_gloiZ_gTJaE_frame_00038228 pair 207 [13, 12] combined 0 players 0 retained 0 seconds 0.001302568707615137
sset_21_gloiZ_gTJaE_frame_00038228 pair 210 [14, 0] combined 0 players 0 retained 0 seconds 0.0018259231001138687
sset_21_gloiZ_gTJaE_frame_00038228 pair 211 [14, 1] combined 0 players 0 retained 0 seconds 0.0016543250530958176
sset_21_gloiZ_gTJaE_frame_00038228 pair 213 [14, 3] combined 0 players 0 retained 0 seconds 0.001829999964684248
sset_21_gloiZ_gTJaE_frame_00038228 pair 214 [14, 4] combined 0 players 0 retained 0 seconds 0.001548481173813343
sset_21_gloiZ_gTJaE_frame_00038228 pair 215 [14, 5] combined 0 players 0 retained 0 seconds 0.001597834751009941
sset_21_gloiZ_gTJaE_frame_00038228 pair 217 [14, 7] combined 0 players 0 retained 0 seconds 0.001547250896692276
sset_21_gloiZ_gTJaE_frame_00038228 pair 218 [14, 8] combined 0 players 0 retained 0 seconds 0.001851639710366726
sset_21_gloiZ_gTJaE_frame_00038228 pair 219 [14, 9] combined 0 players 0 retained 0 seconds 0.002065358217805624
sset_21_gloiZ_gTJaE_frame_00038228 pair 221 [14, 11] combined 0 players 0 retained 0 seconds 0.0016568461433053017
sset_21_gloiZ_gTJaE_frame_00038228 pair 222 [14, 12] combined 0 players 0 retained 0 seconds 0.0015041111037135124
sset_21_gloiZ_gTJaE_frame_00038228 pair 224 [14, 15] combined 0 players 0 retained 0 seconds 0.0014749355614185333
sset_21_gloiZ_gTJaE_frame_00038228 pair 237 [15, 12] combined 0 players 0 retained 0 seconds 0.001201815903186798
sset_21_gloiZ_gTJaE_frame_00038228 pair 239 [15, 14] combined 0 players 0 retained 0 seconds 0.002516611013561487
[sset_21_gloiZ_gTJaE_frame_00038228] line-template: preparing rectangles
[sset_21_gloiZ_gTJaE_frame_00038228] measuring 418 parents (G0=162, G1=0, line_template=256; conflicting geometry groups=0)
[sset_21_gloiZ_gTJaE_frame_00038228] parents 250/418
[sset_21_gloiZ_gTJaE_frame_00038228] refitting 418 parents
[sset_21_gloiZ_gTJaE_frame_00038228] refits 250/418; valid children=87
{"view_id": "sset_21_gloiZ_gTJaE_frame_00038228", "chosen_key": null, "no_court_reason": "no_gated_court", "all_checks_equal": null, "error": null}
{"views": ["sset_21_gloiZ_gTJaE_frame_00038228"], "startup_seconds": 0.034574713092297316, "wall_seconds": 187.54888830613345, "peak_rss_mb": 404.890625, "failed": []}
