decoded /scratch/cmarti/issue103_ad8da4f/external/shuttleset-sources/21 An_Se_Young_Ratchanok_Intanon_YONEX_Thailand_Open_2021_QuarterFinals.mp4 to frame 62165 in 379s
sset_21_gloiZ_gTJaE_frame_00062120 pair 0 [0, 1] combined 0 players 0 retained 0 seconds 0.11112990975379944
sset_21_gloiZ_gTJaE_frame_00062120 pair 1 [0, 2] combined 0 players 0 retained 0 seconds 0.10325194289907813
sset_21_gloiZ_gTJaE_frame_00062120 pair 10 [0, 11] combined 0 players 0 retained 0 seconds 0.09827637718990445
sset_21_gloiZ_gTJaE_frame_00062120 pair 15 [1, 0] combined 0 players 0 retained 0 seconds 0.08051367569714785
sset_21_gloiZ_gTJaE_frame_00062120 pair 18 [1, 4] combined 0 players 0 retained 0 seconds 0.05022940691560507
sset_21_gloiZ_gTJaE_frame_00062120 pair 19 [1, 5] combined 0 players 0 retained 0 seconds 0.049762999173253775
sset_21_gloiZ_gTJaE_frame_00062120 pair 20 [1, 6] combined 0 players 0 retained 0 seconds 0.050619921181350946
sset_21_gloiZ_gTJaE_frame_00062120 pair 21 [1, 7] combined 0 players 0 retained 0 seconds 0.05068285623565316
sset_21_gloiZ_gTJaE_frame_00062120 pair 23 [1, 9] combined 0 players 0 retained 0 seconds 0.05003146780654788
sset_21_gloiZ_gTJaE_frame_00062120 pair 24 [1, 10] combined 0 players 0 retained 0 seconds 0.050162860192358494
sset_21_gloiZ_gTJaE_frame_00062120 pair 25 [1, 11] combined 0 players 0 retained 0 seconds 0.05174217792227864
sset_21_gloiZ_gTJaE_frame_00062120 pair 26 [1, 12] combined 0 players 0 retained 0 seconds 0.05050322413444519
sset_21_gloiZ_gTJaE_frame_00062120 pair 27 [1, 13] combined 0 players 0 retained 0 seconds 0.051315901800990105
sset_21_gloiZ_gTJaE_frame_00062120 pair 28 [1, 14] combined 0 players 0 retained 0 seconds 0.048270100727677345
sset_21_gloiZ_gTJaE_frame_00062120 pair 29 [1, 15] combined 0 players 0 retained 0 seconds 0.050854258704930544
sset_21_gloiZ_gTJaE_frame_00062120 pair 30 [2, 0] combined 0 players 0 retained 0 seconds 0.060240658931434155
sset_21_gloiZ_gTJaE_frame_00062120 pair 33 [2, 4] combined 0 players 0 retained 0 seconds 0.03111871099099517
sset_21_gloiZ_gTJaE_frame_00062120 pair 34 [2, 5] combined 0 players 0 retained 0 seconds 0.03106346493586898
sset_21_gloiZ_gTJaE_frame_00062120 pair 35 [2, 6] combined 0 players 0 retained 0 seconds 0.030434075742959976
sset_21_gloiZ_gTJaE_frame_00062120 pair 36 [2, 7] combined 0 players 0 retained 0 seconds 0.031174297910183668
sset_21_gloiZ_gTJaE_frame_00062120 pair 38 [2, 9] combined 0 players 0 retained 0 seconds 0.03025052696466446
sset_21_gloiZ_gTJaE_frame_00062120 pair 39 [2, 10] combined 0 players 0 retained 0 seconds 0.031052520964294672
sset_21_gloiZ_gTJaE_frame_00062120 pair 40 [2, 11] combined 0 players 0 retained 0 seconds 0.03341970173642039
sset_21_gloiZ_gTJaE_frame_00062120 pair 41 [2, 12] combined 0 players 0 retained 0 seconds 0.031406790018081665
sset_21_gloiZ_gTJaE_frame_00062120 pair 42 [2, 13] combined 0 players 0 retained 0 seconds 0.03205442801117897
sset_21_gloiZ_gTJaE_frame_00062120 pair 43 [2, 14] combined 0 players 0 retained 0 seconds 0.0310633541084826
sset_21_gloiZ_gTJaE_frame_00062120 pair 44 [2, 15] combined 0 players 0 retained 0 seconds 0.031543307937681675
sset_21_gloiZ_gTJaE_frame_00062120 pair 55 [3, 11] combined 0 players 0 retained 0 seconds 0.008241197094321251
sset_21_gloiZ_gTJaE_frame_00062120 pair 61 [4, 1] combined 0 players 0 retained 0 seconds 0.02248130366206169
sset_21_gloiZ_gTJaE_frame_00062120 pair 62 [4, 2] combined 0 players 0 retained 0 seconds 0.015492463950067759
sset_21_gloiZ_gTJaE_frame_00062120 pair 76 [5, 1] combined 0 players 0 retained 0 seconds 0.020476429257541895
sset_21_gloiZ_gTJaE_frame_00062120 pair 77 [5, 2] combined 0 players 0 retained 0 seconds 0.01410955423489213
sset_21_gloiZ_gTJaE_frame_00062120 pair 91 [6, 1] combined 0 players 0 retained 0 seconds 0.01980249211192131
sset_21_gloiZ_gTJaE_frame_00062120 pair 92 [6, 2] combined 0 players 0 retained 0 seconds 0.012851969804614782
sset_21_gloiZ_gTJaE_frame_00062120 pair 106 [7, 1] combined 0 players 0 retained 0 seconds 0.021944895386695862
sset_21_gloiZ_gTJaE_frame_00062120 pair 107 [7, 2] combined 0 players 0 retained 0 seconds 0.015373202040791512
sset_21_gloiZ_gTJaE_frame_00062120 pair 130 [8, 11] combined 0 players 0 retained 0 seconds 0.010699886828660965
sset_21_gloiZ_gTJaE_frame_00062120 pair 136 [9, 1] combined 0 players 0 retained 0 seconds 0.019641343038529158
sset_21_gloiZ_gTJaE_frame_00062120 pair 137 [9, 2] combined 0 players 0 retained 0 seconds 0.012989648152142763
sset_21_gloiZ_gTJaE_frame_00062120 pair 151 [10, 1] combined 0 players 0 retained 0 seconds 0.02074661571532488
sset_21_gloiZ_gTJaE_frame_00062120 pair 152 [10, 2] combined 0 players 0 retained 0 seconds 0.013739353977143764
sset_21_gloiZ_gTJaE_frame_00062120 pair 165 [11, 0] combined 0 players 0 retained 0 seconds 0.04254304012283683
sset_21_gloiZ_gTJaE_frame_00062120 pair 166 [11, 1] combined 0 players 0 retained 0 seconds 0.026961649768054485
sset_21_gloiZ_gTJaE_frame_00062120 pair 167 [11, 2] combined 0 players 0 retained 0 seconds 0.020692975725978613
sset_21_gloiZ_gTJaE_frame_00062120 pair 168 [11, 3] combined 0 players 0 retained 0 seconds 0.012345001101493835
sset_21_gloiZ_gTJaE_frame_00062120 pair 173 [11, 8] combined 0 players 0 retained 0 seconds 0.013400848023593426
sset_21_gloiZ_gTJaE_frame_00062120 pair 181 [12, 1] combined 0 players 0 retained 0 seconds 0.021942290011793375
sset_21_gloiZ_gTJaE_frame_00062120 pair 182 [12, 2] combined 0 players 0 retained 0 seconds 0.015207116026431322
sset_21_gloiZ_gTJaE_frame_00062120 pair 196 [13, 1] combined 0 players 0 retained 0 seconds 0.023832045029848814
sset_21_gloiZ_gTJaE_frame_00062120 pair 197 [13, 2] combined 0 players 0 retained 0 seconds 0.01710051717236638
sset_21_gloiZ_gTJaE_frame_00062120 pair 211 [14, 1] combined 0 players 0 retained 0 seconds 0.020912698935717344
sset_21_gloiZ_gTJaE_frame_00062120 pair 212 [14, 2] combined 0 players 0 retained 0 seconds 0.014995550271123648
sset_21_gloiZ_gTJaE_frame_00062120 pair 226 [15, 1] combined 0 players 0 retained 0 seconds 0.022429324220865965
sset_21_gloiZ_gTJaE_frame_00062120 pair 227 [15, 2] combined 0 players 0 retained 0 seconds 0.016523432917892933
sset_21_gloiZ_gTJaE_frame_00062120 pair 0 [0, 1] combined 0 players 0 retained 0 seconds 0.014788500033318996
sset_21_gloiZ_gTJaE_frame_00062120 pair 1 [0, 2] combined 0 players 0 retained 0 seconds 0.01627335697412491
sset_21_gloiZ_gTJaE_frame_00062120 pair 10 [0, 11] combined 0 players 0 retained 0 seconds 0.013006053864955902
sset_21_gloiZ_gTJaE_frame_00062120 pair 15 [1, 0] combined 0 players 0 retained 0 seconds 0.01213635690510273
sset_21_gloiZ_gTJaE_frame_00062120 pair 18 [1, 4] combined 0 players 0 retained 0 seconds 0.008597389794886112
sset_21_gloiZ_gTJaE_frame_00062120 pair 19 [1, 5] combined 0 players 0 retained 0 seconds 0.008572486229240894
sset_21_gloiZ_gTJaE_frame_00062120 pair 20 [1, 6] combined 0 players 0 retained 0 seconds 0.008393872063606977
sset_21_gloiZ_gTJaE_frame_00062120 pair 21 [1, 7] combined 0 players 0 retained 0 seconds 0.008321647997945547
sset_21_gloiZ_gTJaE_frame_00062120 pair 23 [1, 9] combined 0 players 0 retained 0 seconds 0.00843413406983018
sset_21_gloiZ_gTJaE_frame_00062120 pair 24 [1, 10] combined 0 players 0 retained 0 seconds 0.00845411978662014
sset_21_gloiZ_gTJaE_frame_00062120 pair 25 [1, 11] combined 0 players 0 retained 0 seconds 0.01316755311563611
sset_21_gloiZ_gTJaE_frame_00062120 pair 26 [1, 12] combined 0 players 0 retained 0 seconds 0.008483696728944778
sset_21_gloiZ_gTJaE_frame_00062120 pair 27 [1, 13] combined 0 players 0 retained 0 seconds 0.009686094243079424
sset_21_gloiZ_gTJaE_frame_00062120 pair 28 [1, 14] combined 0 players 0 retained 0 seconds 0.008746669627726078
sset_21_gloiZ_gTJaE_frame_00062120 pair 29 [1, 15] combined 0 players 0 retained 0 seconds 0.008639988023787737
sset_21_gloiZ_gTJaE_frame_00062120 pair 30 [2, 0] combined 0 players 0 retained 0 seconds 0.016107207164168358
sset_21_gloiZ_gTJaE_frame_00062120 pair 33 [2, 4] combined 0 players 0 retained 0 seconds 0.012831387110054493
sset_21_gloiZ_gTJaE_frame_00062120 pair 34 [2, 5] combined 0 players 0 retained 0 seconds 0.01262606494128704
sset_21_gloiZ_gTJaE_frame_00062120 pair 35 [2, 6] combined 0 players 0 retained 0 seconds 0.012480679899454117
sset_21_gloiZ_gTJaE_frame_00062120 pair 36 [2, 7] combined 0 players 0 retained 0 seconds 0.012495462317019701
sset_21_gloiZ_gTJaE_frame_00062120 pair 38 [2, 9] combined 0 players 0 retained 0 seconds 0.012687594164162874
sset_21_gloiZ_gTJaE_frame_00062120 pair 39 [2, 10] combined 0 players 0 retained 0 seconds 0.012718083802610636
sset_21_gloiZ_gTJaE_frame_00062120 pair 40 [2, 11] combined 0 players 0 retained 0 seconds 0.0131369698792696
sset_21_gloiZ_gTJaE_frame_00062120 pair 41 [2, 12] combined 0 players 0 retained 0 seconds 0.012568146921694279
sset_21_gloiZ_gTJaE_frame_00062120 pair 42 [2, 13] combined 0 players 0 retained 0 seconds 0.01408377941697836
sset_21_gloiZ_gTJaE_frame_00062120 pair 43 [2, 14] combined 0 players 0 retained 0 seconds 0.012830034364014864
sset_21_gloiZ_gTJaE_frame_00062120 pair 44 [2, 15] combined 0 players 0 retained 0 seconds 0.01284003397449851
sset_21_gloiZ_gTJaE_frame_00062120 pair 55 [3, 11] combined 0 players 0 retained 0 seconds 0.003573971800506115
sset_21_gloiZ_gTJaE_frame_00062120 pair 61 [4, 1] combined 0 players 0 retained 0 seconds 0.005301035009324551
sset_21_gloiZ_gTJaE_frame_00062120 pair 62 [4, 2] combined 0 players 0 retained 0 seconds 0.006795082241296768
sset_21_gloiZ_gTJaE_frame_00062120 pair 76 [5, 1] combined 0 players 0 retained 0 seconds 0.004873853176832199
sset_21_gloiZ_gTJaE_frame_00062120 pair 77 [5, 2] combined 0 players 0 retained 0 seconds 0.006245480850338936
sset_21_gloiZ_gTJaE_frame_00062120 pair 91 [6, 1] combined 0 players 0 retained 0 seconds 0.004767026286572218
sset_21_gloiZ_gTJaE_frame_00062120 pair 92 [6, 2] combined 0 players 0 retained 0 seconds 0.005870227701961994
sset_21_gloiZ_gTJaE_frame_00062120 pair 106 [7, 1] combined 0 players 0 retained 0 seconds 0.004919685889035463
sset_21_gloiZ_gTJaE_frame_00062120 pair 107 [7, 2] combined 0 players 0 retained 0 seconds 0.006298881955444813
sset_21_gloiZ_gTJaE_frame_00062120 pair 130 [8, 11] combined 0 players 0 retained 0 seconds 0.003718480933457613
sset_21_gloiZ_gTJaE_frame_00062120 pair 136 [9, 1] combined 0 players 0 retained 0 seconds 0.0048197191208601
sset_21_gloiZ_gTJaE_frame_00062120 pair 137 [9, 2] combined 0 players 0 retained 0 seconds 0.006161695811897516
sset_21_gloiZ_gTJaE_frame_00062120 pair 151 [10, 1] combined 0 players 0 retained 0 seconds 0.005101576913148165
sset_21_gloiZ_gTJaE_frame_00062120 pair 152 [10, 2] combined 0 players 0 retained 0 seconds 0.006048982962965965
sset_21_gloiZ_gTJaE_frame_00062120 pair 165 [11, 0] combined 0 players 0 retained 0 seconds 0.00733428169041872
sset_21_gloiZ_gTJaE_frame_00062120 pair 166 [11, 1] combined 0 players 0 retained 0 seconds 0.005914104636758566
sset_21_gloiZ_gTJaE_frame_00062120 pair 167 [11, 2] combined 0 players 0 retained 0 seconds 0.007302739191800356
sset_21_gloiZ_gTJaE_frame_00062120 pair 168 [11, 3] combined 0 players 0 retained 0 seconds 0.003857749979943037
sset_21_gloiZ_gTJaE_frame_00062120 pair 173 [11, 8] combined 0 players 0 retained 0 seconds 0.003937405999749899
sset_21_gloiZ_gTJaE_frame_00062120 pair 181 [12, 1] combined 0 players 0 retained 0 seconds 0.004844392649829388
sset_21_gloiZ_gTJaE_frame_00062120 pair 182 [12, 2] combined 0 players 0 retained 0 seconds 0.006089194677770138
sset_21_gloiZ_gTJaE_frame_00062120 pair 196 [13, 1] combined 0 players 0 retained 0 seconds 0.007972444873303175
sset_21_gloiZ_gTJaE_frame_00062120 pair 197 [13, 2] combined 0 players 0 retained 0 seconds 0.009306405670940876
sset_21_gloiZ_gTJaE_frame_00062120 pair 211 [14, 1] combined 0 players 0 retained 0 seconds 0.005371905863285065
sset_21_gloiZ_gTJaE_frame_00062120 pair 212 [14, 2] combined 0 players 0 retained 0 seconds 0.006547261960804462
sset_21_gloiZ_gTJaE_frame_00062120 pair 226 [15, 1] combined 0 players 0 retained 0 seconds 0.005336204078048468
sset_21_gloiZ_gTJaE_frame_00062120 pair 227 [15, 2] combined 0 players 0 retained 0 seconds 0.0065024481154978275
[sset_21_gloiZ_gTJaE_frame_00062120] line-template: preparing rectangles
[sset_21_gloiZ_gTJaE_frame_00062120] measuring 256 parents (G0=0, G1=0, line_template=256; conflicting geometry groups=0)
[sset_21_gloiZ_gTJaE_frame_00062120] parents 250/256
[sset_21_gloiZ_gTJaE_frame_00062120] refitting 256 parents
[sset_21_gloiZ_gTJaE_frame_00062120] refits 250/256; valid children=204
{"view_id": "sset_21_gloiZ_gTJaE_frame_00062120", "chosen_key": null, "no_court_reason": "no_gated_court", "all_checks_equal": null, "error": null}
{"views": ["sset_21_gloiZ_gTJaE_frame_00062120"], "startup_seconds": 0.03391337115317583, "wall_seconds": 437.79740504408255, "peak_rss_mb": 481.796875, "failed": []}
