decoded /scratch/cmarti/issue103_ad8da4f/external/shuttleset-sources/21 An_Se_Young_Ratchanok_Intanon_YONEX_Thailand_Open_2021_QuarterFinals.mp4 to frame 91 in 1s
sset_21_gloiZ_gTJaE_frame_00000001 pair 0 [0, 1] combined 262144 players 80370 retained 256 seconds 3.652650448959321
sset_21_gloiZ_gTJaE_frame_00000001 pair 1 [0, 2] combined 225280 players 75868 retained 256 seconds 3.196254363283515
sset_21_gloiZ_gTJaE_frame_00000001 pair 2 [0, 3] combined 262144 players 73116 retained 256 seconds 3.5424731499515474
sset_21_gloiZ_gTJaE_frame_00000001 pair 6 [0, 7] combined 6144 players 3072 retained 256 seconds 0.36064537009224296
sset_21_gloiZ_gTJaE_frame_00000001 pair 7 [0, 8] combined 16384 players 412 retained 179 seconds 0.24180980632081628
sset_21_gloiZ_gTJaE_frame_00000001 pair 11 [0, 12] combined 262144 players 42374 retained 256 seconds 2.3629458658397198
sset_21_gloiZ_gTJaE_frame_00000001 pair 15 [1, 0] combined 262144 players 71517 retained 256 seconds 3.314452776685357
sset_21_gloiZ_gTJaE_frame_00000001 pair 17 [1, 3] combined 262144 players 62398 retained 256 seconds 3.07916176924482
sset_21_gloiZ_gTJaE_frame_00000001 pair 18 [1, 4] combined 262144 players 18824 retained 256 seconds 1.489597846288234
sset_21_gloiZ_gTJaE_frame_00000001 pair 19 [1, 5] combined 262144 players 87338 retained 256 seconds 3.838188401889056
sset_21_gloiZ_gTJaE_frame_00000001 pair 20 [1, 6] combined 116736 players 4404 retained 256 seconds 0.544651763048023
sset_21_gloiZ_gTJaE_frame_00000001 pair 23 [1, 9] combined 245760 players 18530 retained 256 seconds 1.3857007487677038
sset_21_gloiZ_gTJaE_frame_00000001 pair 24 [1, 10] combined 0 players 0 retained 0 seconds 0.07791226683184505
sset_21_gloiZ_gTJaE_frame_00000001 pair 25 [1, 11] combined 262144 players 30088 retained 256 seconds 1.7890725620090961
sset_21_gloiZ_gTJaE_frame_00000001 pair 27 [1, 13] combined 39936 players 2196 retained 256 seconds 0.2990742027759552
sset_21_gloiZ_gTJaE_frame_00000001 pair 28 [1, 14] combined 1024 players 374 retained 181 seconds 0.11923520872369409
sset_21_gloiZ_gTJaE_frame_00000001 pair 29 [1, 15] combined 22528 players 342 retained 160 seconds 0.18662494281306863
sset_21_gloiZ_gTJaE_frame_00000001 pair 30 [2, 0] combined 262144 players 85028 retained 256 seconds 3.682450001128018
sset_21_gloiZ_gTJaE_frame_00000001 pair 32 [2, 3] combined 262144 players 12180 retained 256 seconds 1.1589560378342867
sset_21_gloiZ_gTJaE_frame_00000001 pair 33 [2, 4] combined 262144 players 56842 retained 256 seconds 1.6118481778539717
sset_21_gloiZ_gTJaE_frame_00000001 pair 34 [2, 5] combined 262144 players 74734 retained 256 seconds 1.988954002968967
sset_21_gloiZ_gTJaE_frame_00000001 pair 35 [2, 6] combined 76800 players 24464 retained 256 seconds 0.6312485258094966
sset_21_gloiZ_gTJaE_frame_00000001 pair 38 [2, 9] combined 142336 players 51722 retained 256 seconds 1.2968668090179563
sset_21_gloiZ_gTJaE_frame_00000001 pair 40 [2, 11] combined 262144 players 57928 retained 256 seconds 1.57790866214782
sset_21_gloiZ_gTJaE_frame_00000001 pair 42 [2, 13] combined 60416 players 12616 retained 256 seconds 0.4336733827367425
sset_21_gloiZ_gTJaE_frame_00000001 pair 44 [2, 15] combined 35840 players 5134 retained 256 seconds 0.19245057925581932
sset_21_gloiZ_gTJaE_frame_00000001 pair 45 [3, 0] combined 262144 players 64032 retained 256 seconds 1.8596985000185668
sset_21_gloiZ_gTJaE_frame_00000001 pair 46 [3, 1] combined 262144 players 76690 retained 256 seconds 1.9590980978682637
sset_21_gloiZ_gTJaE_frame_00000001 pair 47 [3, 2] combined 221184 players 4716 retained 256 seconds 0.561918546911329
sset_21_gloiZ_gTJaE_frame_00000001 pair 49 [3, 5] combined 262144 players 52622 retained 256 seconds 1.5076008443720639
sset_21_gloiZ_gTJaE_frame_00000001 pair 52 [3, 8] combined 5120 players 668 retained 256 seconds 0.07720352103933692
sset_21_gloiZ_gTJaE_frame_00000001 pair 54 [3, 10] combined 6144 players 2074 retained 256 seconds 0.09780171699821949
sset_21_gloiZ_gTJaE_frame_00000001 pair 55 [3, 11] combined 262144 players 29150 retained 256 seconds 1.1045107832178473
sset_21_gloiZ_gTJaE_frame_00000001 pair 56 [3, 12] combined 216064 players 27932 retained 256 seconds 0.9213333730585873
sset_21_gloiZ_gTJaE_frame_00000001 pair 58 [3, 14] combined 3072 players 4 retained 2 seconds 0.041259602177888155
sset_21_gloiZ_gTJaE_frame_00000001 pair 61 [4, 1] combined 146432 players 35268 retained 256 seconds 1.0732078826986253
sset_21_gloiZ_gTJaE_frame_00000001 pair 62 [4, 2] combined 214016 players 64232 retained 256 seconds 1.593677842989564
sset_21_gloiZ_gTJaE_frame_00000001 pair 66 [4, 7] combined 5100 players 2436 retained 256 seconds 0.1033624499104917
sset_21_gloiZ_gTJaE_frame_00000001 pair 67 [4, 8] combined 15360 players 32 retained 18 seconds 0.0497590322047472
sset_21_gloiZ_gTJaE_frame_00000001 pair 71 [4, 12] combined 193440 players 11446 retained 256 seconds 0.6321481526829302
sset_21_gloiZ_gTJaE_frame_00000001 pair 76 [5, 1] combined 262144 players 85992 retained 256 seconds 2.305006394162774
sset_21_gloiZ_gTJaE_frame_00000001 pair 77 [5, 2] combined 220160 players 70740 retained 256 seconds 1.9654754791408777
sset_21_gloiZ_gTJaE_frame_00000001 pair 78 [5, 3] combined 262144 players 57190 retained 256 seconds 1.7817385289818048
sset_21_gloiZ_gTJaE_frame_00000001 pair 81 [5, 7] combined 4096 players 1874 retained 256 seconds 0.15377116715535522
sset_21_gloiZ_gTJaE_frame_00000001 pair 82 [5, 8] combined 12288 players 466 retained 230 seconds 0.1222792980261147
sset_21_gloiZ_gTJaE_frame_00000001 pair 86 [5, 12] combined 262144 players 45846 retained 256 seconds 1.3770596622489393
sset_21_gloiZ_gTJaE_frame_00000001 pair 91 [6, 1] combined 52224 players 1762 retained 256 seconds 0.18823756324127316
sset_21_gloiZ_gTJaE_frame_00000001 pair 92 [6, 2] combined 63440 players 19314 retained 256 seconds 0.5267457822337747
sset_21_gloiZ_gTJaE_frame_00000001 pair 96 [6, 7] combined 1168 players 538 retained 256 seconds 0.04917575512081385
sset_21_gloiZ_gTJaE_frame_00000001 pair 97 [6, 8] combined 2684 players 0 retained 0 seconds 0.009827245958149433
sset_21_gloiZ_gTJaE_frame_00000001 pair 99 [6, 10] combined 1464 players 474 retained 198 seconds 0.041194393299520016
sset_21_gloiZ_gTJaE_frame_00000001 pair 101 [6, 12] combined 53248 players 1182 retained 256 seconds 0.14799071801826358
sset_21_gloiZ_gTJaE_frame_00000001 pair 105 [7, 0] combined 13312 players 4570 retained 256 seconds 0.23102338798344135
sset_21_gloiZ_gTJaE_frame_00000001 pair 109 [7, 4] combined 10240 players 2654 retained 256 seconds 0.19599543698132038
sset_21_gloiZ_gTJaE_frame_00000001 pair 110 [7, 5] combined 9216 players 3200 retained 256 seconds 0.17099427990615368
sset_21_gloiZ_gTJaE_frame_00000001 pair 111 [7, 6] combined 9088 players 4234 retained 256 seconds 0.13080135406926274
sset_21_gloiZ_gTJaE_frame_00000001 pair 115 [7, 11] combined 6144 players 1380 retained 256 seconds 0.08717613620683551
sset_21_gloiZ_gTJaE_frame_00000001 pair 117 [7, 13] combined 240 players 16 retained 8 seconds 0.01834373828023672
sset_21_gloiZ_gTJaE_frame_00000001 pair 119 [7, 15] combined 448 players 42 retained 21 seconds 0.01900767767801881
sset_21_gloiZ_gTJaE_frame_00000001 pair 120 [8, 0] combined 1024 players 262 retained 124 seconds 0.11841982789337635
sset_21_gloiZ_gTJaE_frame_00000001 pair 123 [8, 3] combined 9216 players 1742 retained 256 seconds 0.09746602224186063
sset_21_gloiZ_gTJaE_frame_00000001 pair 124 [8, 4] combined 29696 players 242 retained 121 seconds 0.08189358282834291
sset_21_gloiZ_gTJaE_frame_00000001 pair 125 [8, 5] combined 13312 players 128 retained 62 seconds 0.10460293292999268
sset_21_gloiZ_gTJaE_frame_00000001 pair 126 [8, 6] combined 2232 players 0 retained 0 seconds 0.008672425989061594
sset_21_gloiZ_gTJaE_frame_00000001 pair 128 [8, 9] combined 10752 players 144 retained 72 seconds 0.043903323356062174
sset_21_gloiZ_gTJaE_frame_00000001 pair 129 [8, 10] combined 0 players 0 retained 0 seconds 0.0037136301398277283
sset_21_gloiZ_gTJaE_frame_00000001 pair 130 [8, 11] combined 13312 players 72 retained 36 seconds 0.055435474030673504
sset_21_gloiZ_gTJaE_frame_00000001 pair 136 [9, 1] combined 46080 players 13058 retained 256 seconds 0.39407070726156235
sset_21_gloiZ_gTJaE_frame_00000001 pair 137 [9, 2] combined 123516 players 47194 retained 256 seconds 1.2665898059494793
sset_21_gloiZ_gTJaE_frame_00000001 pair 143 [9, 8] combined 3120 players 316 retained 159 seconds 0.044553713873028755
sset_21_gloiZ_gTJaE_frame_00000001 pair 146 [9, 12] combined 72288 players 11576 retained 256 seconds 0.3721765857189894
sset_21_gloiZ_gTJaE_frame_00000001 pair 151 [10, 1] combined 3072 players 656 retained 256 seconds 0.0826112269423902
sset_21_gloiZ_gTJaE_frame_00000001 pair 153 [10, 3] combined 0 players 0 retained 0 seconds 0.018628468737006187
sset_21_gloiZ_gTJaE_frame_00000001 pair 156 [10, 6] combined 0 players 0 retained 0 seconds 0.005565297789871693
sset_21_gloiZ_gTJaE_frame_00000001 pair 158 [10, 8] combined 20 players 10 retained 5 seconds 0.014681640081107616
sset_21_gloiZ_gTJaE_frame_00000001 pair 161 [10, 12] combined 936 players 420 retained 208 seconds 0.042397402226924896
sset_21_gloiZ_gTJaE_frame_00000001 pair 162 [10, 13] combined 312 players 0 retained 0 seconds 0.004881688859313726
sset_21_gloiZ_gTJaE_frame_00000001 pair 164 [10, 15] combined 1064 players 38 retained 19 seconds 0.018163320142775774
sset_21_gloiZ_gTJaE_frame_00000001 pair 166 [11, 1] combined 262144 players 61486 retained 256 seconds 1.6713922061026096
sset_21_gloiZ_gTJaE_frame_00000001 pair 167 [11, 2] combined 217088 players 77370 retained 256 seconds 2.097886143717915
sset_21_gloiZ_gTJaE_frame_00000001 pair 168 [11, 3] combined 262144 players 69922 retained 256 seconds 1.899755235761404
sset_21_gloiZ_gTJaE_frame_00000001 pair 172 [11, 7] combined 7168 players 1838 retained 256 seconds 0.0969750378280878
sset_21_gloiZ_gTJaE_frame_00000001 pair 173 [11, 8] combined 32768 players 714 retained 256 seconds 0.10598780680447817
sset_21_gloiZ_gTJaE_frame_00000001 pair 176 [11, 12] combined 262144 players 14640 retained 256 seconds 0.7322869268245995
sset_21_gloiZ_gTJaE_frame_00000001 pair 180 [12, 0] combined 217088 players 24310 retained 256 seconds 1.0291702998802066
sset_21_gloiZ_gTJaE_frame_00000001 pair 183 [12, 3] combined 247808 players 48476 retained 256 seconds 1.3496783007867634
sset_21_gloiZ_gTJaE_frame_00000001 pair 184 [12, 4] combined 204800 players 7728 retained 256 seconds 0.5106027503497899
sset_21_gloiZ_gTJaE_frame_00000001 pair 185 [12, 5] combined 203776 players 55212 retained 256 seconds 1.554290581960231
sset_21_gloiZ_gTJaE_frame_00000001 pair 186 [12, 6] combined 113664 players 2240 retained 256 seconds 0.26520358491688967
sset_21_gloiZ_gTJaE_frame_00000001 pair 189 [12, 9] combined 151200 players 4242 retained 256 seconds 0.34677452128380537
sset_21_gloiZ_gTJaE_frame_00000001 pair 190 [12, 10] combined 0 players 0 retained 0 seconds 0.012775402050465345
sset_21_gloiZ_gTJaE_frame_00000001 pair 191 [12, 11] combined 212992 players 12458 retained 256 seconds 0.621039351914078
sset_21_gloiZ_gTJaE_frame_00000001 pair 194 [12, 15] combined 21504 players 262 retained 84 seconds 0.0673977336846292
sset_21_gloiZ_gTJaE_frame_00000001 pair 196 [13, 1] combined 46080 players 3072 retained 256 seconds 0.19456187915056944
sset_21_gloiZ_gTJaE_frame_00000001 pair 197 [13, 2] combined 48952 players 3230 retained 256 seconds 0.17665567994117737
sset_21_gloiZ_gTJaE_frame_00000001 pair 202 [13, 7] combined 324 players 6 retained 3 seconds 0.017134964000433683
sset_21_gloiZ_gTJaE_frame_00000001 pair 205 [13, 10] combined 1204 players 0 retained 0 seconds 0.006113136187195778
sset_21_gloiZ_gTJaE_frame_00000001 pair 211 [14, 1] combined 2048 players 536 retained 256 seconds 0.07667360035702586
sset_21_gloiZ_gTJaE_frame_00000001 pair 213 [14, 3] combined 0 players 0 retained 0 seconds 0.017826027236878872
sset_21_gloiZ_gTJaE_frame_00000001 pair 226 [15, 1] combined 20480 players 506 retained 254 seconds 0.10210365103557706
sset_21_gloiZ_gTJaE_frame_00000001 pair 227 [15, 2] combined 35948 players 94 retained 47 seconds 0.08739329827949405
sset_21_gloiZ_gTJaE_frame_00000001 pair 232 [15, 7] combined 2288 players 0 retained 0 seconds 0.009396582841873169
sset_21_gloiZ_gTJaE_frame_00000001 pair 235 [15, 10] combined 864 players 34 retained 17 seconds 0.018837759271264076
sset_21_gloiZ_gTJaE_frame_00000001 pair 237 [15, 12] combined 13680 players 338 retained 128 seconds 0.05785994976758957
sset_21_gloiZ_gTJaE_frame_00000001 pair 0 [0, 1] combined 61600 players 12770 retained 256 seconds 0.3832512046210468
sset_21_gloiZ_gTJaE_frame_00000001 pair 1 [0, 2] combined 2024 players 706 retained 256 seconds 0.05988884577527642
sset_21_gloiZ_gTJaE_frame_00000001 pair 2 [0, 3] combined 0 players 0 retained 0 seconds 0.014576173387467861
sset_21_gloiZ_gTJaE_frame_00000001 pair 6 [0, 7] combined 2048 players 1024 retained 256 seconds 0.06592809036374092
sset_21_gloiZ_gTJaE_frame_00000001 pair 7 [0, 8] combined 0 players 0 retained 0 seconds 0.014416711870580912
sset_21_gloiZ_gTJaE_frame_00000001 pair 11 [0, 12] combined 35680 players 7896 retained 256 seconds 0.25239330856129527
sset_21_gloiZ_gTJaE_frame_00000001 pair 15 [1, 0] combined 81700 players 21864 retained 256 seconds 0.7413691440597177
sset_21_gloiZ_gTJaE_frame_00000001 pair 17 [1, 3] combined 0 players 0 retained 0 seconds 0.008829465135931969
sset_21_gloiZ_gTJaE_frame_00000001 pair 18 [1, 4] combined 5712 players 0 retained 0 seconds 0.01649124315008521
sset_21_gloiZ_gTJaE_frame_00000001 pair 19 [1, 5] combined 50752 players 18196 retained 256 seconds 0.4833582928404212
sset_21_gloiZ_gTJaE_frame_00000001 pair 20 [1, 6] combined 0 players 0 retained 0 seconds 0.00753107899799943
sset_21_gloiZ_gTJaE_frame_00000001 pair 23 [1, 9] combined 2328 players 0 retained 0 seconds 0.010022471193224192
sset_21_gloiZ_gTJaE_frame_00000001 pair 24 [1, 10] combined 0 players 0 retained 0 seconds 0.006335902027785778
sset_21_gloiZ_gTJaE_frame_00000001 pair 25 [1, 11] combined 1552 players 114 retained 56 seconds 0.025354395154863596
sset_21_gloiZ_gTJaE_frame_00000001 pair 27 [1, 13] combined 0 players 0 retained 0 seconds 0.006190421991050243
sset_21_gloiZ_gTJaE_frame_00000001 pair 28 [1, 14] combined 0 players 0 retained 0 seconds 0.0067658815532922745
sset_21_gloiZ_gTJaE_frame_00000001 pair 29 [1, 15] combined 0 players 0 retained 0 seconds 0.006371699273586273
sset_21_gloiZ_gTJaE_frame_00000001 pair 30 [2, 0] combined 4800 players 1534 retained 256 seconds 0.07878828374668956
sset_21_gloiZ_gTJaE_frame_00000001 pair 32 [2, 3] combined 0 players 0 retained 0 seconds 0.0026761386543512344
sset_21_gloiZ_gTJaE_frame_00000001 pair 33 [2, 4] combined 96 players 0 retained 0 seconds 0.0032896408811211586
sset_21_gloiZ_gTJaE_frame_00000001 pair 34 [2, 5] combined 2048 players 576 retained 256 seconds 0.05063238088041544
sset_21_gloiZ_gTJaE_frame_00000001 pair 35 [2, 6] combined 0 players 0 retained 0 seconds 0.002696664072573185
sset_21_gloiZ_gTJaE_frame_00000001 pair 38 [2, 9] combined 40 players 0 retained 0 seconds 0.0027523143216967583
sset_21_gloiZ_gTJaE_frame_00000001 pair 40 [2, 11] combined 96 players 8 retained 4 seconds 0.01534969313070178
sset_21_gloiZ_gTJaE_frame_00000001 pair 42 [2, 13] combined 0 players 0 retained 0 seconds 0.0023545469157397747
sset_21_gloiZ_gTJaE_frame_00000001 pair 44 [2, 15] combined 0 players 0 retained 0 seconds 0.0019334550015628338
sset_21_gloiZ_gTJaE_frame_00000001 pair 45 [3, 0] combined 0 players 0 retained 0 seconds 0.010966547764837742
sset_21_gloiZ_gTJaE_frame_00000001 pair 46 [3, 1] combined 0 players 0 retained 0 seconds 0.00503559410572052
sset_21_gloiZ_gTJaE_frame_00000001 pair 47 [3, 2] combined 0 players 0 retained 0 seconds 0.001992295030504465
sset_21_gloiZ_gTJaE_frame_00000001 pair 49 [3, 5] combined 0 players 0 retained 0 seconds 0.006692392285913229
sset_21_gloiZ_gTJaE_frame_00000001 pair 52 [3, 8] combined 0 players 0 retained 0 seconds 0.0015301210805773735
sset_21_gloiZ_gTJaE_frame_00000001 pair 54 [3, 10] combined 0 players 0 retained 0 seconds 0.0014281668700277805
sset_21_gloiZ_gTJaE_frame_00000001 pair 55 [3, 11] combined 0 players 0 retained 0 seconds 0.002184174954891205
sset_21_gloiZ_gTJaE_frame_00000001 pair 56 [3, 12] combined 0 players 0 retained 0 seconds 0.003577807452529669
sset_21_gloiZ_gTJaE_frame_00000001 pair 58 [3, 14] combined 0 players 0 retained 0 seconds 0.0015277708880603313
sset_21_gloiZ_gTJaE_frame_00000001 pair 61 [4, 1] combined 236 players 0 retained 0 seconds 0.006016890052706003
sset_21_gloiZ_gTJaE_frame_00000001 pair 62 [4, 2] combined 0 players 0 retained 0 seconds 0.0028339154087007046
sset_21_gloiZ_gTJaE_frame_00000001 pair 66 [4, 7] combined 12 players 6 retained 3 seconds 0.014830196741968393
sset_21_gloiZ_gTJaE_frame_00000001 pair 67 [4, 8] combined 0 players 0 retained 0 seconds 0.00278873136267066
sset_21_gloiZ_gTJaE_frame_00000001 pair 71 [4, 12] combined 492 players 0 retained 0 seconds 0.005464392714202404
sset_21_gloiZ_gTJaE_frame_00000001 pair 76 [5, 1] combined 38280 players 8270 retained 256 seconds 0.25803140783682466
sset_21_gloiZ_gTJaE_frame_00000001 pair 77 [5, 2] combined 728 players 248 retained 121 seconds 0.03243355732411146
sset_21_gloiZ_gTJaE_frame_00000001 pair 78 [5, 3] combined 0 players 0 retained 0 seconds 0.008925948292016983
sset_21_gloiZ_gTJaE_frame_00000001 pair 81 [5, 7] combined 0 players 0 retained 0 seconds 0.009353969246149063
sset_21_gloiZ_gTJaE_frame_00000001 pair 82 [5, 8] combined 0 players 0 retained 0 seconds 0.006503612268716097
sset_21_gloiZ_gTJaE_frame_00000001 pair 86 [5, 12] combined 13580 players 2996 retained 256 seconds 0.12074274010956287
sset_21_gloiZ_gTJaE_frame_00000001 pair 91 [6, 1] combined 0 players 0 retained 0 seconds 0.006249642930924892
sset_21_gloiZ_gTJaE_frame_00000001 pair 92 [6, 2] combined 0 players 0 retained 0 seconds 0.002131648827344179
sset_21_gloiZ_gTJaE_frame_00000001 pair 96 [6, 7] combined 0 players 0 retained 0 seconds 0.002196426037698984
sset_21_gloiZ_gTJaE_frame_00000001 pair 97 [6, 8] combined 0 players 0 retained 0 seconds 0.001200985163450241
sset_21_gloiZ_gTJaE_frame_00000001 pair 99 [6, 10] combined 0 players 0 retained 0 seconds 0.0014535398222506046
sset_21_gloiZ_gTJaE_frame_00000001 pair 101 [6, 12] combined 0 players 0 retained 0 seconds 0.004202669020742178
sset_21_gloiZ_gTJaE_frame_00000001 pair 105 [7, 0] combined 856 players 266 retained 133 seconds 0.037585228215903044
sset_21_gloiZ_gTJaE_frame_00000001 pair 109 [7, 4] combined 0 players 0 retained 0 seconds 0.003625171259045601
sset_21_gloiZ_gTJaE_frame_00000001 pair 110 [7, 5] combined 0 players 0 retained 0 seconds 0.007713901810348034
sset_21_gloiZ_gTJaE_frame_00000001 pair 111 [7, 6] combined 0 players 0 retained 0 seconds 0.002716305200010538
sset_21_gloiZ_gTJaE_frame_00000001 pair 115 [7, 11] combined 0 players 0 retained 0 seconds 0.00305914506316185
sset_21_gloiZ_gTJaE_frame_00000001 pair 117 [7, 13] combined 0 players 0 retained 0 seconds 0.0022445512004196644
sset_21_gloiZ_gTJaE_frame_00000001 pair 119 [7, 15] combined 0 players 0 retained 0 seconds 0.0021705077961087227
sset_21_gloiZ_gTJaE_frame_00000001 pair 120 [8, 0] combined 0 players 0 retained 0 seconds 0.011217215098440647
sset_21_gloiZ_gTJaE_frame_00000001 pair 123 [8, 3] combined 0 players 0 retained 0 seconds 0.0016678743995726109
sset_21_gloiZ_gTJaE_frame_00000001 pair 124 [8, 4] combined 0 players 0 retained 0 seconds 0.0024252641014754772
sset_21_gloiZ_gTJaE_frame_00000001 pair 125 [8, 5] combined 0 players 0 retained 0 seconds 0.006414657924324274
sset_21_gloiZ_gTJaE_frame_00000001 pair 126 [8, 6] combined 0 players 0 retained 0 seconds 0.0012862319126725197
sset_21_gloiZ_gTJaE_frame_00000001 pair 128 [8, 9] combined 0 players 0 retained 0 seconds 0.001935529988259077
sset_21_gloiZ_gTJaE_frame_00000001 pair 129 [8, 10] combined 0 players 0 retained 0 seconds 0.0012702238745987415
sset_21_gloiZ_gTJaE_frame_00000001 pair 130 [8, 11] combined 0 players 0 retained 0 seconds 0.0020496752113103867
sset_21_gloiZ_gTJaE_frame_00000001 pair 136 [9, 1] combined 0 players 0 retained 0 seconds 0.005393532570451498
sset_21_gloiZ_gTJaE_frame_00000001 pair 137 [9, 2] combined 0 players 0 retained 0 seconds 0.0025634453631937504
sset_21_gloiZ_gTJaE_frame_00000001 pair 143 [9, 8] combined 0 players 0 retained 0 seconds 0.002190296072512865
sset_21_gloiZ_gTJaE_frame_00000001 pair 146 [9, 12] combined 180 players 0 retained 0 seconds 0.00450856564566493
sset_21_gloiZ_gTJaE_frame_00000001 pair 151 [10, 1] combined 0 players 0 retained 0 seconds 0.004750863183289766
sset_21_gloiZ_gTJaE_frame_00000001 pair 153 [10, 3] combined 0 players 0 retained 0 seconds 0.001492273062467575
sset_21_gloiZ_gTJaE_frame_00000001 pair 156 [10, 6] combined 0 players 0 retained 0 seconds 0.0014083422720432281
sset_21_gloiZ_gTJaE_frame_00000001 pair 158 [10, 8] combined 0 players 0 retained 0 seconds 0.0011945939622819424
sset_21_gloiZ_gTJaE_frame_00000001 pair 161 [10, 12] combined 0 players 0 retained 0 seconds 0.004028308670967817
sset_21_gloiZ_gTJaE_frame_00000001 pair 162 [10, 13] combined 0 players 0 retained 0 seconds 0.0014610448852181435
sset_21_gloiZ_gTJaE_frame_00000001 pair 164 [10, 15] combined 0 players 0 retained 0 seconds 0.0011465540155768394
sset_21_gloiZ_gTJaE_frame_00000001 pair 166 [11, 1] combined 528 players 80 retained 38 seconds 0.021353124640882015
sset_21_gloiZ_gTJaE_frame_00000001 pair 167 [11, 2] combined 32 players 4 retained 2 seconds 0.015010097995400429
sset_21_gloiZ_gTJaE_frame_00000001 pair 168 [11, 3] combined 0 players 0 retained 0 seconds 0.002796937245875597
sset_21_gloiZ_gTJaE_frame_00000001 pair 172 [11, 7] combined 140 players 56 retained 29 seconds 0.017056621611118317
sset_21_gloiZ_gTJaE_frame_00000001 pair 173 [11, 8] combined 0 players 0 retained 0 seconds 0.0025428161025047302
sset_21_gloiZ_gTJaE_frame_00000001 pair 176 [11, 12] combined 152 players 50 retained 25 seconds 0.017817669082432985
sset_21_gloiZ_gTJaE_frame_00000001 pair 180 [12, 0] combined 46920 players 11474 retained 256 seconds 0.3316886150278151
sset_21_gloiZ_gTJaE_frame_00000001 pair 183 [12, 3] combined 0 players 0 retained 0 seconds 0.005807124078273773
sset_21_gloiZ_gTJaE_frame_00000001 pair 184 [12, 4] combined 3224 players 0 retained 0 seconds 0.010095107834786177
sset_21_gloiZ_gTJaE_frame_00000001 pair 185 [12, 5] combined 21504 players 7408 retained 256 seconds 0.21370318997651339
sset_21_gloiZ_gTJaE_frame_00000001 pair 186 [12, 6] combined 0 players 0 retained 0 seconds 0.005543719977140427
sset_21_gloiZ_gTJaE_frame_00000001 pair 189 [12, 9] combined 448 players 0 retained 0 seconds 0.0058244322426617146
sset_21_gloiZ_gTJaE_frame_00000001 pair 190 [12, 10] combined 0 players 0 retained 0 seconds 0.004260439425706863
sset_21_gloiZ_gTJaE_frame_00000001 pair 191 [12, 11] combined 1248 players 56 retained 28 seconds 0.020387322176247835
sset_21_gloiZ_gTJaE_frame_00000001 pair 194 [12, 15] combined 0 players 0 retained 0 seconds 0.005069010891020298
sset_21_gloiZ_gTJaE_frame_00000001 pair 196 [13, 1] combined 0 players 0 retained 0 seconds 0.005039792973548174
sset_21_gloiZ_gTJaE_frame_00000001 pair 197 [13, 2] combined 0 players 0 retained 0 seconds 0.0018397211097180843
sset_21_gloiZ_gTJaE_frame_00000001 pair 202 [13, 7] combined 0 players 0 retained 0 seconds 0.001738276332616806
sset_21_gloiZ_gTJaE_frame_00000001 pair 205 [13, 10] combined 0 players 0 retained 0 seconds 0.0012737829238176346
sset_21_gloiZ_gTJaE_frame_00000001 pair 211 [14, 1] combined 0 players 0 retained 0 seconds 0.00498833367601037
sset_21_gloiZ_gTJaE_frame_00000001 pair 213 [14, 3] combined 0 players 0 retained 0 seconds 0.0016058040782809258
sset_21_gloiZ_gTJaE_frame_00000001 pair 226 [15, 1] combined 0 players 0 retained 0 seconds 0.004891511052846909
sset_21_gloiZ_gTJaE_frame_00000001 pair 227 [15, 2] combined 0 players 0 retained 0 seconds 0.0016769412904977798
sset_21_gloiZ_gTJaE_frame_00000001 pair 232 [15, 7] combined 0 players 0 retained 0 seconds 0.0018276148475706577
sset_21_gloiZ_gTJaE_frame_00000001 pair 235 [15, 10] combined 0 players 0 retained 0 seconds 0.0010784822516143322
sset_21_gloiZ_gTJaE_frame_00000001 pair 237 [15, 12] combined 0 players 0 retained 0 seconds 0.00344901904463768
[sset_21_gloiZ_gTJaE_frame_00000001] line-template: preparing rectangles
[sset_21_gloiZ_gTJaE_frame_00000001] measuring 731 parents (G0=256, G1=256, line_template=256; conflicting geometry groups=0)
[sset_21_gloiZ_gTJaE_frame_00000001] parents 250/731
[sset_21_gloiZ_gTJaE_frame_00000001] parents 500/731
[sset_21_gloiZ_gTJaE_frame_00000001] refitting 731 parents
[sset_21_gloiZ_gTJaE_frame_00000001] refits 250/731; valid children=188
[sset_21_gloiZ_gTJaE_frame_00000001] refits 500/731; valid children=427
{"view_id": "sset_21_gloiZ_gTJaE_frame_00000001", "chosen_key": "G0:180:580/child", "no_court_reason": null, "all_checks_equal": null, "error": null}
{"views": ["sset_21_gloiZ_gTJaE_frame_00000001"], "startup_seconds": 0.049351340625435114, "wall_seconds": 179.174431421794, "peak_rss_mb": 1184.7265625, "failed": []}
