decoded /scratch/cmarti/issue103_ad8da4f/external/shuttleset-sources/21 An_Se_Young_Ratchanok_Intanon_YONEX_Thailand_Open_2021_QuarterFinals.mp4 to frame 345 in 2s
sset_21_gloiZ_gTJaE_frame_00000300 pair 0 [0, 1] combined 0 players 0 retained 0 seconds 0.13156935386359692
sset_21_gloiZ_gTJaE_frame_00000300 pair 1 [0, 2] combined 0 players 0 retained 0 seconds 0.12629431998357177
sset_21_gloiZ_gTJaE_frame_00000300 pair 3 [0, 4] combined 0 players 0 retained 0 seconds 0.11928228614851832
sset_21_gloiZ_gTJaE_frame_00000300 pair 4 [0, 5] combined 0 players 0 retained 0 seconds 0.12121965596452355
sset_21_gloiZ_gTJaE_frame_00000300 pair 5 [0, 6] combined 0 players 0 retained 0 seconds 0.1206052852794528
sset_21_gloiZ_gTJaE_frame_00000300 pair 6 [0, 7] combined 0 players 0 retained 0 seconds 0.1207857970148325
sset_21_gloiZ_gTJaE_frame_00000300 pair 8 [0, 9] combined 0 players 0 retained 0 seconds 0.11599453212693334
sset_21_gloiZ_gTJaE_frame_00000300 pair 10 [0, 11] combined 0 players 0 retained 0 seconds 0.11298405192792416
sset_21_gloiZ_gTJaE_frame_00000300 pair 13 [0, 14] combined 0 players 0 retained 0 seconds 0.11627014819532633
sset_21_gloiZ_gTJaE_frame_00000300 pair 15 [1, 0] combined 0 players 0 retained 0 seconds 0.0703602209687233
sset_21_gloiZ_gTJaE_frame_00000300 pair 16 [1, 2] combined 0 players 0 retained 0 seconds 0.043867253232747316
sset_21_gloiZ_gTJaE_frame_00000300 pair 17 [1, 3] combined 0 players 0 retained 0 seconds 0.06017214385792613
sset_21_gloiZ_gTJaE_frame_00000300 pair 18 [1, 4] combined 0 players 0 retained 0 seconds 0.03944433480501175
sset_21_gloiZ_gTJaE_frame_00000300 pair 21 [1, 7] combined 0 players 0 retained 0 seconds 0.04103656858205795
sset_21_gloiZ_gTJaE_frame_00000300 pair 22 [1, 8] combined 0 players 0 retained 0 seconds 0.03988855937495828
sset_21_gloiZ_gTJaE_frame_00000300 pair 24 [1, 10] combined 0 players 0 retained 0 seconds 0.03930813120678067
sset_21_gloiZ_gTJaE_frame_00000300 pair 25 [1, 11] combined 0 players 0 retained 0 seconds 0.03947141394019127
sset_21_gloiZ_gTJaE_frame_00000300 pair 26 [1, 12] combined 0 players 0 retained 0 seconds 0.045806837268173695
sset_21_gloiZ_gTJaE_frame_00000300 pair 28 [1, 14] combined 0 players 0 retained 0 seconds 0.039687484968453646
sset_21_gloiZ_gTJaE_frame_00000300 pair 29 [1, 15] combined 0 players 0 retained 0 seconds 0.03897256264463067
sset_21_gloiZ_gTJaE_frame_00000300 pair 30 [2, 0] combined 0 players 0 retained 0 seconds 0.05816925363615155
sset_21_gloiZ_gTJaE_frame_00000300 pair 31 [2, 1] combined 0 players 0 retained 0 seconds 0.035472416784614325
sset_21_gloiZ_gTJaE_frame_00000300 pair 32 [2, 3] combined 0 players 0 retained 0 seconds 0.04803381487727165
sset_21_gloiZ_gTJaE_frame_00000300 pair 34 [2, 5] combined 0 players 0 retained 0 seconds 0.030153418891131878
sset_21_gloiZ_gTJaE_frame_00000300 pair 35 [2, 6] combined 0 players 0 retained 0 seconds 0.027958473190665245
sset_21_gloiZ_gTJaE_frame_00000300 pair 38 [2, 9] combined 0 players 0 retained 0 seconds 0.026613603811711073
sset_21_gloiZ_gTJaE_frame_00000300 pair 41 [2, 12] combined 0 players 0 retained 0 seconds 0.032072339206933975
sset_21_gloiZ_gTJaE_frame_00000300 pair 42 [2, 13] combined 0 players 0 retained 0 seconds 0.02579326694831252
sset_21_gloiZ_gTJaE_frame_00000300 pair 46 [3, 1] combined 0 players 0 retained 0 seconds 0.08846975909546018
sset_21_gloiZ_gTJaE_frame_00000300 pair 47 [3, 2] combined 0 players 0 retained 0 seconds 0.08842851594090462
sset_21_gloiZ_gTJaE_frame_00000300 pair 48 [3, 4] combined 0 players 0 retained 0 seconds 0.08088500471785665
sset_21_gloiZ_gTJaE_frame_00000300 pair 49 [3, 5] combined 0 players 0 retained 0 seconds 0.08396478509530425
sset_21_gloiZ_gTJaE_frame_00000300 pair 50 [3, 6] combined 0 players 0 retained 0 seconds 0.08108772896230221
sset_21_gloiZ_gTJaE_frame_00000300 pair 51 [3, 7] combined 0 players 0 retained 0 seconds 0.08277790993452072
sset_21_gloiZ_gTJaE_frame_00000300 pair 53 [3, 9] combined 0 players 0 retained 0 seconds 0.08053829381242394
sset_21_gloiZ_gTJaE_frame_00000300 pair 55 [3, 11] combined 0 players 0 retained 0 seconds 0.0801402572542429
sset_21_gloiZ_gTJaE_frame_00000300 pair 58 [3, 14] combined 0 players 0 retained 0 seconds 0.08048874186351895
sset_21_gloiZ_gTJaE_frame_00000300 pair 60 [4, 0] combined 0 players 0 retained 0 seconds 0.0427773711271584
sset_21_gloiZ_gTJaE_frame_00000300 pair 61 [4, 1] combined 0 players 0 retained 0 seconds 0.019402493257075548
sset_21_gloiZ_gTJaE_frame_00000300 pair 63 [4, 3] combined 0 players 0 retained 0 seconds 0.03269287198781967
sset_21_gloiZ_gTJaE_frame_00000300 pair 64 [4, 5] combined 0 players 0 retained 0 seconds 0.01401486387476325
sset_21_gloiZ_gTJaE_frame_00000300 pair 65 [4, 6] combined 0 players 0 retained 0 seconds 0.011816735845059156
sset_21_gloiZ_gTJaE_frame_00000300 pair 68 [4, 9] combined 0 players 0 retained 0 seconds 0.010426127817481756
sset_21_gloiZ_gTJaE_frame_00000300 pair 71 [4, 12] combined 0 players 0 retained 0 seconds 0.01429119985550642
sset_21_gloiZ_gTJaE_frame_00000300 pair 75 [5, 0] combined 0 players 0 retained 0 seconds 0.05516264121979475
sset_21_gloiZ_gTJaE_frame_00000300 pair 77 [5, 2] combined 0 players 0 retained 0 seconds 0.025502482894808054
sset_21_gloiZ_gTJaE_frame_00000300 pair 78 [5, 3] combined 0 players 0 retained 0 seconds 0.04161206725984812
sset_21_gloiZ_gTJaE_frame_00000300 pair 79 [5, 4] combined 0 players 0 retained 0 seconds 0.020457691978663206
sset_21_gloiZ_gTJaE_frame_00000300 pair 81 [5, 7] combined 0 players 0 retained 0 seconds 0.0213297288864851
sset_21_gloiZ_gTJaE_frame_00000300 pair 82 [5, 8] combined 0 players 0 retained 0 seconds 0.020266897045075893
sset_21_gloiZ_gTJaE_frame_00000300 pair 84 [5, 10] combined 0 players 0 retained 0 seconds 0.02029989892616868
sset_21_gloiZ_gTJaE_frame_00000300 pair 85 [5, 11] combined 0 players 0 retained 0 seconds 0.01906872820109129
sset_21_gloiZ_gTJaE_frame_00000300 pair 88 [5, 14] combined 0 players 0 retained 0 seconds 0.019357071723788977
sset_21_gloiZ_gTJaE_frame_00000300 pair 89 [5, 15] combined 0 players 0 retained 0 seconds 0.019668666180223227
sset_21_gloiZ_gTJaE_frame_00000300 pair 90 [6, 0] combined 0 players 0 retained 0 seconds 0.04657399095594883
sset_21_gloiZ_gTJaE_frame_00000300 pair 92 [6, 2] combined 0 players 0 retained 0 seconds 0.019054614938795567
sset_21_gloiZ_gTJaE_frame_00000300 pair 93 [6, 3] combined 0 players 0 retained 0 seconds 0.0351103781722486
sset_21_gloiZ_gTJaE_frame_00000300 pair 94 [6, 4] combined 0 players 0 retained 0 seconds 0.014075037091970444
sset_21_gloiZ_gTJaE_frame_00000300 pair 96 [6, 7] combined 0 players 0 retained 0 seconds 0.015140741597861052
sset_21_gloiZ_gTJaE_frame_00000300 pair 97 [6, 8] combined 0 players 0 retained 0 seconds 0.01474895142018795
sset_21_gloiZ_gTJaE_frame_00000300 pair 99 [6, 10] combined 0 players 0 retained 0 seconds 0.014276641886681318
sset_21_gloiZ_gTJaE_frame_00000300 pair 100 [6, 11] combined 0 players 0 retained 0 seconds 0.012254026718437672
sset_21_gloiZ_gTJaE_frame_00000300 pair 101 [6, 12] combined 0 players 0 retained 0 seconds 0.019380563870072365
sset_21_gloiZ_gTJaE_frame_00000300 pair 103 [6, 14] combined 0 players 0 retained 0 seconds 0.013763963244855404
sset_21_gloiZ_gTJaE_frame_00000300 pair 104 [6, 15] combined 0 players 0 retained 0 seconds 0.013350358698517084
sset_21_gloiZ_gTJaE_frame_00000300 pair 105 [7, 0] combined 0 players 0 retained 0 seconds 0.04743973491713405
sset_21_gloiZ_gTJaE_frame_00000300 pair 106 [7, 1] combined 0 players 0 retained 0 seconds 0.0220012697391212
sset_21_gloiZ_gTJaE_frame_00000300 pair 108 [7, 3] combined 0 players 0 retained 0 seconds 0.03621570998802781
sset_21_gloiZ_gTJaE_frame_00000300 pair 110 [7, 5] combined 0 players 0 retained 0 seconds 0.016217688098549843
sset_21_gloiZ_gTJaE_frame_00000300 pair 111 [7, 6] combined 0 players 0 retained 0 seconds 0.014582408126443624
sset_21_gloiZ_gTJaE_frame_00000300 pair 113 [7, 9] combined 0 players 0 retained 0 seconds 0.014241359196603298
sset_21_gloiZ_gTJaE_frame_00000300 pair 116 [7, 12] combined 0 players 0 retained 0 seconds 0.019194948952645063
sset_21_gloiZ_gTJaE_frame_00000300 pair 117 [7, 13] combined 0 players 0 retained 0 seconds 0.013217735104262829
sset_21_gloiZ_gTJaE_frame_00000300 pair 121 [8, 1] combined 0 players 0 retained 0 seconds 0.0191678861156106
sset_21_gloiZ_gTJaE_frame_00000300 pair 125 [8, 5] combined 0 players 0 retained 0 seconds 0.013358931988477707
sset_21_gloiZ_gTJaE_frame_00000300 pair 126 [8, 6] combined 0 players 0 retained 0 seconds 0.011302052065730095
sset_21_gloiZ_gTJaE_frame_00000300 pair 128 [8, 9] combined 0 players 0 retained 0 seconds 0.009172733873128891
sset_21_gloiZ_gTJaE_frame_00000300 pair 135 [9, 0] combined 0 players 0 retained 0 seconds 0.04098618309944868
sset_21_gloiZ_gTJaE_frame_00000300 pair 137 [9, 2] combined 0 players 0 retained 0 seconds 0.018053933046758175
sset_21_gloiZ_gTJaE_frame_00000300 pair 138 [9, 3] combined 0 players 0 retained 0 seconds 0.029669885989278555
sset_21_gloiZ_gTJaE_frame_00000300 pair 139 [9, 4] combined 0 players 0 retained 0 seconds 0.010096574667841196
sset_21_gloiZ_gTJaE_frame_00000300 pair 142 [9, 7] combined 0 players 0 retained 0 seconds 0.011191113851964474
sset_21_gloiZ_gTJaE_frame_00000300 pair 143 [9, 8] combined 0 players 0 retained 0 seconds 0.009036728646606207
sset_21_gloiZ_gTJaE_frame_00000300 pair 144 [9, 10] combined 0 players 0 retained 0 seconds 0.00996067700907588
sset_21_gloiZ_gTJaE_frame_00000300 pair 145 [9, 11] combined 0 players 0 retained 0 seconds 0.009217122104018927
sset_21_gloiZ_gTJaE_frame_00000300 pair 148 [9, 14] combined 0 players 0 retained 0 seconds 0.009326962754130363
sset_21_gloiZ_gTJaE_frame_00000300 pair 149 [9, 15] combined 0 players 0 retained 0 seconds 0.009263369254767895
sset_21_gloiZ_gTJaE_frame_00000300 pair 151 [10, 1] combined 0 players 0 retained 0 seconds 0.017819359432905912
sset_21_gloiZ_gTJaE_frame_00000300 pair 155 [10, 5] combined 0 players 0 retained 0 seconds 0.012552517000585794
sset_21_gloiZ_gTJaE_frame_00000300 pair 156 [10, 6] combined 0 players 0 retained 0 seconds 0.010507024358958006
sset_21_gloiZ_gTJaE_frame_00000300 pair 159 [10, 9] combined 0 players 0 retained 0 seconds 0.009404817130416632
sset_21_gloiZ_gTJaE_frame_00000300 pair 165 [11, 0] combined 0 players 0 retained 0 seconds 0.0367700788192451
sset_21_gloiZ_gTJaE_frame_00000300 pair 166 [11, 1] combined 0 players 0 retained 0 seconds 0.016007808968424797
sset_21_gloiZ_gTJaE_frame_00000300 pair 168 [11, 3] combined 0 players 0 retained 0 seconds 0.02767086634412408
sset_21_gloiZ_gTJaE_frame_00000300 pair 170 [11, 5] combined 0 players 0 retained 0 seconds 0.009248069021850824
sset_21_gloiZ_gTJaE_frame_00000300 pair 171 [11, 6] combined 0 players 0 retained 0 seconds 0.0075179352425038815
sset_21_gloiZ_gTJaE_frame_00000300 pair 174 [11, 9] combined 0 players 0 retained 0 seconds 0.007459236308932304
sset_21_gloiZ_gTJaE_frame_00000300 pair 176 [11, 12] combined 0 players 0 retained 0 seconds 0.012076410930603743
sset_21_gloiZ_gTJaE_frame_00000300 pair 181 [12, 1] combined 0 players 0 retained 0 seconds 0.03621684107929468
sset_21_gloiZ_gTJaE_frame_00000300 pair 182 [12, 2] combined 0 players 0 retained 0 seconds 0.03219066094607115
sset_21_gloiZ_gTJaE_frame_00000300 pair 184 [12, 4] combined 0 players 0 retained 0 seconds 0.02709778491407633
sset_21_gloiZ_gTJaE_frame_00000300 pair 186 [12, 6] combined 0 players 0 retained 0 seconds 0.028883317951112986
sset_21_gloiZ_gTJaE_frame_00000300 pair 187 [12, 7] combined 0 players 0 retained 0 seconds 0.028708382975310087
sset_21_gloiZ_gTJaE_frame_00000300 pair 191 [12, 11] combined 0 players 0 retained 0 seconds 0.026601977180689573
sset_21_gloiZ_gTJaE_frame_00000300 pair 193 [12, 14] combined 0 players 0 retained 0 seconds 0.025877568870782852
sset_21_gloiZ_gTJaE_frame_00000300 pair 197 [13, 2] combined 0 players 0 retained 0 seconds 0.012784679885953665
sset_21_gloiZ_gTJaE_frame_00000300 pair 202 [13, 7] combined 0 players 0 retained 0 seconds 0.008569706697016954
sset_21_gloiZ_gTJaE_frame_00000300 pair 210 [14, 0] combined 0 players 0 retained 0 seconds 0.0394231416285038
sset_21_gloiZ_gTJaE_frame_00000300 pair 211 [14, 1] combined 0 players 0 retained 0 seconds 0.017080708872526884
sset_21_gloiZ_gTJaE_frame_00000300 pair 213 [14, 3] combined 0 players 0 retained 0 seconds 0.02931853011250496
sset_21_gloiZ_gTJaE_frame_00000300 pair 215 [14, 5] combined 0 players 0 retained 0 seconds 0.010218449868261814
sset_21_gloiZ_gTJaE_frame_00000300 pair 216 [14, 6] combined 0 players 0 retained 0 seconds 0.009335918352007866
sset_21_gloiZ_gTJaE_frame_00000300 pair 219 [14, 9] combined 0 players 0 retained 0 seconds 0.007469179108738899
sset_21_gloiZ_gTJaE_frame_00000300 pair 222 [14, 12] combined 0 players 0 retained 0 seconds 0.013099825009703636
sset_21_gloiZ_gTJaE_frame_00000300 pair 226 [15, 1] combined 0 players 0 retained 0 seconds 0.016433225013315678
sset_21_gloiZ_gTJaE_frame_00000300 pair 230 [15, 5] combined 0 players 0 retained 0 seconds 0.010486566927284002
sset_21_gloiZ_gTJaE_frame_00000300 pair 231 [15, 6] combined 0 players 0 retained 0 seconds 0.008373480755835772
sset_21_gloiZ_gTJaE_frame_00000300 pair 234 [15, 9] combined 0 players 0 retained 0 seconds 0.007303281687200069
sset_21_gloiZ_gTJaE_frame_00000300 pair 0 [0, 1] combined 0 players 0 retained 0 seconds 0.05228127306327224
sset_21_gloiZ_gTJaE_frame_00000300 pair 1 [0, 2] combined 0 players 0 retained 0 seconds 0.05167111661285162
sset_21_gloiZ_gTJaE_frame_00000300 pair 3 [0, 4] combined 0 players 0 retained 0 seconds 0.051638334058225155
sset_21_gloiZ_gTJaE_frame_00000300 pair 4 [0, 5] combined 0 players 0 retained 0 seconds 0.05192656209692359
sset_21_gloiZ_gTJaE_frame_00000300 pair 5 [0, 6] combined 0 players 0 retained 0 seconds 0.05143804708495736
sset_21_gloiZ_gTJaE_frame_00000300 pair 6 [0, 7] combined 0 players 0 retained 0 seconds 0.05167088098824024
sset_21_gloiZ_gTJaE_frame_00000300 pair 8 [0, 9] combined 0 players 0 retained 0 seconds 0.051044773776084185
sset_21_gloiZ_gTJaE_frame_00000300 pair 10 [0, 11] combined 0 players 0 retained 0 seconds 0.05072912806645036
sset_21_gloiZ_gTJaE_frame_00000300 pair 13 [0, 14] combined 0 players 0 retained 0 seconds 0.050982181914150715
sset_21_gloiZ_gTJaE_frame_00000300 pair 15 [1, 0] combined 0 players 0 retained 0 seconds 0.021133996080607176
sset_21_gloiZ_gTJaE_frame_00000300 pair 16 [1, 2] combined 0 players 0 retained 0 seconds 0.007073422893881798
sset_21_gloiZ_gTJaE_frame_00000300 pair 17 [1, 3] combined 0 players 0 retained 0 seconds 0.010972847696393728
sset_21_gloiZ_gTJaE_frame_00000300 pair 18 [1, 4] combined 0 players 0 retained 0 seconds 0.0063811312429606915
sset_21_gloiZ_gTJaE_frame_00000300 pair 21 [1, 7] combined 0 players 0 retained 0 seconds 0.006435149349272251
sset_21_gloiZ_gTJaE_frame_00000300 pair 22 [1, 8] combined 0 players 0 retained 0 seconds 0.006555213592946529
sset_21_gloiZ_gTJaE_frame_00000300 pair 24 [1, 10] combined 0 players 0 retained 0 seconds 0.006350990850478411
sset_21_gloiZ_gTJaE_frame_00000300 pair 25 [1, 11] combined 0 players 0 retained 0 seconds 0.006366954650729895
sset_21_gloiZ_gTJaE_frame_00000300 pair 26 [1, 12] combined 0 players 0 retained 0 seconds 0.009095082990825176
sset_21_gloiZ_gTJaE_frame_00000300 pair 28 [1, 14] combined 0 players 0 retained 0 seconds 0.006331013981252909
sset_21_gloiZ_gTJaE_frame_00000300 pair 29 [1, 15] combined 0 players 0 retained 0 seconds 0.006579226348549128
sset_21_gloiZ_gTJaE_frame_00000300 pair 30 [2, 0] combined 0 players 0 retained 0 seconds 0.018532962072640657
sset_21_gloiZ_gTJaE_frame_00000300 pair 31 [2, 1] combined 0 players 0 retained 0 seconds 0.005171949975192547
sset_21_gloiZ_gTJaE_frame_00000300 pair 32 [2, 3] combined 0 players 0 retained 0 seconds 0.008625438902527094
sset_21_gloiZ_gTJaE_frame_00000300 pair 34 [2, 5] combined 0 players 0 retained 0 seconds 0.004439663141965866
sset_21_gloiZ_gTJaE_frame_00000300 pair 35 [2, 6] combined 0 players 0 retained 0 seconds 0.004190143197774887
sset_21_gloiZ_gTJaE_frame_00000300 pair 38 [2, 9] combined 0 players 0 retained 0 seconds 0.0038344906643033028
sset_21_gloiZ_gTJaE_frame_00000300 pair 41 [2, 12] combined 0 players 0 retained 0 seconds 0.006497036665678024
sset_21_gloiZ_gTJaE_frame_00000300 pair 42 [2, 13] combined 0 players 0 retained 0 seconds 0.0039414591155946255
sset_21_gloiZ_gTJaE_frame_00000300 pair 46 [3, 1] combined 0 players 0 retained 0 seconds 0.018235850147902966
sset_21_gloiZ_gTJaE_frame_00000300 pair 47 [3, 2] combined 0 players 0 retained 0 seconds 0.017902829218655825
sset_21_gloiZ_gTJaE_frame_00000300 pair 48 [3, 4] combined 0 players 0 retained 0 seconds 0.017066553700715303
sset_21_gloiZ_gTJaE_frame_00000300 pair 49 [3, 5] combined 0 players 0 retained 0 seconds 0.01780260493978858
sset_21_gloiZ_gTJaE_frame_00000300 pair 50 [3, 6] combined 0 players 0 retained 0 seconds 0.017579284962266684
sset_21_gloiZ_gTJaE_frame_00000300 pair 51 [3, 7] combined 0 players 0 retained 0 seconds 0.01734030293300748
sset_21_gloiZ_gTJaE_frame_00000300 pair 53 [3, 9] combined 0 players 0 retained 0 seconds 0.017065370921045542
sset_21_gloiZ_gTJaE_frame_00000300 pair 55 [3, 11] combined 0 players 0 retained 0 seconds 0.01709407288581133
sset_21_gloiZ_gTJaE_frame_00000300 pair 58 [3, 14] combined 0 players 0 retained 0 seconds 0.01701099704951048
sset_21_gloiZ_gTJaE_frame_00000300 pair 60 [4, 0] combined 0 players 0 retained 0 seconds 0.016574196983128786
sset_21_gloiZ_gTJaE_frame_00000300 pair 61 [4, 1] combined 0 players 0 retained 0 seconds 0.0032309810630977154
sset_21_gloiZ_gTJaE_frame_00000300 pair 63 [4, 3] combined 0 players 0 retained 0 seconds 0.006458885967731476
sset_21_gloiZ_gTJaE_frame_00000300 pair 64 [4, 5] combined 0 players 0 retained 0 seconds 0.0024511837400496006
sset_21_gloiZ_gTJaE_frame_00000300 pair 65 [4, 6] combined 0 players 0 retained 0 seconds 0.002104798797518015
sset_21_gloiZ_gTJaE_frame_00000300 pair 68 [4, 9] combined 0 players 0 retained 0 seconds 0.0018147830851376057
sset_21_gloiZ_gTJaE_frame_00000300 pair 71 [4, 12] combined 0 players 0 retained 0 seconds 0.004389449022710323
sset_21_gloiZ_gTJaE_frame_00000300 pair 75 [5, 0] combined 0 players 0 retained 0 seconds 0.018956006970256567
sset_21_gloiZ_gTJaE_frame_00000300 pair 77 [5, 2] combined 0 players 0 retained 0 seconds 0.0045920442789793015
sset_21_gloiZ_gTJaE_frame_00000300 pair 78 [5, 3] combined 0 players 0 retained 0 seconds 0.008411732036620378
sset_21_gloiZ_gTJaE_frame_00000300 pair 79 [5, 4] combined 0 players 0 retained 0 seconds 0.0037874081172049046
sset_21_gloiZ_gTJaE_frame_00000300 pair 81 [5, 7] combined 0 players 0 retained 0 seconds 0.0038190088234841824
sset_21_gloiZ_gTJaE_frame_00000300 pair 82 [5, 8] combined 0 players 0 retained 0 seconds 0.0039901421405375
sset_21_gloiZ_gTJaE_frame_00000300 pair 84 [5, 10] combined 0 players 0 retained 0 seconds 0.003805979620665312
sset_21_gloiZ_gTJaE_frame_00000300 pair 85 [5, 11] combined 0 players 0 retained 0 seconds 0.0036641452461481094
sset_21_gloiZ_gTJaE_frame_00000300 pair 88 [5, 14] combined 0 players 0 retained 0 seconds 0.0037724371068179607
sset_21_gloiZ_gTJaE_frame_00000300 pair 89 [5, 15] combined 0 players 0 retained 0 seconds 0.0038611828349530697
sset_21_gloiZ_gTJaE_frame_00000300 pair 90 [6, 0] combined 0 players 0 retained 0 seconds 0.017602923791855574
sset_21_gloiZ_gTJaE_frame_00000300 pair 92 [6, 2] combined 0 players 0 retained 0 seconds 0.0038723372854292393
sset_21_gloiZ_gTJaE_frame_00000300 pair 93 [6, 3] combined 0 players 0 retained 0 seconds 0.007619825191795826
sset_21_gloiZ_gTJaE_frame_00000300 pair 94 [6, 4] combined 0 players 0 retained 0 seconds 0.002891798969358206
sset_21_gloiZ_gTJaE_frame_00000300 pair 96 [6, 7] combined 0 players 0 retained 0 seconds 0.0030939262360334396
sset_21_gloiZ_gTJaE_frame_00000300 pair 97 [6, 8] combined 0 players 0 retained 0 seconds 0.002977623138576746
sset_21_gloiZ_gTJaE_frame_00000300 pair 99 [6, 10] combined 0 players 0 retained 0 seconds 0.002796150278300047
sset_21_gloiZ_gTJaE_frame_00000300 pair 100 [6, 11] combined 0 players 0 retained 0 seconds 0.0027472106739878654
sset_21_gloiZ_gTJaE_frame_00000300 pair 101 [6, 12] combined 0 players 0 retained 0 seconds 0.005500896833837032
sset_21_gloiZ_gTJaE_frame_00000300 pair 103 [6, 14] combined 0 players 0 retained 0 seconds 0.0029351292178034782
sset_21_gloiZ_gTJaE_frame_00000300 pair 104 [6, 15] combined 0 players 0 retained 0 seconds 0.0029315613210201263
sset_21_gloiZ_gTJaE_frame_00000300 pair 105 [7, 0] combined 0 players 0 retained 0 seconds 0.017100151162594557
sset_21_gloiZ_gTJaE_frame_00000300 pair 106 [7, 1] combined 0 players 0 retained 0 seconds 0.003599558025598526
sset_21_gloiZ_gTJaE_frame_00000300 pair 108 [7, 3] combined 0 players 0 retained 0 seconds 0.007060277741402388
sset_21_gloiZ_gTJaE_frame_00000300 pair 110 [7, 5] combined 0 players 0 retained 0 seconds 0.00259407889097929
sset_21_gloiZ_gTJaE_frame_00000300 pair 111 [7, 6] combined 0 players 0 retained 0 seconds 0.002578294835984707
sset_21_gloiZ_gTJaE_frame_00000300 pair 113 [7, 9] combined 0 players 0 retained 0 seconds 0.002363129984587431
sset_21_gloiZ_gTJaE_frame_00000300 pair 116 [7, 12] combined 0 players 0 retained 0 seconds 0.00477201770991087
sset_21_gloiZ_gTJaE_frame_00000300 pair 117 [7, 13] combined 0 players 0 retained 0 seconds 0.0024178531020879745
sset_21_gloiZ_gTJaE_frame_00000300 pair 121 [8, 1] combined 0 players 0 retained 0 seconds 0.0036691082641482353
sset_21_gloiZ_gTJaE_frame_00000300 pair 125 [8, 5] combined 0 players 0 retained 0 seconds 0.0028772070072591305
sset_21_gloiZ_gTJaE_frame_00000300 pair 126 [8, 6] combined 0 players 0 retained 0 seconds 0.0025651431642472744
sset_21_gloiZ_gTJaE_frame_00000300 pair 128 [8, 9] combined 0 players 0 retained 0 seconds 0.0019895657896995544
sset_21_gloiZ_gTJaE_frame_00000300 pair 135 [9, 0] combined 0 players 0 retained 0 seconds 0.016823825892060995
sset_21_gloiZ_gTJaE_frame_00000300 pair 137 [9, 2] combined 0 players 0 retained 0 seconds 0.0028892909176647663
sset_21_gloiZ_gTJaE_frame_00000300 pair 138 [9, 3] combined 0 players 0 retained 0 seconds 0.006873000878840685
sset_21_gloiZ_gTJaE_frame_00000300 pair 139 [9, 4] combined 0 players 0 retained 0 seconds 0.0022406158968806267
sset_21_gloiZ_gTJaE_frame_00000300 pair 142 [9, 7] combined 0 players 0 retained 0 seconds 0.0023642610758543015
sset_21_gloiZ_gTJaE_frame_00000300 pair 143 [9, 8] combined 0 players 0 retained 0 seconds 0.0019074506126344204
sset_21_gloiZ_gTJaE_frame_00000300 pair 144 [9, 10] combined 0 players 0 retained 0 seconds 0.002065804786980152
sset_21_gloiZ_gTJaE_frame_00000300 pair 145 [9, 11] combined 0 players 0 retained 0 seconds 0.0020563779398798943
sset_21_gloiZ_gTJaE_frame_00000300 pair 148 [9, 14] combined 0 players 0 retained 0 seconds 0.0021433639340102673
sset_21_gloiZ_gTJaE_frame_00000300 pair 149 [9, 15] combined 0 players 0 retained 0 seconds 0.002250244840979576
sset_21_gloiZ_gTJaE_frame_00000300 pair 151 [10, 1] combined 0 players 0 retained 0 seconds 0.0029002060182392597
sset_21_gloiZ_gTJaE_frame_00000300 pair 155 [10, 5] combined 0 players 0 retained 0 seconds 0.0022644000127911568
sset_21_gloiZ_gTJaE_frame_00000300 pair 156 [10, 6] combined 0 players 0 retained 0 seconds 0.0019377954304218292
sset_21_gloiZ_gTJaE_frame_00000300 pair 159 [10, 9] combined 0 players 0 retained 0 seconds 0.0016633113846182823
sset_21_gloiZ_gTJaE_frame_00000300 pair 165 [11, 0] combined 0 players 0 retained 0 seconds 0.016075883992016315
sset_21_gloiZ_gTJaE_frame_00000300 pair 166 [11, 1] combined 0 players 0 retained 0 seconds 0.0029648952186107635
sset_21_gloiZ_gTJaE_frame_00000300 pair 168 [11, 3] combined 0 players 0 retained 0 seconds 0.006174030248075724
sset_21_gloiZ_gTJaE_frame_00000300 pair 170 [11, 5] combined 0 players 0 retained 0 seconds 0.0021375021897256374
sset_21_gloiZ_gTJaE_frame_00000300 pair 171 [11, 6] combined 0 players 0 retained 0 seconds 0.0018764021806418896
sset_21_gloiZ_gTJaE_frame_00000300 pair 174 [11, 9] combined 0 players 0 retained 0 seconds 0.0016679540276527405
sset_21_gloiZ_gTJaE_frame_00000300 pair 176 [11, 12] combined 0 players 0 retained 0 seconds 0.004007635172456503
sset_21_gloiZ_gTJaE_frame_00000300 pair 181 [12, 1] combined 0 players 0 retained 0 seconds 0.011505292728543282
sset_21_gloiZ_gTJaE_frame_00000300 pair 182 [12, 2] combined 0 players 0 retained 0 seconds 0.010619956068694592
sset_21_gloiZ_gTJaE_frame_00000300 pair 184 [12, 4] combined 0 players 0 retained 0 seconds 0.01008989941328764
sset_21_gloiZ_gTJaE_frame_00000300 pair 186 [12, 6] combined 0 players 0 retained 0 seconds 0.01025434210896492
sset_21_gloiZ_gTJaE_frame_00000300 pair 187 [12, 7] combined 0 players 0 retained 0 seconds 0.009994716849178076
sset_21_gloiZ_gTJaE_frame_00000300 pair 191 [12, 11] combined 0 players 0 retained 0 seconds 0.009838249068707228
sset_21_gloiZ_gTJaE_frame_00000300 pair 193 [12, 14] combined 0 players 0 retained 0 seconds 0.01018157321959734
sset_21_gloiZ_gTJaE_frame_00000300 pair 197 [13, 2] combined 0 players 0 retained 0 seconds 0.003036059904843569
sset_21_gloiZ_gTJaE_frame_00000300 pair 202 [13, 7] combined 0 players 0 retained 0 seconds 0.0024092053063213825
sset_21_gloiZ_gTJaE_frame_00000300 pair 210 [14, 0] combined 0 players 0 retained 0 seconds 0.016793556977063417
sset_21_gloiZ_gTJaE_frame_00000300 pair 211 [14, 1] combined 0 players 0 retained 0 seconds 0.003141614608466625
sset_21_gloiZ_gTJaE_frame_00000300 pair 213 [14, 3] combined 0 players 0 retained 0 seconds 0.006407895125448704
sset_21_gloiZ_gTJaE_frame_00000300 pair 215 [14, 5] combined 0 players 0 retained 0 seconds 0.0024041510187089443
sset_21_gloiZ_gTJaE_frame_00000300 pair 216 [14, 6] combined 0 players 0 retained 0 seconds 0.0019161789678037167
sset_21_gloiZ_gTJaE_frame_00000300 pair 219 [14, 9] combined 0 players 0 retained 0 seconds 0.0017996979877352715
sset_21_gloiZ_gTJaE_frame_00000300 pair 222 [14, 12] combined 0 players 0 retained 0 seconds 0.004324391018599272
sset_21_gloiZ_gTJaE_frame_00000300 pair 226 [15, 1] combined 0 players 0 retained 0 seconds 0.003307259175926447
sset_21_gloiZ_gTJaE_frame_00000300 pair 230 [15, 5] combined 0 players 0 retained 0 seconds 0.002547353971749544
sset_21_gloiZ_gTJaE_frame_00000300 pair 231 [15, 6] combined 0 players 0 retained 0 seconds 0.002348079811781645
sset_21_gloiZ_gTJaE_frame_00000300 pair 234 [15, 9] combined 0 players 0 retained 0 seconds 0.001984165981411934
[sset_21_gloiZ_gTJaE_frame_00000300] line-template: preparing rectangles
[sset_21_gloiZ_gTJaE_frame_00000300] measuring 256 parents (G0=0, G1=0, line_template=256; conflicting geometry groups=0)
[sset_21_gloiZ_gTJaE_frame_00000300] parents 250/256
[sset_21_gloiZ_gTJaE_frame_00000300] refitting 256 parents
[sset_21_gloiZ_gTJaE_frame_00000300] refits 250/256; valid children=186
{"view_id": "sset_21_gloiZ_gTJaE_frame_00000300", "chosen_key": null, "no_court_reason": "no_gated_court", "all_checks_equal": null, "error": null}
{"views": ["sset_21_gloiZ_gTJaE_frame_00000300"], "startup_seconds": 0.02410198003053665, "wall_seconds": 39.98657790385187, "peak_rss_mb": 475.51171875, "failed": []}
