decoded /scratch/cmarti/issue103_ad8da4f/external/shuttleset-sources/21 An_Se_Young_Ratchanok_Intanon_YONEX_Thailand_Open_2021_QuarterFinals.mp4 to frame 90835 in 580s
sset_21_gloiZ_gTJaE_frame_00090790 pair 1 [0, 2] combined 0 players 0 retained 0 seconds 0.007049598265439272
sset_21_gloiZ_gTJaE_frame_00090790 pair 2 [0, 3] combined 0 players 0 retained 0 seconds 0.006187671795487404
sset_21_gloiZ_gTJaE_frame_00090790 pair 8 [0, 9] combined 0 players 0 retained 0 seconds 0.005625810008496046
sset_21_gloiZ_gTJaE_frame_00090790 pair 9 [0, 10] combined 0 players 0 retained 0 seconds 0.005310878623276949
sset_21_gloiZ_gTJaE_frame_00090790 pair 16 [1, 2] combined 0 players 0 retained 0 seconds 0.006177904084324837
sset_21_gloiZ_gTJaE_frame_00090790 pair 17 [1, 3] combined 0 players 0 retained 0 seconds 0.006250543054193258
sset_21_gloiZ_gTJaE_frame_00090790 pair 23 [1, 9] combined 0 players 0 retained 0 seconds 0.0060750460252165794
sset_21_gloiZ_gTJaE_frame_00090790 pair 26 [1, 12] combined 0 players 0 retained 0 seconds 0.005918895825743675
sset_21_gloiZ_gTJaE_frame_00090790 pair 28 [1, 14] combined 0 players 0 retained 0 seconds 0.0061455680988729
sset_21_gloiZ_gTJaE_frame_00090790 pair 30 [2, 0] combined 0 players 0 retained 0 seconds 0.005898582749068737
sset_21_gloiZ_gTJaE_frame_00090790 pair 31 [2, 1] combined 0 players 0 retained 0 seconds 0.006051524076610804
sset_21_gloiZ_gTJaE_frame_00090790 pair 33 [2, 4] combined 0 players 0 retained 0 seconds 0.0053512961603701115
sset_21_gloiZ_gTJaE_frame_00090790 pair 34 [2, 5] combined 0 players 0 retained 0 seconds 0.0051458533853292465
sset_21_gloiZ_gTJaE_frame_00090790 pair 35 [2, 6] combined 0 players 0 retained 0 seconds 0.005308662075549364
sset_21_gloiZ_gTJaE_frame_00090790 pair 36 [2, 7] combined 0 players 0 retained 0 seconds 0.005498387385159731
sset_21_gloiZ_gTJaE_frame_00090790 pair 37 [2, 8] combined 0 players 0 retained 0 seconds 0.00646586436778307
sset_21_gloiZ_gTJaE_frame_00090790 pair 39 [2, 10] combined 0 players 0 retained 0 seconds 0.005242655053734779
sset_21_gloiZ_gTJaE_frame_00090790 pair 40 [2, 11] combined 0 players 0 retained 0 seconds 0.005191966891288757
sset_21_gloiZ_gTJaE_frame_00090790 pair 44 [2, 15] combined 0 players 0 retained 0 seconds 0.0053192018531262875
sset_21_gloiZ_gTJaE_frame_00090790 pair 45 [3, 0] combined 0 players 0 retained 0 seconds 0.005951529834419489
sset_21_gloiZ_gTJaE_frame_00090790 pair 46 [3, 1] combined 0 players 0 retained 0 seconds 0.006561527960002422
sset_21_gloiZ_gTJaE_frame_00090790 pair 48 [3, 4] combined 0 players 0 retained 0 seconds 0.005762441083788872
sset_21_gloiZ_gTJaE_frame_00090790 pair 49 [3, 5] combined 0 players 0 retained 0 seconds 0.005347763188183308
sset_21_gloiZ_gTJaE_frame_00090790 pair 50 [3, 6] combined 0 players 0 retained 0 seconds 0.005283067934215069
sset_21_gloiZ_gTJaE_frame_00090790 pair 51 [3, 7] combined 0 players 0 retained 0 seconds 0.006083967629820108
sset_21_gloiZ_gTJaE_frame_00090790 pair 52 [3, 8] combined 0 players 0 retained 0 seconds 0.006618069019168615
sset_21_gloiZ_gTJaE_frame_00090790 pair 54 [3, 10] combined 0 players 0 retained 0 seconds 0.0054563479498028755
sset_21_gloiZ_gTJaE_frame_00090790 pair 55 [3, 11] combined 0 players 0 retained 0 seconds 0.005765486974269152
sset_21_gloiZ_gTJaE_frame_00090790 pair 59 [3, 15] combined 0 players 0 retained 0 seconds 0.00563887320458889
sset_21_gloiZ_gTJaE_frame_00090790 pair 62 [4, 2] combined 0 players 0 retained 0 seconds 0.0044439430348575115
sset_21_gloiZ_gTJaE_frame_00090790 pair 63 [4, 3] combined 0 players 0 retained 0 seconds 0.004389078821986914
sset_21_gloiZ_gTJaE_frame_00090790 pair 77 [5, 2] combined 0 players 0 retained 0 seconds 0.004629226867109537
sset_21_gloiZ_gTJaE_frame_00090790 pair 78 [5, 3] combined 0 players 0 retained 0 seconds 0.004706976935267448
sset_21_gloiZ_gTJaE_frame_00090790 pair 83 [5, 9] combined 0 players 0 retained 0 seconds 0.004142023157328367
sset_21_gloiZ_gTJaE_frame_00090790 pair 92 [6, 2] combined 0 players 0 retained 0 seconds 0.004460369702428579
sset_21_gloiZ_gTJaE_frame_00090790 pair 93 [6, 3] combined 0 players 0 retained 0 seconds 0.00477293087169528
sset_21_gloiZ_gTJaE_frame_00090790 pair 98 [6, 9] combined 0 players 0 retained 0 seconds 0.00397590734064579
sset_21_gloiZ_gTJaE_frame_00090790 pair 101 [6, 12] combined 0 players 0 retained 0 seconds 0.00346498005092144
sset_21_gloiZ_gTJaE_frame_00090790 pair 103 [6, 14] combined 0 players 0 retained 0 seconds 0.0039780098013579845
sset_21_gloiZ_gTJaE_frame_00090790 pair 107 [7, 2] combined 0 players 0 retained 0 seconds 0.005190372932702303
sset_21_gloiZ_gTJaE_frame_00090790 pair 108 [7, 3] combined 0 players 0 retained 0 seconds 0.005299679934978485
sset_21_gloiZ_gTJaE_frame_00090790 pair 113 [7, 9] combined 0 players 0 retained 0 seconds 0.004711727146059275
sset_21_gloiZ_gTJaE_frame_00090790 pair 122 [8, 2] combined 0 players 0 retained 0 seconds 0.006092290859669447
sset_21_gloiZ_gTJaE_frame_00090790 pair 123 [8, 3] combined 0 players 0 retained 0 seconds 0.006444552913308144
sset_21_gloiZ_gTJaE_frame_00090790 pair 128 [8, 9] combined 0 players 0 retained 0 seconds 0.005619328003376722
sset_21_gloiZ_gTJaE_frame_00090790 pair 133 [8, 14] combined 0 players 0 retained 0 seconds 0.005926304031163454
sset_21_gloiZ_gTJaE_frame_00090790 pair 135 [9, 0] combined 0 players 0 retained 0 seconds 0.004930368158966303
sset_21_gloiZ_gTJaE_frame_00090790 pair 136 [9, 1] combined 0 players 0 retained 0 seconds 0.005111734848469496
sset_21_gloiZ_gTJaE_frame_00090790 pair 140 [9, 5] combined 0 players 0 retained 0 seconds 0.0046506221406161785
sset_21_gloiZ_gTJaE_frame_00090790 pair 141 [9, 6] combined 0 players 0 retained 0 seconds 0.00430213613435626
sset_21_gloiZ_gTJaE_frame_00090790 pair 142 [9, 7] combined 0 players 0 retained 0 seconds 0.004525776021182537
sset_21_gloiZ_gTJaE_frame_00090790 pair 143 [9, 8] combined 0 players 0 retained 0 seconds 0.00501504261046648
sset_21_gloiZ_gTJaE_frame_00090790 pair 144 [9, 10] combined 0 players 0 retained 0 seconds 0.004344407934695482
sset_21_gloiZ_gTJaE_frame_00090790 pair 145 [9, 11] combined 0 players 0 retained 0 seconds 0.004243112169206142
sset_21_gloiZ_gTJaE_frame_00090790 pair 149 [9, 15] combined 0 players 0 retained 0 seconds 0.004484892822802067
sset_21_gloiZ_gTJaE_frame_00090790 pair 150 [10, 0] combined 0 players 0 retained 0 seconds 0.004334449768066406
sset_21_gloiZ_gTJaE_frame_00090790 pair 152 [10, 2] combined 0 players 0 retained 0 seconds 0.004413110204041004
sset_21_gloiZ_gTJaE_frame_00090790 pair 153 [10, 3] combined 0 players 0 retained 0 seconds 0.004568797070533037
sset_21_gloiZ_gTJaE_frame_00090790 pair 159 [10, 9] combined 0 players 0 retained 0 seconds 0.004206634126603603
sset_21_gloiZ_gTJaE_frame_00090790 pair 161 [10, 12] combined 0 players 0 retained 0 seconds 0.003813532181084156
sset_21_gloiZ_gTJaE_frame_00090790 pair 162 [10, 13] combined 0 players 0 retained 0 seconds 0.0037056789733469486
sset_21_gloiZ_gTJaE_frame_00090790 pair 163 [10, 14] combined 0 players 0 retained 0 seconds 0.00398301100358367
sset_21_gloiZ_gTJaE_frame_00090790 pair 167 [11, 2] combined 0 players 0 retained 0 seconds 0.004666383843868971
sset_21_gloiZ_gTJaE_frame_00090790 pair 168 [11, 3] combined 0 players 0 retained 0 seconds 0.004571510013192892
sset_21_gloiZ_gTJaE_frame_00090790 pair 174 [11, 9] combined 0 players 0 retained 0 seconds 0.0041555860079824924
sset_21_gloiZ_gTJaE_frame_00090790 pair 181 [12, 1] combined 0 players 0 retained 0 seconds 0.004117654170840979
sset_21_gloiZ_gTJaE_frame_00090790 pair 186 [12, 6] combined 0 players 0 retained 0 seconds 0.003341576550155878
sset_21_gloiZ_gTJaE_frame_00090790 pair 190 [12, 10] combined 0 players 0 retained 0 seconds 0.003568447194993496
sset_21_gloiZ_gTJaE_frame_00090790 pair 205 [13, 10] combined 0 players 0 retained 0 seconds 0.0038951970636844635
sset_21_gloiZ_gTJaE_frame_00090790 pair 211 [14, 1] combined 0 players 0 retained 0 seconds 0.005567010957747698
sset_21_gloiZ_gTJaE_frame_00090790 pair 216 [14, 6] combined 0 players 0 retained 0 seconds 0.004510360304266214
sset_21_gloiZ_gTJaE_frame_00090790 pair 218 [14, 8] combined 0 players 0 retained 0 seconds 0.005171069875359535
sset_21_gloiZ_gTJaE_frame_00090790 pair 220 [14, 10] combined 0 players 0 retained 0 seconds 0.004788587335497141
sset_21_gloiZ_gTJaE_frame_00090790 pair 227 [15, 2] combined 0 players 0 retained 0 seconds 0.004806058015674353
sset_21_gloiZ_gTJaE_frame_00090790 pair 228 [15, 3] combined 0 players 0 retained 0 seconds 0.004729236010462046
sset_21_gloiZ_gTJaE_frame_00090790 pair 234 [15, 9] combined 0 players 0 retained 0 seconds 0.0044525689445436
sset_21_gloiZ_gTJaE_frame_00090790 pair 1 [0, 2] combined 0 players 0 retained 0 seconds 0.0028129550628364086
sset_21_gloiZ_gTJaE_frame_00090790 pair 2 [0, 3] combined 0 players 0 retained 0 seconds 0.002035103738307953
sset_21_gloiZ_gTJaE_frame_00090790 pair 8 [0, 9] combined 0 players 0 retained 0 seconds 0.0023260549642145634
sset_21_gloiZ_gTJaE_frame_00090790 pair 9 [0, 10] combined 0 players 0 retained 0 seconds 0.002457269001752138
sset_21_gloiZ_gTJaE_frame_00090790 pair 16 [1, 2] combined 0 players 0 retained 0 seconds 0.0026307529769837856
sset_21_gloiZ_gTJaE_frame_00090790 pair 17 [1, 3] combined 0 players 0 retained 0 seconds 0.0021300571970641613
sset_21_gloiZ_gTJaE_frame_00090790 pair 23 [1, 9] combined 0 players 0 retained 0 seconds 0.0024722209200263023
sset_21_gloiZ_gTJaE_frame_00090790 pair 26 [1, 12] combined 0 players 0 retained 0 seconds 0.0025909682735800743
sset_21_gloiZ_gTJaE_frame_00090790 pair 28 [1, 14] combined 0 players 0 retained 0 seconds 0.002439748030155897
sset_21_gloiZ_gTJaE_frame_00090790 pair 30 [2, 0] combined 0 players 0 retained 0 seconds 0.002171678002923727
sset_21_gloiZ_gTJaE_frame_00090790 pair 31 [2, 1] combined 0 players 0 retained 0 seconds 0.002264938782900572
sset_21_gloiZ_gTJaE_frame_00090790 pair 33 [2, 4] combined 0 players 0 retained 0 seconds 0.0023314482532441616
sset_21_gloiZ_gTJaE_frame_00090790 pair 34 [2, 5] combined 0 players 0 retained 0 seconds 0.0019517126493155956
sset_21_gloiZ_gTJaE_frame_00090790 pair 35 [2, 6] combined 0 players 0 retained 0 seconds 0.002513752318918705
sset_21_gloiZ_gTJaE_frame_00090790 pair 36 [2, 7] combined 0 players 0 retained 0 seconds 0.002322574146091938
sset_21_gloiZ_gTJaE_frame_00090790 pair 37 [2, 8] combined 0 players 0 retained 0 seconds 0.0020972369238734245
sset_21_gloiZ_gTJaE_frame_00090790 pair 39 [2, 10] combined 0 players 0 retained 0 seconds 0.0024744379334151745
sset_21_gloiZ_gTJaE_frame_00090790 pair 40 [2, 11] combined 0 players 0 retained 0 seconds 0.002258277963846922
sset_21_gloiZ_gTJaE_frame_00090790 pair 44 [2, 15] combined 0 players 0 retained 0 seconds 0.002161771059036255
sset_21_gloiZ_gTJaE_frame_00090790 pair 45 [3, 0] combined 0 players 0 retained 0 seconds 0.002216347958892584
sset_21_gloiZ_gTJaE_frame_00090790 pair 46 [3, 1] combined 0 players 0 retained 0 seconds 0.0024642338976264
sset_21_gloiZ_gTJaE_frame_00090790 pair 48 [3, 4] combined 0 players 0 retained 0 seconds 0.0020655146799981594
sset_21_gloiZ_gTJaE_frame_00090790 pair 49 [3, 5] combined 0 players 0 retained 0 seconds 0.0024288250133395195
sset_21_gloiZ_gTJaE_frame_00090790 pair 50 [3, 6] combined 0 players 0 retained 0 seconds 0.002335812896490097
sset_21_gloiZ_gTJaE_frame_00090790 pair 51 [3, 7] combined 0 players 0 retained 0 seconds 0.0020355163142085075
sset_21_gloiZ_gTJaE_frame_00090790 pair 52 [3, 8] combined 0 players 0 retained 0 seconds 0.0024031479842960835
sset_21_gloiZ_gTJaE_frame_00090790 pair 54 [3, 10] combined 0 players 0 retained 0 seconds 0.0019748490303754807
sset_21_gloiZ_gTJaE_frame_00090790 pair 55 [3, 11] combined 0 players 0 retained 0 seconds 0.0024253008887171745
sset_21_gloiZ_gTJaE_frame_00090790 pair 59 [3, 15] combined 0 players 0 retained 0 seconds 0.0024187779054045677
sset_21_gloiZ_gTJaE_frame_00090790 pair 62 [4, 2] combined 0 players 0 retained 0 seconds 0.002041259780526161
sset_21_gloiZ_gTJaE_frame_00090790 pair 63 [4, 3] combined 0 players 0 retained 0 seconds 0.002223118208348751
sset_21_gloiZ_gTJaE_frame_00090790 pair 77 [5, 2] combined 0 players 0 retained 0 seconds 0.002444898709654808
sset_21_gloiZ_gTJaE_frame_00090790 pair 78 [5, 3] combined 0 players 0 retained 0 seconds 0.0023356969468295574
sset_21_gloiZ_gTJaE_frame_00090790 pair 83 [5, 9] combined 0 players 0 retained 0 seconds 0.001979550812393427
sset_21_gloiZ_gTJaE_frame_00090790 pair 92 [6, 2] combined 0 players 0 retained 0 seconds 0.002301461063325405
sset_21_gloiZ_gTJaE_frame_00090790 pair 93 [6, 3] combined 0 players 0 retained 0 seconds 0.0024108546786010265
sset_21_gloiZ_gTJaE_frame_00090790 pair 98 [6, 9] combined 0 players 0 retained 0 seconds 0.0025446349754929543
sset_21_gloiZ_gTJaE_frame_00090790 pair 101 [6, 12] combined 0 players 0 retained 0 seconds 0.002539000939577818
sset_21_gloiZ_gTJaE_frame_00090790 pair 103 [6, 14] combined 0 players 0 retained 0 seconds 0.002044570166617632
sset_21_gloiZ_gTJaE_frame_00090790 pair 107 [7, 2] combined 0 players 0 retained 0 seconds 0.002317385282367468
sset_21_gloiZ_gTJaE_frame_00090790 pair 108 [7, 3] combined 0 players 0 retained 0 seconds 0.0024559376761317253
sset_21_gloiZ_gTJaE_frame_00090790 pair 113 [7, 9] combined 0 players 0 retained 0 seconds 0.002446351107209921
sset_21_gloiZ_gTJaE_frame_00090790 pair 122 [8, 2] combined 0 players 0 retained 0 seconds 0.0023167640902101994
sset_21_gloiZ_gTJaE_frame_00090790 pair 123 [8, 3] combined 0 players 0 retained 0 seconds 0.002311314921826124
sset_21_gloiZ_gTJaE_frame_00090790 pair 128 [8, 9] combined 0 players 0 retained 0 seconds 0.0025698221288621426
sset_21_gloiZ_gTJaE_frame_00090790 pair 133 [8, 14] combined 0 players 0 retained 0 seconds 0.0025052200071513653
sset_21_gloiZ_gTJaE_frame_00090790 pair 135 [9, 0] combined 0 players 0 retained 0 seconds 0.002022701781243086
sset_21_gloiZ_gTJaE_frame_00090790 pair 136 [9, 1] combined 0 players 0 retained 0 seconds 0.0022113467566668987
sset_21_gloiZ_gTJaE_frame_00090790 pair 140 [9, 5] combined 0 players 0 retained 0 seconds 0.002289201132953167
sset_21_gloiZ_gTJaE_frame_00090790 pair 141 [9, 6] combined 0 players 0 retained 0 seconds 0.0020280019380152225
sset_21_gloiZ_gTJaE_frame_00090790 pair 142 [9, 7] combined 0 players 0 retained 0 seconds 0.002363493200391531
sset_21_gloiZ_gTJaE_frame_00090790 pair 143 [9, 8] combined 0 players 0 retained 0 seconds 0.002139640972018242
sset_21_gloiZ_gTJaE_frame_00090790 pair 144 [9, 10] combined 0 players 0 retained 0 seconds 0.0018470059148967266
sset_21_gloiZ_gTJaE_frame_00090790 pair 145 [9, 11] combined 0 players 0 retained 0 seconds 0.002249674405902624
sset_21_gloiZ_gTJaE_frame_00090790 pair 149 [9, 15] combined 0 players 0 retained 0 seconds 0.002297226805239916
sset_21_gloiZ_gTJaE_frame_00090790 pair 150 [10, 0] combined 0 players 0 retained 0 seconds 0.0019473889842629433
sset_21_gloiZ_gTJaE_frame_00090790 pair 152 [10, 2] combined 0 players 0 retained 0 seconds 0.0025152862071990967
sset_21_gloiZ_gTJaE_frame_00090790 pair 153 [10, 3] combined 0 players 0 retained 0 seconds 0.0019768811762332916
sset_21_gloiZ_gTJaE_frame_00090790 pair 159 [10, 9] combined 0 players 0 retained 0 seconds 0.002023417968302965
sset_21_gloiZ_gTJaE_frame_00090790 pair 161 [10, 12] combined 0 players 0 retained 0 seconds 0.0020661638118326664
sset_21_gloiZ_gTJaE_frame_00090790 pair 162 [10, 13] combined 0 players 0 retained 0 seconds 0.002102368976920843
sset_21_gloiZ_gTJaE_frame_00090790 pair 163 [10, 14] combined 0 players 0 retained 0 seconds 0.0020375922322273254
sset_21_gloiZ_gTJaE_frame_00090790 pair 167 [11, 2] combined 0 players 0 retained 0 seconds 0.002415058668702841
sset_21_gloiZ_gTJaE_frame_00090790 pair 168 [11, 3] combined 0 players 0 retained 0 seconds 0.0020164051093161106
sset_21_gloiZ_gTJaE_frame_00090790 pair 174 [11, 9] combined 0 players 0 retained 0 seconds 0.002003167290240526
sset_21_gloiZ_gTJaE_frame_00090790 pair 181 [12, 1] combined 0 players 0 retained 0 seconds 0.002458943985402584
sset_21_gloiZ_gTJaE_frame_00090790 pair 186 [12, 6] combined 0 players 0 retained 0 seconds 0.0025388039648532867
sset_21_gloiZ_gTJaE_frame_00090790 pair 190 [12, 10] combined 0 players 0 retained 0 seconds 0.002371239010244608
sset_21_gloiZ_gTJaE_frame_00090790 pair 205 [13, 10] combined 0 players 0 retained 0 seconds 0.002461246680468321
sset_21_gloiZ_gTJaE_frame_00090790 pair 211 [14, 1] combined 0 players 0 retained 0 seconds 0.002565234899520874
sset_21_gloiZ_gTJaE_frame_00090790 pair 216 [14, 6] combined 0 players 0 retained 0 seconds 0.002709217369556427
sset_21_gloiZ_gTJaE_frame_00090790 pair 218 [14, 8] combined 0 players 0 retained 0 seconds 0.0020713680423796177
sset_21_gloiZ_gTJaE_frame_00090790 pair 220 [14, 10] combined 0 players 0 retained 0 seconds 0.002232029102742672
sset_21_gloiZ_gTJaE_frame_00090790 pair 227 [15, 2] combined 0 players 0 retained 0 seconds 0.0024324790574610233
sset_21_gloiZ_gTJaE_frame_00090790 pair 228 [15, 3] combined 0 players 0 retained 0 seconds 0.0022236541844904423
sset_21_gloiZ_gTJaE_frame_00090790 pair 234 [15, 9] combined 0 players 0 retained 0 seconds 0.002005445770919323
[sset_21_gloiZ_gTJaE_frame_00090790] line-template: preparing rectangles
[sset_21_gloiZ_gTJaE_frame_00090790] measuring 256 parents (G0=0, G1=0, line_template=256; conflicting geometry groups=0)
[sset_21_gloiZ_gTJaE_frame_00090790] parents 250/256
[sset_21_gloiZ_gTJaE_frame_00090790] refitting 256 parents
[sset_21_gloiZ_gTJaE_frame_00090790] refits 250/256; valid children=56
{"view_id": "sset_21_gloiZ_gTJaE_frame_00090790", "chosen_key": null, "no_court_reason": "no_gated_court", "all_checks_equal": null, "error": null}
{"views": ["sset_21_gloiZ_gTJaE_frame_00090790"], "startup_seconds": 0.03791935322806239, "wall_seconds": 620.4231477822177, "peak_rss_mb": 446.62109375, "failed": []}
