decoded /scratch/cmarti/issue103_ad8da4f/external/shuttleset-sources/21 An_Se_Young_Ratchanok_Intanon_YONEX_Thailand_Open_2021_QuarterFinals.mp4 to frame 23938 in 155s
sset_21_gloiZ_gTJaE_frame_00023893 pair 0 [0, 1] combined 0 players 0 retained 0 seconds 0.022651979234069586
sset_21_gloiZ_gTJaE_frame_00023893 pair 1 [0, 2] combined 0 players 0 retained 0 seconds 0.019427606835961342
sset_21_gloiZ_gTJaE_frame_00023893 pair 2 [0, 3] combined 0 players 0 retained 0 seconds 0.019043155014514923
sset_21_gloiZ_gTJaE_frame_00023893 pair 3 [0, 4] combined 0 players 0 retained 0 seconds 0.018316948786377907
sset_21_gloiZ_gTJaE_frame_00023893 pair 4 [0, 5] combined 0 players 0 retained 0 seconds 0.01856448408216238
sset_21_gloiZ_gTJaE_frame_00023893 pair 5 [0, 6] combined 0 players 0 retained 0 seconds 0.018691315315663815
sset_21_gloiZ_gTJaE_frame_00023893 pair 6 [0, 7] combined 0 players 0 retained 0 seconds 0.01874814322218299
sset_21_gloiZ_gTJaE_frame_00023893 pair 7 [0, 8] combined 0 players 0 retained 0 seconds 0.01797968102619052
sset_21_gloiZ_gTJaE_frame_00023893 pair 8 [0, 9] combined 0 players 0 retained 0 seconds 0.018553254660218954
sset_21_gloiZ_gTJaE_frame_00023893 pair 9 [0, 10] combined 0 players 0 retained 0 seconds 0.018027134705334902
sset_21_gloiZ_gTJaE_frame_00023893 pair 11 [0, 12] combined 0 players 0 retained 0 seconds 0.01804819470271468
sset_21_gloiZ_gTJaE_frame_00023893 pair 13 [0, 14] combined 0 players 0 retained 0 seconds 0.018359698820859194
sset_21_gloiZ_gTJaE_frame_00023893 pair 15 [1, 0] combined 0 players 0 retained 0 seconds 0.018277882132679224
sset_21_gloiZ_gTJaE_frame_00023893 pair 18 [1, 4] combined 0 players 0 retained 0 seconds 0.011200710199773312
sset_21_gloiZ_gTJaE_frame_00023893 pair 19 [1, 5] combined 0 players 0 retained 0 seconds 0.010974675882607698
sset_21_gloiZ_gTJaE_frame_00023893 pair 20 [1, 6] combined 0 players 0 retained 0 seconds 0.011100030038505793
sset_21_gloiZ_gTJaE_frame_00023893 pair 22 [1, 8] combined 0 players 0 retained 0 seconds 0.010798083152621984
sset_21_gloiZ_gTJaE_frame_00023893 pair 23 [1, 9] combined 0 players 0 retained 0 seconds 0.010878430213779211
sset_21_gloiZ_gTJaE_frame_00023893 pair 24 [1, 10] combined 0 players 0 retained 0 seconds 0.010612720157951117
sset_21_gloiZ_gTJaE_frame_00023893 pair 25 [1, 11] combined 0 players 0 retained 0 seconds 0.011300172656774521
sset_21_gloiZ_gTJaE_frame_00023893 pair 27 [1, 13] combined 0 players 0 retained 0 seconds 0.011323326732963324
sset_21_gloiZ_gTJaE_frame_00023893 pair 28 [1, 14] combined 0 players 0 retained 0 seconds 0.010737408883869648
sset_21_gloiZ_gTJaE_frame_00023893 pair 30 [2, 0] combined 0 players 0 retained 0 seconds 0.012592596933245659
sset_21_gloiZ_gTJaE_frame_00023893 pair 35 [2, 6] combined 0 players 0 retained 0 seconds 0.005610197316855192
sset_21_gloiZ_gTJaE_frame_00023893 pair 36 [2, 7] combined 0 players 0 retained 0 seconds 0.0055312952026724815
sset_21_gloiZ_gTJaE_frame_00023893 pair 41 [2, 12] combined 0 players 0 retained 0 seconds 0.005683499854058027
sset_21_gloiZ_gTJaE_frame_00023893 pair 42 [2, 13] combined 0 players 0 retained 0 seconds 0.004929947201162577
sset_21_gloiZ_gTJaE_frame_00023893 pair 43 [2, 14] combined 0 players 0 retained 0 seconds 0.004916899837553501
sset_21_gloiZ_gTJaE_frame_00023893 pair 45 [3, 0] combined 0 players 0 retained 0 seconds 0.012430648785084486
sset_21_gloiZ_gTJaE_frame_00023893 pair 50 [3, 6] combined 0 players 0 retained 0 seconds 0.00518912123516202
sset_21_gloiZ_gTJaE_frame_00023893 pair 51 [3, 7] combined 0 players 0 retained 0 seconds 0.005623919889330864
sset_21_gloiZ_gTJaE_frame_00023893 pair 56 [3, 12] combined 0 players 0 retained 0 seconds 0.00544309476390481
sset_21_gloiZ_gTJaE_frame_00023893 pair 57 [3, 13] combined 0 players 0 retained 0 seconds 0.0049415770918130875
sset_21_gloiZ_gTJaE_frame_00023893 pair 58 [3, 14] combined 0 players 0 retained 0 seconds 0.0049688429571688175
sset_21_gloiZ_gTJaE_frame_00023893 pair 60 [4, 0] combined 0 players 0 retained 0 seconds 0.011354840826243162
sset_21_gloiZ_gTJaE_frame_00023893 pair 61 [4, 1] combined 0 players 0 retained 0 seconds 0.00836651399731636
sset_21_gloiZ_gTJaE_frame_00023893 pair 66 [4, 7] combined 0 players 0 retained 0 seconds 0.005049369763582945
sset_21_gloiZ_gTJaE_frame_00023893 pair 71 [4, 12] combined 0 players 0 retained 0 seconds 0.004750519059598446
sset_21_gloiZ_gTJaE_frame_00023893 pair 75 [5, 0] combined 0 players 0 retained 0 seconds 0.012175952550023794
sset_21_gloiZ_gTJaE_frame_00023893 pair 76 [5, 1] combined 0 players 0 retained 0 seconds 0.008263000752776861
sset_21_gloiZ_gTJaE_frame_00023893 pair 85 [5, 11] combined 0 players 0 retained 0 seconds 0.005257839802652597
sset_21_gloiZ_gTJaE_frame_00023893 pair 90 [6, 0] combined 0 players 0 retained 0 seconds 0.011843545828014612
sset_21_gloiZ_gTJaE_frame_00023893 pair 91 [6, 1] combined 0 players 0 retained 0 seconds 0.008164496161043644
sset_21_gloiZ_gTJaE_frame_00023893 pair 92 [6, 2] combined 0 players 0 retained 0 seconds 0.00495815509930253
sset_21_gloiZ_gTJaE_frame_00023893 pair 93 [6, 3] combined 0 players 0 retained 0 seconds 0.005037172231823206
sset_21_gloiZ_gTJaE_frame_00023893 pair 105 [7, 0] combined 0 players 0 retained 0 seconds 0.012509427964687347
sset_21_gloiZ_gTJaE_frame_00023893 pair 107 [7, 2] combined 0 players 0 retained 0 seconds 0.0060385847464203835
sset_21_gloiZ_gTJaE_frame_00023893 pair 108 [7, 3] combined 0 players 0 retained 0 seconds 0.006006595678627491
sset_21_gloiZ_gTJaE_frame_00023893 pair 109 [7, 4] combined 0 players 0 retained 0 seconds 0.00549417594447732
sset_21_gloiZ_gTJaE_frame_00023893 pair 113 [7, 9] combined 0 players 0 retained 0 seconds 0.005318183917552233
sset_21_gloiZ_gTJaE_frame_00023893 pair 114 [7, 10] combined 0 players 0 retained 0 seconds 0.005486008245497942
sset_21_gloiZ_gTJaE_frame_00023893 pair 115 [7, 11] combined 0 players 0 retained 0 seconds 0.0054680658504366875
sset_21_gloiZ_gTJaE_frame_00023893 pair 119 [7, 15] combined 0 players 0 retained 0 seconds 0.005573777947574854
sset_21_gloiZ_gTJaE_frame_00023893 pair 120 [8, 0] combined 0 players 0 retained 0 seconds 0.011415403801947832
sset_21_gloiZ_gTJaE_frame_00023893 pair 121 [8, 1] combined 0 players 0 retained 0 seconds 0.007655037101358175
sset_21_gloiZ_gTJaE_frame_00023893 pair 135 [9, 0] combined 0 players 0 retained 0 seconds 0.011277701240032911
sset_21_gloiZ_gTJaE_frame_00023893 pair 136 [9, 1] combined 0 players 0 retained 0 seconds 0.007540496997535229
sset_21_gloiZ_gTJaE_frame_00023893 pair 142 [9, 7] combined 0 players 0 retained 0 seconds 0.004807209130376577
sset_21_gloiZ_gTJaE_frame_00023893 pair 150 [10, 0] combined 0 players 0 retained 0 seconds 0.011339953169226646
sset_21_gloiZ_gTJaE_frame_00023893 pair 151 [10, 1] combined 0 players 0 retained 0 seconds 0.007491513155400753
sset_21_gloiZ_gTJaE_frame_00023893 pair 157 [10, 7] combined 0 players 0 retained 0 seconds 0.004887577146291733
sset_21_gloiZ_gTJaE_frame_00023893 pair 161 [10, 12] combined 0 players 0 retained 0 seconds 0.004643712192773819
sset_21_gloiZ_gTJaE_frame_00023893 pair 166 [11, 1] combined 0 players 0 retained 0 seconds 0.008558970876038074
sset_21_gloiZ_gTJaE_frame_00023893 pair 170 [11, 5] combined 0 players 0 retained 0 seconds 0.005107857286930084
sset_21_gloiZ_gTJaE_frame_00023893 pair 172 [11, 7] combined 0 players 0 retained 0 seconds 0.005514670163393021
sset_21_gloiZ_gTJaE_frame_00023893 pair 179 [11, 15] combined 0 players 0 retained 0 seconds 0.0051147728227078915
sset_21_gloiZ_gTJaE_frame_00023893 pair 180 [12, 0] combined 0 players 0 retained 0 seconds 0.01263797003775835
sset_21_gloiZ_gTJaE_frame_00023893 pair 182 [12, 2] combined 0 players 0 retained 0 seconds 0.005913581699132919
sset_21_gloiZ_gTJaE_frame_00023893 pair 183 [12, 3] combined 0 players 0 retained 0 seconds 0.005549336317926645
sset_21_gloiZ_gTJaE_frame_00023893 pair 184 [12, 4] combined 0 players 0 retained 0 seconds 0.005362179130315781
sset_21_gloiZ_gTJaE_frame_00023893 pair 190 [12, 10] combined 0 players 0 retained 0 seconds 0.00496519124135375
sset_21_gloiZ_gTJaE_frame_00023893 pair 194 [12, 15] combined 0 players 0 retained 0 seconds 0.005476097110658884
sset_21_gloiZ_gTJaE_frame_00023893 pair 196 [13, 1] combined 0 players 0 retained 0 seconds 0.007738555781543255
sset_21_gloiZ_gTJaE_frame_00023893 pair 197 [13, 2] combined 0 players 0 retained 0 seconds 0.00478904927149415
sset_21_gloiZ_gTJaE_frame_00023893 pair 198 [13, 3] combined 0 players 0 retained 0 seconds 0.0043895430862903595
sset_21_gloiZ_gTJaE_frame_00023893 pair 209 [13, 15] combined 0 players 0 retained 0 seconds 0.004713372327387333
sset_21_gloiZ_gTJaE_frame_00023893 pair 210 [14, 0] combined 0 players 0 retained 0 seconds 0.011038248892873526
sset_21_gloiZ_gTJaE_frame_00023893 pair 211 [14, 1] combined 0 players 0 retained 0 seconds 0.007620740216225386
sset_21_gloiZ_gTJaE_frame_00023893 pair 212 [14, 2] combined 0 players 0 retained 0 seconds 0.004277199972420931
sset_21_gloiZ_gTJaE_frame_00023893 pair 213 [14, 3] combined 0 players 0 retained 0 seconds 0.004675374832004309
sset_21_gloiZ_gTJaE_frame_00023893 pair 224 [14, 15] combined 0 players 0 retained 0 seconds 0.004367446061223745
sset_21_gloiZ_gTJaE_frame_00023893 pair 232 [15, 7] combined 0 players 0 retained 0 seconds 0.005379452370107174
sset_21_gloiZ_gTJaE_frame_00023893 pair 236 [15, 11] combined 0 players 0 retained 0 seconds 0.004702437203377485
sset_21_gloiZ_gTJaE_frame_00023893 pair 237 [15, 12] combined 0 players 0 retained 0 seconds 0.004870719742029905
sset_21_gloiZ_gTJaE_frame_00023893 pair 238 [15, 13] combined 0 players 0 retained 0 seconds 0.004604408983141184
sset_21_gloiZ_gTJaE_frame_00023893 pair 239 [15, 14] combined 0 players 0 retained 0 seconds 0.004343989305198193
sset_21_gloiZ_gTJaE_frame_00023893 pair 0 [0, 1] combined 0 players 0 retained 0 seconds 0.003975098021328449
sset_21_gloiZ_gTJaE_frame_00023893 pair 1 [0, 2] combined 0 players 0 retained 0 seconds 0.0034462157636880875
sset_21_gloiZ_gTJaE_frame_00023893 pair 2 [0, 3] combined 0 players 0 retained 0 seconds 0.0034538311883807182
sset_21_gloiZ_gTJaE_frame_00023893 pair 3 [0, 4] combined 0 players 0 retained 0 seconds 0.0032651321962475777
sset_21_gloiZ_gTJaE_frame_00023893 pair 4 [0, 5] combined 0 players 0 retained 0 seconds 0.003289338666945696
sset_21_gloiZ_gTJaE_frame_00023893 pair 5 [0, 6] combined 0 players 0 retained 0 seconds 0.0031134909950196743
sset_21_gloiZ_gTJaE_frame_00023893 pair 6 [0, 7] combined 0 players 0 retained 0 seconds 0.003348866943269968
sset_21_gloiZ_gTJaE_frame_00023893 pair 7 [0, 8] combined 0 players 0 retained 0 seconds 0.0030153272673487663
sset_21_gloiZ_gTJaE_frame_00023893 pair 8 [0, 9] combined 0 players 0 retained 0 seconds 0.0031304778531193733
sset_21_gloiZ_gTJaE_frame_00023893 pair 9 [0, 10] combined 0 players 0 retained 0 seconds 0.0030994778499007225
sset_21_gloiZ_gTJaE_frame_00023893 pair 11 [0, 12] combined 0 players 0 retained 0 seconds 0.0034133517183363438
sset_21_gloiZ_gTJaE_frame_00023893 pair 13 [0, 14] combined 0 players 0 retained 0 seconds 0.0031720162369310856
sset_21_gloiZ_gTJaE_frame_00023893 pair 15 [1, 0] combined 0 players 0 retained 0 seconds 0.0038175308145582676
sset_21_gloiZ_gTJaE_frame_00023893 pair 18 [1, 4] combined 0 players 0 retained 0 seconds 0.0032189730554819107
sset_21_gloiZ_gTJaE_frame_00023893 pair 19 [1, 5] combined 0 players 0 retained 0 seconds 0.0033726231195032597
sset_21_gloiZ_gTJaE_frame_00023893 pair 20 [1, 6] combined 0 players 0 retained 0 seconds 0.0035260110162198544
sset_21_gloiZ_gTJaE_frame_00023893 pair 22 [1, 8] combined 0 players 0 retained 0 seconds 0.0034136720933020115
sset_21_gloiZ_gTJaE_frame_00023893 pair 23 [1, 9] combined 0 players 0 retained 0 seconds 0.0033523011952638626
sset_21_gloiZ_gTJaE_frame_00023893 pair 24 [1, 10] combined 0 players 0 retained 0 seconds 0.0034915488213300705
sset_21_gloiZ_gTJaE_frame_00023893 pair 25 [1, 11] combined 0 players 0 retained 0 seconds 0.0036375029012560844
sset_21_gloiZ_gTJaE_frame_00023893 pair 27 [1, 13] combined 0 players 0 retained 0 seconds 0.003550647757947445
sset_21_gloiZ_gTJaE_frame_00023893 pair 28 [1, 14] combined 0 players 0 retained 0 seconds 0.0034177443012595177
sset_21_gloiZ_gTJaE_frame_00023893 pair 30 [2, 0] combined 0 players 0 retained 0 seconds 0.003177142236381769
sset_21_gloiZ_gTJaE_frame_00023893 pair 35 [2, 6] combined 0 players 0 retained 0 seconds 0.002918509766459465
sset_21_gloiZ_gTJaE_frame_00023893 pair 36 [2, 7] combined 0 players 0 retained 0 seconds 0.0030504600144922733
sset_21_gloiZ_gTJaE_frame_00023893 pair 41 [2, 12] combined 0 players 0 retained 0 seconds 0.0030331630259752274
sset_21_gloiZ_gTJaE_frame_00023893 pair 42 [2, 13] combined 0 players 0 retained 0 seconds 0.002979394979774952
sset_21_gloiZ_gTJaE_frame_00023893 pair 43 [2, 14] combined 0 players 0 retained 0 seconds 0.0027351193130016327
sset_21_gloiZ_gTJaE_frame_00023893 pair 45 [3, 0] combined 0 players 0 retained 0 seconds 0.002810961101204157
sset_21_gloiZ_gTJaE_frame_00023893 pair 50 [3, 6] combined 0 players 0 retained 0 seconds 0.002615496050566435
sset_21_gloiZ_gTJaE_frame_00023893 pair 51 [3, 7] combined 0 players 0 retained 0 seconds 0.003168452065438032
sset_21_gloiZ_gTJaE_frame_00023893 pair 56 [3, 12] combined 0 players 0 retained 0 seconds 0.0028134561143815517
sset_21_gloiZ_gTJaE_frame_00023893 pair 57 [3, 13] combined 0 players 0 retained 0 seconds 0.0027849567122757435
sset_21_gloiZ_gTJaE_frame_00023893 pair 58 [3, 14] combined 0 players 0 retained 0 seconds 0.002822481095790863
sset_21_gloiZ_gTJaE_frame_00023893 pair 60 [4, 0] combined 0 players 0 retained 0 seconds 0.0031639360822737217
sset_21_gloiZ_gTJaE_frame_00023893 pair 61 [4, 1] combined 0 players 0 retained 0 seconds 0.0032459208741784096
sset_21_gloiZ_gTJaE_frame_00023893 pair 66 [4, 7] combined 0 players 0 retained 0 seconds 0.002947055734694004
sset_21_gloiZ_gTJaE_frame_00023893 pair 71 [4, 12] combined 0 players 0 retained 0 seconds 0.0027710208669304848
sset_21_gloiZ_gTJaE_frame_00023893 pair 75 [5, 0] combined 0 players 0 retained 0 seconds 0.0026607410982251167
sset_21_gloiZ_gTJaE_frame_00023893 pair 76 [5, 1] combined 0 players 0 retained 0 seconds 0.003028186969459057
sset_21_gloiZ_gTJaE_frame_00023893 pair 85 [5, 11] combined 0 players 0 retained 0 seconds 0.0025804219767451286
sset_21_gloiZ_gTJaE_frame_00023893 pair 90 [6, 0] combined 0 players 0 retained 0 seconds 0.0027050036005675793
sset_21_gloiZ_gTJaE_frame_00023893 pair 91 [6, 1] combined 0 players 0 retained 0 seconds 0.0029656640253961086
sset_21_gloiZ_gTJaE_frame_00023893 pair 92 [6, 2] combined 0 players 0 retained 0 seconds 0.002844227012246847
sset_21_gloiZ_gTJaE_frame_00023893 pair 93 [6, 3] combined 0 players 0 retained 0 seconds 0.0025746109895408154
sset_21_gloiZ_gTJaE_frame_00023893 pair 105 [7, 0] combined 0 players 0 retained 0 seconds 0.0036108470521867275
sset_21_gloiZ_gTJaE_frame_00023893 pair 107 [7, 2] combined 0 players 0 retained 0 seconds 0.0032049366272985935
sset_21_gloiZ_gTJaE_frame_00023893 pair 108 [7, 3] combined 0 players 0 retained 0 seconds 0.0031363992020487785
sset_21_gloiZ_gTJaE_frame_00023893 pair 109 [7, 4] combined 0 players 0 retained 0 seconds 0.0031013120897114277
sset_21_gloiZ_gTJaE_frame_00023893 pair 113 [7, 9] combined 0 players 0 retained 0 seconds 0.003143792040646076
sset_21_gloiZ_gTJaE_frame_00023893 pair 114 [7, 10] combined 0 players 0 retained 0 seconds 0.002973026130348444
sset_21_gloiZ_gTJaE_frame_00023893 pair 115 [7, 11] combined 0 players 0 retained 0 seconds 0.0029229940846562386
sset_21_gloiZ_gTJaE_frame_00023893 pair 119 [7, 15] combined 0 players 0 retained 0 seconds 0.0027397391386330128
sset_21_gloiZ_gTJaE_frame_00023893 pair 120 [8, 0] combined 0 players 0 retained 0 seconds 0.002750603947788477
sset_21_gloiZ_gTJaE_frame_00023893 pair 121 [8, 1] combined 0 players 0 retained 0 seconds 0.003053785767406225
sset_21_gloiZ_gTJaE_frame_00023893 pair 135 [9, 0] combined 0 players 0 retained 0 seconds 0.003153264056891203
sset_21_gloiZ_gTJaE_frame_00023893 pair 136 [9, 1] combined 0 players 0 retained 0 seconds 0.003050996921956539
sset_21_gloiZ_gTJaE_frame_00023893 pair 142 [9, 7] combined 0 players 0 retained 0 seconds 0.003133658319711685
sset_21_gloiZ_gTJaE_frame_00023893 pair 150 [10, 0] combined 0 players 0 retained 0 seconds 0.0032076630741357803
sset_21_gloiZ_gTJaE_frame_00023893 pair 151 [10, 1] combined 0 players 0 retained 0 seconds 0.0031216712668538094
sset_21_gloiZ_gTJaE_frame_00023893 pair 157 [10, 7] combined 0 players 0 retained 0 seconds 0.003100587986409664
sset_21_gloiZ_gTJaE_frame_00023893 pair 161 [10, 12] combined 0 players 0 retained 0 seconds 0.0028043431229889393
sset_21_gloiZ_gTJaE_frame_00023893 pair 166 [11, 1] combined 0 players 0 retained 0 seconds 0.0031937193125486374
sset_21_gloiZ_gTJaE_frame_00023893 pair 170 [11, 5] combined 0 players 0 retained 0 seconds 0.0028693033382296562
sset_21_gloiZ_gTJaE_frame_00023893 pair 172 [11, 7] combined 0 players 0 retained 0 seconds 0.0026930789463222027
sset_21_gloiZ_gTJaE_frame_00023893 pair 179 [11, 15] combined 0 players 0 retained 0 seconds 0.0025986842811107635
sset_21_gloiZ_gTJaE_frame_00023893 pair 180 [12, 0] combined 0 players 0 retained 0 seconds 0.002988206222653389
sset_21_gloiZ_gTJaE_frame_00023893 pair 182 [12, 2] combined 0 players 0 retained 0 seconds 0.0030346200801432133
sset_21_gloiZ_gTJaE_frame_00023893 pair 183 [12, 3] combined 0 players 0 retained 0 seconds 0.00244998000562191
sset_21_gloiZ_gTJaE_frame_00023893 pair 184 [12, 4] combined 0 players 0 retained 0 seconds 0.002868297044187784
sset_21_gloiZ_gTJaE_frame_00023893 pair 190 [12, 10] combined 0 players 0 retained 0 seconds 0.0029694437980651855
sset_21_gloiZ_gTJaE_frame_00023893 pair 194 [12, 15] combined 0 players 0 retained 0 seconds 0.002949958201497793
sset_21_gloiZ_gTJaE_frame_00023893 pair 196 [13, 1] combined 0 players 0 retained 0 seconds 0.003066848963499069
sset_21_gloiZ_gTJaE_frame_00023893 pair 197 [13, 2] combined 0 players 0 retained 0 seconds 0.0030317502096295357
sset_21_gloiZ_gTJaE_frame_00023893 pair 198 [13, 3] combined 0 players 0 retained 0 seconds 0.002975179348140955
sset_21_gloiZ_gTJaE_frame_00023893 pair 209 [13, 15] combined 0 players 0 retained 0 seconds 0.0025060870684683323
sset_21_gloiZ_gTJaE_frame_00023893 pair 210 [14, 0] combined 0 players 0 retained 0 seconds 0.0029680482111871243
sset_21_gloiZ_gTJaE_frame_00023893 pair 211 [14, 1] combined 0 players 0 retained 0 seconds 0.0029746820218861103
sset_21_gloiZ_gTJaE_frame_00023893 pair 212 [14, 2] combined 0 players 0 retained 0 seconds 0.002377899829298258
sset_21_gloiZ_gTJaE_frame_00023893 pair 213 [14, 3] combined 0 players 0 retained 0 seconds 0.0027872109785676003
sset_21_gloiZ_gTJaE_frame_00023893 pair 224 [14, 15] combined 0 players 0 retained 0 seconds 0.002987409010529518
sset_21_gloiZ_gTJaE_frame_00023893 pair 232 [15, 7] combined 0 players 0 retained 0 seconds 0.0031189476139843464
sset_21_gloiZ_gTJaE_frame_00023893 pair 236 [15, 11] combined 0 players 0 retained 0 seconds 0.0028507597744464874
sset_21_gloiZ_gTJaE_frame_00023893 pair 237 [15, 12] combined 0 players 0 retained 0 seconds 0.0029065897688269615
sset_21_gloiZ_gTJaE_frame_00023893 pair 238 [15, 13] combined 0 players 0 retained 0 seconds 0.002532784827053547
sset_21_gloiZ_gTJaE_frame_00023893 pair 239 [15, 14] combined 0 players 0 retained 0 seconds 0.0024522459134459496
[sset_21_gloiZ_gTJaE_frame_00023893] line-template: preparing rectangles
[sset_21_gloiZ_gTJaE_frame_00023893] measuring 256 parents (G0=0, G1=0, line_template=256; conflicting geometry groups=0)
[sset_21_gloiZ_gTJaE_frame_00023893] parents 250/256
[sset_21_gloiZ_gTJaE_frame_00023893] refitting 256 parents
[sset_21_gloiZ_gTJaE_frame_00023893] refits 250/256; valid children=206
{"view_id": "sset_21_gloiZ_gTJaE_frame_00023893", "chosen_key": null, "no_court_reason": "no_gated_court", "all_checks_equal": null, "error": null}
{"views": ["sset_21_gloiZ_gTJaE_frame_00023893"], "startup_seconds": 0.04901760118082166, "wall_seconds": 208.75547497114167, "peak_rss_mb": 484.1875, "failed": []}
