decoded /scratch/cmarti/issue103_ad8da4f/external/shuttleset-sources/21 An_Se_Young_Ratchanok_Intanon_YONEX_Thailand_Open_2021_QuarterFinals.mp4 to frame 14381 in 91s
sset_21_gloiZ_gTJaE_frame_00014336 pair 1 [0, 2] combined 6392 players 3150 retained 256 seconds 0.23219245579093695
sset_21_gloiZ_gTJaE_frame_00014336 pair 3 [0, 4] combined 84 players 42 retained 21 seconds 0.04510996397584677
sset_21_gloiZ_gTJaE_frame_00014336 pair 6 [0, 7] combined 924 players 462 retained 231 seconds 0.08600933104753494
sset_21_gloiZ_gTJaE_frame_00014336 pair 13 [0, 14] combined 0 players 0 retained 0 seconds 0.010301809757947922
sset_21_gloiZ_gTJaE_frame_00014336 pair 16 [1, 2] combined 4380 players 298 retained 149 seconds 0.09182809526100755
sset_21_gloiZ_gTJaE_frame_00014336 pair 19 [1, 5] combined 1344 players 0 retained 0 seconds 0.017256103921681643
sset_21_gloiZ_gTJaE_frame_00014336 pair 20 [1, 6] combined 17892 players 0 retained 0 seconds 0.07114250492304564
sset_21_gloiZ_gTJaE_frame_00014336 pair 23 [1, 9] combined 14144 players 0 retained 0 seconds 0.053878212347626686
sset_21_gloiZ_gTJaE_frame_00014336 pair 30 [2, 0] combined 8940 players 4332 retained 256 seconds 0.27626020507887006
sset_21_gloiZ_gTJaE_frame_00014336 pair 31 [2, 1] combined 11264 players 1352 retained 256 seconds 0.17498016310855746
sset_21_gloiZ_gTJaE_frame_00014336 pair 32 [2, 3] combined 13300 players 220 retained 110 seconds 0.15880731772631407
sset_21_gloiZ_gTJaE_frame_00014336 pair 33 [2, 4] combined 1092 players 130 retained 65 seconds 0.04995371121913195
sset_21_gloiZ_gTJaE_frame_00014336 pair 37 [2, 8] combined 4752 players 0 retained 0 seconds 0.02264290163293481
sset_21_gloiZ_gTJaE_frame_00014336 pair 39 [2, 10] combined 408 players 0 retained 0 seconds 0.008953305892646313
sset_21_gloiZ_gTJaE_frame_00014336 pair 40 [2, 11] combined 6028 players 1112 retained 256 seconds 0.12436723988503218
sset_21_gloiZ_gTJaE_frame_00014336 pair 41 [2, 12] combined 2064 players 1032 retained 256 seconds 0.11341422284021974
sset_21_gloiZ_gTJaE_frame_00014336 pair 42 [2, 13] combined 13524 players 0 retained 0 seconds 0.04974478995427489
sset_21_gloiZ_gTJaE_frame_00014336 pair 43 [2, 14] combined 648 players 0 retained 0 seconds 0.009773931931704283
sset_21_gloiZ_gTJaE_frame_00014336 pair 47 [3, 2] combined 7168 players 76 retained 38 seconds 0.06953709293156862
sset_21_gloiZ_gTJaE_frame_00014336 pair 60 [4, 0] combined 0 players 0 retained 0 seconds 0.01872617704793811
sset_21_gloiZ_gTJaE_frame_00014336 pair 62 [4, 2] combined 0 players 0 retained 0 seconds 0.01836711075156927
sset_21_gloiZ_gTJaE_frame_00014336 pair 64 [4, 5] combined 188 players 0 retained 0 seconds 0.010330050252377987
sset_21_gloiZ_gTJaE_frame_00014336 pair 65 [4, 6] combined 632 players 0 retained 0 seconds 0.012027871329337358
sset_21_gloiZ_gTJaE_frame_00014336 pair 68 [4, 9] combined 5456 players 0 retained 0 seconds 0.02478234702721238
sset_21_gloiZ_gTJaE_frame_00014336 pair 69 [4, 10] combined 24 players 0 retained 0 seconds 0.005380148999392986
sset_21_gloiZ_gTJaE_frame_00014336 pair 71 [4, 12] combined 0 players 0 retained 0 seconds 0.00810843100771308
sset_21_gloiZ_gTJaE_frame_00014336 pair 76 [5, 1] combined 13312 players 24 retained 12 seconds 0.09088663896545768
sset_21_gloiZ_gTJaE_frame_00014336 pair 79 [5, 4] combined 176 players 4 retained 2 seconds 0.03783941129222512
sset_21_gloiZ_gTJaE_frame_00014336 pair 81 [5, 7] combined 288 players 12 retained 6 seconds 0.039304775185883045
sset_21_gloiZ_gTJaE_frame_00014336 pair 82 [5, 8] combined 0 players 0 retained 0 seconds 0.006828285288065672
sset_21_gloiZ_gTJaE_frame_00014336 pair 85 [5, 11] combined 1392 players 2 retained 1 seconds 0.043169553857296705
sset_21_gloiZ_gTJaE_frame_00014336 pair 88 [5, 14] combined 0 players 0 retained 0 seconds 0.00658535398542881
sset_21_gloiZ_gTJaE_frame_00014336 pair 89 [5, 15] combined 16 players 0 retained 0 seconds 0.005323439836502075
sset_21_gloiZ_gTJaE_frame_00014336 pair 91 [6, 1] combined 0 players 0 retained 0 seconds 0.031210074201226234
sset_21_gloiZ_gTJaE_frame_00014336 pair 94 [6, 4] combined 140 players 4 retained 2 seconds 0.03681478323414922
sset_21_gloiZ_gTJaE_frame_00014336 pair 96 [6, 7] combined 96 players 4 retained 2 seconds 0.03779739513993263
sset_21_gloiZ_gTJaE_frame_00014336 pair 100 [6, 11] combined 616 players 0 retained 0 seconds 0.012545365374535322
sset_21_gloiZ_gTJaE_frame_00014336 pair 103 [6, 14] combined 0 players 0 retained 0 seconds 0.0059919413179159164
sset_21_gloiZ_gTJaE_frame_00014336 pair 104 [6, 15] combined 12 players 0 retained 0 seconds 0.0049402350559830666
sset_21_gloiZ_gTJaE_frame_00014336 pair 105 [7, 0] combined 0 players 0 retained 0 seconds 0.020396264735609293
sset_21_gloiZ_gTJaE_frame_00014336 pair 110 [7, 5] combined 0 players 0 retained 0 seconds 0.010764110367745161
sset_21_gloiZ_gTJaE_frame_00014336 pair 111 [7, 6] combined 0 players 0 retained 0 seconds 0.011485233902931213
sset_21_gloiZ_gTJaE_frame_00014336 pair 113 [7, 9] combined 0 players 0 retained 0 seconds 0.009938983712345362
sset_21_gloiZ_gTJaE_frame_00014336 pair 114 [7, 10] combined 48 players 0 retained 0 seconds 0.0056373137049376965
sset_21_gloiZ_gTJaE_frame_00014336 pair 116 [7, 12] combined 0 players 0 retained 0 seconds 0.009110625833272934
sset_21_gloiZ_gTJaE_frame_00014336 pair 122 [8, 2] combined 6656 players 0 retained 0 seconds 0.03138186875730753
sset_21_gloiZ_gTJaE_frame_00014336 pair 125 [8, 5] combined 16 players 0 retained 0 seconds 0.006341717205941677
sset_21_gloiZ_gTJaE_frame_00014336 pair 136 [9, 1] combined 1024 players 52 retained 26 seconds 0.06478723511099815
sset_21_gloiZ_gTJaE_frame_00014336 pair 139 [9, 4] combined 0 players 0 retained 0 seconds 0.007508730981498957
sset_21_gloiZ_gTJaE_frame_00014336 pair 142 [9, 7] combined 0 players 0 retained 0 seconds 0.00916878366842866
sset_21_gloiZ_gTJaE_frame_00014336 pair 145 [9, 11] combined 0 players 0 retained 0 seconds 0.01013016328215599
sset_21_gloiZ_gTJaE_frame_00014336 pair 148 [9, 14] combined 0 players 0 retained 0 seconds 0.00506820110604167
sset_21_gloiZ_gTJaE_frame_00014336 pair 149 [9, 15] combined 0 players 0 retained 0 seconds 0.0044126431457698345
sset_21_gloiZ_gTJaE_frame_00014336 pair 152 [10, 2] combined 0 players 0 retained 0 seconds 0.014861614909023046
sset_21_gloiZ_gTJaE_frame_00014336 pair 154 [10, 4] combined 0 players 0 retained 0 seconds 0.0071637569926679134
sset_21_gloiZ_gTJaE_frame_00014336 pair 157 [10, 7] combined 0 players 0 retained 0 seconds 0.008333482779562473
sset_21_gloiZ_gTJaE_frame_00014336 pair 163 [10, 14] combined 0 players 0 retained 0 seconds 0.0034664873965084553
sset_21_gloiZ_gTJaE_frame_00014336 pair 164 [10, 15] combined 0 players 0 retained 0 seconds 0.003267281223088503
sset_21_gloiZ_gTJaE_frame_00014336 pair 167 [11, 2] combined 2292 players 112 retained 56 seconds 0.1309093120507896
sset_21_gloiZ_gTJaE_frame_00014336 pair 170 [11, 5] combined 4312 players 0 retained 0 seconds 0.02388879982754588
sset_21_gloiZ_gTJaE_frame_00014336 pair 171 [11, 6] combined 3240 players 54 retained 27 seconds 0.05315320612862706
sset_21_gloiZ_gTJaE_frame_00014336 pair 174 [11, 9] combined 10868 players 96 retained 48 seconds 0.07565151201561093
sset_21_gloiZ_gTJaE_frame_00014336 pair 182 [12, 2] combined 2664 players 1318 retained 256 seconds 0.1349392463453114
sset_21_gloiZ_gTJaE_frame_00014336 pair 184 [12, 4] combined 80 players 40 retained 20 seconds 0.041012697853147984
sset_21_gloiZ_gTJaE_frame_00014336 pair 187 [12, 7] combined 784 players 392 retained 176 seconds 0.07301414106041193
sset_21_gloiZ_gTJaE_frame_00014336 pair 193 [12, 14] combined 0 players 0 retained 0 seconds 0.0066653648391366005
sset_21_gloiZ_gTJaE_frame_00014336 pair 194 [12, 15] combined 64 players 32 retained 16 seconds 0.03600229416042566
sset_21_gloiZ_gTJaE_frame_00014336 pair 197 [13, 2] combined 4800 players 264 retained 132 seconds 0.07921881414949894
sset_21_gloiZ_gTJaE_frame_00014336 pair 210 [14, 0] combined 0 players 0 retained 0 seconds 0.017398168332874775
sset_21_gloiZ_gTJaE_frame_00014336 pair 212 [14, 2] combined 0 players 0 retained 0 seconds 0.01863131020218134
sset_21_gloiZ_gTJaE_frame_00014336 pair 215 [14, 5] combined 240 players 8 retained 4 seconds 0.0385008598677814
sset_21_gloiZ_gTJaE_frame_00014336 pair 216 [14, 6] combined 0 players 0 retained 0 seconds 0.009545702021569014
sset_21_gloiZ_gTJaE_frame_00014336 pair 219 [14, 9] combined 0 players 0 retained 0 seconds 0.006723890081048012
sset_21_gloiZ_gTJaE_frame_00014336 pair 220 [14, 10] combined 0 players 0 retained 0 seconds 0.004014923702925444
sset_21_gloiZ_gTJaE_frame_00014336 pair 222 [14, 12] combined 0 players 0 retained 0 seconds 0.006712260190397501
sset_21_gloiZ_gTJaE_frame_00014336 pair 230 [15, 5] combined 0 players 0 retained 0 seconds 0.00941526796668768
sset_21_gloiZ_gTJaE_frame_00014336 pair 231 [15, 6] combined 0 players 0 retained 0 seconds 0.00875063706189394
sset_21_gloiZ_gTJaE_frame_00014336 pair 234 [15, 9] combined 0 players 0 retained 0 seconds 0.008696659002453089
sset_21_gloiZ_gTJaE_frame_00014336 pair 235 [15, 10] combined 0 players 0 retained 0 seconds 0.004921397659927607
sset_21_gloiZ_gTJaE_frame_00014336 pair 237 [15, 12] combined 0 players 0 retained 0 seconds 0.007744648959487677
sset_21_gloiZ_gTJaE_frame_00014336 pair 1 [0, 2] combined 0 players 0 retained 0 seconds 0.008258800953626633
sset_21_gloiZ_gTJaE_frame_00014336 pair 3 [0, 4] combined 0 players 0 retained 0 seconds 0.003766296897083521
sset_21_gloiZ_gTJaE_frame_00014336 pair 6 [0, 7] combined 0 players 0 retained 0 seconds 0.0039599877782166
sset_21_gloiZ_gTJaE_frame_00014336 pair 13 [0, 14] combined 0 players 0 retained 0 seconds 0.0032615563832223415
sset_21_gloiZ_gTJaE_frame_00014336 pair 16 [1, 2] combined 588 players 90 retained 45 seconds 0.04538663197308779
sset_21_gloiZ_gTJaE_frame_00014336 pair 19 [1, 5] combined 132 players 0 retained 0 seconds 0.005427130963653326
sset_21_gloiZ_gTJaE_frame_00014336 pair 20 [1, 6] combined 1016 players 0 retained 0 seconds 0.01463787304237485
sset_21_gloiZ_gTJaE_frame_00014336 pair 23 [1, 9] combined 0 players 0 retained 0 seconds 0.006533791311085224
sset_21_gloiZ_gTJaE_frame_00014336 pair 30 [2, 0] combined 0 players 0 retained 0 seconds 0.00495600700378418
sset_21_gloiZ_gTJaE_frame_00014336 pair 31 [2, 1] combined 224 players 112 retained 56 seconds 0.041701420210301876
sset_21_gloiZ_gTJaE_frame_00014336 pair 32 [2, 3] combined 468 players 0 retained 0 seconds 0.007744085043668747
sset_21_gloiZ_gTJaE_frame_00014336 pair 33 [2, 4] combined 32 players 16 retained 8 seconds 0.03335186839103699
sset_21_gloiZ_gTJaE_frame_00014336 pair 37 [2, 8] combined 168 players 0 retained 0 seconds 0.0057762982323765755
sset_21_gloiZ_gTJaE_frame_00014336 pair 39 [2, 10] combined 0 players 0 retained 0 seconds 0.004795359913259745
sset_21_gloiZ_gTJaE_frame_00014336 pair 40 [2, 11] combined 240 players 84 retained 42 seconds 0.03896659519523382
sset_21_gloiZ_gTJaE_frame_00014336 pair 41 [2, 12] combined 84 players 42 retained 21 seconds 0.03547108871862292
sset_21_gloiZ_gTJaE_frame_00014336 pair 42 [2, 13] combined 0 players 0 retained 0 seconds 0.005600858014076948
sset_21_gloiZ_gTJaE_frame_00014336 pair 43 [2, 14] combined 0 players 0 retained 0 seconds 0.00408601900562644
sset_21_gloiZ_gTJaE_frame_00014336 pair 47 [3, 2] combined 372 players 2 retained 1 seconds 0.0373661401681602
sset_21_gloiZ_gTJaE_frame_00014336 pair 60 [4, 0] combined 0 players 0 retained 0 seconds 0.003952321130782366
sset_21_gloiZ_gTJaE_frame_00014336 pair 62 [4, 2] combined 0 players 0 retained 0 seconds 0.008249593898653984
sset_21_gloiZ_gTJaE_frame_00014336 pair 64 [4, 5] combined 0 players 0 retained 0 seconds 0.004106412176042795
sset_21_gloiZ_gTJaE_frame_00014336 pair 65 [4, 6] combined 0 players 0 retained 0 seconds 0.006547325756400824
sset_21_gloiZ_gTJaE_frame_00014336 pair 68 [4, 9] combined 0 players 0 retained 0 seconds 0.0042281546629965305
sset_21_gloiZ_gTJaE_frame_00014336 pair 69 [4, 10] combined 0 players 0 retained 0 seconds 0.0027793250046670437
sset_21_gloiZ_gTJaE_frame_00014336 pair 71 [4, 12] combined 0 players 0 retained 0 seconds 0.0033163931220769882
sset_21_gloiZ_gTJaE_frame_00014336 pair 76 [5, 1] combined 0 players 0 retained 0 seconds 0.006548746023327112
sset_21_gloiZ_gTJaE_frame_00014336 pair 79 [5, 4] combined 0 players 0 retained 0 seconds 0.0037872171960771084
sset_21_gloiZ_gTJaE_frame_00014336 pair 81 [5, 7] combined 4 players 0 retained 0 seconds 0.0036243097856640816
sset_21_gloiZ_gTJaE_frame_00014336 pair 82 [5, 8] combined 0 players 0 retained 0 seconds 0.0035126889124512672
sset_21_gloiZ_gTJaE_frame_00014336 pair 85 [5, 11] combined 32 players 0 retained 0 seconds 0.004072141833603382
sset_21_gloiZ_gTJaE_frame_00014336 pair 88 [5, 14] combined 0 players 0 retained 0 seconds 0.0028905579820275307
sset_21_gloiZ_gTJaE_frame_00014336 pair 89 [5, 15] combined 0 players 0 retained 0 seconds 0.0027331989258527756
sset_21_gloiZ_gTJaE_frame_00014336 pair 91 [6, 1] combined 0 players 0 retained 0 seconds 0.01160940621048212
sset_21_gloiZ_gTJaE_frame_00014336 pair 94 [6, 4] combined 0 players 0 retained 0 seconds 0.005004631821066141
sset_21_gloiZ_gTJaE_frame_00014336 pair 96 [6, 7] combined 0 players 0 retained 0 seconds 0.004227868281304836
sset_21_gloiZ_gTJaE_frame_00014336 pair 100 [6, 11] combined 28 players 0 retained 0 seconds 0.004272757098078728
sset_21_gloiZ_gTJaE_frame_00014336 pair 103 [6, 14] combined 0 players 0 retained 0 seconds 0.0033721383661031723
sset_21_gloiZ_gTJaE_frame_00014336 pair 104 [6, 15] combined 0 players 0 retained 0 seconds 0.0034691146574914455
sset_21_gloiZ_gTJaE_frame_00014336 pair 105 [7, 0] combined 0 players 0 retained 0 seconds 0.0034864391200244427
sset_21_gloiZ_gTJaE_frame_00014336 pair 110 [7, 5] combined 0 players 0 retained 0 seconds 0.0037364340387284756
sset_21_gloiZ_gTJaE_frame_00014336 pair 111 [7, 6] combined 0 players 0 retained 0 seconds 0.006548439152538776
sset_21_gloiZ_gTJaE_frame_00014336 pair 113 [7, 9] combined 0 players 0 retained 0 seconds 0.0046775187365710735
sset_21_gloiZ_gTJaE_frame_00014336 pair 114 [7, 10] combined 0 players 0 retained 0 seconds 0.0028040590696036816
sset_21_gloiZ_gTJaE_frame_00014336 pair 116 [7, 12] combined 0 players 0 retained 0 seconds 0.0035721538588404655
sset_21_gloiZ_gTJaE_frame_00014336 pair 122 [8, 2] combined 1232 players 0 retained 0 seconds 0.009180483408272266
sset_21_gloiZ_gTJaE_frame_00014336 pair 125 [8, 5] combined 0 players 0 retained 0 seconds 0.003423613030463457
sset_21_gloiZ_gTJaE_frame_00014336 pair 136 [9, 1] combined 0 players 0 retained 0 seconds 0.010931256227195263
sset_21_gloiZ_gTJaE_frame_00014336 pair 139 [9, 4] combined 0 players 0 retained 0 seconds 0.003702063113451004
sset_21_gloiZ_gTJaE_frame_00014336 pair 142 [9, 7] combined 0 players 0 retained 0 seconds 0.003586837090551853
sset_21_gloiZ_gTJaE_frame_00014336 pair 145 [9, 11] combined 0 players 0 retained 0 seconds 0.0039128828793764114
sset_21_gloiZ_gTJaE_frame_00014336 pair 148 [9, 14] combined 0 players 0 retained 0 seconds 0.0028718970715999603
sset_21_gloiZ_gTJaE_frame_00014336 pair 149 [9, 15] combined 0 players 0 retained 0 seconds 0.0026618358679115772
sset_21_gloiZ_gTJaE_frame_00014336 pair 152 [10, 2] combined 0 players 0 retained 0 seconds 0.006848104763776064
sset_21_gloiZ_gTJaE_frame_00014336 pair 154 [10, 4] combined 0 players 0 retained 0 seconds 0.0029548262245953083
sset_21_gloiZ_gTJaE_frame_00014336 pair 157 [10, 7] combined 0 players 0 retained 0 seconds 0.003341074101626873
sset_21_gloiZ_gTJaE_frame_00014336 pair 163 [10, 14] combined 0 players 0 retained 0 seconds 0.002559869084507227
sset_21_gloiZ_gTJaE_frame_00014336 pair 164 [10, 15] combined 0 players 0 retained 0 seconds 0.002308326307684183
sset_21_gloiZ_gTJaE_frame_00014336 pair 167 [11, 2] combined 0 players 0 retained 0 seconds 0.007607875857502222
sset_21_gloiZ_gTJaE_frame_00014336 pair 170 [11, 5] combined 0 players 0 retained 0 seconds 0.003840672317892313
sset_21_gloiZ_gTJaE_frame_00014336 pair 171 [11, 6] combined 0 players 0 retained 0 seconds 0.007292500697076321
sset_21_gloiZ_gTJaE_frame_00014336 pair 174 [11, 9] combined 248 players 0 retained 0 seconds 0.0059044682420790195
sset_21_gloiZ_gTJaE_frame_00014336 pair 182 [12, 2] combined 0 players 0 retained 0 seconds 0.00827443366870284
sset_21_gloiZ_gTJaE_frame_00014336 pair 184 [12, 4] combined 0 players 0 retained 0 seconds 0.0038516661152243614
sset_21_gloiZ_gTJaE_frame_00014336 pair 187 [12, 7] combined 0 players 0 retained 0 seconds 0.003444395028054714
sset_21_gloiZ_gTJaE_frame_00014336 pair 193 [12, 14] combined 0 players 0 retained 0 seconds 0.002816585823893547
sset_21_gloiZ_gTJaE_frame_00014336 pair 194 [12, 15] combined 0 players 0 retained 0 seconds 0.0028635039925575256
sset_21_gloiZ_gTJaE_frame_00014336 pair 197 [13, 2] combined 0 players 0 retained 0 seconds 0.008236074820160866
sset_21_gloiZ_gTJaE_frame_00014336 pair 210 [14, 0] combined 0 players 0 retained 0 seconds 0.0033843410201370716
sset_21_gloiZ_gTJaE_frame_00014336 pair 212 [14, 2] combined 0 players 0 retained 0 seconds 0.007535883225500584
sset_21_gloiZ_gTJaE_frame_00014336 pair 215 [14, 5] combined 0 players 0 retained 0 seconds 0.003634052351117134
sset_21_gloiZ_gTJaE_frame_00014336 pair 216 [14, 6] combined 0 players 0 retained 0 seconds 0.0058180829510092735
sset_21_gloiZ_gTJaE_frame_00014336 pair 219 [14, 9] combined 0 players 0 retained 0 seconds 0.0029190396890044212
sset_21_gloiZ_gTJaE_frame_00014336 pair 220 [14, 10] combined 0 players 0 retained 0 seconds 0.002278196159750223
sset_21_gloiZ_gTJaE_frame_00014336 pair 222 [14, 12] combined 0 players 0 retained 0 seconds 0.0028596557676792145
sset_21_gloiZ_gTJaE_frame_00014336 pair 230 [15, 5] combined 0 players 0 retained 0 seconds 0.003480775747448206
sset_21_gloiZ_gTJaE_frame_00014336 pair 231 [15, 6] combined 0 players 0 retained 0 seconds 0.006270471960306168
sset_21_gloiZ_gTJaE_frame_00014336 pair 234 [15, 9] combined 0 players 0 retained 0 seconds 0.004075099714100361
sset_21_gloiZ_gTJaE_frame_00014336 pair 235 [15, 10] combined 0 players 0 retained 0 seconds 0.002550603821873665
sset_21_gloiZ_gTJaE_frame_00014336 pair 237 [15, 12] combined 0 players 0 retained 0 seconds 0.002883726730942726
[sset_21_gloiZ_gTJaE_frame_00014336] line-template: preparing rectangles
[sset_21_gloiZ_gTJaE_frame_00014336] measuring 685 parents (G0=256, G1=173, line_template=256; conflicting geometry groups=0)
[sset_21_gloiZ_gTJaE_frame_00014336] parents 250/685
[sset_21_gloiZ_gTJaE_frame_00014336] parents 500/685
[sset_21_gloiZ_gTJaE_frame_00014336] refitting 685 parents
[sset_21_gloiZ_gTJaE_frame_00014336] refits 250/685; valid children=169
[sset_21_gloiZ_gTJaE_frame_00014336] refits 500/685; valid children=209
{"view_id": "sset_21_gloiZ_gTJaE_frame_00014336", "chosen_key": "G1:16:8", "no_court_reason": "rank_deficient", "all_checks_equal": null, "error": null}
{"views": ["sset_21_gloiZ_gTJaE_frame_00014336"], "startup_seconds": 0.053090374916791916, "wall_seconds": 168.45594057813287, "peak_rss_mb": 504.67578125, "failed": []}
