decoded <run root>/paint_geometry_20260909/gx_extension/videos/gxBQ_HwdgN4.mp4 to frame 77966 in 316s
decoded <run root>/player_guided_20260908/videos/am1_h264.mp4 to frame 186 in 1s
gxBQ_window_03_frame_77876 pair 17 [1, 3] combined 262144 players 8138 retained 256 seconds 1.3223299393430352
gxBQ_window_03_frame_77876 pair 20 [1, 6] combined 184320 players 17358 retained 256 seconds 1.2558400169946253
gxBQ_window_03_frame_77876 pair 21 [1, 7] combined 262144 players 126 retained 62 seconds 1.0444209431298077
gxBQ_window_03_frame_77876 pair 24 [1, 10] combined 262144 players 19048 retained 256 seconds 1.535748100373894
gxBQ_window_03_frame_77876 pair 46 [3, 1] combined 262144 players 648 retained 256 seconds 1.0399569706059992
gxBQ_window_03_frame_77876 pair 53 [3, 9] combined 25600 players 6696 retained 256 seconds 0.46395246777683496
gxBQ_window_03_frame_77876 pair 91 [6, 1] combined 55296 players 3032 retained 256 seconds 0.4376570647582412
gxBQ_window_03_frame_77876 pair 98 [6, 9] combined 5712 players 1258 retained 256 seconds 0.1254328158684075
gxBQ_window_03_frame_77876 pair 100 [6, 11] combined 1152 players 20 retained 10 seconds 0.04850706830620766
gxBQ_window_03_frame_77876 pair 106 [7, 1] combined 262144 players 20 retained 12 seconds 0.926932143047452
gxBQ_window_03_frame_77876 pair 113 [7, 9] combined 22816 players 382 retained 191 seconds 0.14377436507493258
gxBQ_window_03_frame_77876 pair 138 [9, 3] combined 4096 players 1312 retained 256 seconds 0.1599114779382944
gxBQ_window_03_frame_77876 pair 141 [9, 6] combined 10480 players 2612 retained 256 seconds 0.17853448307141662
gxBQ_window_03_frame_77876 pair 142 [9, 7] combined 3072 players 478 retained 240 seconds 0.09142268495634198
gxBQ_window_03_frame_77876 pair 144 [9, 10] combined 16384 players 5240 retained 256 seconds 0.339350800961256
gxBQ_window_03_frame_77876 pair 151 [10, 1] combined 262144 players 7552 retained 256 seconds 1.1859109392389655
gxBQ_window_03_frame_77876 pair 159 [10, 9] combined 34816 players 3036 retained 256 seconds 0.28025989700108767
gxBQ_window_03_frame_77876 pair 160 [10, 11] combined 38912 players 860 retained 256 seconds 0.21270207921043038
gxBQ_window_03_frame_77876 pair 171 [11, 6] combined 3648 players 46 retained 23 seconds 0.05338713712990284
gxBQ_window_03_frame_77876 pair 175 [11, 10] combined 15360 players 90 retained 45 seconds 0.10209774598479271
gxBQ_window_03_frame_77876 pair 17 [1, 3] combined 88704 players 168 retained 84 seconds 0.3220567521639168
gxBQ_window_03_frame_77876 pair 20 [1, 6] combined 0 players 0 retained 0 seconds 0.02485190285369754
gxBQ_window_03_frame_77876 pair 21 [1, 7] combined 9728 players 0 retained 0 seconds 0.05499694123864174
gxBQ_window_03_frame_77876 pair 24 [1, 10] combined 56544 players 2442 retained 256 seconds 0.3146669897250831
gxBQ_window_03_frame_77876 pair 46 [3, 1] combined 41984 players 388 retained 189 seconds 0.20055734924972057
gxBQ_window_03_frame_77876 pair 53 [3, 9] combined 0 players 0 retained 0 seconds 0.01687738625332713
gxBQ_window_03_frame_77876 pair 91 [6, 1] combined 0 players 0 retained 0 seconds 0.09190111700445414
gxBQ_window_03_frame_77876 pair 98 [6, 9] combined 0 players 0 retained 0 seconds 0.0028387410566210747
gxBQ_window_03_frame_77876 pair 100 [6, 11] combined 0 players 0 retained 0 seconds 0.0026195053942501545
gxBQ_window_03_frame_77876 pair 106 [7, 1] combined 7632 players 0 retained 0 seconds 0.04274343838915229
gxBQ_window_03_frame_77876 pair 113 [7, 9] combined 0 players 0 retained 0 seconds 0.0037869508378207684
gxBQ_window_03_frame_77876 pair 138 [9, 3] combined 0 players 0 retained 0 seconds 0.012570949271321297
gxBQ_window_03_frame_77876 pair 141 [9, 6] combined 0 players 0 retained 0 seconds 0.002577739767730236
gxBQ_window_03_frame_77876 pair 142 [9, 7] combined 0 players 0 retained 0 seconds 0.003444977104663849
gxBQ_window_03_frame_77876 pair 144 [9, 10] combined 0 players 0 retained 0 seconds 0.010660286992788315
gxBQ_window_03_frame_77876 pair 151 [10, 1] combined 58368 players 240 retained 116 seconds 0.23300811415538192
gxBQ_window_03_frame_77876 pair 159 [10, 9] combined 0 players 0 retained 0 seconds 0.013806278351694345
gxBQ_window_03_frame_77876 pair 160 [10, 11] combined 0 players 0 retained 0 seconds 0.012784563936293125
gxBQ_window_03_frame_77876 pair 171 [11, 6] combined 0 players 0 retained 0 seconds 0.002535936888307333
gxBQ_window_03_frame_77876 pair 175 [11, 10] combined 0 players 0 retained 0 seconds 0.011759348213672638
[gxBQ_window_03_frame_77876] line-template: preparing rectangles
[gxBQ_window_03_frame_77876] measuring 766 parents (G0=256, G1=256, line_template=256; conflicting geometry groups=0)
[gxBQ_window_03_frame_77876] parents 250/766
[gxBQ_window_03_frame_77876] parents 500/766
[gxBQ_window_03_frame_77876] parents 750/766
[gxBQ_window_03_frame_77876] refitting 766 parents
[gxBQ_window_03_frame_77876] refits 250/766; valid children=184
[gxBQ_window_03_frame_77876] refits 500/766; valid children=400
[gxBQ_window_03_frame_77876] refits 750/766; valid children=633
{"view_id": "gxBQ_window_03_frame_77876", "chosen_key": "line_template:rectangle_73390:template_72/child", "no_court_reason": null, "all_checks_equal": null, "error": null}
am1_window_00_frame_54 pair 0 [0, 1] combined 262144 players 0 retained 0 seconds 2.013716521207243
am1_window_00_frame_54 pair 15 [1, 0] combined 262144 players 0 retained 0 seconds 1.4935188153758645
am1_window_00_frame_54 pair 16 [1, 2] combined 262144 players 0 retained 0 seconds 0.7220200928859413
am1_window_00_frame_54 pair 17 [1, 3] combined 262144 players 0 retained 0 seconds 0.745757709722966
am1_window_00_frame_54 pair 18 [1, 4] combined 163840 players 0 retained 0 seconds 0.5293991309590638
am1_window_00_frame_54 pair 19 [1, 5] combined 209920 players 66162 retained 256 seconds 1.8016298688016832
am1_window_00_frame_54 pair 20 [1, 6] combined 262144 players 5312 retained 256 seconds 0.8076541223563254
am1_window_00_frame_54 pair 24 [1, 10] combined 93184 players 8312 retained 256 seconds 0.5127209252677858
am1_window_00_frame_54 pair 27 [1, 13] combined 12288 players 636 retained 256 seconds 0.27975925616919994
am1_window_00_frame_54 pair 28 [1, 14] combined 262144 players 22332 retained 256 seconds 1.129359603393823
am1_window_00_frame_54 pair 31 [2, 1] combined 262144 players 0 retained 0 seconds 0.7206140821799636
am1_window_00_frame_54 pair 46 [3, 1] combined 262144 players 0 retained 0 seconds 0.774026629049331
am1_window_00_frame_54 pair 61 [4, 1] combined 181248 players 0 retained 0 seconds 0.4665648159570992
am1_window_00_frame_54 pair 76 [5, 1] combined 25600 players 4206 retained 256 seconds 0.33995575085282326
am1_window_00_frame_54 pair 91 [6, 1] combined 262144 players 2990 retained 256 seconds 0.6802217490039766
am1_window_00_frame_54 pair 118 [7, 14] combined 80352 players 0 retained 0 seconds 0.16871036309748888
am1_window_00_frame_54 pair 148 [9, 14] combined 49920 players 84 retained 42 seconds 0.11559883877635002
am1_window_00_frame_54 pair 151 [10, 1] combined 4096 players 220 retained 104 seconds 0.19922982528805733
am1_window_00_frame_54 pair 196 [13, 1] combined 14336 players 94 retained 47 seconds 0.2005746141076088
am1_window_00_frame_54 pair 211 [14, 1] combined 77824 players 4708 retained 256 seconds 0.45617928821593523
am1_window_00_frame_54 pair 217 [14, 7] combined 19500 players 0 retained 0 seconds 0.0650053252466023
am1_window_00_frame_54 pair 219 [14, 9] combined 28072 players 0 retained 0 seconds 0.06989003298804164
am1_window_00_frame_54 pair 0 [0, 1] combined 262144 players 0 retained 0 seconds 0.5632177987135947
am1_window_00_frame_54 pair 15 [1, 0] combined 262144 players 0 retained 0 seconds 0.5430558710359037
am1_window_00_frame_54 pair 16 [1, 2] combined 30720 players 0 retained 0 seconds 0.09779014717787504
am1_window_00_frame_54 pair 17 [1, 3] combined 58368 players 0 retained 0 seconds 0.15034508518874645
am1_window_00_frame_54 pair 18 [1, 4] combined 3072 players 0 retained 0 seconds 0.048854588996618986
am1_window_00_frame_54 pair 19 [1, 5] combined 0 players 0 retained 0 seconds 0.035628564190119505
am1_window_00_frame_54 pair 20 [1, 6] combined 76800 players 628 retained 256 seconds 0.19996018987149
am1_window_00_frame_54 pair 24 [1, 10] combined 0 players 0 retained 0 seconds 0.03182117873802781
am1_window_00_frame_54 pair 27 [1, 13] combined 0 players 0 retained 0 seconds 0.04102335311472416
am1_window_00_frame_54 pair 28 [1, 14] combined 46800 players 7054 retained 256 seconds 0.26265760883688927
am1_window_00_frame_54 pair 31 [2, 1] combined 67584 players 0 retained 0 seconds 0.1442447267472744
am1_window_00_frame_54 pair 46 [3, 1] combined 89088 players 0 retained 0 seconds 0.18585983430966735
am1_window_00_frame_54 pair 61 [4, 1] combined 2048 players 0 retained 0 seconds 0.03163190605118871
am1_window_00_frame_54 pair 76 [5, 1] combined 0 players 0 retained 0 seconds 0.027519560884684324
am1_window_00_frame_54 pair 91 [6, 1] combined 75776 players 608 retained 256 seconds 0.24125197110697627
am1_window_00_frame_54 pair 118 [7, 14] combined 12 players 0 retained 0 seconds 0.005811324808746576
am1_window_00_frame_54 pair 148 [9, 14] combined 0 players 0 retained 0 seconds 0.007271279115229845
am1_window_00_frame_54 pair 151 [10, 1] combined 0 players 0 retained 0 seconds 0.024495107121765614
am1_window_00_frame_54 pair 196 [13, 1] combined 0 players 0 retained 0 seconds 0.028802639804780483
am1_window_00_frame_54 pair 211 [14, 1] combined 15360 players 742 retained 256 seconds 0.09874448040500283
am1_window_00_frame_54 pair 217 [14, 7] combined 0 players 0 retained 0 seconds 0.0071348147466778755
am1_window_00_frame_54 pair 219 [14, 9] combined 0 players 0 retained 0 seconds 0.008348276372998953
[am1_window_00_frame_54] line-template: preparing rectangles
[am1_window_00_frame_54] measuring 768 parents (G0=256, G1=256, line_template=256; conflicting geometry groups=0)
[am1_window_00_frame_54] parents 250/768
[am1_window_00_frame_54] parents 500/768
[am1_window_00_frame_54] parents 750/768
[am1_window_00_frame_54] refitting 768 parents
[am1_window_00_frame_54] refits 250/768; valid children=54
[am1_window_00_frame_54] refits 500/768; valid children=89
[am1_window_00_frame_54] refits 750/768; valid children=303
{"view_id": "am1_window_00_frame_54", "chosen_key": "line_template:rectangle_98192:template_10/child", "no_court_reason": null, "all_checks_equal": null, "error": null}
{"views": ["gxBQ_window_03_frame_77876", "am1_window_00_frame_54"], "startup_seconds": 0.04546679509803653, "wall_seconds": 556.3711124048568, "peak_rss_mb": 1038.4375, "failed": []}
