decoded <run root>/paint_geometry_20260909/gx_extension/videos/gxBQ_HwdgN4.mp4 to frame 180 in 1s
decoded <ShuttleSet root>/external/shuttleset-sources/3 Kento_MOMOTA_CHOU_Tien_Chen_KOREA_OPEN_2019_Final.mp4 to frame 41025 in 255s
gxBQ_window_00_frame_0 pair 17 [1, 3] combined 262144 players 3336 retained 256 seconds 0.6438586139120162
gxBQ_window_00_frame_0 pair 18 [1, 4] combined 23552 players 4 retained 2 seconds 0.11886415490880609
gxBQ_window_00_frame_0 pair 22 [1, 8] combined 262144 players 8210 retained 256 seconds 0.6850349698215723
gxBQ_window_00_frame_0 pair 25 [1, 11] combined 134144 players 0 retained 0 seconds 0.29120674589648843
gxBQ_window_00_frame_0 pair 46 [3, 1] combined 262144 players 3022 retained 256 seconds 0.5820921109989285
gxBQ_window_00_frame_0 pair 50 [3, 6] combined 262144 players 1644 retained 256 seconds 0.5579528529196978
gxBQ_window_00_frame_0 pair 53 [3, 9] combined 262144 players 2378 retained 256 seconds 0.5834888140670955
gxBQ_window_00_frame_0 pair 61 [4, 1] combined 1024 players 0 retained 0 seconds 0.06248987605795264
gxBQ_window_00_frame_0 pair 65 [4, 6] combined 1024 players 14 retained 7 seconds 0.03048137901350856
gxBQ_window_00_frame_0 pair 68 [4, 9] combined 1024 players 0 retained 0 seconds 0.05917379865422845
gxBQ_window_00_frame_0 pair 93 [6, 3] combined 149504 players 4440 retained 256 seconds 0.37749802181497216
gxBQ_window_00_frame_0 pair 94 [6, 4] combined 7636 players 64 retained 32 seconds 0.04234802210703492
gxBQ_window_00_frame_0 pair 97 [6, 8] combined 115712 players 1182 retained 256 seconds 0.2770868754014373
gxBQ_window_00_frame_0 pair 100 [6, 11] combined 70656 players 0 retained 0 seconds 0.13171823462471366
gxBQ_window_00_frame_0 pair 101 [6, 12] combined 1116 players 0 retained 0 seconds 0.018385190051048994
gxBQ_window_00_frame_0 pair 121 [8, 1] combined 262144 players 3658 retained 256 seconds 0.6046904176473618
gxBQ_window_00_frame_0 pair 126 [8, 6] combined 205824 players 1282 retained 256 seconds 0.4266877491027117
gxBQ_window_00_frame_0 pair 128 [8, 9] combined 262144 players 4098 retained 256 seconds 0.666321984026581
gxBQ_window_00_frame_0 pair 138 [9, 3] combined 262144 players 1488 retained 256 seconds 0.564353778026998
gxBQ_window_00_frame_0 pair 139 [9, 4] combined 19456 players 0 retained 0 seconds 0.09695550380274653
gxBQ_window_00_frame_0 pair 143 [9, 8] combined 262144 players 4608 retained 256 seconds 0.6302572321146727
gxBQ_window_00_frame_0 pair 145 [9, 11] combined 142336 players 0 retained 0 seconds 0.29300562711432576
gxBQ_window_00_frame_0 pair 166 [11, 1] combined 62464 players 0 retained 0 seconds 0.15239975368604064
gxBQ_window_00_frame_0 pair 171 [11, 6] combined 43560 players 0 retained 0 seconds 0.08803691901266575
gxBQ_window_00_frame_0 pair 174 [11, 9] combined 88064 players 8 retained 4 seconds 0.19900302588939667
gxBQ_window_00_frame_0 pair 186 [12, 6] combined 2048 players 568 retained 256 seconds 0.05287150386720896
gxBQ_window_00_frame_0 pair 17 [1, 3] combined 3120 players 48 retained 24 seconds 0.03643200360238552
gxBQ_window_00_frame_0 pair 18 [1, 4] combined 2700 players 0 retained 0 seconds 0.02197432378306985
gxBQ_window_00_frame_0 pair 22 [1, 8] combined 19920 players 178 retained 89 seconds 0.06835669465363026
gxBQ_window_00_frame_0 pair 25 [1, 11] combined 18832 players 0 retained 0 seconds 0.049065947998315096
gxBQ_window_00_frame_0 pair 46 [3, 1] combined 4096 players 6 retained 3 seconds 0.035024191718548536
gxBQ_window_00_frame_0 pair 50 [3, 6] combined 144 players 0 retained 0 seconds 0.005282046273350716
gxBQ_window_00_frame_0 pair 53 [3, 9] combined 4096 players 0 retained 0 seconds 0.019756808411329985
gxBQ_window_00_frame_0 pair 61 [4, 1] combined 0 players 0 retained 0 seconds 0.07007954828441143
gxBQ_window_00_frame_0 pair 65 [4, 6] combined 0 players 0 retained 0 seconds 0.003698656801134348
gxBQ_window_00_frame_0 pair 68 [4, 9] combined 0 players 0 retained 0 seconds 0.012338052038103342
gxBQ_window_00_frame_0 pair 93 [6, 3] combined 0 players 0 retained 0 seconds 0.004470484796911478
gxBQ_window_00_frame_0 pair 94 [6, 4] combined 48 players 0 retained 0 seconds 0.003775829914957285
gxBQ_window_00_frame_0 pair 97 [6, 8] combined 876 players 0 retained 0 seconds 0.008303552865982056
gxBQ_window_00_frame_0 pair 100 [6, 11] combined 0 players 0 retained 0 seconds 0.004531018901616335
gxBQ_window_00_frame_0 pair 101 [6, 12] combined 0 players 0 retained 0 seconds 0.00329323997721076
gxBQ_window_00_frame_0 pair 121 [8, 1] combined 15360 players 184 retained 92 seconds 0.05613996181637049
gxBQ_window_00_frame_0 pair 126 [8, 6] combined 1288 players 0 retained 0 seconds 0.01026484090834856
gxBQ_window_00_frame_0 pair 128 [8, 9] combined 16384 players 52 retained 24 seconds 0.05546768195927143
gxBQ_window_00_frame_0 pair 138 [9, 3] combined 2328 players 24 retained 12 seconds 0.03267754800617695
gxBQ_window_00_frame_0 pair 139 [9, 4] combined 2448 players 0 retained 0 seconds 0.01933262776583433
gxBQ_window_00_frame_0 pair 143 [9, 8] combined 28944 players 64 retained 31 seconds 0.08006771607324481
gxBQ_window_00_frame_0 pair 145 [9, 11] combined 9900 players 0 retained 0 seconds 0.03150978172197938
gxBQ_window_00_frame_0 pair 166 [11, 1] combined 16008 players 0 retained 0 seconds 0.037841730285435915
gxBQ_window_00_frame_0 pair 171 [11, 6] combined 192 players 0 retained 0 seconds 0.004634171724319458
gxBQ_window_00_frame_0 pair 174 [11, 9] combined 13716 players 0 retained 0 seconds 0.03271905891597271
gxBQ_window_00_frame_0 pair 186 [12, 6] combined 0 players 0 retained 0 seconds 0.003703989088535309
[gxBQ_window_00_frame_0] line-template: preparing rectangles
[gxBQ_window_00_frame_0] measuring 768 parents (G0=256, G1=256, line_template=256; conflicting geometry groups=0)
[gxBQ_window_00_frame_0] parents 250/768
[gxBQ_window_00_frame_0] parents 500/768
[gxBQ_window_00_frame_0] parents 750/768
[gxBQ_window_00_frame_0] refitting 768 parents
[gxBQ_window_00_frame_0] refits 250/768; valid children=238
[gxBQ_window_00_frame_0] refits 500/768; valid children=478
[gxBQ_window_00_frame_0] refits 750/768; valid children=712
{"view_id": "gxBQ_window_00_frame_0", "chosen_key": "G0:22:5060/child", "no_court_reason": null, "all_checks_equal": null, "error": null}
shuttleset_03_scene_0019 pair 0 [0, 1] combined 262144 players 69820 retained 256 seconds 5.061686750967056
shuttleset_03_scene_0019 pair 1 [0, 2] combined 262144 players 63286 retained 256 seconds 4.742558677215129
shuttleset_03_scene_0019 pair 2 [0, 3] combined 223232 players 0 retained 0 seconds 2.287309441715479
shuttleset_03_scene_0019 pair 4 [0, 5] combined 262144 players 68980 retained 256 seconds 4.980228389147669
shuttleset_03_scene_0019 pair 6 [0, 7] combined 142336 players 41158 retained 256 seconds 3.505031269043684
shuttleset_03_scene_0019 pair 7 [0, 8] combined 262144 players 18682 retained 256 seconds 3.2690086127258837
shuttleset_03_scene_0019 pair 8 [0, 9] combined 208896 players 0 retained 0 seconds 2.2086771419271827
shuttleset_03_scene_0019 pair 9 [0, 10] combined 262144 players 73274 retained 256 seconds 5.171498577110469
shuttleset_03_scene_0019 pair 10 [0, 11] combined 262144 players 0 retained 0 seconds 2.3279582550749183
shuttleset_03_scene_0019 pair 11 [0, 12] combined 22528 players 872 retained 256 seconds 1.7273342828266323
shuttleset_03_scene_0019 pair 12 [0, 13] combined 1024 players 4 retained 2 seconds 1.561622487846762
shuttleset_03_scene_0019 pair 13 [0, 14] combined 74752 players 0 retained 0 seconds 1.6996358940377831
shuttleset_03_scene_0019 pair 14 [0, 15] combined 43008 players 9672 retained 256 seconds 2.083065692335367
shuttleset_03_scene_0019 pair 15 [1, 0] combined 262144 players 85890 retained 256 seconds 5.170168760232627
shuttleset_03_scene_0019 pair 18 [1, 4] combined 262144 players 66348 retained 256 seconds 3.5582520281895995
shuttleset_03_scene_0019 pair 30 [2, 0] combined 262144 players 87318 retained 256 seconds 4.9550910741090775
shuttleset_03_scene_0019 pair 33 [2, 4] combined 262144 players 65550 retained 256 seconds 3.462217301130295
shuttleset_03_scene_0019 pair 45 [3, 0] combined 262144 players 0 retained 0 seconds 1.8961430629715323
shuttleset_03_scene_0019 pair 61 [4, 1] combined 262144 players 71430 retained 256 seconds 3.8240847596898675
shuttleset_03_scene_0019 pair 62 [4, 2] combined 262144 players 52118 retained 256 seconds 2.9484570897184312
shuttleset_03_scene_0019 pair 64 [4, 5] combined 262144 players 70960 retained 256 seconds 3.7641529673710465
shuttleset_03_scene_0019 pair 66 [4, 7] combined 145408 players 41394 retained 256 seconds 2.2672714698128402
shuttleset_03_scene_0019 pair 69 [4, 10] combined 262144 players 64454 retained 256 seconds 3.3750999621115625
shuttleset_03_scene_0019 pair 71 [4, 12] combined 16384 players 2254 retained 256 seconds 0.3334812559187412
shuttleset_03_scene_0019 pair 73 [4, 14] combined 74752 players 0 retained 0 seconds 0.3880257988348603
shuttleset_03_scene_0019 pair 75 [5, 0] combined 262144 players 76852 retained 256 seconds 4.583356872666627
shuttleset_03_scene_0019 pair 79 [5, 4] combined 262144 players 73728 retained 256 seconds 3.728165676817298
shuttleset_03_scene_0019 pair 105 [7, 0] combined 260096 players 82132 retained 256 seconds 4.937068368773907
shuttleset_03_scene_0019 pair 109 [7, 4] combined 262144 players 60606 retained 256 seconds 3.1987510239705443
shuttleset_03_scene_0019 pair 120 [8, 0] combined 262144 players 3794 retained 256 seconds 2.047057756688446
shuttleset_03_scene_0019 pair 135 [9, 0] combined 262144 players 0 retained 0 seconds 1.8396640317514539
shuttleset_03_scene_0019 pair 150 [10, 0] combined 262144 players 85036 retained 256 seconds 4.846908495761454
shuttleset_03_scene_0019 pair 154 [10, 4] combined 262144 players 67026 retained 256 seconds 3.5427407547831535
shuttleset_03_scene_0019 pair 165 [11, 0] combined 219136 players 1722 retained 256 seconds 1.8984335609711707
shuttleset_03_scene_0019 pair 180 [12, 0] combined 32768 players 1026 retained 256 seconds 1.1559904320165515
shuttleset_03_scene_0019 pair 184 [12, 4] combined 24576 players 2404 retained 256 seconds 0.3031169702298939
shuttleset_03_scene_0019 pair 195 [13, 0] combined 5120 players 0 retained 0 seconds 1.0498023489490151
shuttleset_03_scene_0019 pair 210 [14, 0] combined 135168 players 0 retained 0 seconds 1.4237061580643058
shuttleset_03_scene_0019 pair 214 [14, 4] combined 128000 players 0 retained 0 seconds 0.516533066984266
shuttleset_03_scene_0019 pair 225 [15, 0] combined 70656 players 21954 retained 256 seconds 2.0807595076039433
shuttleset_03_scene_0019 pair 0 [0, 1] combined 114688 players 26038 retained 256 seconds 2.363074805121869
shuttleset_03_scene_0019 pair 1 [0, 2] combined 67584 players 20618 retained 256 seconds 1.9282170413061976
shuttleset_03_scene_0019 pair 2 [0, 3] combined 1024 players 0 retained 0 seconds 0.8759459219872952
shuttleset_03_scene_0019 pair 4 [0, 5] combined 94208 players 20224 retained 256 seconds 1.8979125819168985
shuttleset_03_scene_0019 pair 6 [0, 7] combined 23552 players 6172 retained 256 seconds 1.1815309086814523
shuttleset_03_scene_0019 pair 7 [0, 8] combined 46080 players 964 retained 256 seconds 1.1183284190483391
shuttleset_03_scene_0019 pair 8 [0, 9] combined 4096 players 0 retained 0 seconds 1.0187016851268709
shuttleset_03_scene_0019 pair 9 [0, 10] combined 43008 players 11056 retained 256 seconds 1.3975138277746737
shuttleset_03_scene_0019 pair 10 [0, 11] combined 8192 players 0 retained 0 seconds 0.8504486889578402
shuttleset_03_scene_0019 pair 11 [0, 12] combined 44032 players 1196 retained 256 seconds 1.1338757649064064
shuttleset_03_scene_0019 pair 12 [0, 13] combined 0 players 0 retained 0 seconds 0.8898486900143325
shuttleset_03_scene_0019 pair 13 [0, 14] combined 28672 players 0 retained 0 seconds 0.9242457491345704
shuttleset_03_scene_0019 pair 14 [0, 15] combined 8192 players 1988 retained 256 seconds 1.0118519198149443
shuttleset_03_scene_0019 pair 15 [1, 0] combined 215040 players 57344 retained 256 seconds 3.1365345581434667
shuttleset_03_scene_0019 pair 18 [1, 4] combined 101016 players 25520 retained 256 seconds 1.3391490210779011
shuttleset_03_scene_0019 pair 30 [2, 0] combined 96256 players 30958 retained 256 seconds 1.8608739608898759
shuttleset_03_scene_0019 pair 33 [2, 4] combined 39516 players 12070 retained 256 seconds 0.6296306969597936
shuttleset_03_scene_0019 pair 45 [3, 0] combined 5120 players 0 retained 0 seconds 0.5890539307147264
shuttleset_03_scene_0019 pair 61 [4, 1] combined 70620 players 20988 retained 256 seconds 1.0066197528503835
shuttleset_03_scene_0019 pair 62 [4, 2] combined 45292 players 15380 retained 256 seconds 0.7581130200996995
shuttleset_03_scene_0019 pair 64 [4, 5] combined 61200 players 18058 retained 256 seconds 0.9144936772063375
shuttleset_03_scene_0019 pair 66 [4, 7] combined 16848 players 4756 retained 256 seconds 0.46561941923573613
shuttleset_03_scene_0019 pair 69 [4, 10] combined 29624 players 10890 retained 256 seconds 0.56196343107149
shuttleset_03_scene_0019 pair 71 [4, 12] combined 29256 players 5262 retained 256 seconds 0.37212271708995104
shuttleset_03_scene_0019 pair 73 [4, 14] combined 20400 players 0 retained 0 seconds 0.12358366791158915
shuttleset_03_scene_0019 pair 75 [5, 0] combined 171008 players 44574 retained 256 seconds 2.5232892902567983
shuttleset_03_scene_0019 pair 79 [5, 4] combined 73476 players 22286 retained 256 seconds 1.0174244260415435
shuttleset_03_scene_0019 pair 105 [7, 0] combined 40960 players 12602 retained 256 seconds 1.1003277823328972
shuttleset_03_scene_0019 pair 109 [7, 4] combined 19680 players 5636 retained 256 seconds 0.48514632461592555
shuttleset_03_scene_0019 pair 120 [8, 0] combined 48128 players 294 retained 147 seconds 0.7469665505923331
shuttleset_03_scene_0019 pair 135 [9, 0] combined 6144 players 0 retained 0 seconds 0.5794536690227687
shuttleset_03_scene_0019 pair 150 [10, 0] combined 76800 players 18932 retained 256 seconds 1.4593728589825332
shuttleset_03_scene_0019 pair 154 [10, 4] combined 37440 players 10360 retained 256 seconds 0.5470811682753265
shuttleset_03_scene_0019 pair 165 [11, 0] combined 4096 players 0 retained 0 seconds 0.5807042717933655
shuttleset_03_scene_0019 pair 180 [12, 0] combined 69632 players 200 retained 96 seconds 0.8071329910308123
shuttleset_03_scene_0019 pair 184 [12, 4] combined 39072 players 3372 retained 256 seconds 0.30837838910520077
shuttleset_03_scene_0019 pair 195 [13, 0] combined 0 players 0 retained 0 seconds 0.5629641637206078
shuttleset_03_scene_0019 pair 210 [14, 0] combined 47104 players 0 retained 0 seconds 0.7010446200147271
shuttleset_03_scene_0019 pair 214 [14, 4] combined 29440 players 0 retained 0 seconds 0.13740425975993276
shuttleset_03_scene_0019 pair 225 [15, 0] combined 12288 players 3776 retained 256 seconds 0.7653961679898202
[shuttleset_03_scene_0019] line-template: preparing rectangles
[shuttleset_03_scene_0019] measuring 768 parents (G0=256, G1=256, line_template=256; conflicting geometry groups=0)
[shuttleset_03_scene_0019] parents 250/768
[shuttleset_03_scene_0019] parents 500/768
[shuttleset_03_scene_0019] parents 750/768
[shuttleset_03_scene_0019] refitting 768 parents
[shuttleset_03_scene_0019] refits 250/768; valid children=170
[shuttleset_03_scene_0019] refits 500/768; valid children=417
[shuttleset_03_scene_0019] refits 750/768; valid children=639
{"view_id": "shuttleset_03_scene_0019", "chosen_key": "G1:1:1171/child", "no_court_reason": null, "all_checks_equal": null, "error": null}
{"views": ["gxBQ_window_00_frame_0", "shuttleset_03_scene_0019"], "startup_seconds": 0.043753028847277164, "wall_seconds": 714.1664809719659, "peak_rss_mb": 1184.671875, "failed": []}
