decoded <run root>/paint_geometry_20260909/gx_extension/videos/gxBQ_HwdgN4.mp4 to frame 185 in 1s
decoded <ShuttleSet root>/external/shuttleset-sources/3 Kento_MOMOTA_CHOU_Tien_Chen_KOREA_OPEN_2019_Final.mp4 to frame 67712 in 464s
decoded <run root>/player_guided_20260908/videos/Cb-xs5rPyxI_gameplay.mp4 to frame 90 in 0s
gxBQ_window_00_frame_5 pair 17 [1, 3] combined 262144 players 4598 retained 256 seconds 1.140655166003853
gxBQ_window_00_frame_5 pair 19 [1, 5] combined 155648 players 7900 retained 256 seconds 0.8434607600793242
gxBQ_window_00_frame_5 pair 20 [1, 6] combined 262144 players 0 retained 0 seconds 0.8818448320962489
gxBQ_window_00_frame_5 pair 24 [1, 10] combined 40960 players 466 retained 229 seconds 0.28193963784724474
gxBQ_window_00_frame_5 pair 25 [1, 11] combined 262144 players 3588 retained 256 seconds 1.0917276190593839
gxBQ_window_00_frame_5 pair 46 [3, 1] combined 262144 players 2926 retained 256 seconds 1.0445378003641963
gxBQ_window_00_frame_5 pair 51 [3, 7] combined 212992 players 4786 retained 256 seconds 0.8643895401619375
gxBQ_window_00_frame_5 pair 76 [5, 1] combined 23552 players 6004 retained 256 seconds 0.4077506950125098
gxBQ_window_00_frame_5 pair 81 [5, 7] combined 48608 players 3230 retained 256 seconds 0.3078423500992358
gxBQ_window_00_frame_5 pair 82 [5, 8] combined 4480 players 664 retained 256 seconds 0.09518475364893675
gxBQ_window_00_frame_5 pair 83 [5, 9] combined 42400 players 0 retained 0 seconds 0.1646905723027885
gxBQ_window_00_frame_5 pair 91 [6, 1] combined 262144 players 0 retained 0 seconds 0.8380783838219941
gxBQ_window_00_frame_5 pair 108 [7, 3] combined 168960 players 4034 retained 256 seconds 0.7491040788590908
gxBQ_window_00_frame_5 pair 110 [7, 5] combined 111936 players 2982 retained 256 seconds 0.4890491170808673
gxBQ_window_00_frame_5 pair 114 [7, 10] combined 38272 players 370 retained 187 seconds 0.17635242268443108
gxBQ_window_00_frame_5 pair 125 [8, 5] combined 15900 players 1446 retained 256 seconds 0.15310699213296175
gxBQ_window_00_frame_5 pair 129 [8, 10] combined 4284 players 60 retained 30 seconds 0.05470736790448427
gxBQ_window_00_frame_5 pair 140 [9, 5] combined 60976 players 0 retained 0 seconds 0.22670197673141956
gxBQ_window_00_frame_5 pair 151 [10, 1] combined 13312 players 1268 retained 256 seconds 0.2277205241844058
gxBQ_window_00_frame_5 pair 157 [10, 7] combined 18396 players 412 retained 205 seconds 0.12423509312793612
gxBQ_window_00_frame_5 pair 158 [10, 8] combined 1476 players 48 retained 24 seconds 0.04724462376907468
gxBQ_window_00_frame_5 pair 166 [11, 1] combined 262144 players 822 retained 256 seconds 0.9602482761256397
gxBQ_window_00_frame_5 pair 17 [1, 3] combined 7120 players 290 retained 145 seconds 0.08634776482358575
gxBQ_window_00_frame_5 pair 19 [1, 5] combined 236 players 0 retained 0 seconds 0.020323188044130802
gxBQ_window_00_frame_5 pair 20 [1, 6] combined 9108 players 0 retained 0 seconds 0.1301184962503612
gxBQ_window_00_frame_5 pair 24 [1, 10] combined 204 players 0 retained 0 seconds 0.01985789416357875
gxBQ_window_00_frame_5 pair 25 [1, 11] combined 5400 players 68 retained 32 seconds 0.06345524871721864
gxBQ_window_00_frame_5 pair 46 [3, 1] combined 8908 players 140 retained 65 seconds 0.07598575297743082
gxBQ_window_00_frame_5 pair 51 [3, 7] combined 176 players 22 retained 11 seconds 0.033595611806958914
gxBQ_window_00_frame_5 pair 76 [5, 1] combined 0 players 0 retained 0 seconds 0.018870885018259287
gxBQ_window_00_frame_5 pair 81 [5, 7] combined 0 players 0 retained 0 seconds 0.004020175896584988
gxBQ_window_00_frame_5 pair 82 [5, 8] combined 0 players 0 retained 0 seconds 0.0029524252749979496
gxBQ_window_00_frame_5 pair 83 [5, 9] combined 0 players 0 retained 0 seconds 0.003965873271226883
gxBQ_window_00_frame_5 pair 91 [6, 1] combined 10488 players 0 retained 0 seconds 0.0444441856816411
gxBQ_window_00_frame_5 pair 108 [7, 3] combined 160 players 4 retained 2 seconds 0.03170494781807065
gxBQ_window_00_frame_5 pair 110 [7, 5] combined 12 players 0 retained 0 seconds 0.00440964987501502
gxBQ_window_00_frame_5 pair 114 [7, 10] combined 0 players 0 retained 0 seconds 0.003899637144058943
gxBQ_window_00_frame_5 pair 125 [8, 5] combined 0 players 0 retained 0 seconds 0.002902186941355467
gxBQ_window_00_frame_5 pair 129 [8, 10] combined 0 players 0 retained 0 seconds 0.0031542908400297165
gxBQ_window_00_frame_5 pair 140 [9, 5] combined 0 players 0 retained 0 seconds 0.00457889586687088
gxBQ_window_00_frame_5 pair 151 [10, 1] combined 0 players 0 retained 0 seconds 0.017627776134759188
gxBQ_window_00_frame_5 pair 157 [10, 7] combined 0 players 0 retained 0 seconds 0.0038894331082701683
gxBQ_window_00_frame_5 pair 158 [10, 8] combined 0 players 0 retained 0 seconds 0.0031038597226142883
gxBQ_window_00_frame_5 pair 166 [11, 1] combined 10240 players 138 retained 63 seconds 0.07556426618248224
[gxBQ_window_00_frame_5] line-template: preparing rectangles
[gxBQ_window_00_frame_5] measuring 768 parents (G0=256, G1=256, line_template=256; conflicting geometry groups=0)
[gxBQ_window_00_frame_5] parents 250/768
[gxBQ_window_00_frame_5] parents 500/768
[gxBQ_window_00_frame_5] parents 750/768
[gxBQ_window_00_frame_5] refitting 768 parents
[gxBQ_window_00_frame_5] refits 250/768; valid children=216
[gxBQ_window_00_frame_5] refits 500/768; valid children=387
[gxBQ_window_00_frame_5] refits 750/768; valid children=572
{"view_id": "gxBQ_window_00_frame_5", "chosen_key": "line_template:rectangle_85795:template_72/child", "no_court_reason": null, "all_checks_equal": null, "error": null}
shuttleset_03_scene_0034 pair 0 [0, 1] combined 262144 players 55874 retained 256 seconds 3.6782152890227735
shuttleset_03_scene_0034 pair 1 [0, 2] combined 262144 players 49498 retained 256 seconds 3.529110724106431
shuttleset_03_scene_0034 pair 2 [0, 3] combined 262144 players 66236 retained 256 seconds 3.9998137592338026
shuttleset_03_scene_0034 pair 4 [0, 5] combined 103424 players 0 retained 0 seconds 1.3416064158082008
shuttleset_03_scene_0034 pair 5 [0, 6] combined 262144 players 0 retained 0 seconds 1.8868263917975128
shuttleset_03_scene_0034 pair 8 [0, 9] combined 262144 players 54861 retained 256 seconds 3.620392071083188
shuttleset_03_scene_0034 pair 10 [0, 11] combined 223232 players 0 retained 0 seconds 1.689845138695091
shuttleset_03_scene_0034 pair 11 [0, 12] combined 226304 players 840 retained 256 seconds 1.7283257748931646
shuttleset_03_scene_0034 pair 12 [0, 13] combined 262144 players 60092 retained 256 seconds 3.7595452000387013
shuttleset_03_scene_0034 pair 13 [0, 14] combined 240640 players 40356 retained 256 seconds 2.875616904348135
shuttleset_03_scene_0034 pair 14 [0, 15] combined 5120 players 8 retained 4 seconds 1.0111869741231203
shuttleset_03_scene_0034 pair 15 [1, 0] combined 262144 players 55778 retained 256 seconds 3.468468998093158
shuttleset_03_scene_0034 pair 30 [2, 0] combined 262144 players 65348 retained 256 seconds 3.634805702138692
shuttleset_03_scene_0034 pair 45 [3, 0] combined 262144 players 70742 retained 256 seconds 3.8858762281015515
shuttleset_03_scene_0034 pair 64 [4, 5] combined 93184 players 0 retained 0 seconds 0.42551284609362483
shuttleset_03_scene_0034 pair 67 [4, 8] combined 262144 players 588 retained 256 seconds 0.9541609762236476
shuttleset_03_scene_0034 pair 69 [4, 10] combined 7168 players 2562 retained 256 seconds 0.27925224462524056
shuttleset_03_scene_0034 pair 70 [4, 11] combined 246784 players 0 retained 0 seconds 0.858055782970041
shuttleset_03_scene_0034 pair 75 [5, 0] combined 152576 players 0 retained 0 seconds 1.1759582282975316
shuttleset_03_scene_0034 pair 79 [5, 4] combined 129024 players 0 retained 0 seconds 0.4762890241108835
shuttleset_03_scene_0034 pair 81 [5, 7] combined 134144 players 0 retained 0 seconds 0.5723728719167411
shuttleset_03_scene_0034 pair 90 [6, 0] combined 262144 players 0 retained 0 seconds 1.5256372480653226
shuttleset_03_scene_0034 pair 110 [7, 5] combined 93184 players 0 retained 0 seconds 0.5534517602063715
shuttleset_03_scene_0034 pair 112 [7, 8] combined 221184 players 0 retained 0 seconds 0.9046019618399441
shuttleset_03_scene_0034 pair 114 [7, 10] combined 6144 players 354 retained 129 seconds 0.3171190759167075
shuttleset_03_scene_0034 pair 115 [7, 11] combined 244736 players 0 retained 0 seconds 1.0033276220783591
shuttleset_03_scene_0034 pair 124 [8, 4] combined 254976 players 1656 retained 256 seconds 1.0210972880013287
shuttleset_03_scene_0034 pair 127 [8, 7] combined 262144 players 0 retained 0 seconds 0.9756693742237985
shuttleset_03_scene_0034 pair 131 [8, 12] combined 132096 players 1092 retained 256 seconds 0.5135055966675282
shuttleset_03_scene_0034 pair 133 [8, 14] combined 131072 players 94 retained 47 seconds 0.46450088173151016
shuttleset_03_scene_0034 pair 135 [9, 0] combined 262144 players 56712 retained 256 seconds 3.2981271632015705
shuttleset_03_scene_0034 pair 154 [10, 4] combined 8192 players 3250 retained 256 seconds 0.3504745028913021
shuttleset_03_scene_0034 pair 157 [10, 7] combined 12288 players 2816 retained 256 seconds 0.3381962077692151
shuttleset_03_scene_0034 pair 165 [11, 0] combined 262144 players 0 retained 0 seconds 1.5094622457399964
shuttleset_03_scene_0034 pair 169 [11, 4] combined 262144 players 0 retained 0 seconds 0.892685194965452
shuttleset_03_scene_0034 pair 172 [11, 7] combined 262144 players 0 retained 0 seconds 0.9630626561120152
shuttleset_03_scene_0034 pair 180 [12, 0] combined 71680 players 2012 retained 256 seconds 1.059047891292721
shuttleset_03_scene_0034 pair 188 [12, 8] combined 117468 players 386 retained 193 seconds 0.4454243341460824
shuttleset_03_scene_0034 pair 195 [13, 0] combined 262144 players 61988 retained 256 seconds 3.5934729161672294
shuttleset_03_scene_0034 pair 210 [14, 0] combined 227328 players 6832 retained 256 seconds 1.6576958540827036
shuttleset_03_scene_0034 pair 218 [14, 8] combined 155052 players 0 retained 0 seconds 0.49840390868484974
shuttleset_03_scene_0034 pair 225 [15, 0] combined 3072 players 0 retained 0 seconds 0.7200653436593711
shuttleset_03_scene_0034 pair 0 [0, 1] combined 262144 players 49692 retained 256 seconds 3.06321273278445
shuttleset_03_scene_0034 pair 1 [0, 2] combined 133120 players 29576 retained 256 seconds 2.1327076419256628
shuttleset_03_scene_0034 pair 2 [0, 3] combined 67584 players 14096 retained 256 seconds 1.3793835663236678
shuttleset_03_scene_0034 pair 4 [0, 5] combined 0 players 0 retained 0 seconds 0.6675080712884665
shuttleset_03_scene_0034 pair 5 [0, 6] combined 12288 players 0 retained 0 seconds 0.7131448080763221
shuttleset_03_scene_0034 pair 8 [0, 9] combined 7168 players 2052 retained 256 seconds 0.8344064280390739
shuttleset_03_scene_0034 pair 10 [0, 11] combined 40960 players 0 retained 0 seconds 0.7831979128532112
shuttleset_03_scene_0034 pair 11 [0, 12] combined 29696 players 104 retained 52 seconds 0.7529773009009659
shuttleset_03_scene_0034 pair 12 [0, 13] combined 256000 players 41386 retained 256 seconds 2.705643785186112
shuttleset_03_scene_0034 pair 13 [0, 14] combined 101376 players 10894 retained 256 seconds 1.3194988039322197
shuttleset_03_scene_0034 pair 14 [0, 15] combined 1024 players 0 retained 0 seconds 0.7725783390924335
shuttleset_03_scene_0034 pair 15 [1, 0] combined 262144 players 61920 retained 256 seconds 3.162432320881635
shuttleset_03_scene_0034 pair 30 [2, 0] combined 164864 players 41136 retained 256 seconds 2.415163781028241
shuttleset_03_scene_0034 pair 45 [3, 0] combined 117760 players 29726 retained 256 seconds 1.7889531669206917
shuttleset_03_scene_0034 pair 64 [4, 5] combined 0 players 0 retained 0 seconds 0.02696788404136896
shuttleset_03_scene_0034 pair 67 [4, 8] combined 876 players 0 retained 0 seconds 0.02461432619020343
shuttleset_03_scene_0034 pair 69 [4, 10] combined 308 players 74 retained 36 seconds 0.05132843414321542
shuttleset_03_scene_0034 pair 70 [4, 11] combined 12464 players 0 retained 0 seconds 0.06447417382150888
shuttleset_03_scene_0034 pair 75 [5, 0] combined 0 players 0 retained 0 seconds 0.4468879150226712
shuttleset_03_scene_0034 pair 79 [5, 4] combined 0 players 0 retained 0 seconds 0.0160950212739408
shuttleset_03_scene_0034 pair 81 [5, 7] combined 0 players 0 retained 0 seconds 0.0939426152035594
shuttleset_03_scene_0034 pair 90 [6, 0] combined 16384 players 0 retained 0 seconds 0.5037689171731472
shuttleset_03_scene_0034 pair 110 [7, 5] combined 0 players 0 retained 0 seconds 0.15702213440090418
shuttleset_03_scene_0034 pair 112 [7, 8] combined 0 players 0 retained 0 seconds 0.14776734868064523
shuttleset_03_scene_0034 pair 114 [7, 10] combined 3072 players 136 retained 58 seconds 0.18871057499200106
shuttleset_03_scene_0034 pair 115 [7, 11] combined 41984 players 0 retained 0 seconds 0.2782161529175937
shuttleset_03_scene_0034 pair 124 [8, 4] combined 1360 players 0 retained 0 seconds 0.022431998047977686
shuttleset_03_scene_0034 pair 127 [8, 7] combined 2048 players 0 retained 0 seconds 0.10973672894760966
shuttleset_03_scene_0034 pair 131 [8, 12] combined 252 players 0 retained 0 seconds 0.011320197023451328
shuttleset_03_scene_0034 pair 133 [8, 14] combined 784 players 0 retained 0 seconds 0.015086886938661337
shuttleset_03_scene_0034 pair 135 [9, 0] combined 25600 players 5554 retained 256 seconds 0.7514638430438936
shuttleset_03_scene_0034 pair 154 [10, 4] combined 256 players 74 retained 37 seconds 0.04621398914605379
shuttleset_03_scene_0034 pair 157 [10, 7] combined 4096 players 978 retained 256 seconds 0.188311864156276
shuttleset_03_scene_0034 pair 165 [11, 0] combined 83968 players 0 retained 0 seconds 0.6922145145945251
shuttleset_03_scene_0034 pair 169 [11, 4] combined 24300 players 0 retained 0 seconds 0.09656051499769092
shuttleset_03_scene_0034 pair 172 [11, 7] combined 82944 players 0 retained 0 seconds 0.33972058817744255
shuttleset_03_scene_0034 pair 180 [12, 0] combined 7168 players 0 retained 0 seconds 0.49133347580209374
shuttleset_03_scene_0034 pair 188 [12, 8] combined 152 players 0 retained 0 seconds 0.010831824038177729
shuttleset_03_scene_0034 pair 195 [13, 0] combined 262144 players 59262 retained 256 seconds 3.3307519741356373
shuttleset_03_scene_0034 pair 210 [14, 0] combined 96256 players 2070 retained 256 seconds 0.8712782557122409
shuttleset_03_scene_0034 pair 218 [14, 8] combined 972 players 0 retained 0 seconds 0.020207985769957304
shuttleset_03_scene_0034 pair 225 [15, 0] combined 1024 players 8 retained 4 seconds 0.4765469180420041
[shuttleset_03_scene_0034] line-template: preparing rectangles
[shuttleset_03_scene_0034] measuring 759 parents (G0=256, G1=256, line_template=256; conflicting geometry groups=0)
[shuttleset_03_scene_0034] parents 250/759
[shuttleset_03_scene_0034] parents 500/759
[shuttleset_03_scene_0034] parents 750/759
[shuttleset_03_scene_0034] refitting 759 parents
[shuttleset_03_scene_0034] refits 250/759; valid children=247
[shuttleset_03_scene_0034] refits 500/759; valid children=490
[shuttleset_03_scene_0034] refits 750/759; valid children=683
{"view_id": "shuttleset_03_scene_0034", "chosen_key": "G1:1:723", "no_court_reason": null, "all_checks_equal": null, "error": null}
letterboxed_short_frame_78 pair 0 [0, 1] combined 222208 players 69848 retained 256 seconds 2.858495131134987
letterboxed_short_frame_78 pair 1 [0, 2] combined 203776 players 88576 retained 256 seconds 3.3800113731995225
letterboxed_short_frame_78 pair 2 [0, 3] combined 182272 players 0 retained 0 seconds 0.6563780610449612
letterboxed_short_frame_78 pair 3 [0, 4] combined 24576 players 0 retained 0 seconds 0.14832513686269522
letterboxed_short_frame_78 pair 5 [0, 6] combined 25600 players 0 retained 0 seconds 0.14053477812558413
letterboxed_short_frame_78 pair 8 [0, 9] combined 1140 players 0 retained 0 seconds 0.0626461710780859
letterboxed_short_frame_78 pair 9 [0, 10] combined 7168 players 0 retained 0 seconds 0.0922676813788712
letterboxed_short_frame_78 pair 11 [0, 12] combined 2048 players 1004 retained 256 seconds 0.16180810891091824
letterboxed_short_frame_78 pair 12 [0, 13] combined 23552 players 228 retained 116 seconds 0.17646698001772165
letterboxed_short_frame_78 pair 13 [0, 14] combined 6144 players 234 retained 118 seconds 0.1271416819654405
letterboxed_short_frame_78 pair 14 [0, 15] combined 20480 players 304 retained 160 seconds 0.17268884694203734
letterboxed_short_frame_78 pair 15 [1, 0] combined 61440 players 18272 retained 256 seconds 0.8646872360259295
letterboxed_short_frame_78 pair 19 [1, 5] combined 2704 players 588 retained 256 seconds 0.12217980902642012
letterboxed_short_frame_78 pair 25 [1, 11] combined 1152 players 432 retained 216 seconds 0.1021089511923492
letterboxed_short_frame_78 pair 30 [2, 0] combined 105472 players 10450 retained 256 seconds 0.789818771649152
letterboxed_short_frame_78 pair 34 [2, 5] combined 4068 players 452 retained 224 seconds 0.11546580493450165
letterboxed_short_frame_78 pair 45 [3, 0] combined 96256 players 0 retained 0 seconds 0.3330181469209492
letterboxed_short_frame_78 pair 55 [3, 11] combined 3024 players 0 retained 0 seconds 0.022041084244847298
letterboxed_short_frame_78 pair 60 [4, 0] combined 20480 players 0 retained 0 seconds 0.1309906463138759
letterboxed_short_frame_78 pair 70 [4, 11] combined 504 players 0 retained 0 seconds 0.013023996260017157
letterboxed_short_frame_78 pair 76 [5, 1] combined 1872 players 0 retained 0 seconds 0.04205748485401273
letterboxed_short_frame_78 pair 77 [5, 2] combined 1568 players 672 retained 256 seconds 0.10767488367855549
letterboxed_short_frame_78 pair 81 [5, 7] combined 0 players 0 retained 0 seconds 0.008935546036809683
letterboxed_short_frame_78 pair 82 [5, 8] combined 108 players 54 retained 27 seconds 0.04145466396585107
letterboxed_short_frame_78 pair 83 [5, 9] combined 0 players 0 retained 0 seconds 0.006289317272603512
letterboxed_short_frame_78 pair 90 [6, 0] combined 3072 players 0 retained 0 seconds 0.07280542608350515
letterboxed_short_frame_78 pair 100 [6, 11] combined 36 players 0 retained 0 seconds 0.008780302945524454
letterboxed_short_frame_78 pair 110 [7, 5] combined 2772 players 0 retained 0 seconds 0.016708107199519873
letterboxed_short_frame_78 pair 114 [7, 10] combined 360 players 0 retained 0 seconds 0.009977745823562145
letterboxed_short_frame_78 pair 119 [7, 15] combined 0 players 0 retained 0 seconds 0.007741785142570734
letterboxed_short_frame_78 pair 125 [8, 5] combined 480 players 32 retained 16 seconds 0.04508380964398384
letterboxed_short_frame_78 pair 135 [9, 0] combined 0 players 0 retained 0 seconds 0.06873365491628647
letterboxed_short_frame_78 pair 140 [9, 5] combined 0 players 0 retained 0 seconds 0.0065528168343007565
letterboxed_short_frame_78 pair 145 [9, 11] combined 104 players 0 retained 0 seconds 0.006455581169575453
letterboxed_short_frame_78 pair 150 [10, 0] combined 0 players 0 retained 0 seconds 0.0648693866096437
letterboxed_short_frame_78 pair 157 [10, 7] combined 0 players 0 retained 0 seconds 0.00820287223905325
letterboxed_short_frame_78 pair 160 [10, 11] combined 0 players 0 retained 0 seconds 0.006135046947747469
letterboxed_short_frame_78 pair 166 [11, 1] combined 6832 players 2842 retained 256 seconds 0.19620800809934735
letterboxed_short_frame_78 pair 168 [11, 3] combined 5152 players 0 retained 0 seconds 0.028590346686542034
letterboxed_short_frame_78 pair 169 [11, 4] combined 520 players 0 retained 0 seconds 0.011616127099841833
letterboxed_short_frame_78 pair 171 [11, 6] combined 968 players 0 retained 0 seconds 0.010814113076776266
letterboxed_short_frame_78 pair 174 [11, 9] combined 20 players 0 retained 0 seconds 0.0059206197038292885
letterboxed_short_frame_78 pair 175 [11, 10] combined 56 players 0 retained 0 seconds 0.0065764011815190315
letterboxed_short_frame_78 pair 176 [11, 12] combined 16 players 8 retained 4 seconds 0.041141425259411335
letterboxed_short_frame_78 pair 177 [11, 13] combined 288 players 0 retained 0 seconds 0.007774235215038061
letterboxed_short_frame_78 pair 178 [11, 14] combined 80 players 4 retained 2 seconds 0.0381116340868175
letterboxed_short_frame_78 pair 179 [11, 15] combined 192 players 24 retained 14 seconds 0.03755025425925851
letterboxed_short_frame_78 pair 180 [12, 0] combined 3072 players 370 retained 170 seconds 0.12946194224059582
letterboxed_short_frame_78 pair 191 [12, 11] combined 128 players 24 retained 12 seconds 0.04099615616723895
letterboxed_short_frame_78 pair 195 [13, 0] combined 2048 players 160 retained 78 seconds 0.12139824498444796
letterboxed_short_frame_78 pair 206 [13, 11] combined 168 players 14 retained 7 seconds 0.0383120640181005
letterboxed_short_frame_78 pair 210 [14, 0] combined 2048 players 160 retained 78 seconds 0.12501425575464964
letterboxed_short_frame_78 pair 221 [14, 11] combined 80 players 36 retained 18 seconds 0.04027736093848944
letterboxed_short_frame_78 pair 225 [15, 0] combined 0 players 0 retained 0 seconds 0.07563723903149366
letterboxed_short_frame_78 pair 232 [15, 7] combined 0 players 0 retained 0 seconds 0.007929226849228144
letterboxed_short_frame_78 pair 236 [15, 11] combined 0 players 0 retained 0 seconds 0.005071334075182676
letterboxed_short_frame_78 pair 0 [0, 1] combined 288 players 0 retained 0 seconds 0.01162715582177043
letterboxed_short_frame_78 pair 1 [0, 2] combined 0 players 0 retained 0 seconds 0.006668313406407833
letterboxed_short_frame_78 pair 2 [0, 3] combined 0 players 0 retained 0 seconds 0.0046509127132594585
letterboxed_short_frame_78 pair 3 [0, 4] combined 0 players 0 retained 0 seconds 0.004057012964040041
letterboxed_short_frame_78 pair 5 [0, 6] combined 0 players 0 retained 0 seconds 0.004243776667863131
letterboxed_short_frame_78 pair 8 [0, 9] combined 0 players 0 retained 0 seconds 0.0035734991542994976
letterboxed_short_frame_78 pair 9 [0, 10] combined 0 players 0 retained 0 seconds 0.0035803052596747875
letterboxed_short_frame_78 pair 11 [0, 12] combined 0 players 0 retained 0 seconds 0.003814897034317255
letterboxed_short_frame_78 pair 12 [0, 13] combined 0 players 0 retained 0 seconds 0.004008979070931673
letterboxed_short_frame_78 pair 13 [0, 14] combined 0 players 0 retained 0 seconds 0.003641167189925909
letterboxed_short_frame_78 pair 14 [0, 15] combined 0 players 0 retained 0 seconds 0.0030981856398284435
letterboxed_short_frame_78 pair 15 [1, 0] combined 56 players 8 retained 4 seconds 0.04533487977460027
letterboxed_short_frame_78 pair 19 [1, 5] combined 0 players 0 retained 0 seconds 0.010891200974583626
letterboxed_short_frame_78 pair 25 [1, 11] combined 0 players 0 retained 0 seconds 0.010218603070825338
letterboxed_short_frame_78 pair 30 [2, 0] combined 40 players 0 retained 0 seconds 0.007297032047063112
letterboxed_short_frame_78 pair 34 [2, 5] combined 0 players 0 retained 0 seconds 0.005453707650303841
letterboxed_short_frame_78 pair 45 [3, 0] combined 32 players 0 retained 0 seconds 0.006799559108912945
letterboxed_short_frame_78 pair 55 [3, 11] combined 0 players 0 retained 0 seconds 0.002984234131872654
letterboxed_short_frame_78 pair 60 [4, 0] combined 0 players 0 retained 0 seconds 0.0038280808366835117
letterboxed_short_frame_78 pair 70 [4, 11] combined 0 players 0 retained 0 seconds 0.0026493780314922333
letterboxed_short_frame_78 pair 76 [5, 1] combined 0 players 0 retained 0 seconds 0.00856358977034688
letterboxed_short_frame_78 pair 77 [5, 2] combined 0 players 0 retained 0 seconds 0.004723079968243837
letterboxed_short_frame_78 pair 81 [5, 7] combined 0 players 0 retained 0 seconds 0.002009076066315174
letterboxed_short_frame_78 pair 82 [5, 8] combined 0 players 0 retained 0 seconds 0.00239791302010417
letterboxed_short_frame_78 pair 83 [5, 9] combined 0 players 0 retained 0 seconds 0.0016053803265094757
letterboxed_short_frame_78 pair 90 [6, 0] combined 0 players 0 retained 0 seconds 0.004108409397304058
letterboxed_short_frame_78 pair 100 [6, 11] combined 0 players 0 retained 0 seconds 0.0025767521001398563
letterboxed_short_frame_78 pair 110 [7, 5] combined 0 players 0 retained 0 seconds 0.0020491769537329674
letterboxed_short_frame_78 pair 114 [7, 10] combined 0 players 0 retained 0 seconds 0.0018225200474262238
letterboxed_short_frame_78 pair 119 [7, 15] combined 0 players 0 retained 0 seconds 0.0020718309096992016
letterboxed_short_frame_78 pair 125 [8, 5] combined 0 players 0 retained 0 seconds 0.002648449968546629
letterboxed_short_frame_78 pair 135 [9, 0] combined 0 players 0 retained 0 seconds 0.003283353988081217
letterboxed_short_frame_78 pair 140 [9, 5] combined 0 players 0 retained 0 seconds 0.0016334569081664085
letterboxed_short_frame_78 pair 145 [9, 11] combined 0 players 0 retained 0 seconds 0.0020477399230003357
letterboxed_short_frame_78 pair 150 [10, 0] combined 0 players 0 retained 0 seconds 0.0030876491218805313
letterboxed_short_frame_78 pair 157 [10, 7] combined 0 players 0 retained 0 seconds 0.0019412850961089134
letterboxed_short_frame_78 pair 160 [10, 11] combined 0 players 0 retained 0 seconds 0.001920520793646574
letterboxed_short_frame_78 pair 166 [11, 1] combined 0 players 0 retained 0 seconds 0.00904156593605876
letterboxed_short_frame_78 pair 168 [11, 3] combined 0 players 0 retained 0 seconds 0.0026161237619817257
letterboxed_short_frame_78 pair 169 [11, 4] combined 0 players 0 retained 0 seconds 0.0022091520950198174
letterboxed_short_frame_78 pair 171 [11, 6] combined 0 players 0 retained 0 seconds 0.0024383817799389362
letterboxed_short_frame_78 pair 174 [11, 9] combined 0 players 0 retained 0 seconds 0.0019615162163972855
letterboxed_short_frame_78 pair 175 [11, 10] combined 0 players 0 retained 0 seconds 0.0017180857248604298
letterboxed_short_frame_78 pair 176 [11, 12] combined 0 players 0 retained 0 seconds 0.0018673953600227833
letterboxed_short_frame_78 pair 177 [11, 13] combined 0 players 0 retained 0 seconds 0.0024974169209599495
letterboxed_short_frame_78 pair 178 [11, 14] combined 0 players 0 retained 0 seconds 0.0020103277638554573
letterboxed_short_frame_78 pair 179 [11, 15] combined 0 players 0 retained 0 seconds 0.002027476206421852
letterboxed_short_frame_78 pair 180 [12, 0] combined 0 players 0 retained 0 seconds 0.003197310958057642
letterboxed_short_frame_78 pair 191 [12, 11] combined 0 players 0 retained 0 seconds 0.0021271053701639175
letterboxed_short_frame_78 pair 195 [13, 0] combined 0 players 0 retained 0 seconds 0.0035900049842894077
letterboxed_short_frame_78 pair 206 [13, 11] combined 0 players 0 retained 0 seconds 0.00247847568243742
letterboxed_short_frame_78 pair 210 [14, 0] combined 0 players 0 retained 0 seconds 0.0034440490417182446
letterboxed_short_frame_78 pair 221 [14, 11] combined 0 players 0 retained 0 seconds 0.0019860388711094856
letterboxed_short_frame_78 pair 225 [15, 0] combined 0 players 0 retained 0 seconds 0.0028327908366918564
letterboxed_short_frame_78 pair 232 [15, 7] combined 0 players 0 retained 0 seconds 0.002142571844160557
letterboxed_short_frame_78 pair 236 [15, 11] combined 0 players 0 retained 0 seconds 0.0019329278729856014
[letterboxed_short_frame_78] line-template: preparing rectangles
[letterboxed_short_frame_78] measuring 516 parents (G0=256, G1=4, line_template=256; conflicting geometry groups=0)
[letterboxed_short_frame_78] parents 250/516
[letterboxed_short_frame_78] parents 500/516
[letterboxed_short_frame_78] refitting 516 parents
[letterboxed_short_frame_78] refits 250/516; valid children=250
[letterboxed_short_frame_78] refits 500/516; valid children=486
{"view_id": "letterboxed_short_frame_78", "chosen_key": "G0:0:2660", "no_court_reason": null, "all_checks_equal": null, "error": null}
{"views": ["gxBQ_window_00_frame_5", "shuttleset_03_scene_0034", "letterboxed_short_frame_78"], "startup_seconds": 0.032854975666850805, "wall_seconds": 950.8540362906642, "peak_rss_mb": 1110.0234375, "failed": []}
