decoded <ShuttleSet root>/external/shuttleset-sources/3 Kento_MOMOTA_CHOU_Tien_Chen_KOREA_OPEN_2019_Final.mp4 to frame 66072 in 450s
decoded <run root>/player_guided_20260908/videos/am2_h264.mp4 to frame 240 in 1s
shuttleset_03_scene_0017 pair 0 [0, 1] combined 262144 players 0 retained 0 seconds 2.262061799876392
shuttleset_03_scene_0017 pair 1 [0, 2] combined 262144 players 66450 retained 256 seconds 4.027670229785144
shuttleset_03_scene_0017 pair 2 [0, 3] combined 262144 players 54066 retained 256 seconds 3.6790998480282724
shuttleset_03_scene_0017 pair 4 [0, 5] combined 256000 players 0 retained 0 seconds 1.8490597731433809
shuttleset_03_scene_0017 pair 5 [0, 6] combined 262144 players 0 retained 0 seconds 1.9377795038744807
shuttleset_03_scene_0017 pair 9 [0, 10] combined 249856 players 0 retained 0 seconds 1.7633073618635535
shuttleset_03_scene_0017 pair 11 [0, 12] combined 72704 players 17510 retained 256 seconds 1.8868946973234415
shuttleset_03_scene_0017 pair 13 [0, 14] combined 26624 players 4566 retained 256 seconds 1.2668102644383907
shuttleset_03_scene_0017 pair 14 [0, 15] combined 5120 players 780 retained 256 seconds 1.1234277309849858
shuttleset_03_scene_0017 pair 15 [1, 0] combined 262144 players 0 retained 0 seconds 1.9886582340113819
shuttleset_03_scene_0017 pair 30 [2, 0] combined 262144 players 82116 retained 256 seconds 4.068761734757572
shuttleset_03_scene_0017 pair 33 [2, 4] combined 262144 players 73506 retained 256 seconds 3.42436198098585
shuttleset_03_scene_0017 pair 42 [2, 13] combined 70656 players 16280 retained 256 seconds 1.0066535440273583
shuttleset_03_scene_0017 pair 45 [3, 0] combined 262144 players 58794 retained 256 seconds 3.5113028422929347
shuttleset_03_scene_0017 pair 62 [4, 2] combined 262144 players 67562 retained 256 seconds 3.3099265033379197
shuttleset_03_scene_0017 pair 64 [4, 5] combined 262144 players 0 retained 0 seconds 1.164494404103607
shuttleset_03_scene_0017 pair 65 [4, 6] combined 262144 players 0 retained 0 seconds 1.1633957424201071
shuttleset_03_scene_0017 pair 66 [4, 7] combined 262144 players 1598 retained 256 seconds 1.2314556990750134
shuttleset_03_scene_0017 pair 68 [4, 9] combined 166912 players 0 retained 0 seconds 0.8004658757708967
shuttleset_03_scene_0017 pair 69 [4, 10] combined 240640 players 0 retained 0 seconds 1.0698492438532412
shuttleset_03_scene_0017 pair 72 [4, 13] combined 110592 players 0 retained 0 seconds 0.6412749281153083
shuttleset_03_scene_0017 pair 73 [4, 14] combined 25600 players 5226 retained 256 seconds 0.6152313877828419
shuttleset_03_scene_0017 pair 74 [4, 15] combined 8192 players 2208 retained 256 seconds 0.47259981790557504
shuttleset_03_scene_0017 pair 75 [5, 0] combined 262144 players 0 retained 0 seconds 1.4861225821077824
shuttleset_03_scene_0017 pair 79 [5, 4] combined 262144 players 0 retained 0 seconds 1.0502191027626395
shuttleset_03_scene_0017 pair 90 [6, 0] combined 262144 players 0 retained 0 seconds 1.6241300399415195
shuttleset_03_scene_0017 pair 94 [6, 4] combined 262144 players 0 retained 0 seconds 1.1011848049238324
shuttleset_03_scene_0017 pair 109 [7, 4] combined 262144 players 1282 retained 256 seconds 1.1123557002283633
shuttleset_03_scene_0017 pair 112 [7, 8] combined 54272 players 7916 retained 256 seconds 0.5461704470217228
shuttleset_03_scene_0017 pair 115 [7, 11] combined 262144 players 12828 retained 256 seconds 1.3021737076342106
shuttleset_03_scene_0017 pair 127 [8, 7] combined 73728 players 19152 retained 256 seconds 0.9392962460406125
shuttleset_03_scene_0017 pair 128 [8, 9] combined 38916 players 496 retained 243 seconds 0.2163551300764084
shuttleset_03_scene_0017 pair 132 [8, 13] combined 18600 players 2710 retained 256 seconds 0.24444924481213093
shuttleset_03_scene_0017 pair 139 [9, 4] combined 133120 players 0 retained 0 seconds 0.5930966748856008
shuttleset_03_scene_0017 pair 143 [9, 8] combined 41760 players 10244 retained 256 seconds 0.6151809529401362
shuttleset_03_scene_0017 pair 145 [9, 11] combined 82656 players 2366 retained 256 seconds 0.40975546883419156
shuttleset_03_scene_0017 pair 150 [10, 0] combined 262144 players 0 retained 0 seconds 1.4939685096032917
shuttleset_03_scene_0017 pair 154 [10, 4] combined 262144 players 0 retained 0 seconds 1.042341532651335
shuttleset_03_scene_0017 pair 172 [11, 7] combined 262144 players 6854 retained 256 seconds 1.113228286150843
shuttleset_03_scene_0017 pair 174 [11, 9] combined 74460 players 442 retained 225 seconds 0.3204501741565764
shuttleset_03_scene_0017 pair 177 [11, 13] combined 67392 players 790 retained 256 seconds 0.33033232018351555
shuttleset_03_scene_0017 pair 180 [12, 0] combined 126976 players 28788 retained 256 seconds 1.9021549671888351
shuttleset_03_scene_0017 pair 192 [12, 13] combined 38064 players 9912 retained 256 seconds 0.5140954689122736
shuttleset_03_scene_0017 pair 197 [13, 2] combined 120832 players 39362 retained 256 seconds 1.8751913690939546
shuttleset_03_scene_0017 pair 199 [13, 4] combined 83968 players 0 retained 0 seconds 0.48099372582510114
shuttleset_03_scene_0017 pair 203 [13, 8] combined 28304 players 4660 retained 256 seconds 0.3400790481828153
shuttleset_03_scene_0017 pair 206 [13, 11] combined 94248 players 2790 retained 256 seconds 0.4747049920260906
shuttleset_03_scene_0017 pair 207 [13, 12] combined 30208 players 10442 retained 256 seconds 0.5346366399899125
shuttleset_03_scene_0017 pair 210 [14, 0] combined 31744 players 7888 retained 256 seconds 1.0380383618175983
shuttleset_03_scene_0017 pair 214 [14, 4] combined 39936 players 11984 retained 256 seconds 0.7002364890649915
shuttleset_03_scene_0017 pair 225 [15, 0] combined 8192 players 2446 retained 256 seconds 0.7620276059024036
shuttleset_03_scene_0017 pair 229 [15, 4] combined 3072 players 910 retained 256 seconds 0.28097941214218736
shuttleset_03_scene_0017 pair 0 [0, 1] combined 262144 players 0 retained 0 seconds 1.5289730192162097
shuttleset_03_scene_0017 pair 1 [0, 2] combined 123904 players 31930 retained 256 seconds 2.003806179855019
shuttleset_03_scene_0017 pair 2 [0, 3] combined 262144 players 60676 retained 256 seconds 3.3060051510110497
shuttleset_03_scene_0017 pair 4 [0, 5] combined 24576 players 0 retained 0 seconds 0.7028041710145772
shuttleset_03_scene_0017 pair 5 [0, 6] combined 93184 players 0 retained 0 seconds 0.8678729380480945
shuttleset_03_scene_0017 pair 9 [0, 10] combined 104448 players 0 retained 0 seconds 0.8618990113027394
shuttleset_03_scene_0017 pair 11 [0, 12] combined 6144 players 1522 retained 256 seconds 0.7112208800390363
shuttleset_03_scene_0017 pair 13 [0, 14] combined 3072 players 900 retained 256 seconds 0.7877443809993565
shuttleset_03_scene_0017 pair 14 [0, 15] combined 0 players 0 retained 0 seconds 0.5745310382917523
shuttleset_03_scene_0017 pair 15 [1, 0] combined 262144 players 0 retained 0 seconds 1.2364311651326716
shuttleset_03_scene_0017 pair 30 [2, 0] combined 178176 players 52266 retained 256 seconds 2.5378688708879054
shuttleset_03_scene_0017 pair 33 [2, 4] combined 187392 players 39512 retained 256 seconds 1.920946606900543
shuttleset_03_scene_0017 pair 42 [2, 13] combined 34028 players 8322 retained 256 seconds 0.4642076017335057
shuttleset_03_scene_0017 pair 45 [3, 0] combined 262144 players 66192 retained 256 seconds 3.5104928938671947
shuttleset_03_scene_0017 pair 62 [4, 2] combined 122880 players 22386 retained 256 seconds 1.2166279507800937
shuttleset_03_scene_0017 pair 64 [4, 5] combined 28672 players 0 retained 0 seconds 0.1795120150782168
shuttleset_03_scene_0017 pair 65 [4, 6] combined 92160 players 0 retained 0 seconds 0.3639622060582042
shuttleset_03_scene_0017 pair 66 [4, 7] combined 149504 players 3142 retained 256 seconds 0.6624746937304735
shuttleset_03_scene_0017 pair 68 [4, 9] combined 27648 players 0 retained 0 seconds 0.16358680417761207
shuttleset_03_scene_0017 pair 69 [4, 10] combined 102400 players 0 retained 0 seconds 0.3916394980624318
shuttleset_03_scene_0017 pair 72 [4, 13] combined 73728 players 0 retained 0 seconds 0.30258757900446653
shuttleset_03_scene_0017 pair 73 [4, 14] combined 0 players 0 retained 0 seconds 0.0828770468942821
shuttleset_03_scene_0017 pair 74 [4, 15] combined 0 players 0 retained 0 seconds 0.07972369203343987
shuttleset_03_scene_0017 pair 75 [5, 0] combined 30720 players 0 retained 0 seconds 0.4944432098418474
shuttleset_03_scene_0017 pair 79 [5, 4] combined 26624 players 0 retained 0 seconds 0.14137295493856072
shuttleset_03_scene_0017 pair 90 [6, 0] combined 177152 players 0 retained 0 seconds 0.934980096295476
shuttleset_03_scene_0017 pair 94 [6, 4] combined 177152 players 0 retained 0 seconds 0.5982936718501151
shuttleset_03_scene_0017 pair 109 [7, 4] combined 153600 players 2910 retained 256 seconds 0.6563357529230416
shuttleset_03_scene_0017 pair 112 [7, 8] combined 7728 players 1348 retained 256 seconds 0.1448149080388248
shuttleset_03_scene_0017 pair 115 [7, 11] combined 79864 players 1714 retained 256 seconds 0.50206045107916
shuttleset_03_scene_0017 pair 127 [8, 7] combined 9776 players 2284 retained 256 seconds 0.18015295499935746
shuttleset_03_scene_0017 pair 128 [8, 9] combined 1280 players 16 retained 8 seconds 0.044292059261351824
shuttleset_03_scene_0017 pair 132 [8, 13] combined 4416 players 720 retained 256 seconds 0.10938576562330127
shuttleset_03_scene_0017 pair 139 [9, 4] combined 36864 players 0 retained 0 seconds 0.16295677283778787
shuttleset_03_scene_0017 pair 143 [9, 8] combined 1680 players 202 retained 102 seconds 0.05603378405794501
shuttleset_03_scene_0017 pair 145 [9, 11] combined 17712 players 106 retained 53 seconds 0.10990389017388225
shuttleset_03_scene_0017 pair 150 [10, 0] combined 172032 players 0 retained 0 seconds 0.8991403649561107
shuttleset_03_scene_0017 pair 154 [10, 4] combined 165888 players 0 retained 0 seconds 0.5628187200054526
shuttleset_03_scene_0017 pair 172 [11, 7] combined 56144 players 60 retained 30 seconds 0.23102038772776723
shuttleset_03_scene_0017 pair 174 [11, 9] combined 18360 players 84 retained 42 seconds 0.11538713611662388
shuttleset_03_scene_0017 pair 177 [11, 13] combined 44520 players 358 retained 179 seconds 0.21856627985835075
shuttleset_03_scene_0017 pair 180 [12, 0] combined 12288 players 2768 retained 256 seconds 0.5741939079016447
shuttleset_03_scene_0017 pair 192 [12, 13] combined 2704 players 832 retained 256 seconds 0.10650241002440453
shuttleset_03_scene_0017 pair 197 [13, 2] combined 42828 players 15646 retained 256 seconds 0.7207658221013844
shuttleset_03_scene_0017 pair 199 [13, 4] combined 53248 players 0 retained 0 seconds 0.23330407869070768
shuttleset_03_scene_0017 pair 203 [13, 8] combined 2880 players 50 retained 25 seconds 0.07383456034585834
shuttleset_03_scene_0017 pair 206 [13, 11] combined 44440 players 368 retained 184 seconds 0.22098513320088387
shuttleset_03_scene_0017 pair 207 [13, 12] combined 2848 players 1162 retained 256 seconds 0.1291683609597385
shuttleset_03_scene_0017 pair 210 [14, 0] combined 4096 players 1384 retained 256 seconds 0.48132423404604197
shuttleset_03_scene_0017 pair 214 [14, 4] combined 3072 players 1014 retained 256 seconds 0.1441142219118774
shuttleset_03_scene_0017 pair 225 [15, 0] combined 0 players 0 retained 0 seconds 0.3795754858292639
shuttleset_03_scene_0017 pair 229 [15, 4] combined 0 players 0 retained 0 seconds 0.05318515421822667
[shuttleset_03_scene_0017] line-template: preparing rectangles
[shuttleset_03_scene_0017] measuring 758 parents (G0=256, G1=256, line_template=256; conflicting geometry groups=0)
[shuttleset_03_scene_0017] parents 250/758
[shuttleset_03_scene_0017] parents 500/758
[shuttleset_03_scene_0017] parents 750/758
[shuttleset_03_scene_0017] refitting 758 parents
[shuttleset_03_scene_0017] refits 250/758; valid children=239
[shuttleset_03_scene_0017] refits 500/758; valid children=442
[shuttleset_03_scene_0017] refits 750/758; valid children=661
{"view_id": "shuttleset_03_scene_0017", "chosen_key": "G1:1:3856/child", "no_court_reason": null, "all_checks_equal": null, "error": null}
shuttleset_03_scene_0032 pair 0 [0, 1] combined 262144 players 0 retained 0 seconds 2.516840868163854
shuttleset_03_scene_0032 pair 1 [0, 2] combined 262144 players 72862 retained 256 seconds 4.465821318794042
shuttleset_03_scene_0032 pair 2 [0, 3] combined 250880 players 0 retained 0 seconds 2.208278820384294
shuttleset_03_scene_0032 pair 5 [0, 6] combined 262144 players 51006 retained 256 seconds 4.006362603977323
shuttleset_03_scene_0032 pair 7 [0, 8] combined 159744 players 17516 retained 256 seconds 2.4755509439855814
shuttleset_03_scene_0032 pair 12 [0, 13] combined 228352 players 0 retained 0 seconds 2.157754155807197
shuttleset_03_scene_0032 pair 14 [0, 15] combined 55296 players 0 retained 0 seconds 1.6482838531956077
shuttleset_03_scene_0032 pair 15 [1, 0] combined 262144 players 0 retained 0 seconds 2.1667539412155747
shuttleset_03_scene_0032 pair 30 [2, 0] combined 262144 players 71608 retained 256 seconds 4.225674390792847
shuttleset_03_scene_0032 pair 40 [2, 11] combined 28672 players 11360 retained 256 seconds 0.6418028799816966
shuttleset_03_scene_0032 pair 45 [3, 0] combined 262144 players 0 retained 0 seconds 1.8604820668697357
shuttleset_03_scene_0032 pair 48 [3, 4] combined 262144 players 0 retained 0 seconds 1.1038056830875576
shuttleset_03_scene_0032 pair 49 [3, 5] combined 262144 players 0 retained 0 seconds 0.9914038786664605
shuttleset_03_scene_0032 pair 63 [4, 3] combined 220160 players 0 retained 0 seconds 1.0774166490882635
shuttleset_03_scene_0032 pair 64 [4, 5] combined 262144 players 0 retained 0 seconds 1.2394254547543824
shuttleset_03_scene_0032 pair 67 [4, 8] combined 162816 players 0 retained 0 seconds 0.8325865766964853
shuttleset_03_scene_0032 pair 72 [4, 13] combined 254976 players 0 retained 0 seconds 1.1291998396627605
shuttleset_03_scene_0032 pair 74 [4, 15] combined 58368 players 0 retained 0 seconds 0.5458996067754924
shuttleset_03_scene_0032 pair 78 [5, 3] combined 248832 players 0 retained 0 seconds 0.9803686933591962
shuttleset_03_scene_0032 pair 79 [5, 4] combined 262144 players 24 retained 12 seconds 1.2108690706081688
shuttleset_03_scene_0032 pair 81 [5, 7] combined 198656 players 56110 retained 256 seconds 2.6974962735548615
shuttleset_03_scene_0032 pair 83 [5, 9] combined 23552 players 444 retained 187 seconds 0.31704695988446474
shuttleset_03_scene_0032 pair 84 [5, 10] combined 177152 players 384 retained 192 seconds 0.758318736217916
shuttleset_03_scene_0032 pair 85 [5, 11] combined 96256 players 0 retained 0 seconds 0.47338941181078553
shuttleset_03_scene_0032 pair 86 [5, 12] combined 76800 players 18926 retained 256 seconds 1.0749625428579748
shuttleset_03_scene_0032 pair 88 [5, 14] combined 145408 players 0 retained 0 seconds 0.6390845761634409
shuttleset_03_scene_0032 pair 90 [6, 0] combined 262144 players 57838 retained 256 seconds 3.89058282924816
shuttleset_03_scene_0032 pair 110 [7, 5] combined 262144 players 66740 retained 256 seconds 3.10974130500108
shuttleset_03_scene_0032 pair 120 [8, 0] combined 187392 players 5492 retained 256 seconds 1.693346485029906
shuttleset_03_scene_0032 pair 124 [8, 4] combined 193536 players 1672 retained 256 seconds 0.9134478024207056
shuttleset_03_scene_0032 pair 130 [8, 11] combined 12288 players 88 retained 44 seconds 0.13941971492022276
shuttleset_03_scene_0032 pair 140 [9, 5] combined 12288 players 30 retained 15 seconds 0.1938371299766004
shuttleset_03_scene_0032 pair 147 [9, 13] combined 11376 players 0 retained 0 seconds 0.08515700278803706
shuttleset_03_scene_0032 pair 155 [10, 5] combined 49152 players 160 retained 80 seconds 0.32871404057368636
shuttleset_03_scene_0032 pair 162 [10, 13] combined 94208 players 0 retained 0 seconds 0.3369295899756253
shuttleset_03_scene_0032 pair 167 [11, 2] combined 61440 players 15910 retained 256 seconds 0.8230176186189055
shuttleset_03_scene_0032 pair 170 [11, 5] combined 31744 players 0 retained 0 seconds 0.25557695887982845
shuttleset_03_scene_0032 pair 173 [11, 8] combined 18432 players 670 retained 256 seconds 0.1991847357712686
shuttleset_03_scene_0032 pair 177 [11, 13] combined 58368 players 0 retained 0 seconds 0.25195860397070646
shuttleset_03_scene_0032 pair 179 [11, 15] combined 18700 players 0 retained 0 seconds 0.11345082195475698
shuttleset_03_scene_0032 pair 185 [12, 5] combined 108544 players 26034 retained 256 seconds 1.3968028221279383
shuttleset_03_scene_0032 pair 195 [13, 0] combined 262144 players 0 retained 0 seconds 1.7677580257877707
shuttleset_03_scene_0032 pair 199 [13, 4] combined 262144 players 0 retained 0 seconds 1.0445987479761243
shuttleset_03_scene_0032 pair 204 [13, 9] combined 21504 players 42 retained 21 seconds 0.15316416462883353
shuttleset_03_scene_0032 pair 205 [13, 10] combined 77824 players 20 retained 10 seconds 0.3265755120664835
shuttleset_03_scene_0032 pair 206 [13, 11] combined 86016 players 0 retained 0 seconds 0.3320524459704757
shuttleset_03_scene_0032 pair 215 [14, 5] combined 248832 players 0 retained 0 seconds 0.9092082744464278
shuttleset_03_scene_0032 pair 225 [15, 0] combined 111616 players 0 retained 0 seconds 1.3202220783568919
shuttleset_03_scene_0032 pair 229 [15, 4] combined 104448 players 0 retained 0 seconds 0.5541043733246624
shuttleset_03_scene_0032 pair 236 [15, 11] combined 28840 players 0 retained 0 seconds 0.13365626195445657
shuttleset_03_scene_0032 pair 0 [0, 1] combined 262144 players 0 retained 0 seconds 1.6338940826244652
shuttleset_03_scene_0032 pair 1 [0, 2] combined 199680 players 52010 retained 256 seconds 3.0705238808877766
shuttleset_03_scene_0032 pair 2 [0, 3] combined 36864 players 0 retained 0 seconds 1.0580066558904946
shuttleset_03_scene_0032 pair 5 [0, 6] combined 246784 players 50268 retained 256 seconds 3.0493655069731176
shuttleset_03_scene_0032 pair 7 [0, 8] combined 43008 players 458 retained 229 seconds 0.8825206831097603
shuttleset_03_scene_0032 pair 12 [0, 13] combined 5120 players 0 retained 0 seconds 0.7908100229687989
shuttleset_03_scene_0032 pair 14 [0, 15] combined 12288 players 0 retained 0 seconds 0.8291134503670037
shuttleset_03_scene_0032 pair 15 [1, 0] combined 262144 players 0 retained 0 seconds 1.3907953184098005
shuttleset_03_scene_0032 pair 30 [2, 0] combined 227328 players 64468 retained 256 seconds 3.363287393003702
shuttleset_03_scene_0032 pair 40 [2, 11] combined 5184 players 1364 retained 256 seconds 0.19895170023664832
shuttleset_03_scene_0032 pair 45 [3, 0] combined 68608 players 0 retained 0 seconds 0.7536141560412943
shuttleset_03_scene_0032 pair 48 [3, 4] combined 78848 players 0 retained 0 seconds 0.33039503125473857
shuttleset_03_scene_0032 pair 49 [3, 5] combined 58368 players 0 retained 0 seconds 0.25607164902612567
shuttleset_03_scene_0032 pair 63 [4, 3] combined 44032 players 0 retained 0 seconds 0.24701151717454195
shuttleset_03_scene_0032 pair 64 [4, 5] combined 262144 players 52 retained 26 seconds 0.9631294757127762
shuttleset_03_scene_0032 pair 67 [4, 8] combined 45056 players 0 retained 0 seconds 0.23136464972048998
shuttleset_03_scene_0032 pair 72 [4, 13] combined 9216 players 0 retained 0 seconds 0.12762622581794858
shuttleset_03_scene_0032 pair 74 [4, 15] combined 11264 players 0 retained 0 seconds 0.13863223604857922
shuttleset_03_scene_0032 pair 78 [5, 3] combined 39936 players 0 retained 0 seconds 0.21912173135206103
shuttleset_03_scene_0032 pair 79 [5, 4] combined 262144 players 6 retained 3 seconds 0.9534942731261253
shuttleset_03_scene_0032 pair 81 [5, 7] combined 43008 players 7052 retained 256 seconds 0.481293928809464
shuttleset_03_scene_0032 pair 83 [5, 9] combined 12288 players 0 retained 0 seconds 0.12207191810011864
shuttleset_03_scene_0032 pair 84 [5, 10] combined 103424 players 0 retained 0 seconds 0.3808883149176836
shuttleset_03_scene_0032 pair 85 [5, 11] combined 23712 players 0 retained 0 seconds 0.15987950609996915
shuttleset_03_scene_0032 pair 86 [5, 12] combined 0 players 0 retained 0 seconds 0.08568487223237753
shuttleset_03_scene_0032 pair 88 [5, 14] combined 22528 players 0 retained 0 seconds 0.15554628474637866
shuttleset_03_scene_0032 pair 90 [6, 0] combined 262144 players 51772 retained 256 seconds 2.8767255707643926
shuttleset_03_scene_0032 pair 110 [7, 5] combined 67584 players 12680 retained 256 seconds 0.8495708885602653
shuttleset_03_scene_0032 pair 120 [8, 0] combined 43008 players 58 retained 29 seconds 0.6420354028232396
shuttleset_03_scene_0032 pair 124 [8, 4] combined 45056 players 58 retained 29 seconds 0.2333039971999824
shuttleset_03_scene_0032 pair 130 [8, 11] combined 1264 players 24 retained 12 seconds 0.062234161887317896
shuttleset_03_scene_0032 pair 140 [9, 5] combined 4096 players 0 retained 0 seconds 0.07294817129150033
shuttleset_03_scene_0032 pair 147 [9, 13] combined 288 players 0 retained 0 seconds 0.01226110104471445
shuttleset_03_scene_0032 pair 155 [10, 5] combined 13312 players 88 retained 42 seconds 0.1334031680598855
shuttleset_03_scene_0032 pair 162 [10, 13] combined 1792 players 0 retained 0 seconds 0.039749342016875744
shuttleset_03_scene_0032 pair 167 [11, 2] combined 10560 players 3356 retained 256 seconds 0.2484664423391223
shuttleset_03_scene_0032 pair 170 [11, 5] combined 0 players 0 retained 0 seconds 0.07569673610851169
shuttleset_03_scene_0032 pair 173 [11, 8] combined 4080 players 112 retained 63 seconds 0.07958161225542426
shuttleset_03_scene_0032 pair 177 [11, 13] combined 1144 players 0 retained 0 seconds 0.033533633686602116
shuttleset_03_scene_0032 pair 179 [11, 15] combined 1012 players 0 retained 0 seconds 0.035725890658795834
shuttleset_03_scene_0032 pair 185 [12, 5] combined 2048 players 652 retained 256 seconds 0.1374370171688497
shuttleset_03_scene_0032 pair 195 [13, 0] combined 9216 players 8 retained 4 seconds 0.5858859466388822
shuttleset_03_scene_0032 pair 199 [13, 4] combined 12288 players 0 retained 0 seconds 0.10676419688388705
shuttleset_03_scene_0032 pair 204 [13, 9] combined 528 players 0 retained 0 seconds 0.011526616290211678
shuttleset_03_scene_0032 pair 205 [13, 10] combined 2016 players 0 retained 0 seconds 0.02789532020688057
shuttleset_03_scene_0032 pair 206 [13, 11] combined 1560 players 0 retained 0 seconds 0.025936109013855457
shuttleset_03_scene_0032 pair 215 [14, 5] combined 34816 players 0 retained 0 seconds 0.17193177621811628
shuttleset_03_scene_0032 pair 225 [15, 0] combined 23552 players 0 retained 0 seconds 0.5978792710229754
shuttleset_03_scene_0032 pair 229 [15, 4] combined 21504 players 0 retained 0 seconds 0.13647252414375544
shuttleset_03_scene_0032 pair 236 [15, 11] combined 1848 players 0 retained 0 seconds 0.02794408006593585
[shuttleset_03_scene_0032] line-template: preparing rectangles
[shuttleset_03_scene_0032] measuring 728 parents (G0=256, G1=256, line_template=256; conflicting geometry groups=0)
[shuttleset_03_scene_0032] parents 250/728
[shuttleset_03_scene_0032] parents 500/728
[shuttleset_03_scene_0032] refitting 728 parents
[shuttleset_03_scene_0032] refits 250/728; valid children=236
[shuttleset_03_scene_0032] refits 500/728; valid children=479
{"view_id": "shuttleset_03_scene_0032", "chosen_key": "G1:1:3627/child", "no_court_reason": null, "all_checks_equal": null, "error": null}
am2_window_00_frame_150 pair 1 [0, 2] combined 262144 players 5996 retained 256 seconds 1.4515967704355717
am2_window_00_frame_150 pair 4 [0, 5] combined 95232 players 0 retained 0 seconds 0.6277736811898649
am2_window_00_frame_150 pair 6 [0, 7] combined 243712 players 5000 retained 256 seconds 1.2569289989769459
am2_window_00_frame_150 pair 12 [0, 13] combined 107520 players 1076 retained 256 seconds 0.7171817650087178
am2_window_00_frame_150 pair 13 [0, 14] combined 117760 players 248 retained 124 seconds 0.7259401339106262
am2_window_00_frame_150 pair 30 [2, 0] combined 262144 players 11464 retained 256 seconds 1.5433149440214038
am2_window_00_frame_150 pair 32 [2, 3] combined 262144 players 8180 retained 256 seconds 1.426755460910499
am2_window_00_frame_150 pair 33 [2, 4] combined 262144 players 830 retained 256 seconds 1.1044156569987535
am2_window_00_frame_150 pair 35 [2, 6] combined 77824 players 10576 retained 256 seconds 0.8435874911956489
am2_window_00_frame_150 pair 39 [2, 10] combined 33792 players 6082 retained 256 seconds 0.5165147981606424
am2_window_00_frame_150 pair 41 [2, 12] combined 262144 players 4044 retained 256 seconds 1.1942069437354803
am2_window_00_frame_150 pair 44 [2, 15] combined 0 players 0 retained 0 seconds 0.17603846779093146
am2_window_00_frame_150 pair 47 [3, 2] combined 262144 players 15442 retained 256 seconds 1.6975124781019986
am2_window_00_frame_150 pair 49 [3, 5] combined 86016 players 1354 retained 256 seconds 0.6205028700642288
am2_window_00_frame_150 pair 51 [3, 7] combined 262144 players 2666 retained 256 seconds 1.322027443908155
am2_window_00_frame_150 pair 57 [3, 13] combined 107520 players 3408 retained 256 seconds 0.7799916346557438
am2_window_00_frame_150 pair 58 [3, 14] combined 21504 players 298 retained 137 seconds 0.4442100846208632
am2_window_00_frame_150 pair 62 [4, 2] combined 262144 players 3650 retained 256 seconds 1.1416417751461267
am2_window_00_frame_150 pair 64 [4, 5] combined 54272 players 0 retained 0 seconds 0.2789910063147545
am2_window_00_frame_150 pair 66 [4, 7] combined 262144 players 38 retained 19 seconds 0.9401614479720592
am2_window_00_frame_150 pair 72 [4, 13] combined 110592 players 264 retained 132 seconds 0.477790345903486
am2_window_00_frame_150 pair 73 [4, 14] combined 117760 players 72 retained 34 seconds 0.4763623443432152
am2_window_00_frame_150 pair 75 [5, 0] combined 74752 players 0 retained 0 seconds 0.4388619279488921
am2_window_00_frame_150 pair 78 [5, 3] combined 45056 players 648 retained 256 seconds 0.3867629342712462
am2_window_00_frame_150 pair 79 [5, 4] combined 100352 players 0 retained 0 seconds 0.3727976498194039
am2_window_00_frame_150 pair 80 [5, 6] combined 8584 players 790 retained 256 seconds 0.13591451570391655
am2_window_00_frame_150 pair 84 [5, 10] combined 10560 players 1104 retained 256 seconds 0.14102023467421532
am2_window_00_frame_150 pair 86 [5, 12] combined 121856 players 0 retained 0 seconds 0.4081411571241915
am2_window_00_frame_150 pair 89 [5, 15] combined 0 players 0 retained 0 seconds 0.022783474996685982
am2_window_00_frame_150 pair 92 [6, 2] combined 74752 players 23298 retained 256 seconds 1.1916605457663536
am2_window_00_frame_150 pair 95 [6, 5] combined 23432 players 1310 retained 256 seconds 0.19011187693104148
am2_window_00_frame_150 pair 96 [6, 7] combined 88064 players 15266 retained 256 seconds 0.8238371540792286
am2_window_00_frame_150 pair 102 [6, 13] combined 14784 players 3902 retained 256 seconds 0.2520926259458065
am2_window_00_frame_150 pair 103 [6, 14] combined 40392 players 5864 retained 256 seconds 0.38278695987537503
am2_window_00_frame_150 pair 105 [7, 0] combined 262144 players 1442 retained 256 seconds 1.0774640208110213
am2_window_00_frame_150 pair 108 [7, 3] combined 262144 players 1942 retained 256 seconds 1.1150298011489213
am2_window_00_frame_150 pair 109 [7, 4] combined 262144 players 0 retained 0 seconds 0.8716986668296158
am2_window_00_frame_150 pair 111 [7, 6] combined 69632 players 4464 retained 256 seconds 0.4390957383438945
am2_window_00_frame_150 pair 114 [7, 10] combined 41984 players 3178 retained 256 seconds 0.32202982157468796
am2_window_00_frame_150 pair 116 [7, 12] combined 262144 players 0 retained 0 seconds 0.8999634329229593
am2_window_00_frame_150 pair 119 [7, 15] combined 0 players 0 retained 0 seconds 0.03984910994768143
am2_window_00_frame_150 pair 152 [10, 2] combined 69632 players 15710 retained 256 seconds 0.8608301961794496
am2_window_00_frame_150 pair 155 [10, 5] combined 22176 players 808 retained 256 seconds 0.16497735166922212
am2_window_00_frame_150 pair 157 [10, 7] combined 54272 players 5282 retained 256 seconds 0.4111286960542202
am2_window_00_frame_150 pair 162 [10, 13] combined 13144 players 1866 retained 256 seconds 0.16836219001561403
am2_window_00_frame_150 pair 163 [10, 14] combined 12240 players 974 retained 256 seconds 0.14018101803958416
am2_window_00_frame_150 pair 182 [12, 2] combined 262144 players 5828 retained 256 seconds 1.1730171670205891
am2_window_00_frame_150 pair 185 [12, 5] combined 57344 players 0 retained 0 seconds 0.24478390300646424
am2_window_00_frame_150 pair 187 [12, 7] combined 262144 players 12 retained 6 seconds 0.8636175668798387
am2_window_00_frame_150 pair 195 [13, 0] combined 125952 players 2248 retained 256 seconds 0.6950474251061678
am2_window_00_frame_150 pair 198 [13, 3] combined 137216 players 2358 retained 256 seconds 0.7374168462119997
am2_window_00_frame_150 pair 199 [13, 4] combined 145408 players 682 retained 256 seconds 0.5658914586529136
am2_window_00_frame_150 pair 201 [13, 6] combined 19596 players 2144 retained 256 seconds 0.20753083657473326
am2_window_00_frame_150 pair 205 [13, 10] combined 12596 players 1526 retained 256 seconds 0.1525873439386487
am2_window_00_frame_150 pair 209 [13, 15] combined 0 players 0 retained 0 seconds 0.018334802240133286
am2_window_00_frame_150 pair 210 [14, 0] combined 117760 players 76 retained 38 seconds 0.6715808836743236
am2_window_00_frame_150 pair 213 [14, 3] combined 19456 players 24 retained 6 seconds 0.2864675922319293
am2_window_00_frame_150 pair 214 [14, 4] combined 159744 players 208 retained 99 seconds 0.572914011310786
am2_window_00_frame_150 pair 216 [14, 6] combined 53136 players 4194 retained 256 seconds 0.3559746160171926
am2_window_00_frame_150 pair 220 [14, 10] combined 12936 players 228 retained 106 seconds 0.10389901790767908
am2_window_00_frame_150 pair 224 [14, 15] combined 0 players 0 retained 0 seconds 0.015453253872692585
am2_window_00_frame_150 pair 227 [15, 2] combined 0 players 0 retained 0 seconds 0.11595508316531777
am2_window_00_frame_150 pair 230 [15, 5] combined 0 players 0 retained 0 seconds 0.014602554962038994
am2_window_00_frame_150 pair 232 [15, 7] combined 0 players 0 retained 0 seconds 0.030948343686759472
am2_window_00_frame_150 pair 238 [15, 13] combined 0 players 0 retained 0 seconds 0.012233332730829716
am2_window_00_frame_150 pair 239 [15, 14] combined 0 players 0 retained 0 seconds 0.01159355416893959
am2_window_00_frame_150 pair 1 [0, 2] combined 262144 players 7762 retained 256 seconds 1.1786276940256357
am2_window_00_frame_150 pair 4 [0, 5] combined 0 players 0 retained 0 seconds 0.0910582859069109
am2_window_00_frame_150 pair 6 [0, 7] combined 50176 players 368 retained 182 seconds 0.28538450226187706
am2_window_00_frame_150 pair 12 [0, 13] combined 14336 players 0 retained 0 seconds 0.13278063805773854
am2_window_00_frame_150 pair 13 [0, 14] combined 64512 players 96 retained 48 seconds 0.30490470863878727
am2_window_00_frame_150 pair 30 [2, 0] combined 262144 players 15100 retained 256 seconds 1.3845665720291436
am2_window_00_frame_150 pair 32 [2, 3] combined 262144 players 4604 retained 256 seconds 1.065723483916372
am2_window_00_frame_150 pair 33 [2, 4] combined 262144 players 2748 retained 256 seconds 0.9820989817380905
am2_window_00_frame_150 pair 35 [2, 6] combined 0 players 0 retained 0 seconds 0.07469341391697526
am2_window_00_frame_150 pair 39 [2, 10] combined 2048 players 244 retained 120 seconds 0.11770405899733305
am2_window_00_frame_150 pair 41 [2, 12] combined 203776 players 944 retained 256 seconds 0.7621218902058899
am2_window_00_frame_150 pair 44 [2, 15] combined 0 players 0 retained 0 seconds 0.0706470487639308
am2_window_00_frame_150 pair 47 [3, 2] combined 262144 players 17032 retained 256 seconds 1.5709858010523021
am2_window_00_frame_150 pair 49 [3, 5] combined 0 players 0 retained 0 seconds 0.06255718832835555
am2_window_00_frame_150 pair 51 [3, 7] combined 57344 players 372 retained 186 seconds 0.293110559694469
am2_window_00_frame_150 pair 57 [3, 13] combined 17408 players 0 retained 0 seconds 0.12102183792740107
am2_window_00_frame_150 pair 58 [3, 14] combined 10240 players 108 retained 58 seconds 0.1325344550423324
am2_window_00_frame_150 pair 62 [4, 2] combined 262144 players 3888 retained 256 seconds 1.0168980532325804
am2_window_00_frame_150 pair 64 [4, 5] combined 0 players 0 retained 0 seconds 0.03941426798701286
am2_window_00_frame_150 pair 66 [4, 7] combined 48128 players 0 retained 0 seconds 0.17874960089102387
am2_window_00_frame_150 pair 72 [4, 13] combined 4888 players 0 retained 0 seconds 0.04205828905105591
am2_window_00_frame_150 pair 73 [4, 14] combined 69632 players 0 retained 0 seconds 0.23860058560967445
am2_window_00_frame_150 pair 75 [5, 0] combined 0 players 0 retained 0 seconds 0.057000323198735714
am2_window_00_frame_150 pair 78 [5, 3] combined 0 players 0 retained 0 seconds 0.039970546029508114
am2_window_00_frame_150 pair 79 [5, 4] combined 0 players 0 retained 0 seconds 0.027832383755594492
am2_window_00_frame_150 pair 80 [5, 6] combined 0 players 0 retained 0 seconds 0.005965906195342541
am2_window_00_frame_150 pair 84 [5, 10] combined 0 players 0 retained 0 seconds 0.0056240432895720005
am2_window_00_frame_150 pair 86 [5, 12] combined 0 players 0 retained 0 seconds 0.01886377204209566
am2_window_00_frame_150 pair 89 [5, 15] combined 0 players 0 retained 0 seconds 0.004499761387705803
am2_window_00_frame_150 pair 92 [6, 2] combined 0 players 0 retained 0 seconds 0.056265804916620255
am2_window_00_frame_150 pair 95 [6, 5] combined 0 players 0 retained 0 seconds 0.006087794899940491
am2_window_00_frame_150 pair 96 [6, 7] combined 352 players 0 retained 0 seconds 0.01342396717518568
am2_window_00_frame_150 pair 102 [6, 13] combined 0 players 0 retained 0 seconds 0.0069941929541528225
am2_window_00_frame_150 pair 103 [6, 14] combined 928 players 96 retained 48 seconds 0.04101985786110163
am2_window_00_frame_150 pair 105 [7, 0] combined 34816 players 78 retained 37 seconds 0.19483316969126463
am2_window_00_frame_150 pair 108 [7, 3] combined 90112 players 60 retained 30 seconds 0.3432012810371816
am2_window_00_frame_150 pair 109 [7, 4] combined 64584 players 0 retained 0 seconds 0.21789236599579453
am2_window_00_frame_150 pair 111 [7, 6] combined 0 players 0 retained 0 seconds 0.016814796719700098
am2_window_00_frame_150 pair 114 [7, 10] combined 960 players 0 retained 0 seconds 0.020935263950377703
am2_window_00_frame_150 pair 116 [7, 12] combined 55200 players 0 retained 0 seconds 0.18728478765115142
am2_window_00_frame_150 pair 119 [7, 15] combined 0 players 0 retained 0 seconds 0.012979698833078146
am2_window_00_frame_150 pair 152 [10, 2] combined 5120 players 728 retained 256 seconds 0.1395099158398807
am2_window_00_frame_150 pair 155 [10, 5] combined 0 players 0 retained 0 seconds 0.006471268832683563
am2_window_00_frame_150 pair 157 [10, 7] combined 592 players 0 retained 0 seconds 0.014389070216566324
am2_window_00_frame_150 pair 162 [10, 13] combined 0 players 0 retained 0 seconds 0.005817024037241936
am2_window_00_frame_150 pair 163 [10, 14] combined 0 players 0 retained 0 seconds 0.009125954005867243
am2_window_00_frame_150 pair 182 [12, 2] combined 121856 players 1402 retained 256 seconds 0.5026150229386985
am2_window_00_frame_150 pair 185 [12, 5] combined 0 players 0 retained 0 seconds 0.026266951113939285
am2_window_00_frame_150 pair 187 [12, 7] combined 47104 players 0 retained 0 seconds 0.16666660271584988
am2_window_00_frame_150 pair 195 [13, 0] combined 18432 players 16 retained 8 seconds 0.13512800773605704
am2_window_00_frame_150 pair 198 [13, 3] combined 22528 players 0 retained 0 seconds 0.11848204908892512
am2_window_00_frame_150 pair 199 [13, 4] combined 2660 players 0 retained 0 seconds 0.032131189946085215
am2_window_00_frame_150 pair 201 [13, 6] combined 0 players 0 retained 0 seconds 0.0086412881501019
am2_window_00_frame_150 pair 205 [13, 10] combined 0 players 0 retained 0 seconds 0.006042220164090395
am2_window_00_frame_150 pair 209 [13, 15] combined 0 players 0 retained 0 seconds 0.004476950969547033
am2_window_00_frame_150 pair 210 [14, 0] combined 64512 players 106 retained 53 seconds 0.274199137929827
am2_window_00_frame_150 pair 213 [14, 3] combined 4096 players 0 retained 0 seconds 0.06876190192997456
am2_window_00_frame_150 pair 214 [14, 4] combined 78120 players 0 retained 0 seconds 0.2500685309059918
am2_window_00_frame_150 pair 216 [14, 6] combined 0 players 0 retained 0 seconds 0.01357374805957079
am2_window_00_frame_150 pair 220 [14, 10] combined 0 players 0 retained 0 seconds 0.012421567924320698
am2_window_00_frame_150 pair 224 [14, 15] combined 0 players 0 retained 0 seconds 0.008725923020392656
am2_window_00_frame_150 pair 227 [15, 2] combined 0 players 0 retained 0 seconds 0.050732458010315895
am2_window_00_frame_150 pair 230 [15, 5] combined 0 players 0 retained 0 seconds 0.0036401418037712574
am2_window_00_frame_150 pair 232 [15, 7] combined 0 players 0 retained 0 seconds 0.010197530034929514
am2_window_00_frame_150 pair 238 [15, 13] combined 0 players 0 retained 0 seconds 0.003747503273189068
am2_window_00_frame_150 pair 239 [15, 14] combined 0 players 0 retained 0 seconds 0.0067793941125273705
[am2_window_00_frame_150] line-template: preparing rectangles
[am2_window_00_frame_150] measuring 767 parents (G0=256, G1=256, line_template=256; conflicting geometry groups=0)
[am2_window_00_frame_150] parents 250/767
[am2_window_00_frame_150] parents 500/767
[am2_window_00_frame_150] parents 750/767
[am2_window_00_frame_150] refitting 767 parents
[am2_window_00_frame_150] refits 250/767; valid children=148
[am2_window_00_frame_150] refits 500/767; valid children=242
[am2_window_00_frame_150] refits 750/767; valid children=322
{"view_id": "am2_window_00_frame_150", "chosen_key": "G0:30:149/child", "no_court_reason": null, "all_checks_equal": null, "error": null}
{"views": ["shuttleset_03_scene_0017", "shuttleset_03_scene_0032", "am2_window_00_frame_150"], "startup_seconds": 0.035348924808204174, "wall_seconds": 1106.5838235081173, "peak_rss_mb": 1313.484375, "failed": []}
