decoded <ShuttleSet root>/external/shuttleset-sources/3 Kento_MOMOTA_CHOU_Tien_Chen_KOREA_OPEN_2019_Final.mp4 to frame 54742 in 381s
decoded <run root>/player_guided_20260908/videos/am3_h264.mp4 to frame 90 in 1s
shuttleset_03_scene_0016 pair 0 [0, 1] combined 262144 players 0 retained 0 seconds 2.277872654143721
shuttleset_03_scene_0016 pair 1 [0, 2] combined 262144 players 59054 retained 256 seconds 3.9064961220137775
shuttleset_03_scene_0016 pair 2 [0, 3] combined 218112 players 0 retained 0 seconds 1.745015824213624
shuttleset_03_scene_0016 pair 4 [0, 5] combined 262144 players 48532 retained 256 seconds 3.5607429007068276
shuttleset_03_scene_0016 pair 5 [0, 6] combined 114688 players 0 retained 0 seconds 1.3596123289316893
shuttleset_03_scene_0016 pair 7 [0, 8] combined 262144 players 0 retained 0 seconds 1.9546600398607552
shuttleset_03_scene_0016 pair 8 [0, 9] combined 58368 players 0 retained 0 seconds 1.01945296023041
shuttleset_03_scene_0016 pair 9 [0, 10] combined 262144 players 65196 retained 256 seconds 4.194641703274101
shuttleset_03_scene_0016 pair 10 [0, 11] combined 226304 players 0 retained 0 seconds 1.622132136952132
shuttleset_03_scene_0016 pair 11 [0, 12] combined 225280 players 17548 retained 256 seconds 2.2379827960394323
shuttleset_03_scene_0016 pair 12 [0, 13] combined 15360 players 1140 retained 256 seconds 1.141492981929332
shuttleset_03_scene_0016 pair 15 [1, 0] combined 262144 players 0 retained 0 seconds 1.9271556120365858
shuttleset_03_scene_0016 pair 18 [1, 4] combined 262144 players 0 retained 0 seconds 1.4625210342928767
shuttleset_03_scene_0016 pair 30 [2, 0] combined 262144 players 66360 retained 256 seconds 3.8934770319610834
shuttleset_03_scene_0016 pair 33 [2, 4] combined 262144 players 81342 retained 256 seconds 3.6504972497932613
shuttleset_03_scene_0016 pair 45 [3, 0] combined 262144 players 0 retained 0 seconds 1.6113854637369514
shuttleset_03_scene_0016 pair 48 [3, 4] combined 262144 players 0 retained 0 seconds 1.0358051480725408
shuttleset_03_scene_0016 pair 61 [4, 1] combined 262144 players 0 retained 0 seconds 1.3494629496708512
shuttleset_03_scene_0016 pair 62 [4, 2] combined 262144 players 69610 retained 256 seconds 3.691925914026797
shuttleset_03_scene_0016 pair 63 [4, 3] combined 230400 players 0 retained 0 seconds 1.0047910655848682
shuttleset_03_scene_0016 pair 64 [4, 5] combined 262144 players 64446 retained 256 seconds 3.609665486961603
shuttleset_03_scene_0016 pair 65 [4, 6] combined 93184 players 706 retained 256 seconds 0.6037129848264158
shuttleset_03_scene_0016 pair 67 [4, 8] combined 262144 players 0 retained 0 seconds 1.1496825399808586
shuttleset_03_scene_0016 pair 68 [4, 9] combined 77824 players 0 retained 0 seconds 0.4469767459668219
shuttleset_03_scene_0016 pair 69 [4, 10] combined 262144 players 75346 retained 256 seconds 3.8424634989351034
shuttleset_03_scene_0016 pair 70 [4, 11] combined 242688 players 0 retained 0 seconds 0.9900168241001666
shuttleset_03_scene_0016 pair 71 [4, 12] combined 262144 players 25637 retained 256 seconds 1.9508084165863693
shuttleset_03_scene_0016 pair 72 [4, 13] combined 18432 players 1296 retained 256 seconds 0.3872782541438937
shuttleset_03_scene_0016 pair 75 [5, 0] combined 262144 players 61678 retained 256 seconds 3.7809273400343955
shuttleset_03_scene_0016 pair 79 [5, 4] combined 262144 players 64084 retained 256 seconds 3.3716616448946297
shuttleset_03_scene_0016 pair 90 [6, 0] combined 110592 players 0 retained 0 seconds 1.0329987136647105
shuttleset_03_scene_0016 pair 94 [6, 4] combined 130048 players 746 retained 256 seconds 0.6506713679991663
shuttleset_03_scene_0016 pair 96 [6, 7] combined 36400 players 332 retained 166 seconds 0.19643536629155278
shuttleset_03_scene_0016 pair 104 [6, 15] combined 63960 players 744 retained 256 seconds 0.3076357333920896
shuttleset_03_scene_0016 pair 111 [7, 6] combined 27744 players 38 retained 19 seconds 0.1519672041758895
shuttleset_03_scene_0016 pair 113 [7, 9] combined 7740 players 0 retained 0 seconds 0.05604680813848972
shuttleset_03_scene_0016 pair 115 [7, 11] combined 21504 players 0 retained 0 seconds 0.10619181068614125
shuttleset_03_scene_0016 pair 117 [7, 13] combined 2600 players 160 retained 80 seconds 0.0720802629366517
shuttleset_03_scene_0016 pair 120 [8, 0] combined 262144 players 0 retained 0 seconds 1.653333076275885
shuttleset_03_scene_0016 pair 124 [8, 4] combined 262144 players 0 retained 0 seconds 1.1143475738354027
shuttleset_03_scene_0016 pair 135 [9, 0] combined 53248 players 0 retained 0 seconds 0.8596974438987672
shuttleset_03_scene_0016 pair 139 [9, 4] combined 43008 players 0 retained 0 seconds 0.2971195257268846
shuttleset_03_scene_0016 pair 142 [9, 7] combined 8436 players 0 retained 0 seconds 0.05910134082660079
shuttleset_03_scene_0016 pair 149 [9, 15] combined 18260 players 0 retained 0 seconds 0.08928103977814317
shuttleset_03_scene_0016 pair 150 [10, 0] combined 262144 players 70716 retained 256 seconds 4.059247734956443
shuttleset_03_scene_0016 pair 154 [10, 4] combined 262144 players 80554 retained 256 seconds 3.511966113001108
shuttleset_03_scene_0016 pair 165 [11, 0] combined 262144 players 0 retained 0 seconds 1.5403150441125035
shuttleset_03_scene_0016 pair 169 [11, 4] combined 262144 players 108 retained 54 seconds 1.038943544961512
shuttleset_03_scene_0016 pair 172 [11, 7] combined 48128 players 0 retained 0 seconds 0.19877240573987365
shuttleset_03_scene_0016 pair 179 [11, 15] combined 112640 players 0 retained 0 seconds 0.3885857961140573
shuttleset_03_scene_0016 pair 180 [12, 0] combined 247808 players 12102 retained 256 seconds 1.90370106510818
shuttleset_03_scene_0016 pair 184 [12, 4] combined 218112 players 9938 retained 256 seconds 1.390097538009286
shuttleset_03_scene_0016 pair 195 [13, 0] combined 15360 players 4050 retained 256 seconds 0.89257210213691
shuttleset_03_scene_0016 pair 199 [13, 4] combined 17408 players 5534 retained 256 seconds 0.45313836401328444
shuttleset_03_scene_0016 pair 202 [13, 7] combined 720 players 104 retained 52 seconds 0.06198800727725029
shuttleset_03_scene_0016 pair 209 [13, 15] combined 1360 players 148 retained 74 seconds 0.06774814520031214
shuttleset_03_scene_0016 pair 231 [15, 6] combined 50184 players 270 retained 135 seconds 0.2387440949678421
shuttleset_03_scene_0016 pair 234 [15, 9] combined 23956 players 0 retained 0 seconds 0.10734782693907619
shuttleset_03_scene_0016 pair 236 [15, 11] combined 50176 players 0 retained 0 seconds 0.20335149392485619
shuttleset_03_scene_0016 pair 238 [15, 13] combined 4576 players 200 retained 100 seconds 0.08820489374920726
shuttleset_03_scene_0016 pair 0 [0, 1] combined 262144 players 0 retained 0 seconds 1.406981878913939
shuttleset_03_scene_0016 pair 1 [0, 2] combined 114688 players 28962 retained 256 seconds 1.9340930208563805
shuttleset_03_scene_0016 pair 2 [0, 3] combined 16384 players 0 retained 0 seconds 0.6215673591941595
shuttleset_03_scene_0016 pair 4 [0, 5] combined 151552 players 38672 retained 256 seconds 2.5479914802126586
shuttleset_03_scene_0016 pair 5 [0, 6] combined 11264 players 0 retained 0 seconds 0.6214029821567237
shuttleset_03_scene_0016 pair 7 [0, 8] combined 198656 players 0 retained 0 seconds 1.1753793596290052
shuttleset_03_scene_0016 pair 8 [0, 9] combined 2048 players 0 retained 0 seconds 0.4808006351813674
shuttleset_03_scene_0016 pair 9 [0, 10] combined 23552 players 4216 retained 256 seconds 0.8302956661209464
shuttleset_03_scene_0016 pair 10 [0, 11] combined 4096 players 0 retained 0 seconds 0.5228614881634712
shuttleset_03_scene_0016 pair 11 [0, 12] combined 77824 players 5034 retained 256 seconds 0.9468679497949779
shuttleset_03_scene_0016 pair 12 [0, 13] combined 4096 players 28 retained 12 seconds 0.6044396748766303
shuttleset_03_scene_0016 pair 15 [1, 0] combined 262144 players 0 retained 0 seconds 1.2661541644483805
shuttleset_03_scene_0016 pair 18 [1, 4] combined 262144 players 0 retained 0 seconds 0.997890064958483
shuttleset_03_scene_0016 pair 30 [2, 0] combined 143360 players 45706 retained 256 seconds 2.2946702893823385
shuttleset_03_scene_0016 pair 33 [2, 4] combined 142336 players 38262 retained 256 seconds 2.030789758078754
shuttleset_03_scene_0016 pair 45 [3, 0] combined 27648 players 0 retained 0 seconds 0.4523771251551807
shuttleset_03_scene_0016 pair 48 [3, 4] combined 28672 players 0 retained 0 seconds 0.18726569693535566
shuttleset_03_scene_0016 pair 61 [4, 1] combined 262144 players 0 retained 0 seconds 1.0004353909753263
shuttleset_03_scene_0016 pair 62 [4, 2] combined 117760 players 27360 retained 256 seconds 1.461149516981095
shuttleset_03_scene_0016 pair 63 [4, 3] combined 17408 players 0 retained 0 seconds 0.20583502762019634
shuttleset_03_scene_0016 pair 64 [4, 5] combined 155648 players 33714 retained 256 seconds 1.8354788972064853
shuttleset_03_scene_0016 pair 65 [4, 6] combined 15360 players 0 retained 0 seconds 0.1941811558790505
shuttleset_03_scene_0016 pair 67 [4, 8] combined 207872 players 0 retained 0 seconds 0.8015746423043311
shuttleset_03_scene_0016 pair 68 [4, 9] combined 2048 players 0 retained 0 seconds 0.14294948801398277
shuttleset_03_scene_0016 pair 69 [4, 10] combined 23552 players 3820 retained 256 seconds 0.40838311798870564
shuttleset_03_scene_0016 pair 70 [4, 11] combined 4096 players 0 retained 0 seconds 0.15614797174930573
shuttleset_03_scene_0016 pair 71 [4, 12] combined 63488 players 6762 retained 256 seconds 0.5858702207915485
shuttleset_03_scene_0016 pair 72 [4, 13] combined 4096 players 0 retained 0 seconds 0.15537164499983191
shuttleset_03_scene_0016 pair 75 [5, 0] combined 253952 players 66106 retained 256 seconds 3.4959155372343957
shuttleset_03_scene_0016 pair 79 [5, 4] combined 252928 players 62900 retained 256 seconds 2.8888579341582954
shuttleset_03_scene_0016 pair 90 [6, 0] combined 27648 players 0 retained 0 seconds 0.4536361317150295
shuttleset_03_scene_0016 pair 94 [6, 4] combined 16384 players 24 retained 12 seconds 0.18041524710133672
shuttleset_03_scene_0016 pair 96 [6, 7] combined 96 players 0 retained 0 seconds 0.010170439723879099
shuttleset_03_scene_0016 pair 104 [6, 15] combined 192 players 0 retained 0 seconds 0.00949479779228568
shuttleset_03_scene_0016 pair 111 [7, 6] combined 0 players 0 retained 0 seconds 0.007064506411552429
shuttleset_03_scene_0016 pair 113 [7, 9] combined 0 players 0 retained 0 seconds 0.006760866846889257
shuttleset_03_scene_0016 pair 115 [7, 11] combined 12 players 0 retained 0 seconds 0.005833104718476534
shuttleset_03_scene_0016 pair 117 [7, 13] combined 16 players 0 retained 0 seconds 0.005525471176952124
shuttleset_03_scene_0016 pair 120 [8, 0] combined 262144 players 0 retained 0 seconds 1.4235335811972618
shuttleset_03_scene_0016 pair 124 [8, 4] combined 262144 players 0 retained 0 seconds 0.9480355898849666
shuttleset_03_scene_0016 pair 135 [9, 0] combined 3072 players 0 retained 0 seconds 0.3715715599246323
shuttleset_03_scene_0016 pair 139 [9, 4] combined 5120 players 0 retained 0 seconds 0.11598093388602138
shuttleset_03_scene_0016 pair 142 [9, 7] combined 0 players 0 retained 0 seconds 0.00824160361662507
shuttleset_03_scene_0016 pair 149 [9, 15] combined 0 players 0 retained 0 seconds 0.00631787208840251
shuttleset_03_scene_0016 pair 150 [10, 0] combined 63488 players 16554 retained 256 seconds 1.1495425920002162
shuttleset_03_scene_0016 pair 154 [10, 4] combined 62464 players 16554 retained 256 seconds 0.877440236043185
shuttleset_03_scene_0016 pair 165 [11, 0] combined 0 players 0 retained 0 seconds 0.3735305517911911
shuttleset_03_scene_0016 pair 169 [11, 4] combined 0 players 0 retained 0 seconds 0.0976838581264019
shuttleset_03_scene_0016 pair 172 [11, 7] combined 4 players 0 retained 0 seconds 0.00662520807236433
shuttleset_03_scene_0016 pair 179 [11, 15] combined 16 players 0 retained 0 seconds 0.006259495858103037
shuttleset_03_scene_0016 pair 180 [12, 0] combined 56320 players 1658 retained 256 seconds 0.6232253550551832
shuttleset_03_scene_0016 pair 184 [12, 4] combined 72704 players 8732 retained 256 seconds 0.6511032329872251
shuttleset_03_scene_0016 pair 195 [13, 0] combined 2048 players 284 retained 112 seconds 0.4282458550296724
shuttleset_03_scene_0016 pair 199 [13, 4] combined 2048 players 254 retained 114 seconds 0.14865192119032145
shuttleset_03_scene_0016 pair 202 [13, 7] combined 0 players 0 retained 0 seconds 0.006746456027030945
shuttleset_03_scene_0016 pair 209 [13, 15] combined 0 players 0 retained 0 seconds 0.005738791078329086
shuttleset_03_scene_0016 pair 231 [15, 6] combined 0 players 0 retained 0 seconds 0.007143846247345209
shuttleset_03_scene_0016 pair 234 [15, 9] combined 32 players 0 retained 0 seconds 0.006137396674603224
shuttleset_03_scene_0016 pair 236 [15, 11] combined 16 players 0 retained 0 seconds 0.005991380196064711
shuttleset_03_scene_0016 pair 238 [15, 13] combined 16 players 0 retained 0 seconds 0.005710673052817583
[shuttleset_03_scene_0016] line-template: preparing rectangles
[shuttleset_03_scene_0016] measuring 736 parents (G0=256, G1=256, line_template=256; conflicting geometry groups=0)
[shuttleset_03_scene_0016] parents 250/736
[shuttleset_03_scene_0016] parents 500/736
[shuttleset_03_scene_0016] refitting 736 parents
[shuttleset_03_scene_0016] refits 250/736; valid children=250
[shuttleset_03_scene_0016] refits 500/736; valid children=500
{"view_id": "shuttleset_03_scene_0016", "chosen_key": "G1:1:1213/child", "no_court_reason": null, "all_checks_equal": null, "error": null}
shuttleset_03_scene_0023 pair 0 [0, 1] combined 262144 players 0 retained 0 seconds 1.9033151450566947
shuttleset_03_scene_0023 pair 1 [0, 2] combined 262144 players 60684 retained 256 seconds 3.8292863639071584
shuttleset_03_scene_0023 pair 4 [0, 5] combined 262144 players 0 retained 0 seconds 1.7904913369566202
shuttleset_03_scene_0023 pair 5 [0, 6] combined 116736 players 2458 retained 256 seconds 1.4129363060928881
shuttleset_03_scene_0023 pair 7 [0, 8] combined 262144 players 0 retained 0 seconds 1.7321930169127882
shuttleset_03_scene_0023 pair 11 [0, 12] combined 262144 players 8016 retained 256 seconds 2.0325347087346017
shuttleset_03_scene_0023 pair 12 [0, 13] combined 231424 players 22834 retained 256 seconds 2.4556817333213985
shuttleset_03_scene_0023 pair 13 [0, 14] combined 65536 players 0 retained 0 seconds 1.1296231956221163
shuttleset_03_scene_0023 pair 15 [1, 0] combined 262144 players 0 retained 0 seconds 1.6932501001283526
shuttleset_03_scene_0023 pair 30 [2, 0] combined 262144 players 76390 retained 256 seconds 4.021998631302267
shuttleset_03_scene_0023 pair 32 [2, 3] combined 262144 players 84368 retained 256 seconds 3.8032005708664656
shuttleset_03_scene_0023 pair 44 [2, 15] combined 100352 players 11698 retained 256 seconds 0.8795691952109337
shuttleset_03_scene_0023 pair 47 [3, 2] combined 262144 players 77134 retained 256 seconds 3.659931098110974
shuttleset_03_scene_0023 pair 48 [3, 4] combined 197632 players 0 retained 0 seconds 0.7422065432183444
shuttleset_03_scene_0023 pair 49 [3, 5] combined 262144 players 0 retained 0 seconds 0.9611005689948797
shuttleset_03_scene_0023 pair 51 [3, 7] combined 187392 players 408 retained 205 seconds 0.7357737426646054
shuttleset_03_scene_0023 pair 52 [3, 8] combined 262144 players 0 retained 0 seconds 0.9513191008009017
shuttleset_03_scene_0023 pair 53 [3, 9] combined 253952 players 0 retained 0 seconds 0.8980241692624986
shuttleset_03_scene_0023 pair 54 [3, 10] combined 9216 players 0 retained 0 seconds 0.14441936323419213
shuttleset_03_scene_0023 pair 55 [3, 11] combined 239616 players 32938 retained 256 seconds 2.0566349518485367
shuttleset_03_scene_0023 pair 57 [3, 13] combined 132096 players 15832 retained 256 seconds 1.204965756740421
shuttleset_03_scene_0023 pair 58 [3, 14] combined 72704 players 0 retained 0 seconds 0.3385534710250795
shuttleset_03_scene_0023 pair 63 [4, 3] combined 262144 players 0 retained 0 seconds 0.9348773648962379
shuttleset_03_scene_0023 pair 75 [5, 0] combined 262144 players 0 retained 0 seconds 1.5171485901810229
shuttleset_03_scene_0023 pair 78 [5, 3] combined 262144 players 0 retained 0 seconds 0.9753946098499
shuttleset_03_scene_0023 pair 90 [6, 0] combined 132096 players 2656 retained 256 seconds 1.1647826181724668
shuttleset_03_scene_0023 pair 96 [6, 7] combined 76440 players 956 retained 256 seconds 0.3534448347054422
shuttleset_03_scene_0023 pair 98 [6, 9] combined 124928 players 1030 retained 256 seconds 0.509437314234674
shuttleset_03_scene_0023 pair 108 [7, 3] combined 189440 players 264 retained 132 seconds 0.7171338596381247
shuttleset_03_scene_0023 pair 111 [7, 6] combined 81024 players 12 retained 6 seconds 0.3102979678660631
shuttleset_03_scene_0023 pair 116 [7, 12] combined 231424 players 48 retained 24 seconds 0.7941441019065678
shuttleset_03_scene_0023 pair 119 [7, 15] combined 53848 players 142 retained 70 seconds 0.2504358976148069
shuttleset_03_scene_0023 pair 120 [8, 0] combined 262144 players 0 retained 0 seconds 1.4746874771080911
shuttleset_03_scene_0023 pair 123 [8, 3] combined 262144 players 0 retained 0 seconds 0.9305989602580667
shuttleset_03_scene_0023 pair 138 [9, 3] combined 194560 players 0 retained 0 seconds 0.674376948736608
shuttleset_03_scene_0023 pair 141 [9, 6] combined 100352 players 28 retained 14 seconds 0.398679640609771
shuttleset_03_scene_0023 pair 146 [9, 12] combined 262144 players 38 retained 19 seconds 0.9256436959840357
shuttleset_03_scene_0023 pair 149 [9, 15] combined 139264 players 0 retained 0 seconds 0.5030247000977397
shuttleset_03_scene_0023 pair 153 [10, 3] combined 23552 players 0 retained 0 seconds 0.14952016901224852
shuttleset_03_scene_0023 pair 168 [11, 3] combined 131072 players 46608 retained 256 seconds 2.2353283958509564
shuttleset_03_scene_0023 pair 180 [12, 0] combined 226304 players 958 retained 256 seconds 1.4365941062569618
shuttleset_03_scene_0023 pair 187 [12, 7] combined 173280 players 2132 retained 256 seconds 0.6864880821667612
shuttleset_03_scene_0023 pair 189 [12, 9] combined 262144 players 950 retained 256 seconds 0.9821610851213336
shuttleset_03_scene_0023 pair 195 [13, 0] combined 247808 players 10730 retained 256 seconds 1.8052324838936329
shuttleset_03_scene_0023 pair 198 [13, 3] combined 217088 players 14296 retained 256 seconds 1.2727127908729017
shuttleset_03_scene_0023 pair 209 [13, 15] combined 95904 players 712 retained 256 seconds 0.5573876430280507
shuttleset_03_scene_0023 pair 210 [14, 0] combined 106496 players 0 retained 0 seconds 0.9478453658521175
shuttleset_03_scene_0023 pair 213 [14, 3] combined 114688 players 0 retained 0 seconds 0.42811627592891455
shuttleset_03_scene_0023 pair 227 [15, 2] combined 140288 players 44368 retained 256 seconds 2.1275611259043217
shuttleset_03_scene_0023 pair 232 [15, 7] combined 89280 players 0 retained 0 seconds 0.33269144827499986
shuttleset_03_scene_0023 pair 234 [15, 9] combined 114688 players 0 retained 0 seconds 0.4198713810183108
shuttleset_03_scene_0023 pair 238 [15, 13] combined 77672 players 784 retained 256 seconds 0.3797682672739029
shuttleset_03_scene_0023 pair 0 [0, 1] combined 262144 players 0 retained 0 seconds 1.5315241441130638
shuttleset_03_scene_0023 pair 1 [0, 2] combined 161792 players 34164 retained 256 seconds 2.497358406893909
shuttleset_03_scene_0023 pair 4 [0, 5] combined 33792 players 0 retained 0 seconds 0.798493807669729
shuttleset_03_scene_0023 pair 5 [0, 6] combined 64512 players 1136 retained 256 seconds 0.9433457884006202
shuttleset_03_scene_0023 pair 7 [0, 8] combined 48128 players 0 retained 0 seconds 0.806155676022172
shuttleset_03_scene_0023 pair 11 [0, 12] combined 195584 players 2592 retained 256 seconds 1.3913113460876048
shuttleset_03_scene_0023 pair 12 [0, 13] combined 15360 players 2226 retained 256 seconds 0.8640875779092312
shuttleset_03_scene_0023 pair 13 [0, 14] combined 6144 players 0 retained 0 seconds 0.638589187990874
shuttleset_03_scene_0023 pair 15 [1, 0] combined 262144 players 0 retained 0 seconds 1.3263311637565494
shuttleset_03_scene_0023 pair 30 [2, 0] combined 245760 players 59366 retained 256 seconds 3.047172596678138
shuttleset_03_scene_0023 pair 32 [2, 3] combined 247808 players 69216 retained 256 seconds 3.281765328720212
shuttleset_03_scene_0023 pair 44 [2, 15] combined 17388 players 1366 retained 256 seconds 0.22658450761809945
shuttleset_03_scene_0023 pair 47 [3, 2] combined 163840 players 34632 retained 256 seconds 1.7456758781336248
shuttleset_03_scene_0023 pair 48 [3, 4] combined 5120 players 0 retained 0 seconds 0.08863461390137672
shuttleset_03_scene_0023 pair 49 [3, 5] combined 30720 players 0 retained 0 seconds 0.16931727901101112
shuttleset_03_scene_0023 pair 51 [3, 7] combined 17272 players 0 retained 0 seconds 0.10702548176050186
shuttleset_03_scene_0023 pair 52 [3, 8] combined 47104 players 0 retained 0 seconds 0.21664619771763682
shuttleset_03_scene_0023 pair 53 [3, 9] combined 19456 players 0 retained 0 seconds 0.1164041431620717
shuttleset_03_scene_0023 pair 54 [3, 10] combined 5120 players 0 retained 0 seconds 0.08155141491442919
shuttleset_03_scene_0023 pair 55 [3, 11] combined 14336 players 1664 retained 256 seconds 0.22790273977443576
shuttleset_03_scene_0023 pair 57 [3, 13] combined 9216 players 1000 retained 256 seconds 0.1722732880152762
shuttleset_03_scene_0023 pair 58 [3, 14] combined 6144 players 0 retained 0 seconds 0.09013055171817541
shuttleset_03_scene_0023 pair 63 [4, 3] combined 4096 players 0 retained 0 seconds 0.061384223867207766
shuttleset_03_scene_0023 pair 75 [5, 0] combined 53248 players 0 retained 0 seconds 0.6339087560772896
shuttleset_03_scene_0023 pair 78 [5, 3] combined 52224 players 0 retained 0 seconds 0.208050356246531
shuttleset_03_scene_0023 pair 90 [6, 0] combined 78848 players 552 retained 256 seconds 0.8100190190598369
shuttleset_03_scene_0023 pair 96 [6, 7] combined 5236 players 8 retained 4 seconds 0.07078209239989519
shuttleset_03_scene_0023 pair 98 [6, 9] combined 5700 players 0 retained 0 seconds 0.044202350080013275
shuttleset_03_scene_0023 pair 108 [7, 3] combined 6144 players 0 retained 0 seconds 0.0603442071005702
shuttleset_03_scene_0023 pair 111 [7, 6] combined 4636 players 0 retained 0 seconds 0.03367130737751722
shuttleset_03_scene_0023 pair 116 [7, 12] combined 16700 players 0 retained 0 seconds 0.07313069421797991
shuttleset_03_scene_0023 pair 119 [7, 15] combined 2100 players 0 retained 0 seconds 0.030645753256976604
shuttleset_03_scene_0023 pair 120 [8, 0] combined 80896 players 0 retained 0 seconds 0.7178241349756718
shuttleset_03_scene_0023 pair 123 [8, 3] combined 84992 players 0 retained 0 seconds 0.30892351688817143
shuttleset_03_scene_0023 pair 138 [9, 3] combined 14336 players 0 retained 0 seconds 0.08819496491923928
shuttleset_03_scene_0023 pair 141 [9, 6] combined 7904 players 0 retained 0 seconds 0.046930041164159775
shuttleset_03_scene_0023 pair 146 [9, 12] combined 19832 players 0 retained 0 seconds 0.0859243436716497
shuttleset_03_scene_0023 pair 149 [9, 15] combined 4600 players 0 retained 0 seconds 0.03778383182361722
shuttleset_03_scene_0023 pair 153 [10, 3] combined 5120 players 0 retained 0 seconds 0.06385547667741776
shuttleset_03_scene_0023 pair 168 [11, 3] combined 16384 players 5538 retained 256 seconds 0.554218287114054
shuttleset_03_scene_0023 pair 180 [12, 0] combined 132096 players 978 retained 256 seconds 0.9740162468515337
shuttleset_03_scene_0023 pair 187 [12, 7] combined 4984 players 4 retained 2 seconds 0.0647917166352272
shuttleset_03_scene_0023 pair 189 [12, 9] combined 12400 players 0 retained 0 seconds 0.06625395966693759
shuttleset_03_scene_0023 pair 195 [13, 0] combined 8192 players 0 retained 0 seconds 0.5062186671420932
shuttleset_03_scene_0023 pair 198 [13, 3] combined 15360 players 1546 retained 256 seconds 0.18723586294800043
shuttleset_03_scene_0023 pair 209 [13, 15] combined 864 players 0 retained 0 seconds 0.02830408187583089
shuttleset_03_scene_0023 pair 210 [14, 0] combined 17408 players 0 retained 0 seconds 0.5041120140813291
shuttleset_03_scene_0023 pair 213 [14, 3] combined 14336 players 0 retained 0 seconds 0.08686156012117863
shuttleset_03_scene_0023 pair 227 [15, 2] combined 22876 players 7662 retained 256 seconds 0.43466064613312483
shuttleset_03_scene_0023 pair 232 [15, 7] combined 1000 players 0 retained 0 seconds 0.0342546128667891
shuttleset_03_scene_0023 pair 234 [15, 9] combined 2176 players 0 retained 0 seconds 0.03515711612999439
shuttleset_03_scene_0023 pair 238 [15, 13] combined 448 players 0 retained 0 seconds 0.03066147305071354
[shuttleset_03_scene_0023] line-template: preparing rectangles
[shuttleset_03_scene_0023] measuring 702 parents (G0=256, G1=256, line_template=256; conflicting geometry groups=0)
[shuttleset_03_scene_0023] parents 250/702
[shuttleset_03_scene_0023] parents 500/702
[shuttleset_03_scene_0023] refitting 702 parents
[shuttleset_03_scene_0023] refits 250/702; valid children=243
[shuttleset_03_scene_0023] refits 500/702; valid children=489
{"view_id": "shuttleset_03_scene_0023", "chosen_key": "G0:1:3041", "no_court_reason": null, "all_checks_equal": null, "error": null}
am3_window_00_frame_0 pair 1 [0, 2] combined 262144 players 31314 retained 256 seconds 2.3622147548012435
am3_window_00_frame_0 pair 7 [0, 8] combined 262144 players 14370 retained 256 seconds 1.7843376933597028
am3_window_00_frame_0 pair 30 [2, 0] combined 262144 players 39438 retained 256 seconds 2.6456176419742405
am3_window_00_frame_0 pair 32 [2, 3] combined 262144 players 54558 retained 256 seconds 3.2153624668717384
am3_window_00_frame_0 pair 34 [2, 5] combined 104448 players 160 retained 80 seconds 0.44077641889452934
am3_window_00_frame_0 pair 35 [2, 6] combined 262144 players 5324 retained 256 seconds 1.0880068219266832
am3_window_00_frame_0 pair 39 [2, 10] combined 169984 players 84 retained 42 seconds 0.6259340113028884
am3_window_00_frame_0 pair 41 [2, 12] combined 71680 players 0 retained 0 seconds 0.2943574939854443
am3_window_00_frame_0 pair 42 [2, 13] combined 262144 players 35120 retained 256 seconds 2.904775245115161
am3_window_00_frame_0 pair 43 [2, 14] combined 262144 players 39046 retained 256 seconds 2.8179684416390955
am3_window_00_frame_0 pair 44 [2, 15] combined 262144 players 40282 retained 256 seconds 2.9844195060431957
am3_window_00_frame_0 pair 47 [3, 2] combined 262144 players 19600 retained 256 seconds 2.0098292962647974
am3_window_00_frame_0 pair 52 [3, 8] combined 262144 players 33020 retained 256 seconds 2.493721458129585
am3_window_00_frame_0 pair 77 [5, 2] combined 24576 players 1128 retained 256 seconds 0.2570200269110501
am3_window_00_frame_0 pair 82 [5, 8] combined 122880 players 0 retained 0 seconds 0.39604157768189907
am3_window_00_frame_0 pair 92 [6, 2] combined 262144 players 1380 retained 256 seconds 0.9387757400982082
am3_window_00_frame_0 pair 97 [6, 8] combined 202752 players 0 retained 0 seconds 0.6138291987590492
am3_window_00_frame_0 pair 120 [8, 0] combined 262144 players 16252 retained 256 seconds 1.7496578828431666
am3_window_00_frame_0 pair 123 [8, 3] combined 262144 players 22832 retained 256 seconds 2.1426201863214374
am3_window_00_frame_0 pair 125 [8, 5] combined 250880 players 0 retained 0 seconds 0.7781755663454533
am3_window_00_frame_0 pair 126 [8, 6] combined 262144 players 0 retained 0 seconds 0.79277369286865
am3_window_00_frame_0 pair 129 [8, 10] combined 185344 players 0 retained 0 seconds 0.5617211051285267
am3_window_00_frame_0 pair 131 [8, 12] combined 119808 players 10 retained 4 seconds 0.3981565199792385
am3_window_00_frame_0 pair 132 [8, 13] combined 262144 players 19258 retained 256 seconds 2.181605893652886
am3_window_00_frame_0 pair 133 [8, 14] combined 262144 players 27724 retained 256 seconds 2.519080257974565
am3_window_00_frame_0 pair 134 [8, 15] combined 262144 players 21548 retained 256 seconds 2.1643376438878477
am3_window_00_frame_0 pair 152 [10, 2] combined 121856 players 84 retained 42 seconds 0.46803639782592654
am3_window_00_frame_0 pair 158 [10, 8] combined 153600 players 0 retained 0 seconds 0.46092833392322063
am3_window_00_frame_0 pair 182 [12, 2] combined 53248 players 0 retained 0 seconds 0.23047299403697252
am3_window_00_frame_0 pair 188 [12, 8] combined 117760 players 0 retained 0 seconds 0.3625944438390434
am3_window_00_frame_0 pair 197 [13, 2] combined 262144 players 34124 retained 256 seconds 2.733802590984851
am3_window_00_frame_0 pair 203 [13, 8] combined 262144 players 16052 retained 256 seconds 2.272793772164732
am3_window_00_frame_0 pair 212 [14, 2] combined 262144 players 37330 retained 256 seconds 2.686933632940054
am3_window_00_frame_0 pair 218 [14, 8] combined 262144 players 30758 retained 256 seconds 2.5139494379982352
am3_window_00_frame_0 pair 227 [15, 2] combined 262144 players 32644 retained 256 seconds 2.745975797995925
am3_window_00_frame_0 pair 233 [15, 8] combined 262144 players 15916 retained 256 seconds 2.0042431242763996
am3_window_00_frame_0 pair 1 [0, 2] combined 11264 players 1950 retained 256 seconds 0.17895730305463076
am3_window_00_frame_0 pair 7 [0, 8] combined 0 players 0 retained 0 seconds 0.00918694119900465
am3_window_00_frame_0 pair 30 [2, 0] combined 7220 players 1040 retained 256 seconds 0.14421688579022884
am3_window_00_frame_0 pair 32 [2, 3] combined 24700 players 3236 retained 256 seconds 0.25850575091317296
am3_window_00_frame_0 pair 34 [2, 5] combined 0 players 0 retained 0 seconds 0.020737911108881235
am3_window_00_frame_0 pair 35 [2, 6] combined 9108 players 8 retained 5 seconds 0.07498745387420058
am3_window_00_frame_0 pair 39 [2, 10] combined 0 players 0 retained 0 seconds 0.02139656199142337
am3_window_00_frame_0 pair 41 [2, 12] combined 0 players 0 retained 0 seconds 0.02099584275856614
am3_window_00_frame_0 pair 42 [2, 13] combined 20800 players 4112 retained 256 seconds 0.26310308324173093
am3_window_00_frame_0 pair 43 [2, 14] combined 10752 players 2292 retained 256 seconds 0.18290306674316525
am3_window_00_frame_0 pair 44 [2, 15] combined 22464 players 4266 retained 256 seconds 0.27367922477424145
am3_window_00_frame_0 pair 47 [3, 2] combined 21504 players 3220 retained 256 seconds 0.24649551790207624
am3_window_00_frame_0 pair 52 [3, 8] combined 0 players 0 retained 0 seconds 0.01055159093812108
am3_window_00_frame_0 pair 77 [5, 2] combined 0 players 0 retained 0 seconds 0.01833154633641243
am3_window_00_frame_0 pair 82 [5, 8] combined 0 players 0 retained 0 seconds 0.004102255683392286
am3_window_00_frame_0 pair 92 [6, 2] combined 18392 players 0 retained 0 seconds 0.06944854790344834
am3_window_00_frame_0 pair 97 [6, 8] combined 0 players 0 retained 0 seconds 0.0044984351843595505
am3_window_00_frame_0 pair 120 [8, 0] combined 0 players 0 retained 0 seconds 0.006926675792783499
am3_window_00_frame_0 pair 123 [8, 3] combined 0 players 0 retained 0 seconds 0.008264110889285803
am3_window_00_frame_0 pair 125 [8, 5] combined 0 players 0 retained 0 seconds 0.003691309131681919
am3_window_00_frame_0 pair 126 [8, 6] combined 0 players 0 retained 0 seconds 0.0037507149390876293
am3_window_00_frame_0 pair 129 [8, 10] combined 0 players 0 retained 0 seconds 0.0024073361419141293
am3_window_00_frame_0 pair 131 [8, 12] combined 0 players 0 retained 0 seconds 0.002518358174711466
am3_window_00_frame_0 pair 132 [8, 13] combined 0 players 0 retained 0 seconds 0.008506471291184425
am3_window_00_frame_0 pair 133 [8, 14] combined 0 players 0 retained 0 seconds 0.0059636919759213924
am3_window_00_frame_0 pair 134 [8, 15] combined 0 players 0 retained 0 seconds 0.008356817997992039
am3_window_00_frame_0 pair 152 [10, 2] combined 0 players 0 retained 0 seconds 0.015048874076455832
am3_window_00_frame_0 pair 158 [10, 8] combined 0 players 0 retained 0 seconds 0.0025688037276268005
am3_window_00_frame_0 pair 182 [12, 2] combined 0 players 0 retained 0 seconds 0.014313808176666498
am3_window_00_frame_0 pair 188 [12, 8] combined 0 players 0 retained 0 seconds 0.0024105720221996307
am3_window_00_frame_0 pair 197 [13, 2] combined 37888 players 7952 retained 256 seconds 0.6067522503435612
am3_window_00_frame_0 pair 203 [13, 8] combined 0 players 0 retained 0 seconds 0.013726014643907547
am3_window_00_frame_0 pair 212 [14, 2] combined 20480 players 3524 retained 256 seconds 0.24499531695619226
am3_window_00_frame_0 pair 218 [14, 8] combined 0 players 0 retained 0 seconds 0.008863534312695265
am3_window_00_frame_0 pair 227 [15, 2] combined 34816 players 7412 retained 256 seconds 0.4080038582906127
am3_window_00_frame_0 pair 233 [15, 8] combined 0 players 0 retained 0 seconds 0.012862097937613726
[am3_window_00_frame_0] line-template: preparing rectangles
[am3_window_00_frame_0] measuring 768 parents (G0=256, G1=256, line_template=256; conflicting geometry groups=0)
[am3_window_00_frame_0] parents 250/768
[am3_window_00_frame_0] parents 500/768
[am3_window_00_frame_0] parents 750/768
[am3_window_00_frame_0] refitting 768 parents
[am3_window_00_frame_0] refits 250/768; valid children=148
[am3_window_00_frame_0] refits 500/768; valid children=394
[am3_window_00_frame_0] refits 750/768; valid children=575
{"view_id": "am3_window_00_frame_0", "chosen_key": "G1:43:171/child", "no_court_reason": null, "all_checks_equal": null, "error": null}
{"views": ["shuttleset_03_scene_0016", "shuttleset_03_scene_0023", "am3_window_00_frame_0"], "startup_seconds": 0.04143662517890334, "wall_seconds": 1106.0181654831395, "peak_rss_mb": 1397.6796875, "failed": []}
