decoded <ShuttleSet root>/external/shuttleset-sources/21 An_Se_Young_Ratchanok_Intanon_YONEX_Thailand_Open_2021_QuarterFinals.mp4 to frame 100347 in 570s
shuttleset_21_scene_0034 pair 0 [0, 1] combined 262144 players 0 retained 0 seconds 1.250518084038049
shuttleset_21_scene_0034 pair 1 [0, 2] combined 262144 players 101420 retained 256 seconds 4.38262890605256
shuttleset_21_scene_0034 pair 6 [0, 7] combined 113664 players 14358 retained 256 seconds 1.1585409762337804
shuttleset_21_scene_0034 pair 8 [0, 9] combined 262144 players 0 retained 0 seconds 1.0567222591489553
shuttleset_21_scene_0034 pair 9 [0, 10] combined 129024 players 0 retained 0 seconds 0.6947651929222047
shuttleset_21_scene_0034 pair 11 [0, 12] combined 262144 players 0 retained 0 seconds 1.1132524460554123
shuttleset_21_scene_0034 pair 12 [0, 13] combined 96256 players 38298 retained 256 seconds 1.8370860633440316
shuttleset_21_scene_0034 pair 13 [0, 14] combined 226304 players 0 retained 0 seconds 0.9620811631903052
shuttleset_21_scene_0034 pair 15 [1, 0] combined 262144 players 0 retained 0 seconds 1.120278605259955
shuttleset_21_scene_0034 pair 18 [1, 4] combined 262144 players 0 retained 0 seconds 0.9332265192642808
shuttleset_21_scene_0034 pair 30 [2, 0] combined 262144 players 116336 retained 256 seconds 4.753091121092439
shuttleset_21_scene_0034 pair 32 [2, 3] combined 243712 players 100530 retained 256 seconds 4.272918676957488
shuttleset_21_scene_0034 pair 33 [2, 4] combined 262144 players 109844 retained 256 seconds 4.256027849856764
shuttleset_21_scene_0034 pair 47 [3, 2] combined 262144 players 92170 retained 256 seconds 3.7491333661600947
shuttleset_21_scene_0034 pair 51 [3, 7] combined 96256 players 3406 retained 256 seconds 0.4688614150509238
shuttleset_21_scene_0034 pair 53 [3, 9] combined 262144 players 0 retained 0 seconds 0.5765790692530572
shuttleset_21_scene_0034 pair 54 [3, 10] combined 142336 players 0 retained 0 seconds 0.2557194628752768
shuttleset_21_scene_0034 pair 57 [3, 13] combined 92160 players 32500 retained 256 seconds 0.75758510036394
shuttleset_21_scene_0034 pair 58 [3, 14] combined 207872 players 0 retained 0 seconds 0.3733152933418751
shuttleset_21_scene_0034 pair 61 [4, 1] combined 262144 players 0 retained 0 seconds 0.48948607593774796
shuttleset_21_scene_0034 pair 62 [4, 2] combined 262144 players 90220 retained 256 seconds 2.105254237074405
shuttleset_21_scene_0034 pair 68 [4, 9] combined 262144 players 0 retained 0 seconds 0.5206050560809672
shuttleset_21_scene_0034 pair 69 [4, 10] combined 124928 players 0 retained 0 seconds 0.24406322604045272
shuttleset_21_scene_0034 pair 70 [4, 11] combined 6144 players 0 retained 0 seconds 0.04288628278300166
shuttleset_21_scene_0034 pair 71 [4, 12] combined 262144 players 0 retained 0 seconds 0.47373545821756124
shuttleset_21_scene_0034 pair 72 [4, 13] combined 91136 players 29594 retained 256 seconds 0.7223192742094398
shuttleset_21_scene_0034 pair 105 [7, 0] combined 60416 players 2384 retained 256 seconds 0.3057114607654512
shuttleset_21_scene_0034 pair 108 [7, 3] combined 105472 players 9592 retained 256 seconds 0.3776146387681365
shuttleset_21_scene_0034 pair 112 [7, 8] combined 61440 players 20 retained 10 seconds 0.13348925299942493
shuttleset_21_scene_0034 pair 127 [8, 7] combined 73728 players 422 retained 204 seconds 0.17222885275259614
shuttleset_21_scene_0034 pair 133 [8, 14] combined 231424 players 0 retained 0 seconds 0.39392784982919693
shuttleset_21_scene_0034 pair 135 [9, 0] combined 147456 players 0 retained 0 seconds 0.381211930885911
shuttleset_21_scene_0034 pair 138 [9, 3] combined 152576 players 202 retained 101 seconds 0.28327839029952884
shuttleset_21_scene_0034 pair 139 [9, 4] combined 194560 players 3224 retained 256 seconds 0.4697471219114959
shuttleset_21_scene_0034 pair 150 [10, 0] combined 161792 players 0 retained 0 seconds 0.4117674711160362
shuttleset_21_scene_0034 pair 153 [10, 3] combined 153576 players 0 retained 0 seconds 0.2679916899651289
shuttleset_21_scene_0034 pair 154 [10, 4] combined 164864 players 0 retained 0 seconds 0.28854258824139833
shuttleset_21_scene_0034 pair 169 [11, 4] combined 8192 players 0 retained 0 seconds 0.03527910588309169
shuttleset_21_scene_0034 pair 180 [12, 0] combined 262144 players 0 retained 0 seconds 0.5990321710705757
shuttleset_21_scene_0034 pair 184 [12, 4] combined 262144 players 0 retained 0 seconds 0.47535330010578036
shuttleset_21_scene_0034 pair 195 [13, 0] combined 154624 players 66802 retained 256 seconds 1.6480619949288666
shuttleset_21_scene_0034 pair 198 [13, 3] combined 120560 players 48248 retained 256 seconds 1.1287292069755495
shuttleset_21_scene_0034 pair 199 [13, 4] combined 163840 players 65370 retained 256 seconds 1.5101620350033045
shuttleset_21_scene_0034 pair 210 [14, 0] combined 108544 players 800 retained 256 seconds 0.35709637589752674
shuttleset_21_scene_0034 pair 213 [14, 3] combined 87040 players 0 retained 0 seconds 0.1599279879592359
shuttleset_21_scene_0034 pair 218 [14, 8] combined 108544 players 0 retained 0 seconds 0.19036833057180047
shuttleset_21_scene_0034 pair 0 [0, 1] combined 25600 players 0 retained 0 seconds 0.14150211215019226
shuttleset_21_scene_0034 pair 1 [0, 2] combined 56320 players 24056 retained 256 seconds 0.6453130110166967
shuttleset_21_scene_0034 pair 6 [0, 7] combined 56320 players 6942 retained 256 seconds 0.31375987082719803
shuttleset_21_scene_0034 pair 8 [0, 9] combined 0 players 0 retained 0 seconds 0.09024705924093723
shuttleset_21_scene_0034 pair 9 [0, 10] combined 4096 players 0 retained 0 seconds 0.10068196430802345
shuttleset_21_scene_0034 pair 11 [0, 12] combined 7168 players 0 retained 0 seconds 0.10457137692719698
shuttleset_21_scene_0034 pair 12 [0, 13] combined 7168 players 2308 retained 256 seconds 0.24963295366615057
shuttleset_21_scene_0034 pair 13 [0, 14] combined 0 players 0 retained 0 seconds 0.08893626974895597
shuttleset_21_scene_0034 pair 15 [1, 0] combined 24576 players 0 retained 0 seconds 0.10076103918254375
shuttleset_21_scene_0034 pair 18 [1, 4] combined 3680 players 0 retained 0 seconds 0.016776318196207285
shuttleset_21_scene_0034 pair 30 [2, 0] combined 93184 players 39908 retained 256 seconds 0.9599824482575059
shuttleset_21_scene_0034 pair 32 [2, 3] combined 7520 players 3054 retained 256 seconds 0.11127374693751335
shuttleset_21_scene_0034 pair 33 [2, 4] combined 16600 players 7590 retained 256 seconds 0.20918909832835197
shuttleset_21_scene_0034 pair 47 [3, 2] combined 6372 players 2584 retained 256 seconds 0.1029158653691411
shuttleset_21_scene_0034 pair 51 [3, 7] combined 10388 players 824 retained 256 seconds 0.06560500292107463
shuttleset_21_scene_0034 pair 53 [3, 9] combined 0 players 0 retained 0 seconds 0.005992751102894545
shuttleset_21_scene_0034 pair 54 [3, 10] combined 416 players 0 retained 0 seconds 0.007056615315377712
shuttleset_21_scene_0034 pair 57 [3, 13] combined 928 players 208 retained 102 seconds 0.02694357419386506
shuttleset_21_scene_0034 pair 58 [3, 14] combined 0 players 0 retained 0 seconds 0.005871144123375416
shuttleset_21_scene_0034 pair 61 [4, 1] combined 6500 players 0 retained 0 seconds 0.021491000894457102
shuttleset_21_scene_0034 pair 62 [4, 2] combined 15576 players 6372 retained 256 seconds 0.17776119615882635
shuttleset_21_scene_0034 pair 68 [4, 9] combined 0 players 0 retained 0 seconds 0.009678539354354143
shuttleset_21_scene_0034 pair 69 [4, 10] combined 944 players 0 retained 0 seconds 0.010521794203668833
shuttleset_21_scene_0034 pair 70 [4, 11] combined 0 players 0 retained 0 seconds 0.008436430245637894
shuttleset_21_scene_0034 pair 71 [4, 12] combined 1792 players 0 retained 0 seconds 0.013275319710373878
shuttleset_21_scene_0034 pair 72 [4, 13] combined 1540 players 288 retained 144 seconds 0.12424475606530905
shuttleset_21_scene_0034 pair 105 [7, 0] combined 26624 players 254 retained 101 seconds 0.1256809518672526
shuttleset_21_scene_0034 pair 108 [7, 3] combined 4300 players 158 retained 79 seconds 0.030976214911788702
shuttleset_21_scene_0034 pair 112 [7, 8] combined 0 players 0 retained 0 seconds 0.006292690057307482
shuttleset_21_scene_0034 pair 127 [8, 7] combined 108 players 0 retained 0 seconds 0.00507338298484683
shuttleset_21_scene_0034 pair 133 [8, 14] combined 0 players 0 retained 0 seconds 0.0028480268083512783
shuttleset_21_scene_0034 pair 135 [9, 0] combined 0 players 0 retained 0 seconds 0.0588504821062088
shuttleset_21_scene_0034 pair 138 [9, 3] combined 0 players 0 retained 0 seconds 0.00485983258113265
shuttleset_21_scene_0034 pair 139 [9, 4] combined 0 players 0 retained 0 seconds 0.0056947460398077965
shuttleset_21_scene_0034 pair 150 [10, 0] combined 1024 players 0 retained 0 seconds 0.0623545297421515
shuttleset_21_scene_0034 pair 153 [10, 3] combined 208 players 0 retained 0 seconds 0.005945185665041208
shuttleset_21_scene_0034 pair 154 [10, 4] combined 296 players 0 retained 0 seconds 0.007283193990588188
shuttleset_21_scene_0034 pair 169 [11, 4] combined 0 players 0 retained 0 seconds 0.00566913140937686
shuttleset_21_scene_0034 pair 180 [12, 0] combined 4096 players 0 retained 0 seconds 0.06765411980450153
shuttleset_21_scene_0034 pair 184 [12, 4] combined 640 players 0 retained 0 seconds 0.009865109808743
shuttleset_21_scene_0034 pair 195 [13, 0] combined 4096 players 1774 retained 256 seconds 0.1265524928458035
shuttleset_21_scene_0034 pair 198 [13, 3] combined 384 players 160 retained 80 seconds 0.024922203738242388
shuttleset_21_scene_0034 pair 199 [13, 4] combined 928 players 446 retained 223 seconds 0.04297174885869026
shuttleset_21_scene_0034 pair 210 [14, 0] combined 0 players 0 retained 0 seconds 0.0603861128911376
shuttleset_21_scene_0034 pair 213 [14, 3] combined 0 players 0 retained 0 seconds 0.004746561869978905
shuttleset_21_scene_0034 pair 218 [14, 8] combined 0 players 0 retained 0 seconds 0.0026295622810721397
[shuttleset_21_scene_0034] line-template: preparing rectangles
[shuttleset_21_scene_0034] measuring 701 parents (G0=256, G1=256, line_template=256; conflicting geometry groups=0)
[shuttleset_21_scene_0034] parents 250/701
[shuttleset_21_scene_0034] parents 500/701
[shuttleset_21_scene_0034] refitting 701 parents
[shuttleset_21_scene_0034] refits 250/701; valid children=250
[shuttleset_21_scene_0034] refits 500/701; valid children=497
{"view_id": "shuttleset_21_scene_0034", "chosen_key": "G0:1:1029", "no_court_reason": null, "all_checks_equal": null, "error": null}
shuttleset_21_scene_0044 pair 0 [0, 1] combined 262144 players 0 retained 0 seconds 0.6976857269182801
shuttleset_21_scene_0044 pair 1 [0, 2] combined 262144 players 104538 retained 256 seconds 2.5021696388721466
shuttleset_21_scene_0044 pair 3 [0, 4] combined 58368 players 0 retained 0 seconds 0.36999119305983186
shuttleset_21_scene_0044 pair 4 [0, 5] combined 53248 players 0 retained 0 seconds 0.3122887169010937
shuttleset_21_scene_0044 pair 5 [0, 6] combined 163840 players 0 retained 0 seconds 0.4634550507180393
shuttleset_21_scene_0044 pair 10 [0, 11] combined 262144 players 44844 retained 256 seconds 1.4356343098916113
shuttleset_21_scene_0044 pair 11 [0, 12] combined 143360 players 0 retained 0 seconds 0.46079344814643264
shuttleset_21_scene_0044 pair 12 [0, 13] combined 48128 players 13838 retained 256 seconds 0.5690149813890457
shuttleset_21_scene_0044 pair 14 [0, 15] combined 109568 players 23848 retained 256 seconds 0.7986609889194369
shuttleset_21_scene_0044 pair 15 [1, 0] combined 262144 players 0 retained 0 seconds 0.6571832881309092
shuttleset_21_scene_0044 pair 17 [1, 3] combined 262144 players 0 retained 0 seconds 0.5559252379462123
shuttleset_21_scene_0044 pair 30 [2, 0] combined 262144 players 113184 retained 256 seconds 2.6758722327649593
shuttleset_21_scene_0044 pair 32 [2, 3] combined 262144 players 108338 retained 256 seconds 2.4710274562239647
shuttleset_21_scene_0044 pair 46 [3, 1] combined 262144 players 0 retained 0 seconds 0.5170568688772619
shuttleset_21_scene_0044 pair 47 [3, 2] combined 262144 players 94038 retained 256 seconds 2.2367984503507614
shuttleset_21_scene_0044 pair 49 [3, 5] combined 55296 players 0 retained 0 seconds 0.1321341460570693
shuttleset_21_scene_0044 pair 50 [3, 6] combined 140288 players 0 retained 0 seconds 0.25856079813092947
shuttleset_21_scene_0044 pair 53 [3, 9] combined 23552 players 0 retained 0 seconds 0.07822094392031431
shuttleset_21_scene_0044 pair 54 [3, 10] combined 262144 players 34 retained 17 seconds 0.4867319166660309
shuttleset_21_scene_0044 pair 55 [3, 11] combined 257024 players 14100 retained 256 seconds 0.7304653730243444
shuttleset_21_scene_0044 pair 57 [3, 13] combined 52224 players 3934 retained 256 seconds 0.21137228794395924
shuttleset_21_scene_0044 pair 59 [3, 15] combined 146432 players 8480 retained 256 seconds 0.4860052070580423
shuttleset_21_scene_0044 pair 60 [4, 0] combined 67584 players 0 retained 0 seconds 0.2769397487863898
shuttleset_21_scene_0044 pair 69 [4, 10] combined 76800 players 0 retained 0 seconds 0.1492994981817901
shuttleset_21_scene_0044 pair 75 [5, 0] combined 52224 players 0 retained 0 seconds 0.2503274129703641
shuttleset_21_scene_0044 pair 78 [5, 3] combined 51200 players 0 retained 0 seconds 0.11564574297517538
shuttleset_21_scene_0044 pair 90 [6, 0] combined 87040 players 0 retained 0 seconds 0.3115985314361751
shuttleset_21_scene_0044 pair 93 [6, 3] combined 102400 players 0 retained 0 seconds 0.18857879005372524
shuttleset_21_scene_0044 pair 129 [8, 10] combined 160768 players 0 retained 0 seconds 0.2812989861704409
shuttleset_21_scene_0044 pair 130 [8, 11] combined 170372 players 42 retained 21 seconds 0.299660068936646
shuttleset_21_scene_0044 pair 138 [9, 3] combined 3072 players 0 retained 0 seconds 0.03323581488803029
shuttleset_21_scene_0044 pair 153 [10, 3] combined 262144 players 0 retained 0 seconds 0.46981234941631556
shuttleset_21_scene_0044 pair 154 [10, 4] combined 46080 players 0 retained 0 seconds 0.10629696818068624
shuttleset_21_scene_0044 pair 158 [10, 8] combined 212992 players 0 retained 0 seconds 0.3690098677761853
shuttleset_21_scene_0044 pair 161 [10, 12] combined 131072 players 0 retained 0 seconds 0.23865376971662045
shuttleset_21_scene_0044 pair 163 [10, 14] combined 17408 players 0 retained 0 seconds 0.05314742401242256
shuttleset_21_scene_0044 pair 165 [11, 0] combined 185344 players 7018 retained 256 seconds 0.5989297619089484
shuttleset_21_scene_0044 pair 168 [11, 3] combined 262144 players 4586 retained 256 seconds 0.5646994947455823
shuttleset_21_scene_0044 pair 173 [11, 8] combined 153608 players 80 retained 44 seconds 0.32618276262655854
shuttleset_21_scene_0044 pair 180 [12, 0] combined 173056 players 0 retained 0 seconds 0.4444794771261513
shuttleset_21_scene_0044 pair 190 [12, 10] combined 185344 players 0 retained 0 seconds 0.320980089250952
shuttleset_21_scene_0044 pair 195 [13, 0] combined 11264 players 1362 retained 256 seconds 0.2422783230431378
shuttleset_21_scene_0044 pair 198 [13, 3] combined 4096 players 218 retained 107 seconds 0.05329107493162155
shuttleset_21_scene_0044 pair 220 [14, 10] combined 3072 players 0 retained 0 seconds 0.02348722191527486
shuttleset_21_scene_0044 pair 225 [15, 0] combined 61440 players 2118 retained 256 seconds 0.30008409079164267
shuttleset_21_scene_0044 pair 228 [15, 3] combined 121856 players 1530 retained 256 seconds 0.2671173228882253
shuttleset_21_scene_0044 pair 0 [0, 1] combined 43008 players 0 retained 0 seconds 0.16868043411523104
shuttleset_21_scene_0044 pair 1 [0, 2] combined 131072 players 53408 retained 256 seconds 1.321965686045587
shuttleset_21_scene_0044 pair 3 [0, 4] combined 2048 players 0 retained 0 seconds 0.09934597881510854
shuttleset_21_scene_0044 pair 4 [0, 5] combined 0 players 0 retained 0 seconds 0.09072585077956319
shuttleset_21_scene_0044 pair 5 [0, 6] combined 1024 players 0 retained 0 seconds 0.08474878501147032
shuttleset_21_scene_0044 pair 10 [0, 11] combined 3072 players 42 retained 21 seconds 0.10129649005830288
shuttleset_21_scene_0044 pair 11 [0, 12] combined 6144 players 0 retained 0 seconds 0.10355259478092194
shuttleset_21_scene_0044 pair 12 [0, 13] combined 13312 players 3212 retained 256 seconds 0.1873932140879333
shuttleset_21_scene_0044 pair 14 [0, 15] combined 8192 players 1192 retained 256 seconds 0.13706960109993815
shuttleset_21_scene_0044 pair 15 [1, 0] combined 46080 players 0 retained 0 seconds 0.14365186216309667
shuttleset_21_scene_0044 pair 17 [1, 3] combined 17848 players 0 retained 0 seconds 0.04542408976703882
shuttleset_21_scene_0044 pair 30 [2, 0] combined 190464 players 79684 retained 256 seconds 1.9015207551419735
shuttleset_21_scene_0044 pair 32 [2, 3] combined 69920 players 30028 retained 256 seconds 0.6834627017378807
shuttleset_21_scene_0044 pair 46 [3, 1] combined 23760 players 0 retained 0 seconds 0.061658008955419064
shuttleset_21_scene_0044 pair 47 [3, 2] combined 62496 players 22458 retained 256 seconds 0.5475291809998453
shuttleset_21_scene_0044 pair 49 [3, 5] combined 0 players 0 retained 0 seconds 0.015325934626162052
shuttleset_21_scene_0044 pair 50 [3, 6] combined 616 players 0 retained 0 seconds 0.014355300925672054
shuttleset_21_scene_0044 pair 53 [3, 9] combined 0 players 0 retained 0 seconds 0.013811735901981592
shuttleset_21_scene_0044 pair 54 [3, 10] combined 65772 players 0 retained 0 seconds 0.12206580210477114
shuttleset_21_scene_0044 pair 55 [3, 11] combined 1904 players 50 retained 25 seconds 0.030415238812565804
shuttleset_21_scene_0044 pair 57 [3, 13] combined 4012 players 76 retained 38 seconds 0.034238857217133045
shuttleset_21_scene_0044 pair 59 [3, 15] combined 0 players 0 retained 0 seconds 0.015516217797994614
shuttleset_21_scene_0044 pair 60 [4, 0] combined 0 players 0 retained 0 seconds 0.13122250698506832
shuttleset_21_scene_0044 pair 69 [4, 10] combined 0 players 0 retained 0 seconds 0.008177037816494703
shuttleset_21_scene_0044 pair 75 [5, 0] combined 0 players 0 retained 0 seconds 0.05777194211259484
shuttleset_21_scene_0044 pair 78 [5, 3] combined 0 players 0 retained 0 seconds 0.009072395041584969
shuttleset_21_scene_0044 pair 90 [6, 0] combined 1024 players 0 retained 0 seconds 0.06334685487672687
shuttleset_21_scene_0044 pair 93 [6, 3] combined 0 players 0 retained 0 seconds 0.009150441735982895
shuttleset_21_scene_0044 pair 129 [8, 10] combined 2660 players 0 retained 0 seconds 0.013799046166241169
shuttleset_21_scene_0044 pair 130 [8, 11] combined 0 players 0 retained 0 seconds 0.0031187133863568306
shuttleset_21_scene_0044 pair 138 [9, 3] combined 0 players 0 retained 0 seconds 0.009113016072660685
shuttleset_21_scene_0044 pair 153 [10, 3] combined 32568 players 0 retained 0 seconds 0.07057966804131866
shuttleset_21_scene_0044 pair 154 [10, 4] combined 0 players 0 retained 0 seconds 0.011718916241079569
shuttleset_21_scene_0044 pair 158 [10, 8] combined 7980 players 0 retained 0 seconds 0.02455900004133582
shuttleset_21_scene_0044 pair 161 [10, 12] combined 2220 players 0 retained 0 seconds 0.015999296214431524
shuttleset_21_scene_0044 pair 163 [10, 14] combined 8296 players 0 retained 0 seconds 0.02455461025238037
shuttleset_21_scene_0044 pair 165 [11, 0] combined 0 players 0 retained 0 seconds 0.058642696123570204
shuttleset_21_scene_0044 pair 168 [11, 3] combined 808 players 0 retained 0 seconds 0.010846833698451519
shuttleset_21_scene_0044 pair 173 [11, 8] combined 0 players 0 retained 0 seconds 0.0027456157840788364
shuttleset_21_scene_0044 pair 180 [12, 0] combined 7168 players 0 retained 0 seconds 0.07385907089337707
shuttleset_21_scene_0044 pair 190 [12, 10] combined 2352 players 0 retained 0 seconds 0.015114055015146732
shuttleset_21_scene_0044 pair 195 [13, 0] combined 5120 players 856 retained 256 seconds 0.11529284715652466
shuttleset_21_scene_0044 pair 198 [13, 3] combined 940 players 6 retained 3 seconds 0.025194725953042507
shuttleset_21_scene_0044 pair 220 [14, 10] combined 1824 players 0 retained 0 seconds 0.012527323327958584
shuttleset_21_scene_0044 pair 225 [15, 0] combined 2048 players 52 retained 26 seconds 0.07297229394316673
shuttleset_21_scene_0044 pair 228 [15, 3] combined 0 players 0 retained 0 seconds 0.009455848019570112
[shuttleset_21_scene_0044] line-template: preparing rectangles
[shuttleset_21_scene_0044] measuring 768 parents (G0=256, G1=256, line_template=256; conflicting geometry groups=0)
[shuttleset_21_scene_0044] parents 250/768
[shuttleset_21_scene_0044] parents 500/768
[shuttleset_21_scene_0044] parents 750/768
[shuttleset_21_scene_0044] refitting 768 parents
[shuttleset_21_scene_0044] refits 250/768; valid children=246
[shuttleset_21_scene_0044] refits 500/768; valid children=494
[shuttleset_21_scene_0044] refits 750/768; valid children=738
{"view_id": "shuttleset_21_scene_0044", "chosen_key": "G0:1:2039/child", "no_court_reason": null, "all_checks_equal": null, "error": null}
sset_21_gloiZ_gTJaE_frame_00100347 pair 1 [0, 2] combined 143360 players 0 retained 0 seconds 0.34252083906903863
sset_21_gloiZ_gTJaE_frame_00100347 pair 20 [1, 6] combined 4096 players 0 retained 0 seconds 0.017455977387726307
sset_21_gloiZ_gTJaE_frame_00100347 pair 21 [1, 7] combined 0 players 0 retained 0 seconds 0.006484647281467915
sset_21_gloiZ_gTJaE_frame_00100347 pair 25 [1, 11] combined 0 players 0 retained 0 seconds 0.00919037265703082
sset_21_gloiZ_gTJaE_frame_00100347 pair 26 [1, 12] combined 992 players 0 retained 0 seconds 0.009327153209596872
sset_21_gloiZ_gTJaE_frame_00100347 pair 27 [1, 13] combined 1008 players 14 retained 7 seconds 0.020298955030739307
sset_21_gloiZ_gTJaE_frame_00100347 pair 30 [2, 0] combined 27648 players 0 retained 0 seconds 0.15307911531999707
sset_21_gloiZ_gTJaE_frame_00100347 pair 32 [2, 3] combined 25600 players 0 retained 0 seconds 0.07608112413436174
sset_21_gloiZ_gTJaE_frame_00100347 pair 34 [2, 5] combined 9200 players 0 retained 0 seconds 0.04032262833788991
sset_21_gloiZ_gTJaE_frame_00100347 pair 35 [2, 6] combined 8192 players 0 retained 0 seconds 0.027077453210949898
sset_21_gloiZ_gTJaE_frame_00100347 pair 36 [2, 7] combined 0 players 0 retained 0 seconds 0.008036422077566385
sset_21_gloiZ_gTJaE_frame_00100347 pair 40 [2, 11] combined 0 players 0 retained 0 seconds 0.011927437968552113
sset_21_gloiZ_gTJaE_frame_00100347 pair 41 [2, 12] combined 160 players 0 retained 0 seconds 0.008925874251872301
sset_21_gloiZ_gTJaE_frame_00100347 pair 42 [2, 13] combined 792 players 26 retained 14 seconds 0.021363981068134308
sset_21_gloiZ_gTJaE_frame_00100347 pair 47 [3, 2] combined 147456 players 0 retained 0 seconds 0.2647216646000743
sset_21_gloiZ_gTJaE_frame_00100347 pair 65 [4, 6] combined 0 players 0 retained 0 seconds 0.010972820222377777
sset_21_gloiZ_gTJaE_frame_00100347 pair 66 [4, 7] combined 72912 players 0 retained 0 seconds 0.11827890016138554
sset_21_gloiZ_gTJaE_frame_00100347 pair 70 [4, 11] combined 0 players 0 retained 0 seconds 0.010598642285913229
sset_21_gloiZ_gTJaE_frame_00100347 pair 71 [4, 12] combined 156 players 0 retained 0 seconds 0.009736213833093643
sset_21_gloiZ_gTJaE_frame_00100347 pair 72 [4, 13] combined 312 players 0 retained 0 seconds 0.0075789629481732845
sset_21_gloiZ_gTJaE_frame_00100347 pair 77 [5, 2] combined 102672 players 0 retained 0 seconds 0.18748427787795663
sset_21_gloiZ_gTJaE_frame_00100347 pair 91 [6, 1] combined 35672 players 0 retained 0 seconds 0.06282110000029206
sset_21_gloiZ_gTJaE_frame_00100347 pair 92 [6, 2] combined 68608 players 6 retained 3 seconds 0.12572967587038875
sset_21_gloiZ_gTJaE_frame_00100347 pair 94 [6, 4] combined 0 players 0 retained 0 seconds 0.00920523889362812
sset_21_gloiZ_gTJaE_frame_00100347 pair 97 [6, 8] combined 0 players 0 retained 0 seconds 0.004793309606611729
sset_21_gloiZ_gTJaE_frame_00100347 pair 98 [6, 9] combined 0 players 0 retained 0 seconds 0.003970789257436991
sset_21_gloiZ_gTJaE_frame_00100347 pair 99 [6, 10] combined 29008 players 0 retained 0 seconds 0.05170097295194864
sset_21_gloiZ_gTJaE_frame_00100347 pair 103 [6, 14] combined 0 players 0 retained 0 seconds 0.00729844905436039
sset_21_gloiZ_gTJaE_frame_00100347 pair 106 [7, 1] combined 0 players 0 retained 0 seconds 0.006243564188480377
sset_21_gloiZ_gTJaE_frame_00100347 pair 107 [7, 2] combined 0 players 0 retained 0 seconds 0.004997133277356625
sset_21_gloiZ_gTJaE_frame_00100347 pair 109 [7, 4] combined 12288 players 0 retained 0 seconds 0.033548837993294
sset_21_gloiZ_gTJaE_frame_00100347 pair 112 [7, 8] combined 0 players 0 retained 0 seconds 0.004344654269516468
sset_21_gloiZ_gTJaE_frame_00100347 pair 113 [7, 9] combined 0 players 0 retained 0 seconds 0.003437879029661417
sset_21_gloiZ_gTJaE_frame_00100347 pair 114 [7, 10] combined 4324 players 0 retained 0 seconds 0.04707863787189126
sset_21_gloiZ_gTJaE_frame_00100347 pair 118 [7, 14] combined 0 players 0 retained 0 seconds 0.005122157745063305
sset_21_gloiZ_gTJaE_frame_00100347 pair 126 [8, 6] combined 0 players 0 retained 0 seconds 0.003046650905162096
sset_21_gloiZ_gTJaE_frame_00100347 pair 127 [8, 7] combined 0 players 0 retained 0 seconds 0.002513537183403969
sset_21_gloiZ_gTJaE_frame_00100347 pair 130 [8, 11] combined 0 players 0 retained 0 seconds 0.0022649429738521576
sset_21_gloiZ_gTJaE_frame_00100347 pair 132 [8, 13] combined 0 players 0 retained 0 seconds 0.0021932008676230907
sset_21_gloiZ_gTJaE_frame_00100347 pair 141 [9, 6] combined 0 players 0 retained 0 seconds 0.006382084917277098
sset_21_gloiZ_gTJaE_frame_00100347 pair 142 [9, 7] combined 0 players 0 retained 0 seconds 0.0029030167497694492
sset_21_gloiZ_gTJaE_frame_00100347 pair 145 [9, 11] combined 0 players 0 retained 0 seconds 0.003249069210141897
sset_21_gloiZ_gTJaE_frame_00100347 pair 146 [9, 12] combined 0 players 0 retained 0 seconds 0.0025231498293578625
sset_21_gloiZ_gTJaE_frame_00100347 pair 147 [9, 13] combined 0 players 0 retained 0 seconds 0.00228061992675066
sset_21_gloiZ_gTJaE_frame_00100347 pair 156 [10, 6] combined 0 players 0 retained 0 seconds 0.009262693114578724
sset_21_gloiZ_gTJaE_frame_00100347 pair 157 [10, 7] combined 1976 players 0 retained 0 seconds 0.008685047272592783
sset_21_gloiZ_gTJaE_frame_00100347 pair 160 [10, 11] combined 0 players 0 retained 0 seconds 0.00708231283351779
sset_21_gloiZ_gTJaE_frame_00100347 pair 161 [10, 12] combined 12 players 0 retained 0 seconds 0.004081715364009142
sset_21_gloiZ_gTJaE_frame_00100347 pair 162 [10, 13] combined 56 players 0 retained 0 seconds 0.004187704063951969
sset_21_gloiZ_gTJaE_frame_00100347 pair 166 [11, 1] combined 22528 players 32 retained 16 seconds 0.05821005580946803
sset_21_gloiZ_gTJaE_frame_00100347 pair 167 [11, 2] combined 14336 players 28 retained 14 seconds 0.04835265688598156
sset_21_gloiZ_gTJaE_frame_00100347 pair 169 [11, 4] combined 3072 players 0 retained 0 seconds 0.01636343216523528
sset_21_gloiZ_gTJaE_frame_00100347 pair 173 [11, 8] combined 0 players 0 retained 0 seconds 0.003460085019469261
sset_21_gloiZ_gTJaE_frame_00100347 pair 174 [11, 9] combined 0 players 0 retained 0 seconds 0.003134863916784525
sset_21_gloiZ_gTJaE_frame_00100347 pair 175 [11, 10] combined 8284 players 134 retained 67 seconds 0.03449426870793104
sset_21_gloiZ_gTJaE_frame_00100347 pair 178 [11, 14] combined 736 players 0 retained 0 seconds 0.007117489352822304
sset_21_gloiZ_gTJaE_frame_00100347 pair 179 [11, 15] combined 0 players 0 retained 0 seconds 0.003157041035592556
sset_21_gloiZ_gTJaE_frame_00100347 pair 181 [12, 1] combined 2160 players 0 retained 0 seconds 0.011747053358703852
sset_21_gloiZ_gTJaE_frame_00100347 pair 182 [12, 2] combined 1020 players 0 retained 0 seconds 0.01242065615952015
sset_21_gloiZ_gTJaE_frame_00100347 pair 184 [12, 4] combined 232 players 0 retained 0 seconds 0.009101061150431633
sset_21_gloiZ_gTJaE_frame_00100347 pair 189 [12, 9] combined 0 players 0 retained 0 seconds 0.00282695097848773
sset_21_gloiZ_gTJaE_frame_00100347 pair 190 [12, 10] combined 372 players 0 retained 0 seconds 0.005142542999237776
sset_21_gloiZ_gTJaE_frame_00100347 pair 193 [12, 14] combined 160 players 0 retained 0 seconds 0.004602567292749882
sset_21_gloiZ_gTJaE_frame_00100347 pair 196 [13, 1] combined 2048 players 244 retained 118 seconds 0.037680402398109436
sset_21_gloiZ_gTJaE_frame_00100347 pair 197 [13, 2] combined 3072 players 426 retained 208 seconds 0.05796240596100688
sset_21_gloiZ_gTJaE_frame_00100347 pair 199 [13, 4] combined 3072 players 120 retained 59 seconds 0.036264870781451464
sset_21_gloiZ_gTJaE_frame_00100347 pair 203 [13, 8] combined 0 players 0 retained 0 seconds 0.0032637440599501133
sset_21_gloiZ_gTJaE_frame_00100347 pair 204 [13, 9] combined 16 players 0 retained 0 seconds 0.0025723418220877647
sset_21_gloiZ_gTJaE_frame_00100347 pair 205 [13, 10] combined 3168 players 0 retained 0 seconds 0.010964942164719105
sset_21_gloiZ_gTJaE_frame_00100347 pair 216 [14, 6] combined 0 players 0 retained 0 seconds 0.008364394772797823
sset_21_gloiZ_gTJaE_frame_00100347 pair 217 [14, 7] combined 0 players 0 retained 0 seconds 0.0045267073437571526
sset_21_gloiZ_gTJaE_frame_00100347 pair 221 [14, 11] combined 0 players 0 retained 0 seconds 0.00581827899441123
sset_21_gloiZ_gTJaE_frame_00100347 pair 222 [14, 12] combined 480 players 0 retained 0 seconds 0.0058101508766412735
sset_21_gloiZ_gTJaE_frame_00100347 pair 236 [15, 11] combined 0 players 0 retained 0 seconds 0.0029413760639727116
sset_21_gloiZ_gTJaE_frame_00100347 pair 1 [0, 2] combined 0 players 0 retained 0 seconds 0.012012711726129055
sset_21_gloiZ_gTJaE_frame_00100347 pair 20 [1, 6] combined 0 players 0 retained 0 seconds 0.0019633318297564983
sset_21_gloiZ_gTJaE_frame_00100347 pair 21 [1, 7] combined 0 players 0 retained 0 seconds 0.001893369946628809
sset_21_gloiZ_gTJaE_frame_00100347 pair 25 [1, 11] combined 0 players 0 retained 0 seconds 0.002222994342446327
sset_21_gloiZ_gTJaE_frame_00100347 pair 26 [1, 12] combined 0 players 0 retained 0 seconds 0.0014955331571400166
sset_21_gloiZ_gTJaE_frame_00100347 pair 27 [1, 13] combined 0 players 0 retained 0 seconds 0.0013040038757026196
sset_21_gloiZ_gTJaE_frame_00100347 pair 30 [2, 0] combined 0 players 0 retained 0 seconds 0.008479703683406115
sset_21_gloiZ_gTJaE_frame_00100347 pair 32 [2, 3] combined 0 players 0 retained 0 seconds 0.00346109876409173
sset_21_gloiZ_gTJaE_frame_00100347 pair 34 [2, 5] combined 0 players 0 retained 0 seconds 0.0034624729305505753
sset_21_gloiZ_gTJaE_frame_00100347 pair 35 [2, 6] combined 0 players 0 retained 0 seconds 0.0019029160030186176
sset_21_gloiZ_gTJaE_frame_00100347 pair 36 [2, 7] combined 0 players 0 retained 0 seconds 0.0016828072257339954
sset_21_gloiZ_gTJaE_frame_00100347 pair 40 [2, 11] combined 0 players 0 retained 0 seconds 0.002930921968072653
sset_21_gloiZ_gTJaE_frame_00100347 pair 41 [2, 12] combined 0 players 0 retained 0 seconds 0.0016035223379731178
sset_21_gloiZ_gTJaE_frame_00100347 pair 42 [2, 13] combined 0 players 0 retained 0 seconds 0.0013722749426960945
sset_21_gloiZ_gTJaE_frame_00100347 pair 47 [3, 2] combined 0 players 0 retained 0 seconds 0.004285853821784258
sset_21_gloiZ_gTJaE_frame_00100347 pair 65 [4, 6] combined 0 players 0 retained 0 seconds 0.002266707830131054
sset_21_gloiZ_gTJaE_frame_00100347 pair 66 [4, 7] combined 656 players 0 retained 0 seconds 0.004330063704401255
sset_21_gloiZ_gTJaE_frame_00100347 pair 70 [4, 11] combined 0 players 0 retained 0 seconds 0.003072395920753479
sset_21_gloiZ_gTJaE_frame_00100347 pair 71 [4, 12] combined 0 players 0 retained 0 seconds 0.001733770128339529
sset_21_gloiZ_gTJaE_frame_00100347 pair 72 [4, 13] combined 0 players 0 retained 0 seconds 0.0014733034186065197
sset_21_gloiZ_gTJaE_frame_00100347 pair 77 [5, 2] combined 0 players 0 retained 0 seconds 0.004427328705787659
sset_21_gloiZ_gTJaE_frame_00100347 pair 91 [6, 1] combined 0 players 0 retained 0 seconds 0.0018370351754128933
sset_21_gloiZ_gTJaE_frame_00100347 pair 92 [6, 2] combined 128 players 0 retained 0 seconds 0.0024436800740659237
sset_21_gloiZ_gTJaE_frame_00100347 pair 94 [6, 4] combined 0 players 0 retained 0 seconds 0.0020103170536458492
sset_21_gloiZ_gTJaE_frame_00100347 pair 97 [6, 8] combined 0 players 0 retained 0 seconds 0.001376626081764698
sset_21_gloiZ_gTJaE_frame_00100347 pair 98 [6, 9] combined 0 players 0 retained 0 seconds 0.0015946552157402039
sset_21_gloiZ_gTJaE_frame_00100347 pair 99 [6, 10] combined 0 players 0 retained 0 seconds 0.001596453133970499
sset_21_gloiZ_gTJaE_frame_00100347 pair 103 [6, 14] combined 0 players 0 retained 0 seconds 0.0016554519534111023
sset_21_gloiZ_gTJaE_frame_00100347 pair 106 [7, 1] combined 0 players 0 retained 0 seconds 0.0020041088573634624
sset_21_gloiZ_gTJaE_frame_00100347 pair 107 [7, 2] combined 0 players 0 retained 0 seconds 0.0018564462661743164
sset_21_gloiZ_gTJaE_frame_00100347 pair 109 [7, 4] combined 432 players 0 retained 0 seconds 0.003463307861238718
sset_21_gloiZ_gTJaE_frame_00100347 pair 112 [7, 8] combined 0 players 0 retained 0 seconds 0.0019212020561099052
sset_21_gloiZ_gTJaE_frame_00100347 pair 113 [7, 9] combined 0 players 0 retained 0 seconds 0.0019475766457617283
sset_21_gloiZ_gTJaE_frame_00100347 pair 114 [7, 10] combined 0 players 0 retained 0 seconds 0.0019857832230627537
sset_21_gloiZ_gTJaE_frame_00100347 pair 118 [7, 14] combined 0 players 0 retained 0 seconds 0.0019263392314314842
sset_21_gloiZ_gTJaE_frame_00100347 pair 126 [8, 6] combined 0 players 0 retained 0 seconds 0.0012388979084789753
sset_21_gloiZ_gTJaE_frame_00100347 pair 127 [8, 7] combined 0 players 0 retained 0 seconds 0.0013330369256436825
sset_21_gloiZ_gTJaE_frame_00100347 pair 130 [8, 11] combined 0 players 0 retained 0 seconds 0.0013148579746484756
sset_21_gloiZ_gTJaE_frame_00100347 pair 132 [8, 13] combined 0 players 0 retained 0 seconds 0.0010435907170176506
sset_21_gloiZ_gTJaE_frame_00100347 pair 141 [9, 6] combined 0 players 0 retained 0 seconds 0.0019924468360841274
sset_21_gloiZ_gTJaE_frame_00100347 pair 142 [9, 7] combined 0 players 0 retained 0 seconds 0.0017844107933342457
sset_21_gloiZ_gTJaE_frame_00100347 pair 145 [9, 11] combined 0 players 0 retained 0 seconds 0.00160929374396801
sset_21_gloiZ_gTJaE_frame_00100347 pair 146 [9, 12] combined 0 players 0 retained 0 seconds 0.0013056686148047447
sset_21_gloiZ_gTJaE_frame_00100347 pair 147 [9, 13] combined 0 players 0 retained 0 seconds 0.0012517143040895462
sset_21_gloiZ_gTJaE_frame_00100347 pair 156 [10, 6] combined 0 players 0 retained 0 seconds 0.0014201560989022255
sset_21_gloiZ_gTJaE_frame_00100347 pair 157 [10, 7] combined 0 players 0 retained 0 seconds 0.0016618608497083187
sset_21_gloiZ_gTJaE_frame_00100347 pair 160 [10, 11] combined 0 players 0 retained 0 seconds 0.0016108741983771324
sset_21_gloiZ_gTJaE_frame_00100347 pair 161 [10, 12] combined 0 players 0 retained 0 seconds 0.001052103005349636
sset_21_gloiZ_gTJaE_frame_00100347 pair 162 [10, 13] combined 0 players 0 retained 0 seconds 0.001036049798130989
sset_21_gloiZ_gTJaE_frame_00100347 pair 166 [11, 1] combined 12 players 0 retained 0 seconds 0.0022638486698269844
sset_21_gloiZ_gTJaE_frame_00100347 pair 167 [11, 2] combined 120 players 0 retained 0 seconds 0.0025354279205203056
sset_21_gloiZ_gTJaE_frame_00100347 pair 169 [11, 4] combined 0 players 0 retained 0 seconds 0.0022489121183753014
sset_21_gloiZ_gTJaE_frame_00100347 pair 173 [11, 8] combined 0 players 0 retained 0 seconds 0.0016052937135100365
sset_21_gloiZ_gTJaE_frame_00100347 pair 174 [11, 9] combined 4 players 0 retained 0 seconds 0.001780014019459486
sset_21_gloiZ_gTJaE_frame_00100347 pair 175 [11, 10] combined 0 players 0 retained 0 seconds 0.0017126970924437046
sset_21_gloiZ_gTJaE_frame_00100347 pair 178 [11, 14] combined 4 players 0 retained 0 seconds 0.0017822603695094585
sset_21_gloiZ_gTJaE_frame_00100347 pair 179 [11, 15] combined 0 players 0 retained 0 seconds 0.0015791240148246288
sset_21_gloiZ_gTJaE_frame_00100347 pair 181 [12, 1] combined 0 players 0 retained 0 seconds 0.001416041050106287
sset_21_gloiZ_gTJaE_frame_00100347 pair 182 [12, 2] combined 0 players 0 retained 0 seconds 0.001519606914371252
sset_21_gloiZ_gTJaE_frame_00100347 pair 184 [12, 4] combined 0 players 0 retained 0 seconds 0.0015422869473695755
sset_21_gloiZ_gTJaE_frame_00100347 pair 189 [12, 9] combined 0 players 0 retained 0 seconds 0.0013096937909722328
sset_21_gloiZ_gTJaE_frame_00100347 pair 190 [12, 10] combined 0 players 0 retained 0 seconds 0.001075883861631155
sset_21_gloiZ_gTJaE_frame_00100347 pair 193 [12, 14] combined 0 players 0 retained 0 seconds 0.0012805219739675522
sset_21_gloiZ_gTJaE_frame_00100347 pair 196 [13, 1] combined 0 players 0 retained 0 seconds 0.0015760157257318497
sset_21_gloiZ_gTJaE_frame_00100347 pair 197 [13, 2] combined 0 players 0 retained 0 seconds 0.00168971111997962
sset_21_gloiZ_gTJaE_frame_00100347 pair 199 [13, 4] combined 0 players 0 retained 0 seconds 0.0018615680746734142
sset_21_gloiZ_gTJaE_frame_00100347 pair 203 [13, 8] combined 0 players 0 retained 0 seconds 0.0010693399235606194
sset_21_gloiZ_gTJaE_frame_00100347 pair 204 [13, 9] combined 0 players 0 retained 0 seconds 0.00124730309471488
sset_21_gloiZ_gTJaE_frame_00100347 pair 205 [13, 10] combined 0 players 0 retained 0 seconds 0.0010296623222529888
sset_21_gloiZ_gTJaE_frame_00100347 pair 216 [14, 6] combined 0 players 0 retained 0 seconds 0.0019854563288390636
sset_21_gloiZ_gTJaE_frame_00100347 pair 217 [14, 7] combined 0 players 0 retained 0 seconds 0.0017168642953038216
sset_21_gloiZ_gTJaE_frame_00100347 pair 221 [14, 11] combined 0 players 0 retained 0 seconds 0.0018134722486138344
sset_21_gloiZ_gTJaE_frame_00100347 pair 222 [14, 12] combined 0 players 0 retained 0 seconds 0.0013327081687748432
sset_21_gloiZ_gTJaE_frame_00100347 pair 236 [15, 11] combined 0 players 0 retained 0 seconds 0.001726670190691948
[sset_21_gloiZ_gTJaE_frame_00100347] line-template: preparing rectangles
[sset_21_gloiZ_gTJaE_frame_00100347] measuring 512 parents (G0=256, G1=0, line_template=256; conflicting geometry groups=0)
[sset_21_gloiZ_gTJaE_frame_00100347] parents 250/512
[sset_21_gloiZ_gTJaE_frame_00100347] parents 500/512
[sset_21_gloiZ_gTJaE_frame_00100347] refitting 512 parents
[sset_21_gloiZ_gTJaE_frame_00100347] refits 250/512; valid children=190
[sset_21_gloiZ_gTJaE_frame_00100347] refits 500/512; valid children=418
{"view_id": "sset_21_gloiZ_gTJaE_frame_00100347", "chosen_key": "G0:199:70", "no_court_reason": null, "all_checks_equal": null, "error": null}
sset_21_gloiZ_gTJaE_frame_00000300 pair 5 [0, 6] combined 0 players 0 retained 0 seconds 0.10661324532702565
sset_21_gloiZ_gTJaE_frame_00000300 pair 16 [1, 2] combined 0 players 0 retained 0 seconds 0.03962317109107971
sset_21_gloiZ_gTJaE_frame_00000300 pair 18 [1, 4] combined 0 players 0 retained 0 seconds 0.03522288892418146
sset_21_gloiZ_gTJaE_frame_00000300 pair 21 [1, 7] combined 0 players 0 retained 0 seconds 0.03589614201337099
sset_21_gloiZ_gTJaE_frame_00000300 pair 22 [1, 8] combined 0 players 0 retained 0 seconds 0.035447667352855206
sset_21_gloiZ_gTJaE_frame_00000300 pair 24 [1, 10] combined 0 players 0 retained 0 seconds 0.035338717978447676
sset_21_gloiZ_gTJaE_frame_00000300 pair 25 [1, 11] combined 0 players 0 retained 0 seconds 0.034594399854540825
sset_21_gloiZ_gTJaE_frame_00000300 pair 26 [1, 12] combined 0 players 0 retained 0 seconds 0.03999202698469162
sset_21_gloiZ_gTJaE_frame_00000300 pair 28 [1, 14] combined 0 players 0 retained 0 seconds 0.034426342230290174
sset_21_gloiZ_gTJaE_frame_00000300 pair 29 [1, 15] combined 0 players 0 retained 0 seconds 0.034465181175619364
sset_21_gloiZ_gTJaE_frame_00000300 pair 31 [2, 1] combined 0 players 0 retained 0 seconds 0.03145313262939453
sset_21_gloiZ_gTJaE_frame_00000300 pair 34 [2, 5] combined 0 players 0 retained 0 seconds 0.026589089073240757
sset_21_gloiZ_gTJaE_frame_00000300 pair 35 [2, 6] combined 0 players 0 retained 0 seconds 0.02480581821873784
sset_21_gloiZ_gTJaE_frame_00000300 pair 38 [2, 9] combined 0 players 0 retained 0 seconds 0.023755060974508524
sset_21_gloiZ_gTJaE_frame_00000300 pair 41 [2, 12] combined 0 players 0 retained 0 seconds 0.02867880091071129
sset_21_gloiZ_gTJaE_frame_00000300 pair 42 [2, 13] combined 0 players 0 retained 0 seconds 0.02329043112695217
sset_21_gloiZ_gTJaE_frame_00000300 pair 50 [3, 6] combined 0 players 0 retained 0 seconds 0.073862724006176
sset_21_gloiZ_gTJaE_frame_00000300 pair 61 [4, 1] combined 0 players 0 retained 0 seconds 0.017556302715092897
sset_21_gloiZ_gTJaE_frame_00000300 pair 64 [4, 5] combined 0 players 0 retained 0 seconds 0.012077704071998596
sset_21_gloiZ_gTJaE_frame_00000300 pair 65 [4, 6] combined 0 players 0 retained 0 seconds 0.010316804982721806
sset_21_gloiZ_gTJaE_frame_00000300 pair 68 [4, 9] combined 0 players 0 retained 0 seconds 0.009264745283871889
sset_21_gloiZ_gTJaE_frame_00000300 pair 77 [5, 2] combined 0 players 0 retained 0 seconds 0.022826786153018475
sset_21_gloiZ_gTJaE_frame_00000300 pair 79 [5, 4] combined 0 players 0 retained 0 seconds 0.01815494615584612
sset_21_gloiZ_gTJaE_frame_00000300 pair 81 [5, 7] combined 0 players 0 retained 0 seconds 0.019186291377991438
sset_21_gloiZ_gTJaE_frame_00000300 pair 82 [5, 8] combined 0 players 0 retained 0 seconds 0.018408771138638258
sset_21_gloiZ_gTJaE_frame_00000300 pair 84 [5, 10] combined 0 players 0 retained 0 seconds 0.018028754740953445
sset_21_gloiZ_gTJaE_frame_00000300 pair 85 [5, 11] combined 0 players 0 retained 0 seconds 0.01699422812089324
sset_21_gloiZ_gTJaE_frame_00000300 pair 88 [5, 14] combined 0 players 0 retained 0 seconds 0.01728685898706317
sset_21_gloiZ_gTJaE_frame_00000300 pair 89 [5, 15] combined 0 players 0 retained 0 seconds 0.017597204074263573
sset_21_gloiZ_gTJaE_frame_00000300 pair 90 [6, 0] combined 0 players 0 retained 0 seconds 0.04208365175873041
sset_21_gloiZ_gTJaE_frame_00000300 pair 92 [6, 2] combined 0 players 0 retained 0 seconds 0.01736900396645069
sset_21_gloiZ_gTJaE_frame_00000300 pair 93 [6, 3] combined 0 players 0 retained 0 seconds 0.032144106924533844
sset_21_gloiZ_gTJaE_frame_00000300 pair 94 [6, 4] combined 0 players 0 retained 0 seconds 0.012904758099466562
sset_21_gloiZ_gTJaE_frame_00000300 pair 96 [6, 7] combined 0 players 0 retained 0 seconds 0.013775337021797895
sset_21_gloiZ_gTJaE_frame_00000300 pair 97 [6, 8] combined 0 players 0 retained 0 seconds 0.013065885752439499
sset_21_gloiZ_gTJaE_frame_00000300 pair 99 [6, 10] combined 0 players 0 retained 0 seconds 0.012785532977432013
sset_21_gloiZ_gTJaE_frame_00000300 pair 100 [6, 11] combined 0 players 0 retained 0 seconds 0.010809546802192926
sset_21_gloiZ_gTJaE_frame_00000300 pair 101 [6, 12] combined 0 players 0 retained 0 seconds 0.017435917165130377
sset_21_gloiZ_gTJaE_frame_00000300 pair 103 [6, 14] combined 0 players 0 retained 0 seconds 0.012219434604048729
sset_21_gloiZ_gTJaE_frame_00000300 pair 104 [6, 15] combined 0 players 0 retained 0 seconds 0.011908067855983973
sset_21_gloiZ_gTJaE_frame_00000300 pair 106 [7, 1] combined 0 players 0 retained 0 seconds 0.01960005285218358
sset_21_gloiZ_gTJaE_frame_00000300 pair 110 [7, 5] combined 0 players 0 retained 0 seconds 0.014574478846043348
sset_21_gloiZ_gTJaE_frame_00000300 pair 111 [7, 6] combined 0 players 0 retained 0 seconds 0.012774025090038776
sset_21_gloiZ_gTJaE_frame_00000300 pair 113 [7, 9] combined 0 players 0 retained 0 seconds 0.012542960699647665
sset_21_gloiZ_gTJaE_frame_00000300 pair 117 [7, 13] combined 0 players 0 retained 0 seconds 0.011975251603871584
sset_21_gloiZ_gTJaE_frame_00000300 pair 121 [8, 1] combined 0 players 0 retained 0 seconds 0.017099834978580475
sset_21_gloiZ_gTJaE_frame_00000300 pair 125 [8, 5] combined 0 players 0 retained 0 seconds 0.01191267417743802
sset_21_gloiZ_gTJaE_frame_00000300 pair 126 [8, 6] combined 0 players 0 retained 0 seconds 0.010124648455530405
sset_21_gloiZ_gTJaE_frame_00000300 pair 128 [8, 9] combined 0 players 0 retained 0 seconds 0.008189829997718334
sset_21_gloiZ_gTJaE_frame_00000300 pair 137 [9, 2] combined 0 players 0 retained 0 seconds 0.014025927055627108
sset_21_gloiZ_gTJaE_frame_00000300 pair 139 [9, 4] combined 0 players 0 retained 0 seconds 0.009058618918061256
sset_21_gloiZ_gTJaE_frame_00000300 pair 142 [9, 7] combined 0 players 0 retained 0 seconds 0.010100358165800571
sset_21_gloiZ_gTJaE_frame_00000300 pair 143 [9, 8] combined 0 players 0 retained 0 seconds 0.008253624197095633
sset_21_gloiZ_gTJaE_frame_00000300 pair 144 [9, 10] combined 0 players 0 retained 0 seconds 0.008932116907089949
sset_21_gloiZ_gTJaE_frame_00000300 pair 145 [9, 11] combined 0 players 0 retained 0 seconds 0.008356760255992413
sset_21_gloiZ_gTJaE_frame_00000300 pair 148 [9, 14] combined 0 players 0 retained 0 seconds 0.00823373906314373
sset_21_gloiZ_gTJaE_frame_00000300 pair 149 [9, 15] combined 0 players 0 retained 0 seconds 0.008243320975452662
sset_21_gloiZ_gTJaE_frame_00000300 pair 151 [10, 1] combined 0 players 0 retained 0 seconds 0.016407013405114412
sset_21_gloiZ_gTJaE_frame_00000300 pair 155 [10, 5] combined 0 players 0 retained 0 seconds 0.011394400615245104
sset_21_gloiZ_gTJaE_frame_00000300 pair 156 [10, 6] combined 0 players 0 retained 0 seconds 0.009696811903268099
sset_21_gloiZ_gTJaE_frame_00000300 pair 159 [10, 9] combined 0 players 0 retained 0 seconds 0.00840227073058486
sset_21_gloiZ_gTJaE_frame_00000300 pair 166 [11, 1] combined 0 players 0 retained 0 seconds 0.014578456990420818
sset_21_gloiZ_gTJaE_frame_00000300 pair 170 [11, 5] combined 0 players 0 retained 0 seconds 0.00858965190127492
sset_21_gloiZ_gTJaE_frame_00000300 pair 171 [11, 6] combined 0 players 0 retained 0 seconds 0.006931782234460115
sset_21_gloiZ_gTJaE_frame_00000300 pair 174 [11, 9] combined 0 players 0 retained 0 seconds 0.006628354080021381
sset_21_gloiZ_gTJaE_frame_00000300 pair 181 [12, 1] combined 0 players 0 retained 0 seconds 0.03251643618568778
sset_21_gloiZ_gTJaE_frame_00000300 pair 182 [12, 2] combined 0 players 0 retained 0 seconds 0.02899395627900958
sset_21_gloiZ_gTJaE_frame_00000300 pair 186 [12, 6] combined 0 players 0 retained 0 seconds 0.025460352655500174
sset_21_gloiZ_gTJaE_frame_00000300 pair 197 [13, 2] combined 0 players 0 retained 0 seconds 0.011176183819770813
sset_21_gloiZ_gTJaE_frame_00000300 pair 202 [13, 7] combined 0 players 0 retained 0 seconds 0.007585625164210796
sset_21_gloiZ_gTJaE_frame_00000300 pair 211 [14, 1] combined 0 players 0 retained 0 seconds 0.015042230021208525
sset_21_gloiZ_gTJaE_frame_00000300 pair 215 [14, 5] combined 0 players 0 retained 0 seconds 0.009355566930025816
sset_21_gloiZ_gTJaE_frame_00000300 pair 216 [14, 6] combined 0 players 0 retained 0 seconds 0.008035376202315092
sset_21_gloiZ_gTJaE_frame_00000300 pair 219 [14, 9] combined 0 players 0 retained 0 seconds 0.006377828773111105
sset_21_gloiZ_gTJaE_frame_00000300 pair 226 [15, 1] combined 0 players 0 retained 0 seconds 0.014265930745750666
sset_21_gloiZ_gTJaE_frame_00000300 pair 230 [15, 5] combined 0 players 0 retained 0 seconds 0.009194320999085903
sset_21_gloiZ_gTJaE_frame_00000300 pair 231 [15, 6] combined 0 players 0 retained 0 seconds 0.007474377751350403
sset_21_gloiZ_gTJaE_frame_00000300 pair 234 [15, 9] combined 0 players 0 retained 0 seconds 0.006338765379041433
sset_21_gloiZ_gTJaE_frame_00000300 pair 5 [0, 6] combined 0 players 0 retained 0 seconds 0.046194279100745916
sset_21_gloiZ_gTJaE_frame_00000300 pair 16 [1, 2] combined 0 players 0 retained 0 seconds 0.006458645220845938
sset_21_gloiZ_gTJaE_frame_00000300 pair 18 [1, 4] combined 0 players 0 retained 0 seconds 0.005715934094041586
sset_21_gloiZ_gTJaE_frame_00000300 pair 21 [1, 7] combined 0 players 0 retained 0 seconds 0.00578317791223526
sset_21_gloiZ_gTJaE_frame_00000300 pair 22 [1, 8] combined 0 players 0 retained 0 seconds 0.005771248135715723
sset_21_gloiZ_gTJaE_frame_00000300 pair 24 [1, 10] combined 0 players 0 retained 0 seconds 0.005684042349457741
sset_21_gloiZ_gTJaE_frame_00000300 pair 25 [1, 11] combined 0 players 0 retained 0 seconds 0.005567164160311222
sset_21_gloiZ_gTJaE_frame_00000300 pair 26 [1, 12] combined 0 players 0 retained 0 seconds 0.007925600279122591
sset_21_gloiZ_gTJaE_frame_00000300 pair 28 [1, 14] combined 0 players 0 retained 0 seconds 0.005626555997878313
sset_21_gloiZ_gTJaE_frame_00000300 pair 29 [1, 15] combined 0 players 0 retained 0 seconds 0.005828616674989462
sset_21_gloiZ_gTJaE_frame_00000300 pair 31 [2, 1] combined 0 players 0 retained 0 seconds 0.004744065925478935
sset_21_gloiZ_gTJaE_frame_00000300 pair 34 [2, 5] combined 0 players 0 retained 0 seconds 0.004115995019674301
sset_21_gloiZ_gTJaE_frame_00000300 pair 35 [2, 6] combined 0 players 0 retained 0 seconds 0.0038651269860565662
sset_21_gloiZ_gTJaE_frame_00000300 pair 38 [2, 9] combined 0 players 0 retained 0 seconds 0.0036052349023520947
sset_21_gloiZ_gTJaE_frame_00000300 pair 41 [2, 12] combined 0 players 0 retained 0 seconds 0.005932369735091925
sset_21_gloiZ_gTJaE_frame_00000300 pair 42 [2, 13] combined 0 players 0 retained 0 seconds 0.0036568590439856052
sset_21_gloiZ_gTJaE_frame_00000300 pair 50 [3, 6] combined 0 players 0 retained 0 seconds 0.015606056898832321
sset_21_gloiZ_gTJaE_frame_00000300 pair 61 [4, 1] combined 0 players 0 retained 0 seconds 0.002970104105770588
sset_21_gloiZ_gTJaE_frame_00000300 pair 64 [4, 5] combined 0 players 0 retained 0 seconds 0.0021549141965806484
sset_21_gloiZ_gTJaE_frame_00000300 pair 65 [4, 6] combined 0 players 0 retained 0 seconds 0.001872797030955553
sset_21_gloiZ_gTJaE_frame_00000300 pair 68 [4, 9] combined 0 players 0 retained 0 seconds 0.0016656811349093914
sset_21_gloiZ_gTJaE_frame_00000300 pair 77 [5, 2] combined 0 players 0 retained 0 seconds 0.003999938722699881
sset_21_gloiZ_gTJaE_frame_00000300 pair 79 [5, 4] combined 0 players 0 retained 0 seconds 0.0033879210241138935
sset_21_gloiZ_gTJaE_frame_00000300 pair 81 [5, 7] combined 0 players 0 retained 0 seconds 0.0034892489202320576
sset_21_gloiZ_gTJaE_frame_00000300 pair 82 [5, 8] combined 0 players 0 retained 0 seconds 0.003527106251567602
sset_21_gloiZ_gTJaE_frame_00000300 pair 84 [5, 10] combined 0 players 0 retained 0 seconds 0.0033185919746756554
sset_21_gloiZ_gTJaE_frame_00000300 pair 85 [5, 11] combined 0 players 0 retained 0 seconds 0.0032446710392832756
sset_21_gloiZ_gTJaE_frame_00000300 pair 88 [5, 14] combined 0 players 0 retained 0 seconds 0.0032612760551273823
sset_21_gloiZ_gTJaE_frame_00000300 pair 89 [5, 15] combined 0 players 0 retained 0 seconds 0.0033734519965946674
sset_21_gloiZ_gTJaE_frame_00000300 pair 90 [6, 0] combined 0 players 0 retained 0 seconds 0.015841747634112835
sset_21_gloiZ_gTJaE_frame_00000300 pair 92 [6, 2] combined 0 players 0 retained 0 seconds 0.003216399811208248
sset_21_gloiZ_gTJaE_frame_00000300 pair 93 [6, 3] combined 0 players 0 retained 0 seconds 0.006784664932638407
sset_21_gloiZ_gTJaE_frame_00000300 pair 94 [6, 4] combined 0 players 0 retained 0 seconds 0.002560093067586422
sset_21_gloiZ_gTJaE_frame_00000300 pair 96 [6, 7] combined 0 players 0 retained 0 seconds 0.0026932889595627785
sset_21_gloiZ_gTJaE_frame_00000300 pair 97 [6, 8] combined 0 players 0 retained 0 seconds 0.0027329260483384132
sset_21_gloiZ_gTJaE_frame_00000300 pair 99 [6, 10] combined 0 players 0 retained 0 seconds 0.0024779411032795906
sset_21_gloiZ_gTJaE_frame_00000300 pair 100 [6, 11] combined 0 players 0 retained 0 seconds 0.002366067375987768
sset_21_gloiZ_gTJaE_frame_00000300 pair 101 [6, 12] combined 0 players 0 retained 0 seconds 0.0047416239976882935
sset_21_gloiZ_gTJaE_frame_00000300 pair 103 [6, 14] combined 0 players 0 retained 0 seconds 0.002434144262224436
sset_21_gloiZ_gTJaE_frame_00000300 pair 104 [6, 15] combined 0 players 0 retained 0 seconds 0.0025205453857779503
sset_21_gloiZ_gTJaE_frame_00000300 pair 106 [7, 1] combined 0 players 0 retained 0 seconds 0.002954765222966671
sset_21_gloiZ_gTJaE_frame_00000300 pair 110 [7, 5] combined 0 players 0 retained 0 seconds 0.002225991804152727
sset_21_gloiZ_gTJaE_frame_00000300 pair 111 [7, 6] combined 0 players 0 retained 0 seconds 0.0021841968409717083
sset_21_gloiZ_gTJaE_frame_00000300 pair 113 [7, 9] combined 0 players 0 retained 0 seconds 0.002015708014369011
sset_21_gloiZ_gTJaE_frame_00000300 pair 117 [7, 13] combined 0 players 0 retained 0 seconds 0.001975008752197027
sset_21_gloiZ_gTJaE_frame_00000300 pair 121 [8, 1] combined 0 players 0 retained 0 seconds 0.0031210361048579216
sset_21_gloiZ_gTJaE_frame_00000300 pair 125 [8, 5] combined 0 players 0 retained 0 seconds 0.0024754400365054607
sset_21_gloiZ_gTJaE_frame_00000300 pair 126 [8, 6] combined 0 players 0 retained 0 seconds 0.0022189458832144737
sset_21_gloiZ_gTJaE_frame_00000300 pair 128 [8, 9] combined 0 players 0 retained 0 seconds 0.001722204964607954
sset_21_gloiZ_gTJaE_frame_00000300 pair 137 [9, 2] combined 0 players 0 retained 0 seconds 0.002495232969522476
sset_21_gloiZ_gTJaE_frame_00000300 pair 139 [9, 4] combined 0 players 0 retained 0 seconds 0.00188065180554986
sset_21_gloiZ_gTJaE_frame_00000300 pair 142 [9, 7] combined 0 players 0 retained 0 seconds 0.0020240801386535168
sset_21_gloiZ_gTJaE_frame_00000300 pair 143 [9, 8] combined 0 players 0 retained 0 seconds 0.001772427000105381
sset_21_gloiZ_gTJaE_frame_00000300 pair 144 [9, 10] combined 0 players 0 retained 0 seconds 0.0018455120734870434
sset_21_gloiZ_gTJaE_frame_00000300 pair 145 [9, 11] combined 0 players 0 retained 0 seconds 0.0017893342301249504
sset_21_gloiZ_gTJaE_frame_00000300 pair 148 [9, 14] combined 0 players 0 retained 0 seconds 0.0018037250265479088
sset_21_gloiZ_gTJaE_frame_00000300 pair 149 [9, 15] combined 0 players 0 retained 0 seconds 0.0019012149423360825
sset_21_gloiZ_gTJaE_frame_00000300 pair 151 [10, 1] combined 0 players 0 retained 0 seconds 0.0026235119439661503
sset_21_gloiZ_gTJaE_frame_00000300 pair 155 [10, 5] combined 0 players 0 retained 0 seconds 0.001985589973628521
sset_21_gloiZ_gTJaE_frame_00000300 pair 156 [10, 6] combined 0 players 0 retained 0 seconds 0.001640847884118557
sset_21_gloiZ_gTJaE_frame_00000300 pair 159 [10, 9] combined 0 players 0 retained 0 seconds 0.0014580669812858105
sset_21_gloiZ_gTJaE_frame_00000300 pair 166 [11, 1] combined 0 players 0 retained 0 seconds 0.002520517911761999
sset_21_gloiZ_gTJaE_frame_00000300 pair 170 [11, 5] combined 0 players 0 retained 0 seconds 0.0018216907046735287
sset_21_gloiZ_gTJaE_frame_00000300 pair 171 [11, 6] combined 0 players 0 retained 0 seconds 0.0015289699658751488
sset_21_gloiZ_gTJaE_frame_00000300 pair 174 [11, 9] combined 0 players 0 retained 0 seconds 0.0013430197723209858
sset_21_gloiZ_gTJaE_frame_00000300 pair 181 [12, 1] combined 0 players 0 retained 0 seconds 0.010060812346637249
sset_21_gloiZ_gTJaE_frame_00000300 pair 182 [12, 2] combined 0 players 0 retained 0 seconds 0.009362200275063515
sset_21_gloiZ_gTJaE_frame_00000300 pair 186 [12, 6] combined 0 players 0 retained 0 seconds 0.009088055696338415
sset_21_gloiZ_gTJaE_frame_00000300 pair 197 [13, 2] combined 0 players 0 retained 0 seconds 0.0025513400323688984
sset_21_gloiZ_gTJaE_frame_00000300 pair 202 [13, 7] combined 0 players 0 retained 0 seconds 0.0020317970775067806
sset_21_gloiZ_gTJaE_frame_00000300 pair 211 [14, 1] combined 0 players 0 retained 0 seconds 0.002809538971632719
sset_21_gloiZ_gTJaE_frame_00000300 pair 215 [14, 5] combined 0 players 0 retained 0 seconds 0.001940988004207611
sset_21_gloiZ_gTJaE_frame_00000300 pair 216 [14, 6] combined 0 players 0 retained 0 seconds 0.0016704602167010307
sset_21_gloiZ_gTJaE_frame_00000300 pair 219 [14, 9] combined 0 players 0 retained 0 seconds 0.0014867288991808891
sset_21_gloiZ_gTJaE_frame_00000300 pair 226 [15, 1] combined 0 players 0 retained 0 seconds 0.0029566697776317596
sset_21_gloiZ_gTJaE_frame_00000300 pair 230 [15, 5] combined 0 players 0 retained 0 seconds 0.0022442517802119255
sset_21_gloiZ_gTJaE_frame_00000300 pair 231 [15, 6] combined 0 players 0 retained 0 seconds 0.0019601602107286453
sset_21_gloiZ_gTJaE_frame_00000300 pair 234 [15, 9] combined 0 players 0 retained 0 seconds 0.0017118076793849468
[sset_21_gloiZ_gTJaE_frame_00000300] line-template: preparing rectangles
[sset_21_gloiZ_gTJaE_frame_00000300] measuring 256 parents (G0=0, G1=0, line_template=256; conflicting geometry groups=0)
[sset_21_gloiZ_gTJaE_frame_00000300] parents 250/256
[sset_21_gloiZ_gTJaE_frame_00000300] refitting 256 parents
[sset_21_gloiZ_gTJaE_frame_00000300] refits 250/256; valid children=186
{"view_id": "sset_21_gloiZ_gTJaE_frame_00000300", "chosen_key": null, "no_court_reason": "no_gated_court", "all_checks_equal": null, "error": null}
sset_21_gloiZ_gTJaE_frame_00023893 pair 0 [0, 1] combined 0 players 0 retained 0 seconds 0.011489969212561846
sset_21_gloiZ_gTJaE_frame_00023893 pair 1 [0, 2] combined 0 players 0 retained 0 seconds 0.009621766861528158
sset_21_gloiZ_gTJaE_frame_00023893 pair 2 [0, 3] combined 0 players 0 retained 0 seconds 0.009567122906446457
sset_21_gloiZ_gTJaE_frame_00023893 pair 3 [0, 4] combined 0 players 0 retained 0 seconds 0.00935538113117218
sset_21_gloiZ_gTJaE_frame_00023893 pair 4 [0, 5] combined 0 players 0 retained 0 seconds 0.009294169023633003
sset_21_gloiZ_gTJaE_frame_00023893 pair 5 [0, 6] combined 0 players 0 retained 0 seconds 0.009184189140796661
sset_21_gloiZ_gTJaE_frame_00023893 pair 6 [0, 7] combined 0 players 0 retained 0 seconds 0.009318357799202204
sset_21_gloiZ_gTJaE_frame_00023893 pair 7 [0, 8] combined 0 players 0 retained 0 seconds 0.009320890065282583
sset_21_gloiZ_gTJaE_frame_00023893 pair 8 [0, 9] combined 0 players 0 retained 0 seconds 0.008919545449316502
sset_21_gloiZ_gTJaE_frame_00023893 pair 9 [0, 10] combined 0 players 0 retained 0 seconds 0.009058376774191856
sset_21_gloiZ_gTJaE_frame_00023893 pair 11 [0, 12] combined 0 players 0 retained 0 seconds 0.00915212370455265
sset_21_gloiZ_gTJaE_frame_00023893 pair 13 [0, 14] combined 0 players 0 retained 0 seconds 0.008898705244064331
sset_21_gloiZ_gTJaE_frame_00023893 pair 15 [1, 0] combined 0 players 0 retained 0 seconds 0.00832126010209322
sset_21_gloiZ_gTJaE_frame_00023893 pair 30 [2, 0] combined 0 players 0 retained 0 seconds 0.005621061194688082
sset_21_gloiZ_gTJaE_frame_00023893 pair 45 [3, 0] combined 0 players 0 retained 0 seconds 0.005548800807446241
sset_21_gloiZ_gTJaE_frame_00023893 pair 60 [4, 0] combined 0 players 0 retained 0 seconds 0.005168828181922436
sset_21_gloiZ_gTJaE_frame_00023893 pair 75 [5, 0] combined 0 players 0 retained 0 seconds 0.005297612864524126
sset_21_gloiZ_gTJaE_frame_00023893 pair 85 [5, 11] combined 0 players 0 retained 0 seconds 0.002092922106385231
sset_21_gloiZ_gTJaE_frame_00023893 pair 90 [6, 0] combined 0 players 0 retained 0 seconds 0.005241404753178358
sset_21_gloiZ_gTJaE_frame_00023893 pair 105 [7, 0] combined 0 players 0 retained 0 seconds 0.005542227998375893
sset_21_gloiZ_gTJaE_frame_00023893 pair 120 [8, 0] combined 0 players 0 retained 0 seconds 0.00498824380338192
sset_21_gloiZ_gTJaE_frame_00023893 pair 135 [9, 0] combined 0 players 0 retained 0 seconds 0.0049615600146353245
sset_21_gloiZ_gTJaE_frame_00023893 pair 150 [10, 0] combined 0 players 0 retained 0 seconds 0.0049112457782030106
sset_21_gloiZ_gTJaE_frame_00023893 pair 170 [11, 5] combined 0 players 0 retained 0 seconds 0.0021679368801414967
sset_21_gloiZ_gTJaE_frame_00023893 pair 179 [11, 15] combined 0 players 0 retained 0 seconds 0.0022270451299846172
sset_21_gloiZ_gTJaE_frame_00023893 pair 180 [12, 0] combined 0 players 0 retained 0 seconds 0.005472692660987377
sset_21_gloiZ_gTJaE_frame_00023893 pair 210 [14, 0] combined 0 players 0 retained 0 seconds 0.004958301782608032
sset_21_gloiZ_gTJaE_frame_00023893 pair 236 [15, 11] combined 0 players 0 retained 0 seconds 0.002151239663362503
sset_21_gloiZ_gTJaE_frame_00023893 pair 0 [0, 1] combined 0 players 0 retained 0 seconds 0.0018033511005342007
sset_21_gloiZ_gTJaE_frame_00023893 pair 1 [0, 2] combined 0 players 0 retained 0 seconds 0.001476597972214222
sset_21_gloiZ_gTJaE_frame_00023893 pair 2 [0, 3] combined 0 players 0 retained 0 seconds 0.0013853958807885647
sset_21_gloiZ_gTJaE_frame_00023893 pair 3 [0, 4] combined 0 players 0 retained 0 seconds 0.001421649008989334
sset_21_gloiZ_gTJaE_frame_00023893 pair 4 [0, 5] combined 0 players 0 retained 0 seconds 0.0013972269371151924
sset_21_gloiZ_gTJaE_frame_00023893 pair 5 [0, 6] combined 0 players 0 retained 0 seconds 0.0013335011899471283
sset_21_gloiZ_gTJaE_frame_00023893 pair 6 [0, 7] combined 0 players 0 retained 0 seconds 0.0014473209157586098
sset_21_gloiZ_gTJaE_frame_00023893 pair 7 [0, 8] combined 0 players 0 retained 0 seconds 0.0013320543803274632
sset_21_gloiZ_gTJaE_frame_00023893 pair 8 [0, 9] combined 0 players 0 retained 0 seconds 0.0014029080048203468
sset_21_gloiZ_gTJaE_frame_00023893 pair 9 [0, 10] combined 0 players 0 retained 0 seconds 0.0013795350678265095
sset_21_gloiZ_gTJaE_frame_00023893 pair 11 [0, 12] combined 0 players 0 retained 0 seconds 0.0014011249877512455
sset_21_gloiZ_gTJaE_frame_00023893 pair 13 [0, 14] combined 0 players 0 retained 0 seconds 0.001351651269942522
sset_21_gloiZ_gTJaE_frame_00023893 pair 15 [1, 0] combined 0 players 0 retained 0 seconds 0.001757924910634756
sset_21_gloiZ_gTJaE_frame_00023893 pair 30 [2, 0] combined 0 players 0 retained 0 seconds 0.0014631962403655052
sset_21_gloiZ_gTJaE_frame_00023893 pair 45 [3, 0] combined 0 players 0 retained 0 seconds 0.001422720029950142
sset_21_gloiZ_gTJaE_frame_00023893 pair 60 [4, 0] combined 0 players 0 retained 0 seconds 0.0013379137963056564
sset_21_gloiZ_gTJaE_frame_00023893 pair 75 [5, 0] combined 0 players 0 retained 0 seconds 0.0013269050978124142
sset_21_gloiZ_gTJaE_frame_00023893 pair 85 [5, 11] combined 0 players 0 retained 0 seconds 0.0011868798173964024
sset_21_gloiZ_gTJaE_frame_00023893 pair 90 [6, 0] combined 0 players 0 retained 0 seconds 0.0012489967048168182
sset_21_gloiZ_gTJaE_frame_00023893 pair 105 [7, 0] combined 0 players 0 retained 0 seconds 0.0014841081574559212
sset_21_gloiZ_gTJaE_frame_00023893 pair 120 [8, 0] combined 0 players 0 retained 0 seconds 0.0012767920270562172
sset_21_gloiZ_gTJaE_frame_00023893 pair 135 [9, 0] combined 0 players 0 retained 0 seconds 0.0012440900318324566
sset_21_gloiZ_gTJaE_frame_00023893 pair 150 [10, 0] combined 0 players 0 retained 0 seconds 0.0012575751170516014
sset_21_gloiZ_gTJaE_frame_00023893 pair 170 [11, 5] combined 0 players 0 retained 0 seconds 0.001201719045639038
sset_21_gloiZ_gTJaE_frame_00023893 pair 179 [11, 15] combined 0 players 0 retained 0 seconds 0.0011691912077367306
sset_21_gloiZ_gTJaE_frame_00023893 pair 180 [12, 0] combined 0 players 0 retained 0 seconds 0.0013042241334915161
sset_21_gloiZ_gTJaE_frame_00023893 pair 210 [14, 0] combined 0 players 0 retained 0 seconds 0.0012821769341826439
sset_21_gloiZ_gTJaE_frame_00023893 pair 236 [15, 11] combined 0 players 0 retained 0 seconds 0.0012123160995543003
[sset_21_gloiZ_gTJaE_frame_00023893] line-template: preparing rectangles
[sset_21_gloiZ_gTJaE_frame_00023893] measuring 256 parents (G0=0, G1=0, line_template=256; conflicting geometry groups=0)
[sset_21_gloiZ_gTJaE_frame_00023893] parents 250/256
[sset_21_gloiZ_gTJaE_frame_00023893] refitting 256 parents
[sset_21_gloiZ_gTJaE_frame_00023893] refits 250/256; valid children=206
{"view_id": "sset_21_gloiZ_gTJaE_frame_00023893", "chosen_key": null, "no_court_reason": "no_gated_court", "all_checks_equal": null, "error": null}
sset_21_gloiZ_gTJaE_frame_00038228 pair 12 [0, 13] combined 48 players 0 retained 0 seconds 0.002499873284250498
sset_21_gloiZ_gTJaE_frame_00038228 pair 13 [0, 14] combined 0 players 0 retained 0 seconds 0.003462734166532755
sset_21_gloiZ_gTJaE_frame_00038228 pair 27 [1, 13] combined 64 players 8 retained 4 seconds 0.01341013703495264
sset_21_gloiZ_gTJaE_frame_00038228 pair 28 [1, 14] combined 6840 players 30 retained 15 seconds 0.026643669232726097
sset_21_gloiZ_gTJaE_frame_00038228 pair 39 [2, 10] combined 200 players 50 retained 25 seconds 0.014708948787301779
sset_21_gloiZ_gTJaE_frame_00038228 pair 40 [2, 11] combined 32 players 0 retained 0 seconds 0.0024730623699724674
sset_21_gloiZ_gTJaE_frame_00038228 pair 42 [2, 13] combined 0 players 0 retained 0 seconds 0.0019305073656141758
sset_21_gloiZ_gTJaE_frame_00038228 pair 57 [3, 13] combined 0 players 0 retained 0 seconds 0.0018837666139006615
sset_21_gloiZ_gTJaE_frame_00038228 pair 58 [3, 14] combined 0 players 0 retained 0 seconds 0.0029355743899941444
sset_21_gloiZ_gTJaE_frame_00038228 pair 73 [4, 14] combined 200 players 92 retained 46 seconds 0.017356507014483213
sset_21_gloiZ_gTJaE_frame_00038228 pair 87 [5, 13] combined 0 players 0 retained 0 seconds 0.0021046572364866734
sset_21_gloiZ_gTJaE_frame_00038228 pair 88 [5, 14] combined 0 players 0 retained 0 seconds 0.0027770772576332092
sset_21_gloiZ_gTJaE_frame_00038228 pair 99 [6, 10] combined 0 players 0 retained 0 seconds 0.0023374618031084538
sset_21_gloiZ_gTJaE_frame_00038228 pair 100 [6, 11] combined 16 players 0 retained 0 seconds 0.0019353809766471386
sset_21_gloiZ_gTJaE_frame_00038228 pair 102 [6, 13] combined 0 players 0 retained 0 seconds 0.0018064738251268864
sset_21_gloiZ_gTJaE_frame_00038228 pair 117 [7, 13] combined 0 players 0 retained 0 seconds 0.0020968643948435783
sset_21_gloiZ_gTJaE_frame_00038228 pair 118 [7, 14] combined 0 players 0 retained 0 seconds 0.0031520919874310493
sset_21_gloiZ_gTJaE_frame_00038228 pair 132 [8, 13] combined 0 players 0 retained 0 seconds 0.0017958078533411026
sset_21_gloiZ_gTJaE_frame_00038228 pair 133 [8, 14] combined 0 players 0 retained 0 seconds 0.0031253607012331486
sset_21_gloiZ_gTJaE_frame_00038228 pair 148 [9, 14] combined 0 players 0 retained 0 seconds 0.0032614502124488354
sset_21_gloiZ_gTJaE_frame_00038228 pair 152 [10, 2] combined 164 players 6 retained 3 seconds 0.013956653885543346
sset_21_gloiZ_gTJaE_frame_00038228 pair 156 [10, 6] combined 116 players 4 retained 2 seconds 0.013433814980089664
sset_21_gloiZ_gTJaE_frame_00038228 pair 161 [10, 12] combined 8 players 0 retained 0 seconds 0.002058040350675583
sset_21_gloiZ_gTJaE_frame_00038228 pair 167 [11, 2] combined 76 players 0 retained 0 seconds 0.0028160428628325462
sset_21_gloiZ_gTJaE_frame_00038228 pair 171 [11, 6] combined 0 players 0 retained 0 seconds 0.002389770932495594
sset_21_gloiZ_gTJaE_frame_00038228 pair 177 [11, 13] combined 0 players 0 retained 0 seconds 0.0015036589466035366
sset_21_gloiZ_gTJaE_frame_00038228 pair 178 [11, 14] combined 68 players 0 retained 0 seconds 0.0032011098228394985
sset_21_gloiZ_gTJaE_frame_00038228 pair 190 [12, 10] combined 0 players 0 retained 0 seconds 0.002324148081243038
sset_21_gloiZ_gTJaE_frame_00038228 pair 192 [12, 13] combined 0 players 0 retained 0 seconds 0.0017497916705906391
sset_21_gloiZ_gTJaE_frame_00038228 pair 193 [12, 14] combined 60 players 0 retained 0 seconds 0.0038183783181011677
sset_21_gloiZ_gTJaE_frame_00038228 pair 195 [13, 0] combined 200 players 0 retained 0 seconds 0.003044278360903263
sset_21_gloiZ_gTJaE_frame_00038228 pair 196 [13, 1] combined 168 players 0 retained 0 seconds 0.0031563080847263336
sset_21_gloiZ_gTJaE_frame_00038228 pair 197 [13, 2] combined 0 players 0 retained 0 seconds 0.0026730112731456757
sset_21_gloiZ_gTJaE_frame_00038228 pair 198 [13, 3] combined 0 players 0 retained 0 seconds 0.0019106189720332623
sset_21_gloiZ_gTJaE_frame_00038228 pair 200 [13, 5] combined 0 players 0 retained 0 seconds 0.0020065903663635254
sset_21_gloiZ_gTJaE_frame_00038228 pair 201 [13, 6] combined 0 players 0 retained 0 seconds 0.0023562428541481495
sset_21_gloiZ_gTJaE_frame_00038228 pair 202 [13, 7] combined 0 players 0 retained 0 seconds 0.0023355772718787193
sset_21_gloiZ_gTJaE_frame_00038228 pair 203 [13, 8] combined 120 players 0 retained 0 seconds 0.0022894488647580147
sset_21_gloiZ_gTJaE_frame_00038228 pair 206 [13, 11] combined 0 players 0 retained 0 seconds 0.0015802141278982162
sset_21_gloiZ_gTJaE_frame_00038228 pair 207 [13, 12] combined 0 players 0 retained 0 seconds 0.0016973852179944515
sset_21_gloiZ_gTJaE_frame_00038228 pair 210 [14, 0] combined 0 players 0 retained 0 seconds 0.0027149049565196037
sset_21_gloiZ_gTJaE_frame_00038228 pair 211 [14, 1] combined 0 players 0 retained 0 seconds 0.00313864229246974
sset_21_gloiZ_gTJaE_frame_00038228 pair 213 [14, 3] combined 0 players 0 retained 0 seconds 0.002074894029647112
sset_21_gloiZ_gTJaE_frame_00038228 pair 214 [14, 4] combined 0 players 0 retained 0 seconds 0.0026989062316715717
sset_21_gloiZ_gTJaE_frame_00038228 pair 215 [14, 5] combined 0 players 0 retained 0 seconds 0.0018729111179709435
sset_21_gloiZ_gTJaE_frame_00038228 pair 217 [14, 7] combined 0 players 0 retained 0 seconds 0.002022323664277792
sset_21_gloiZ_gTJaE_frame_00038228 pair 218 [14, 8] combined 0 players 0 retained 0 seconds 0.0019121239893138409
sset_21_gloiZ_gTJaE_frame_00038228 pair 219 [14, 9] combined 0 players 0 retained 0 seconds 0.0024323160760104656
sset_21_gloiZ_gTJaE_frame_00038228 pair 221 [14, 11] combined 0 players 0 retained 0 seconds 0.002124811988323927
sset_21_gloiZ_gTJaE_frame_00038228 pair 222 [14, 12] combined 0 players 0 retained 0 seconds 0.002033465076237917
sset_21_gloiZ_gTJaE_frame_00038228 pair 224 [14, 15] combined 0 players 0 retained 0 seconds 0.0022156727500259876
sset_21_gloiZ_gTJaE_frame_00038228 pair 239 [15, 14] combined 0 players 0 retained 0 seconds 0.003712800331413746
sset_21_gloiZ_gTJaE_frame_00038228 pair 12 [0, 13] combined 0 players 0 retained 0 seconds 0.0012931362725794315
sset_21_gloiZ_gTJaE_frame_00038228 pair 13 [0, 14] combined 0 players 0 retained 0 seconds 0.002173654269427061
sset_21_gloiZ_gTJaE_frame_00038228 pair 27 [1, 13] combined 0 players 0 retained 0 seconds 0.001161952968686819
sset_21_gloiZ_gTJaE_frame_00038228 pair 28 [1, 14] combined 0 players 0 retained 0 seconds 0.0019610547460615635
sset_21_gloiZ_gTJaE_frame_00038228 pair 39 [2, 10] combined 0 players 0 retained 0 seconds 0.0010612132027745247
sset_21_gloiZ_gTJaE_frame_00038228 pair 40 [2, 11] combined 0 players 0 retained 0 seconds 0.0010417499579489231
sset_21_gloiZ_gTJaE_frame_00038228 pair 42 [2, 13] combined 0 players 0 retained 0 seconds 0.0010881898924708366
sset_21_gloiZ_gTJaE_frame_00038228 pair 57 [3, 13] combined 0 players 0 retained 0 seconds 0.0010741320438683033
sset_21_gloiZ_gTJaE_frame_00038228 pair 58 [3, 14] combined 0 players 0 retained 0 seconds 0.0015816758386790752
sset_21_gloiZ_gTJaE_frame_00038228 pair 73 [4, 14] combined 0 players 0 retained 0 seconds 0.0019394177943468094
sset_21_gloiZ_gTJaE_frame_00038228 pair 87 [5, 13] combined 0 players 0 retained 0 seconds 0.0010992437601089478
sset_21_gloiZ_gTJaE_frame_00038228 pair 88 [5, 14] combined 0 players 0 retained 0 seconds 0.0014097550883889198
sset_21_gloiZ_gTJaE_frame_00038228 pair 99 [6, 10] combined 0 players 0 retained 0 seconds 0.0010628369636833668
sset_21_gloiZ_gTJaE_frame_00038228 pair 100 [6, 11] combined 0 players 0 retained 0 seconds 0.0009758616797626019
sset_21_gloiZ_gTJaE_frame_00038228 pair 102 [6, 13] combined 0 players 0 retained 0 seconds 0.0010710880160331726
sset_21_gloiZ_gTJaE_frame_00038228 pair 117 [7, 13] combined 0 players 0 retained 0 seconds 0.0011411621235311031
sset_21_gloiZ_gTJaE_frame_00038228 pair 118 [7, 14] combined 0 players 0 retained 0 seconds 0.001632933970540762
sset_21_gloiZ_gTJaE_frame_00038228 pair 132 [8, 13] combined 0 players 0 retained 0 seconds 0.0010659308172762394
sset_21_gloiZ_gTJaE_frame_00038228 pair 133 [8, 14] combined 0 players 0 retained 0 seconds 0.002025370951741934
sset_21_gloiZ_gTJaE_frame_00038228 pair 148 [9, 14] combined 0 players 0 retained 0 seconds 0.0018514292314648628
sset_21_gloiZ_gTJaE_frame_00038228 pair 152 [10, 2] combined 0 players 0 retained 0 seconds 0.0011952342465519905
sset_21_gloiZ_gTJaE_frame_00038228 pair 156 [10, 6] combined 0 players 0 retained 0 seconds 0.0011251787655055523
sset_21_gloiZ_gTJaE_frame_00038228 pair 161 [10, 12] combined 0 players 0 retained 0 seconds 0.0009732330217957497
sset_21_gloiZ_gTJaE_frame_00038228 pair 167 [11, 2] combined 0 players 0 retained 0 seconds 0.0011389516294002533
sset_21_gloiZ_gTJaE_frame_00038228 pair 171 [11, 6] combined 0 players 0 retained 0 seconds 0.0011010640300810337
sset_21_gloiZ_gTJaE_frame_00038228 pair 177 [11, 13] combined 0 players 0 retained 0 seconds 0.0010231109336018562
sset_21_gloiZ_gTJaE_frame_00038228 pair 178 [11, 14] combined 0 players 0 retained 0 seconds 0.002526781987398863
sset_21_gloiZ_gTJaE_frame_00038228 pair 190 [12, 10] combined 0 players 0 retained 0 seconds 0.0009847050532698631
sset_21_gloiZ_gTJaE_frame_00038228 pair 192 [12, 13] combined 0 players 0 retained 0 seconds 0.0009702863171696663
sset_21_gloiZ_gTJaE_frame_00038228 pair 193 [12, 14] combined 0 players 0 retained 0 seconds 0.0017676628194749355
sset_21_gloiZ_gTJaE_frame_00038228 pair 195 [13, 0] combined 0 players 0 retained 0 seconds 0.0011380892246961594
sset_21_gloiZ_gTJaE_frame_00038228 pair 196 [13, 1] combined 0 players 0 retained 0 seconds 0.0009885099716484547
sset_21_gloiZ_gTJaE_frame_00038228 pair 197 [13, 2] combined 0 players 0 retained 0 seconds 0.0011400580406188965
sset_21_gloiZ_gTJaE_frame_00038228 pair 198 [13, 3] combined 0 players 0 retained 0 seconds 0.0009901756420731544
sset_21_gloiZ_gTJaE_frame_00038228 pair 200 [13, 5] combined 0 players 0 retained 0 seconds 0.0011346940882503986
sset_21_gloiZ_gTJaE_frame_00038228 pair 201 [13, 6] combined 0 players 0 retained 0 seconds 0.0011047362349927425
sset_21_gloiZ_gTJaE_frame_00038228 pair 202 [13, 7] combined 0 players 0 retained 0 seconds 0.0010136542841792107
sset_21_gloiZ_gTJaE_frame_00038228 pair 203 [13, 8] combined 0 players 0 retained 0 seconds 0.0012374566867947578
sset_21_gloiZ_gTJaE_frame_00038228 pair 206 [13, 11] combined 0 players 0 retained 0 seconds 0.0009994003921747208
sset_21_gloiZ_gTJaE_frame_00038228 pair 207 [13, 12] combined 0 players 0 retained 0 seconds 0.001017667818814516
sset_21_gloiZ_gTJaE_frame_00038228 pair 210 [14, 0] combined 0 players 0 retained 0 seconds 0.001453941222280264
sset_21_gloiZ_gTJaE_frame_00038228 pair 211 [14, 1] combined 0 players 0 retained 0 seconds 0.001254200004041195
sset_21_gloiZ_gTJaE_frame_00038228 pair 213 [14, 3] combined 0 players 0 retained 0 seconds 0.0013874787837266922
sset_21_gloiZ_gTJaE_frame_00038228 pair 214 [14, 4] combined 0 players 0 retained 0 seconds 0.0012073181569576263
sset_21_gloiZ_gTJaE_frame_00038228 pair 215 [14, 5] combined 0 players 0 retained 0 seconds 0.0012216130271553993
sset_21_gloiZ_gTJaE_frame_00038228 pair 217 [14, 7] combined 0 players 0 retained 0 seconds 0.0012273206375539303
sset_21_gloiZ_gTJaE_frame_00038228 pair 218 [14, 8] combined 0 players 0 retained 0 seconds 0.0013707741163671017
sset_21_gloiZ_gTJaE_frame_00038228 pair 219 [14, 9] combined 0 players 0 retained 0 seconds 0.0014931471087038517
sset_21_gloiZ_gTJaE_frame_00038228 pair 221 [14, 11] combined 0 players 0 retained 0 seconds 0.0012024147436022758
sset_21_gloiZ_gTJaE_frame_00038228 pair 222 [14, 12] combined 0 players 0 retained 0 seconds 0.0011819731444120407
sset_21_gloiZ_gTJaE_frame_00038228 pair 224 [14, 15] combined 0 players 0 retained 0 seconds 0.0011945799924433231
sset_21_gloiZ_gTJaE_frame_00038228 pair 239 [15, 14] combined 0 players 0 retained 0 seconds 0.0021006320603191853
[sset_21_gloiZ_gTJaE_frame_00038228] line-template: preparing rectangles
[sset_21_gloiZ_gTJaE_frame_00038228] measuring 351 parents (G0=95, G1=0, line_template=256; conflicting geometry groups=0)
[sset_21_gloiZ_gTJaE_frame_00038228] parents 250/351
[sset_21_gloiZ_gTJaE_frame_00038228] refitting 351 parents
[sset_21_gloiZ_gTJaE_frame_00038228] refits 250/351; valid children=69
{"view_id": "sset_21_gloiZ_gTJaE_frame_00038228", "chosen_key": null, "no_court_reason": "no_gated_court", "all_checks_equal": null, "error": null}
{"views": ["shuttleset_21_scene_0034", "shuttleset_21_scene_0044", "sset_21_gloiZ_gTJaE_frame_00100347", "sset_21_gloiZ_gTJaE_frame_00000300", "sset_21_gloiZ_gTJaE_frame_00023893", "sset_21_gloiZ_gTJaE_frame_00038228"], "startup_seconds": 0.029680626932531595, "wall_seconds": 932.0491304351017, "peak_rss_mb": 1684.3203125, "failed": []}
