decoded <remote>/player_guided_20260908/videos/am1_h264.mp4 to frame 186 in 1s
am1_window_00_frame_54 pair 0 [0, 1] combined 262144 players 79034 retained 256 seconds 3.731756797991693
am1_window_00_frame_54 pair 4 [0, 5] combined 102400 players 13000 retained 256 seconds 1.8935239389538765
am1_window_00_frame_54 pair 5 [0, 6] combined 211968 players 59202 retained 256 seconds 2.9923329651355743
am1_window_00_frame_54 pair 7 [0, 8] combined 67584 players 4944 retained 256 seconds 1.5046630958095193
am1_window_00_frame_54 pair 8 [0, 9] combined 32768 players 1404 retained 256 seconds 1.455330962780863
am1_window_00_frame_54 pair 9 [0, 10] combined 41984 players 162 retained 79 seconds 1.4597009713761508
am1_window_00_frame_54 pair 12 [0, 13] combined 8192 players 424 retained 186 seconds 1.3648406630381942
am1_window_00_frame_54 pair 13 [0, 14] combined 159744 players 19178 retained 256 seconds 2.1195803019218147
am1_window_00_frame_54 pair 14 [0, 15] combined 66560 players 3634 retained 256 seconds 1.4732186859473586
am1_window_00_frame_54 pair 15 [1, 0] combined 262144 players 29578 retained 256 seconds 2.172566985245794
am1_window_00_frame_54 pair 16 [1, 2] combined 262144 players 29634 retained 256 seconds 1.3794424580410123
am1_window_00_frame_54 pair 17 [1, 3] combined 262144 players 30426 retained 256 seconds 1.43084935285151
am1_window_00_frame_54 pair 18 [1, 4] combined 163840 players 34334 retained 256 seconds 1.283604082185775
am1_window_00_frame_54 pair 19 [1, 5] combined 209920 players 66162 retained 256 seconds 1.9029986984096467
am1_window_00_frame_54 pair 20 [1, 6] combined 262144 players 6070 retained 256 seconds 0.8429383342154324
am1_window_00_frame_54 pair 24 [1, 10] combined 93184 players 8312 retained 256 seconds 0.5449976068921387
am1_window_00_frame_54 pair 27 [1, 13] combined 12288 players 636 retained 256 seconds 0.27282710606232285
am1_window_00_frame_54 pair 28 [1, 14] combined 262144 players 22332 retained 256 seconds 1.122138078790158
am1_window_00_frame_54 pair 31 [2, 1] combined 262144 players 85540 retained 256 seconds 2.4722908418625593
am1_window_00_frame_54 pair 34 [2, 5] combined 97280 players 990 retained 256 seconds 0.41138619277626276
am1_window_00_frame_54 pair 35 [2, 6] combined 216064 players 46240 retained 256 seconds 1.4511722619645298
am1_window_00_frame_54 pair 37 [2, 8] combined 54272 players 15542 retained 256 seconds 0.5456222868524492
am1_window_00_frame_54 pair 38 [2, 9] combined 32768 players 3244 retained 256 seconds 0.28505972400307655
am1_window_00_frame_54 pair 39 [2, 10] combined 35840 players 5706 retained 256 seconds 0.3929611868225038
am1_window_00_frame_54 pair 42 [2, 13] combined 8192 players 310 retained 150 seconds 0.17430077260360122
am1_window_00_frame_54 pair 43 [2, 14] combined 159744 players 11388 retained 256 seconds 0.6596309067681432
am1_window_00_frame_54 pair 44 [2, 15] combined 36864 players 10888 retained 256 seconds 0.4184456900693476
am1_window_00_frame_54 pair 46 [3, 1] combined 262144 players 76384 retained 256 seconds 2.319209714885801
am1_window_00_frame_54 pair 49 [3, 5] combined 96256 players 11320 retained 256 seconds 0.5810170229524374
am1_window_00_frame_54 pair 52 [3, 8] combined 58368 players 386 retained 193 seconds 0.27952592819929123
am1_window_00_frame_54 pair 54 [3, 10] combined 24576 players 488 retained 223 seconds 0.26117678359150887
am1_window_00_frame_54 pair 58 [3, 14] combined 157696 players 25812 retained 256 seconds 1.0168562978506088
am1_window_00_frame_54 pair 59 [3, 15] combined 37888 players 8 retained 4 seconds 0.2168830530717969
am1_window_00_frame_54 pair 61 [4, 1] combined 181248 players 16020 retained 256 seconds 0.7936016861349344
am1_window_00_frame_54 pair 75 [5, 0] combined 61440 players 11416 retained 256 seconds 1.257076838053763
am1_window_00_frame_54 pair 76 [5, 1] combined 25600 players 4364 retained 256 seconds 0.3480777172371745
am1_window_00_frame_54 pair 77 [5, 2] combined 73728 players 3050 retained 256 seconds 0.3063720166683197
am1_window_00_frame_54 pair 78 [5, 3] combined 101376 players 10006 retained 256 seconds 0.5944765447638929
am1_window_00_frame_54 pair 81 [5, 7] combined 45632 players 3906 retained 256 seconds 0.1956359758041799
am1_window_00_frame_54 pair 85 [5, 11] combined 79872 players 6412 retained 256 seconds 0.31274222768843174
am1_window_00_frame_54 pair 90 [6, 0] combined 244736 players 32906 retained 256 seconds 2.002917272038758
am1_window_00_frame_54 pair 91 [6, 1] combined 262144 players 2990 retained 256 seconds 0.6927757901139557
am1_window_00_frame_54 pair 92 [6, 2] combined 244736 players 20554 retained 256 seconds 1.009647348895669
am1_window_00_frame_54 pair 100 [6, 11] combined 239616 players 17674 retained 256 seconds 0.776878769043833
am1_window_00_frame_54 pair 110 [7, 5] combined 38180 players 3632 retained 256 seconds 0.18761997809633613
am1_window_00_frame_54 pair 118 [7, 14] combined 80352 players 7722 retained 256 seconds 0.33627823181450367
am1_window_00_frame_54 pair 120 [8, 0] combined 8192 players 144 retained 72 seconds 0.9614672581665218
am1_window_00_frame_54 pair 122 [8, 2] combined 16384 players 134 retained 70 seconds 0.13144879788160324
am1_window_00_frame_54 pair 123 [8, 3] combined 14336 players 24 retained 12 seconds 0.15735792415216565
am1_window_00_frame_54 pair 130 [8, 11] combined 25600 players 0 retained 0 seconds 0.06956739258021116
am1_window_00_frame_54 pair 135 [9, 0] combined 46080 players 556 retained 251 seconds 1.1214845217764378
am1_window_00_frame_54 pair 137 [9, 2] combined 46080 players 1190 retained 256 seconds 0.206785021815449
am1_window_00_frame_54 pair 148 [9, 14] combined 49920 players 266 retained 135 seconds 0.11559651885181665
am1_window_00_frame_54 pair 150 [10, 0] combined 14336 players 666 retained 256 seconds 0.9581519481725991
am1_window_00_frame_54 pair 151 [10, 1] combined 4096 players 220 retained 104 seconds 0.19442556891590357
am1_window_00_frame_54 pair 152 [10, 2] combined 14336 players 582 retained 228 seconds 0.15177082363516092
am1_window_00_frame_54 pair 153 [10, 3] combined 13312 players 1906 retained 256 seconds 0.1973329116590321
am1_window_00_frame_54 pair 160 [10, 11] combined 16384 players 982 retained 256 seconds 0.09954252000898123
am1_window_00_frame_54 pair 170 [11, 5] combined 80896 players 8962 retained 256 seconds 0.4452279112301767
am1_window_00_frame_54 pair 171 [11, 6] combined 239616 players 41556 retained 256 seconds 1.237198346760124
am1_window_00_frame_54 pair 173 [11, 8] combined 40960 players 788 retained 256 seconds 0.14860788639634848
am1_window_00_frame_54 pair 175 [11, 10] combined 28672 players 886 retained 256 seconds 0.134492180775851
am1_window_00_frame_54 pair 177 [11, 13] combined 8192 players 1212 retained 256 seconds 0.10257179290056229
am1_window_00_frame_54 pair 178 [11, 14] combined 156672 players 20164 retained 256 seconds 0.7126672361046076
am1_window_00_frame_54 pair 179 [11, 15] combined 33792 players 820 retained 256 seconds 0.1391928382217884
am1_window_00_frame_54 pair 195 [13, 0] combined 16384 players 686 retained 256 seconds 0.9754374078474939
am1_window_00_frame_54 pair 196 [13, 1] combined 14336 players 94 retained 47 seconds 0.19672183971852064
am1_window_00_frame_54 pair 197 [13, 2] combined 16384 players 342 retained 165 seconds 0.1361326789483428
am1_window_00_frame_54 pair 206 [13, 11] combined 14336 players 810 retained 256 seconds 0.1813972368836403
am1_window_00_frame_54 pair 210 [14, 0] combined 60416 players 8664 retained 256 seconds 1.1994752949103713
am1_window_00_frame_54 pair 211 [14, 1] combined 77824 players 4960 retained 256 seconds 0.4242889410816133
am1_window_00_frame_54 pair 212 [14, 2] combined 60416 players 8916 retained 256 seconds 0.406223279889673
am1_window_00_frame_54 pair 213 [14, 3] combined 62464 players 8476 retained 256 seconds 0.41655424470081925
am1_window_00_frame_54 pair 217 [14, 7] combined 19500 players 4192 retained 256 seconds 0.16140922997146845
am1_window_00_frame_54 pair 219 [14, 9] combined 28072 players 0 retained 0 seconds 0.06467072106897831
am1_window_00_frame_54 pair 221 [14, 11] combined 63488 players 9964 retained 256 seconds 0.3703761692158878
am1_window_00_frame_54 pair 225 [15, 0] combined 22528 players 474 retained 235 seconds 0.9672658508643508
am1_window_00_frame_54 pair 227 [15, 2] combined 25600 players 676 retained 256 seconds 0.16252791415899992
am1_window_00_frame_54 pair 228 [15, 3] combined 17408 players 248 retained 103 seconds 0.15863220300525427
am1_window_00_frame_54 pair 236 [15, 11] combined 48128 players 132 retained 66 seconds 0.11557468213140965
am1_window_00_frame_54 pair 0 [0, 1] combined 262144 players 89172 retained 256 seconds 2.4205013448372483
am1_window_00_frame_54 pair 4 [0, 5] combined 0 players 0 retained 0 seconds 0.1188542009331286
am1_window_00_frame_54 pair 5 [0, 6] combined 31744 players 6120 retained 256 seconds 0.3133803070522845
am1_window_00_frame_54 pair 7 [0, 8] combined 2048 players 198 retained 99 seconds 0.13308989070355892
am1_window_00_frame_54 pair 8 [0, 9] combined 54272 players 3958 retained 256 seconds 0.29336488200351596
am1_window_00_frame_54 pair 9 [0, 10] combined 0 players 0 retained 0 seconds 0.1171394819393754
am1_window_00_frame_54 pair 12 [0, 13] combined 0 players 0 retained 0 seconds 0.11625758465379477
am1_window_00_frame_54 pair 13 [0, 14] combined 4096 players 0 retained 0 seconds 0.12411035504192114
am1_window_00_frame_54 pair 14 [0, 15] combined 0 players 0 retained 0 seconds 0.10719397710636258
am1_window_00_frame_54 pair 15 [1, 0] combined 262144 players 41196 retained 256 seconds 1.322569184936583
am1_window_00_frame_54 pair 16 [1, 2] combined 30720 players 2062 retained 256 seconds 0.1660657562315464
am1_window_00_frame_54 pair 17 [1, 3] combined 58368 players 9394 retained 256 seconds 0.4722756636328995
am1_window_00_frame_54 pair 18 [1, 4] combined 3072 players 578 retained 256 seconds 0.07940932596102357
am1_window_00_frame_54 pair 19 [1, 5] combined 0 players 0 retained 0 seconds 0.03601463418453932
am1_window_00_frame_54 pair 20 [1, 6] combined 76800 players 768 retained 256 seconds 0.21470403671264648
am1_window_00_frame_54 pair 24 [1, 10] combined 0 players 0 retained 0 seconds 0.030962044838815928
am1_window_00_frame_54 pair 27 [1, 13] combined 0 players 0 retained 0 seconds 0.039552876725792885
am1_window_00_frame_54 pair 28 [1, 14] combined 46800 players 7054 retained 256 seconds 0.2657242361456156
am1_window_00_frame_54 pair 31 [2, 1] combined 67584 players 20624 retained 256 seconds 0.5566384592093527
am1_window_00_frame_54 pair 34 [2, 5] combined 0 players 0 retained 0 seconds 0.012954854872077703
am1_window_00_frame_54 pair 35 [2, 6] combined 7040 players 758 retained 256 seconds 0.06550939287990332
am1_window_00_frame_54 pair 37 [2, 8] combined 448 players 204 retained 102 seconds 0.03253288893029094
am1_window_00_frame_54 pair 38 [2, 9] combined 11880 players 1556 retained 256 seconds 0.08896606136113405
am1_window_00_frame_54 pair 39 [2, 10] combined 0 players 0 retained 0 seconds 0.012789800763130188
am1_window_00_frame_54 pair 42 [2, 13] combined 0 players 0 retained 0 seconds 0.01147839380428195
am1_window_00_frame_54 pair 43 [2, 14] combined 992 players 0 retained 0 seconds 0.015430317725986242
am1_window_00_frame_54 pair 44 [2, 15] combined 0 players 0 retained 0 seconds 0.011304342187941074
am1_window_00_frame_54 pair 46 [3, 1] combined 89088 players 24506 retained 256 seconds 0.6691922470927238
am1_window_00_frame_54 pair 49 [3, 5] combined 0 players 0 retained 0 seconds 0.021627854090183973
am1_window_00_frame_54 pair 52 [3, 8] combined 552 players 0 retained 0 seconds 0.018071451224386692
am1_window_00_frame_54 pair 54 [3, 10] combined 0 players 0 retained 0 seconds 0.019505690783262253
am1_window_00_frame_54 pair 58 [3, 14] combined 1712 players 0 retained 0 seconds 0.02353563904762268
am1_window_00_frame_54 pair 59 [3, 15] combined 0 players 0 retained 0 seconds 0.014820420183241367
am1_window_00_frame_54 pair 61 [4, 1] combined 2048 players 168 retained 84 seconds 0.048610310070216656
am1_window_00_frame_54 pair 75 [5, 0] combined 0 players 0 retained 0 seconds 0.07149164099246264
am1_window_00_frame_54 pair 76 [5, 1] combined 0 players 0 retained 0 seconds 0.027454019989818335
am1_window_00_frame_54 pair 77 [5, 2] combined 0 players 0 retained 0 seconds 0.008531454019248486
am1_window_00_frame_54 pair 78 [5, 3] combined 0 players 0 retained 0 seconds 0.011869594920426607
am1_window_00_frame_54 pair 81 [5, 7] combined 0 players 0 retained 0 seconds 0.0027707149274647236
am1_window_00_frame_54 pair 85 [5, 11] combined 0 players 0 retained 0 seconds 0.0026155500672757626
am1_window_00_frame_54 pair 90 [6, 0] combined 48128 players 4670 retained 256 seconds 0.2670597918331623
am1_window_00_frame_54 pair 91 [6, 1] combined 75776 players 1468 retained 256 seconds 0.2026108941063285
am1_window_00_frame_54 pair 92 [6, 2] combined 12696 players 296 retained 148 seconds 0.056529324036091566
am1_window_00_frame_54 pair 100 [6, 11] combined 1344 players 68 retained 34 seconds 0.023151228670030832
am1_window_00_frame_54 pair 110 [7, 5] combined 0 players 0 retained 0 seconds 0.003109768033027649
am1_window_00_frame_54 pair 118 [7, 14] combined 12 players 0 retained 0 seconds 0.005259658209979534
am1_window_00_frame_54 pair 120 [8, 0] combined 0 players 0 retained 0 seconds 0.07195321377366781
am1_window_00_frame_54 pair 122 [8, 2] combined 0 players 0 retained 0 seconds 0.008906504139304161
am1_window_00_frame_54 pair 123 [8, 3] combined 0 players 0 retained 0 seconds 0.015082732774317265
am1_window_00_frame_54 pair 130 [8, 11] combined 0 players 0 retained 0 seconds 0.004050571937114
am1_window_00_frame_54 pair 135 [9, 0] combined 60416 players 3154 retained 256 seconds 0.27544619096443057
am1_window_00_frame_54 pair 137 [9, 2] combined 8540 players 300 retained 148 seconds 0.19766040705144405
am1_window_00_frame_54 pair 148 [9, 14] combined 0 players 0 retained 0 seconds 0.007735640276223421
am1_window_00_frame_54 pair 150 [10, 0] combined 0 players 0 retained 0 seconds 0.07163741206750274
am1_window_00_frame_54 pair 151 [10, 1] combined 0 players 0 retained 0 seconds 0.0231295726262033
am1_window_00_frame_54 pair 152 [10, 2] combined 0 players 0 retained 0 seconds 0.008308866992592812
am1_window_00_frame_54 pair 153 [10, 3] combined 0 players 0 retained 0 seconds 0.011622782330960035
am1_window_00_frame_54 pair 160 [10, 11] combined 0 players 0 retained 0 seconds 0.0028436360880732536
am1_window_00_frame_54 pair 170 [11, 5] combined 0 players 0 retained 0 seconds 0.0029417970217764378
am1_window_00_frame_54 pair 171 [11, 6] combined 1600 players 222 retained 111 seconds 0.027771917637437582
am1_window_00_frame_54 pair 173 [11, 8] combined 0 players 0 retained 0 seconds 0.004282047040760517
am1_window_00_frame_54 pair 175 [11, 10] combined 0 players 0 retained 0 seconds 0.0032519609667360783
am1_window_00_frame_54 pair 177 [11, 13] combined 0 players 0 retained 0 seconds 0.003234138246625662
am1_window_00_frame_54 pair 178 [11, 14] combined 108 players 0 retained 0 seconds 0.005587495863437653
am1_window_00_frame_54 pair 179 [11, 15] combined 0 players 0 retained 0 seconds 0.002846234943717718
am1_window_00_frame_54 pair 195 [13, 0] combined 0 players 0 retained 0 seconds 0.07281023263931274
am1_window_00_frame_54 pair 196 [13, 1] combined 0 players 0 retained 0 seconds 0.02683343831449747
am1_window_00_frame_54 pair 197 [13, 2] combined 0 players 0 retained 0 seconds 0.00852703396230936
am1_window_00_frame_54 pair 206 [13, 11] combined 0 players 0 retained 0 seconds 0.002882672008126974
am1_window_00_frame_54 pair 210 [14, 0] combined 0 players 0 retained 0 seconds 0.0745400208979845
am1_window_00_frame_54 pair 211 [14, 1] combined 15360 players 748 retained 256 seconds 0.09132191026583314
am1_window_00_frame_54 pair 212 [14, 2] combined 0 players 0 retained 0 seconds 0.011764226015657187
am1_window_00_frame_54 pair 213 [14, 3] combined 0 players 0 retained 0 seconds 0.014841070864349604
am1_window_00_frame_54 pair 217 [14, 7] combined 0 players 0 retained 0 seconds 0.006044900976121426
am1_window_00_frame_54 pair 219 [14, 9] combined 0 players 0 retained 0 seconds 0.007777535822242498
am1_window_00_frame_54 pair 221 [14, 11] combined 0 players 0 retained 0 seconds 0.0060384850949049
am1_window_00_frame_54 pair 225 [15, 0] combined 0 players 0 retained 0 seconds 0.06938487896695733
am1_window_00_frame_54 pair 227 [15, 2] combined 0 players 0 retained 0 seconds 0.007677959278225899
am1_window_00_frame_54 pair 228 [15, 3] combined 0 players 0 retained 0 seconds 0.010383397806435823
am1_window_00_frame_54 pair 236 [15, 11] combined 0 players 0 retained 0 seconds 0.0024148691445589066
[am1_window_00_frame_54] line-template: preparing rectangles
[am1_window_00_frame_54] measuring 768 parents (G0=256, G1=256, line_template=256; conflicting geometry groups=0)
[am1_window_00_frame_54] parents 250/768
[am1_window_00_frame_54] parents 500/768
[am1_window_00_frame_54] parents 750/768
[am1_window_00_frame_54] refitting 768 parents
[am1_window_00_frame_54] refits 250/768; valid children=178
[am1_window_00_frame_54] refits 500/768; valid children=338
[am1_window_00_frame_54] refits 750/768; valid children=559
{"view_id": "am1_window_00_frame_54", "chosen_key": "line_template:rectangle_98207:template_12/child", "no_court_reason": null, "all_checks_equal": null, "error": null}
{"views": ["am1_window_00_frame_54"], "startup_seconds": 0.02907556714490056, "wall_seconds": 159.41396261705086, "peak_rss_mb": 948.77734375, "failed": []}
