decoded <remote>/player_guided_20260908/videos/am2_h264.mp4 to frame 240 in 1s
am2_window_00_frame_150 pair 0 [0, 1] combined 210944 players 23782 retained 256 seconds 1.7136380122974515
am2_window_00_frame_150 pair 1 [0, 2] combined 262144 players 6902 retained 256 seconds 1.3854278861545026
am2_window_00_frame_150 pair 4 [0, 5] combined 95232 players 508 retained 248 seconds 0.6210933541879058
am2_window_00_frame_150 pair 6 [0, 7] combined 243712 players 5772 retained 256 seconds 1.1783541860058904
am2_window_00_frame_150 pair 7 [0, 8] combined 38912 players 1578 retained 256 seconds 0.47528158500790596
am2_window_00_frame_150 pair 8 [0, 9] combined 7168 players 38 retained 19 seconds 0.3215547860600054
am2_window_00_frame_150 pair 12 [0, 13] combined 107520 players 1276 retained 256 seconds 0.649392157793045
am2_window_00_frame_150 pair 13 [0, 14] combined 117760 players 752 retained 256 seconds 0.6762693766504526
am2_window_00_frame_150 pair 15 [1, 0] combined 262144 players 82942 retained 256 seconds 3.5970648918300867
am2_window_00_frame_150 pair 16 [1, 2] combined 262144 players 70460 retained 256 seconds 3.047431165818125
am2_window_00_frame_150 pair 17 [1, 3] combined 262144 players 74148 retained 256 seconds 3.361615577246994
am2_window_00_frame_150 pair 18 [1, 4] combined 262144 players 83990 retained 256 seconds 3.3689046590588987
am2_window_00_frame_150 pair 19 [1, 5] combined 65536 players 16764 retained 256 seconds 0.8300947863608599
am2_window_00_frame_150 pair 20 [1, 6] combined 83968 players 16308 retained 256 seconds 0.9353588889352977
am2_window_00_frame_150 pair 21 [1, 7] combined 211968 players 66424 retained 256 seconds 2.8416376137174666
am2_window_00_frame_150 pair 24 [1, 10] combined 60416 players 19558 retained 256 seconds 0.8980853650718927
am2_window_00_frame_150 pair 26 [1, 12] combined 262144 players 70054 retained 256 seconds 3.0437422059476376
am2_window_00_frame_150 pair 27 [1, 13] combined 45056 players 2846 retained 256 seconds 0.3315975586883724
am2_window_00_frame_150 pair 28 [1, 14] combined 66560 players 8458 retained 256 seconds 0.5691264220513403
am2_window_00_frame_150 pair 30 [2, 0] combined 262144 players 11464 retained 256 seconds 1.4533887328580022
am2_window_00_frame_150 pair 31 [2, 1] combined 242688 players 59734 retained 256 seconds 2.8124820897355676
am2_window_00_frame_150 pair 32 [2, 3] combined 262144 players 8180 retained 256 seconds 1.3263970599509776
am2_window_00_frame_150 pair 33 [2, 4] combined 262144 players 830 retained 256 seconds 0.994949808344245
am2_window_00_frame_150 pair 35 [2, 6] combined 77824 players 10576 retained 256 seconds 0.7901133438572288
am2_window_00_frame_150 pair 37 [2, 8] combined 18432 players 5962 retained 256 seconds 0.45848926017060876
am2_window_00_frame_150 pair 38 [2, 9] combined 4096 players 602 retained 208 seconds 0.23418049607425928
am2_window_00_frame_150 pair 39 [2, 10] combined 33792 players 6082 retained 256 seconds 0.487904189620167
am2_window_00_frame_150 pair 41 [2, 12] combined 262144 players 4044 retained 256 seconds 1.092367664910853
am2_window_00_frame_150 pair 44 [2, 15] combined 0 players 0 retained 0 seconds 0.16266802698373795
am2_window_00_frame_150 pair 46 [3, 1] combined 226304 players 16962 retained 256 seconds 1.4976642969995737
am2_window_00_frame_150 pair 47 [3, 2] combined 262144 players 15442 retained 256 seconds 1.6252443487755954
am2_window_00_frame_150 pair 49 [3, 5] combined 86016 players 2344 retained 256 seconds 0.6290736752562225
am2_window_00_frame_150 pair 51 [3, 7] combined 262144 players 2974 retained 256 seconds 1.231051811017096
am2_window_00_frame_150 pair 52 [3, 8] combined 19456 players 2038 retained 256 seconds 0.4743008897639811
am2_window_00_frame_150 pair 53 [3, 9] combined 5120 players 20 retained 10 seconds 0.34015590231865644
am2_window_00_frame_150 pair 57 [3, 13] combined 107520 players 3902 retained 256 seconds 0.7851840578950942
am2_window_00_frame_150 pair 58 [3, 14] combined 21504 players 298 retained 137 seconds 0.42625031992793083
am2_window_00_frame_150 pair 61 [4, 1] combined 207872 players 12996 retained 256 seconds 1.2392200557515025
am2_window_00_frame_150 pair 62 [4, 2] combined 262144 players 3650 retained 256 seconds 1.1878368388861418
am2_window_00_frame_150 pair 64 [4, 5] combined 54272 players 1100 retained 256 seconds 0.340055949985981
am2_window_00_frame_150 pair 66 [4, 7] combined 262144 players 10196 retained 256 seconds 1.2501304727047682
am2_window_00_frame_150 pair 67 [4, 8] combined 33792 players 4208 retained 256 seconds 0.3938767649233341
am2_window_00_frame_150 pair 68 [4, 9] combined 2048 players 0 retained 0 seconds 0.1105642868205905
am2_window_00_frame_150 pair 72 [4, 13] combined 110592 players 1240 retained 256 seconds 0.4893119712360203
am2_window_00_frame_150 pair 73 [4, 14] combined 117760 players 3610 retained 256 seconds 0.6083933413028717
am2_window_00_frame_150 pair 75 [5, 0] combined 74752 players 0 retained 0 seconds 0.4128676541149616
am2_window_00_frame_150 pair 76 [5, 1] combined 56896 players 15262 retained 256 seconds 0.8624426270835102
am2_window_00_frame_150 pair 78 [5, 3] combined 45056 players 648 retained 256 seconds 0.3783260639756918
am2_window_00_frame_150 pair 79 [5, 4] combined 100352 players 4136 retained 256 seconds 0.5427740220911801
am2_window_00_frame_150 pair 80 [5, 6] combined 8584 players 790 retained 256 seconds 0.1283480329439044
am2_window_00_frame_150 pair 82 [5, 8] combined 2964 players 1076 retained 256 seconds 0.22255241824313998
am2_window_00_frame_150 pair 83 [5, 9] combined 1140 players 342 retained 144 seconds 0.0719282110221684
am2_window_00_frame_150 pair 84 [5, 10] combined 10560 players 1104 retained 256 seconds 0.1396823669783771
am2_window_00_frame_150 pair 86 [5, 12] combined 121856 players 2412 retained 256 seconds 0.5249837161973119
am2_window_00_frame_150 pair 89 [5, 15] combined 0 players 0 retained 0 seconds 0.023245512042194605
am2_window_00_frame_150 pair 91 [6, 1] combined 62532 players 7114 retained 256 seconds 0.5562204858288169
am2_window_00_frame_150 pair 92 [6, 2] combined 74752 players 23298 retained 256 seconds 1.193808410782367
am2_window_00_frame_150 pair 95 [6, 5] combined 23432 players 1310 retained 256 seconds 0.18866725591942668
am2_window_00_frame_150 pair 96 [6, 7] combined 88064 players 15266 retained 256 seconds 0.8726969510316849
am2_window_00_frame_150 pair 97 [6, 8] combined 1540 players 152 retained 76 seconds 0.06366686709225178
am2_window_00_frame_150 pair 98 [6, 9] combined 2632 players 560 retained 256 seconds 0.099850133061409
am2_window_00_frame_150 pair 102 [6, 13] combined 14784 players 3902 retained 256 seconds 0.2549364110454917
am2_window_00_frame_150 pair 103 [6, 14] combined 40392 players 5864 retained 256 seconds 0.3909656652249396
am2_window_00_frame_150 pair 105 [7, 0] combined 262144 players 2178 retained 256 seconds 1.1730354181490839
am2_window_00_frame_150 pair 106 [7, 1] combined 186208 players 34446 retained 256 seconds 1.8379143620841205
am2_window_00_frame_150 pair 108 [7, 3] combined 262144 players 1942 retained 256 seconds 1.0840600482188165
am2_window_00_frame_150 pair 109 [7, 4] combined 262144 players 12082 retained 256 seconds 1.3217160827480257
am2_window_00_frame_150 pair 111 [7, 6] combined 69632 players 4464 retained 256 seconds 0.47629173193126917
am2_window_00_frame_150 pair 112 [7, 8] combined 9568 players 2314 retained 256 seconds 0.2160296319052577
am2_window_00_frame_150 pair 114 [7, 10] combined 41984 players 3178 retained 256 seconds 0.3498602379113436
am2_window_00_frame_150 pair 116 [7, 12] combined 262144 players 9196 retained 256 seconds 1.2586645460687578
am2_window_00_frame_150 pair 119 [7, 15] combined 0 players 0 retained 0 seconds 0.04346206085756421
am2_window_00_frame_150 pair 120 [8, 0] combined 29696 players 4398 retained 256 seconds 0.5223944061435759
am2_window_00_frame_150 pair 122 [8, 2] combined 32768 players 10770 retained 256 seconds 0.8266305313445628
am2_window_00_frame_150 pair 123 [8, 3] combined 13312 players 2706 retained 256 seconds 0.39972731098532677
am2_window_00_frame_150 pair 124 [8, 4] combined 27648 players 5586 retained 256 seconds 0.41228376887738705
am2_window_00_frame_150 pair 125 [8, 5] combined 6944 players 1742 retained 256 seconds 0.17020341800525784
am2_window_00_frame_150 pair 126 [8, 6] combined 5092 players 1436 retained 256 seconds 0.15104496525600553
am2_window_00_frame_150 pair 127 [8, 7] combined 25916 players 8868 retained 256 seconds 0.46195084787905216
am2_window_00_frame_150 pair 129 [8, 10] combined 7440 players 998 retained 256 seconds 0.12656534183770418
am2_window_00_frame_150 pair 131 [8, 12] combined 25600 players 1562 retained 256 seconds 0.23011672124266624
am2_window_00_frame_150 pair 132 [8, 13] combined 3000 players 208 retained 100 seconds 0.06995682790875435
am2_window_00_frame_150 pair 133 [8, 14] combined 2928 players 418 retained 208 seconds 0.08582391403615475
am2_window_00_frame_150 pair 135 [9, 0] combined 14336 players 502 retained 243 seconds 0.30326973693445325
am2_window_00_frame_150 pair 137 [9, 2] combined 4096 players 1066 retained 256 seconds 0.2231802106834948
am2_window_00_frame_150 pair 138 [9, 3] combined 7168 players 430 retained 206 seconds 0.2815867271274328
am2_window_00_frame_150 pair 139 [9, 4] combined 10240 players 276 retained 138 seconds 0.1374499979428947
am2_window_00_frame_150 pair 140 [9, 5] combined 1464 players 458 retained 192 seconds 0.07923199096694589
am2_window_00_frame_150 pair 141 [9, 6] combined 3132 players 210 retained 105 seconds 0.06646911380812526
am2_window_00_frame_150 pair 144 [9, 10] combined 756 players 100 retained 50 seconds 0.050645291805267334
am2_window_00_frame_150 pair 146 [9, 12] combined 10240 players 114 retained 57 seconds 0.11942715384066105
am2_window_00_frame_150 pair 147 [9, 13] combined 2912 players 612 retained 256 seconds 0.09420574409887195
am2_window_00_frame_150 pair 151 [10, 1] combined 46360 players 4182 retained 256 seconds 0.43565250001847744
am2_window_00_frame_150 pair 152 [10, 2] combined 69632 players 15710 retained 256 seconds 0.9894917020574212
am2_window_00_frame_150 pair 155 [10, 5] combined 22176 players 808 retained 256 seconds 0.17684444226324558
am2_window_00_frame_150 pair 157 [10, 7] combined 54272 players 5282 retained 256 seconds 0.5875404817052186
am2_window_00_frame_150 pair 158 [10, 8] combined 7920 players 1638 retained 256 seconds 0.15490370662882924
am2_window_00_frame_150 pair 159 [10, 9] combined 2412 players 406 retained 203 seconds 0.08475080784410238
am2_window_00_frame_150 pair 162 [10, 13] combined 13144 players 1866 retained 256 seconds 0.17977756820619106
am2_window_00_frame_150 pair 163 [10, 14] combined 12240 players 974 retained 256 seconds 0.1392999989911914
am2_window_00_frame_150 pair 181 [12, 1] combined 233472 players 29364 retained 256 seconds 1.930547689087689
am2_window_00_frame_150 pair 182 [12, 2] combined 262144 players 5828 retained 256 seconds 1.2361730220727623
am2_window_00_frame_150 pair 185 [12, 5] combined 57344 players 712 retained 256 seconds 0.31544153997674584
am2_window_00_frame_150 pair 187 [12, 7] combined 262144 players 10114 retained 256 seconds 1.212926676031202
am2_window_00_frame_150 pair 188 [12, 8] combined 19456 players 498 retained 243 seconds 0.19517494039610028
am2_window_00_frame_150 pair 189 [12, 9] combined 12288 players 2 retained 1 seconds 0.14381534233689308
am2_window_00_frame_150 pair 195 [13, 0] combined 125952 players 2258 retained 256 seconds 0.6981918858364224
am2_window_00_frame_150 pair 196 [13, 1] combined 61440 players 10514 retained 256 seconds 0.6602911474183202
am2_window_00_frame_150 pair 198 [13, 3] combined 137216 players 2408 retained 256 seconds 0.7517799288034439
am2_window_00_frame_150 pair 199 [13, 4] combined 145408 players 1224 retained 256 seconds 0.5462945699691772
am2_window_00_frame_150 pair 201 [13, 6] combined 19596 players 2144 retained 256 seconds 0.20301431324332952
am2_window_00_frame_150 pair 203 [13, 8] combined 6448 players 236 retained 118 seconds 0.0841617719270289
am2_window_00_frame_150 pair 204 [13, 9] combined 1220 players 198 retained 97 seconds 0.06104846717789769
am2_window_00_frame_150 pair 205 [13, 10] combined 12596 players 1526 retained 256 seconds 0.15460281819105148
am2_window_00_frame_150 pair 209 [13, 15] combined 0 players 0 retained 0 seconds 0.01995363924652338
am2_window_00_frame_150 pair 210 [14, 0] combined 117760 players 140 retained 56 seconds 0.5599022060632706
am2_window_00_frame_150 pair 211 [14, 1] combined 65536 players 6498 retained 256 seconds 0.6848928430117667
am2_window_00_frame_150 pair 213 [14, 3] combined 19456 players 24 retained 6 seconds 0.3157172566279769
am2_window_00_frame_150 pair 214 [14, 4] combined 159744 players 3832 retained 256 seconds 0.7147692511789501
am2_window_00_frame_150 pair 216 [14, 6] combined 53136 players 4194 retained 256 seconds 0.3811413641087711
am2_window_00_frame_150 pair 218 [14, 8] combined 5376 players 174 retained 87 seconds 0.07578407786786556
am2_window_00_frame_150 pair 220 [14, 10] combined 12936 players 228 retained 106 seconds 0.09852195577695966
am2_window_00_frame_150 pair 224 [14, 15] combined 0 players 0 retained 0 seconds 0.017070928122848272
am2_window_00_frame_150 pair 227 [15, 2] combined 0 players 0 retained 0 seconds 0.13814401626586914
am2_window_00_frame_150 pair 230 [15, 5] combined 0 players 0 retained 0 seconds 0.016446492169052362
am2_window_00_frame_150 pair 232 [15, 7] combined 0 players 0 retained 0 seconds 0.03327656304463744
am2_window_00_frame_150 pair 238 [15, 13] combined 0 players 0 retained 0 seconds 0.013551217038184404
am2_window_00_frame_150 pair 239 [15, 14] combined 0 players 0 retained 0 seconds 0.013764947187155485
am2_window_00_frame_150 pair 0 [0, 1] combined 2048 players 0 retained 0 seconds 0.10213700123131275
am2_window_00_frame_150 pair 1 [0, 2] combined 262144 players 9792 retained 256 seconds 1.2464324040338397
am2_window_00_frame_150 pair 4 [0, 5] combined 0 players 0 retained 0 seconds 0.08726960700005293
am2_window_00_frame_150 pair 6 [0, 7] combined 50176 players 634 retained 256 seconds 0.3161525223404169
am2_window_00_frame_150 pair 7 [0, 8] combined 0 players 0 retained 0 seconds 0.09190951101481915
am2_window_00_frame_150 pair 8 [0, 9] combined 0 players 0 retained 0 seconds 0.0915812780149281
am2_window_00_frame_150 pair 12 [0, 13] combined 14336 players 212 retained 106 seconds 0.17493951879441738
am2_window_00_frame_150 pair 13 [0, 14] combined 64512 players 400 retained 200 seconds 0.3303749281913042
am2_window_00_frame_150 pair 15 [1, 0] combined 10240 players 616 retained 256 seconds 0.15224750200286508
am2_window_00_frame_150 pair 16 [1, 2] combined 4096 players 1330 retained 256 seconds 0.16898083966225386
am2_window_00_frame_150 pair 17 [1, 3] combined 3072 players 518 retained 256 seconds 0.1287778071127832
am2_window_00_frame_150 pair 18 [1, 4] combined 5696 players 1598 retained 256 seconds 0.15544461971148849
am2_window_00_frame_150 pair 19 [1, 5] combined 0 players 0 retained 0 seconds 0.011207001749426126
am2_window_00_frame_150 pair 20 [1, 6] combined 160 players 16 retained 8 seconds 0.033901327289640903
am2_window_00_frame_150 pair 21 [1, 7] combined 304 players 144 retained 72 seconds 0.04706952581182122
am2_window_00_frame_150 pair 24 [1, 10] combined 72 players 26 retained 13 seconds 0.036205537151545286
am2_window_00_frame_150 pair 26 [1, 12] combined 3672 players 140 retained 57 seconds 0.07282977178692818
am2_window_00_frame_150 pair 27 [1, 13] combined 880 players 22 retained 11 seconds 0.03758098790422082
am2_window_00_frame_150 pair 28 [1, 14] combined 3276 players 178 retained 89 seconds 0.055632616858929396
am2_window_00_frame_150 pair 30 [2, 0] combined 262144 players 15100 retained 256 seconds 1.3991462248377502
am2_window_00_frame_150 pair 31 [2, 1] combined 4096 players 998 retained 256 seconds 0.1764350631274283
am2_window_00_frame_150 pair 32 [2, 3] combined 262144 players 4604 retained 256 seconds 1.0533341718837619
am2_window_00_frame_150 pair 33 [2, 4] combined 262144 players 2748 retained 256 seconds 0.9510609046556056
am2_window_00_frame_150 pair 35 [2, 6] combined 0 players 0 retained 0 seconds 0.08023164793848991
am2_window_00_frame_150 pair 37 [2, 8] combined 0 players 0 retained 0 seconds 0.08041583886370063
am2_window_00_frame_150 pair 38 [2, 9] combined 0 players 0 retained 0 seconds 0.0785054131411016
am2_window_00_frame_150 pair 39 [2, 10] combined 2048 players 244 retained 120 seconds 0.12302651768550277
am2_window_00_frame_150 pair 41 [2, 12] combined 203776 players 1316 retained 256 seconds 0.7428730088286102
am2_window_00_frame_150 pair 44 [2, 15] combined 0 players 0 retained 0 seconds 0.07503704586997628
am2_window_00_frame_150 pair 46 [3, 1] combined 1024 players 124 retained 62 seconds 0.11169003508985043
am2_window_00_frame_150 pair 47 [3, 2] combined 262144 players 17032 retained 256 seconds 1.701760462950915
am2_window_00_frame_150 pair 49 [3, 5] combined 0 players 0 retained 0 seconds 0.062255978118628263
am2_window_00_frame_150 pair 51 [3, 7] combined 57344 players 444 retained 222 seconds 0.3224937170743942
am2_window_00_frame_150 pair 52 [3, 8] combined 0 players 0 retained 0 seconds 0.07716048881411552
am2_window_00_frame_150 pair 53 [3, 9] combined 0 players 0 retained 0 seconds 0.07818811619654298
am2_window_00_frame_150 pair 57 [3, 13] combined 17408 players 240 retained 120 seconds 0.16503494791686535
am2_window_00_frame_150 pair 58 [3, 14] combined 10240 players 108 retained 58 seconds 0.14387588389217854
am2_window_00_frame_150 pair 61 [4, 1] combined 864 players 34 retained 17 seconds 0.07275889068841934
am2_window_00_frame_150 pair 62 [4, 2] combined 262144 players 3888 retained 256 seconds 0.9965526158921421
am2_window_00_frame_150 pair 64 [4, 5] combined 0 players 0 retained 0 seconds 0.03851716872304678
am2_window_00_frame_150 pair 66 [4, 7] combined 48128 players 3346 retained 256 seconds 0.3467183178290725
am2_window_00_frame_150 pair 67 [4, 8] combined 0 players 0 retained 0 seconds 0.035573453176766634
am2_window_00_frame_150 pair 68 [4, 9] combined 0 players 0 retained 0 seconds 0.037493600975722075
am2_window_00_frame_150 pair 72 [4, 13] combined 4888 players 396 retained 147 seconds 0.08820501668378711
am2_window_00_frame_150 pair 73 [4, 14] combined 69632 players 516 retained 256 seconds 0.28273167414590716
am2_window_00_frame_150 pair 75 [5, 0] combined 0 players 0 retained 0 seconds 0.061449598986655474
am2_window_00_frame_150 pair 76 [5, 1] combined 40 players 12 retained 6 seconds 0.030890341848134995
am2_window_00_frame_150 pair 78 [5, 3] combined 0 players 0 retained 0 seconds 0.043869541957974434
am2_window_00_frame_150 pair 79 [5, 4] combined 0 players 0 retained 0 seconds 0.032263985835015774
am2_window_00_frame_150 pair 80 [5, 6] combined 0 players 0 retained 0 seconds 0.007415737956762314
am2_window_00_frame_150 pair 82 [5, 8] combined 0 players 0 retained 0 seconds 0.006062785163521767
am2_window_00_frame_150 pair 83 [5, 9] combined 0 players 0 retained 0 seconds 0.005982682108879089
am2_window_00_frame_150 pair 84 [5, 10] combined 0 players 0 retained 0 seconds 0.006958439014852047
am2_window_00_frame_150 pair 86 [5, 12] combined 0 players 0 retained 0 seconds 0.01999040972441435
am2_window_00_frame_150 pair 89 [5, 15] combined 0 players 0 retained 0 seconds 0.005474019795656204
am2_window_00_frame_150 pair 91 [6, 1] combined 48 players 24 retained 12 seconds 0.03076612902805209
am2_window_00_frame_150 pair 92 [6, 2] combined 0 players 0 retained 0 seconds 0.05649735173210502
am2_window_00_frame_150 pair 95 [6, 5] combined 0 players 0 retained 0 seconds 0.007810186594724655
am2_window_00_frame_150 pair 96 [6, 7] combined 352 players 0 retained 0 seconds 0.014642633032053709
am2_window_00_frame_150 pair 97 [6, 8] combined 0 players 0 retained 0 seconds 0.006344576831907034
am2_window_00_frame_150 pair 98 [6, 9] combined 0 players 0 retained 0 seconds 0.006078239064663649
am2_window_00_frame_150 pair 102 [6, 13] combined 0 players 0 retained 0 seconds 0.008230275940150023
am2_window_00_frame_150 pair 103 [6, 14] combined 928 players 96 retained 48 seconds 0.03876005904749036
am2_window_00_frame_150 pair 105 [7, 0] combined 34816 players 78 retained 37 seconds 0.18411032436415553
am2_window_00_frame_150 pair 106 [7, 1] combined 280 players 56 retained 28 seconds 0.041439666878432035
am2_window_00_frame_150 pair 108 [7, 3] combined 90112 players 120 retained 60 seconds 0.32239770609885454
am2_window_00_frame_150 pair 109 [7, 4] combined 64584 players 5182 retained 256 seconds 0.427308218088001
am2_window_00_frame_150 pair 111 [7, 6] combined 0 players 0 retained 0 seconds 0.016821799334138632
am2_window_00_frame_150 pair 112 [7, 8] combined 0 players 0 retained 0 seconds 0.01319084083661437
am2_window_00_frame_150 pair 114 [7, 10] combined 960 players 0 retained 0 seconds 0.019417090341448784
am2_window_00_frame_150 pair 116 [7, 12] combined 55200 players 4076 retained 256 seconds 0.3545230031013489
am2_window_00_frame_150 pair 119 [7, 15] combined 0 players 0 retained 0 seconds 0.013583220075815916
am2_window_00_frame_150 pair 120 [8, 0] combined 0 players 0 retained 0 seconds 0.05411675991490483
am2_window_00_frame_150 pair 122 [8, 2] combined 0 players 0 retained 0 seconds 0.05445018084719777
am2_window_00_frame_150 pair 123 [8, 3] combined 0 players 0 retained 0 seconds 0.04857340082526207
am2_window_00_frame_150 pair 124 [8, 4] combined 0 players 0 retained 0 seconds 0.02653395291417837
am2_window_00_frame_150 pair 125 [8, 5] combined 0 players 0 retained 0 seconds 0.005545679945498705
am2_window_00_frame_150 pair 126 [8, 6] combined 0 players 0 retained 0 seconds 0.005589712876826525
am2_window_00_frame_150 pair 127 [8, 7] combined 0 players 0 retained 0 seconds 0.011263919062912464
am2_window_00_frame_150 pair 129 [8, 10] combined 0 players 0 retained 0 seconds 0.005288312211632729
am2_window_00_frame_150 pair 131 [8, 12] combined 0 players 0 retained 0 seconds 0.015506658237427473
am2_window_00_frame_150 pair 132 [8, 13] combined 0 players 0 retained 0 seconds 0.006645470857620239
am2_window_00_frame_150 pair 133 [8, 14] combined 0 players 0 retained 0 seconds 0.009033058304339647
am2_window_00_frame_150 pair 135 [9, 0] combined 0 players 0 retained 0 seconds 0.058374456129968166
am2_window_00_frame_150 pair 137 [9, 2] combined 0 players 0 retained 0 seconds 0.05306218517944217
am2_window_00_frame_150 pair 138 [9, 3] combined 0 players 0 retained 0 seconds 0.0473431427963078
am2_window_00_frame_150 pair 139 [9, 4] combined 0 players 0 retained 0 seconds 0.024803886655718088
am2_window_00_frame_150 pair 140 [9, 5] combined 0 players 0 retained 0 seconds 0.005323513876646757
am2_window_00_frame_150 pair 141 [9, 6] combined 0 players 0 retained 0 seconds 0.005207180976867676
am2_window_00_frame_150 pair 144 [9, 10] combined 0 players 0 retained 0 seconds 0.0050924899987876415
am2_window_00_frame_150 pair 146 [9, 12] combined 0 players 0 retained 0 seconds 0.014781062956899405
am2_window_00_frame_150 pair 147 [9, 13] combined 0 players 0 retained 0 seconds 0.006171006243675947
am2_window_00_frame_150 pair 151 [10, 1] combined 20 players 0 retained 0 seconds 0.009319150820374489
am2_window_00_frame_150 pair 152 [10, 2] combined 5120 players 728 retained 256 seconds 0.13432535389438272
am2_window_00_frame_150 pair 155 [10, 5] combined 0 players 0 retained 0 seconds 0.007477499078959227
am2_window_00_frame_150 pair 157 [10, 7] combined 592 players 0 retained 0 seconds 0.014187772758305073
am2_window_00_frame_150 pair 158 [10, 8] combined 0 players 0 retained 0 seconds 0.0054325019009411335
am2_window_00_frame_150 pair 159 [10, 9] combined 0 players 0 retained 0 seconds 0.005523376166820526
am2_window_00_frame_150 pair 162 [10, 13] combined 0 players 0 retained 0 seconds 0.006605424918234348
am2_window_00_frame_150 pair 163 [10, 14] combined 0 players 0 retained 0 seconds 0.009414306841790676
am2_window_00_frame_150 pair 181 [12, 1] combined 1164 players 74 retained 32 seconds 0.05039271339774132
am2_window_00_frame_150 pair 182 [12, 2] combined 121856 players 1622 retained 256 seconds 0.5224762647412717
am2_window_00_frame_150 pair 185 [12, 5] combined 0 players 0 retained 0 seconds 0.02555133029818535
am2_window_00_frame_150 pair 187 [12, 7] combined 47104 players 4190 retained 256 seconds 0.350760362111032
am2_window_00_frame_150 pair 188 [12, 8] combined 0 players 0 retained 0 seconds 0.018953867256641388
am2_window_00_frame_150 pair 189 [12, 9] combined 0 players 0 retained 0 seconds 0.018361859023571014
am2_window_00_frame_150 pair 195 [13, 0] combined 18432 players 16 retained 8 seconds 0.12892015324905515
am2_window_00_frame_150 pair 196 [13, 1] combined 360 players 120 retained 60 seconds 0.045376067981123924
am2_window_00_frame_150 pair 198 [13, 3] combined 22528 players 0 retained 0 seconds 0.11169930221512914
am2_window_00_frame_150 pair 199 [13, 4] combined 2660 players 70 retained 35 seconds 0.05797833390533924
am2_window_00_frame_150 pair 201 [13, 6] combined 0 players 0 retained 0 seconds 0.00892182718962431
am2_window_00_frame_150 pair 203 [13, 8] combined 0 players 0 retained 0 seconds 0.00822782190516591
am2_window_00_frame_150 pair 204 [13, 9] combined 0 players 0 retained 0 seconds 0.008142649661749601
am2_window_00_frame_150 pair 205 [13, 10] combined 0 players 0 retained 0 seconds 0.007371881976723671
am2_window_00_frame_150 pair 209 [13, 15] combined 0 players 0 retained 0 seconds 0.005960733164101839
am2_window_00_frame_150 pair 210 [14, 0] combined 64512 players 204 retained 97 seconds 0.27436302974820137
am2_window_00_frame_150 pair 211 [14, 1] combined 620 players 196 retained 98 seconds 0.04917147709056735
am2_window_00_frame_150 pair 213 [14, 3] combined 4096 players 0 retained 0 seconds 0.06411351729184389
am2_window_00_frame_150 pair 214 [14, 4] combined 78120 players 678 retained 256 seconds 0.3135579307563603
am2_window_00_frame_150 pair 216 [14, 6] combined 0 players 0 retained 0 seconds 0.0133640062995255
am2_window_00_frame_150 pair 218 [14, 8] combined 0 players 0 retained 0 seconds 0.009128143079578876
am2_window_00_frame_150 pair 220 [14, 10] combined 0 players 0 retained 0 seconds 0.011504721827805042
am2_window_00_frame_150 pair 224 [14, 15] combined 0 players 0 retained 0 seconds 0.008239227812737226
am2_window_00_frame_150 pair 227 [15, 2] combined 0 players 0 retained 0 seconds 0.04477202007547021
am2_window_00_frame_150 pair 230 [15, 5] combined 0 players 0 retained 0 seconds 0.004401247948408127
am2_window_00_frame_150 pair 232 [15, 7] combined 0 players 0 retained 0 seconds 0.010408356785774231
am2_window_00_frame_150 pair 238 [15, 13] combined 0 players 0 retained 0 seconds 0.004777546972036362
am2_window_00_frame_150 pair 239 [15, 14] combined 0 players 0 retained 0 seconds 0.008515108842402697
[am2_window_00_frame_150] line-template: preparing rectangles
[am2_window_00_frame_150] measuring 767 parents (G0=256, G1=256, line_template=256; conflicting geometry groups=0)
[am2_window_00_frame_150] parents 250/767
[am2_window_00_frame_150] parents 500/767
[am2_window_00_frame_150] parents 750/767
[am2_window_00_frame_150] refitting 767 parents
[am2_window_00_frame_150] refits 250/767; valid children=151
[am2_window_00_frame_150] refits 500/767; valid children=242
[am2_window_00_frame_150] refits 750/767; valid children=321
{"view_id": "am2_window_00_frame_150", "chosen_key": "G1:30:137/child", "no_court_reason": null, "all_checks_equal": null, "error": null}
{"views": ["am2_window_00_frame_150"], "startup_seconds": 0.04465895798057318, "wall_seconds": 214.35839592805132, "peak_rss_mb": 1191.35546875, "failed": []}
