decoded <remote>/player_guided_20260908/videos/am3_h264.mp4 to frame 90 in 1s
am3_window_00_frame_0 pair 0 [0, 1] combined 262144 players 104660 retained 256 seconds 5.059123232029378
am3_window_00_frame_0 pair 1 [0, 2] combined 262144 players 31314 retained 256 seconds 2.531918637920171
am3_window_00_frame_0 pair 3 [0, 4] combined 70656 players 22114 retained 256 seconds 1.3905118410475552
am3_window_00_frame_0 pair 6 [0, 7] combined 262144 players 93412 retained 256 seconds 4.730964793357998
am3_window_00_frame_0 pair 7 [0, 8] combined 262144 players 14530 retained 256 seconds 1.9574777320958674
am3_window_00_frame_0 pair 15 [1, 0] combined 262144 players 80888 retained 256 seconds 4.582609022036195
am3_window_00_frame_0 pair 16 [1, 2] combined 262144 players 107074 retained 256 seconds 5.184791660867631
am3_window_00_frame_0 pair 17 [1, 3] combined 262144 players 73116 retained 256 seconds 4.474804291967303
am3_window_00_frame_0 pair 19 [1, 5] combined 262144 players 87650 retained 256 seconds 4.494128654245287
am3_window_00_frame_0 pair 20 [1, 6] combined 262144 players 82212 retained 256 seconds 4.33396406006068
am3_window_00_frame_0 pair 23 [1, 9] combined 4096 players 180 retained 90 seconds 0.3514201338402927
am3_window_00_frame_0 pair 24 [1, 10] combined 134144 players 23380 retained 256 seconds 1.5274867238476872
am3_window_00_frame_0 pair 25 [1, 11] combined 2048 players 48 retained 24 seconds 0.32471743505448103
am3_window_00_frame_0 pair 27 [1, 13] combined 262144 players 72604 retained 256 seconds 4.886632970999926
am3_window_00_frame_0 pair 28 [1, 14] combined 262144 players 73372 retained 256 seconds 4.760956171900034
am3_window_00_frame_0 pair 29 [1, 15] combined 262144 players 69746 retained 256 seconds 4.7308090017177165
am3_window_00_frame_0 pair 30 [2, 0] combined 262144 players 39438 retained 256 seconds 3.022880991920829
am3_window_00_frame_0 pair 31 [2, 1] combined 262144 players 96166 retained 256 seconds 5.118427479639649
am3_window_00_frame_0 pair 32 [2, 3] combined 262144 players 54558 retained 256 seconds 3.712034394033253
am3_window_00_frame_0 pair 33 [2, 4] combined 75776 players 29566 retained 256 seconds 1.568527099210769
am3_window_00_frame_0 pair 34 [2, 5] combined 104448 players 160 retained 80 seconds 0.4281083350069821
am3_window_00_frame_0 pair 35 [2, 6] combined 262144 players 5418 retained 256 seconds 1.098475192207843
am3_window_00_frame_0 pair 36 [2, 7] combined 262144 players 58438 retained 256 seconds 3.258636159822345
am3_window_00_frame_0 pair 39 [2, 10] combined 169984 players 1494 retained 256 seconds 0.6947168032638729
am3_window_00_frame_0 pair 41 [2, 12] combined 71680 players 558 retained 244 seconds 0.370391643140465
am3_window_00_frame_0 pair 42 [2, 13] combined 262144 players 35120 retained 256 seconds 3.11166409868747
am3_window_00_frame_0 pair 43 [2, 14] combined 262144 players 39046 retained 256 seconds 3.08134070597589
am3_window_00_frame_0 pair 44 [2, 15] combined 262144 players 40282 retained 256 seconds 3.1527259880676866
am3_window_00_frame_0 pair 46 [3, 1] combined 262144 players 113096 retained 256 seconds 6.101513358298689
am3_window_00_frame_0 pair 47 [3, 2] combined 262144 players 19600 retained 256 seconds 2.3301634080708027
am3_window_00_frame_0 pair 48 [3, 4] combined 73728 players 23874 retained 256 seconds 1.5686825849115849
am3_window_00_frame_0 pair 51 [3, 7] combined 262144 players 95178 retained 256 seconds 4.647093064151704
am3_window_00_frame_0 pair 52 [3, 8] combined 262144 players 33020 retained 256 seconds 2.6264349850825965
am3_window_00_frame_0 pair 60 [4, 0] combined 50176 players 5566 retained 256 seconds 0.9560307641513646
am3_window_00_frame_0 pair 62 [4, 2] combined 112640 players 40862 retained 256 seconds 2.0423967260867357
am3_window_00_frame_0 pair 63 [4, 3] combined 51200 players 4514 retained 256 seconds 1.033495448064059
am3_window_00_frame_0 pair 64 [4, 5] combined 43380 players 9338 retained 256 seconds 0.5126129169948399
am3_window_00_frame_0 pair 68 [4, 9] combined 6696 players 44 retained 26 seconds 0.07092766324058175
am3_window_00_frame_0 pair 70 [4, 11] combined 0 players 0 retained 0 seconds 0.01854361966252327
am3_window_00_frame_0 pair 72 [4, 13] combined 50176 players 4536 retained 256 seconds 1.307814551051706
am3_window_00_frame_0 pair 73 [4, 14] combined 50176 players 4308 retained 256 seconds 1.1575499628670514
am3_window_00_frame_0 pair 74 [4, 15] combined 50176 players 4096 retained 256 seconds 1.1445279279723763
am3_window_00_frame_0 pair 76 [5, 1] combined 83968 players 20966 retained 256 seconds 1.336309492122382
am3_window_00_frame_0 pair 77 [5, 2] combined 24576 players 1128 retained 256 seconds 0.25439700903370976
am3_window_00_frame_0 pair 79 [5, 4] combined 45936 players 8364 retained 256 seconds 0.541337720118463
am3_window_00_frame_0 pair 81 [5, 7] combined 84992 players 5446 retained 256 seconds 0.6678512520156801
am3_window_00_frame_0 pair 82 [5, 8] combined 122880 players 1912 retained 256 seconds 0.5157995647750795
am3_window_00_frame_0 pair 91 [6, 1] combined 180224 players 27938 retained 256 seconds 1.8577620959840715
am3_window_00_frame_0 pair 92 [6, 2] combined 262144 players 1380 retained 256 seconds 0.9558016653172672
am3_window_00_frame_0 pair 96 [6, 7] combined 180224 players 8964 retained 256 seconds 0.9643662888556719
am3_window_00_frame_0 pair 97 [6, 8] combined 202752 players 13438 retained 256 seconds 1.1715213819406927
am3_window_00_frame_0 pair 105 [7, 0] combined 156672 players 48824 retained 256 seconds 2.916378363966942
am3_window_00_frame_0 pair 107 [7, 2] combined 258048 players 105814 retained 256 seconds 4.632439004722983
am3_window_00_frame_0 pair 108 [7, 3] combined 153600 players 48768 retained 256 seconds 2.7769021820276976
am3_window_00_frame_0 pair 110 [7, 5] combined 147456 players 37374 retained 256 seconds 1.8559556580148637
am3_window_00_frame_0 pair 111 [7, 6] combined 153600 players 38170 retained 256 seconds 2.0309622436761856
am3_window_00_frame_0 pair 113 [7, 9] combined 6144 players 422 retained 211 seconds 0.12805011495947838
am3_window_00_frame_0 pair 114 [7, 10] combined 140288 players 1982 retained 256 seconds 0.567238088697195
am3_window_00_frame_0 pair 115 [7, 11] combined 0 players 0 retained 0 seconds 0.04373252997174859
am3_window_00_frame_0 pair 116 [7, 12] combined 128000 players 1130 retained 256 seconds 0.49893846083432436
am3_window_00_frame_0 pair 117 [7, 13] combined 154624 players 48190 retained 256 seconds 3.218031114898622
am3_window_00_frame_0 pair 118 [7, 14] combined 155648 players 47860 retained 256 seconds 3.1293363398872316
am3_window_00_frame_0 pair 119 [7, 15] combined 147456 players 46230 retained 256 seconds 2.935056797694415
am3_window_00_frame_0 pair 120 [8, 0] combined 262144 players 16260 retained 256 seconds 1.8639432680793107
am3_window_00_frame_0 pair 123 [8, 3] combined 262144 players 22832 retained 256 seconds 2.10261657088995
am3_window_00_frame_0 pair 125 [8, 5] combined 250880 players 1988 retained 256 seconds 0.8777865371666849
am3_window_00_frame_0 pair 126 [8, 6] combined 262144 players 16372 retained 256 seconds 1.4238547231070697
am3_window_00_frame_0 pair 129 [8, 10] combined 185344 players 4186 retained 256 seconds 0.7572498717345297
am3_window_00_frame_0 pair 131 [8, 12] combined 119808 players 2292 retained 256 seconds 0.6323648262768984
am3_window_00_frame_0 pair 132 [8, 13] combined 262144 players 19258 retained 256 seconds 2.216766239143908
am3_window_00_frame_0 pair 133 [8, 14] combined 262144 players 27724 retained 256 seconds 2.5140169537626207
am3_window_00_frame_0 pair 134 [8, 15] combined 262144 players 21548 retained 256 seconds 2.249786099884659
am3_window_00_frame_0 pair 136 [9, 1] combined 4096 players 0 retained 0 seconds 0.22990520484745502
am3_window_00_frame_0 pair 139 [9, 4] combined 0 players 0 retained 0 seconds 0.01467319019138813
am3_window_00_frame_0 pair 142 [9, 7] combined 7168 players 104 retained 52 seconds 0.08999615674838424
am3_window_00_frame_0 pair 151 [10, 1] combined 110592 players 20852 retained 256 seconds 1.3751912447623909
am3_window_00_frame_0 pair 152 [10, 2] combined 121856 players 1838 retained 256 seconds 0.540521761868149
am3_window_00_frame_0 pair 157 [10, 7] combined 108544 players 6240 retained 256 seconds 0.780650180298835
am3_window_00_frame_0 pair 158 [10, 8] combined 153600 players 3340 retained 256 seconds 0.623101522680372
am3_window_00_frame_0 pair 166 [11, 1] combined 2048 players 0 retained 0 seconds 0.21840624324977398
am3_window_00_frame_0 pair 169 [11, 4] combined 424 players 28 retained 14 seconds 0.042322282679378986
am3_window_00_frame_0 pair 172 [11, 7] combined 1024 players 0 retained 0 seconds 0.04159543989226222
am3_window_00_frame_0 pair 182 [12, 2] combined 53248 players 1498 retained 256 seconds 0.3245149520225823
am3_window_00_frame_0 pair 187 [12, 7] combined 82944 players 3728 retained 256 seconds 0.4657932762056589
am3_window_00_frame_0 pair 188 [12, 8] combined 117760 players 3476 retained 256 seconds 0.5355839356780052
am3_window_00_frame_0 pair 196 [13, 1] combined 262144 players 99456 retained 256 seconds 5.271038200240582
am3_window_00_frame_0 pair 197 [13, 2] combined 262144 players 34124 retained 256 seconds 3.031445160973817
am3_window_00_frame_0 pair 199 [13, 4] combined 67584 players 20558 retained 256 seconds 1.6492917439900339
am3_window_00_frame_0 pair 202 [13, 7] combined 262144 players 93176 retained 256 seconds 4.855802230071276
am3_window_00_frame_0 pair 203 [13, 8] combined 262144 players 16220 retained 256 seconds 2.2292118771001697
am3_window_00_frame_0 pair 211 [14, 1] combined 262144 players 103658 retained 256 seconds 5.196428979746997
am3_window_00_frame_0 pair 212 [14, 2] combined 262144 players 37330 retained 256 seconds 2.8239487293176353
am3_window_00_frame_0 pair 214 [14, 4] combined 71680 players 22772 retained 256 seconds 1.6683763470500708
am3_window_00_frame_0 pair 217 [14, 7] combined 262144 players 95964 retained 256 seconds 4.82210289593786
am3_window_00_frame_0 pair 218 [14, 8] combined 262144 players 30758 retained 256 seconds 2.6617799289524555
am3_window_00_frame_0 pair 226 [15, 1] combined 262144 players 110042 retained 256 seconds 5.786263691727072
am3_window_00_frame_0 pair 227 [15, 2] combined 262144 players 32644 retained 256 seconds 2.7544268360361457
am3_window_00_frame_0 pair 229 [15, 4] combined 87040 players 29166 retained 256 seconds 1.862310878932476
am3_window_00_frame_0 pair 232 [15, 7] combined 262144 players 91220 retained 256 seconds 4.617778324056417
am3_window_00_frame_0 pair 233 [15, 8] combined 262144 players 16100 retained 256 seconds 2.30940330773592
am3_window_00_frame_0 pair 0 [0, 1] combined 1344 players 530 retained 256 seconds 0.08809059485793114
am3_window_00_frame_0 pair 1 [0, 2] combined 11264 players 1950 retained 256 seconds 0.18344911001622677
am3_window_00_frame_0 pair 3 [0, 4] combined 80 players 30 retained 15 seconds 0.035755456890910864
am3_window_00_frame_0 pair 6 [0, 7] combined 0 players 0 retained 0 seconds 0.005786725785583258
am3_window_00_frame_0 pair 7 [0, 8] combined 0 players 0 retained 0 seconds 0.007251539267599583
am3_window_00_frame_0 pair 15 [1, 0] combined 4560 players 1900 retained 256 seconds 0.1537538398988545
am3_window_00_frame_0 pair 16 [1, 2] combined 47232 players 19344 retained 256 seconds 0.9692527740262449
am3_window_00_frame_0 pair 17 [1, 3] combined 8024 players 2534 retained 256 seconds 0.19642719719558954
am3_window_00_frame_0 pair 19 [1, 5] combined 732 players 116 retained 58 seconds 0.0492755682207644
am3_window_00_frame_0 pair 20 [1, 6] combined 1764 players 384 retained 192 seconds 0.073774553835392
am3_window_00_frame_0 pair 23 [1, 9] combined 0 players 0 retained 0 seconds 0.015198959968984127
am3_window_00_frame_0 pair 24 [1, 10] combined 0 players 0 retained 0 seconds 0.013082711957395077
am3_window_00_frame_0 pair 25 [1, 11] combined 0 players 0 retained 0 seconds 0.0147871607914567
am3_window_00_frame_0 pair 27 [1, 13] combined 12688 players 4558 retained 256 seconds 0.2828114009462297
am3_window_00_frame_0 pair 28 [1, 14] combined 6240 players 1896 retained 256 seconds 0.15956389904022217
am3_window_00_frame_0 pair 29 [1, 15] combined 13224 players 4792 retained 256 seconds 0.292165351100266
am3_window_00_frame_0 pair 30 [2, 0] combined 7220 players 1040 retained 256 seconds 0.13136760564520955
am3_window_00_frame_0 pair 31 [2, 1] combined 26964 players 10882 retained 256 seconds 0.5769504369236529
am3_window_00_frame_0 pair 32 [2, 3] combined 24700 players 3236 retained 256 seconds 0.25330623099580407
am3_window_00_frame_0 pair 33 [2, 4] combined 1224 players 398 retained 147 seconds 0.07718120515346527
am3_window_00_frame_0 pair 34 [2, 5] combined 0 players 0 retained 0 seconds 0.017874380107969046
am3_window_00_frame_0 pair 35 [2, 6] combined 9108 players 50 retained 26 seconds 0.07180478936061263
am3_window_00_frame_0 pair 36 [2, 7] combined 0 players 0 retained 0 seconds 0.017783569172024727
am3_window_00_frame_0 pair 39 [2, 10] combined 0 players 0 retained 0 seconds 0.018602131865918636
am3_window_00_frame_0 pair 41 [2, 12] combined 0 players 0 retained 0 seconds 0.018108780030161142
am3_window_00_frame_0 pair 42 [2, 13] combined 20800 players 4112 retained 256 seconds 0.2719070417806506
am3_window_00_frame_0 pair 43 [2, 14] combined 10752 players 2292 retained 256 seconds 0.17992022074759007
am3_window_00_frame_0 pair 44 [2, 15] combined 22464 players 4266 retained 256 seconds 0.2871231627650559
am3_window_00_frame_0 pair 46 [3, 1] combined 3456 players 1302 retained 256 seconds 0.12513668090105057
am3_window_00_frame_0 pair 47 [3, 2] combined 21504 players 3220 retained 256 seconds 0.25134506495669484
am3_window_00_frame_0 pair 48 [3, 4] combined 192 players 96 retained 42 seconds 0.04240718204528093
am3_window_00_frame_0 pair 51 [3, 7] combined 0 players 0 retained 0 seconds 0.00767163373529911
am3_window_00_frame_0 pair 52 [3, 8] combined 0 players 0 retained 0 seconds 0.009446947369724512
am3_window_00_frame_0 pair 60 [4, 0] combined 60 players 22 retained 11 seconds 0.034411258064210415
am3_window_00_frame_0 pair 62 [4, 2] combined 1488 players 418 retained 169 seconds 0.0788327930495143
am3_window_00_frame_0 pair 63 [4, 3] combined 124 players 22 retained 9 seconds 0.03762225620448589
am3_window_00_frame_0 pair 64 [4, 5] combined 4 players 2 retained 1 seconds 0.030578291974961758
am3_window_00_frame_0 pair 68 [4, 9] combined 0 players 0 retained 0 seconds 0.004862321075052023
am3_window_00_frame_0 pair 70 [4, 11] combined 0 players 0 retained 0 seconds 0.0051696086302399635
am3_window_00_frame_0 pair 72 [4, 13] combined 196 players 42 retained 21 seconds 0.03827085206285119
am3_window_00_frame_0 pair 73 [4, 14] combined 100 players 20 retained 10 seconds 0.03509658109396696
am3_window_00_frame_0 pair 74 [4, 15] combined 588 players 42 retained 21 seconds 0.04040831699967384
am3_window_00_frame_0 pair 76 [5, 1] combined 0 players 0 retained 0 seconds 0.012757733929902315
am3_window_00_frame_0 pair 77 [5, 2] combined 0 players 0 retained 0 seconds 0.018089552875608206
am3_window_00_frame_0 pair 79 [5, 4] combined 0 players 0 retained 0 seconds 0.005765167064964771
am3_window_00_frame_0 pair 81 [5, 7] combined 0 players 0 retained 0 seconds 0.003496855031698942
am3_window_00_frame_0 pair 82 [5, 8] combined 0 players 0 retained 0 seconds 0.003968698903918266
am3_window_00_frame_0 pair 91 [6, 1] combined 1680 players 264 retained 132 seconds 0.06119364080950618
am3_window_00_frame_0 pair 92 [6, 2] combined 18392 players 90 retained 45 seconds 0.09768823208287358
am3_window_00_frame_0 pair 96 [6, 7] combined 0 players 0 retained 0 seconds 0.0041504730470478535
am3_window_00_frame_0 pair 97 [6, 8] combined 0 players 0 retained 0 seconds 0.004266191273927689
am3_window_00_frame_0 pair 105 [7, 0] combined 0 players 0 retained 0 seconds 0.005784225650131702
am3_window_00_frame_0 pair 107 [7, 2] combined 0 players 0 retained 0 seconds 0.01543334499001503
am3_window_00_frame_0 pair 108 [7, 3] combined 0 players 0 retained 0 seconds 0.0077952309511601925
am3_window_00_frame_0 pair 110 [7, 5] combined 0 players 0 retained 0 seconds 0.003379225730895996
am3_window_00_frame_0 pair 111 [7, 6] combined 0 players 0 retained 0 seconds 0.003379455767571926
am3_window_00_frame_0 pair 113 [7, 9] combined 0 players 0 retained 0 seconds 0.001985670067369938
am3_window_00_frame_0 pair 114 [7, 10] combined 0 players 0 retained 0 seconds 0.002038703765720129
am3_window_00_frame_0 pair 115 [7, 11] combined 0 players 0 retained 0 seconds 0.0018792282789945602
am3_window_00_frame_0 pair 116 [7, 12] combined 0 players 0 retained 0 seconds 0.0018367399461567402
am3_window_00_frame_0 pair 117 [7, 13] combined 0 players 0 retained 0 seconds 0.007997293025255203
am3_window_00_frame_0 pair 118 [7, 14] combined 0 players 0 retained 0 seconds 0.0057480051182210445
am3_window_00_frame_0 pair 119 [7, 15] combined 0 players 0 retained 0 seconds 0.008551850449293852
am3_window_00_frame_0 pair 120 [8, 0] combined 0 players 0 retained 0 seconds 0.0060948594473302364
am3_window_00_frame_0 pair 123 [8, 3] combined 0 players 0 retained 0 seconds 0.008073704317212105
am3_window_00_frame_0 pair 125 [8, 5] combined 0 players 0 retained 0 seconds 0.004005250055342913
am3_window_00_frame_0 pair 126 [8, 6] combined 0 players 0 retained 0 seconds 0.003784662112593651
am3_window_00_frame_0 pair 129 [8, 10] combined 0 players 0 retained 0 seconds 0.002638851758092642
am3_window_00_frame_0 pair 131 [8, 12] combined 0 players 0 retained 0 seconds 0.002563475165516138
am3_window_00_frame_0 pair 132 [8, 13] combined 0 players 0 retained 0 seconds 0.00864538038149476
am3_window_00_frame_0 pair 133 [8, 14] combined 0 players 0 retained 0 seconds 0.006233071908354759
am3_window_00_frame_0 pair 134 [8, 15] combined 0 players 0 retained 0 seconds 0.00916860019788146
am3_window_00_frame_0 pair 136 [9, 1] combined 0 players 0 retained 0 seconds 0.01148180803284049
am3_window_00_frame_0 pair 139 [9, 4] combined 0 players 0 retained 0 seconds 0.003951662220060825
am3_window_00_frame_0 pair 142 [9, 7] combined 0 players 0 retained 0 seconds 0.001878553070127964
am3_window_00_frame_0 pair 151 [10, 1] combined 0 players 0 retained 0 seconds 0.011084609664976597
am3_window_00_frame_0 pair 152 [10, 2] combined 0 players 0 retained 0 seconds 0.014986689202487469
am3_window_00_frame_0 pair 157 [10, 7] combined 0 players 0 retained 0 seconds 0.002206072211265564
am3_window_00_frame_0 pair 158 [10, 8] combined 0 players 0 retained 0 seconds 0.002487939316779375
am3_window_00_frame_0 pair 166 [11, 1] combined 0 players 0 retained 0 seconds 0.010712133254855871
am3_window_00_frame_0 pair 169 [11, 4] combined 0 players 0 retained 0 seconds 0.0038549471646547318
am3_window_00_frame_0 pair 172 [11, 7] combined 0 players 0 retained 0 seconds 0.0021456731483340263
am3_window_00_frame_0 pair 182 [12, 2] combined 0 players 0 retained 0 seconds 0.014336601831018925
am3_window_00_frame_0 pair 187 [12, 7] combined 0 players 0 retained 0 seconds 0.002081905957311392
am3_window_00_frame_0 pair 188 [12, 8] combined 0 players 0 retained 0 seconds 0.0027794507332146168
am3_window_00_frame_0 pair 196 [13, 1] combined 5088 players 1948 retained 256 seconds 0.1495306552387774
am3_window_00_frame_0 pair 197 [13, 2] combined 37888 players 7952 retained 256 seconds 0.7138293320313096
am3_window_00_frame_0 pair 199 [13, 4] combined 500 players 200 retained 100 seconds 0.051789901219308376
am3_window_00_frame_0 pair 202 [13, 7] combined 0 players 0 retained 0 seconds 0.008150455076247454
am3_window_00_frame_0 pair 203 [13, 8] combined 0 players 0 retained 0 seconds 0.009920215234160423
am3_window_00_frame_0 pair 211 [14, 1] combined 2240 players 820 retained 256 seconds 0.10100778983905911
am3_window_00_frame_0 pair 212 [14, 2] combined 20480 players 3524 retained 256 seconds 0.25237942999228835
am3_window_00_frame_0 pair 214 [14, 4] combined 160 players 60 retained 30 seconds 0.03731657192111015
am3_window_00_frame_0 pair 217 [14, 7] combined 0 players 0 retained 0 seconds 0.006102424114942551
am3_window_00_frame_0 pair 218 [14, 8] combined 0 players 0 retained 0 seconds 0.006875468883663416
am3_window_00_frame_0 pair 226 [15, 1] combined 4416 players 1642 retained 256 seconds 0.14102827524766326
am3_window_00_frame_0 pair 227 [15, 2] combined 34816 players 7412 retained 256 seconds 0.42493211198598146
am3_window_00_frame_0 pair 229 [15, 4] combined 672 players 288 retained 144 seconds 0.059181369841098785
am3_window_00_frame_0 pair 232 [15, 7] combined 0 players 0 retained 0 seconds 0.008106449153274298
am3_window_00_frame_0 pair 233 [15, 8] combined 0 players 0 retained 0 seconds 0.010122880805283785
[am3_window_00_frame_0] line-template: preparing rectangles
[am3_window_00_frame_0] measuring 768 parents (G0=256, G1=256, line_template=256; conflicting geometry groups=0)
[am3_window_00_frame_0] parents 250/768
[am3_window_00_frame_0] parents 500/768
[am3_window_00_frame_0] parents 750/768
[am3_window_00_frame_0] refitting 768 parents
[am3_window_00_frame_0] refits 250/768; valid children=147
[am3_window_00_frame_0] refits 500/768; valid children=394
[am3_window_00_frame_0] refits 750/768; valid children=575
{"view_id": "am3_window_00_frame_0", "chosen_key": "G1:43:171/child", "no_court_reason": null, "all_checks_equal": null, "error": null}
{"views": ["am3_window_00_frame_0"], "startup_seconds": 0.048363402020186186, "wall_seconds": 331.1508067641407, "peak_rss_mb": 1667.046875, "failed": []}
