decoded <remote>/player_guided_20260908/videos/am3_h264.mp4 to frame 17219 in 58s
am3_window_02_frame_17174 pair 0 [0, 1] combined 262144 players 98634 retained 256 seconds 3.22602449497208
am3_window_02_frame_17174 pair 1 [0, 2] combined 262144 players 34724 retained 256 seconds 1.8971628029830754
am3_window_02_frame_17174 pair 8 [0, 9] combined 262144 players 93694 retained 256 seconds 2.994248262606561
am3_window_02_frame_17174 pair 10 [0, 11] combined 81920 players 9254 retained 256 seconds 1.1523936809971929
am3_window_02_frame_17174 pair 11 [0, 12] combined 86016 players 4166 retained 256 seconds 0.925346985924989
am3_window_02_frame_17174 pair 15 [1, 0] combined 262144 players 67904 retained 256 seconds 2.633564957883209
am3_window_02_frame_17174 pair 16 [1, 2] combined 262144 players 89096 retained 256 seconds 2.508504278026521
am3_window_02_frame_17174 pair 17 [1, 3] combined 262144 players 70992 retained 256 seconds 2.1926074088551104
am3_window_02_frame_17174 pair 18 [1, 4] combined 262144 players 86208 retained 256 seconds 2.3590028299950063
am3_window_02_frame_17174 pair 19 [1, 5] combined 194560 players 76492 retained 256 seconds 2.098956543020904
am3_window_02_frame_17174 pair 21 [1, 7] combined 13312 players 328 retained 158 seconds 0.25868613878265023
am3_window_02_frame_17174 pair 22 [1, 8] combined 5120 players 366 retained 192 seconds 0.26477774092927575
am3_window_02_frame_17174 pair 25 [1, 11] combined 48128 players 7856 retained 256 seconds 0.48264538310468197
am3_window_02_frame_17174 pair 26 [1, 12] combined 46080 players 2448 retained 256 seconds 0.4004138191230595
am3_window_02_frame_17174 pair 27 [1, 13] combined 0 players 0 retained 0 seconds 0.2244235761463642
am3_window_02_frame_17174 pair 28 [1, 14] combined 262144 players 64894 retained 256 seconds 2.492754078935832
am3_window_02_frame_17174 pair 29 [1, 15] combined 262144 players 63950 retained 256 seconds 2.338419917039573
am3_window_02_frame_17174 pair 30 [2, 0] combined 262144 players 8704 retained 256 seconds 1.2506841216236353
am3_window_02_frame_17174 pair 31 [2, 1] combined 262144 players 76384 retained 256 seconds 2.322601515799761
am3_window_02_frame_17174 pair 32 [2, 3] combined 262144 players 54820 retained 256 seconds 1.7170990696176887
am3_window_02_frame_17174 pair 33 [2, 4] combined 262144 players 980 retained 256 seconds 0.5945262392051518
am3_window_02_frame_17174 pair 34 [2, 5] combined 133120 players 524 retained 249 seconds 0.3333190237171948
am3_window_02_frame_17174 pair 36 [2, 7] combined 26624 players 802 retained 256 seconds 0.15839126612991095
am3_window_02_frame_17174 pair 38 [2, 9] combined 262144 players 35154 retained 256 seconds 1.2863921881653368
am3_window_02_frame_17174 pair 39 [2, 10] combined 5120 players 80 retained 39 seconds 0.10324528906494379
am3_window_02_frame_17174 pair 43 [2, 14] combined 262144 players 20636 retained 256 seconds 1.5059589357115328
am3_window_02_frame_17174 pair 44 [2, 15] combined 262144 players 26416 retained 256 seconds 1.4298084191977978
am3_window_02_frame_17174 pair 46 [3, 1] combined 262144 players 77276 retained 256 seconds 2.2738576708361506
am3_window_02_frame_17174 pair 47 [3, 2] combined 262144 players 57092 retained 256 seconds 1.7418545098043978
am3_window_02_frame_17174 pair 50 [3, 6] combined 24576 players 2710 retained 256 seconds 0.20028695603832603
am3_window_02_frame_17174 pair 53 [3, 9] combined 262144 players 67082 retained 256 seconds 1.9203557409346104
am3_window_02_frame_17174 pair 55 [3, 11] combined 52224 players 6044 retained 256 seconds 0.3821869120001793
am3_window_02_frame_17174 pair 56 [3, 12] combined 103424 players 6018 retained 256 seconds 0.38414547499269247
am3_window_02_frame_17174 pair 61 [4, 1] combined 262144 players 40708 retained 256 seconds 1.4670909829437733
am3_window_02_frame_17174 pair 62 [4, 2] combined 262144 players 1836 retained 256 seconds 0.5816011531278491
am3_window_02_frame_17174 pair 68 [4, 9] combined 262144 players 24214 retained 256 seconds 1.0758618889376521
am3_window_02_frame_17174 pair 70 [4, 11] combined 39936 players 148 retained 75 seconds 0.14162027509883046
am3_window_02_frame_17174 pair 71 [4, 12] combined 62464 players 1706 retained 256 seconds 0.21703507797792554
am3_window_02_frame_17174 pair 76 [5, 1] combined 150528 players 22484 retained 256 seconds 0.8753437781706452
am3_window_02_frame_17174 pair 77 [5, 2] combined 105472 players 258 retained 129 seconds 0.2522806478664279
am3_window_02_frame_17174 pair 83 [5, 9] combined 149504 players 14518 retained 256 seconds 0.591097816824913
am3_window_02_frame_17174 pair 85 [5, 11] combined 71604 players 668 retained 256 seconds 0.1686898721382022
am3_window_02_frame_17174 pair 86 [5, 12] combined 43428 players 1246 retained 256 seconds 0.13832111982628703
am3_window_02_frame_17174 pair 93 [6, 3] combined 18432 players 38 retained 19 seconds 0.09815171035006642
am3_window_02_frame_17174 pair 98 [6, 9] combined 7168 players 84 retained 34 seconds 0.06284881895408034
am3_window_02_frame_17174 pair 106 [7, 1] combined 31744 players 2748 retained 256 seconds 0.2980248020030558
am3_window_02_frame_17174 pair 107 [7, 2] combined 34816 players 818 retained 256 seconds 0.2272003279067576
am3_window_02_frame_17174 pair 113 [7, 9] combined 31744 players 1762 retained 256 seconds 0.14923593681305647
am3_window_02_frame_17174 pair 121 [8, 1] combined 5120 players 98 retained 49 seconds 0.18670596834272146
am3_window_02_frame_17174 pair 128 [8, 9] combined 12288 players 248 retained 123 seconds 0.07392447907477617
am3_window_02_frame_17174 pair 135 [9, 0] combined 262144 players 72848 retained 256 seconds 2.48552669538185
am3_window_02_frame_17174 pair 137 [9, 2] combined 262144 players 94138 retained 256 seconds 2.408398067113012
am3_window_02_frame_17174 pair 138 [9, 3] combined 262144 players 80076 retained 256 seconds 2.1928623178973794
am3_window_02_frame_17174 pair 139 [9, 4] combined 200704 players 50418 retained 256 seconds 1.388838236220181
am3_window_02_frame_17174 pair 140 [9, 5] combined 152880 players 45502 retained 256 seconds 1.2021555681712925
am3_window_02_frame_17174 pair 141 [9, 6] combined 14336 players 4166 retained 256 seconds 0.27455226331949234
am3_window_02_frame_17174 pair 142 [9, 7] combined 13312 players 0 retained 0 seconds 0.07228374714031816
am3_window_02_frame_17174 pair 143 [9, 8] combined 6144 players 2472 retained 256 seconds 0.1358197801746428
am3_window_02_frame_17174 pair 144 [9, 10] combined 3072 players 0 retained 0 seconds 0.05504883313551545
am3_window_02_frame_17174 pair 145 [9, 11] combined 49152 players 13718 retained 256 seconds 0.41511355293914676
am3_window_02_frame_17174 pair 146 [9, 12] combined 50176 players 11552 retained 256 seconds 0.395417267922312
am3_window_02_frame_17174 pair 147 [9, 13] combined 4096 players 1368 retained 256 seconds 0.11227705981582403
am3_window_02_frame_17174 pair 148 [9, 14] combined 262144 players 73048 retained 256 seconds 2.556941106915474
am3_window_02_frame_17174 pair 149 [9, 15] combined 253952 players 78738 retained 256 seconds 2.401196999941021
am3_window_02_frame_17174 pair 152 [10, 2] combined 10240 players 232 retained 107 seconds 0.10014816140756011
am3_window_02_frame_17174 pair 159 [10, 9] combined 2048 players 104 retained 52 seconds 0.056261800695210695
am3_window_02_frame_17174 pair 165 [11, 0] combined 79872 players 9846 retained 256 seconds 0.9351584310643375
am3_window_02_frame_17174 pair 166 [11, 1] combined 43008 players 12904 retained 256 seconds 0.5124390362761915
am3_window_02_frame_17174 pair 168 [11, 3] combined 50176 players 8988 retained 256 seconds 0.3276504590176046
am3_window_02_frame_17174 pair 169 [11, 4] combined 50176 players 48 retained 24 seconds 0.22376974718645215
am3_window_02_frame_17174 pair 170 [11, 5] combined 55648 players 816 retained 256 seconds 0.1425241669639945
am3_window_02_frame_17174 pair 174 [11, 9] combined 44032 players 6262 retained 256 seconds 0.2561488361097872
am3_window_02_frame_17174 pair 178 [11, 14] combined 64512 players 8488 retained 256 seconds 0.7843438577838242
am3_window_02_frame_17174 pair 179 [11, 15] combined 63488 players 8388 retained 256 seconds 0.6507030469365418
am3_window_02_frame_17174 pair 180 [12, 0] combined 29696 players 712 retained 256 seconds 0.6538285971619189
am3_window_02_frame_17174 pair 181 [12, 1] combined 20480 players 2788 retained 256 seconds 0.27754624420776963
am3_window_02_frame_17174 pair 183 [12, 3] combined 11264 players 1076 retained 256 seconds 0.12221861630678177
am3_window_02_frame_17174 pair 184 [12, 4] combined 55296 players 1134 retained 256 seconds 0.17680301889777184
am3_window_02_frame_17174 pair 185 [12, 5] combined 35000 players 678 retained 256 seconds 0.11196486419066787
am3_window_02_frame_17174 pair 189 [12, 9] combined 17408 players 2864 retained 256 seconds 0.15249059069901705
am3_window_02_frame_17174 pair 193 [12, 14] combined 29696 players 774 retained 256 seconds 0.5716766868717968
am3_window_02_frame_17174 pair 194 [12, 15] combined 29696 players 726 retained 256 seconds 0.4500322458334267
am3_window_02_frame_17174 pair 196 [13, 1] combined 0 players 0 retained 0 seconds 0.16025755275040865
am3_window_02_frame_17174 pair 204 [13, 9] combined 0 players 0 retained 0 seconds 0.03472889494150877
am3_window_02_frame_17174 pair 211 [14, 1] combined 262144 players 103650 retained 256 seconds 3.20398668712005
am3_window_02_frame_17174 pair 212 [14, 2] combined 262144 players 25420 retained 256 seconds 1.6530942441895604
am3_window_02_frame_17174 pair 219 [14, 9] combined 262144 players 95556 retained 256 seconds 3.3062132438644767
am3_window_02_frame_17174 pair 221 [14, 11] combined 72704 players 7400 retained 256 seconds 0.9738368131220341
am3_window_02_frame_17174 pair 222 [14, 12] combined 78848 players 3806 retained 256 seconds 0.8402558360248804
am3_window_02_frame_17174 pair 226 [15, 1] combined 262144 players 98816 retained 256 seconds 2.9154159990139306
am3_window_02_frame_17174 pair 227 [15, 2] combined 262144 players 21850 retained 256 seconds 1.5498545919544995
am3_window_02_frame_17174 pair 234 [15, 9] combined 262144 players 89530 retained 256 seconds 2.6062060641124845
am3_window_02_frame_17174 pair 236 [15, 11] combined 73728 players 9602 retained 256 seconds 0.8699953500181437
am3_window_02_frame_17174 pair 237 [15, 12] combined 89088 players 3672 retained 256 seconds 0.7192716868594289
am3_window_02_frame_17174 pair 0 [0, 1] combined 19856 players 5268 retained 256 seconds 0.19642387283965945
am3_window_02_frame_17174 pair 1 [0, 2] combined 124928 players 9706 retained 256 seconds 0.43246854189783335
am3_window_02_frame_17174 pair 8 [0, 9] combined 0 players 0 retained 0 seconds 0.016030529979616404
am3_window_02_frame_17174 pair 10 [0, 11] combined 7392 players 126 retained 63 seconds 0.04712951509281993
am3_window_02_frame_17174 pair 11 [0, 12] combined 400 players 0 retained 0 seconds 0.015669221058487892
am3_window_02_frame_17174 pair 15 [1, 0] combined 39140 players 11714 retained 256 seconds 0.3368585449643433
am3_window_02_frame_17174 pair 16 [1, 2] combined 57960 players 14492 retained 256 seconds 0.5633211559616029
am3_window_02_frame_17174 pair 17 [1, 3] combined 0 players 0 retained 0 seconds 0.013753198087215424
am3_window_02_frame_17174 pair 18 [1, 4] combined 9504 players 516 retained 254 seconds 0.06726503884419799
am3_window_02_frame_17174 pair 19 [1, 5] combined 2968 players 1128 retained 256 seconds 0.06622567679733038
am3_window_02_frame_17174 pair 21 [1, 7] combined 0 players 0 retained 0 seconds 0.011419001035392284
am3_window_02_frame_17174 pair 22 [1, 8] combined 0 players 0 retained 0 seconds 0.0110792126506567
am3_window_02_frame_17174 pair 25 [1, 11] combined 3744 players 186 retained 93 seconds 0.037133737932890654
am3_window_02_frame_17174 pair 26 [1, 12] combined 1888 players 0 retained 0 seconds 0.015345687977969646
am3_window_02_frame_17174 pair 27 [1, 13] combined 0 players 0 retained 0 seconds 0.011533979792147875
am3_window_02_frame_17174 pair 28 [1, 14] combined 68432 players 20662 retained 256 seconds 0.5424390048719943
am3_window_02_frame_17174 pair 29 [1, 15] combined 55328 players 16672 retained 256 seconds 0.45616210205480456
am3_window_02_frame_17174 pair 30 [2, 0] combined 179452 players 21218 retained 256 seconds 0.7317686979658902
am3_window_02_frame_17174 pair 31 [2, 1] combined 36288 players 7426 retained 256 seconds 0.262297831941396
am3_window_02_frame_17174 pair 32 [2, 3] combined 0 players 0 retained 0 seconds 0.02228674478828907
am3_window_02_frame_17174 pair 33 [2, 4] combined 76800 players 454 retained 217 seconds 0.1724449098110199
am3_window_02_frame_17174 pair 34 [2, 5] combined 3040 players 6 retained 3 seconds 0.037738554179668427
am3_window_02_frame_17174 pair 36 [2, 7] combined 0 players 0 retained 0 seconds 0.0212254929356277
am3_window_02_frame_17174 pair 38 [2, 9] combined 0 players 0 retained 0 seconds 0.021397555246949196
am3_window_02_frame_17174 pair 39 [2, 10] combined 0 players 0 retained 0 seconds 0.01983082201331854
am3_window_02_frame_17174 pair 43 [2, 14] combined 205824 players 25274 retained 256 seconds 0.8565450948663056
am3_window_02_frame_17174 pair 44 [2, 15] combined 146248 players 16588 retained 256 seconds 0.7747035282664001
am3_window_02_frame_17174 pair 46 [3, 1] combined 0 players 0 retained 0 seconds 0.009811991825699806
am3_window_02_frame_17174 pair 47 [3, 2] combined 0 players 0 retained 0 seconds 0.016528600826859474
am3_window_02_frame_17174 pair 50 [3, 6] combined 0 players 0 retained 0 seconds 0.0025480673648416996
am3_window_02_frame_17174 pair 53 [3, 9] combined 0 players 0 retained 0 seconds 0.00293492479249835
am3_window_02_frame_17174 pair 55 [3, 11] combined 0 players 0 retained 0 seconds 0.0026015243493020535
am3_window_02_frame_17174 pair 56 [3, 12] combined 0 players 0 retained 0 seconds 0.0031669060699641705
am3_window_02_frame_17174 pair 61 [4, 1] combined 3536 players 208 retained 104 seconds 0.036682319827377796
am3_window_02_frame_17174 pair 62 [4, 2] combined 43008 players 234 retained 118 seconds 0.1118205739185214
am3_window_02_frame_17174 pair 68 [4, 9] combined 0 players 0 retained 0 seconds 0.005141082219779491
am3_window_02_frame_17174 pair 70 [4, 11] combined 696 players 0 retained 0 seconds 0.0073725637048482895
am3_window_02_frame_17174 pair 71 [4, 12] combined 1656 players 52 retained 26 seconds 0.02276304131373763
am3_window_02_frame_17174 pair 76 [5, 1] combined 2640 players 500 retained 250 seconds 0.04907078109681606
am3_window_02_frame_17174 pair 77 [5, 2] combined 4096 players 20 retained 10 seconds 0.03584945201873779
am3_window_02_frame_17174 pair 83 [5, 9] combined 0 players 0 retained 0 seconds 0.0037838080897927284
am3_window_02_frame_17174 pair 85 [5, 11] combined 460 players 0 retained 0 seconds 0.004155695904046297
am3_window_02_frame_17174 pair 86 [5, 12] combined 0 players 0 retained 0 seconds 0.003783788066357374
am3_window_02_frame_17174 pair 93 [6, 3] combined 0 players 0 retained 0 seconds 0.0022379481233656406
am3_window_02_frame_17174 pair 98 [6, 9] combined 0 players 0 retained 0 seconds 0.0025217472575604916
am3_window_02_frame_17174 pair 106 [7, 1] combined 0 players 0 retained 0 seconds 0.0073509798385202885
am3_window_02_frame_17174 pair 107 [7, 2] combined 0 players 0 retained 0 seconds 0.015335003845393658
am3_window_02_frame_17174 pair 113 [7, 9] combined 0 players 0 retained 0 seconds 0.0024252189323306084
am3_window_02_frame_17174 pair 121 [8, 1] combined 0 players 0 retained 0 seconds 0.007658514194190502
am3_window_02_frame_17174 pair 128 [8, 9] combined 0 players 0 retained 0 seconds 0.002218452747911215
am3_window_02_frame_17174 pair 135 [9, 0] combined 1176 players 438 retained 219 seconds 0.04477735096588731
am3_window_02_frame_17174 pair 137 [9, 2] combined 1992 players 770 retained 256 seconds 0.062081357929855585
am3_window_02_frame_17174 pair 138 [9, 3] combined 0 players 0 retained 0 seconds 0.0032332129776477814
am3_window_02_frame_17174 pair 139 [9, 4] combined 176 players 0 retained 0 seconds 0.0047961012460291386
am3_window_02_frame_17174 pair 140 [9, 5] combined 84 players 42 retained 21 seconds 0.01602479489520192
am3_window_02_frame_17174 pair 141 [9, 6] combined 0 players 0 retained 0 seconds 0.003230394795536995
am3_window_02_frame_17174 pair 142 [9, 7] combined 0 players 0 retained 0 seconds 0.0023005520924925804
am3_window_02_frame_17174 pair 143 [9, 8] combined 0 players 0 retained 0 seconds 0.0023981728591024876
am3_window_02_frame_17174 pair 144 [9, 10] combined 0 players 0 retained 0 seconds 0.002165334764868021
am3_window_02_frame_17174 pair 145 [9, 11] combined 0 players 0 retained 0 seconds 0.003274566028267145
am3_window_02_frame_17174 pair 146 [9, 12] combined 192 players 0 retained 0 seconds 0.0038220463320612907
am3_window_02_frame_17174 pair 147 [9, 13] combined 0 players 0 retained 0 seconds 0.002650502137839794
am3_window_02_frame_17174 pair 148 [9, 14] combined 2148 players 780 retained 256 seconds 0.05849886406213045
am3_window_02_frame_17174 pair 149 [9, 15] combined 1200 players 456 retained 226 seconds 0.04741262178868055
am3_window_02_frame_17174 pair 152 [10, 2] combined 0 players 0 retained 0 seconds 0.014971799682825804
am3_window_02_frame_17174 pair 159 [10, 9] combined 0 players 0 retained 0 seconds 0.0023483126424252987
am3_window_02_frame_17174 pair 165 [11, 0] combined 6812 players 212 retained 106 seconds 0.042666842229664326
am3_window_02_frame_17174 pair 166 [11, 1] combined 4212 players 606 retained 256 seconds 0.054128656163811684
am3_window_02_frame_17174 pair 168 [11, 3] combined 0 players 0 retained 0 seconds 0.0029626740142703056
am3_window_02_frame_17174 pair 169 [11, 4] combined 1120 players 0 retained 0 seconds 0.007179661653935909
am3_window_02_frame_17174 pair 170 [11, 5] combined 180 players 2 retained 1 seconds 0.014853477943688631
am3_window_02_frame_17174 pair 174 [11, 9] combined 112 players 0 retained 0 seconds 0.004052319098263979
am3_window_02_frame_17174 pair 178 [11, 14] combined 11440 players 394 retained 188 seconds 0.06260849768295884
am3_window_02_frame_17174 pair 179 [11, 15] combined 9120 players 270 retained 135 seconds 0.052278618793934584
am3_window_02_frame_17174 pair 180 [12, 0] combined 2512 players 32 retained 16 seconds 0.029762409161776304
am3_window_02_frame_17174 pair 181 [12, 1] combined 1504 players 56 retained 24 seconds 0.02666056901216507
am3_window_02_frame_17174 pair 183 [12, 3] combined 0 players 0 retained 0 seconds 0.0038834731094539165
am3_window_02_frame_17174 pair 184 [12, 4] combined 1988 players 50 retained 25 seconds 0.023269677069038153
am3_window_02_frame_17174 pair 185 [12, 5] combined 264 players 16 retained 8 seconds 0.017509070225059986
am3_window_02_frame_17174 pair 189 [12, 9] combined 64 players 16 retained 8 seconds 0.016752314288169146
am3_window_02_frame_17174 pair 193 [12, 14] combined 0 players 0 retained 0 seconds 0.015533482655882835
am3_window_02_frame_17174 pair 194 [12, 15] combined 0 players 0 retained 0 seconds 0.014430317096412182
am3_window_02_frame_17174 pair 196 [13, 1] combined 0 players 0 retained 0 seconds 0.007666344754397869
am3_window_02_frame_17174 pair 204 [13, 9] combined 0 players 0 retained 0 seconds 0.002614986151456833
am3_window_02_frame_17174 pair 211 [14, 1] combined 30736 players 7260 retained 256 seconds 0.24715659022331238
am3_window_02_frame_17174 pair 212 [14, 2] combined 262144 players 28386 retained 256 seconds 1.0486667240038514
am3_window_02_frame_17174 pair 219 [14, 9] combined 0 players 0 retained 0 seconds 0.020096069667488337
am3_window_02_frame_17174 pair 221 [14, 11] combined 8888 players 114 retained 57 seconds 0.04882376687601209
am3_window_02_frame_17174 pair 222 [14, 12] combined 1552 players 0 retained 0 seconds 0.021917590405791998
am3_window_02_frame_17174 pair 226 [15, 1] combined 30636 players 8230 retained 256 seconds 0.2511680838651955
am3_window_02_frame_17174 pair 227 [15, 2] combined 125952 players 15452 retained 256 seconds 0.58311548223719
am3_window_02_frame_17174 pair 234 [15, 9] combined 0 players 0 retained 0 seconds 0.018531515263020992
am3_window_02_frame_17174 pair 236 [15, 11] combined 7304 players 80 retained 40 seconds 0.044223600067198277
am3_window_02_frame_17174 pair 237 [15, 12] combined 2960 players 0 retained 0 seconds 0.023185628931969404
[am3_window_02_frame_17174] line-template: preparing rectangles
[am3_window_02_frame_17174] measuring 761 parents (G0=256, G1=256, line_template=256; conflicting geometry groups=0)
[am3_window_02_frame_17174] parents 250/761
[am3_window_02_frame_17174] parents 500/761
[am3_window_02_frame_17174] parents 750/761
[am3_window_02_frame_17174] refitting 761 parents
[am3_window_02_frame_17174] refits 250/761; valid children=250
[am3_window_02_frame_17174] refits 500/761; valid children=500
[am3_window_02_frame_17174] refits 750/761; valid children=704
{"view_id": "am3_window_02_frame_17174", "chosen_key": "G1:30:220/child", "no_court_reason": null, "all_checks_equal": null, "error": null}
{"views": ["am3_window_02_frame_17174"], "startup_seconds": 0.02843505283817649, "wall_seconds": 228.26766453310847, "peak_rss_mb": 1352.2109375, "failed": []}
