decoded <remote>/paint_geometry_20260909/gx_extension/videos/gxBQ_HwdgN4.mp4 to frame 779 in 4s
gxBQ_window_00_frame_689 pair 0 [0, 1] combined 262144 players 87394 retained 256 seconds 6.299430259037763
gxBQ_window_00_frame_689 pair 2 [0, 3] combined 262144 players 50072 retained 256 seconds 3.8770878491923213
gxBQ_window_00_frame_689 pair 5 [0, 6] combined 10240 players 2816 retained 256 seconds 1.9699443513527513
gxBQ_window_00_frame_689 pair 6 [0, 7] combined 262144 players 28870 retained 256 seconds 2.7841180791147053
gxBQ_window_00_frame_689 pair 7 [0, 8] combined 262144 players 64230 retained 256 seconds 3.164439798332751
gxBQ_window_00_frame_689 pair 15 [1, 0] combined 262144 players 67208 retained 256 seconds 3.760448924265802
gxBQ_window_00_frame_689 pair 16 [1, 2] combined 262144 players 18592 retained 256 seconds 1.3878305838443339
gxBQ_window_00_frame_689 pair 17 [1, 3] combined 262144 players 5772 retained 256 seconds 0.6964737731032073
gxBQ_window_00_frame_689 pair 18 [1, 4] combined 262144 players 47506 retained 256 seconds 3.2541703949682415
gxBQ_window_00_frame_689 pair 20 [1, 6] combined 16384 players 0 retained 0 seconds 0.12111009284853935
gxBQ_window_00_frame_689 pair 21 [1, 7] combined 262144 players 574 retained 251 seconds 0.5783996363170445
gxBQ_window_00_frame_689 pair 23 [1, 9] combined 207872 players 18836 retained 256 seconds 0.8891603113152087
gxBQ_window_00_frame_689 pair 24 [1, 10] combined 262144 players 36134 retained 256 seconds 1.324374415911734
gxBQ_window_00_frame_689 pair 26 [1, 12] combined 262144 players 75648 retained 256 seconds 3.861490957904607
gxBQ_window_00_frame_689 pair 27 [1, 13] combined 262144 players 57238 retained 256 seconds 3.4793525408022106
gxBQ_window_00_frame_689 pair 28 [1, 14] combined 262144 players 70564 retained 256 seconds 3.7857323712669313
gxBQ_window_00_frame_689 pair 29 [1, 15] combined 262144 players 72864 retained 256 seconds 3.8100422429852188
gxBQ_window_00_frame_689 pair 31 [2, 1] combined 262144 players 102150 retained 256 seconds 3.106505110859871
gxBQ_window_00_frame_689 pair 32 [2, 3] combined 262144 players 41936 retained 256 seconds 1.8711658269166946
gxBQ_window_00_frame_689 pair 35 [2, 6] combined 7168 players 1210 retained 256 seconds 0.6622053440660238
gxBQ_window_00_frame_689 pair 37 [2, 8] combined 262144 players 107324 retained 256 seconds 3.236425912939012
gxBQ_window_00_frame_689 pair 45 [3, 0] combined 262144 players 83840 retained 256 seconds 3.7942582359537482
gxBQ_window_00_frame_689 pair 46 [3, 1] combined 262144 players 1006 retained 256 seconds 0.5923383091576397
gxBQ_window_00_frame_689 pair 47 [3, 2] combined 262144 players 38832 retained 256 seconds 1.6942553436383605
gxBQ_window_00_frame_689 pair 48 [3, 4] combined 262144 players 78588 retained 256 seconds 3.734693798236549
gxBQ_window_00_frame_689 pair 49 [3, 5] combined 24576 players 592 retained 249 seconds 0.13622007193043828
gxBQ_window_00_frame_689 pair 52 [3, 8] combined 262144 players 3672 retained 256 seconds 0.6045934571884573
gxBQ_window_00_frame_689 pair 54 [3, 10] combined 262144 players 86490 retained 256 seconds 2.2783876257017255
gxBQ_window_00_frame_689 pair 55 [3, 11] combined 45056 players 0 retained 0 seconds 0.13393223797902465
gxBQ_window_00_frame_689 pair 56 [3, 12] combined 262144 players 84060 retained 256 seconds 3.7109949281439185
gxBQ_window_00_frame_689 pair 57 [3, 13] combined 262144 players 84916 retained 256 seconds 3.84452033508569
gxBQ_window_00_frame_689 pair 58 [3, 14] combined 262144 players 90250 retained 256 seconds 3.9788488359190524
gxBQ_window_00_frame_689 pair 59 [3, 15] combined 262144 players 83586 retained 256 seconds 3.8983106738887727
gxBQ_window_00_frame_689 pair 61 [4, 1] combined 262144 players 95700 retained 256 seconds 3.9304948770441115
gxBQ_window_00_frame_689 pair 63 [4, 3] combined 262144 players 53430 retained 256 seconds 3.248065596912056
gxBQ_window_00_frame_689 pair 65 [4, 6] combined 9216 players 2388 retained 256 seconds 1.9043465377762914
gxBQ_window_00_frame_689 pair 66 [4, 7] combined 262144 players 55102 retained 256 seconds 3.3435300611890852
gxBQ_window_00_frame_689 pair 67 [4, 8] combined 262144 players 107440 retained 256 seconds 4.127041257917881
gxBQ_window_00_frame_689 pair 78 [5, 3] combined 15360 players 2010 retained 256 seconds 0.1403050241060555
gxBQ_window_00_frame_689 pair 81 [5, 7] combined 31744 players 4030 retained 256 seconds 0.1675895182415843
gxBQ_window_00_frame_689 pair 83 [5, 9] combined 20608 players 6656 retained 256 seconds 0.2055687950924039
gxBQ_window_00_frame_689 pair 85 [5, 11] combined 0 players 0 retained 0 seconds 0.0071300300769507885
gxBQ_window_00_frame_689 pair 90 [6, 0] combined 1024 players 0 retained 0 seconds 1.554620639886707
gxBQ_window_00_frame_689 pair 91 [6, 1] combined 3072 players 28 retained 14 seconds 0.0991319939494133
gxBQ_window_00_frame_689 pair 92 [6, 2] combined 0 players 0 retained 0 seconds 0.4888327969238162
gxBQ_window_00_frame_689 pair 94 [6, 4] combined 3072 players 360 retained 176 seconds 1.637791025917977
gxBQ_window_00_frame_689 pair 97 [6, 8] combined 3072 players 24 retained 12 seconds 0.06472765002399683
gxBQ_window_00_frame_689 pair 99 [6, 10] combined 0 players 0 retained 0 seconds 0.027414558921009302
gxBQ_window_00_frame_689 pair 100 [6, 11] combined 344 players 0 retained 0 seconds 0.007758147083222866
gxBQ_window_00_frame_689 pair 101 [6, 12] combined 3072 players 282 retained 132 seconds 1.602911067660898
gxBQ_window_00_frame_689 pair 102 [6, 13] combined 1024 players 0 retained 0 seconds 1.629709204658866
gxBQ_window_00_frame_689 pair 103 [6, 14] combined 0 players 0 retained 0 seconds 1.6336324848234653
gxBQ_window_00_frame_689 pair 104 [6, 15] combined 4096 players 372 retained 171 seconds 1.6885236920788884
gxBQ_window_00_frame_689 pair 105 [7, 0] combined 262144 players 27950 retained 256 seconds 2.6837185178883374
gxBQ_window_00_frame_689 pair 106 [7, 1] combined 262144 players 84 retained 30 seconds 0.6136070070788264
gxBQ_window_00_frame_689 pair 109 [7, 4] combined 262144 players 40320 retained 256 seconds 2.9085710467770696
gxBQ_window_00_frame_689 pair 110 [7, 5] combined 25600 players 544 retained 256 seconds 0.10098733706399798
gxBQ_window_00_frame_689 pair 112 [7, 8] combined 262144 players 662 retained 256 seconds 0.5048919906839728
gxBQ_window_00_frame_689 pair 114 [7, 10] combined 262144 players 49582 retained 256 seconds 1.503822501283139
gxBQ_window_00_frame_689 pair 115 [7, 11] combined 46080 players 186 retained 93 seconds 0.21074854815378785
gxBQ_window_00_frame_689 pair 116 [7, 12] combined 262144 players 32724 retained 256 seconds 2.768084549345076
gxBQ_window_00_frame_689 pair 117 [7, 13] combined 262144 players 18592 retained 256 seconds 2.520204417873174
gxBQ_window_00_frame_689 pair 118 [7, 14] combined 262144 players 45244 retained 256 seconds 2.973767932970077
gxBQ_window_00_frame_689 pair 119 [7, 15] combined 262144 players 31976 retained 256 seconds 2.8316657789982855
gxBQ_window_00_frame_689 pair 120 [8, 0] combined 262144 players 47214 retained 256 seconds 3.139551952946931
gxBQ_window_00_frame_689 pair 122 [8, 2] combined 262144 players 19592 retained 256 seconds 1.3553404659032822
gxBQ_window_00_frame_689 pair 123 [8, 3] combined 262144 players 13418 retained 256 seconds 0.7815544316545129
gxBQ_window_00_frame_689 pair 124 [8, 4] combined 262144 players 40610 retained 256 seconds 3.0760938581079245
gxBQ_window_00_frame_689 pair 126 [8, 6] combined 12288 players 0 retained 0 seconds 0.0766258118674159
gxBQ_window_00_frame_689 pair 127 [8, 7] combined 262144 players 1526 retained 256 seconds 0.5300482669845223
gxBQ_window_00_frame_689 pair 128 [8, 9] combined 208896 players 11680 retained 256 seconds 0.6346033331938088
gxBQ_window_00_frame_689 pair 129 [8, 10] combined 262144 players 37658 retained 256 seconds 1.2620669919997454
gxBQ_window_00_frame_689 pair 131 [8, 12] combined 262144 players 65124 retained 256 seconds 3.736867794301361
gxBQ_window_00_frame_689 pair 132 [8, 13] combined 262144 players 53902 retained 256 seconds 3.333510549739003
gxBQ_window_00_frame_689 pair 133 [8, 14] combined 262144 players 66034 retained 256 seconds 3.585398989263922
gxBQ_window_00_frame_689 pair 134 [8, 15] combined 262144 players 47394 retained 256 seconds 3.5223912252113223
gxBQ_window_00_frame_689 pair 136 [9, 1] combined 262144 players 24936 retained 256 seconds 1.31148412078619
gxBQ_window_00_frame_689 pair 140 [9, 5] combined 13824 players 1404 retained 256 seconds 0.14711180794984102
gxBQ_window_00_frame_689 pair 143 [9, 8] combined 257024 players 7612 retained 256 seconds 1.0139701538719237
gxBQ_window_00_frame_689 pair 145 [9, 11] combined 15912 players 574 retained 256 seconds 0.12833319185301661
gxBQ_window_00_frame_689 pair 151 [10, 1] combined 201728 players 40814 retained 256 seconds 1.9848799910396338
gxBQ_window_00_frame_689 pair 153 [10, 3] combined 262144 players 49506 retained 256 seconds 2.548359960783273
gxBQ_window_00_frame_689 pair 156 [10, 6] combined 5120 players 1172 retained 256 seconds 0.1747003961354494
gxBQ_window_00_frame_689 pair 157 [10, 7] combined 262144 players 51916 retained 256 seconds 2.42103876080364
gxBQ_window_00_frame_689 pair 158 [10, 8] combined 218112 players 43850 retained 256 seconds 2.209957251790911
gxBQ_window_00_frame_689 pair 168 [11, 3] combined 28672 players 0 retained 0 seconds 0.14305221801623702
gxBQ_window_00_frame_689 pair 170 [11, 5] combined 224 players 16 retained 8 seconds 0.029372560791671276
gxBQ_window_00_frame_689 pair 171 [11, 6] combined 1728 players 0 retained 0 seconds 0.015212278813123703
gxBQ_window_00_frame_689 pair 172 [11, 7] combined 22528 players 0 retained 0 seconds 0.08296425687149167
gxBQ_window_00_frame_689 pair 174 [11, 9] combined 12880 players 98 retained 49 seconds 0.0810656282119453
gxBQ_window_00_frame_689 pair 181 [12, 1] combined 262144 players 90304 retained 256 seconds 5.671250346116722
gxBQ_window_00_frame_689 pair 183 [12, 3] combined 262144 players 53692 retained 256 seconds 4.761585116852075
gxBQ_window_00_frame_689 pair 186 [12, 6] combined 9216 players 2262 retained 256 seconds 2.7779483473859727
gxBQ_window_00_frame_689 pair 187 [12, 7] combined 262144 players 44292 retained 256 seconds 4.47058310220018
gxBQ_window_00_frame_689 pair 188 [12, 8] combined 262144 players 72100 retained 256 seconds 5.216651204042137
gxBQ_window_00_frame_689 pair 196 [13, 1] combined 262144 players 97210 retained 256 seconds 5.773536066990346
gxBQ_window_00_frame_689 pair 198 [13, 3] combined 262144 players 51420 retained 256 seconds 5.005665947217494
gxBQ_window_00_frame_689 pair 201 [13, 6] combined 9216 players 2394 retained 256 seconds 2.717956846114248
gxBQ_window_00_frame_689 pair 202 [13, 7] combined 262144 players 26016 retained 256 seconds 3.9870468508452177
gxBQ_window_00_frame_689 pair 203 [13, 8] combined 262144 players 107170 retained 256 seconds 6.477808583993465
gxBQ_window_00_frame_689 pair 211 [14, 1] combined 262144 players 92592 retained 256 seconds 6.035310243722051
gxBQ_window_00_frame_689 pair 213 [14, 3] combined 262144 players 53974 retained 256 seconds 4.883508346043527
gxBQ_window_00_frame_689 pair 216 [14, 6] combined 8192 players 2074 retained 256 seconds 2.86502388631925
gxBQ_window_00_frame_689 pair 217 [14, 7] combined 262144 players 59170 retained 256 seconds 5.418052607215941
gxBQ_window_00_frame_689 pair 218 [14, 8] combined 262144 players 95186 retained 256 seconds 5.840428634081036
gxBQ_window_00_frame_689 pair 226 [15, 1] combined 262144 players 98094 retained 256 seconds 5.987936434801668
gxBQ_window_00_frame_689 pair 228 [15, 3] combined 262144 players 51370 retained 256 seconds 4.852531353011727
gxBQ_window_00_frame_689 pair 231 [15, 6] combined 8192 players 1764 retained 256 seconds 2.797719484195113
gxBQ_window_00_frame_689 pair 232 [15, 7] combined 262144 players 52124 retained 256 seconds 5.02241606079042
gxBQ_window_00_frame_689 pair 233 [15, 8] combined 262144 players 100588 retained 256 seconds 6.3917539063841105
gxBQ_window_00_frame_689 pair 0 [0, 1] combined 262144 players 93620 retained 256 seconds 4.288104602135718
gxBQ_window_00_frame_689 pair 2 [0, 3] combined 10240 players 3192 retained 256 seconds 0.5039813527837396
gxBQ_window_00_frame_689 pair 5 [0, 6] combined 0 players 0 retained 0 seconds 0.32086303597316146
gxBQ_window_00_frame_689 pair 6 [0, 7] combined 4096 players 1558 retained 256 seconds 0.4232482179068029
gxBQ_window_00_frame_689 pair 7 [0, 8] combined 262144 players 95952 retained 256 seconds 4.175767799839377
gxBQ_window_00_frame_689 pair 15 [1, 0] combined 232448 players 62460 retained 256 seconds 3.4054180909879506
gxBQ_window_00_frame_689 pair 16 [1, 2] combined 236544 players 47044 retained 256 seconds 2.3860503430478275
gxBQ_window_00_frame_689 pair 17 [1, 3] combined 26796 players 806 retained 256 seconds 0.19771576905623078
gxBQ_window_00_frame_689 pair 18 [1, 4] combined 228352 players 74158 retained 256 seconds 3.5884330519475043
gxBQ_window_00_frame_689 pair 20 [1, 6] combined 0 players 0 retained 0 seconds 0.050002672243863344
gxBQ_window_00_frame_689 pair 21 [1, 7] combined 3860 players 0 retained 0 seconds 0.04870513593778014
gxBQ_window_00_frame_689 pair 23 [1, 9] combined 17272 players 628 retained 256 seconds 0.15914373006671667
gxBQ_window_00_frame_689 pair 24 [1, 10] combined 74992 players 35450 retained 256 seconds 1.7922364650294185
gxBQ_window_00_frame_689 pair 26 [1, 12] combined 231424 players 64998 retained 256 seconds 3.3099879194051027
gxBQ_window_00_frame_689 pair 27 [1, 13] combined 231424 players 59010 retained 256 seconds 2.89908484229818
gxBQ_window_00_frame_689 pair 28 [1, 14] combined 231424 players 86434 retained 256 seconds 4.1984228529036045
gxBQ_window_00_frame_689 pair 29 [1, 15] combined 231424 players 66454 retained 256 seconds 3.2149177100509405
gxBQ_window_00_frame_689 pair 31 [2, 1] combined 262144 players 112796 retained 256 seconds 4.718497944995761
gxBQ_window_00_frame_689 pair 32 [2, 3] combined 15360 players 3208 retained 256 seconds 0.5472820242866874
gxBQ_window_00_frame_689 pair 35 [2, 6] combined 0 players 0 retained 0 seconds 0.07928356295451522
gxBQ_window_00_frame_689 pair 37 [2, 8] combined 262144 players 108206 retained 256 seconds 4.360424750018865
gxBQ_window_00_frame_689 pair 45 [3, 0] combined 17408 players 5062 retained 256 seconds 0.5105820531025529
gxBQ_window_00_frame_689 pair 46 [3, 1] combined 25600 players 114 retained 56 seconds 0.14519743481650949
gxBQ_window_00_frame_689 pair 47 [3, 2] combined 18432 players 3328 retained 256 seconds 0.27270173421129584
gxBQ_window_00_frame_689 pair 48 [3, 4] combined 17408 players 4414 retained 256 seconds 0.4811473903246224
gxBQ_window_00_frame_689 pair 49 [3, 5] combined 0 players 0 retained 0 seconds 0.010915754362940788
gxBQ_window_00_frame_689 pair 52 [3, 8] combined 16384 players 646 retained 256 seconds 0.1524800811894238
gxBQ_window_00_frame_689 pair 54 [3, 10] combined 3960 players 814 retained 256 seconds 0.11095240106806159
gxBQ_window_00_frame_689 pair 55 [3, 11] combined 0 players 0 retained 0 seconds 0.010799056850373745
gxBQ_window_00_frame_689 pair 56 [3, 12] combined 17408 players 4952 retained 256 seconds 0.5092135719023645
gxBQ_window_00_frame_689 pair 57 [3, 13] combined 18432 players 5310 retained 256 seconds 0.4634212367236614
gxBQ_window_00_frame_689 pair 58 [3, 14] combined 18432 players 5600 retained 256 seconds 0.46214495273306966
gxBQ_window_00_frame_689 pair 59 [3, 15] combined 17408 players 4584 retained 256 seconds 0.4884171159937978
gxBQ_window_00_frame_689 pair 61 [4, 1] combined 262144 players 111188 retained 256 seconds 4.58910783007741
gxBQ_window_00_frame_689 pair 63 [4, 3] combined 8192 players 2552 retained 256 seconds 0.453923674300313
gxBQ_window_00_frame_689 pair 65 [4, 6] combined 0 players 0 retained 0 seconds 0.287716134916991
gxBQ_window_00_frame_689 pair 66 [4, 7] combined 4096 players 1252 retained 256 seconds 0.3752836799249053
gxBQ_window_00_frame_689 pair 67 [4, 8] combined 262144 players 109540 retained 256 seconds 4.442674265243113
gxBQ_window_00_frame_689 pair 78 [5, 3] combined 0 players 0 retained 0 seconds 0.022032442037016153
gxBQ_window_00_frame_689 pair 81 [5, 7] combined 0 players 0 retained 0 seconds 0.0031321928836405277
gxBQ_window_00_frame_689 pair 83 [5, 9] combined 0 players 0 retained 0 seconds 0.0044395700097084045
gxBQ_window_00_frame_689 pair 85 [5, 11] combined 0 players 0 retained 0 seconds 0.002705019898712635
gxBQ_window_00_frame_689 pair 90 [6, 0] combined 0 players 0 retained 0 seconds 0.23693097895011306
gxBQ_window_00_frame_689 pair 91 [6, 1] combined 0 players 0 retained 0 seconds 0.033415953163057566
gxBQ_window_00_frame_689 pair 92 [6, 2] combined 0 players 0 retained 0 seconds 0.05986705422401428
gxBQ_window_00_frame_689 pair 94 [6, 4] combined 0 players 0 retained 0 seconds 0.22351264907047153
gxBQ_window_00_frame_689 pair 97 [6, 8] combined 0 players 0 retained 0 seconds 0.027443398721516132
gxBQ_window_00_frame_689 pair 99 [6, 10] combined 0 players 0 retained 0 seconds 0.012980187777429819
gxBQ_window_00_frame_689 pair 100 [6, 11] combined 0 players 0 retained 0 seconds 0.0029094726778566837
gxBQ_window_00_frame_689 pair 101 [6, 12] combined 0 players 0 retained 0 seconds 0.23488194961100817
gxBQ_window_00_frame_689 pair 102 [6, 13] combined 0 players 0 retained 0 seconds 0.18673969572409987
gxBQ_window_00_frame_689 pair 103 [6, 14] combined 0 players 0 retained 0 seconds 0.1697164294309914
gxBQ_window_00_frame_689 pair 104 [6, 15] combined 0 players 0 retained 0 seconds 0.22666931711137295
gxBQ_window_00_frame_689 pair 105 [7, 0] combined 8192 players 2492 retained 256 seconds 0.6584456297568977
gxBQ_window_00_frame_689 pair 106 [7, 1] combined 5120 players 0 retained 0 seconds 0.04401891306042671
gxBQ_window_00_frame_689 pair 109 [7, 4] combined 8192 players 2308 retained 256 seconds 0.36273421021178365
gxBQ_window_00_frame_689 pair 110 [7, 5] combined 0 players 0 retained 0 seconds 0.004246493335813284
gxBQ_window_00_frame_689 pair 112 [7, 8] combined 2048 players 0 retained 0 seconds 0.031021140981465578
gxBQ_window_00_frame_689 pair 114 [7, 10] combined 2112 players 760 retained 256 seconds 0.09009789489209652
gxBQ_window_00_frame_689 pair 115 [7, 11] combined 0 players 0 retained 0 seconds 0.004281015135347843
gxBQ_window_00_frame_689 pair 116 [7, 12] combined 8192 players 2264 retained 256 seconds 0.38292653439566493
gxBQ_window_00_frame_689 pair 117 [7, 13] combined 8192 players 2212 retained 256 seconds 0.32774820318445563
gxBQ_window_00_frame_689 pair 118 [7, 14] combined 8192 players 2762 retained 256 seconds 0.3373644263483584
gxBQ_window_00_frame_689 pair 119 [7, 15] combined 8192 players 2374 retained 256 seconds 0.3795863790437579
gxBQ_window_00_frame_689 pair 120 [8, 0] combined 144384 players 36996 retained 256 seconds 2.000962827820331
gxBQ_window_00_frame_689 pair 122 [8, 2] combined 147456 players 30025 retained 256 seconds 1.6362748849205673
gxBQ_window_00_frame_689 pair 123 [8, 3] combined 16000 players 870 retained 256 seconds 0.15525287110358477
gxBQ_window_00_frame_689 pair 124 [8, 4] combined 146432 players 44780 retained 256 seconds 2.269962863996625
gxBQ_window_00_frame_689 pair 126 [8, 6] combined 0 players 0 retained 0 seconds 0.03597672702744603
gxBQ_window_00_frame_689 pair 127 [8, 7] combined 2860 players 0 retained 0 seconds 0.03802535217255354
gxBQ_window_00_frame_689 pair 128 [8, 9] combined 22500 players 1076 retained 256 seconds 0.17547866888344288
gxBQ_window_00_frame_689 pair 129 [8, 10] combined 45188 players 21288 retained 256 seconds 0.9548422638326883
gxBQ_window_00_frame_689 pair 131 [8, 12] combined 144384 players 41006 retained 256 seconds 2.4692783933132887
gxBQ_window_00_frame_689 pair 132 [8, 13] combined 144384 players 32386 retained 256 seconds 1.7115299487486482
gxBQ_window_00_frame_689 pair 133 [8, 14] combined 144384 players 53368 retained 256 seconds 2.39557914622128
gxBQ_window_00_frame_689 pair 134 [8, 15] combined 147456 players 41740 retained 256 seconds 2.188452390022576
gxBQ_window_00_frame_689 pair 136 [9, 1] combined 31744 players 1406 retained 256 seconds 0.21369007881730795
gxBQ_window_00_frame_689 pair 140 [9, 5] combined 0 players 0 retained 0 seconds 0.005813962779939175
gxBQ_window_00_frame_689 pair 143 [9, 8] combined 20592 players 1112 retained 256 seconds 0.16257507493719459
gxBQ_window_00_frame_689 pair 145 [9, 11] combined 120 players 0 retained 0 seconds 0.007417254149913788
gxBQ_window_00_frame_689 pair 151 [10, 1] combined 23552 players 7546 retained 256 seconds 0.417395924217999
gxBQ_window_00_frame_689 pair 153 [10, 3] combined 4664 players 884 retained 256 seconds 0.11394298821687698
gxBQ_window_00_frame_689 pair 156 [10, 6] combined 0 players 0 retained 0 seconds 0.01773624774068594
gxBQ_window_00_frame_689 pair 157 [10, 7] combined 528 players 192 retained 84 seconds 0.053330511786043644
gxBQ_window_00_frame_689 pair 158 [10, 8] combined 25600 players 8086 retained 256 seconds 0.4333667941391468
gxBQ_window_00_frame_689 pair 168 [11, 3] combined 0 players 0 retained 0 seconds 0.010334288701415062
gxBQ_window_00_frame_689 pair 170 [11, 5] combined 0 players 0 retained 0 seconds 0.003070545382797718
gxBQ_window_00_frame_689 pair 171 [11, 6] combined 0 players 0 retained 0 seconds 0.0032540159299969673
gxBQ_window_00_frame_689 pair 172 [11, 7] combined 0 players 0 retained 0 seconds 0.0037412699311971664
gxBQ_window_00_frame_689 pair 174 [11, 9] combined 280 players 0 retained 0 seconds 0.006071159150451422
gxBQ_window_00_frame_689 pair 181 [12, 1] combined 262144 players 105078 retained 256 seconds 4.982417028862983
gxBQ_window_00_frame_689 pair 183 [12, 3] combined 8192 players 2808 retained 256 seconds 0.4858659780584276
gxBQ_window_00_frame_689 pair 186 [12, 6] combined 0 players 0 retained 0 seconds 0.3220042581669986
gxBQ_window_00_frame_689 pair 187 [12, 7] combined 4096 players 1296 retained 256 seconds 0.41783174965530634
gxBQ_window_00_frame_689 pair 188 [12, 8] combined 262144 players 95568 retained 256 seconds 4.127452545333654
gxBQ_window_00_frame_689 pair 196 [13, 1] combined 262144 players 109140 retained 256 seconds 4.648550576996058
gxBQ_window_00_frame_689 pair 198 [13, 3] combined 10240 players 3470 retained 256 seconds 0.44090496003627777
gxBQ_window_00_frame_689 pair 201 [13, 6] combined 0 players 0 retained 0 seconds 0.24010561918839812
gxBQ_window_00_frame_689 pair 202 [13, 7] combined 4096 players 1402 retained 256 seconds 0.34001362323760986
gxBQ_window_00_frame_689 pair 203 [13, 8] combined 262144 players 107526 retained 256 seconds 4.657944239210337
gxBQ_window_00_frame_689 pair 211 [14, 1] combined 262144 players 108856 retained 256 seconds 4.580805517267436
gxBQ_window_00_frame_689 pair 213 [14, 3] combined 10240 players 2726 retained 256 seconds 0.40886770002543926
gxBQ_window_00_frame_689 pair 216 [14, 6] combined 0 players 0 retained 0 seconds 0.22425926011055708
gxBQ_window_00_frame_689 pair 217 [14, 7] combined 4096 players 1450 retained 256 seconds 0.324800789821893
gxBQ_window_00_frame_689 pair 218 [14, 8] combined 262144 players 105554 retained 256 seconds 4.842127309180796
gxBQ_window_00_frame_689 pair 226 [15, 1] combined 262144 players 107766 retained 256 seconds 4.906179375946522
gxBQ_window_00_frame_689 pair 228 [15, 3] combined 8192 players 2572 retained 256 seconds 0.4731849697418511
gxBQ_window_00_frame_689 pair 231 [15, 6] combined 0 players 0 retained 0 seconds 0.31705180602148175
gxBQ_window_00_frame_689 pair 232 [15, 7] combined 4096 players 1342 retained 256 seconds 0.40211349492892623
gxBQ_window_00_frame_689 pair 233 [15, 8] combined 262144 players 102634 retained 256 seconds 4.3325814181007445
[gxBQ_window_00_frame_689] line-template: preparing rectangles
[gxBQ_window_00_frame_689] measuring 768 parents (G0=256, G1=256, line_template=256; conflicting geometry groups=0)
[gxBQ_window_00_frame_689] parents 250/768
[gxBQ_window_00_frame_689] parents 500/768
[gxBQ_window_00_frame_689] parents 750/768
[gxBQ_window_00_frame_689] refitting 768 parents
[gxBQ_window_00_frame_689] refits 250/768; valid children=247
[gxBQ_window_00_frame_689] refits 500/768; valid children=485
[gxBQ_window_00_frame_689] refits 750/768; valid children=695
{"view_id": "gxBQ_window_00_frame_689", "chosen_key": "line_template:rectangle_59439:template_10/child", "no_court_reason": null, "all_checks_equal": null, "error": null}
{"views": ["gxBQ_window_00_frame_689"], "startup_seconds": 0.02858138084411621, "wall_seconds": 550.3497858499177, "peak_rss_mb": 1927.734375, "failed": []}
