decoded <remote>/paint_geometry_20260909/gx_extension/videos/gxBQ_HwdgN4.mp4 to frame 77966 in 328s
gxBQ_window_03_frame_77876 pair 0 [0, 1] combined 262144 players 36088 retained 256 seconds 5.277142081875354
gxBQ_window_03_frame_77876 pair 2 [0, 3] combined 262144 players 72762 retained 256 seconds 6.267402353230864
gxBQ_window_03_frame_77876 pair 5 [0, 6] combined 83968 players 30480 retained 256 seconds 4.991129610221833
gxBQ_window_03_frame_77876 pair 8 [0, 9] combined 88064 players 5616 retained 256 seconds 3.7761976360343397
gxBQ_window_03_frame_77876 pair 9 [0, 10] combined 262144 players 76216 retained 256 seconds 7.015920768957585
gxBQ_window_03_frame_77876 pair 10 [0, 11] combined 1024 players 124 retained 49 seconds 3.484921697061509
gxBQ_window_03_frame_77876 pair 15 [1, 0] combined 262144 players 52846 retained 256 seconds 5.781390618998557
gxBQ_window_03_frame_77876 pair 16 [1, 2] combined 262144 players 52684 retained 256 seconds 2.918957115150988
gxBQ_window_03_frame_77876 pair 17 [1, 3] combined 262144 players 8138 retained 256 seconds 1.2628972022794187
gxBQ_window_03_frame_77876 pair 18 [1, 4] combined 262144 players 12652 retained 256 seconds 1.5493892319500446
gxBQ_window_03_frame_77876 pair 20 [1, 6] combined 184320 players 17358 retained 256 seconds 1.304420622996986
gxBQ_window_03_frame_77876 pair 21 [1, 7] combined 262144 players 2086 retained 256 seconds 1.0279723601415753
gxBQ_window_03_frame_77876 pair 22 [1, 8] combined 262144 players 12782 retained 256 seconds 1.4879616722464561
gxBQ_window_03_frame_77876 pair 24 [1, 10] combined 262144 players 19048 retained 256 seconds 1.6080782050266862
gxBQ_window_03_frame_77876 pair 26 [1, 12] combined 262144 players 66110 retained 256 seconds 6.04952499223873
gxBQ_window_03_frame_77876 pair 27 [1, 13] combined 262144 players 45544 retained 256 seconds 5.355517287738621
gxBQ_window_03_frame_77876 pair 28 [1, 14] combined 262144 players 71386 retained 256 seconds 6.472885642200708
gxBQ_window_03_frame_77876 pair 29 [1, 15] combined 262144 players 48810 retained 256 seconds 5.1875170529820025
gxBQ_window_03_frame_77876 pair 31 [2, 1] combined 262144 players 57532 retained 256 seconds 3.0796670569106936
gxBQ_window_03_frame_77876 pair 32 [2, 3] combined 262144 players 54890 retained 256 seconds 3.0235469760373235
gxBQ_window_03_frame_77876 pair 35 [2, 6] combined 86016 players 27592 retained 256 seconds 1.4685402028262615
gxBQ_window_03_frame_77876 pair 38 [2, 9] combined 71680 players 5744 retained 256 seconds 0.6788148679770529
gxBQ_window_03_frame_77876 pair 39 [2, 10] combined 262144 players 74358 retained 256 seconds 3.5758404419757426
gxBQ_window_03_frame_77876 pair 40 [2, 11] combined 1024 players 48 retained 19 seconds 0.27163549279794097
gxBQ_window_03_frame_77876 pair 45 [3, 0] combined 262144 players 85110 retained 256 seconds 6.643849160987884
gxBQ_window_03_frame_77876 pair 46 [3, 1] combined 262144 players 648 retained 256 seconds 1.0428893454372883
gxBQ_window_03_frame_77876 pair 47 [3, 2] combined 262144 players 79400 retained 256 seconds 3.832426547072828
gxBQ_window_03_frame_77876 pair 49 [3, 5] combined 262144 players 57992 retained 256 seconds 3.137530881911516
gxBQ_window_03_frame_77876 pair 53 [3, 9] combined 25600 players 6696 retained 256 seconds 0.4423700449988246
gxBQ_window_03_frame_77876 pair 56 [3, 12] combined 262144 players 65686 retained 256 seconds 5.895375388208777
gxBQ_window_03_frame_77876 pair 57 [3, 13] combined 262144 players 90966 retained 256 seconds 6.751669035758823
gxBQ_window_03_frame_77876 pair 58 [3, 14] combined 262144 players 80628 retained 256 seconds 6.1371148256585
gxBQ_window_03_frame_77876 pair 59 [3, 15] combined 262144 players 77938 retained 256 seconds 6.153515289071947
gxBQ_window_03_frame_77876 pair 61 [4, 1] combined 262144 players 87090 retained 256 seconds 3.856991339009255
gxBQ_window_03_frame_77876 pair 66 [4, 7] combined 262144 players 78576 retained 256 seconds 3.643884465098381
gxBQ_window_03_frame_77876 pair 67 [4, 8] combined 262144 players 1718 retained 256 seconds 1.2425090949982405
gxBQ_window_03_frame_77876 pair 69 [4, 10] combined 262144 players 66346 retained 256 seconds 3.3080478589981794
gxBQ_window_03_frame_77876 pair 70 [4, 11] combined 1024 players 70 retained 29 seconds 0.31719148671254516
gxBQ_window_03_frame_77876 pair 78 [5, 3] combined 262144 players 89888 retained 256 seconds 3.963684943970293
gxBQ_window_03_frame_77876 pair 81 [5, 7] combined 262144 players 95916 retained 256 seconds 4.184403347782791
gxBQ_window_03_frame_77876 pair 82 [5, 8] combined 262144 players 170 retained 85 seconds 1.131119443103671
gxBQ_window_03_frame_77876 pair 84 [5, 10] combined 262144 players 70314 retained 256 seconds 3.3077283962629735
gxBQ_window_03_frame_77876 pair 85 [5, 11] combined 1024 players 0 retained 0 seconds 0.18567690812051296
gxBQ_window_03_frame_77876 pair 90 [6, 0] combined 63488 players 15328 retained 256 seconds 3.366343798581511
gxBQ_window_03_frame_77876 pair 91 [6, 1] combined 55296 players 3032 retained 256 seconds 0.45073450403288007
gxBQ_window_03_frame_77876 pair 92 [6, 2] combined 64512 players 15410 retained 256 seconds 0.921273946762085
gxBQ_window_03_frame_77876 pair 97 [6, 8] combined 58368 players 2456 retained 256 seconds 0.5531392330303788
gxBQ_window_03_frame_77876 pair 98 [6, 9] combined 5712 players 1258 retained 256 seconds 0.1356484559364617
gxBQ_window_03_frame_77876 pair 100 [6, 11] combined 1152 players 20 retained 10 seconds 0.0509845269843936
gxBQ_window_03_frame_77876 pair 101 [6, 12] combined 64512 players 13800 retained 256 seconds 3.274948711041361
gxBQ_window_03_frame_77876 pair 102 [6, 13] combined 63488 players 18128 retained 256 seconds 3.7642245017923415
gxBQ_window_03_frame_77876 pair 103 [6, 14] combined 64512 players 16648 retained 256 seconds 3.4636583826504648
gxBQ_window_03_frame_77876 pair 104 [6, 15] combined 61440 players 16620 retained 256 seconds 3.3116349396295846
gxBQ_window_03_frame_77876 pair 106 [7, 1] combined 262144 players 2922 retained 256 seconds 1.0352032999508083
gxBQ_window_03_frame_77876 pair 109 [7, 4] combined 218112 players 37530 retained 256 seconds 2.3484211550094187
gxBQ_window_03_frame_77876 pair 110 [7, 5] combined 225280 players 35994 retained 256 seconds 2.1595950378105044
gxBQ_window_03_frame_77876 pair 113 [7, 9] combined 22816 players 382 retained 191 seconds 0.1557147572748363
gxBQ_window_03_frame_77876 pair 121 [8, 1] combined 262144 players 39218 retained 256 seconds 2.5300524346530437
gxBQ_window_03_frame_77876 pair 124 [8, 4] combined 262144 players 2320 retained 256 seconds 1.4124604021199048
gxBQ_window_03_frame_77876 pair 125 [8, 5] combined 262144 players 0 retained 0 seconds 1.090974145103246
gxBQ_window_03_frame_77876 pair 126 [8, 6] combined 84992 players 23558 retained 256 seconds 1.3160391813144088
gxBQ_window_03_frame_77876 pair 128 [8, 9] combined 31744 players 32 retained 16 seconds 0.3219669018872082
gxBQ_window_03_frame_77876 pair 135 [9, 0] combined 4096 players 0 retained 0 seconds 3.1754410727880895
gxBQ_window_03_frame_77876 pair 137 [9, 2] combined 11264 players 382 retained 191 seconds 0.2565292762592435
gxBQ_window_03_frame_77876 pair 138 [9, 3] combined 4096 players 1312 retained 256 seconds 0.1831060708500445
gxBQ_window_03_frame_77876 pair 141 [9, 6] combined 10480 players 2612 retained 256 seconds 0.1991775520145893
gxBQ_window_03_frame_77876 pair 142 [9, 7] combined 3072 players 478 retained 240 seconds 0.10158534999936819
gxBQ_window_03_frame_77876 pair 143 [9, 8] combined 11264 players 0 retained 0 seconds 0.1748241246677935
gxBQ_window_03_frame_77876 pair 144 [9, 10] combined 16384 players 5240 retained 256 seconds 0.31641321489587426
gxBQ_window_03_frame_77876 pair 146 [9, 12] combined 0 players 0 retained 0 seconds 3.1631340510211885
gxBQ_window_03_frame_77876 pair 147 [9, 13] combined 4096 players 102 retained 52 seconds 3.238313681911677
gxBQ_window_03_frame_77876 pair 148 [9, 14] combined 1024 players 24 retained 13 seconds 3.5695324200205505
gxBQ_window_03_frame_77876 pair 149 [9, 15] combined 4096 players 58 retained 29 seconds 3.0193579220212996
gxBQ_window_03_frame_77876 pair 150 [10, 0] combined 262144 players 52826 retained 256 seconds 6.349215921014547
gxBQ_window_03_frame_77876 pair 151 [10, 1] combined 262144 players 7552 retained 256 seconds 1.2640275452286005
gxBQ_window_03_frame_77876 pair 152 [10, 2] combined 262144 players 52750 retained 256 seconds 2.9515252970159054
gxBQ_window_03_frame_77876 pair 154 [10, 4] combined 262144 players 22878 retained 256 seconds 1.8977427259087563
gxBQ_window_03_frame_77876 pair 155 [10, 5] combined 262144 players 49036 retained 256 seconds 2.917938827071339
gxBQ_window_03_frame_77876 pair 159 [10, 9] combined 34816 players 3036 retained 256 seconds 0.3105277670547366
gxBQ_window_03_frame_77876 pair 160 [10, 11] combined 38912 players 870 retained 256 seconds 0.2320154788903892
gxBQ_window_03_frame_77876 pair 161 [10, 12] combined 262144 players 50376 retained 256 seconds 5.907275178004056
gxBQ_window_03_frame_77876 pair 162 [10, 13] combined 262144 players 57552 retained 256 seconds 5.710376122966409
gxBQ_window_03_frame_77876 pair 163 [10, 14] combined 262144 players 55848 retained 256 seconds 6.1001108177006245
gxBQ_window_03_frame_77876 pair 164 [10, 15] combined 262144 players 53062 retained 256 seconds 5.360782564152032
gxBQ_window_03_frame_77876 pair 165 [11, 0] combined 1024 players 64 retained 32 seconds 3.2652365709654987
gxBQ_window_03_frame_77876 pair 167 [11, 2] combined 1024 players 60 retained 26 seconds 0.19244062108919024
gxBQ_window_03_frame_77876 pair 169 [11, 4] combined 1024 players 40 retained 19 seconds 0.23154507391154766
gxBQ_window_03_frame_77876 pair 170 [11, 5] combined 1024 players 4 retained 2 seconds 0.1523673259653151
gxBQ_window_03_frame_77876 pair 171 [11, 6] combined 3648 players 86 retained 43 seconds 0.031166382133960724
gxBQ_window_03_frame_77876 pair 175 [11, 10] combined 15360 players 326 retained 154 seconds 0.06988099496811628
gxBQ_window_03_frame_77876 pair 176 [11, 12] combined 1024 players 24 retained 12 seconds 1.8934149602428079
gxBQ_window_03_frame_77876 pair 177 [11, 13] combined 1024 players 76 retained 38 seconds 1.750639270991087
gxBQ_window_03_frame_77876 pair 178 [11, 14] combined 1024 players 48 retained 24 seconds 1.768751815892756
gxBQ_window_03_frame_77876 pair 179 [11, 15] combined 1024 players 64 retained 29 seconds 1.568353924434632
gxBQ_window_03_frame_77876 pair 181 [12, 1] combined 262144 players 27638 retained 256 seconds 2.973182077985257
gxBQ_window_03_frame_77876 pair 183 [12, 3] combined 262144 players 64240 retained 256 seconds 3.740595696028322
gxBQ_window_03_frame_77876 pair 186 [12, 6] combined 84992 players 29064 retained 256 seconds 3.0962410140782595
gxBQ_window_03_frame_77876 pair 189 [12, 9] combined 92160 players 7784 retained 256 seconds 2.38454128196463
gxBQ_window_03_frame_77876 pair 190 [12, 10] combined 262144 players 69480 retained 256 seconds 4.406755219679326
gxBQ_window_03_frame_77876 pair 191 [12, 11] combined 1024 players 10 retained 3 seconds 2.245426271110773
gxBQ_window_03_frame_77876 pair 196 [13, 1] combined 262144 players 52828 retained 256 seconds 3.6723228972405195
gxBQ_window_03_frame_77876 pair 198 [13, 3] combined 262144 players 87268 retained 256 seconds 3.9809197769500315
gxBQ_window_03_frame_77876 pair 201 [13, 6] combined 84992 players 30692 retained 256 seconds 3.097001714166254
gxBQ_window_03_frame_77876 pair 204 [13, 9] combined 53248 players 1030 retained 256 seconds 2.154325108975172
gxBQ_window_03_frame_77876 pair 205 [13, 10] combined 262144 players 84686 retained 256 seconds 4.648498059716076
gxBQ_window_03_frame_77876 pair 206 [13, 11] combined 1024 players 48 retained 20 seconds 2.361116554122418
gxBQ_window_03_frame_77876 pair 211 [14, 1] combined 262144 players 41506 retained 256 seconds 3.3888247632421553
gxBQ_window_03_frame_77876 pair 213 [14, 3] combined 262144 players 76572 retained 256 seconds 4.228905494324863
gxBQ_window_03_frame_77876 pair 216 [14, 6] combined 83968 players 29948 retained 256 seconds 3.3898499510250986
gxBQ_window_03_frame_77876 pair 219 [14, 9] combined 64512 players 5080 retained 256 seconds 2.5373916649259627
gxBQ_window_03_frame_77876 pair 220 [14, 10] combined 262144 players 74582 retained 256 seconds 4.787469029892236
gxBQ_window_03_frame_77876 pair 221 [14, 11] combined 1024 players 42 retained 14 seconds 2.6014345572330058
gxBQ_window_03_frame_77876 pair 226 [15, 1] combined 262144 players 38596 retained 256 seconds 3.4015055638737977
gxBQ_window_03_frame_77876 pair 228 [15, 3] combined 262144 players 86830 retained 256 seconds 4.529618909116834
gxBQ_window_03_frame_77876 pair 231 [15, 6] combined 80896 players 32232 retained 256 seconds 3.3082162248902023
gxBQ_window_03_frame_77876 pair 234 [15, 9] combined 53248 players 960 retained 256 seconds 2.1723382980562747
gxBQ_window_03_frame_77876 pair 235 [15, 10] combined 262144 players 83768 retained 256 seconds 4.758500272873789
gxBQ_window_03_frame_77876 pair 236 [15, 11] combined 1024 players 54 retained 21 seconds 2.275524077937007
gxBQ_window_03_frame_77876 pair 0 [0, 1] combined 171008 players 47388 retained 256 seconds 1.8603372401557863
gxBQ_window_03_frame_77876 pair 2 [0, 3] combined 94208 players 34654 retained 256 seconds 1.2497954787686467
gxBQ_window_03_frame_77876 pair 5 [0, 6] combined 0 players 0 retained 0 seconds 0.30459545692428946
gxBQ_window_03_frame_77876 pair 8 [0, 9] combined 0 players 0 retained 0 seconds 0.26076841820031404
gxBQ_window_03_frame_77876 pair 9 [0, 10] combined 83968 players 30846 retained 256 seconds 1.1804430740885437
gxBQ_window_03_frame_77876 pair 10 [0, 11] combined 0 players 0 retained 0 seconds 0.2829033308662474
gxBQ_window_03_frame_77876 pair 15 [1, 0] combined 102400 players 28528 retained 256 seconds 1.0728948321193457
gxBQ_window_03_frame_77876 pair 16 [1, 2] combined 44156 players 8142 retained 256 seconds 0.3277012468315661
gxBQ_window_03_frame_77876 pair 17 [1, 3] combined 88704 players 270 retained 136 seconds 0.20788659900426865
gxBQ_window_03_frame_77876 pair 18 [1, 4] combined 110592 players 14368 retained 256 seconds 0.5902582760900259
gxBQ_window_03_frame_77876 pair 20 [1, 6] combined 0 players 0 retained 0 seconds 0.020809323992580175
gxBQ_window_03_frame_77876 pair 21 [1, 7] combined 9728 players 268 retained 135 seconds 0.26476155780255795
gxBQ_window_03_frame_77876 pair 22 [1, 8] combined 44388 players 2966 retained 256 seconds 0.20418253308162093
gxBQ_window_03_frame_77876 pair 24 [1, 10] combined 56544 players 2538 retained 256 seconds 0.20954338693991303
gxBQ_window_03_frame_77876 pair 26 [1, 12] combined 101376 players 29264 retained 256 seconds 1.1389924800023437
gxBQ_window_03_frame_77876 pair 27 [1, 13] combined 100352 players 19492 retained 256 seconds 0.859653196297586
gxBQ_window_03_frame_77876 pair 28 [1, 14] combined 103424 players 27102 retained 256 seconds 0.9989725719206035
gxBQ_window_03_frame_77876 pair 29 [1, 15] combined 99328 players 21386 retained 256 seconds 0.8691454543732107
gxBQ_window_03_frame_77876 pair 31 [2, 1] combined 145848 players 29678 retained 256 seconds 1.0037416471168399
gxBQ_window_03_frame_77876 pair 32 [2, 3] combined 76736 players 26668 retained 256 seconds 0.7849618750624359
gxBQ_window_03_frame_77876 pair 35 [2, 6] combined 0 players 0 retained 0 seconds 0.025366212707012892
gxBQ_window_03_frame_77876 pair 38 [2, 9] combined 0 players 0 retained 0 seconds 0.02248364593833685
gxBQ_window_03_frame_77876 pair 39 [2, 10] combined 63744 players 22130 retained 256 seconds 0.8742352570407093
gxBQ_window_03_frame_77876 pair 40 [2, 11] combined 0 players 0 retained 0 seconds 0.024871658999472857
gxBQ_window_03_frame_77876 pair 45 [3, 0] combined 79872 players 27990 retained 256 seconds 0.990450375713408
gxBQ_window_03_frame_77876 pair 46 [3, 1] combined 41984 players 388 retained 189 seconds 0.13300826167687774
gxBQ_window_03_frame_77876 pair 47 [3, 2] combined 51520 players 13976 retained 256 seconds 0.46200508577749133
gxBQ_window_03_frame_77876 pair 49 [3, 5] combined 75200 players 15898 retained 256 seconds 0.552240596152842
gxBQ_window_03_frame_77876 pair 53 [3, 9] combined 0 players 0 retained 0 seconds 0.01551211392506957
gxBQ_window_03_frame_77876 pair 56 [3, 12] combined 79872 players 26076 retained 256 seconds 0.9839940592646599
gxBQ_window_03_frame_77876 pair 57 [3, 13] combined 80896 players 28452 retained 256 seconds 1.0307943928055465
gxBQ_window_03_frame_77876 pair 58 [3, 14] combined 79872 players 26806 retained 256 seconds 0.9344555689021945
gxBQ_window_03_frame_77876 pair 59 [3, 15] combined 77824 players 25564 retained 256 seconds 1.1313293958082795
gxBQ_window_03_frame_77876 pair 61 [4, 1] combined 177152 players 64036 retained 256 seconds 1.8746137581765652
gxBQ_window_03_frame_77876 pair 66 [4, 7] combined 4096 players 1552 retained 256 seconds 0.12710904935374856
gxBQ_window_03_frame_77876 pair 67 [4, 8] combined 262144 players 2860 retained 256 seconds 0.6253036092966795
gxBQ_window_03_frame_77876 pair 69 [4, 10] combined 75776 players 25406 retained 256 seconds 0.7887214119546115
gxBQ_window_03_frame_77876 pair 70 [4, 11] combined 0 players 0 retained 0 seconds 0.048569431994110346
gxBQ_window_03_frame_77876 pair 78 [5, 3] combined 80080 players 28126 retained 256 seconds 0.8382751294411719
gxBQ_window_03_frame_77876 pair 81 [5, 7] combined 6020 players 2282 retained 256 seconds 0.12046617595478892
gxBQ_window_03_frame_77876 pair 82 [5, 8] combined 138260 players 1394 retained 256 seconds 0.33080360013991594
gxBQ_window_03_frame_77876 pair 84 [5, 10] combined 73200 players 25606 retained 256 seconds 0.7758054467849433
gxBQ_window_03_frame_77876 pair 85 [5, 11] combined 0 players 0 retained 0 seconds 0.026859913021326065
gxBQ_window_03_frame_77876 pair 90 [6, 0] combined 0 players 0 retained 0 seconds 0.18848831811919808
gxBQ_window_03_frame_77876 pair 91 [6, 1] combined 0 players 0 retained 0 seconds 0.01670155394822359
gxBQ_window_03_frame_77876 pair 92 [6, 2] combined 0 players 0 retained 0 seconds 0.015116841066628695
gxBQ_window_03_frame_77876 pair 97 [6, 8] combined 0 players 0 retained 0 seconds 0.011199883185327053
gxBQ_window_03_frame_77876 pair 98 [6, 9] combined 0 players 0 retained 0 seconds 0.0021498482674360275
gxBQ_window_03_frame_77876 pair 100 [6, 11] combined 0 players 0 retained 0 seconds 0.0020279311574995518
gxBQ_window_03_frame_77876 pair 101 [6, 12] combined 0 players 0 retained 0 seconds 0.2279072469100356
gxBQ_window_03_frame_77876 pair 102 [6, 13] combined 0 players 0 retained 0 seconds 0.18919406225904822
gxBQ_window_03_frame_77876 pair 103 [6, 14] combined 0 players 0 retained 0 seconds 0.1654538349248469
gxBQ_window_03_frame_77876 pair 104 [6, 15] combined 0 players 0 retained 0 seconds 0.14865685813128948
gxBQ_window_03_frame_77876 pair 106 [7, 1] combined 7632 players 34 retained 17 seconds 0.043173084035515785
gxBQ_window_03_frame_77876 pair 109 [7, 4] combined 14336 players 3336 retained 256 seconds 0.16405887296423316
gxBQ_window_03_frame_77876 pair 110 [7, 5] combined 12420 players 1506 retained 256 seconds 0.10469669615849853
gxBQ_window_03_frame_77876 pair 113 [7, 9] combined 0 players 0 retained 0 seconds 0.0034674438647925854
gxBQ_window_03_frame_77876 pair 121 [8, 1] combined 108108 players 35362 retained 256 seconds 1.2825859766453505
gxBQ_window_03_frame_77876 pair 124 [8, 4] combined 110592 players 530 retained 256 seconds 0.28770656045526266
gxBQ_window_03_frame_77876 pair 125 [8, 5] combined 143360 players 518 retained 256 seconds 0.3288655816577375
gxBQ_window_03_frame_77876 pair 126 [8, 6] combined 0 players 0 retained 0 seconds 0.015784962102770805
gxBQ_window_03_frame_77876 pair 128 [8, 9] combined 0 players 0 retained 0 seconds 0.015615382697433233
gxBQ_window_03_frame_77876 pair 135 [9, 0] combined 0 players 0 retained 0 seconds 0.1893038609996438
gxBQ_window_03_frame_77876 pair 137 [9, 2] combined 0 players 0 retained 0 seconds 0.015086133033037186
gxBQ_window_03_frame_77876 pair 138 [9, 3] combined 0 players 0 retained 0 seconds 0.009417905006557703
gxBQ_window_03_frame_77876 pair 141 [9, 6] combined 0 players 0 retained 0 seconds 0.0020925411954522133
gxBQ_window_03_frame_77876 pair 142 [9, 7] combined 0 players 0 retained 0 seconds 0.0025373660027980804
gxBQ_window_03_frame_77876 pair 143 [9, 8] combined 0 players 0 retained 0 seconds 0.010786069091409445
gxBQ_window_03_frame_77876 pair 144 [9, 10] combined 0 players 0 retained 0 seconds 0.008089388255029917
gxBQ_window_03_frame_77876 pair 146 [9, 12] combined 0 players 0 retained 0 seconds 0.22900391882285476
gxBQ_window_03_frame_77876 pair 147 [9, 13] combined 0 players 0 retained 0 seconds 0.18814297998324037
gxBQ_window_03_frame_77876 pair 148 [9, 14] combined 0 players 0 retained 0 seconds 0.16267045307904482
gxBQ_window_03_frame_77876 pair 149 [9, 15] combined 0 players 0 retained 0 seconds 0.147595995105803
gxBQ_window_03_frame_77876 pair 150 [10, 0] combined 79872 players 26078 retained 256 seconds 0.983771254774183
gxBQ_window_03_frame_77876 pair 151 [10, 1] combined 58368 players 304 retained 146 seconds 0.15967280697077513
gxBQ_window_03_frame_77876 pair 152 [10, 2] combined 49296 players 13800 retained 256 seconds 0.471988916862756
gxBQ_window_03_frame_77876 pair 154 [10, 4] combined 87040 players 18954 retained 256 seconds 0.6717443438246846
gxBQ_window_03_frame_77876 pair 155 [10, 5] combined 75480 players 15064 retained 256 seconds 0.5398943237960339
gxBQ_window_03_frame_77876 pair 159 [10, 9] combined 0 players 0 retained 0 seconds 0.013681096024811268
gxBQ_window_03_frame_77876 pair 160 [10, 11] combined 0 players 0 retained 0 seconds 0.010897979140281677
gxBQ_window_03_frame_77876 pair 161 [10, 12] combined 81920 players 24352 retained 256 seconds 0.9998991098254919
gxBQ_window_03_frame_77876 pair 162 [10, 13] combined 78848 players 23544 retained 256 seconds 0.9342949860729277
gxBQ_window_03_frame_77876 pair 163 [10, 14] combined 81920 players 24926 retained 256 seconds 1.2341963411308825
gxBQ_window_03_frame_77876 pair 164 [10, 15] combined 80896 players 24296 retained 256 seconds 0.9048098898492754
gxBQ_window_03_frame_77876 pair 165 [11, 0] combined 0 players 0 retained 0 seconds 0.19954410195350647
gxBQ_window_03_frame_77876 pair 167 [11, 2] combined 0 players 0 retained 0 seconds 0.015518623869866133
gxBQ_window_03_frame_77876 pair 169 [11, 4] combined 0 players 0 retained 0 seconds 0.03186561958864331
gxBQ_window_03_frame_77876 pair 170 [11, 5] combined 0 players 0 retained 0 seconds 0.018738153856247663
gxBQ_window_03_frame_77876 pair 171 [11, 6] combined 0 players 0 retained 0 seconds 0.002177524846047163
gxBQ_window_03_frame_77876 pair 175 [11, 10] combined 0 players 0 retained 0 seconds 0.008868040982633829
gxBQ_window_03_frame_77876 pair 176 [11, 12] combined 0 players 0 retained 0 seconds 0.23780860286206007
gxBQ_window_03_frame_77876 pair 177 [11, 13] combined 0 players 0 retained 0 seconds 0.19386491226032376
gxBQ_window_03_frame_77876 pair 178 [11, 14] combined 0 players 0 retained 0 seconds 0.17140225414186716
gxBQ_window_03_frame_77876 pair 179 [11, 15] combined 0 players 0 retained 0 seconds 0.15440059499815106
gxBQ_window_03_frame_77876 pair 181 [12, 1] combined 167936 players 43630 retained 256 seconds 1.679840253200382
gxBQ_window_03_frame_77876 pair 183 [12, 3] combined 94208 players 32934 retained 256 seconds 1.2447784189134836
gxBQ_window_03_frame_77876 pair 186 [12, 6] combined 0 players 0 retained 0 seconds 0.3735859910957515
gxBQ_window_03_frame_77876 pair 189 [12, 9] combined 0 players 0 retained 0 seconds 0.3225718610920012
gxBQ_window_03_frame_77876 pair 190 [12, 10] combined 81920 players 26858 retained 256 seconds 1.1709244288504124
gxBQ_window_03_frame_77876 pair 191 [12, 11] combined 0 players 0 retained 0 seconds 0.3492426541633904
gxBQ_window_03_frame_77876 pair 196 [13, 1] combined 185344 players 57010 retained 256 seconds 1.9640488428995013
gxBQ_window_03_frame_77876 pair 198 [13, 3] combined 93184 players 29970 retained 256 seconds 1.1724159899167717
gxBQ_window_03_frame_77876 pair 201 [13, 6] combined 0 players 0 retained 0 seconds 0.308623812161386
gxBQ_window_03_frame_77876 pair 204 [13, 9] combined 0 players 0 retained 0 seconds 0.26440210174769163
gxBQ_window_03_frame_77876 pair 205 [13, 10] combined 82944 players 28086 retained 256 seconds 1.4084943206980824
gxBQ_window_03_frame_77876 pair 206 [13, 11] combined 0 players 0 retained 0 seconds 0.29275820404291153
gxBQ_window_03_frame_77876 pair 211 [14, 1] combined 167936 players 56872 retained 256 seconds 1.9378267228603363
gxBQ_window_03_frame_77876 pair 213 [14, 3] combined 95232 players 33584 retained 256 seconds 1.2221948858350515
gxBQ_window_03_frame_77876 pair 216 [14, 6] combined 0 players 0 retained 0 seconds 0.27067726803943515
gxBQ_window_03_frame_77876 pair 219 [14, 9] combined 0 players 0 retained 0 seconds 0.25020837085321546
gxBQ_window_03_frame_77876 pair 220 [14, 10] combined 79872 players 26288 retained 256 seconds 1.0395122016780078
gxBQ_window_03_frame_77876 pair 221 [14, 11] combined 0 players 0 retained 0 seconds 0.26185916969552636
gxBQ_window_03_frame_77876 pair 226 [15, 1] combined 185344 players 48290 retained 256 seconds 1.7214846569113433
gxBQ_window_03_frame_77876 pair 228 [15, 3] combined 93184 players 32802 retained 256 seconds 1.1837755790911615
gxBQ_window_03_frame_77876 pair 231 [15, 6] combined 0 players 0 retained 0 seconds 0.24681931268423796
gxBQ_window_03_frame_77876 pair 234 [15, 9] combined 0 players 0 retained 0 seconds 0.20126012805849314
gxBQ_window_03_frame_77876 pair 235 [15, 10] combined 89088 players 31132 retained 256 seconds 1.4186911531724036
gxBQ_window_03_frame_77876 pair 236 [15, 11] combined 0 players 0 retained 0 seconds 0.22827711701393127
[gxBQ_window_03_frame_77876] line-template: preparing rectangles
[gxBQ_window_03_frame_77876] measuring 768 parents (G0=256, G1=256, line_template=256; conflicting geometry groups=0)
[gxBQ_window_03_frame_77876] parents 250/768
[gxBQ_window_03_frame_77876] parents 500/768
[gxBQ_window_03_frame_77876] parents 750/768
[gxBQ_window_03_frame_77876] refitting 768 parents
[gxBQ_window_03_frame_77876] refits 250/768; valid children=244
[gxBQ_window_03_frame_77876] refits 500/768; valid children=472
[gxBQ_window_03_frame_77876] refits 750/768; valid children=708
{"view_id": "gxBQ_window_03_frame_77876", "chosen_key": "line_template:rectangle_73390:template_72/child", "no_court_reason": null, "all_checks_equal": null, "error": null}
{"views": ["gxBQ_window_03_frame_77876"], "startup_seconds": 0.04420825093984604, "wall_seconds": 824.0537852477282, "peak_rss_mb": 1768.60546875, "failed": []}
