decoded <remote>/paint_geometry_20260909/gx_extension/videos/gxBQ_HwdgN4.mp4 to frame 180 in 1s
gxBQ_window_00_frame_0 pair 0 [0, 1] combined 262144 players 84282 retained 256 seconds 5.9748341562226415
gxBQ_window_00_frame_0 pair 2 [0, 3] combined 262144 players 86766 retained 256 seconds 6.157898811157793
gxBQ_window_00_frame_0 pair 3 [0, 4] combined 3072 players 144 retained 66 seconds 2.5272603910416365
gxBQ_window_00_frame_0 pair 5 [0, 6] combined 229376 players 67522 retained 256 seconds 5.500288153998554
gxBQ_window_00_frame_0 pair 7 [0, 8] combined 262144 players 94586 retained 256 seconds 6.410976188722998
gxBQ_window_00_frame_0 pair 8 [0, 9] combined 262144 players 89844 retained 256 seconds 6.094603392761201
gxBQ_window_00_frame_0 pair 9 [0, 10] combined 262144 players 2754 retained 256 seconds 2.911364834289998
gxBQ_window_00_frame_0 pair 11 [0, 12] combined 37888 players 132 retained 66 seconds 2.650857562199235
gxBQ_window_00_frame_0 pair 15 [1, 0] combined 262144 players 69118 retained 256 seconds 5.782945342827588
gxBQ_window_00_frame_0 pair 16 [1, 2] combined 262144 players 62262 retained 256 seconds 3.284198306966573
gxBQ_window_00_frame_0 pair 17 [1, 3] combined 262144 players 3336 retained 256 seconds 1.045568834990263
gxBQ_window_00_frame_0 pair 18 [1, 4] combined 23552 players 4 retained 2 seconds 0.1967108966782689
gxBQ_window_00_frame_0 pair 19 [1, 5] combined 262144 players 15794 retained 256 seconds 2.2401804481633008
gxBQ_window_00_frame_0 pair 21 [1, 7] combined 262144 players 18760 retained 256 seconds 1.9257190967909992
gxBQ_window_00_frame_0 pair 22 [1, 8] combined 262144 players 8210 retained 256 seconds 1.2052939017303288
gxBQ_window_00_frame_0 pair 25 [1, 11] combined 134144 players 3320 retained 256 seconds 0.6460933149792254
gxBQ_window_00_frame_0 pair 27 [1, 13] combined 262144 players 70564 retained 256 seconds 6.0198917598463595
gxBQ_window_00_frame_0 pair 28 [1, 14] combined 262144 players 57198 retained 256 seconds 5.695109527092427
gxBQ_window_00_frame_0 pair 29 [1, 15] combined 262144 players 75970 retained 256 seconds 5.751829830929637
gxBQ_window_00_frame_0 pair 31 [2, 1] combined 262144 players 49452 retained 256 seconds 2.787025493104011
gxBQ_window_00_frame_0 pair 32 [2, 3] combined 262144 players 76076 retained 256 seconds 3.885012490209192
gxBQ_window_00_frame_0 pair 33 [2, 4] combined 7168 players 2578 retained 256 seconds 0.48904448514804244
gxBQ_window_00_frame_0 pair 35 [2, 6] combined 220160 players 35200 retained 256 seconds 2.12087794020772
gxBQ_window_00_frame_0 pair 37 [2, 8] combined 262144 players 66580 retained 256 seconds 3.572959770914167
gxBQ_window_00_frame_0 pair 38 [2, 9] combined 262144 players 57664 retained 256 seconds 2.9876539213582873
gxBQ_window_00_frame_0 pair 39 [2, 10] combined 262144 players 13600 retained 256 seconds 1.4943859400227666
gxBQ_window_00_frame_0 pair 41 [2, 12] combined 1024 players 302 retained 146 seconds 0.3615741487592459
gxBQ_window_00_frame_0 pair 45 [3, 0] combined 124928 players 38660 retained 256 seconds 4.53651336627081
gxBQ_window_00_frame_0 pair 46 [3, 1] combined 262144 players 3330 retained 256 seconds 1.0454128761775792
gxBQ_window_00_frame_0 pair 47 [3, 2] combined 125952 players 43268 retained 256 seconds 2.244443598203361
gxBQ_window_00_frame_0 pair 49 [3, 5] combined 124928 players 24546 retained 256 seconds 2.0680951927788556
gxBQ_window_00_frame_0 pair 50 [3, 6] combined 262144 players 1684 retained 256 seconds 0.9088884158991277
gxBQ_window_00_frame_0 pair 51 [3, 7] combined 122880 players 17474 retained 256 seconds 1.4118266231380403
gxBQ_window_00_frame_0 pair 53 [3, 9] combined 262144 players 2378 retained 256 seconds 1.0883043152280152
gxBQ_window_00_frame_0 pair 54 [3, 10] combined 24336 players 2044 retained 256 seconds 0.24615443125367165
gxBQ_window_00_frame_0 pair 57 [3, 13] combined 124928 players 38224 retained 256 seconds 4.449350655078888
gxBQ_window_00_frame_0 pair 58 [3, 14] combined 123904 players 37128 retained 256 seconds 4.32357790786773
gxBQ_window_00_frame_0 pair 59 [3, 15] combined 124928 players 37266 retained 256 seconds 3.868245441932231
gxBQ_window_00_frame_0 pair 60 [4, 0] combined 1024 players 18 retained 9 seconds 2.5013899779878557
gxBQ_window_00_frame_0 pair 61 [4, 1] combined 1024 players 0 retained 0 seconds 0.11370082991197705
gxBQ_window_00_frame_0 pair 62 [4, 2] combined 4096 players 0 retained 0 seconds 0.24779617134481668
gxBQ_window_00_frame_0 pair 64 [4, 5] combined 1024 players 28 retained 13 seconds 0.8553716982714832
gxBQ_window_00_frame_0 pair 65 [4, 6] combined 1024 players 14 retained 7 seconds 0.06098113814368844
gxBQ_window_00_frame_0 pair 68 [4, 9] combined 1024 players 0 retained 0 seconds 0.10445133503526449
gxBQ_window_00_frame_0 pair 72 [4, 13] combined 1024 players 28 retained 14 seconds 2.6718836701475084
gxBQ_window_00_frame_0 pair 73 [4, 14] combined 1024 players 28 retained 14 seconds 2.5731254536658525
gxBQ_window_00_frame_0 pair 74 [4, 15] combined 1024 players 20 retained 10 seconds 2.244911467190832
gxBQ_window_00_frame_0 pair 76 [5, 1] combined 262144 players 100166 retained 256 seconds 5.363455218728632
gxBQ_window_00_frame_0 pair 78 [5, 3] combined 262144 players 39040 retained 256 seconds 2.7758688260801136
gxBQ_window_00_frame_0 pair 79 [5, 4] combined 3072 players 18 retained 9 seconds 0.9147056671790779
gxBQ_window_00_frame_0 pair 80 [5, 6] combined 218112 players 88960 retained 256 seconds 4.4160781959071755
gxBQ_window_00_frame_0 pair 82 [5, 8] combined 262144 players 94690 retained 256 seconds 4.509788816794753
gxBQ_window_00_frame_0 pair 83 [5, 9] combined 262144 players 87716 retained 256 seconds 4.969179852865636
gxBQ_window_00_frame_0 pair 84 [5, 10] combined 262144 players 50 retained 25 seconds 1.7821747157722712
gxBQ_window_00_frame_0 pair 86 [5, 12] combined 21504 players 402 retained 201 seconds 0.9949454651214182
gxBQ_window_00_frame_0 pair 90 [6, 0] combined 132096 players 33932 retained 256 seconds 4.01406022021547
gxBQ_window_00_frame_0 pair 92 [6, 2] combined 132096 players 48154 retained 256 seconds 1.326363612897694
gxBQ_window_00_frame_0 pair 93 [6, 3] combined 149504 players 4440 retained 256 seconds 0.3783737597987056
gxBQ_window_00_frame_0 pair 94 [6, 4] combined 7636 players 64 retained 32 seconds 0.04532786179333925
gxBQ_window_00_frame_0 pair 95 [6, 5] combined 133120 players 11750 retained 256 seconds 1.0254350029863417
gxBQ_window_00_frame_0 pair 96 [6, 7] combined 125952 players 13250 retained 256 seconds 0.686606734059751
gxBQ_window_00_frame_0 pair 97 [6, 8] combined 115712 players 1182 retained 256 seconds 0.27010509418323636
gxBQ_window_00_frame_0 pair 100 [6, 11] combined 70656 players 8264 retained 256 seconds 0.3300589299760759
gxBQ_window_00_frame_0 pair 101 [6, 12] combined 1116 players 0 retained 0 seconds 0.020001973025500774
gxBQ_window_00_frame_0 pair 102 [6, 13] combined 131072 players 37614 retained 256 seconds 2.5838139802217484
gxBQ_window_00_frame_0 pair 103 [6, 14] combined 132096 players 36804 retained 256 seconds 2.537368974648416
gxBQ_window_00_frame_0 pair 104 [6, 15] combined 134144 players 32264 retained 256 seconds 2.133118325844407
gxBQ_window_00_frame_0 pair 106 [7, 1] combined 262144 players 110148 retained 256 seconds 2.948516722302884
gxBQ_window_00_frame_0 pair 108 [7, 3] combined 262144 players 13192 retained 256 seconds 0.9534842702560127
gxBQ_window_00_frame_0 pair 111 [7, 6] combined 220160 players 89560 retained 256 seconds 2.340941799338907
gxBQ_window_00_frame_0 pair 112 [7, 8] combined 262144 players 31534 retained 256 seconds 1.382127685006708
gxBQ_window_00_frame_0 pair 113 [7, 9] combined 262144 players 113146 retained 256 seconds 2.922452002763748
gxBQ_window_00_frame_0 pair 115 [7, 11] combined 86016 players 800 retained 256 seconds 0.44712119502946734
gxBQ_window_00_frame_0 pair 120 [8, 0] combined 262144 players 85744 retained 256 seconds 3.7923709517344832
gxBQ_window_00_frame_0 pair 121 [8, 1] combined 262144 players 3736 retained 256 seconds 0.6042787968181074
gxBQ_window_00_frame_0 pair 122 [8, 2] combined 262144 players 80230 retained 256 seconds 2.3197065559215844
gxBQ_window_00_frame_0 pair 125 [8, 5] combined 262144 players 62298 retained 256 seconds 2.151418951805681
gxBQ_window_00_frame_0 pair 126 [8, 6] combined 205824 players 1282 retained 256 seconds 0.43950071604922414
gxBQ_window_00_frame_0 pair 127 [8, 7] combined 262144 players 45942 retained 256 seconds 1.5899024913087487
gxBQ_window_00_frame_0 pair 128 [8, 9] combined 262144 players 4350 retained 256 seconds 0.6249651913531125
gxBQ_window_00_frame_0 pair 129 [8, 10] combined 48128 players 5200 retained 256 seconds 0.3887150911614299
gxBQ_window_00_frame_0 pair 132 [8, 13] combined 262144 players 87820 retained 256 seconds 4.030220600310713
gxBQ_window_00_frame_0 pair 133 [8, 14] combined 262144 players 90458 retained 256 seconds 3.9888534899801016
gxBQ_window_00_frame_0 pair 134 [8, 15] combined 262144 players 84564 retained 256 seconds 3.441851430106908
gxBQ_window_00_frame_0 pair 135 [9, 0] combined 262144 players 66888 retained 256 seconds 3.54646575730294
gxBQ_window_00_frame_0 pair 137 [9, 2] combined 262144 players 40976 retained 256 seconds 1.4608354587107897
gxBQ_window_00_frame_0 pair 138 [9, 3] combined 262144 players 1488 retained 256 seconds 0.5928662000223994
gxBQ_window_00_frame_0 pair 139 [9, 4] combined 19456 players 0 retained 0 seconds 0.09649674408137798
gxBQ_window_00_frame_0 pair 140 [9, 5] combined 262144 players 13236 retained 256 seconds 1.2354798181913793
gxBQ_window_00_frame_0 pair 142 [9, 7] combined 262144 players 13100 retained 256 seconds 1.0071389377117157
gxBQ_window_00_frame_0 pair 143 [9, 8] combined 262144 players 4646 retained 256 seconds 0.6342410100623965
gxBQ_window_00_frame_0 pair 145 [9, 11] combined 142336 players 3434 retained 256 seconds 0.41306879417970777
gxBQ_window_00_frame_0 pair 147 [9, 13] combined 262144 players 78404 retained 256 seconds 4.148151282221079
gxBQ_window_00_frame_0 pair 148 [9, 14] combined 262144 players 73480 retained 256 seconds 3.7735203192569315
gxBQ_window_00_frame_0 pair 149 [9, 15] combined 262144 players 72000 retained 256 seconds 3.568529653828591
gxBQ_window_00_frame_0 pair 150 [10, 0] combined 22528 players 426 retained 213 seconds 1.8088304670527577
gxBQ_window_00_frame_0 pair 152 [10, 2] combined 13312 players 214 retained 108 seconds 0.3922445410862565
gxBQ_window_00_frame_0 pair 153 [10, 3] combined 20480 players 6760 retained 256 seconds 0.23388693993911147
gxBQ_window_00_frame_0 pair 155 [10, 5] combined 23552 players 24 retained 12 seconds 0.59148263419047
gxBQ_window_00_frame_0 pair 158 [10, 8] combined 22528 players 6194 retained 256 seconds 0.2372790272347629
gxBQ_window_00_frame_0 pair 160 [10, 11] combined 4284 players 1138 retained 256 seconds 0.08363764500245452
gxBQ_window_00_frame_0 pair 162 [10, 13] combined 23552 players 642 retained 256 seconds 1.8670683410018682
gxBQ_window_00_frame_0 pair 163 [10, 14] combined 20480 players 498 retained 249 seconds 1.7916255127638578
gxBQ_window_00_frame_0 pair 164 [10, 15] combined 17408 players 456 retained 228 seconds 1.5243568788282573
gxBQ_window_00_frame_0 pair 166 [11, 1] combined 62464 players 206 retained 104 seconds 0.1713343528099358
gxBQ_window_00_frame_0 pair 171 [11, 6] combined 43560 players 3696 retained 256 seconds 0.18784849299117923
gxBQ_window_00_frame_0 pair 172 [11, 7] combined 45056 players 904 retained 256 seconds 0.4672642359510064
gxBQ_window_00_frame_0 pair 174 [11, 9] combined 88064 players 254 retained 128 seconds 0.26456308411434293
gxBQ_window_00_frame_0 pair 175 [11, 10] combined 4480 players 190 retained 95 seconds 0.042902609799057245
gxBQ_window_00_frame_0 pair 180 [12, 0] combined 2048 players 0 retained 0 seconds 1.6581252324394882
gxBQ_window_00_frame_0 pair 182 [12, 2] combined 0 players 0 retained 0 seconds 0.1413546223193407
gxBQ_window_00_frame_0 pair 185 [12, 5] combined 0 players 0 retained 0 seconds 0.5658132899552584
gxBQ_window_00_frame_0 pair 186 [12, 6] combined 2048 players 568 retained 256 seconds 0.05814506206661463
gxBQ_window_00_frame_0 pair 192 [12, 13] combined 1024 players 0 retained 0 seconds 1.651861087884754
gxBQ_window_00_frame_0 pair 193 [12, 14] combined 0 players 0 retained 0 seconds 1.668725848197937
gxBQ_window_00_frame_0 pair 194 [12, 15] combined 2048 players 0 retained 0 seconds 1.3936087670736015
gxBQ_window_00_frame_0 pair 196 [13, 1] combined 262144 players 103584 retained 256 seconds 4.064744113944471
gxBQ_window_00_frame_0 pair 198 [13, 3] combined 262144 players 88972 retained 256 seconds 3.852932805195451
gxBQ_window_00_frame_0 pair 199 [13, 4] combined 3072 players 114 retained 51 seconds 1.8128038025461137
gxBQ_window_00_frame_0 pair 201 [13, 6] combined 219136 players 70043 retained 256 seconds 3.334671834949404
gxBQ_window_00_frame_0 pair 203 [13, 8] combined 262144 players 95116 retained 256 seconds 4.0828185537829995
gxBQ_window_00_frame_0 pair 204 [13, 9] combined 262144 players 95786 retained 256 seconds 3.814160291105509
gxBQ_window_00_frame_0 pair 205 [13, 10] combined 262144 players 4242 retained 256 seconds 1.898224163800478
gxBQ_window_00_frame_0 pair 207 [13, 12] combined 38912 players 206 retained 103 seconds 1.785434477031231
gxBQ_window_00_frame_0 pair 211 [14, 1] combined 262144 players 81392 retained 256 seconds 3.650145701598376
gxBQ_window_00_frame_0 pair 213 [14, 3] combined 262144 players 61526 retained 256 seconds 3.197682478930801
gxBQ_window_00_frame_0 pair 214 [14, 4] combined 3072 players 102 retained 48 seconds 1.73320402065292
gxBQ_window_00_frame_0 pair 216 [14, 6] combined 223232 players 64140 retained 256 seconds 3.193187418859452
gxBQ_window_00_frame_0 pair 218 [14, 8] combined 262144 players 97958 retained 256 seconds 4.114371659234166
gxBQ_window_00_frame_0 pair 219 [14, 9] combined 262144 players 73820 retained 256 seconds 3.3538431907072663
gxBQ_window_00_frame_0 pair 220 [14, 10] combined 262144 players 2800 retained 256 seconds 1.8399582193233073
gxBQ_window_00_frame_0 pair 222 [14, 12] combined 17408 players 492 retained 240 seconds 1.8051171363331378
gxBQ_window_00_frame_0 pair 226 [15, 1] combined 262144 players 79198 retained 256 seconds 3.3135499469935894
gxBQ_window_00_frame_0 pair 228 [15, 3] combined 262144 players 86226 retained 256 seconds 3.639380869921297
gxBQ_window_00_frame_0 pair 229 [15, 4] combined 4096 players 628 retained 256 seconds 1.52882098313421
gxBQ_window_00_frame_0 pair 231 [15, 6] combined 228352 players 62230 retained 256 seconds 3.0048278658650815
gxBQ_window_00_frame_0 pair 233 [15, 8] combined 262144 players 95486 retained 256 seconds 3.885410486254841
gxBQ_window_00_frame_0 pair 234 [15, 9] combined 262144 players 80306 retained 256 seconds 3.2681056540459394
gxBQ_window_00_frame_0 pair 235 [15, 10] combined 262144 players 2000 retained 256 seconds 1.757326640188694
gxBQ_window_00_frame_0 pair 237 [15, 12] combined 46080 players 294 retained 139 seconds 1.5066104331053793
gxBQ_window_00_frame_0 pair 0 [0, 1] combined 205824 players 86274 retained 256 seconds 2.266211098060012
gxBQ_window_00_frame_0 pair 2 [0, 3] combined 10240 players 3974 retained 256 seconds 0.27070459304377437
gxBQ_window_00_frame_0 pair 3 [0, 4] combined 0 players 0 retained 0 seconds 0.14016316179186106
gxBQ_window_00_frame_0 pair 5 [0, 6] combined 16384 players 6832 retained 256 seconds 0.3425716361962259
gxBQ_window_00_frame_0 pair 7 [0, 8] combined 34816 players 12004 retained 256 seconds 0.4491080529987812
gxBQ_window_00_frame_0 pair 8 [0, 9] combined 152576 players 61992 retained 256 seconds 1.9158585867844522
gxBQ_window_00_frame_0 pair 9 [0, 10] combined 10240 players 0 retained 0 seconds 0.14066969929262996
gxBQ_window_00_frame_0 pair 11 [0, 12] combined 0 players 0 retained 0 seconds 0.124260856769979
gxBQ_window_00_frame_0 pair 15 [1, 0] combined 151552 players 34100 retained 256 seconds 1.102075279224664
gxBQ_window_00_frame_0 pair 16 [1, 2] combined 147456 players 51554 retained 256 seconds 1.3834528513252735
gxBQ_window_00_frame_0 pair 17 [1, 3] combined 3120 players 48 retained 24 seconds 0.04235308291390538
gxBQ_window_00_frame_0 pair 18 [1, 4] combined 2700 players 0 retained 0 seconds 0.022699677851051092
gxBQ_window_00_frame_0 pair 19 [1, 5] combined 149504 players 25054 retained 256 seconds 0.8349597970955074
gxBQ_window_00_frame_0 pair 21 [1, 7] combined 104676 players 8910 retained 256 seconds 0.41222501592710614
gxBQ_window_00_frame_0 pair 22 [1, 8] combined 19920 players 178 retained 89 seconds 0.07158069079741836
gxBQ_window_00_frame_0 pair 25 [1, 11] combined 18832 players 342 retained 154 seconds 0.07612821785733104
gxBQ_window_00_frame_0 pair 27 [1, 13] combined 147456 players 47128 retained 256 seconds 1.3410254488699138
gxBQ_window_00_frame_0 pair 28 [1, 14] combined 153600 players 33160 retained 256 seconds 1.277174943126738
gxBQ_window_00_frame_0 pair 29 [1, 15] combined 150528 players 28758 retained 256 seconds 0.9416498281061649
gxBQ_window_00_frame_0 pair 31 [2, 1] combined 95500 players 28662 retained 256 seconds 0.7794564627110958
gxBQ_window_00_frame_0 pair 32 [2, 3] combined 11220 players 3732 retained 256 seconds 0.14849326526746154
gxBQ_window_00_frame_0 pair 33 [2, 4] combined 0 players 0 retained 0 seconds 0.030802082270383835
gxBQ_window_00_frame_0 pair 35 [2, 6] combined 9216 players 2710 retained 256 seconds 0.12552036810666323
gxBQ_window_00_frame_0 pair 37 [2, 8] combined 36864 players 14018 retained 256 seconds 0.3860598960891366
gxBQ_window_00_frame_0 pair 38 [2, 9] combined 76752 players 20714 retained 256 seconds 0.5907165929675102
gxBQ_window_00_frame_0 pair 39 [2, 10] combined 0 players 0 retained 0 seconds 0.025494513101875782
gxBQ_window_00_frame_0 pair 41 [2, 12] combined 0 players 0 retained 0 seconds 0.028471723198890686
gxBQ_window_00_frame_0 pair 45 [3, 0] combined 0 players 0 retained 0 seconds 0.10357691580429673
gxBQ_window_00_frame_0 pair 46 [3, 1] combined 4096 players 6 retained 3 seconds 0.03504612483084202
gxBQ_window_00_frame_0 pair 47 [3, 2] combined 736 players 0 retained 0 seconds 0.021663435734808445
gxBQ_window_00_frame_0 pair 49 [3, 5] combined 1024 players 402 retained 171 seconds 0.09766895230859518
gxBQ_window_00_frame_0 pair 50 [3, 6] combined 144 players 0 retained 0 seconds 0.005766608286648989
gxBQ_window_00_frame_0 pair 51 [3, 7] combined 1024 players 314 retained 131 seconds 0.050345863215625286
gxBQ_window_00_frame_0 pair 53 [3, 9] combined 4096 players 0 retained 0 seconds 0.02170592825859785
gxBQ_window_00_frame_0 pair 54 [3, 10] combined 0 players 0 retained 0 seconds 0.0040292888879776
gxBQ_window_00_frame_0 pair 57 [3, 13] combined 0 players 0 retained 0 seconds 0.1199129088781774
gxBQ_window_00_frame_0 pair 58 [3, 14] combined 1024 players 462 retained 181 seconds 0.12437005015090108
gxBQ_window_00_frame_0 pair 59 [3, 15] combined 0 players 0 retained 0 seconds 0.07873682491481304
gxBQ_window_00_frame_0 pair 60 [4, 0] combined 0 players 0 retained 0 seconds 0.09592521889135242
gxBQ_window_00_frame_0 pair 61 [4, 1] combined 0 players 0 retained 0 seconds 0.014078165870159864
gxBQ_window_00_frame_0 pair 62 [4, 2] combined 0 players 0 retained 0 seconds 0.017874449957162142
gxBQ_window_00_frame_0 pair 64 [4, 5] combined 0 players 0 retained 0 seconds 0.058266517240554094
gxBQ_window_00_frame_0 pair 65 [4, 6] combined 0 players 0 retained 0 seconds 0.0037791808135807514
gxBQ_window_00_frame_0 pair 68 [4, 9] combined 0 players 0 retained 0 seconds 0.013080977834761143
gxBQ_window_00_frame_0 pair 72 [4, 13] combined 0 players 0 retained 0 seconds 0.1121644708327949
gxBQ_window_00_frame_0 pair 73 [4, 14] combined 0 players 0 retained 0 seconds 0.09178212285041809
gxBQ_window_00_frame_0 pair 74 [4, 15] combined 0 players 0 retained 0 seconds 0.07793550891801715
gxBQ_window_00_frame_0 pair 76 [5, 1] combined 206848 players 86684 retained 256 seconds 2.3672681231983006
gxBQ_window_00_frame_0 pair 78 [5, 3] combined 10240 players 3798 retained 256 seconds 0.1933573754504323
gxBQ_window_00_frame_0 pair 79 [5, 4] combined 0 players 0 retained 0 seconds 0.08312267297878861
gxBQ_window_00_frame_0 pair 80 [5, 6] combined 14336 players 5970 retained 256 seconds 0.2696811477653682
gxBQ_window_00_frame_0 pair 82 [5, 8] combined 34816 players 12414 retained 256 seconds 0.3911609589122236
gxBQ_window_00_frame_0 pair 83 [5, 9] combined 154624 players 61394 retained 256 seconds 1.53665543301031
gxBQ_window_00_frame_0 pair 84 [5, 10] combined 0 players 0 retained 0 seconds 0.09804178308695555
gxBQ_window_00_frame_0 pair 86 [5, 12] combined 0 players 0 retained 0 seconds 0.07843195321038365
gxBQ_window_00_frame_0 pair 90 [6, 0] combined 10240 players 2978 retained 256 seconds 0.2016208190470934
gxBQ_window_00_frame_0 pair 92 [6, 2] combined 10240 players 3660 retained 256 seconds 0.13813860528171062
gxBQ_window_00_frame_0 pair 93 [6, 3] combined 0 players 0 retained 0 seconds 0.005791116040199995
gxBQ_window_00_frame_0 pair 94 [6, 4] combined 48 players 0 retained 0 seconds 0.004308641888201237
gxBQ_window_00_frame_0 pair 95 [6, 5] combined 10240 players 2404 retained 256 seconds 0.14962339913472533
gxBQ_window_00_frame_0 pair 96 [6, 7] combined 7520 players 1250 retained 256 seconds 0.08641237812116742
gxBQ_window_00_frame_0 pair 97 [6, 8] combined 876 players 0 retained 0 seconds 0.010835041292011738
gxBQ_window_00_frame_0 pair 100 [6, 11] combined 0 players 0 retained 0 seconds 0.0054000127129256725
gxBQ_window_00_frame_0 pair 101 [6, 12] combined 0 players 0 retained 0 seconds 0.004064989276230335
gxBQ_window_00_frame_0 pair 102 [6, 13] combined 10240 players 3080 retained 256 seconds 0.22485811496153474
gxBQ_window_00_frame_0 pair 103 [6, 14] combined 10240 players 3078 retained 256 seconds 0.19596562488004565
gxBQ_window_00_frame_0 pair 104 [6, 15] combined 9216 players 2494 retained 256 seconds 0.17275933409109712
gxBQ_window_00_frame_0 pair 106 [7, 1] combined 119460 players 53134 retained 256 seconds 1.2235007141716778
gxBQ_window_00_frame_0 pair 108 [7, 3] combined 5360 players 1148 retained 256 seconds 0.08884907001629472
gxBQ_window_00_frame_0 pair 111 [7, 6] combined 11256 players 4942 retained 256 seconds 0.16294864425435662
gxBQ_window_00_frame_0 pair 112 [7, 8] combined 16864 players 4024 retained 256 seconds 0.15123477717861533
gxBQ_window_00_frame_0 pair 113 [7, 9] combined 89804 players 40792 retained 256 seconds 1.3266730438917875
gxBQ_window_00_frame_0 pair 115 [7, 11] combined 30720 players 740 retained 256 seconds 0.12447828520089388
gxBQ_window_00_frame_0 pair 120 [8, 0] combined 20480 players 8342 retained 256 seconds 0.3303452502004802
gxBQ_window_00_frame_0 pair 121 [8, 1] combined 15360 players 184 retained 92 seconds 0.05887779779732227
gxBQ_window_00_frame_0 pair 122 [8, 2] combined 15540 players 5486 retained 256 seconds 0.18111116997897625
gxBQ_window_00_frame_0 pair 125 [8, 5] combined 20480 players 5970 retained 256 seconds 0.243860790040344
gxBQ_window_00_frame_0 pair 126 [8, 6] combined 1288 players 0 retained 0 seconds 0.011999140959233046
gxBQ_window_00_frame_0 pair 127 [8, 7] combined 20480 players 5526 retained 256 seconds 0.19687642809003592
gxBQ_window_00_frame_0 pair 128 [8, 9] combined 16384 players 64 retained 30 seconds 0.0586050390265882
gxBQ_window_00_frame_0 pair 129 [8, 10] combined 0 players 0 retained 0 seconds 0.007952229585498571
gxBQ_window_00_frame_0 pair 132 [8, 13] combined 20480 players 8074 retained 256 seconds 0.3502837410196662
gxBQ_window_00_frame_0 pair 133 [8, 14] combined 20480 players 7250 retained 256 seconds 0.30730809504166245
gxBQ_window_00_frame_0 pair 134 [8, 15] combined 20480 players 7618 retained 256 seconds 0.29414782766252756
gxBQ_window_00_frame_0 pair 135 [9, 0] combined 134144 players 26184 retained 256 seconds 0.8831964950077236
gxBQ_window_00_frame_0 pair 137 [9, 2] combined 142336 players 52778 retained 256 seconds 1.3655284871347249
gxBQ_window_00_frame_0 pair 138 [9, 3] combined 2328 players 24 retained 12 seconds 0.038284228183329105
gxBQ_window_00_frame_0 pair 139 [9, 4] combined 2448 players 0 retained 0 seconds 0.019862323068082333
gxBQ_window_00_frame_0 pair 140 [9, 5] combined 133120 players 21556 retained 256 seconds 0.7902230410836637
gxBQ_window_00_frame_0 pair 142 [9, 7] combined 101672 players 8924 retained 256 seconds 0.41048419615253806
gxBQ_window_00_frame_0 pair 143 [9, 8] combined 28944 players 70 retained 34 seconds 0.08017203398048878
gxBQ_window_00_frame_0 pair 145 [9, 11] combined 9900 players 238 retained 108 seconds 0.05485113989561796
gxBQ_window_00_frame_0 pair 147 [9, 13] combined 138240 players 44496 retained 256 seconds 1.5846711490303278
gxBQ_window_00_frame_0 pair 148 [9, 14] combined 135168 players 25444 retained 256 seconds 0.8726304830051959
gxBQ_window_00_frame_0 pair 149 [9, 15] combined 138240 players 29432 retained 256 seconds 0.9812203729525208
gxBQ_window_00_frame_0 pair 150 [10, 0] combined 0 players 0 retained 0 seconds 0.11339204106479883
gxBQ_window_00_frame_0 pair 152 [10, 2] combined 0 players 0 retained 0 seconds 0.020634178072214127
gxBQ_window_00_frame_0 pair 153 [10, 3] combined 0 players 0 retained 0 seconds 0.0038180300034582615
gxBQ_window_00_frame_0 pair 155 [10, 5] combined 0 players 0 retained 0 seconds 0.06068516010418534
gxBQ_window_00_frame_0 pair 158 [10, 8] combined 0 players 0 retained 0 seconds 0.006258928216993809
gxBQ_window_00_frame_0 pair 160 [10, 11] combined 0 players 0 retained 0 seconds 0.0040405141189694405
gxBQ_window_00_frame_0 pair 162 [10, 13] combined 1024 players 0 retained 0 seconds 0.12805220996960998
gxBQ_window_00_frame_0 pair 163 [10, 14] combined 1024 players 0 retained 0 seconds 0.09301916463300586
gxBQ_window_00_frame_0 pair 164 [10, 15] combined 0 players 0 retained 0 seconds 0.07409456511959434
gxBQ_window_00_frame_0 pair 166 [11, 1] combined 16008 players 0 retained 0 seconds 0.03966862102970481
gxBQ_window_00_frame_0 pair 171 [11, 6] combined 192 players 0 retained 0 seconds 0.004938285332173109
gxBQ_window_00_frame_0 pair 172 [11, 7] combined 13312 players 398 retained 184 seconds 0.07312808930873871
gxBQ_window_00_frame_0 pair 174 [11, 9] combined 13716 players 0 retained 0 seconds 0.03618547786027193
gxBQ_window_00_frame_0 pair 175 [11, 10] combined 0 players 0 retained 0 seconds 0.004450829699635506
gxBQ_window_00_frame_0 pair 180 [12, 0] combined 0 players 0 retained 0 seconds 0.11144109396263957
gxBQ_window_00_frame_0 pair 182 [12, 2] combined 0 players 0 retained 0 seconds 0.01938729966059327
gxBQ_window_00_frame_0 pair 185 [12, 5] combined 0 players 0 retained 0 seconds 0.06875083409249783
gxBQ_window_00_frame_0 pair 186 [12, 6] combined 0 players 0 retained 0 seconds 0.004030702169984579
gxBQ_window_00_frame_0 pair 192 [12, 13] combined 0 players 0 retained 0 seconds 0.12508412823081017
gxBQ_window_00_frame_0 pair 193 [12, 14] combined 0 players 0 retained 0 seconds 0.0983979539014399
gxBQ_window_00_frame_0 pair 194 [12, 15] combined 0 players 0 retained 0 seconds 0.08806916605681181
gxBQ_window_00_frame_0 pair 196 [13, 1] combined 197632 players 83788 retained 256 seconds 2.214275266043842
gxBQ_window_00_frame_0 pair 198 [13, 3] combined 10240 players 4160 retained 256 seconds 0.28789609717205167
gxBQ_window_00_frame_0 pair 199 [13, 4] combined 0 players 0 retained 0 seconds 0.16466218931600451
gxBQ_window_00_frame_0 pair 201 [13, 6] combined 16384 players 6462 retained 256 seconds 0.3189169247634709
gxBQ_window_00_frame_0 pair 203 [13, 8] combined 34816 players 12400 retained 256 seconds 0.4829484452493489
gxBQ_window_00_frame_0 pair 204 [13, 9] combined 159744 players 65254 retained 256 seconds 2.0547184431925416
gxBQ_window_00_frame_0 pair 205 [13, 10] combined 7168 players 0 retained 0 seconds 0.15870566479861736
gxBQ_window_00_frame_0 pair 207 [13, 12] combined 0 players 0 retained 0 seconds 0.1452252701856196
gxBQ_window_00_frame_0 pair 211 [14, 1] combined 203776 players 85940 retained 256 seconds 2.1520743002183735
gxBQ_window_00_frame_0 pair 213 [14, 3] combined 10240 players 4214 retained 256 seconds 0.26137500489130616
gxBQ_window_00_frame_0 pair 214 [14, 4] combined 0 players 0 retained 0 seconds 0.128035269677639
gxBQ_window_00_frame_0 pair 216 [14, 6] combined 16384 players 6786 retained 256 seconds 0.3008152851834893
gxBQ_window_00_frame_0 pair 218 [14, 8] combined 34816 players 12092 retained 256 seconds 0.4385490179993212
gxBQ_window_00_frame_0 pair 219 [14, 9] combined 153600 players 64618 retained 256 seconds 1.6843320839107037
gxBQ_window_00_frame_0 pair 220 [14, 10] combined 10240 players 0 retained 0 seconds 0.13217208720743656
gxBQ_window_00_frame_0 pair 222 [14, 12] combined 0 players 0 retained 0 seconds 0.11671997886151075
gxBQ_window_00_frame_0 pair 226 [15, 1] combined 200704 players 82420 retained 256 seconds 2.0807988047599792
gxBQ_window_00_frame_0 pair 228 [15, 3] combined 10240 players 3786 retained 256 seconds 0.23061680886894464
gxBQ_window_00_frame_0 pair 229 [15, 4] combined 0 players 0 retained 0 seconds 0.107582604046911
gxBQ_window_00_frame_0 pair 231 [15, 6] combined 14336 players 5930 retained 256 seconds 0.2873907280154526
gxBQ_window_00_frame_0 pair 233 [15, 8] combined 34816 players 11806 retained 256 seconds 0.7282857289537787
gxBQ_window_00_frame_0 pair 234 [15, 9] combined 159744 players 63222 retained 256 seconds 1.6232826290652156
gxBQ_window_00_frame_0 pair 235 [15, 10] combined 14336 players 0 retained 0 seconds 0.13512583496049047
gxBQ_window_00_frame_0 pair 237 [15, 12] combined 0 players 0 retained 0 seconds 0.09689380880445242
[gxBQ_window_00_frame_0] line-template: preparing rectangles
[gxBQ_window_00_frame_0] measuring 768 parents (G0=256, G1=256, line_template=256; conflicting geometry groups=0)
[gxBQ_window_00_frame_0] parents 250/768
[gxBQ_window_00_frame_0] parents 500/768
[gxBQ_window_00_frame_0] parents 750/768
[gxBQ_window_00_frame_0] refitting 768 parents
[gxBQ_window_00_frame_0] refits 250/768; valid children=241
[gxBQ_window_00_frame_0] refits 500/768; valid children=466
[gxBQ_window_00_frame_0] refits 750/768; valid children=697
{"view_id": "gxBQ_window_00_frame_0", "chosen_key": "G0:22:5046/child", "no_court_reason": null, "all_checks_equal": null, "error": null}
{"views": ["gxBQ_window_00_frame_0"], "startup_seconds": 0.02860484505072236, "wall_seconds": 446.6820527408272, "peak_rss_mb": 2093.4140625, "failed": []}
