decoded <remote>/paint_geometry_20260909/gx_extension/videos/gxBQ_HwdgN4.mp4 to frame 185 in 1s
gxBQ_window_00_frame_5 pair 0 [0, 1] combined 262144 players 61034 retained 256 seconds 5.111511248163879
gxBQ_window_00_frame_5 pair 2 [0, 3] combined 262144 players 83224 retained 256 seconds 5.8580816658213735
gxBQ_window_00_frame_5 pair 4 [0, 5] combined 87040 players 25588 retained 256 seconds 4.183612325228751
gxBQ_window_00_frame_5 pair 6 [0, 7] combined 199680 players 30162 retained 256 seconds 3.523625821340829
gxBQ_window_00_frame_5 pair 7 [0, 8] combined 35840 players 8074 retained 256 seconds 2.3952110819518566
gxBQ_window_00_frame_5 pair 9 [0, 10] combined 29696 players 12064 retained 256 seconds 3.375696609262377
gxBQ_window_00_frame_5 pair 10 [0, 11] combined 262144 players 22982 retained 256 seconds 4.008028564043343
gxBQ_window_00_frame_5 pair 15 [1, 0] combined 262144 players 50320 retained 256 seconds 5.387572839856148
gxBQ_window_00_frame_5 pair 16 [1, 2] combined 262144 players 78012 retained 256 seconds 4.341935364063829
gxBQ_window_00_frame_5 pair 17 [1, 3] combined 262144 players 4598 retained 256 seconds 1.0897048148326576
gxBQ_window_00_frame_5 pair 18 [1, 4] combined 262144 players 88650 retained 256 seconds 4.302233995869756
gxBQ_window_00_frame_5 pair 19 [1, 5] combined 155648 players 7900 retained 256 seconds 0.9039249010384083
gxBQ_window_00_frame_5 pair 20 [1, 6] combined 262144 players 23954 retained 256 seconds 1.6406791810877621
gxBQ_window_00_frame_5 pair 24 [1, 10] combined 40960 players 466 retained 229 seconds 0.2807847079820931
gxBQ_window_00_frame_5 pair 25 [1, 11] combined 262144 players 3588 retained 256 seconds 1.0286282338202
gxBQ_window_00_frame_5 pair 26 [1, 12] combined 262144 players 54304 retained 256 seconds 5.487980269361287
gxBQ_window_00_frame_5 pair 27 [1, 13] combined 262144 players 75402 retained 256 seconds 6.120472165755928
gxBQ_window_00_frame_5 pair 28 [1, 14] combined 262144 players 68056 retained 256 seconds 5.9578191679902375
gxBQ_window_00_frame_5 pair 29 [1, 15] combined 262144 players 82628 retained 256 seconds 5.849929081276059
gxBQ_window_00_frame_5 pair 31 [2, 1] combined 262144 players 90850 retained 256 seconds 4.48175496282056
gxBQ_window_00_frame_5 pair 32 [2, 3] combined 262144 players 80176 retained 256 seconds 3.9980569928884506
gxBQ_window_00_frame_5 pair 34 [2, 5] combined 90112 players 33602 retained 256 seconds 2.404724081978202
gxBQ_window_00_frame_5 pair 36 [2, 7] combined 200704 players 47630 retained 256 seconds 2.926660330966115
gxBQ_window_00_frame_5 pair 37 [2, 8] combined 49152 players 9798 retained 256 seconds 1.1245162012055516
gxBQ_window_00_frame_5 pair 39 [2, 10] combined 23552 players 10582 retained 256 seconds 1.405981897842139
gxBQ_window_00_frame_5 pair 40 [2, 11] combined 262144 players 43288 retained 256 seconds 3.0204178551211953
gxBQ_window_00_frame_5 pair 45 [3, 0] combined 262144 players 79308 retained 256 seconds 6.122297927737236
gxBQ_window_00_frame_5 pair 46 [3, 1] combined 262144 players 2968 retained 256 seconds 1.0270743216387928
gxBQ_window_00_frame_5 pair 47 [3, 2] combined 262144 players 94000 retained 256 seconds 4.981637211050838
gxBQ_window_00_frame_5 pair 48 [3, 4] combined 262144 players 76828 retained 256 seconds 3.7660559969954193
gxBQ_window_00_frame_5 pair 51 [3, 7] combined 212992 players 4786 retained 256 seconds 0.8733682660385966
gxBQ_window_00_frame_5 pair 53 [3, 9] combined 168960 players 17686 retained 256 seconds 1.2450179401785135
gxBQ_window_00_frame_5 pair 56 [3, 12] combined 262144 players 75472 retained 256 seconds 5.897382793016732
gxBQ_window_00_frame_5 pair 57 [3, 13] combined 262144 players 84966 retained 256 seconds 6.180674612056464
gxBQ_window_00_frame_5 pair 58 [3, 14] combined 262144 players 77038 retained 256 seconds 6.186974758282304
gxBQ_window_00_frame_5 pair 59 [3, 15] combined 262144 players 96676 retained 256 seconds 6.089482668787241
gxBQ_window_00_frame_5 pair 61 [4, 1] combined 262144 players 34748 retained 256 seconds 2.444790547247976
gxBQ_window_00_frame_5 pair 63 [4, 3] combined 262144 players 83788 retained 256 seconds 4.105188185349107
gxBQ_window_00_frame_5 pair 64 [4, 5] combined 100352 players 39374 retained 256 seconds 2.1467744312249124
gxBQ_window_00_frame_5 pair 66 [4, 7] combined 200704 players 15970 retained 256 seconds 1.5167069276794791
gxBQ_window_00_frame_5 pair 67 [4, 8] combined 38912 players 488 retained 240 seconds 0.5393970520235598
gxBQ_window_00_frame_5 pair 69 [4, 10] combined 26624 players 13004 retained 256 seconds 1.1760396673344076
gxBQ_window_00_frame_5 pair 70 [4, 11] combined 262144 players 72292 retained 256 seconds 3.5961050600744784
gxBQ_window_00_frame_5 pair 75 [5, 0] combined 44032 players 12510 retained 256 seconds 2.730529631022364
gxBQ_window_00_frame_5 pair 76 [5, 1] combined 23552 players 6004 retained 256 seconds 0.5284933620132506
gxBQ_window_00_frame_5 pair 77 [5, 2] combined 45056 players 13306 retained 256 seconds 1.328447517938912
gxBQ_window_00_frame_5 pair 79 [5, 4] combined 44032 players 11930 retained 256 seconds 0.9721819530241191
gxBQ_window_00_frame_5 pair 81 [5, 7] combined 48608 players 3230 retained 256 seconds 0.3086554678156972
gxBQ_window_00_frame_5 pair 82 [5, 8] combined 4480 players 664 retained 256 seconds 0.09947424801066518
gxBQ_window_00_frame_5 pair 83 [5, 9] combined 42400 players 5768 retained 256 seconds 0.40889139333739877
gxBQ_window_00_frame_5 pair 86 [5, 12] combined 46080 players 11640 retained 256 seconds 2.9630790022201836
gxBQ_window_00_frame_5 pair 87 [5, 13] combined 44032 players 12788 retained 256 seconds 2.989089834038168
gxBQ_window_00_frame_5 pair 88 [5, 14] combined 44032 players 11482 retained 256 seconds 3.153588736895472
gxBQ_window_00_frame_5 pair 89 [5, 15] combined 45056 players 13746 retained 256 seconds 2.50647139782086
gxBQ_window_00_frame_5 pair 91 [6, 1] combined 262144 players 26052 retained 256 seconds 1.7079911981709301
gxBQ_window_00_frame_5 pair 105 [7, 0] combined 94208 players 11424 retained 256 seconds 3.2995251580141485
gxBQ_window_00_frame_5 pair 107 [7, 2] combined 96256 players 852 retained 256 seconds 1.0737969260662794
gxBQ_window_00_frame_5 pair 108 [7, 3] combined 168960 players 4034 retained 256 seconds 0.7033255160786211
gxBQ_window_00_frame_5 pair 109 [7, 4] combined 98304 players 4820 retained 256 seconds 0.9623073288239539
gxBQ_window_00_frame_5 pair 110 [7, 5] combined 111936 players 3012 retained 256 seconds 0.47327518416568637
gxBQ_window_00_frame_5 pair 114 [7, 10] combined 38272 players 370 retained 187 seconds 0.17710353899747133
gxBQ_window_00_frame_5 pair 116 [7, 12] combined 95232 players 7294 retained 256 seconds 3.2520512249320745
gxBQ_window_00_frame_5 pair 117 [7, 13] combined 96256 players 9886 retained 256 seconds 3.5949960253201425
gxBQ_window_00_frame_5 pair 118 [7, 14] combined 97280 players 7212 retained 256 seconds 3.326586331706494
gxBQ_window_00_frame_5 pair 119 [7, 15] combined 95232 players 3490 retained 256 seconds 2.5621571210213006
gxBQ_window_00_frame_5 pair 120 [8, 0] combined 2048 players 56 retained 28 seconds 2.53399055916816
gxBQ_window_00_frame_5 pair 122 [8, 2] combined 2048 players 156 retained 70 seconds 0.7643192368559539
gxBQ_window_00_frame_5 pair 124 [8, 4] combined 2048 players 84 retained 38 seconds 0.4877778082154691
gxBQ_window_00_frame_5 pair 125 [8, 5] combined 15900 players 1446 retained 256 seconds 0.158130400814116
gxBQ_window_00_frame_5 pair 129 [8, 10] combined 4284 players 60 retained 30 seconds 0.05378078669309616
gxBQ_window_00_frame_5 pair 131 [8, 12] combined 2048 players 132 retained 60 seconds 2.486376796849072
gxBQ_window_00_frame_5 pair 132 [8, 13] combined 2048 players 96 retained 48 seconds 2.776270965114236
gxBQ_window_00_frame_5 pair 133 [8, 14] combined 2048 players 104 retained 52 seconds 2.7002951367758214
gxBQ_window_00_frame_5 pair 134 [8, 15] combined 2048 players 60 retained 30 seconds 2.0891816448420286
gxBQ_window_00_frame_5 pair 138 [9, 3] combined 91136 players 26270 retained 256 seconds 1.2575976098887622
gxBQ_window_00_frame_5 pair 140 [9, 5] combined 60976 players 21298 retained 256 seconds 0.9390246858820319
gxBQ_window_00_frame_5 pair 144 [9, 10] combined 11676 players 5026 retained 256 seconds 0.28883750503882766
gxBQ_window_00_frame_5 pair 150 [10, 0] combined 19456 players 5076 retained 256 seconds 2.5930633419193327
gxBQ_window_00_frame_5 pair 151 [10, 1] combined 13312 players 1268 retained 256 seconds 0.35884294705465436
gxBQ_window_00_frame_5 pair 152 [10, 2] combined 16384 players 3914 retained 256 seconds 0.817606694996357
gxBQ_window_00_frame_5 pair 154 [10, 4] combined 18432 players 2772 retained 256 seconds 0.5586687177419662
gxBQ_window_00_frame_5 pair 157 [10, 7] combined 18396 players 412 retained 205 seconds 0.12844928121194243
gxBQ_window_00_frame_5 pair 158 [10, 8] combined 1476 players 48 retained 24 seconds 0.04368249420076609
gxBQ_window_00_frame_5 pair 159 [10, 9] combined 25800 players 2344 retained 256 seconds 0.23694097809493542
gxBQ_window_00_frame_5 pair 161 [10, 12] combined 17408 players 3588 retained 256 seconds 2.480188555084169
gxBQ_window_00_frame_5 pair 162 [10, 13] combined 15360 players 3486 retained 256 seconds 2.5423420257866383
gxBQ_window_00_frame_5 pair 163 [10, 14] combined 16384 players 3718 retained 256 seconds 2.4327813661657274
gxBQ_window_00_frame_5 pair 164 [10, 15] combined 15360 players 4062 retained 256 seconds 2.115528811700642
gxBQ_window_00_frame_5 pair 165 [11, 0] combined 262144 players 22522 retained 256 seconds 4.036598746664822
gxBQ_window_00_frame_5 pair 166 [11, 1] combined 262144 players 822 retained 256 seconds 0.9505234160460532
gxBQ_window_00_frame_5 pair 167 [11, 2] combined 262144 players 41814 retained 256 seconds 3.049539322964847
gxBQ_window_00_frame_5 pair 169 [11, 4] combined 262144 players 56096 retained 256 seconds 3.3051286237314343
gxBQ_window_00_frame_5 pair 176 [11, 12] combined 262144 players 20836 retained 256 seconds 4.151896216906607
gxBQ_window_00_frame_5 pair 177 [11, 13] combined 262144 players 31496 retained 256 seconds 4.247685850132257
gxBQ_window_00_frame_5 pair 178 [11, 14] combined 262144 players 29320 retained 256 seconds 4.421606370713562
gxBQ_window_00_frame_5 pair 179 [11, 15] combined 262144 players 18548 retained 256 seconds 3.548848948907107
gxBQ_window_00_frame_5 pair 181 [12, 1] combined 262144 players 84116 retained 256 seconds 5.519517621956766
gxBQ_window_00_frame_5 pair 183 [12, 3] combined 262144 players 86708 retained 256 seconds 6.046173149719834
gxBQ_window_00_frame_5 pair 185 [12, 5] combined 89088 players 26992 retained 256 seconds 4.209374621044844
gxBQ_window_00_frame_5 pair 187 [12, 7] combined 198656 players 59352 retained 256 seconds 4.357464401982725
gxBQ_window_00_frame_5 pair 188 [12, 8] combined 37888 players 11678 retained 256 seconds 2.456299471668899
gxBQ_window_00_frame_5 pair 190 [12, 10] combined 29696 players 11974 retained 256 seconds 3.652698270045221
gxBQ_window_00_frame_5 pair 191 [12, 11] combined 262144 players 26048 retained 256 seconds 3.9863405348733068
gxBQ_window_00_frame_5 pair 196 [13, 1] combined 262144 players 77616 retained 256 seconds 5.504024788737297
gxBQ_window_00_frame_5 pair 198 [13, 3] combined 262144 players 85988 retained 256 seconds 5.867582048289478
gxBQ_window_00_frame_5 pair 200 [13, 5] combined 91136 players 32796 retained 256 seconds 4.385172879323363
gxBQ_window_00_frame_5 pair 202 [13, 7] combined 200704 players 33700 retained 256 seconds 3.7316789594478905
gxBQ_window_00_frame_5 pair 203 [13, 8] combined 38912 players 7322 retained 256 seconds 2.5910744229331613
gxBQ_window_00_frame_5 pair 205 [13, 10] combined 23552 players 10546 retained 256 seconds 3.5728937634266913
gxBQ_window_00_frame_5 pair 206 [13, 11] combined 262144 players 46800 retained 256 seconds 4.805576446931809
gxBQ_window_00_frame_5 pair 211 [14, 1] combined 262144 players 75552 retained 256 seconds 5.535697125829756
gxBQ_window_00_frame_5 pair 213 [14, 3] combined 262144 players 86296 retained 256 seconds 6.34342835098505
gxBQ_window_00_frame_5 pair 215 [14, 5] combined 91136 players 28696 retained 256 seconds 4.281028540804982
gxBQ_window_00_frame_5 pair 217 [14, 7] combined 200704 players 50376 retained 256 seconds 4.349259105976671
gxBQ_window_00_frame_5 pair 218 [14, 8] combined 40960 players 8982 retained 256 seconds 2.5500990068539977
gxBQ_window_00_frame_5 pair 220 [14, 10] combined 26624 players 11200 retained 256 seconds 3.696837321855128
gxBQ_window_00_frame_5 pair 221 [14, 11] combined 262144 players 26034 retained 256 seconds 4.295312726870179
gxBQ_window_00_frame_5 pair 226 [15, 1] combined 262144 players 80914 retained 256 seconds 5.444435345940292
gxBQ_window_00_frame_5 pair 228 [15, 3] combined 262144 players 85946 retained 256 seconds 5.7321448107250035
gxBQ_window_00_frame_5 pair 230 [15, 5] combined 90112 players 32480 retained 256 seconds 3.821441831998527
gxBQ_window_00_frame_5 pair 232 [15, 7] combined 198656 players 37800 retained 256 seconds 3.374354823026806
gxBQ_window_00_frame_5 pair 233 [15, 8] combined 41984 players 7418 retained 256 seconds 1.9558972590602934
gxBQ_window_00_frame_5 pair 235 [15, 10] combined 25600 players 11112 retained 256 seconds 3.16052812198177
gxBQ_window_00_frame_5 pair 236 [15, 11] combined 262144 players 25374 retained 256 seconds 3.601161876693368
gxBQ_window_00_frame_5 pair 0 [0, 1] combined 106496 players 41142 retained 256 seconds 2.035134408157319
gxBQ_window_00_frame_5 pair 2 [0, 3] combined 37888 players 15960 retained 256 seconds 0.8837831630371511
gxBQ_window_00_frame_5 pair 4 [0, 5] combined 2048 players 960 retained 256 seconds 0.33795483224093914
gxBQ_window_00_frame_5 pair 6 [0, 7] combined 1024 players 416 retained 194 seconds 0.247372736223042
gxBQ_window_00_frame_5 pair 7 [0, 8] combined 0 players 0 retained 0 seconds 0.18345349095761776
gxBQ_window_00_frame_5 pair 9 [0, 10] combined 0 players 0 retained 0 seconds 0.24497817596420646
gxBQ_window_00_frame_5 pair 10 [0, 11] combined 17408 players 4364 retained 256 seconds 0.44738218700513244
gxBQ_window_00_frame_5 pair 15 [1, 0] combined 74752 players 15898 retained 256 seconds 1.0182840269990265
gxBQ_window_00_frame_5 pair 16 [1, 2] combined 64512 players 19872 retained 256 seconds 0.994762402959168
gxBQ_window_00_frame_5 pair 17 [1, 3] combined 7120 players 290 retained 145 seconds 0.09224137803539634
gxBQ_window_00_frame_5 pair 18 [1, 4] combined 61776 players 22872 retained 256 seconds 1.023173748049885
gxBQ_window_00_frame_5 pair 19 [1, 5] combined 236 players 0 retained 0 seconds 0.02506528003141284
gxBQ_window_00_frame_5 pair 20 [1, 6] combined 9108 players 518 retained 256 seconds 0.3733763168565929
gxBQ_window_00_frame_5 pair 24 [1, 10] combined 204 players 0 retained 0 seconds 0.02002641372382641
gxBQ_window_00_frame_5 pair 25 [1, 11] combined 5400 players 68 retained 32 seconds 0.06489814398810267
gxBQ_window_00_frame_5 pair 26 [1, 12] combined 69632 players 18040 retained 256 seconds 1.0679783411324024
gxBQ_window_00_frame_5 pair 27 [1, 13] combined 70656 players 21024 retained 256 seconds 1.1720626773312688
gxBQ_window_00_frame_5 pair 28 [1, 14] combined 68608 players 18072 retained 256 seconds 1.0972111760638654
gxBQ_window_00_frame_5 pair 29 [1, 15] combined 68608 players 21812 retained 256 seconds 1.1497229938395321
gxBQ_window_00_frame_5 pair 31 [2, 1] combined 104448 players 36290 retained 256 seconds 1.6071917680092156
gxBQ_window_00_frame_5 pair 32 [2, 3] combined 37888 players 12868 retained 256 seconds 0.6637953179888427
gxBQ_window_00_frame_5 pair 34 [2, 5] combined 2048 players 892 retained 256 seconds 0.16325447196140885
gxBQ_window_00_frame_5 pair 36 [2, 7] combined 1024 players 440 retained 218 seconds 0.11767860315740108
gxBQ_window_00_frame_5 pair 37 [2, 8] combined 0 players 0 retained 0 seconds 0.059643639251589775
gxBQ_window_00_frame_5 pair 39 [2, 10] combined 0 players 0 retained 0 seconds 0.07607937278226018
gxBQ_window_00_frame_5 pair 40 [2, 11] combined 17408 players 3334 retained 256 seconds 0.26460150768980384
gxBQ_window_00_frame_5 pair 45 [3, 0] combined 17408 players 5464 retained 256 seconds 0.45323469722643495
gxBQ_window_00_frame_5 pair 46 [3, 1] combined 8908 players 140 retained 65 seconds 0.08198680402711034
gxBQ_window_00_frame_5 pair 47 [3, 2] combined 17408 players 4992 retained 256 seconds 0.3121247850358486
gxBQ_window_00_frame_5 pair 48 [3, 4] combined 13984 players 3092 retained 256 seconds 0.21902961703017354
gxBQ_window_00_frame_5 pair 51 [3, 7] combined 176 players 22 retained 11 seconds 0.03535311110317707
gxBQ_window_00_frame_5 pair 53 [3, 9] combined 0 players 0 retained 0 seconds 0.008722425904124975
gxBQ_window_00_frame_5 pair 56 [3, 12] combined 17408 players 4738 retained 256 seconds 0.7181942099705338
gxBQ_window_00_frame_5 pair 57 [3, 13] combined 17408 players 5528 retained 256 seconds 0.4448142941109836
gxBQ_window_00_frame_5 pair 58 [3, 14] combined 17408 players 4604 retained 256 seconds 0.45716493483632803
gxBQ_window_00_frame_5 pair 59 [3, 15] combined 17408 players 5130 retained 256 seconds 0.3797822738997638
gxBQ_window_00_frame_5 pair 61 [4, 1] combined 75480 players 23312 retained 256 seconds 1.0518062650226057
gxBQ_window_00_frame_5 pair 63 [4, 3] combined 31680 players 10224 retained 256 seconds 0.5077130380086601
gxBQ_window_00_frame_5 pair 64 [4, 5] combined 2048 players 934 retained 256 seconds 0.12227949593216181
gxBQ_window_00_frame_5 pair 66 [4, 7] combined 520 players 182 retained 91 seconds 0.0680129760876298
gxBQ_window_00_frame_5 pair 67 [4, 8] combined 0 players 0 retained 0 seconds 0.028793868143111467
gxBQ_window_00_frame_5 pair 69 [4, 10] combined 0 players 0 retained 0 seconds 0.036506087984889746
gxBQ_window_00_frame_5 pair 70 [4, 11] combined 13736 players 3942 retained 256 seconds 0.2425100849941373
gxBQ_window_00_frame_5 pair 75 [5, 0] combined 0 players 0 retained 0 seconds 0.1636531320400536
gxBQ_window_00_frame_5 pair 76 [5, 1] combined 0 players 0 retained 0 seconds 0.019302873872220516
gxBQ_window_00_frame_5 pair 77 [5, 2] combined 0 players 0 retained 0 seconds 0.050268703140318394
gxBQ_window_00_frame_5 pair 79 [5, 4] combined 0 players 0 retained 0 seconds 0.025361656211316586
gxBQ_window_00_frame_5 pair 81 [5, 7] combined 0 players 0 retained 0 seconds 0.004231086932122707
gxBQ_window_00_frame_5 pair 82 [5, 8] combined 0 players 0 retained 0 seconds 0.002809302881360054
gxBQ_window_00_frame_5 pair 83 [5, 9] combined 0 players 0 retained 0 seconds 0.004309783224016428
gxBQ_window_00_frame_5 pair 86 [5, 12] combined 0 players 0 retained 0 seconds 0.18187650898471475
gxBQ_window_00_frame_5 pair 87 [5, 13] combined 0 players 0 retained 0 seconds 0.16131930518895388
gxBQ_window_00_frame_5 pair 88 [5, 14] combined 0 players 0 retained 0 seconds 0.19082836620509624
gxBQ_window_00_frame_5 pair 89 [5, 15] combined 0 players 0 retained 0 seconds 0.10583394207060337
gxBQ_window_00_frame_5 pair 91 [6, 1] combined 10488 players 592 retained 256 seconds 0.10887925792485476
gxBQ_window_00_frame_5 pair 105 [7, 0] combined 0 players 0 retained 0 seconds 0.1763987927697599
gxBQ_window_00_frame_5 pair 107 [7, 2] combined 0 players 0 retained 0 seconds 0.05334055423736572
gxBQ_window_00_frame_5 pair 108 [7, 3] combined 160 players 4 retained 2 seconds 0.031521127093583345
gxBQ_window_00_frame_5 pair 109 [7, 4] combined 0 players 0 retained 0 seconds 0.0277780843898654
gxBQ_window_00_frame_5 pair 110 [7, 5] combined 12 players 0 retained 0 seconds 0.004574103280901909
gxBQ_window_00_frame_5 pair 114 [7, 10] combined 0 players 0 retained 0 seconds 0.004111018963158131
gxBQ_window_00_frame_5 pair 116 [7, 12] combined 0 players 0 retained 0 seconds 0.19030185928568244
gxBQ_window_00_frame_5 pair 117 [7, 13] combined 0 players 0 retained 0 seconds 0.16967396112158895
gxBQ_window_00_frame_5 pair 118 [7, 14] combined 0 players 0 retained 0 seconds 0.21022405615076423
gxBQ_window_00_frame_5 pair 119 [7, 15] combined 0 players 0 retained 0 seconds 0.11382453935220838
gxBQ_window_00_frame_5 pair 120 [8, 0] combined 0 players 0 retained 0 seconds 0.1756345578469336
gxBQ_window_00_frame_5 pair 122 [8, 2] combined 0 players 0 retained 0 seconds 0.05223869113251567
gxBQ_window_00_frame_5 pair 124 [8, 4] combined 0 players 0 retained 0 seconds 0.027145671658217907
gxBQ_window_00_frame_5 pair 125 [8, 5] combined 0 players 0 retained 0 seconds 0.0031483788043260574
gxBQ_window_00_frame_5 pair 129 [8, 10] combined 0 players 0 retained 0 seconds 0.0035418588668107986
gxBQ_window_00_frame_5 pair 131 [8, 12] combined 0 players 0 retained 0 seconds 0.19122190587222576
gxBQ_window_00_frame_5 pair 132 [8, 13] combined 0 players 0 retained 0 seconds 0.16872917395085096
gxBQ_window_00_frame_5 pair 133 [8, 14] combined 0 players 0 retained 0 seconds 0.2024608259089291
gxBQ_window_00_frame_5 pair 134 [8, 15] combined 0 players 0 retained 0 seconds 0.11148319998756051
gxBQ_window_00_frame_5 pair 138 [9, 3] combined 0 players 0 retained 0 seconds 0.008388601709157228
gxBQ_window_00_frame_5 pair 140 [9, 5] combined 0 players 0 retained 0 seconds 0.005036612972617149
gxBQ_window_00_frame_5 pair 144 [9, 10] combined 0 players 0 retained 0 seconds 0.004718811251223087
gxBQ_window_00_frame_5 pair 150 [10, 0] combined 0 players 0 retained 0 seconds 0.1671313550323248
gxBQ_window_00_frame_5 pair 151 [10, 1] combined 0 players 0 retained 0 seconds 0.019206793047487736
gxBQ_window_00_frame_5 pair 152 [10, 2] combined 0 players 0 retained 0 seconds 0.05045685917139053
gxBQ_window_00_frame_5 pair 154 [10, 4] combined 780 players 294 retained 146 seconds 0.0693643712438643
gxBQ_window_00_frame_5 pair 157 [10, 7] combined 0 players 0 retained 0 seconds 0.00420712074264884
gxBQ_window_00_frame_5 pair 158 [10, 8] combined 0 players 0 retained 0 seconds 0.003203890286386013
gxBQ_window_00_frame_5 pair 159 [10, 9] combined 0 players 0 retained 0 seconds 0.004005475901067257
gxBQ_window_00_frame_5 pair 161 [10, 12] combined 0 players 0 retained 0 seconds 0.18055805703625083
gxBQ_window_00_frame_5 pair 162 [10, 13] combined 0 players 0 retained 0 seconds 0.16070289025083184
gxBQ_window_00_frame_5 pair 163 [10, 14] combined 0 players 0 retained 0 seconds 0.19309927197173238
gxBQ_window_00_frame_5 pair 164 [10, 15] combined 0 players 0 retained 0 seconds 0.10251461528241634
gxBQ_window_00_frame_5 pair 165 [11, 0] combined 19456 players 4334 retained 256 seconds 0.40384986996650696
gxBQ_window_00_frame_5 pair 166 [11, 1] combined 10240 players 138 retained 63 seconds 0.07837359234690666
gxBQ_window_00_frame_5 pair 167 [11, 2] combined 20480 players 3884 retained 256 seconds 0.27530350303277373
gxBQ_window_00_frame_5 pair 169 [11, 4] combined 15540 players 3152 retained 256 seconds 0.21610033372417092
gxBQ_window_00_frame_5 pair 176 [11, 12] combined 19456 players 3928 retained 256 seconds 0.40013061184436083
gxBQ_window_00_frame_5 pair 177 [11, 13] combined 19456 players 4908 retained 256 seconds 0.4200103832408786
gxBQ_window_00_frame_5 pair 178 [11, 14] combined 19456 players 3988 retained 256 seconds 0.41829442931339145
gxBQ_window_00_frame_5 pair 179 [11, 15] combined 19456 players 3784 retained 256 seconds 0.32510959124192595
gxBQ_window_00_frame_5 pair 181 [12, 1] combined 104448 players 40990 retained 256 seconds 2.199401455000043
gxBQ_window_00_frame_5 pair 183 [12, 3] combined 37888 players 15846 retained 256 seconds 0.9000555360689759
gxBQ_window_00_frame_5 pair 185 [12, 5] combined 2048 players 972 retained 256 seconds 0.3373788148164749
gxBQ_window_00_frame_5 pair 187 [12, 7] combined 1024 players 440 retained 201 seconds 0.2552575571462512
gxBQ_window_00_frame_5 pair 188 [12, 8] combined 0 players 0 retained 0 seconds 0.19584288308396935
gxBQ_window_00_frame_5 pair 190 [12, 10] combined 0 players 0 retained 0 seconds 0.24748468399047852
gxBQ_window_00_frame_5 pair 191 [12, 11] combined 17408 players 4454 retained 256 seconds 0.4522411711513996
gxBQ_window_00_frame_5 pair 196 [13, 1] combined 109568 players 43172 retained 256 seconds 2.015623571816832
gxBQ_window_00_frame_5 pair 198 [13, 3] combined 37888 players 14626 retained 256 seconds 0.8335606730543077
gxBQ_window_00_frame_5 pair 200 [13, 5] combined 2048 players 950 retained 256 seconds 0.3218443156220019
gxBQ_window_00_frame_5 pair 202 [13, 7] combined 1024 players 424 retained 200 seconds 0.23358808923512697
gxBQ_window_00_frame_5 pair 203 [13, 8] combined 0 players 0 retained 0 seconds 0.17835862888023257
gxBQ_window_00_frame_5 pair 205 [13, 10] combined 0 players 0 retained 0 seconds 0.22002874920144677
gxBQ_window_00_frame_5 pair 206 [13, 11] combined 17408 players 3866 retained 256 seconds 0.417683572974056
gxBQ_window_00_frame_5 pair 211 [14, 1] combined 110592 players 44424 retained 256 seconds 1.9357993877492845
gxBQ_window_00_frame_5 pair 213 [14, 3] combined 37888 players 15982 retained 256 seconds 0.8766385307535529
gxBQ_window_00_frame_5 pair 215 [14, 5] combined 2048 players 972 retained 256 seconds 0.37164859380573034
gxBQ_window_00_frame_5 pair 217 [14, 7] combined 1024 players 462 retained 214 seconds 0.28411391098052263
gxBQ_window_00_frame_5 pair 218 [14, 8] combined 0 players 0 retained 0 seconds 0.2160259671509266
gxBQ_window_00_frame_5 pair 220 [14, 10] combined 0 players 0 retained 0 seconds 0.2688986831344664
gxBQ_window_00_frame_5 pair 221 [14, 11] combined 17408 players 3970 retained 256 seconds 0.447578058578074
gxBQ_window_00_frame_5 pair 226 [15, 1] combined 104448 players 38784 retained 256 seconds 2.026216828264296
gxBQ_window_00_frame_5 pair 228 [15, 3] combined 37888 players 13340 retained 256 seconds 0.7338836803101003
gxBQ_window_00_frame_5 pair 230 [15, 5] combined 2048 players 894 retained 256 seconds 0.23863249877467752
gxBQ_window_00_frame_5 pair 232 [15, 7] combined 1024 players 338 retained 163 seconds 0.17077251197770238
gxBQ_window_00_frame_5 pair 233 [15, 8] combined 0 players 0 retained 0 seconds 0.11455289600417018
gxBQ_window_00_frame_5 pair 235 [15, 10] combined 0 players 0 retained 0 seconds 0.15430427994579077
gxBQ_window_00_frame_5 pair 236 [15, 11] combined 17408 players 3558 retained 256 seconds 0.3380591939203441
[gxBQ_window_00_frame_5] line-template: preparing rectangles
[gxBQ_window_00_frame_5] measuring 768 parents (G0=256, G1=256, line_template=256; conflicting geometry groups=0)
[gxBQ_window_00_frame_5] parents 250/768
[gxBQ_window_00_frame_5] parents 500/768
[gxBQ_window_00_frame_5] parents 750/768
[gxBQ_window_00_frame_5] refitting 768 parents
[gxBQ_window_00_frame_5] refits 250/768; valid children=224
[gxBQ_window_00_frame_5] refits 500/768; valid children=462
[gxBQ_window_00_frame_5] refits 750/768; valid children=656
{"view_id": "gxBQ_window_00_frame_5", "chosen_key": "line_template:rectangle_85795:template_72/child", "no_court_reason": null, "all_checks_equal": null, "error": null}
{"views": ["gxBQ_window_00_frame_5"], "startup_seconds": 0.029094320256263018, "wall_seconds": 502.24201052216813, "peak_rss_mb": 1785.08984375, "failed": []}
