decoded <remote>/player_guided_20260908/videos/Cb-xs5rPyxI_gameplay.mp4 to frame 90 in 0s
letterboxed_short_frame_78 pair 0 [0, 1] combined 222208 players 69848 retained 256 seconds 3.1296311300247908
letterboxed_short_frame_78 pair 1 [0, 2] combined 203776 players 88576 retained 256 seconds 3.818138537928462
letterboxed_short_frame_78 pair 2 [0, 3] combined 182272 players 0 retained 0 seconds 0.5927180419676006
letterboxed_short_frame_78 pair 3 [0, 4] combined 24576 players 12224 retained 256 seconds 0.5933564491569996
letterboxed_short_frame_78 pair 5 [0, 6] combined 25600 players 0 retained 0 seconds 0.18890682188794017
letterboxed_short_frame_78 pair 8 [0, 9] combined 1140 players 0 retained 0 seconds 0.06661322806030512
letterboxed_short_frame_78 pair 9 [0, 10] combined 7168 players 0 retained 0 seconds 0.09201185498386621
letterboxed_short_frame_78 pair 11 [0, 12] combined 2048 players 1004 retained 256 seconds 0.16937326174229383
letterboxed_short_frame_78 pair 12 [0, 13] combined 23552 players 228 retained 116 seconds 0.18259631423279643
letterboxed_short_frame_78 pair 13 [0, 14] combined 6144 players 234 retained 118 seconds 0.13086129073053598
letterboxed_short_frame_78 pair 14 [0, 15] combined 20480 players 304 retained 160 seconds 0.17454581102356315
letterboxed_short_frame_78 pair 15 [1, 0] combined 61440 players 18272 retained 256 seconds 0.9935301728546619
letterboxed_short_frame_78 pair 18 [1, 4] combined 5600 players 0 retained 0 seconds 0.05667341919615865
letterboxed_short_frame_78 pair 19 [1, 5] combined 2704 players 588 retained 256 seconds 0.12178828427568078
letterboxed_short_frame_78 pair 24 [1, 10] combined 1488 players 484 retained 229 seconds 0.11012981599196792
letterboxed_short_frame_78 pair 25 [1, 11] combined 1152 players 432 retained 216 seconds 0.11276886286213994
letterboxed_short_frame_78 pair 30 [2, 0] combined 105472 players 10450 retained 256 seconds 0.7600672841072083
letterboxed_short_frame_78 pair 32 [2, 3] combined 6248 players 224 retained 112 seconds 0.09899723483249545
letterboxed_short_frame_78 pair 34 [2, 5] combined 4068 players 452 retained 224 seconds 0.11277804197743535
letterboxed_short_frame_78 pair 35 [2, 6] combined 1716 players 0 retained 0 seconds 0.03446061769500375
letterboxed_short_frame_78 pair 36 [2, 7] combined 5520 players 0 retained 0 seconds 0.04638389078900218
letterboxed_short_frame_78 pair 38 [2, 9] combined 644 players 0 retained 0 seconds 0.029968844261020422
letterboxed_short_frame_78 pair 39 [2, 10] combined 1072 players 134 retained 67 seconds 0.07423703465610743
letterboxed_short_frame_78 pair 40 [2, 11] combined 2352 players 0 retained 0 seconds 0.03964133467525244
letterboxed_short_frame_78 pair 42 [2, 13] combined 108 players 18 retained 9 seconds 0.06429344695061445
letterboxed_short_frame_78 pair 45 [3, 0] combined 96256 players 1750 retained 256 seconds 0.44957471499219537
letterboxed_short_frame_78 pair 47 [3, 2] combined 20480 players 1320 retained 256 seconds 0.2440473372116685
letterboxed_short_frame_78 pair 55 [3, 11] combined 3024 players 0 retained 0 seconds 0.02127620531246066
letterboxed_short_frame_78 pair 60 [4, 0] combined 20480 players 2114 retained 256 seconds 0.25164673989638686
letterboxed_short_frame_78 pair 61 [4, 1] combined 0 players 0 retained 0 seconds 0.029466854874044657
letterboxed_short_frame_78 pair 67 [4, 8] combined 1332 players 0 retained 0 seconds 0.015542570035904646
letterboxed_short_frame_78 pair 70 [4, 11] combined 504 players 36 retained 18 seconds 0.04811364784836769
letterboxed_short_frame_78 pair 71 [4, 12] combined 440 players 22 retained 11 seconds 0.04762864112854004
letterboxed_short_frame_78 pair 72 [4, 13] combined 28 players 0 retained 0 seconds 0.010447748936712742
letterboxed_short_frame_78 pair 73 [4, 14] combined 0 players 0 retained 0 seconds 0.009380475152283907
letterboxed_short_frame_78 pair 74 [4, 15] combined 240 players 78 retained 39 seconds 0.0463292608037591
letterboxed_short_frame_78 pair 76 [5, 1] combined 1872 players 0 retained 0 seconds 0.04321320727467537
letterboxed_short_frame_78 pair 77 [5, 2] combined 1568 players 672 retained 256 seconds 0.11238769115880132
letterboxed_short_frame_78 pair 81 [5, 7] combined 0 players 0 retained 0 seconds 0.01023587305098772
letterboxed_short_frame_78 pair 82 [5, 8] combined 108 players 54 retained 27 seconds 0.0447686268016696
letterboxed_short_frame_78 pair 83 [5, 9] combined 0 players 0 retained 0 seconds 0.006651557981967926
letterboxed_short_frame_78 pair 90 [6, 0] combined 3072 players 6 retained 3 seconds 0.11046131700277328
letterboxed_short_frame_78 pair 92 [6, 2] combined 2048 players 212 retained 106 seconds 0.09009088994935155
letterboxed_short_frame_78 pair 100 [6, 11] combined 36 players 0 retained 0 seconds 0.008753512986004353
letterboxed_short_frame_78 pair 107 [7, 2] combined 6144 players 576 retained 256 seconds 0.12614191882312298
letterboxed_short_frame_78 pair 110 [7, 5] combined 2772 players 0 retained 0 seconds 0.01672840304672718
letterboxed_short_frame_78 pair 114 [7, 10] combined 360 players 0 retained 0 seconds 0.009572301991283894
letterboxed_short_frame_78 pair 116 [7, 12] combined 276 players 78 retained 32 seconds 0.04756957991048694
letterboxed_short_frame_78 pair 119 [7, 15] combined 0 players 0 retained 0 seconds 0.008186759892851114
letterboxed_short_frame_78 pair 124 [8, 4] combined 112 players 0 retained 0 seconds 0.010662459768354893
letterboxed_short_frame_78 pair 125 [8, 5] combined 480 players 32 retained 16 seconds 0.04409333411604166
letterboxed_short_frame_78 pair 129 [8, 10] combined 56 players 4 retained 2 seconds 0.041624830570071936
letterboxed_short_frame_78 pair 135 [9, 0] combined 0 players 0 retained 0 seconds 0.06925283232703805
letterboxed_short_frame_78 pair 137 [9, 2] combined 224 players 0 retained 0 seconds 0.017867099028080702
letterboxed_short_frame_78 pair 140 [9, 5] combined 0 players 0 retained 0 seconds 0.006671407725661993
letterboxed_short_frame_78 pair 145 [9, 11] combined 104 players 0 retained 0 seconds 0.006387648172676563
letterboxed_short_frame_78 pair 146 [9, 12] combined 0 players 0 retained 0 seconds 0.0060595800168812275
letterboxed_short_frame_78 pair 150 [10, 0] combined 0 players 0 retained 0 seconds 0.06753848912194371
letterboxed_short_frame_78 pair 151 [10, 1] combined 2048 players 0 retained 0 seconds 0.043000727891922
letterboxed_short_frame_78 pair 152 [10, 2] combined 0 players 0 retained 0 seconds 0.029216032940894365
letterboxed_short_frame_78 pair 157 [10, 7] combined 0 players 0 retained 0 seconds 0.00893152691423893
letterboxed_short_frame_78 pair 158 [10, 8] combined 40 players 0 retained 0 seconds 0.007654058281332254
letterboxed_short_frame_78 pair 160 [10, 11] combined 0 players 0 retained 0 seconds 0.006528952158987522
letterboxed_short_frame_78 pair 161 [10, 12] combined 0 players 0 retained 0 seconds 0.006999295670539141
letterboxed_short_frame_78 pair 166 [11, 1] combined 6832 players 2842 retained 256 seconds 0.21591747598722577
letterboxed_short_frame_78 pair 167 [11, 2] combined 2520 players 1098 retained 256 seconds 0.12734161410480738
letterboxed_short_frame_78 pair 168 [11, 3] combined 5152 players 0 retained 0 seconds 0.08924414496868849
letterboxed_short_frame_78 pair 169 [11, 4] combined 520 players 256 retained 128 seconds 0.06046517798677087
letterboxed_short_frame_78 pair 171 [11, 6] combined 968 players 0 retained 0 seconds 0.010799950920045376
letterboxed_short_frame_78 pair 174 [11, 9] combined 20 players 0 retained 0 seconds 0.00585437985137105
letterboxed_short_frame_78 pair 175 [11, 10] combined 56 players 0 retained 0 seconds 0.006524998228996992
letterboxed_short_frame_78 pair 176 [11, 12] combined 16 players 8 retained 4 seconds 0.04121988778933883
letterboxed_short_frame_78 pair 177 [11, 13] combined 288 players 0 retained 0 seconds 0.007555575110018253
letterboxed_short_frame_78 pair 178 [11, 14] combined 80 players 4 retained 2 seconds 0.04018669994547963
letterboxed_short_frame_78 pair 179 [11, 15] combined 192 players 24 retained 14 seconds 0.04123849608004093
letterboxed_short_frame_78 pair 180 [12, 0] combined 3072 players 370 retained 170 seconds 0.1369241620413959
letterboxed_short_frame_78 pair 184 [12, 4] combined 320 players 40 retained 20 seconds 0.04621344292536378
letterboxed_short_frame_78 pair 187 [12, 7] combined 1624 players 48 retained 18 seconds 0.051352825947105885
letterboxed_short_frame_78 pair 189 [12, 9] combined 180 players 0 retained 0 seconds 0.007565427105873823
letterboxed_short_frame_78 pair 190 [12, 10] combined 96 players 0 retained 0 seconds 0.007408975623548031
letterboxed_short_frame_78 pair 191 [12, 11] combined 128 players 24 retained 12 seconds 0.0426052026450634
letterboxed_short_frame_78 pair 195 [13, 0] combined 2048 players 160 retained 78 seconds 0.12765770172700286
letterboxed_short_frame_78 pair 197 [13, 2] combined 0 players 0 retained 0 seconds 0.03143085306510329
letterboxed_short_frame_78 pair 199 [13, 4] combined 0 players 0 retained 0 seconds 0.008954806253314018
letterboxed_short_frame_78 pair 206 [13, 11] combined 168 players 14 retained 7 seconds 0.040419976226985455
letterboxed_short_frame_78 pair 210 [14, 0] combined 2048 players 160 retained 78 seconds 0.12866730755195022
letterboxed_short_frame_78 pair 214 [14, 4] combined 0 players 0 retained 0 seconds 0.010272127110511065
letterboxed_short_frame_78 pair 221 [14, 11] combined 80 players 36 retained 18 seconds 0.04159350926056504
letterboxed_short_frame_78 pair 225 [15, 0] combined 0 players 0 retained 0 seconds 0.07871430274099112
letterboxed_short_frame_78 pair 229 [15, 4] combined 1400 players 140 retained 70 seconds 0.05365333007648587
letterboxed_short_frame_78 pair 232 [15, 7] combined 0 players 0 retained 0 seconds 0.008533741347491741
letterboxed_short_frame_78 pair 236 [15, 11] combined 0 players 0 retained 0 seconds 0.005132088903337717
letterboxed_short_frame_78 pair 0 [0, 1] combined 288 players 0 retained 0 seconds 0.01195114804431796
letterboxed_short_frame_78 pair 1 [0, 2] combined 0 players 0 retained 0 seconds 0.006607083138078451
letterboxed_short_frame_78 pair 2 [0, 3] combined 0 players 0 retained 0 seconds 0.004504180978983641
letterboxed_short_frame_78 pair 3 [0, 4] combined 0 players 0 retained 0 seconds 0.00391700305044651
letterboxed_short_frame_78 pair 5 [0, 6] combined 0 players 0 retained 0 seconds 0.004032406024634838
letterboxed_short_frame_78 pair 8 [0, 9] combined 0 players 0 retained 0 seconds 0.003514039795845747
letterboxed_short_frame_78 pair 9 [0, 10] combined 0 players 0 retained 0 seconds 0.0035887588746845722
letterboxed_short_frame_78 pair 11 [0, 12] combined 0 players 0 retained 0 seconds 0.0037256861105561256
letterboxed_short_frame_78 pair 12 [0, 13] combined 0 players 0 retained 0 seconds 0.003958560060709715
letterboxed_short_frame_78 pair 13 [0, 14] combined 0 players 0 retained 0 seconds 0.0035009970888495445
letterboxed_short_frame_78 pair 14 [0, 15] combined 0 players 0 retained 0 seconds 0.0029058153741061687
letterboxed_short_frame_78 pair 15 [1, 0] combined 56 players 8 retained 4 seconds 0.04367097793146968
letterboxed_short_frame_78 pair 18 [1, 4] combined 0 players 0 retained 0 seconds 0.009550978895276785
letterboxed_short_frame_78 pair 19 [1, 5] combined 0 players 0 retained 0 seconds 0.009830886032432318
letterboxed_short_frame_78 pair 24 [1, 10] combined 0 players 0 retained 0 seconds 0.009317582007497549
letterboxed_short_frame_78 pair 25 [1, 11] combined 0 players 0 retained 0 seconds 0.009919640142470598
letterboxed_short_frame_78 pair 30 [2, 0] combined 40 players 0 retained 0 seconds 0.006792627274990082
letterboxed_short_frame_78 pair 32 [2, 3] combined 0 players 0 retained 0 seconds 0.005633498076349497
letterboxed_short_frame_78 pair 34 [2, 5] combined 0 players 0 retained 0 seconds 0.005455139093101025
letterboxed_short_frame_78 pair 35 [2, 6] combined 0 players 0 retained 0 seconds 0.005410394165664911
letterboxed_short_frame_78 pair 36 [2, 7] combined 0 players 0 retained 0 seconds 0.005461020395159721
letterboxed_short_frame_78 pair 38 [2, 9] combined 0 players 0 retained 0 seconds 0.005047752056270838
letterboxed_short_frame_78 pair 39 [2, 10] combined 0 players 0 retained 0 seconds 0.005004674196243286
letterboxed_short_frame_78 pair 40 [2, 11] combined 0 players 0 retained 0 seconds 0.00566383171826601
letterboxed_short_frame_78 pair 42 [2, 13] combined 0 players 0 retained 0 seconds 0.005210419185459614
letterboxed_short_frame_78 pair 45 [3, 0] combined 32 players 8 retained 4 seconds 0.036654343362897635
letterboxed_short_frame_78 pair 47 [3, 2] combined 0 players 0 retained 0 seconds 0.005385807249695063
letterboxed_short_frame_78 pair 55 [3, 11] combined 0 players 0 retained 0 seconds 0.002907371148467064
letterboxed_short_frame_78 pair 60 [4, 0] combined 0 players 0 retained 0 seconds 0.003983258735388517
letterboxed_short_frame_78 pair 61 [4, 1] combined 0 players 0 retained 0 seconds 0.0073988670483231544
letterboxed_short_frame_78 pair 67 [4, 8] combined 0 players 0 retained 0 seconds 0.002894778735935688
letterboxed_short_frame_78 pair 70 [4, 11] combined 0 players 0 retained 0 seconds 0.002592364326119423
letterboxed_short_frame_78 pair 71 [4, 12] combined 0 players 0 retained 0 seconds 0.002283330075442791
letterboxed_short_frame_78 pair 72 [4, 13] combined 0 players 0 retained 0 seconds 0.002376750111579895
letterboxed_short_frame_78 pair 73 [4, 14] combined 0 players 0 retained 0 seconds 0.0020780088379979134
letterboxed_short_frame_78 pair 74 [4, 15] combined 0 players 0 retained 0 seconds 0.0026312009431421757
letterboxed_short_frame_78 pair 76 [5, 1] combined 0 players 0 retained 0 seconds 0.008486212696880102
letterboxed_short_frame_78 pair 77 [5, 2] combined 0 players 0 retained 0 seconds 0.004691985435783863
letterboxed_short_frame_78 pair 81 [5, 7] combined 0 players 0 retained 0 seconds 0.0020266310311853886
letterboxed_short_frame_78 pair 82 [5, 8] combined 0 players 0 retained 0 seconds 0.002393667120486498
letterboxed_short_frame_78 pair 83 [5, 9] combined 0 players 0 retained 0 seconds 0.0017662462778389454
letterboxed_short_frame_78 pair 90 [6, 0] combined 0 players 0 retained 0 seconds 0.0037212898023426533
letterboxed_short_frame_78 pair 92 [6, 2] combined 0 players 0 retained 0 seconds 0.005063041113317013
letterboxed_short_frame_78 pair 100 [6, 11] combined 0 players 0 retained 0 seconds 0.00246503297239542
letterboxed_short_frame_78 pair 107 [7, 2] combined 0 players 0 retained 0 seconds 0.005594346206635237
letterboxed_short_frame_78 pair 110 [7, 5] combined 0 players 0 retained 0 seconds 0.002281367778778076
letterboxed_short_frame_78 pair 114 [7, 10] combined 0 players 0 retained 0 seconds 0.0019243452697992325
letterboxed_short_frame_78 pair 116 [7, 12] combined 0 players 0 retained 0 seconds 0.0024633328430354595
letterboxed_short_frame_78 pair 119 [7, 15] combined 0 players 0 retained 0 seconds 0.002132465597242117
letterboxed_short_frame_78 pair 124 [8, 4] combined 0 players 0 retained 0 seconds 0.0031694239005446434
letterboxed_short_frame_78 pair 125 [8, 5] combined 0 players 0 retained 0 seconds 0.0026813321746885777
letterboxed_short_frame_78 pair 129 [8, 10] combined 0 players 0 retained 0 seconds 0.0026377299800515175
letterboxed_short_frame_78 pair 135 [9, 0] combined 0 players 0 retained 0 seconds 0.0031979111954569817
letterboxed_short_frame_78 pair 137 [9, 2] combined 0 players 0 retained 0 seconds 0.003698709886521101
letterboxed_short_frame_78 pair 140 [9, 5] combined 0 players 0 retained 0 seconds 0.0016456777229905128
letterboxed_short_frame_78 pair 145 [9, 11] combined 0 players 0 retained 0 seconds 0.0019636317156255245
letterboxed_short_frame_78 pair 146 [9, 12] combined 0 players 0 retained 0 seconds 0.00168674997985363
letterboxed_short_frame_78 pair 150 [10, 0] combined 0 players 0 retained 0 seconds 0.0031708506867289543
letterboxed_short_frame_78 pair 151 [10, 1] combined 0 players 0 retained 0 seconds 0.00832002842798829
letterboxed_short_frame_78 pair 152 [10, 2] combined 0 players 0 retained 0 seconds 0.004812962841242552
letterboxed_short_frame_78 pair 157 [10, 7] combined 0 players 0 retained 0 seconds 0.0020749932155013084
letterboxed_short_frame_78 pair 158 [10, 8] combined 0 players 0 retained 0 seconds 0.005809152033179998
letterboxed_short_frame_78 pair 160 [10, 11] combined 0 players 0 retained 0 seconds 0.0020629880018532276
letterboxed_short_frame_78 pair 161 [10, 12] combined 0 players 0 retained 0 seconds 0.0016670688055455685
letterboxed_short_frame_78 pair 166 [11, 1] combined 0 players 0 retained 0 seconds 0.009469424840062857
letterboxed_short_frame_78 pair 167 [11, 2] combined 0 players 0 retained 0 seconds 0.005108816083520651
letterboxed_short_frame_78 pair 168 [11, 3] combined 0 players 0 retained 0 seconds 0.0027756867930293083
letterboxed_short_frame_78 pair 169 [11, 4] combined 0 players 0 retained 0 seconds 0.002264083828777075
letterboxed_short_frame_78 pair 171 [11, 6] combined 0 players 0 retained 0 seconds 0.002537856809794903
letterboxed_short_frame_78 pair 174 [11, 9] combined 0 players 0 retained 0 seconds 0.0021342248655855656
letterboxed_short_frame_78 pair 175 [11, 10] combined 0 players 0 retained 0 seconds 0.002009178977459669
letterboxed_short_frame_78 pair 176 [11, 12] combined 0 players 0 retained 0 seconds 0.0020087691955268383
letterboxed_short_frame_78 pair 177 [11, 13] combined 0 players 0 retained 0 seconds 0.0024404111318290234
letterboxed_short_frame_78 pair 178 [11, 14] combined 0 players 0 retained 0 seconds 0.0020145983435213566
letterboxed_short_frame_78 pair 179 [11, 15] combined 0 players 0 retained 0 seconds 0.002003990113735199
letterboxed_short_frame_78 pair 180 [12, 0] combined 0 players 0 retained 0 seconds 0.0033267992548644543
letterboxed_short_frame_78 pair 184 [12, 4] combined 0 players 0 retained 0 seconds 0.0023388490080833435
letterboxed_short_frame_78 pair 187 [12, 7] combined 0 players 0 retained 0 seconds 0.0021633561700582504
letterboxed_short_frame_78 pair 189 [12, 9] combined 0 players 0 retained 0 seconds 0.001975816208869219
letterboxed_short_frame_78 pair 190 [12, 10] combined 0 players 0 retained 0 seconds 0.0019379500299692154
letterboxed_short_frame_78 pair 191 [12, 11] combined 0 players 0 retained 0 seconds 0.0023372401483356953
letterboxed_short_frame_78 pair 195 [13, 0] combined 0 players 0 retained 0 seconds 0.0036742091178894043
letterboxed_short_frame_78 pair 197 [13, 2] combined 0 players 0 retained 0 seconds 0.004785567056387663
letterboxed_short_frame_78 pair 199 [13, 4] combined 0 players 0 retained 0 seconds 0.002274210099130869
letterboxed_short_frame_78 pair 206 [13, 11] combined 0 players 0 retained 0 seconds 0.0024127308279275894
letterboxed_short_frame_78 pair 210 [14, 0] combined 0 players 0 retained 0 seconds 0.0035712681710720062
letterboxed_short_frame_78 pair 214 [14, 4] combined 0 players 0 retained 0 seconds 0.0019283536821603775
letterboxed_short_frame_78 pair 221 [14, 11] combined 0 players 0 retained 0 seconds 0.0019188369624316692
letterboxed_short_frame_78 pair 225 [15, 0] combined 0 players 0 retained 0 seconds 0.002953324932605028
letterboxed_short_frame_78 pair 229 [15, 4] combined 0 players 0 retained 0 seconds 0.0024249330163002014
letterboxed_short_frame_78 pair 232 [15, 7] combined 0 players 0 retained 0 seconds 0.002131619956344366
letterboxed_short_frame_78 pair 236 [15, 11] combined 0 players 0 retained 0 seconds 0.0019210400059819221
[letterboxed_short_frame_78] line-template: preparing rectangles
[letterboxed_short_frame_78] measuring 520 parents (G0=256, G1=8, line_template=256; conflicting geometry groups=0)
[letterboxed_short_frame_78] parents 250/520
[letterboxed_short_frame_78] parents 500/520
[letterboxed_short_frame_78] refitting 520 parents
[letterboxed_short_frame_78] refits 250/520; valid children=250
[letterboxed_short_frame_78] refits 500/520; valid children=484
{"view_id": "letterboxed_short_frame_78", "chosen_key": "G0:0:21/child", "no_court_reason": null, "all_checks_equal": null, "error": null}
{"views": ["letterboxed_short_frame_78"], "startup_seconds": 0.04357025492936373, "wall_seconds": 84.20110731618479, "peak_rss_mb": 408.06640625, "failed": []}
