decoded /scratch/cmarti/issue103_ad8da4f/external/shuttleset-sources/3 Kento_MOMOTA_CHOU_Tien_Chen_KOREA_OPEN_2019_Final.mp4 to frame 67712 in 321s
shuttleset_03_scene_0034 pair 0 [0, 1] combined 262144 players 55874 retained 256 seconds 2.5432976689189672
shuttleset_03_scene_0034 pair 1 [0, 2] combined 262144 players 49498 retained 256 seconds 2.449566051363945
shuttleset_03_scene_0034 pair 2 [0, 3] combined 262144 players 66236 retained 256 seconds 2.550057298038155
shuttleset_03_scene_0034 pair 4 [0, 5] combined 103424 players 23670 retained 256 seconds 1.3548577399924397
shuttleset_03_scene_0034 pair 5 [0, 6] combined 262144 players 60294 retained 256 seconds 3.1538304570131004
shuttleset_03_scene_0034 pair 8 [0, 9] combined 262144 players 54861 retained 256 seconds 3.805958603043109
shuttleset_03_scene_0034 pair 10 [0, 11] combined 223232 players 24258 retained 256 seconds 2.5934199960902333
shuttleset_03_scene_0034 pair 11 [0, 12] combined 226304 players 30840 retained 256 seconds 2.826612390577793
shuttleset_03_scene_0034 pair 12 [0, 13] combined 262144 players 60092 retained 256 seconds 4.058578394819051
shuttleset_03_scene_0034 pair 13 [0, 14] combined 240640 players 40356 retained 256 seconds 3.212654788978398
shuttleset_03_scene_0034 pair 14 [0, 15] combined 5120 players 1022 retained 256 seconds 1.12335749482736
shuttleset_03_scene_0034 pair 15 [1, 0] combined 262144 players 55778 retained 256 seconds 3.845293158199638
shuttleset_03_scene_0034 pair 16 [1, 2] combined 262144 players 3164 retained 256 seconds 1.4082108279690146
shuttleset_03_scene_0034 pair 18 [1, 4] combined 262144 players 64754 retained 256 seconds 3.5323227550834417
shuttleset_03_scene_0034 pair 21 [1, 7] combined 262144 players 25998 retained 256 seconds 2.2925660982728004
shuttleset_03_scene_0034 pair 22 [1, 8] combined 184320 players 41610 retained 256 seconds 2.4055507159791887
shuttleset_03_scene_0034 pair 23 [1, 9] combined 262144 players 10122 retained 256 seconds 1.6491355379112065
shuttleset_03_scene_0034 pair 24 [1, 10] combined 11264 players 1370 retained 256 seconds 0.4339165217243135
shuttleset_03_scene_0034 pair 26 [1, 12] combined 108544 players 17448 retained 256 seconds 1.3080355068668723
shuttleset_03_scene_0034 pair 28 [1, 14] combined 108544 players 7802 retained 256 seconds 0.9684580969624221
shuttleset_03_scene_0034 pair 29 [1, 15] combined 7168 players 358 retained 165 seconds 0.3834753171540797
shuttleset_03_scene_0034 pair 30 [2, 0] combined 262144 players 65348 retained 256 seconds 4.1293885773047805
shuttleset_03_scene_0034 pair 31 [2, 1] combined 262144 players 2028 retained 256 seconds 1.2457331251353025
shuttleset_03_scene_0034 pair 32 [2, 3] combined 262144 players 2598 retained 256 seconds 1.1745478850789368
shuttleset_03_scene_0034 pair 34 [2, 5] combined 165888 players 826 retained 256 seconds 0.7425833279266953
shuttleset_03_scene_0034 pair 35 [2, 6] combined 262144 players 7944 retained 256 seconds 1.3257103548385203
shuttleset_03_scene_0034 pair 40 [2, 11] combined 262144 players 1124 retained 256 seconds 1.1406491468660533
shuttleset_03_scene_0034 pair 45 [3, 0] combined 262144 players 70742 retained 256 seconds 4.223270523827523
shuttleset_03_scene_0034 pair 47 [3, 2] combined 262144 players 17864 retained 256 seconds 1.8099021692760289
shuttleset_03_scene_0034 pair 48 [3, 4] combined 262144 players 84418 retained 256 seconds 3.797856507822871
shuttleset_03_scene_0034 pair 51 [3, 7] combined 262144 players 35180 retained 256 seconds 2.4402082450687885
shuttleset_03_scene_0034 pair 52 [3, 8] combined 146432 players 25446 retained 256 seconds 1.4822064936161041
shuttleset_03_scene_0034 pair 53 [3, 9] combined 262144 players 10856 retained 256 seconds 1.3947568093426526
shuttleset_03_scene_0034 pair 54 [3, 10] combined 10240 players 528 retained 256 seconds 0.25047144014388323
shuttleset_03_scene_0034 pair 56 [3, 12] combined 110592 players 28010 retained 256 seconds 1.5796224121004343
shuttleset_03_scene_0034 pair 58 [3, 14] combined 115712 players 20792 retained 256 seconds 1.2585360258817673
shuttleset_03_scene_0034 pair 59 [3, 15] combined 7168 players 572 retained 256 seconds 0.2508193626999855
shuttleset_03_scene_0034 pair 61 [4, 1] combined 262144 players 65378 retained 256 seconds 3.616902752313763
shuttleset_03_scene_0034 pair 63 [4, 3] combined 262144 players 82056 retained 256 seconds 2.306352215819061
shuttleset_03_scene_0034 pair 64 [4, 5] combined 93184 players 30134 retained 256 seconds 0.9955724901519716
shuttleset_03_scene_0034 pair 67 [4, 8] combined 262144 players 3318 retained 256 seconds 0.5976231461390853
shuttleset_03_scene_0034 pair 69 [4, 10] combined 7168 players 2562 retained 256 seconds 0.17181715415790677
shuttleset_03_scene_0034 pair 70 [4, 11] combined 246784 players 36438 retained 256 seconds 1.4570833537727594
shuttleset_03_scene_0034 pair 72 [4, 13] combined 262144 players 64320 retained 256 seconds 3.125593839213252
shuttleset_03_scene_0034 pair 75 [5, 0] combined 152576 players 42418 retained 256 seconds 2.4896312658675015
shuttleset_03_scene_0034 pair 77 [5, 2] combined 155648 players 3698 retained 256 seconds 0.7413777033798397
shuttleset_03_scene_0034 pair 79 [5, 4] combined 129024 players 42772 retained 256 seconds 1.8379179197363555
shuttleset_03_scene_0034 pair 81 [5, 7] combined 134144 players 17492 retained 256 seconds 1.1540348222479224
shuttleset_03_scene_0034 pair 83 [5, 9] combined 134144 players 4594 retained 256 seconds 0.754400696605444
shuttleset_03_scene_0034 pair 84 [5, 10] combined 6732 players 224 retained 112 seconds 0.10872905002906919
shuttleset_03_scene_0034 pair 86 [5, 12] combined 66000 players 10360 retained 256 seconds 0.6128599969670177
shuttleset_03_scene_0034 pair 87 [5, 13] combined 173056 players 7514 retained 256 seconds 0.8933070390485227
shuttleset_03_scene_0034 pair 88 [5, 14] combined 43524 players 2630 retained 256 seconds 0.3113156221807003
shuttleset_03_scene_0034 pair 90 [6, 0] combined 262144 players 60144 retained 256 seconds 3.637245812918991
shuttleset_03_scene_0034 pair 92 [6, 2] combined 262144 players 20650 retained 256 seconds 1.8563958872109652
shuttleset_03_scene_0034 pair 97 [6, 8] combined 176128 players 27914 retained 256 seconds 1.5666220202110708
shuttleset_03_scene_0034 pair 98 [6, 9] combined 262144 players 7944 retained 256 seconds 1.1960760597139597
shuttleset_03_scene_0034 pair 99 [6, 10] combined 8192 players 1114 retained 256 seconds 0.18904934590682387
shuttleset_03_scene_0034 pair 102 [6, 13] combined 262144 players 24448 retained 256 seconds 1.7262989929877222
shuttleset_03_scene_0034 pair 103 [6, 14] combined 106496 players 2174 retained 256 seconds 0.4973954982124269
shuttleset_03_scene_0034 pair 106 [7, 1] combined 262144 players 21842 retained 256 seconds 1.876137824729085
shuttleset_03_scene_0034 pair 108 [7, 3] combined 262144 players 29112 retained 256 seconds 2.2340925810858607
shuttleset_03_scene_0034 pair 110 [7, 5] combined 93184 players 10378 retained 256 seconds 0.9308637250214815
shuttleset_03_scene_0034 pair 112 [7, 8] combined 221184 players 9406 retained 256 seconds 1.2183927409350872
shuttleset_03_scene_0034 pair 114 [7, 10] combined 6144 players 354 retained 129 seconds 0.3167363260872662
shuttleset_03_scene_0034 pair 115 [7, 11] combined 244736 players 14540 retained 256 seconds 1.4848545789718628
shuttleset_03_scene_0034 pair 117 [7, 13] combined 262144 players 23320 retained 256 seconds 1.87812639772892
shuttleset_03_scene_0034 pair 121 [8, 1] combined 201728 players 41376 retained 256 seconds 2.1372890770435333
shuttleset_03_scene_0034 pair 123 [8, 3] combined 183296 players 57158 retained 256 seconds 2.8300725766457617
shuttleset_03_scene_0034 pair 124 [8, 4] combined 254976 players 5516 retained 256 seconds 1.0687905391678214
shuttleset_03_scene_0034 pair 126 [8, 6] combined 257024 players 50036 retained 256 seconds 2.554175815079361
shuttleset_03_scene_0034 pair 127 [8, 7] combined 262144 players 6200 retained 256 seconds 1.2058583283796906
shuttleset_03_scene_0034 pair 131 [8, 12] combined 132096 players 1504 retained 256 seconds 0.5295924926176667
shuttleset_03_scene_0034 pair 132 [8, 13] combined 185344 players 36398 retained 256 seconds 2.0859937369823456
shuttleset_03_scene_0034 pair 133 [8, 14] combined 131072 players 712 retained 256 seconds 0.5061662630178034
shuttleset_03_scene_0034 pair 135 [9, 0] combined 262144 players 56712 retained 256 seconds 3.5011466438882053
shuttleset_03_scene_0034 pair 136 [9, 1] combined 262144 players 4066 retained 256 seconds 1.2044408698566258
shuttleset_03_scene_0034 pair 138 [9, 3] combined 262144 players 9368 retained 256 seconds 1.3193615949712694
shuttleset_03_scene_0034 pair 140 [9, 5] combined 110592 players 356 retained 179 seconds 0.46681640669703484
shuttleset_03_scene_0034 pair 141 [9, 6] combined 262144 players 5302 retained 256 seconds 1.1372356731444597
shuttleset_03_scene_0034 pair 145 [9, 11] combined 262144 players 1926 retained 256 seconds 1.0048295515589416
shuttleset_03_scene_0034 pair 151 [10, 1] combined 4096 players 100 retained 48 seconds 0.22489699395373464
shuttleset_03_scene_0034 pair 153 [10, 3] combined 5120 players 232 retained 99 seconds 0.16542937699705362
shuttleset_03_scene_0034 pair 154 [10, 4] combined 8192 players 3250 retained 256 seconds 0.2699120519682765
shuttleset_03_scene_0034 pair 155 [10, 5] combined 4152 players 204 retained 99 seconds 0.08859901502728462
shuttleset_03_scene_0034 pair 156 [10, 6] combined 14336 players 1342 retained 256 seconds 0.1902896212413907
shuttleset_03_scene_0034 pair 157 [10, 7] combined 12288 players 2816 retained 256 seconds 0.3460570452734828
shuttleset_03_scene_0034 pair 160 [10, 11] combined 7168 players 510 retained 226 seconds 0.13031427096575499
shuttleset_03_scene_0034 pair 165 [11, 0] combined 262144 players 40060 retained 256 seconds 3.1718642371706665
shuttleset_03_scene_0034 pair 167 [11, 2] combined 262144 players 1144 retained 256 seconds 1.030752227641642
shuttleset_03_scene_0034 pair 169 [11, 4] combined 262144 players 42982 retained 256 seconds 2.582254040054977
shuttleset_03_scene_0034 pair 172 [11, 7] combined 262144 players 17816 retained 256 seconds 1.6993738529272377
shuttleset_03_scene_0034 pair 174 [11, 9] combined 262144 players 1278 retained 256 seconds 0.9870615396648645
shuttleset_03_scene_0034 pair 175 [11, 10] combined 10240 players 408 retained 202 seconds 0.1505956701003015
shuttleset_03_scene_0034 pair 176 [11, 12] combined 111616 players 12036 retained 256 seconds 0.8508428898639977
shuttleset_03_scene_0034 pair 177 [11, 13] combined 262144 players 3276 retained 256 seconds 1.1126670148223639
shuttleset_03_scene_0034 pair 178 [11, 14] combined 111616 players 8576 retained 256 seconds 0.7381628211587667
shuttleset_03_scene_0034 pair 180 [12, 0] combined 71680 players 3660 retained 256 seconds 1.2006645733490586
shuttleset_03_scene_0034 pair 181 [12, 1] combined 174080 players 41938 retained 256 seconds 2.563554149121046
shuttleset_03_scene_0034 pair 183 [12, 3] combined 180224 players 59912 retained 256 seconds 2.9470120039768517
shuttleset_03_scene_0034 pair 185 [12, 5] combined 57316 players 16638 retained 256 seconds 0.8899641777388752
shuttleset_03_scene_0034 pair 188 [12, 8] combined 117468 players 404 retained 202 seconds 0.4622709811665118
shuttleset_03_scene_0034 pair 191 [12, 11] combined 136528 players 15746 retained 256 seconds 1.0955291660502553
shuttleset_03_scene_0034 pair 195 [13, 0] combined 262144 players 61988 retained 256 seconds 4.104263259097934
shuttleset_03_scene_0034 pair 199 [13, 4] combined 262144 players 61630 retained 256 seconds 3.3804139140993357
shuttleset_03_scene_0034 pair 200 [13, 5] combined 124928 players 4246 retained 256 seconds 0.7767818351276219
shuttleset_03_scene_0034 pair 201 [13, 6] combined 262144 players 21194 retained 256 seconds 1.8295306279323995
shuttleset_03_scene_0034 pair 202 [13, 7] combined 262144 players 30864 retained 256 seconds 2.288724414072931
shuttleset_03_scene_0034 pair 203 [13, 8] combined 181248 players 26316 retained 256 seconds 1.6815378218889236
shuttleset_03_scene_0034 pair 206 [13, 11] combined 262144 players 9524 retained 256 seconds 1.412386953830719
shuttleset_03_scene_0034 pair 209 [13, 15] combined 6144 players 244 retained 117 seconds 0.24749676464125514
shuttleset_03_scene_0034 pair 210 [14, 0] combined 227328 players 6832 retained 256 seconds 1.9439570759423077
shuttleset_03_scene_0034 pair 211 [14, 1] combined 166912 players 25952 retained 256 seconds 1.7072443971410394
shuttleset_03_scene_0034 pair 213 [14, 3] combined 158720 players 29856 retained 256 seconds 1.8465229426510632
shuttleset_03_scene_0034 pair 215 [14, 5] combined 56700 players 2074 retained 256 seconds 0.36405162513256073
shuttleset_03_scene_0034 pair 216 [14, 6] combined 152576 players 10120 retained 256 seconds 0.953336255159229
shuttleset_03_scene_0034 pair 218 [14, 8] combined 155052 players 206 retained 104 seconds 0.559737610630691
shuttleset_03_scene_0034 pair 221 [14, 11] combined 131580 players 8214 retained 256 seconds 0.8178530442528427
shuttleset_03_scene_0034 pair 225 [15, 0] combined 3072 players 42 retained 21 seconds 0.8496573637239635
shuttleset_03_scene_0034 pair 226 [15, 1] combined 6144 players 364 retained 146 seconds 0.26700573693960905
shuttleset_03_scene_0034 pair 228 [15, 3] combined 6144 players 578 retained 256 seconds 0.20794477313756943
shuttleset_03_scene_0034 pair 238 [15, 13] combined 8192 players 1914 retained 256 seconds 0.2546474798582494
shuttleset_03_scene_0034 pair 0 [0, 1] combined 262144 players 49692 retained 256 seconds 3.695745301898569
shuttleset_03_scene_0034 pair 1 [0, 2] combined 133120 players 29576 retained 256 seconds 2.7619242668151855
shuttleset_03_scene_0034 pair 2 [0, 3] combined 67584 players 14096 retained 256 seconds 1.6851536119356751
shuttleset_03_scene_0034 pair 4 [0, 5] combined 0 players 0 retained 0 seconds 0.8579266900196671
shuttleset_03_scene_0034 pair 5 [0, 6] combined 12288 players 3216 retained 256 seconds 1.0725412811152637
shuttleset_03_scene_0034 pair 8 [0, 9] combined 7168 players 2052 retained 256 seconds 1.0628689881414175
shuttleset_03_scene_0034 pair 10 [0, 11] combined 40960 players 2772 retained 256 seconds 1.164849734865129
shuttleset_03_scene_0034 pair 11 [0, 12] combined 29696 players 2576 retained 256 seconds 1.067307477351278
shuttleset_03_scene_0034 pair 12 [0, 13] combined 256000 players 41386 retained 256 seconds 3.414764399640262
shuttleset_03_scene_0034 pair 13 [0, 14] combined 101376 players 10894 retained 256 seconds 1.627356425859034
shuttleset_03_scene_0034 pair 14 [0, 15] combined 1024 players 200 retained 98 seconds 0.8979407646693289
shuttleset_03_scene_0034 pair 15 [1, 0] combined 262144 players 61920 retained 256 seconds 3.8027377147227526
shuttleset_03_scene_0034 pair 16 [1, 2] combined 231424 players 7600 retained 256 seconds 1.1803063219413161
shuttleset_03_scene_0034 pair 18 [1, 4] combined 82944 players 16968 retained 256 seconds 1.0644707921892405
shuttleset_03_scene_0034 pair 21 [1, 7] combined 262144 players 32662 retained 256 seconds 2.614095780067146
shuttleset_03_scene_0034 pair 22 [1, 8] combined 2048 players 896 retained 256 seconds 0.2059120717458427
shuttleset_03_scene_0034 pair 23 [1, 9] combined 15360 players 190 retained 95 seconds 0.20091855665668845
shuttleset_03_scene_0034 pair 24 [1, 10] combined 2048 players 426 retained 218 seconds 0.17484725918620825
shuttleset_03_scene_0034 pair 26 [1, 12] combined 19456 players 4488 retained 256 seconds 0.40027964673936367
shuttleset_03_scene_0034 pair 28 [1, 14] combined 62464 players 6664 retained 256 seconds 0.6128958007320762
shuttleset_03_scene_0034 pair 29 [1, 15] combined 0 players 0 retained 0 seconds 0.11692538810893893
shuttleset_03_scene_0034 pair 30 [2, 0] combined 164864 players 41136 retained 256 seconds 2.586762672290206
shuttleset_03_scene_0034 pair 31 [2, 1] combined 225280 players 3244 retained 256 seconds 0.970817849971354
shuttleset_03_scene_0034 pair 32 [2, 3] combined 99840 players 1840 retained 256 seconds 0.4897441458888352
shuttleset_03_scene_0034 pair 34 [2, 5] combined 0 players 0 retained 0 seconds 0.06214779196307063
shuttleset_03_scene_0034 pair 35 [2, 6] combined 19456 players 1344 retained 256 seconds 0.22682674694806337
shuttleset_03_scene_0034 pair 40 [2, 11] combined 54864 players 318 retained 157 seconds 0.27959145279601216
shuttleset_03_scene_0034 pair 45 [3, 0] combined 117760 players 29726 retained 256 seconds 2.0068424879573286
shuttleset_03_scene_0034 pair 47 [3, 2] combined 93632 players 3054 retained 256 seconds 0.513087211176753
shuttleset_03_scene_0034 pair 48 [3, 4] combined 40176 players 8154 retained 256 seconds 0.5121096139773726
shuttleset_03_scene_0034 pair 51 [3, 7] combined 131072 players 16220 retained 256 seconds 1.1772457510232925
shuttleset_03_scene_0034 pair 52 [3, 8] combined 904 players 428 retained 215 seconds 0.10374243184924126
shuttleset_03_scene_0034 pair 53 [3, 9] combined 5348 players 196 retained 98 seconds 0.10171526670455933
shuttleset_03_scene_0034 pair 54 [3, 10] combined 864 players 158 retained 80 seconds 0.07692143367603421
shuttleset_03_scene_0034 pair 56 [3, 12] combined 9956 players 2178 retained 256 seconds 0.20339881302788854
shuttleset_03_scene_0034 pair 58 [3, 14] combined 26400 players 1730 retained 256 seconds 0.2334487671032548
shuttleset_03_scene_0034 pair 59 [3, 15] combined 0 players 0 retained 0 seconds 0.03907644283026457
shuttleset_03_scene_0034 pair 61 [4, 1] combined 80896 players 19432 retained 256 seconds 1.4381349869072437
shuttleset_03_scene_0034 pair 63 [4, 3] combined 24016 players 5362 retained 256 seconds 0.3611245406791568
shuttleset_03_scene_0034 pair 64 [4, 5] combined 0 players 0 retained 0 seconds 0.026934316847473383
shuttleset_03_scene_0034 pair 67 [4, 8] combined 876 players 76 retained 38 seconds 0.0587435201741755
shuttleset_03_scene_0034 pair 69 [4, 10] combined 308 players 74 retained 36 seconds 0.059350418858230114
shuttleset_03_scene_0034 pair 70 [4, 11] combined 12464 players 876 retained 256 seconds 0.1511799180880189
shuttleset_03_scene_0034 pair 72 [4, 13] combined 81648 players 21228 retained 256 seconds 1.1489108190871775
shuttleset_03_scene_0034 pair 75 [5, 0] combined 0 players 0 retained 0 seconds 0.5396286537870765
shuttleset_03_scene_0034 pair 77 [5, 2] combined 0 players 0 retained 0 seconds 0.035603453405201435
shuttleset_03_scene_0034 pair 79 [5, 4] combined 0 players 0 retained 0 seconds 0.01877749292179942
shuttleset_03_scene_0034 pair 81 [5, 7] combined 0 players 0 retained 0 seconds 0.10854831896722317
shuttleset_03_scene_0034 pair 83 [5, 9] combined 0 players 0 retained 0 seconds 0.011910352855920792
shuttleset_03_scene_0034 pair 84 [5, 10] combined 0 players 0 retained 0 seconds 0.0069840592332184315
shuttleset_03_scene_0034 pair 86 [5, 12] combined 0 players 0 retained 0 seconds 0.010309471748769283
shuttleset_03_scene_0034 pair 87 [5, 13] combined 0 players 0 retained 0 seconds 0.05071071442216635
shuttleset_03_scene_0034 pair 88 [5, 14] combined 0 players 0 retained 0 seconds 0.01431818213313818
shuttleset_03_scene_0034 pair 90 [6, 0] combined 16384 players 4912 retained 256 seconds 0.8167948289774358
shuttleset_03_scene_0034 pair 92 [6, 2] combined 14100 players 798 retained 256 seconds 0.1674768030643463
shuttleset_03_scene_0034 pair 97 [6, 8] combined 240 players 56 retained 28 seconds 0.04509210120886564
shuttleset_03_scene_0034 pair 98 [6, 9] combined 1568 players 168 retained 84 seconds 0.06280104909092188
shuttleset_03_scene_0034 pair 99 [6, 10] combined 48 players 0 retained 0 seconds 0.01566091412678361
shuttleset_03_scene_0034 pair 102 [6, 13] combined 36864 players 3640 retained 256 seconds 0.3448380706831813
shuttleset_03_scene_0034 pair 103 [6, 14] combined 5104 players 0 retained 0 seconds 0.03967219777405262
shuttleset_03_scene_0034 pair 106 [7, 1] combined 262144 players 19426 retained 256 seconds 1.767724082339555
shuttleset_03_scene_0034 pair 108 [7, 3] combined 73728 players 6964 retained 256 seconds 0.7543461588211358
shuttleset_03_scene_0034 pair 110 [7, 5] combined 0 players 0 retained 0 seconds 0.18519564159214497
shuttleset_03_scene_0034 pair 112 [7, 8] combined 0 players 0 retained 0 seconds 0.17717439075931907
shuttleset_03_scene_0034 pair 114 [7, 10] combined 3072 players 136 retained 58 seconds 0.2291807970032096
shuttleset_03_scene_0034 pair 115 [7, 11] combined 41984 players 1098 retained 256 seconds 0.42493456322699785
shuttleset_03_scene_0034 pair 117 [7, 13] combined 238592 players 17666 retained 256 seconds 1.6462593600153923
shuttleset_03_scene_0034 pair 121 [8, 1] combined 4096 players 742 retained 256 seconds 0.15975992009043694
shuttleset_03_scene_0034 pair 123 [8, 3] combined 840 players 236 retained 118 seconds 0.06981371669098735
shuttleset_03_scene_0034 pair 124 [8, 4] combined 1360 players 146 retained 74 seconds 0.05932078789919615
shuttleset_03_scene_0034 pair 126 [8, 6] combined 288 players 30 retained 16 seconds 0.040604235138744116
shuttleset_03_scene_0034 pair 127 [8, 7] combined 2048 players 478 retained 239 seconds 0.1791963530704379
shuttleset_03_scene_0034 pair 131 [8, 12] combined 252 players 2 retained 1 seconds 0.038968127220869064
shuttleset_03_scene_0034 pair 132 [8, 13] combined 2048 players 714 retained 256 seconds 0.13260818598791957
shuttleset_03_scene_0034 pair 133 [8, 14] combined 784 players 0 retained 0 seconds 0.017028036061674356
shuttleset_03_scene_0034 pair 135 [9, 0] combined 25600 players 5554 retained 256 seconds 0.8342262492515147
shuttleset_03_scene_0034 pair 136 [9, 1] combined 21504 players 394 retained 197 seconds 0.1962807667441666
shuttleset_03_scene_0034 pair 138 [9, 3] combined 14768 players 268 retained 134 seconds 0.12401044694706798
shuttleset_03_scene_0034 pair 140 [9, 5] combined 0 players 0 retained 0 seconds 0.015226413030177355
shuttleset_03_scene_0034 pair 141 [9, 6] combined 2160 players 454 retained 227 seconds 0.0886899852193892
shuttleset_03_scene_0034 pair 145 [9, 11] combined 5040 players 0 retained 0 seconds 0.0398062807507813
shuttleset_03_scene_0034 pair 151 [10, 1] combined 0 players 0 retained 0 seconds 0.0672164699062705
shuttleset_03_scene_0034 pair 153 [10, 3] combined 0 players 0 retained 0 seconds 0.025971018243581057
shuttleset_03_scene_0034 pair 154 [10, 4] combined 256 players 74 retained 37 seconds 0.05002886801958084
shuttleset_03_scene_0034 pair 155 [10, 5] combined 0 players 0 retained 0 seconds 0.007296870928257704
shuttleset_03_scene_0034 pair 156 [10, 6] combined 48 players 16 retained 8 seconds 0.03918413585051894
shuttleset_03_scene_0034 pair 157 [10, 7] combined 4096 players 978 retained 256 seconds 0.21178047312423587
shuttleset_03_scene_0034 pair 160 [10, 11] combined 224 players 50 retained 25 seconds 0.0448431228287518
shuttleset_03_scene_0034 pair 165 [11, 0] combined 83968 players 9218 retained 256 seconds 1.18635558988899
shuttleset_03_scene_0034 pair 167 [11, 2] combined 83032 players 8 retained 4 seconds 0.32886866200715303
shuttleset_03_scene_0034 pair 169 [11, 4] combined 24300 players 2040 retained 256 seconds 0.2261230619624257
shuttleset_03_scene_0034 pair 172 [11, 7] combined 82944 players 4362 retained 256 seconds 0.5957135050557554
shuttleset_03_scene_0034 pair 174 [11, 9] combined 3840 players 0 retained 0 seconds 0.03768254676833749
shuttleset_03_scene_0034 pair 175 [11, 10] combined 368 players 0 retained 0 seconds 0.02011841395869851
shuttleset_03_scene_0034 pair 176 [11, 12] combined 5848 players 428 retained 214 seconds 0.10057395091280341
shuttleset_03_scene_0034 pair 177 [11, 13] combined 69632 players 536 retained 256 seconds 0.3388358289375901
shuttleset_03_scene_0034 pair 178 [11, 14] combined 18328 players 1052 retained 256 seconds 0.17126273503527045
shuttleset_03_scene_0034 pair 180 [12, 0] combined 7168 players 0 retained 0 seconds 0.5582850519567728
shuttleset_03_scene_0034 pair 181 [12, 1] combined 28672 players 5944 retained 256 seconds 0.7943653119727969
shuttleset_03_scene_0034 pair 183 [12, 3] combined 8960 players 2030 retained 256 seconds 0.18928122706711292
shuttleset_03_scene_0034 pair 185 [12, 5] combined 0 players 0 retained 0 seconds 0.013311393093317747
shuttleset_03_scene_0034 pair 188 [12, 8] combined 152 players 0 retained 0 seconds 0.01295845815911889
shuttleset_03_scene_0034 pair 191 [12, 11] combined 4872 players 268 retained 134 seconds 0.08062614034861326
shuttleset_03_scene_0034 pair 195 [13, 0] combined 262144 players 59262 retained 256 seconds 3.681007827166468
shuttleset_03_scene_0034 pair 199 [13, 4] combined 79872 players 17858 retained 256 seconds 1.0591674037277699
shuttleset_03_scene_0034 pair 200 [13, 5] combined 0 players 0 retained 0 seconds 0.08185553085058928
shuttleset_03_scene_0034 pair 201 [13, 6] combined 28672 players 4372 retained 256 seconds 0.3923007929697633
shuttleset_03_scene_0034 pair 202 [13, 7] combined 262144 players 35926 retained 256 seconds 2.3739348738454282
shuttleset_03_scene_0034 pair 203 [13, 8] combined 1920 players 784 retained 256 seconds 0.16727059287950397
shuttleset_03_scene_0034 pair 206 [13, 11] combined 56320 players 710 retained 256 seconds 0.33167467173188925
shuttleset_03_scene_0034 pair 209 [13, 15] combined 0 players 0 retained 0 seconds 0.08320774603635073
shuttleset_03_scene_0034 pair 210 [14, 0] combined 96256 players 2070 retained 256 seconds 0.9694207399152219
shuttleset_03_scene_0034 pair 211 [14, 1] combined 95232 players 11170 retained 256 seconds 0.838516678661108
shuttleset_03_scene_0034 pair 213 [14, 3] combined 31620 players 4278 retained 256 seconds 0.34101560479030013
shuttleset_03_scene_0034 pair 215 [14, 5] combined 0 players 0 retained 0 seconds 0.021439674776047468
shuttleset_03_scene_0034 pair 216 [14, 6] combined 8832 players 670 retained 256 seconds 0.12586567411199212
shuttleset_03_scene_0034 pair 218 [14, 8] combined 972 players 0 retained 0 seconds 0.021630772855132818
shuttleset_03_scene_0034 pair 221 [14, 11] combined 16016 players 806 retained 256 seconds 0.1567281512543559
shuttleset_03_scene_0034 pair 225 [15, 0] combined 1024 players 166 retained 83 seconds 0.560011955909431
shuttleset_03_scene_0034 pair 226 [15, 1] combined 0 players 0 retained 0 seconds 0.06652023503556848
shuttleset_03_scene_0034 pair 228 [15, 3] combined 0 players 0 retained 0 seconds 0.024558174889534712
shuttleset_03_scene_0034 pair 238 [15, 13] combined 0 players 0 retained 0 seconds 0.04946964420378208
[shuttleset_03_scene_0034] line-template: preparing rectangles
[shuttleset_03_scene_0034] measuring 761 parents (G0=256, G1=256, line_template=256; conflicting geometry groups=0)
[shuttleset_03_scene_0034] parents 250/761
[shuttleset_03_scene_0034] parents 500/761
[shuttleset_03_scene_0034] parents 750/761
[shuttleset_03_scene_0034] refitting 761 parents
[shuttleset_03_scene_0034] refits 250/761; valid children=249
[shuttleset_03_scene_0034] refits 500/761; valid children=486
[shuttleset_03_scene_0034] refits 750/761; valid children=678
{"view_id": "shuttleset_03_scene_0034", "chosen_key": "G1:1:2005", "no_court_reason": null, "all_checks_equal": null, "error": null}
{"views": ["shuttleset_03_scene_0034"], "startup_seconds": 0.05193335888907313, "wall_seconds": 707.6411682288162, "peak_rss_mb": 1888.62890625, "failed": []}
