decoded /scratch/cmarti/issue103_ad8da4f/external/shuttleset-sources/3 Kento_MOMOTA_CHOU_Tien_Chen_KOREA_OPEN_2019_Final.mp4 to frame 54742 in 396s
shuttleset_03_scene_0023 pair 0 [0, 1] combined 262144 players 58530 retained 256 seconds 4.077532093971968
shuttleset_03_scene_0023 pair 1 [0, 2] combined 262144 players 60684 retained 256 seconds 3.8748949198052287
shuttleset_03_scene_0023 pair 4 [0, 5] combined 262144 players 47066 retained 256 seconds 3.4914331370964646
shuttleset_03_scene_0023 pair 5 [0, 6] combined 116736 players 12394 retained 256 seconds 1.71902043139562
shuttleset_03_scene_0023 pair 7 [0, 8] combined 262144 players 46602 retained 256 seconds 3.5088792401365936
shuttleset_03_scene_0023 pair 11 [0, 12] combined 262144 players 68078 retained 256 seconds 4.041240950115025
shuttleset_03_scene_0023 pair 12 [0, 13] combined 231424 players 22834 retained 256 seconds 2.45187970623374
shuttleset_03_scene_0023 pair 13 [0, 14] combined 65536 players 5694 retained 256 seconds 1.3313270891085267
shuttleset_03_scene_0023 pair 15 [1, 0] combined 262144 players 67578 retained 256 seconds 4.129437825176865
shuttleset_03_scene_0023 pair 16 [1, 2] combined 262144 players 7974 retained 256 seconds 1.4620737442746758
shuttleset_03_scene_0023 pair 17 [1, 3] combined 262144 players 82372 retained 256 seconds 3.9630514830350876
shuttleset_03_scene_0023 pair 20 [1, 6] combined 72704 players 19058 retained 256 seconds 1.2192820981144905
shuttleset_03_scene_0023 pair 21 [1, 7] combined 116736 players 31482 retained 256 seconds 1.7729929652996361
shuttleset_03_scene_0023 pair 26 [1, 12] combined 262144 players 64728 retained 256 seconds 3.3901947550475597
shuttleset_03_scene_0023 pair 27 [1, 13] combined 144384 players 14838 retained 256 seconds 1.2495331871323287
shuttleset_03_scene_0023 pair 30 [2, 0] combined 262144 players 76390 retained 256 seconds 4.050263018812984
shuttleset_03_scene_0023 pair 31 [2, 1] combined 262144 players 8092 retained 256 seconds 1.3751666629686952
shuttleset_03_scene_0023 pair 32 [2, 3] combined 262144 players 84368 retained 256 seconds 3.891678007785231
shuttleset_03_scene_0023 pair 33 [2, 4] combined 262144 players 324 retained 162 seconds 1.0685003590770066
shuttleset_03_scene_0023 pair 34 [2, 5] combined 262144 players 7994 retained 256 seconds 1.2558831069618464
shuttleset_03_scene_0023 pair 37 [2, 8] combined 262144 players 8558 retained 256 seconds 1.2417362197302282
shuttleset_03_scene_0023 pair 39 [2, 10] combined 36864 players 912 retained 256 seconds 0.29399540601298213
shuttleset_03_scene_0023 pair 43 [2, 14] combined 130048 players 3780 retained 256 seconds 0.6636711149476469
shuttleset_03_scene_0023 pair 44 [2, 15] combined 100352 players 11698 retained 256 seconds 0.8807208980433643
shuttleset_03_scene_0023 pair 46 [3, 1] combined 262144 players 82638 retained 256 seconds 4.12310060672462
shuttleset_03_scene_0023 pair 47 [3, 2] combined 262144 players 77134 retained 256 seconds 3.784103407058865
shuttleset_03_scene_0023 pair 48 [3, 4] combined 197632 players 66818 retained 256 seconds 3.34018278401345
shuttleset_03_scene_0023 pair 49 [3, 5] combined 262144 players 68216 retained 256 seconds 3.3987616589292884
shuttleset_03_scene_0023 pair 51 [3, 7] combined 187392 players 35660 retained 256 seconds 1.92429278511554
shuttleset_03_scene_0023 pair 52 [3, 8] combined 262144 players 71402 retained 256 seconds 3.4495332408696413
shuttleset_03_scene_0023 pair 53 [3, 9] combined 253952 players 44084 retained 256 seconds 2.5896265590563416
shuttleset_03_scene_0023 pair 54 [3, 10] combined 9216 players 3020 retained 256 seconds 0.300705109257251
shuttleset_03_scene_0023 pair 55 [3, 11] combined 239616 players 32938 retained 256 seconds 2.0781597369350493
shuttleset_03_scene_0023 pair 57 [3, 13] combined 132096 players 15832 retained 256 seconds 1.0544778457842767
shuttleset_03_scene_0023 pair 58 [3, 14] combined 72704 players 12290 retained 256 seconds 0.8044123309664428
shuttleset_03_scene_0023 pair 62 [4, 2] combined 262144 players 10302 retained 256 seconds 1.3119930778630078
shuttleset_03_scene_0023 pair 63 [4, 3] combined 262144 players 90932 retained 256 seconds 4.158960870001465
shuttleset_03_scene_0023 pair 65 [4, 6] combined 90112 players 4252 retained 256 seconds 0.5474012442864478
shuttleset_03_scene_0023 pair 70 [4, 11] combined 130048 players 12656 retained 256 seconds 1.0493173669092357
shuttleset_03_scene_0023 pair 71 [4, 12] combined 262144 players 6894 retained 256 seconds 1.1574557819403708
shuttleset_03_scene_0023 pair 72 [4, 13] combined 132840 players 5442 retained 256 seconds 0.7016110680997372
shuttleset_03_scene_0023 pair 75 [5, 0] combined 262144 players 58726 retained 256 seconds 3.4726433330215514
shuttleset_03_scene_0023 pair 77 [5, 2] combined 262144 players 4214 retained 256 seconds 1.2611566740088165
shuttleset_03_scene_0023 pair 78 [5, 3] combined 262144 players 73770 retained 256 seconds 3.5890303128398955
shuttleset_03_scene_0023 pair 80 [5, 6] combined 78848 players 22964 retained 256 seconds 1.2242994499392807
shuttleset_03_scene_0023 pair 81 [5, 7] combined 126976 players 31198 retained 256 seconds 1.7464798470027745
shuttleset_03_scene_0023 pair 86 [5, 12] combined 262144 players 55870 retained 256 seconds 2.75304721808061
shuttleset_03_scene_0023 pair 87 [5, 13] combined 124928 players 17336 retained 256 seconds 1.159185383003205
shuttleset_03_scene_0023 pair 90 [6, 0] combined 132096 players 5032 retained 256 seconds 1.289197679143399
shuttleset_03_scene_0023 pair 91 [6, 1] combined 101376 players 23682 retained 256 seconds 1.4053212688304484
shuttleset_03_scene_0023 pair 94 [6, 4] combined 124928 players 8586 retained 256 seconds 0.7901834906078875
shuttleset_03_scene_0023 pair 95 [6, 5] combined 103424 players 16462 retained 256 seconds 1.0465091727674007
shuttleset_03_scene_0023 pair 96 [6, 7] combined 76440 players 1430 retained 256 seconds 0.35181097779423
shuttleset_03_scene_0023 pair 97 [6, 8] combined 100352 players 8574 retained 256 seconds 0.6967513840645552
shuttleset_03_scene_0023 pair 98 [6, 9] combined 124928 players 2982 retained 256 seconds 0.555541726294905
shuttleset_03_scene_0023 pair 99 [6, 10] combined 4896 players 212 retained 106 seconds 0.08382622385397553
shuttleset_03_scene_0023 pair 103 [6, 14] combined 26288 players 1946 retained 256 seconds 0.2236829441972077
shuttleset_03_scene_0023 pair 106 [7, 1] combined 154624 players 51338 retained 256 seconds 2.6461663460358977
shuttleset_03_scene_0023 pair 108 [7, 3] combined 189440 players 9478 retained 256 seconds 1.0322820241563022
shuttleset_03_scene_0023 pair 110 [7, 5] combined 155648 players 40154 retained 256 seconds 1.9421072737313807
shuttleset_03_scene_0023 pair 111 [7, 6] combined 81024 players 606 retained 256 seconds 0.3456928920932114
shuttleset_03_scene_0023 pair 112 [7, 8] combined 154624 players 37906 retained 256 seconds 1.9211957287043333
shuttleset_03_scene_0023 pair 116 [7, 12] combined 231424 players 2440 retained 256 seconds 1.006879382301122
shuttleset_03_scene_0023 pair 119 [7, 15] combined 53848 players 276 retained 137 seconds 0.24283981090411544
shuttleset_03_scene_0023 pair 120 [8, 0] combined 262144 players 52014 retained 256 seconds 3.235666824039072
shuttleset_03_scene_0023 pair 122 [8, 2] combined 262144 players 1972 retained 256 seconds 1.0263524139299989
shuttleset_03_scene_0023 pair 123 [8, 3] combined 262144 players 63122 retained 256 seconds 3.017439426854253
shuttleset_03_scene_0023 pair 126 [8, 6] combined 92160 players 15098 retained 256 seconds 1.0996447918005288
shuttleset_03_scene_0023 pair 127 [8, 7] combined 130048 players 28554 retained 256 seconds 1.5364942457526922
shuttleset_03_scene_0023 pair 130 [8, 11] combined 262144 players 200 retained 100 seconds 0.9234565133228898
shuttleset_03_scene_0023 pair 131 [8, 12] combined 262144 players 19612 retained 256 seconds 1.573078169953078
shuttleset_03_scene_0023 pair 132 [8, 13] combined 143360 players 15236 retained 256 seconds 1.0627217260189354
shuttleset_03_scene_0023 pair 138 [9, 3] combined 194560 players 28736 retained 256 seconds 1.64398283790797
shuttleset_03_scene_0023 pair 141 [9, 6] combined 100352 players 3214 retained 256 seconds 0.48993620788678527
shuttleset_03_scene_0023 pair 145 [9, 11] combined 262144 players 52976 retained 256 seconds 2.854186986107379
shuttleset_03_scene_0023 pair 146 [9, 12] combined 262144 players 10302 retained 256 seconds 1.2371429237537086
shuttleset_03_scene_0023 pair 149 [9, 15] combined 139264 players 7054 retained 256 seconds 0.7743273163214326
shuttleset_03_scene_0023 pair 152 [10, 2] combined 50176 players 940 retained 256 seconds 0.3011116720736027
shuttleset_03_scene_0023 pair 153 [10, 3] combined 23552 players 7632 retained 256 seconds 0.47158491099253297
shuttleset_03_scene_0023 pair 156 [10, 6] combined 7104 players 1042 retained 256 seconds 0.13512521889060736
shuttleset_03_scene_0023 pair 161 [10, 12] combined 34816 players 2692 retained 256 seconds 0.2840657336637378
shuttleset_03_scene_0023 pair 162 [10, 13] combined 10440 players 680 retained 256 seconds 0.13623036304488778
shuttleset_03_scene_0023 pair 164 [10, 15] combined 14616 players 4260 retained 256 seconds 0.295783082023263
shuttleset_03_scene_0023 pair 168 [11, 3] combined 131072 players 46608 retained 256 seconds 2.161548091098666
shuttleset_03_scene_0023 pair 169 [11, 4] combined 152576 players 5550 retained 256 seconds 0.7840745290741324
shuttleset_03_scene_0023 pair 173 [11, 8] combined 186368 players 2564 retained 256 seconds 0.9345204620622098
shuttleset_03_scene_0023 pair 174 [11, 9] combined 164864 players 36322 retained 256 seconds 1.8750653229653835
shuttleset_03_scene_0023 pair 178 [11, 14] combined 51840 players 876 retained 256 seconds 0.3061060546897352
shuttleset_03_scene_0023 pair 179 [11, 15] combined 69936 players 19888 retained 256 seconds 1.0149701470509171
shuttleset_03_scene_0023 pair 180 [12, 0] combined 226304 players 6300 retained 256 seconds 1.5311257517896593
shuttleset_03_scene_0023 pair 181 [12, 1] combined 262144 players 46120 retained 256 seconds 2.5822831890545785
shuttleset_03_scene_0023 pair 184 [12, 4] combined 262144 players 10098 retained 256 seconds 1.2560279099270701
shuttleset_03_scene_0023 pair 185 [12, 5] combined 262144 players 27966 retained 256 seconds 2.0606056163087487
shuttleset_03_scene_0023 pair 187 [12, 7] combined 173280 players 3026 retained 256 seconds 0.6938395299948752
shuttleset_03_scene_0023 pair 188 [12, 8] combined 262144 players 9058 retained 256 seconds 1.2078496469184756
shuttleset_03_scene_0023 pair 189 [12, 9] combined 262144 players 9148 retained 256 seconds 1.1880792109295726
shuttleset_03_scene_0023 pair 190 [12, 10] combined 19456 players 2188 retained 256 seconds 0.23611334478482604
shuttleset_03_scene_0023 pair 195 [13, 0] combined 247808 players 10730 retained 256 seconds 1.7490197992883623
shuttleset_03_scene_0023 pair 196 [13, 1] combined 88064 players 5572 retained 256 seconds 0.6901232050731778
shuttleset_03_scene_0023 pair 198 [13, 3] combined 217088 players 14296 retained 256 seconds 1.2789282849989831
shuttleset_03_scene_0023 pair 199 [13, 4] combined 105472 players 1932 retained 256 seconds 0.4913734933361411
shuttleset_03_scene_0023 pair 200 [13, 5] combined 94208 players 6094 retained 256 seconds 0.6292758253403008
shuttleset_03_scene_0023 pair 203 [13, 8] combined 100352 players 7920 retained 256 seconds 0.700716464780271
shuttleset_03_scene_0023 pair 205 [13, 10] combined 9152 players 550 retained 240 seconds 0.12769979098811746
shuttleset_03_scene_0023 pair 208 [13, 14] combined 30284 players 1394 retained 256 seconds 0.2234377060085535
shuttleset_03_scene_0023 pair 209 [13, 15] combined 95904 players 712 retained 256 seconds 0.3979734373278916
shuttleset_03_scene_0023 pair 210 [14, 0] combined 106496 players 20994 retained 256 seconds 1.6778760831803083
shuttleset_03_scene_0023 pair 212 [14, 2] combined 116736 players 1282 retained 256 seconds 0.704777151811868
shuttleset_03_scene_0023 pair 213 [14, 3] combined 114688 players 26980 retained 256 seconds 1.370821873191744
shuttleset_03_scene_0023 pair 216 [14, 6] combined 23408 players 3176 retained 256 seconds 0.26026014192029834
shuttleset_03_scene_0023 pair 221 [14, 11] combined 133980 players 128 retained 64 seconds 0.48534458316862583
shuttleset_03_scene_0023 pair 223 [14, 13] combined 67500 players 8284 retained 256 seconds 0.5526234959252179
shuttleset_03_scene_0023 pair 227 [15, 2] combined 140288 players 44368 retained 256 seconds 2.07814054004848
shuttleset_03_scene_0023 pair 232 [15, 7] combined 89280 players 356 retained 178 seconds 0.3712647692300379
shuttleset_03_scene_0023 pair 234 [15, 9] combined 114688 players 3050 retained 256 seconds 0.5531029687263072
shuttleset_03_scene_0023 pair 235 [15, 10] combined 6116 players 2336 retained 256 seconds 0.20444256532937288
shuttleset_03_scene_0023 pair 236 [15, 11] combined 122388 players 16608 retained 256 seconds 1.089812281075865
shuttleset_03_scene_0023 pair 238 [15, 13] combined 77672 players 784 retained 256 seconds 0.35562268598005176
shuttleset_03_scene_0023 pair 0 [0, 1] combined 262144 players 48668 retained 256 seconds 3.418718903325498
shuttleset_03_scene_0023 pair 1 [0, 2] combined 161792 players 34164 retained 256 seconds 2.3026504372246563
shuttleset_03_scene_0023 pair 4 [0, 5] combined 33792 players 6290 retained 256 seconds 1.0473554013296962
shuttleset_03_scene_0023 pair 5 [0, 6] combined 64512 players 7372 retained 256 seconds 1.161523716058582
shuttleset_03_scene_0023 pair 7 [0, 8] combined 48128 players 8628 retained 256 seconds 1.1397333038039505
shuttleset_03_scene_0023 pair 11 [0, 12] combined 195584 players 39442 retained 256 seconds 2.507303958758712
shuttleset_03_scene_0023 pair 12 [0, 13] combined 15360 players 2226 retained 256 seconds 0.8171507362276316
shuttleset_03_scene_0023 pair 13 [0, 14] combined 6144 players 760 retained 256 seconds 0.7259293808601797
shuttleset_03_scene_0023 pair 15 [1, 0] combined 262144 players 53696 retained 256 seconds 3.113512277137488
shuttleset_03_scene_0023 pair 16 [1, 2] combined 262144 players 6568 retained 256 seconds 1.148698245640844
shuttleset_03_scene_0023 pair 17 [1, 3] combined 262144 players 67982 retained 256 seconds 3.334623711183667
shuttleset_03_scene_0023 pair 20 [1, 6] combined 43008 players 7728 retained 256 seconds 0.5537780048325658
shuttleset_03_scene_0023 pair 21 [1, 7] combined 4096 players 1618 retained 256 seconds 0.20169385010376573
shuttleset_03_scene_0023 pair 26 [1, 12] combined 137216 players 30414 retained 256 seconds 1.5742908329702914
shuttleset_03_scene_0023 pair 27 [1, 13] combined 2048 players 288 retained 132 seconds 0.13490396086126566
shuttleset_03_scene_0023 pair 30 [2, 0] combined 245760 players 59366 retained 256 seconds 3.2290452918969095
shuttleset_03_scene_0023 pair 31 [2, 1] combined 210944 players 6494 retained 256 seconds 0.9516516732983291
shuttleset_03_scene_0023 pair 32 [2, 3] combined 247808 players 69216 retained 256 seconds 3.4699602220207453
shuttleset_03_scene_0023 pair 33 [2, 4] combined 2048 players 26 retained 13 seconds 0.09326364193111658
shuttleset_03_scene_0023 pair 34 [2, 5] combined 59392 players 1970 retained 256 seconds 0.3381791366264224
shuttleset_03_scene_0023 pair 37 [2, 8] combined 72000 players 2182 retained 256 seconds 0.37436777586117387
shuttleset_03_scene_0023 pair 39 [2, 10] combined 12288 players 0 retained 0 seconds 0.08963906997814775
shuttleset_03_scene_0023 pair 43 [2, 14] combined 18468 players 894 retained 256 seconds 0.17680989811196923
shuttleset_03_scene_0023 pair 44 [2, 15] combined 17388 players 1366 retained 256 seconds 0.20143293170258403
shuttleset_03_scene_0023 pair 46 [3, 1] combined 262144 players 56764 retained 256 seconds 2.881692123133689
shuttleset_03_scene_0023 pair 47 [3, 2] combined 163840 players 34632 retained 256 seconds 1.8230906929820776
shuttleset_03_scene_0023 pair 48 [3, 4] combined 5120 players 1786 retained 256 seconds 0.19044090528041124
shuttleset_03_scene_0023 pair 49 [3, 5] combined 30720 players 6296 retained 256 seconds 0.41809911327436566
shuttleset_03_scene_0023 pair 51 [3, 7] combined 17272 players 6234 retained 256 seconds 0.34444753592833877
shuttleset_03_scene_0023 pair 52 [3, 8] combined 47104 players 10456 retained 256 seconds 0.6073860488831997
shuttleset_03_scene_0023 pair 53 [3, 9] combined 19456 players 7096 retained 256 seconds 0.3886026730760932
shuttleset_03_scene_0023 pair 54 [3, 10] combined 5120 players 934 retained 256 seconds 0.15562704717740417
shuttleset_03_scene_0023 pair 55 [3, 11] combined 14336 players 1664 retained 256 seconds 0.2074282318353653
shuttleset_03_scene_0023 pair 57 [3, 13] combined 9216 players 1000 retained 256 seconds 0.15957181015983224
shuttleset_03_scene_0023 pair 58 [3, 14] combined 6144 players 1236 retained 256 seconds 0.16256181802600622
shuttleset_03_scene_0023 pair 62 [4, 2] combined 7240 players 682 retained 256 seconds 0.127251829020679
shuttleset_03_scene_0023 pair 63 [4, 3] combined 4096 players 1368 retained 256 seconds 0.1466301279142499
shuttleset_03_scene_0023 pair 65 [4, 6] combined 1372 players 0 retained 0 seconds 0.022903223056346178
shuttleset_03_scene_0023 pair 70 [4, 11] combined 720 players 140 retained 70 seconds 0.052817081566900015
shuttleset_03_scene_0023 pair 71 [4, 12] combined 7680 players 0 retained 0 seconds 0.33445811131969094
shuttleset_03_scene_0023 pair 72 [4, 13] combined 32 players 4 retained 2 seconds 0.03509509703144431
shuttleset_03_scene_0023 pair 75 [5, 0] combined 53248 players 10004 retained 256 seconds 0.9546493580564857
shuttleset_03_scene_0023 pair 77 [5, 2] combined 94208 players 496 retained 248 seconds 0.3798875529319048
shuttleset_03_scene_0023 pair 78 [5, 3] combined 52224 players 13826 retained 256 seconds 0.7240094249136746
shuttleset_03_scene_0023 pair 80 [5, 6] combined 6768 players 1436 retained 256 seconds 0.1485405690036714
shuttleset_03_scene_0023 pair 81 [5, 7] combined 980 players 354 retained 177 seconds 0.07283961120992899
shuttleset_03_scene_0023 pair 86 [5, 12] combined 27776 players 6660 retained 256 seconds 0.3804216403514147
shuttleset_03_scene_0023 pair 87 [5, 13] combined 448 players 112 retained 54 seconds 0.05608902592211962
shuttleset_03_scene_0023 pair 90 [6, 0] combined 78848 players 2402 retained 256 seconds 0.7907260959036648
shuttleset_03_scene_0023 pair 91 [6, 1] combined 61440 players 11982 retained 256 seconds 0.7288520918227732
shuttleset_03_scene_0023 pair 94 [6, 4] combined 1708 players 0 retained 0 seconds 0.02887972490862012
shuttleset_03_scene_0023 pair 95 [6, 5] combined 7812 players 1258 retained 256 seconds 0.14221806125715375
shuttleset_03_scene_0023 pair 96 [6, 7] combined 5236 players 40 retained 20 seconds 0.06502491235733032
shuttleset_03_scene_0023 pair 97 [6, 8] combined 13632 players 2290 retained 256 seconds 0.19751910725608468
shuttleset_03_scene_0023 pair 98 [6, 9] combined 5700 players 184 retained 91 seconds 0.07766147935763001
shuttleset_03_scene_0023 pair 99 [6, 10] combined 2072 players 0 retained 0 seconds 0.03007442643865943
shuttleset_03_scene_0023 pair 103 [6, 14] combined 1800 players 122 retained 55 seconds 0.057995148934423923
shuttleset_03_scene_0023 pair 106 [7, 1] combined 2048 players 616 retained 256 seconds 0.13205993780866265
shuttleset_03_scene_0023 pair 108 [7, 3] combined 6144 players 0 retained 0 seconds 0.05817025434225798
shuttleset_03_scene_0023 pair 110 [7, 5] combined 240 players 80 retained 40 seconds 0.045306213200092316
shuttleset_03_scene_0023 pair 111 [7, 6] combined 4636 players 16 retained 7 seconds 0.05641633132472634
shuttleset_03_scene_0023 pair 112 [7, 8] combined 344 players 114 retained 55 seconds 0.04905292671173811
shuttleset_03_scene_0023 pair 116 [7, 12] combined 16700 players 144 retained 72 seconds 0.10102996090427041
shuttleset_03_scene_0023 pair 119 [7, 15] combined 2100 players 0 retained 0 seconds 0.02520823199301958
shuttleset_03_scene_0023 pair 120 [8, 0] combined 80896 players 15506 retained 256 seconds 1.205539199989289
shuttleset_03_scene_0023 pair 122 [8, 2] combined 74752 players 522 retained 256 seconds 0.3298887559212744
shuttleset_03_scene_0023 pair 123 [8, 3] combined 84992 players 19390 retained 256 seconds 0.9671980501152575
shuttleset_03_scene_0023 pair 126 [8, 6] combined 13720 players 1526 retained 256 seconds 0.17070030374452472
shuttleset_03_scene_0023 pair 127 [8, 7] combined 828 players 318 retained 159 seconds 0.07121037505567074
shuttleset_03_scene_0023 pair 130 [8, 11] combined 13872 players 0 retained 0 seconds 0.07083599781617522
shuttleset_03_scene_0023 pair 131 [8, 12] combined 39872 players 3614 retained 256 seconds 0.3136967122554779
shuttleset_03_scene_0023 pair 132 [8, 13] combined 1140 players 242 retained 121 seconds 0.06650450313463807
shuttleset_03_scene_0023 pair 138 [9, 3] combined 14336 players 2942 retained 256 seconds 0.22327663656324148
shuttleset_03_scene_0023 pair 141 [9, 6] combined 7904 players 110 retained 55 seconds 0.07126560620963573
shuttleset_03_scene_0023 pair 145 [9, 11] combined 7448 players 2426 retained 256 seconds 0.1644496712833643
shuttleset_03_scene_0023 pair 146 [9, 12] combined 19832 players 594 retained 256 seconds 0.14287608722224832
shuttleset_03_scene_0023 pair 149 [9, 15] combined 4600 players 92 retained 46 seconds 0.0652855858206749
shuttleset_03_scene_0023 pair 152 [10, 2] combined 8496 players 0 retained 0 seconds 0.06208546971902251
shuttleset_03_scene_0023 pair 153 [10, 3] combined 5120 players 1362 retained 256 seconds 0.1506354110315442
shuttleset_03_scene_0023 pair 156 [10, 6] combined 1376 players 48 retained 24 seconds 0.05065145110711455
shuttleset_03_scene_0023 pair 161 [10, 12] combined 3668 players 80 retained 40 seconds 0.06287432368844748
shuttleset_03_scene_0023 pair 162 [10, 13] combined 0 players 0 retained 0 seconds 0.0117265316657722
shuttleset_03_scene_0023 pair 164 [10, 15] combined 2444 players 794 retained 256 seconds 0.1115667768754065
shuttleset_03_scene_0023 pair 168 [11, 3] combined 16384 players 5538 retained 256 seconds 0.33305497374385595
shuttleset_03_scene_0023 pair 169 [11, 4] combined 344 players 0 retained 0 seconds 0.022828802932053804
shuttleset_03_scene_0023 pair 173 [11, 8] combined 4452 players 72 retained 36 seconds 0.06803821632638574
shuttleset_03_scene_0023 pair 174 [11, 9] combined 4400 players 1482 retained 256 seconds 0.1267375135794282
shuttleset_03_scene_0023 pair 178 [11, 14] combined 840 players 52 retained 26 seconds 0.04994204081594944
shuttleset_03_scene_0023 pair 179 [11, 15] combined 2400 players 742 retained 256 seconds 0.11238018283620477
shuttleset_03_scene_0023 pair 180 [12, 0] combined 132096 players 4618 retained 256 seconds 1.0405475120060146
shuttleset_03_scene_0023 pair 181 [12, 1] combined 148480 players 22876 retained 256 seconds 1.675045195966959
shuttleset_03_scene_0023 pair 184 [12, 4] combined 3792 players 148 retained 74 seconds 0.07773979799821973
shuttleset_03_scene_0023 pair 185 [12, 5] combined 18476 players 4412 retained 256 seconds 0.2990617058239877
shuttleset_03_scene_0023 pair 187 [12, 7] combined 4984 players 32 retained 16 seconds 0.062498259358108044
shuttleset_03_scene_0023 pair 188 [12, 8] combined 36540 players 1588 retained 256 seconds 0.24017151584848762
shuttleset_03_scene_0023 pair 189 [12, 9] combined 12400 players 568 retained 256 seconds 0.12799549102783203
shuttleset_03_scene_0023 pair 190 [12, 10] combined 1208 players 0 retained 0 seconds 0.03254226176068187
shuttleset_03_scene_0023 pair 195 [13, 0] combined 8192 players 0 retained 0 seconds 0.47581533482298255
shuttleset_03_scene_0023 pair 196 [13, 1] combined 3072 players 536 retained 256 seconds 0.12968334881588817
shuttleset_03_scene_0023 pair 198 [13, 3] combined 15360 players 1546 retained 256 seconds 0.17771089216694236
shuttleset_03_scene_0023 pair 199 [13, 4] combined 24 players 12 retained 6 seconds 0.034716342110186815
shuttleset_03_scene_0023 pair 200 [13, 5] combined 360 players 44 retained 22 seconds 0.04419044218957424
shuttleset_03_scene_0023 pair 203 [13, 8] combined 516 players 110 retained 52 seconds 0.04916199017316103
shuttleset_03_scene_0023 pair 205 [13, 10] combined 0 players 0 retained 0 seconds 0.01080404780805111
shuttleset_03_scene_0023 pair 208 [13, 14] combined 96 players 16 retained 8 seconds 0.03418271616101265
shuttleset_03_scene_0023 pair 209 [13, 15] combined 864 players 0 retained 0 seconds 0.022366791032254696
shuttleset_03_scene_0023 pair 210 [14, 0] combined 17408 players 3088 retained 256 seconds 0.6174797536805272
shuttleset_03_scene_0023 pair 212 [14, 2] combined 13312 players 244 retained 122 seconds 0.11839335830882192
shuttleset_03_scene_0023 pair 213 [14, 3] combined 14336 players 3158 retained 256 seconds 0.23320426791906357
shuttleset_03_scene_0023 pair 216 [14, 6] combined 1204 players 142 retained 71 seconds 0.05690345726907253
shuttleset_03_scene_0023 pair 221 [14, 11] combined 1768 players 0 retained 0 seconds 0.02358283707872033
shuttleset_03_scene_0023 pair 223 [14, 13] combined 460 players 154 retained 76 seconds 0.04618239076808095
shuttleset_03_scene_0023 pair 227 [15, 2] combined 22876 players 7662 retained 256 seconds 0.4302518558688462
shuttleset_03_scene_0023 pair 232 [15, 7] combined 1000 players 0 retained 0 seconds 0.03266978310421109
shuttleset_03_scene_0023 pair 234 [15, 9] combined 2176 players 6 retained 3 seconds 0.05889208894222975
shuttleset_03_scene_0023 pair 235 [15, 10] combined 600 players 182 retained 78 seconds 0.0691229049116373
shuttleset_03_scene_0023 pair 236 [15, 11] combined 2112 players 400 retained 161 seconds 0.09226406505331397
shuttleset_03_scene_0023 pair 238 [15, 13] combined 448 players 0 retained 0 seconds 0.030464531388133764
[shuttleset_03_scene_0023] line-template: preparing rectangles
[shuttleset_03_scene_0023] measuring 702 parents (G0=256, G1=256, line_template=256; conflicting geometry groups=0)
[shuttleset_03_scene_0023] parents 250/702
[shuttleset_03_scene_0023] parents 500/702
[shuttleset_03_scene_0023] refitting 702 parents
[shuttleset_03_scene_0023] refits 250/702; valid children=243
[shuttleset_03_scene_0023] refits 500/702; valid children=489
{"view_id": "shuttleset_03_scene_0023", "chosen_key": "G1:1:14894/child", "no_court_reason": null, "all_checks_equal": null, "error": null}
{"views": ["shuttleset_03_scene_0023"], "startup_seconds": 0.04542415635660291, "wall_seconds": 748.4993783142418, "peak_rss_mb": 1731.94921875, "failed": []}
