decoded /scratch/cmarti/issue103_ad8da4f/external/shuttleset-sources/3 Kento_MOMOTA_CHOU_Tien_Chen_KOREA_OPEN_2019_Final.mp4 to frame 41025 in 277s
shuttleset_03_scene_0019 pair 0 [0, 1] combined 262144 players 69820 retained 256 seconds 4.931582591962069
shuttleset_03_scene_0019 pair 1 [0, 2] combined 262144 players 63286 retained 256 seconds 4.493075337726623
shuttleset_03_scene_0019 pair 2 [0, 3] combined 223232 players 68940 retained 256 seconds 4.564134719781578
shuttleset_03_scene_0019 pair 4 [0, 5] combined 262144 players 68980 retained 256 seconds 4.63955663703382
shuttleset_03_scene_0019 pair 6 [0, 7] combined 142336 players 41158 retained 256 seconds 3.4752737819217145
shuttleset_03_scene_0019 pair 7 [0, 8] combined 262144 players 20006 retained 256 seconds 2.9582524630241096
shuttleset_03_scene_0019 pair 8 [0, 9] combined 208896 players 55182 retained 256 seconds 4.225641908124089
shuttleset_03_scene_0019 pair 9 [0, 10] combined 262144 players 73274 retained 256 seconds 5.169410213828087
shuttleset_03_scene_0019 pair 10 [0, 11] combined 262144 players 112382 retained 256 seconds 5.949567656032741
shuttleset_03_scene_0019 pair 11 [0, 12] combined 22528 players 1266 retained 256 seconds 1.755545963998884
shuttleset_03_scene_0019 pair 12 [0, 13] combined 1024 players 4 retained 2 seconds 1.6647893050685525
shuttleset_03_scene_0019 pair 13 [0, 14] combined 74752 players 15724 retained 256 seconds 2.385225501842797
shuttleset_03_scene_0019 pair 14 [0, 15] combined 43008 players 9672 retained 256 seconds 2.117837074678391
shuttleset_03_scene_0019 pair 15 [1, 0] combined 262144 players 85890 retained 256 seconds 4.936111006885767
shuttleset_03_scene_0019 pair 16 [1, 2] combined 262144 players 23276 retained 256 seconds 1.9552267608232796
shuttleset_03_scene_0019 pair 18 [1, 4] combined 262144 players 66348 retained 256 seconds 3.344876659102738
shuttleset_03_scene_0019 pair 20 [1, 6] combined 173056 players 41502 retained 256 seconds 2.334035795647651
shuttleset_03_scene_0019 pair 21 [1, 7] combined 231424 players 17890 retained 256 seconds 1.6370979049243033
shuttleset_03_scene_0019 pair 22 [1, 8] combined 172032 players 35638 retained 256 seconds 2.1138839228078723
shuttleset_03_scene_0019 pair 25 [1, 11] combined 212992 players 22216 retained 256 seconds 1.715755411889404
shuttleset_03_scene_0019 pair 26 [1, 12] combined 33792 players 5176 retained 256 seconds 0.5612972187809646
shuttleset_03_scene_0019 pair 27 [1, 13] combined 5120 players 1280 retained 256 seconds 0.316933108959347
shuttleset_03_scene_0019 pair 30 [2, 0] combined 262144 players 87318 retained 256 seconds 5.142579434905201
shuttleset_03_scene_0019 pair 31 [2, 1] combined 262144 players 3006 retained 256 seconds 1.2633503549732268
shuttleset_03_scene_0019 pair 32 [2, 3] combined 262144 players 1392 retained 256 seconds 1.0421929131262004
shuttleset_03_scene_0019 pair 33 [2, 4] combined 262144 players 65550 retained 256 seconds 3.0800114488229156
shuttleset_03_scene_0019 pair 38 [2, 9] combined 241664 players 3250 retained 256 seconds 1.1517352517694235
shuttleset_03_scene_0019 pair 43 [2, 14] combined 77824 players 2964 retained 256 seconds 0.5185404261574149
shuttleset_03_scene_0019 pair 45 [3, 0] combined 262144 players 95192 retained 256 seconds 5.101918440777808
shuttleset_03_scene_0019 pair 47 [3, 2] combined 262144 players 7258 retained 256 seconds 1.2523510162718594
shuttleset_03_scene_0019 pair 49 [3, 5] combined 262144 players 20156 retained 256 seconds 1.6409641182981431
shuttleset_03_scene_0019 pair 51 [3, 7] combined 256000 players 9284 retained 256 seconds 1.227703575976193
shuttleset_03_scene_0019 pair 52 [3, 8] combined 176616 players 16564 retained 256 seconds 1.2371863117441535
shuttleset_03_scene_0019 pair 56 [3, 12] combined 26624 players 1200 retained 256 seconds 0.2721427120268345
shuttleset_03_scene_0019 pair 57 [3, 13] combined 3072 players 16 retained 8 seconds 0.13246024399995804
shuttleset_03_scene_0019 pair 59 [3, 15] combined 106496 players 1812 retained 256 seconds 0.5304440041072667
shuttleset_03_scene_0019 pair 61 [4, 1] combined 262144 players 71430 retained 256 seconds 3.8358531640842557
shuttleset_03_scene_0019 pair 62 [4, 2] combined 262144 players 52118 retained 256 seconds 3.0111981658264995
shuttleset_03_scene_0019 pair 64 [4, 5] combined 262144 players 70960 retained 256 seconds 3.570697844028473
shuttleset_03_scene_0019 pair 66 [4, 7] combined 145408 players 41394 retained 256 seconds 2.3457699711434543
shuttleset_03_scene_0019 pair 69 [4, 10] combined 262144 players 64454 retained 256 seconds 3.4119766619987786
shuttleset_03_scene_0019 pair 71 [4, 12] combined 16384 players 2254 retained 256 seconds 0.3208054597489536
shuttleset_03_scene_0019 pair 73 [4, 14] combined 74752 players 17510 retained 256 seconds 1.0447333916090429
shuttleset_03_scene_0019 pair 75 [5, 0] combined 262144 players 76852 retained 256 seconds 4.824612113181502
shuttleset_03_scene_0019 pair 78 [5, 3] combined 262144 players 35546 retained 256 seconds 2.217221006285399
shuttleset_03_scene_0019 pair 79 [5, 4] combined 262144 players 73728 retained 256 seconds 3.8901549647562206
shuttleset_03_scene_0019 pair 80 [5, 6] combined 176128 players 55288 retained 256 seconds 2.740354643203318
shuttleset_03_scene_0019 pair 85 [5, 11] combined 199680 players 50868 retained 256 seconds 2.647054593078792
shuttleset_03_scene_0019 pair 88 [5, 14] combined 103424 players 5232 retained 256 seconds 0.694636934902519
shuttleset_03_scene_0019 pair 91 [6, 1] combined 258048 players 74742 retained 256 seconds 3.9354605777189136
shuttleset_03_scene_0019 pair 95 [6, 5] combined 259072 players 51416 retained 256 seconds 2.799404232762754
shuttleset_03_scene_0019 pair 99 [6, 10] combined 256000 players 72788 retained 256 seconds 3.6313829757273197
shuttleset_03_scene_0019 pair 105 [7, 0] combined 260096 players 82132 retained 256 seconds 4.858991713728756
shuttleset_03_scene_0019 pair 106 [7, 1] combined 262144 players 8690 retained 256 seconds 1.2962378049269319
shuttleset_03_scene_0019 pair 108 [7, 3] combined 236544 players 1374 retained 256 seconds 0.8886618069373071
shuttleset_03_scene_0019 pair 109 [7, 4] combined 262144 players 60606 retained 256 seconds 3.2869927790015936
shuttleset_03_scene_0019 pair 113 [7, 9] combined 225900 players 786 retained 256 seconds 0.8532416033558547
shuttleset_03_scene_0019 pair 118 [7, 14] combined 65000 players 1574 retained 256 seconds 0.3625378352589905
shuttleset_03_scene_0019 pair 120 [8, 0] combined 262144 players 3888 retained 256 seconds 2.0178863191977143
shuttleset_03_scene_0019 pair 121 [8, 1] combined 251904 players 22694 retained 256 seconds 1.7434779349714518
shuttleset_03_scene_0019 pair 123 [8, 3] combined 233472 players 23630 retained 256 seconds 1.728190507274121
shuttleset_03_scene_0019 pair 128 [8, 9] combined 262144 players 12296 retained 256 seconds 1.3637334499508142
shuttleset_03_scene_0019 pair 133 [8, 14] combined 67584 players 6994 retained 256 seconds 0.7007858580909669
shuttleset_03_scene_0019 pair 135 [9, 0] combined 262144 players 88060 retained 256 seconds 5.056548553984612
shuttleset_03_scene_0019 pair 137 [9, 2] combined 262144 players 8392 retained 256 seconds 1.2858563531190157
shuttleset_03_scene_0019 pair 142 [9, 7] combined 257024 players 16876 retained 256 seconds 1.505324678029865
shuttleset_03_scene_0019 pair 143 [9, 8] combined 189440 players 3754 retained 256 seconds 0.8445136961527169
shuttleset_03_scene_0019 pair 146 [9, 12] combined 25792 players 2676 retained 256 seconds 0.30340559501200914
shuttleset_03_scene_0019 pair 147 [9, 13] combined 3072 players 30 retained 15 seconds 0.2805849639698863
shuttleset_03_scene_0019 pair 149 [9, 15] combined 64512 players 1766 retained 256 seconds 0.395066540222615
shuttleset_03_scene_0019 pair 150 [10, 0] combined 262144 players 85036 retained 256 seconds 4.608271787874401
shuttleset_03_scene_0019 pair 154 [10, 4] combined 262144 players 67026 retained 256 seconds 3.4933567182160914
shuttleset_03_scene_0019 pair 156 [10, 6] combined 176128 players 31092 retained 256 seconds 1.7211661119945347
shuttleset_03_scene_0019 pair 160 [10, 11] combined 220160 players 9390 retained 256 seconds 1.162209992762655
shuttleset_03_scene_0019 pair 163 [10, 14] combined 77824 players 9822 retained 256 seconds 0.7219140902161598
shuttleset_03_scene_0019 pair 165 [11, 0] combined 219136 players 11780 retained 256 seconds 2.122068213764578
shuttleset_03_scene_0019 pair 166 [11, 1] combined 262144 players 35692 retained 256 seconds 2.269043412990868
shuttleset_03_scene_0019 pair 170 [11, 5] combined 262144 players 42448 retained 256 seconds 2.4995626769959927
shuttleset_03_scene_0019 pair 175 [11, 10] combined 262144 players 10156 retained 256 seconds 1.4415537607856095
shuttleset_03_scene_0019 pair 180 [12, 0] combined 32768 players 1030 retained 256 seconds 1.1660471772775054
shuttleset_03_scene_0019 pair 181 [12, 1] combined 12288 players 652 retained 256 seconds 0.2498580738902092
shuttleset_03_scene_0019 pair 183 [12, 3] combined 38912 players 382 retained 172 seconds 0.2344866180792451
shuttleset_03_scene_0019 pair 184 [12, 4] combined 24576 players 2404 retained 256 seconds 0.2921950309537351
shuttleset_03_scene_0019 pair 189 [12, 9] combined 30100 players 434 retained 219 seconds 0.20891859428957105
shuttleset_03_scene_0019 pair 195 [13, 0] combined 5120 players 36 retained 18 seconds 1.034839237574488
shuttleset_03_scene_0019 pair 196 [13, 1] combined 2048 players 396 retained 174 seconds 0.1899131559766829
shuttleset_03_scene_0019 pair 198 [13, 3] combined 3072 players 192 retained 95 seconds 0.11573644168674946
shuttleset_03_scene_0019 pair 204 [13, 9] combined 2048 players 110 retained 50 seconds 0.09994522761553526
shuttleset_03_scene_0019 pair 208 [13, 14] combined 2016 players 0 retained 0 seconds 0.03452678117901087
shuttleset_03_scene_0019 pair 210 [14, 0] combined 135168 players 40620 retained 256 seconds 2.8398067569360137
shuttleset_03_scene_0019 pair 212 [14, 2] combined 120832 players 10380 retained 256 seconds 0.8660030057653785
shuttleset_03_scene_0019 pair 214 [14, 4] combined 128000 players 36490 retained 256 seconds 1.8219677018932998
shuttleset_03_scene_0019 pair 215 [14, 5] combined 112640 players 5894 retained 256 seconds 0.6957964450120926
shuttleset_03_scene_0019 pair 217 [14, 7] combined 85432 players 1588 retained 256 seconds 0.40787363424897194
shuttleset_03_scene_0019 pair 218 [14, 8] combined 82960 players 14852 retained 256 seconds 0.9957518326118588
shuttleset_03_scene_0019 pair 220 [14, 10] combined 107520 players 4140 retained 256 seconds 0.5957651911303401
shuttleset_03_scene_0019 pair 223 [14, 13] combined 0 players 0 retained 0 seconds 0.03949546301737428
shuttleset_03_scene_0019 pair 224 [14, 15] combined 50592 players 624 retained 256 seconds 0.2685883487574756
shuttleset_03_scene_0019 pair 225 [15, 0] combined 70656 players 21954 retained 256 seconds 2.0139938411302865
shuttleset_03_scene_0019 pair 228 [15, 3] combined 43008 players 1124 retained 256 seconds 0.2993066171184182
shuttleset_03_scene_0019 pair 234 [15, 9] combined 81920 players 3214 retained 256 seconds 0.47510248562321067
shuttleset_03_scene_0019 pair 239 [15, 14] combined 25740 players 380 retained 166 seconds 0.17245243396610022
shuttleset_03_scene_0019 pair 0 [0, 1] combined 114688 players 26038 retained 256 seconds 2.2075038920156658
shuttleset_03_scene_0019 pair 1 [0, 2] combined 67584 players 20618 retained 256 seconds 1.9179125018417835
shuttleset_03_scene_0019 pair 2 [0, 3] combined 1024 players 332 retained 111 seconds 0.9410938830114901
shuttleset_03_scene_0019 pair 4 [0, 5] combined 94208 players 20224 retained 256 seconds 1.9163609757088125
shuttleset_03_scene_0019 pair 6 [0, 7] combined 23552 players 6172 retained 256 seconds 1.2029292550869286
shuttleset_03_scene_0019 pair 7 [0, 8] combined 46080 players 1548 retained 256 seconds 1.132528583984822
shuttleset_03_scene_0019 pair 8 [0, 9] combined 4096 players 1290 retained 256 seconds 0.9968596831895411
shuttleset_03_scene_0019 pair 9 [0, 10] combined 43008 players 11056 retained 256 seconds 1.6856482168659568
shuttleset_03_scene_0019 pair 10 [0, 11] combined 8192 players 2942 retained 256 seconds 1.0233049551025033
shuttleset_03_scene_0019 pair 11 [0, 12] combined 44032 players 2316 retained 256 seconds 1.2138665448874235
shuttleset_03_scene_0019 pair 12 [0, 13] combined 0 players 0 retained 0 seconds 1.0106673859991133
shuttleset_03_scene_0019 pair 13 [0, 14] combined 28672 players 5930 retained 256 seconds 1.2953954921104014
shuttleset_03_scene_0019 pair 14 [0, 15] combined 8192 players 1988 retained 256 seconds 1.100809761788696
shuttleset_03_scene_0019 pair 15 [1, 0] combined 215040 players 57344 retained 256 seconds 3.507069286890328
shuttleset_03_scene_0019 pair 16 [1, 2] combined 140160 players 10420 retained 256 seconds 0.8995125396177173
shuttleset_03_scene_0019 pair 18 [1, 4] combined 101016 players 25520 retained 256 seconds 1.3797683287411928
shuttleset_03_scene_0019 pair 20 [1, 6] combined 0 players 0 retained 0 seconds 0.05878828186541796
shuttleset_03_scene_0019 pair 21 [1, 7] combined 24000 players 452 retained 228 seconds 0.19859933760017157
shuttleset_03_scene_0019 pair 22 [1, 8] combined 15916 players 4970 retained 256 seconds 0.33462921530008316
shuttleset_03_scene_0019 pair 25 [1, 11] combined 3576 players 76 retained 38 seconds 0.09794897586107254
shuttleset_03_scene_0019 pair 26 [1, 12] combined 40320 players 5246 retained 256 seconds 0.4160127229988575
shuttleset_03_scene_0019 pair 27 [1, 13] combined 0 players 0 retained 0 seconds 0.05595402792096138
shuttleset_03_scene_0019 pair 30 [2, 0] combined 96256 players 30958 retained 256 seconds 2.3135684691369534
shuttleset_03_scene_0019 pair 31 [2, 1] combined 87292 players 3418 retained 256 seconds 0.5099877920001745
shuttleset_03_scene_0019 pair 32 [2, 3] combined 1380 players 0 retained 0 seconds 0.0556626389734447
shuttleset_03_scene_0019 pair 33 [2, 4] combined 39516 players 12070 retained 256 seconds 0.6955537628382444
shuttleset_03_scene_0019 pair 38 [2, 9] combined 4160 players 44 retained 22 seconds 0.09644972020760179
shuttleset_03_scene_0019 pair 43 [2, 14] combined 13520 players 192 retained 96 seconds 0.13287303829565644
shuttleset_03_scene_0019 pair 45 [3, 0] combined 5120 players 1838 retained 256 seconds 0.7417183239012957
shuttleset_03_scene_0019 pair 47 [3, 2] combined 3264 players 0 retained 0 seconds 0.04966276092454791
shuttleset_03_scene_0019 pair 49 [3, 5] combined 4004 players 204 retained 102 seconds 0.08802422787994146
shuttleset_03_scene_0019 pair 51 [3, 7] combined 828 players 84 retained 42 seconds 0.05267032515257597
shuttleset_03_scene_0019 pair 52 [3, 8] combined 240 players 0 retained 0 seconds 0.017552698031067848
shuttleset_03_scene_0019 pair 56 [3, 12] combined 320 players 0 retained 0 seconds 0.02050526672974229
shuttleset_03_scene_0019 pair 57 [3, 13] combined 0 players 0 retained 0 seconds 0.01149835903197527
shuttleset_03_scene_0019 pair 59 [3, 15] combined 304 players 0 retained 0 seconds 0.019302815664559603
shuttleset_03_scene_0019 pair 61 [4, 1] combined 70620 players 20988 retained 256 seconds 1.0724840890616179
shuttleset_03_scene_0019 pair 62 [4, 2] combined 45292 players 15380 retained 256 seconds 0.858559210319072
shuttleset_03_scene_0019 pair 64 [4, 5] combined 61200 players 18058 retained 256 seconds 1.0087824217043817
shuttleset_03_scene_0019 pair 66 [4, 7] combined 16848 players 4756 retained 256 seconds 0.36813188064843416
shuttleset_03_scene_0019 pair 69 [4, 10] combined 29624 players 10890 retained 256 seconds 0.6517945802770555
shuttleset_03_scene_0019 pair 71 [4, 12] combined 29256 players 5262 retained 256 seconds 0.4080062280409038
shuttleset_03_scene_0019 pair 73 [4, 14] combined 20400 players 4840 retained 256 seconds 0.36489354399964213
shuttleset_03_scene_0019 pair 75 [5, 0] combined 171008 players 44574 retained 256 seconds 2.92788760503754
shuttleset_03_scene_0019 pair 78 [5, 3] combined 4060 players 710 retained 256 seconds 0.15084602078422904
shuttleset_03_scene_0019 pair 79 [5, 4] combined 73476 players 22286 retained 256 seconds 1.4542633718810976
shuttleset_03_scene_0019 pair 80 [5, 6] combined 0 players 0 retained 0 seconds 0.05444041593000293
shuttleset_03_scene_0019 pair 85 [5, 11] combined 4008 players 630 retained 256 seconds 0.1382072172127664
shuttleset_03_scene_0019 pair 88 [5, 14] combined 19376 players 236 retained 118 seconds 0.15415387600660324
shuttleset_03_scene_0019 pair 91 [6, 1] combined 0 players 0 retained 0 seconds 0.03360158018767834
shuttleset_03_scene_0019 pair 95 [6, 5] combined 0 players 0 retained 0 seconds 0.029012314975261688
shuttleset_03_scene_0019 pair 99 [6, 10] combined 0 players 0 retained 0 seconds 0.01846096059307456
shuttleset_03_scene_0019 pair 105 [7, 0] combined 40960 players 12602 retained 256 seconds 1.279954415280372
shuttleset_03_scene_0019 pair 106 [7, 1] combined 14600 players 128 retained 64 seconds 0.12859434820711613
shuttleset_03_scene_0019 pair 108 [7, 3] combined 624 players 170 retained 85 seconds 0.06079947901889682
shuttleset_03_scene_0019 pair 109 [7, 4] combined 19680 players 5636 retained 256 seconds 0.3772863023914397
shuttleset_03_scene_0019 pair 113 [7, 9] combined 1204 players 88 retained 44 seconds 0.05860082199797034
shuttleset_03_scene_0019 pair 118 [7, 14] combined 1836 players 170 retained 85 seconds 0.06518261367455125
shuttleset_03_scene_0019 pair 120 [8, 0] combined 48128 players 298 retained 149 seconds 0.8469899836927652
shuttleset_03_scene_0019 pair 121 [8, 1] combined 15096 players 3754 retained 256 seconds 0.2831996171735227
shuttleset_03_scene_0019 pair 123 [8, 3] combined 1320 players 378 retained 189 seconds 0.0781444669701159
shuttleset_03_scene_0019 pair 128 [8, 9] combined 740 players 224 retained 112 seconds 0.06320509826764464
shuttleset_03_scene_0019 pair 133 [8, 14] combined 3360 players 528 retained 256 seconds 0.1007896950468421
shuttleset_03_scene_0019 pair 135 [9, 0] combined 6144 players 2044 retained 256 seconds 0.7935810466296971
shuttleset_03_scene_0019 pair 137 [9, 2] combined 3528 players 226 retained 113 seconds 0.0935768079943955
shuttleset_03_scene_0019 pair 142 [9, 7] combined 1248 players 144 retained 72 seconds 0.05948776984587312
shuttleset_03_scene_0019 pair 143 [9, 8] combined 384 players 168 retained 84 seconds 0.056002314668148756
shuttleset_03_scene_0019 pair 146 [9, 12] combined 1148 players 62 retained 31 seconds 0.053756055887788534
shuttleset_03_scene_0019 pair 147 [9, 13] combined 0 players 0 retained 0 seconds 0.013281915802508593
shuttleset_03_scene_0019 pair 149 [9, 15] combined 720 players 80 retained 40 seconds 0.0529404953122139
shuttleset_03_scene_0019 pair 150 [10, 0] combined 76800 players 18932 retained 256 seconds 1.6494125542230904
shuttleset_03_scene_0019 pair 154 [10, 4] combined 37440 players 10360 retained 256 seconds 0.6138722193427384
shuttleset_03_scene_0019 pair 156 [10, 6] combined 0 players 0 retained 0 seconds 0.031604868825525045
shuttleset_03_scene_0019 pair 160 [10, 11] combined 1560 players 108 retained 54 seconds 0.06958710122853518
shuttleset_03_scene_0019 pair 163 [10, 14] combined 4392 players 24 retained 12 seconds 0.07723033986985683
shuttleset_03_scene_0019 pair 165 [11, 0] combined 4096 players 212 retained 106 seconds 0.7237112009897828
shuttleset_03_scene_0019 pair 166 [11, 1] combined 7072 players 1308 retained 256 seconds 0.14966428466141224
shuttleset_03_scene_0019 pair 170 [11, 5] combined 5252 players 1140 retained 256 seconds 0.1258947066962719
shuttleset_03_scene_0019 pair 175 [11, 10] combined 2340 players 194 retained 97 seconds 0.06434556609019637
shuttleset_03_scene_0019 pair 180 [12, 0] combined 69632 players 218 retained 105 seconds 0.8638038523495197
shuttleset_03_scene_0019 pair 181 [12, 1] combined 16576 players 644 retained 256 seconds 0.1641422980464995
shuttleset_03_scene_0019 pair 183 [12, 3] combined 1584 players 0 retained 0 seconds 0.026472934056073427
shuttleset_03_scene_0019 pair 184 [12, 4] combined 39072 players 3372 retained 256 seconds 0.3364471048116684
shuttleset_03_scene_0019 pair 189 [12, 9] combined 1512 players 0 retained 0 seconds 0.02637657430022955
shuttleset_03_scene_0019 pair 195 [13, 0] combined 0 players 0 retained 0 seconds 0.578055365011096
shuttleset_03_scene_0019 pair 196 [13, 1] combined 920 players 284 retained 136 seconds 0.07919942494481802
shuttleset_03_scene_0019 pair 198 [13, 3] combined 96 players 0 retained 0 seconds 0.010784409008920193
shuttleset_03_scene_0019 pair 204 [13, 9] combined 48 players 16 retained 8 seconds 0.0357391401194036
shuttleset_03_scene_0019 pair 208 [13, 14] combined 0 players 0 retained 0 seconds 0.012618219945579767
shuttleset_03_scene_0019 pair 210 [14, 0] combined 47104 players 13750 retained 256 seconds 1.27063657483086
shuttleset_03_scene_0019 pair 212 [14, 2] combined 15792 players 1482 retained 256 seconds 0.19190048798918724
shuttleset_03_scene_0019 pair 214 [14, 4] combined 29440 players 10800 retained 256 seconds 0.55541180819273
shuttleset_03_scene_0019 pair 215 [14, 5] combined 26316 players 1660 retained 256 seconds 0.22502882732078433
shuttleset_03_scene_0019 pair 217 [14, 7] combined 3400 players 144 retained 72 seconds 0.06701871193945408
shuttleset_03_scene_0019 pair 218 [14, 8] combined 4560 players 1062 retained 256 seconds 0.12051994912326336
shuttleset_03_scene_0019 pair 220 [14, 10] combined 6256 players 112 retained 56 seconds 0.07904170779511333
shuttleset_03_scene_0019 pair 223 [14, 13] combined 0 players 0 retained 0 seconds 0.01680294005200267
shuttleset_03_scene_0019 pair 224 [14, 15] combined 2964 players 0 retained 0 seconds 0.031143023166805506
shuttleset_03_scene_0019 pair 225 [15, 0] combined 12288 players 3776 retained 256 seconds 0.811153425835073
shuttleset_03_scene_0019 pair 228 [15, 3] combined 384 players 0 retained 0 seconds 0.020599063020199537
shuttleset_03_scene_0019 pair 234 [15, 9] combined 828 players 72 retained 36 seconds 0.05182687798514962
shuttleset_03_scene_0019 pair 239 [15, 14] combined 1152 players 0 retained 0 seconds 0.02626173011958599
[shuttleset_03_scene_0019] line-template: preparing rectangles
[shuttleset_03_scene_0019] measuring 768 parents (G0=256, G1=256, line_template=256; conflicting geometry groups=0)
[shuttleset_03_scene_0019] parents 250/768
[shuttleset_03_scene_0019] parents 500/768
[shuttleset_03_scene_0019] parents 750/768
[shuttleset_03_scene_0019] refitting 768 parents
[shuttleset_03_scene_0019] refits 250/768; valid children=150
[shuttleset_03_scene_0019] refits 500/768; valid children=397
[shuttleset_03_scene_0019] refits 750/768; valid children=619
{"view_id": "shuttleset_03_scene_0019", "chosen_key": "G1:1:11599/child", "no_court_reason": null, "all_checks_equal": null, "error": null}
{"views": ["shuttleset_03_scene_0019"], "startup_seconds": 0.028768952004611492, "wall_seconds": 636.6284824730828, "peak_rss_mb": 1575.7890625, "failed": []}
