decoded /scratch/cmarti/issue103_ad8da4f/external/shuttleset-sources/21 An_Se_Young_Ratchanok_Intanon_YONEX_Thailand_Open_2021_QuarterFinals.mp4 to frame 72025 in 390s
shuttleset_21_scene_0034 pair 0 [0, 1] combined 262144 players 95024 retained 256 seconds 2.665035728830844
shuttleset_21_scene_0034 pair 1 [0, 2] combined 262144 players 101420 retained 256 seconds 2.698305021971464
shuttleset_21_scene_0034 pair 6 [0, 7] combined 113664 players 14358 retained 256 seconds 0.6676841988228261
shuttleset_21_scene_0034 pair 8 [0, 9] combined 262144 players 46446 retained 256 seconds 1.5201731999404728
shuttleset_21_scene_0034 pair 9 [0, 10] combined 129024 players 45552 retained 256 seconds 1.2765059191733599
shuttleset_21_scene_0034 pair 11 [0, 12] combined 262144 players 94350 retained 256 seconds 2.4166089221835136
shuttleset_21_scene_0034 pair 12 [0, 13] combined 96256 players 38298 retained 256 seconds 1.1766449632123113
shuttleset_21_scene_0034 pair 13 [0, 14] combined 226304 players 37320 retained 256 seconds 1.3106879470869899
shuttleset_21_scene_0034 pair 15 [1, 0] combined 262144 players 110906 retained 256 seconds 2.7656968645751476
shuttleset_21_scene_0034 pair 16 [1, 2] combined 262144 players 4124 retained 256 seconds 0.703792804852128
shuttleset_21_scene_0034 pair 17 [1, 3] combined 244736 players 99550 retained 256 seconds 2.4156961292028427
shuttleset_21_scene_0034 pair 18 [1, 4] combined 262144 players 98244 retained 256 seconds 2.4684784328565
shuttleset_21_scene_0034 pair 21 [1, 7] combined 100352 players 33650 retained 256 seconds 0.9435237348079681
shuttleset_21_scene_0034 pair 27 [1, 13] combined 205824 players 2906 retained 256 seconds 0.5026913699693978
shuttleset_21_scene_0034 pair 30 [2, 0] combined 262144 players 116336 retained 256 seconds 2.8183905170299113
shuttleset_21_scene_0034 pair 31 [2, 1] combined 262144 players 6182 retained 256 seconds 0.6697149672545493
shuttleset_21_scene_0034 pair 32 [2, 3] combined 243712 players 100530 retained 256 seconds 2.329272663220763
shuttleset_21_scene_0034 pair 33 [2, 4] combined 262144 players 109844 retained 256 seconds 2.7142905658110976
shuttleset_21_scene_0034 pair 35 [2, 6] combined 104448 players 2592 retained 256 seconds 0.304645371157676
shuttleset_21_scene_0034 pair 39 [2, 10] combined 228352 players 6974 retained 256 seconds 0.5914124520495534
shuttleset_21_scene_0034 pair 40 [2, 11] combined 9216 players 546 retained 256 seconds 0.10600008862093091
shuttleset_21_scene_0034 pair 41 [2, 12] combined 262144 players 8034 retained 256 seconds 0.6524752727709711
shuttleset_21_scene_0034 pair 46 [3, 1] combined 262144 players 91292 retained 256 seconds 2.2400475637987256
shuttleset_21_scene_0034 pair 47 [3, 2] combined 262144 players 92170 retained 256 seconds 2.276520707178861
shuttleset_21_scene_0034 pair 51 [3, 7] combined 96256 players 3416 retained 256 seconds 0.2779917400330305
shuttleset_21_scene_0034 pair 53 [3, 9] combined 262144 players 31332 retained 256 seconds 1.046185664832592
shuttleset_21_scene_0034 pair 54 [3, 10] combined 142336 players 52772 retained 256 seconds 1.3083690865896642
shuttleset_21_scene_0034 pair 56 [3, 12] combined 262144 players 93720 retained 256 seconds 2.299670523032546
shuttleset_21_scene_0034 pair 57 [3, 13] combined 92160 players 32500 retained 256 seconds 0.7866141768172383
shuttleset_21_scene_0034 pair 58 [3, 14] combined 207872 players 22670 retained 256 seconds 0.8720598281361163
shuttleset_21_scene_0034 pair 61 [4, 1] combined 262144 players 88156 retained 256 seconds 2.2597258710302413
shuttleset_21_scene_0034 pair 62 [4, 2] combined 262144 players 90220 retained 256 seconds 2.251294490881264
shuttleset_21_scene_0034 pair 68 [4, 9] combined 262144 players 28986 retained 256 seconds 1.0085439048707485
shuttleset_21_scene_0034 pair 69 [4, 10] combined 124928 players 46430 retained 256 seconds 1.1242402018979192
shuttleset_21_scene_0034 pair 70 [4, 11] combined 6144 players 1600 retained 256 seconds 0.10393505776301026
shuttleset_21_scene_0034 pair 71 [4, 12] combined 262144 players 92164 retained 256 seconds 2.2822857089340687
shuttleset_21_scene_0034 pair 72 [4, 13] combined 91136 players 29594 retained 256 seconds 0.8674745303578675
shuttleset_21_scene_0034 pair 81 [5, 7] combined 39184 players 18372 retained 256 seconds 0.439698978792876
shuttleset_21_scene_0034 pair 82 [5, 8] combined 64512 players 11776 retained 256 seconds 0.3719325098209083
shuttleset_21_scene_0034 pair 83 [5, 9] combined 65056 players 27798 retained 256 seconds 0.6474309973418713
shuttleset_21_scene_0034 pair 88 [5, 14] combined 55120 players 17610 retained 256 seconds 0.4429791667498648
shuttleset_21_scene_0034 pair 92 [6, 2] combined 59392 players 6172 retained 256 seconds 0.28156949672847986
shuttleset_21_scene_0034 pair 96 [6, 7] combined 92232 players 4114 retained 256 seconds 0.3318585650995374
shuttleset_21_scene_0034 pair 98 [6, 9] combined 104016 players 3082 retained 256 seconds 0.2599153909832239
shuttleset_21_scene_0034 pair 102 [6, 13] combined 22472 players 3562 retained 256 seconds 0.14875401416793466
shuttleset_21_scene_0034 pair 103 [6, 14] combined 27216 players 1796 retained 256 seconds 0.11874600918963552
shuttleset_21_scene_0034 pair 104 [6, 15] combined 324 players 122 retained 61 seconds 0.03251662710681558
shuttleset_21_scene_0034 pair 105 [7, 0] combined 60416 players 2384 retained 256 seconds 0.30870123067870736
shuttleset_21_scene_0034 pair 106 [7, 1] combined 56320 players 7594 retained 256 seconds 0.31925886683166027
shuttleset_21_scene_0034 pair 108 [7, 3] combined 105472 players 9592 retained 256 seconds 0.3915302618406713
shuttleset_21_scene_0034 pair 110 [7, 5] combined 35360 players 2094 retained 256 seconds 0.13993749534711242
shuttleset_21_scene_0034 pair 111 [7, 6] combined 42016 players 852 retained 256 seconds 0.12069351878017187
shuttleset_21_scene_0034 pair 112 [7, 8] combined 61440 players 20 retained 10 seconds 0.12478062184527516
shuttleset_21_scene_0034 pair 114 [7, 10] combined 46136 players 3216 retained 256 seconds 0.180925696156919
shuttleset_21_scene_0034 pair 115 [7, 11] combined 1720 players 118 retained 59 seconds 0.029790733940899372
shuttleset_21_scene_0034 pair 116 [7, 12] combined 58368 players 7092 retained 256 seconds 0.29069802165031433
shuttleset_21_scene_0034 pair 125 [8, 5] combined 262144 players 33952 retained 256 seconds 1.1809144550934434
shuttleset_21_scene_0034 pair 127 [8, 7] combined 73728 players 422 retained 204 seconds 0.17563505424186587
shuttleset_21_scene_0034 pair 133 [8, 14] combined 231424 players 15060 retained 256 seconds 0.7100297440774739
shuttleset_21_scene_0034 pair 135 [9, 0] combined 147456 players 15350 retained 256 seconds 0.6969024958088994
shuttleset_21_scene_0034 pair 138 [9, 3] combined 152576 players 20162 retained 256 seconds 0.6476261159405112
shuttleset_21_scene_0034 pair 139 [9, 4] combined 194560 players 13990 retained 256 seconds 0.7047405391931534
shuttleset_21_scene_0034 pair 140 [9, 5] combined 53336 players 9334 retained 256 seconds 0.29866311606019735
shuttleset_21_scene_0034 pair 141 [9, 6] combined 80800 players 2468 retained 256 seconds 0.21545836003497243
shuttleset_21_scene_0034 pair 149 [9, 15] combined 928 players 372 retained 186 seconds 0.0402938318438828
shuttleset_21_scene_0034 pair 150 [10, 0] combined 161792 players 73754 retained 256 seconds 1.7881951052695513
shuttleset_21_scene_0034 pair 152 [10, 2] combined 110592 players 1860 retained 256 seconds 0.2951050400733948
shuttleset_21_scene_0034 pair 153 [10, 3] combined 153576 players 67276 retained 256 seconds 1.6259155231527984
shuttleset_21_scene_0034 pair 154 [10, 4] combined 164864 players 71540 retained 256 seconds 1.6656040982343256
shuttleset_21_scene_0034 pair 157 [10, 7] combined 70416 players 5650 retained 256 seconds 0.2645105333067477
shuttleset_21_scene_0034 pair 162 [10, 13] combined 74404 players 844 retained 256 seconds 0.19625860266387463
shuttleset_21_scene_0034 pair 164 [10, 15] combined 1240 players 0 retained 0 seconds 0.025732303969562054
shuttleset_21_scene_0034 pair 167 [11, 2] combined 7168 players 0 retained 0 seconds 0.05320737091824412
shuttleset_21_scene_0034 pair 169 [11, 4] combined 8192 players 3706 retained 256 seconds 0.22688220627605915
shuttleset_21_scene_0034 pair 172 [11, 7] combined 1760 players 378 retained 189 seconds 0.04188822070136666
shuttleset_21_scene_0034 pair 177 [11, 13] combined 4200 players 0 retained 0 seconds 0.021360539831221104
shuttleset_21_scene_0034 pair 178 [11, 14] combined 1792 players 624 retained 256 seconds 0.051039235200732946
shuttleset_21_scene_0034 pair 179 [11, 15] combined 32 players 16 retained 8 seconds 0.017520073801279068
shuttleset_21_scene_0034 pair 180 [12, 0] combined 262144 players 116342 retained 256 seconds 2.774267370812595
shuttleset_21_scene_0034 pair 182 [12, 2] combined 262144 players 4016 retained 256 seconds 0.6396364248357713
shuttleset_21_scene_0034 pair 183 [12, 3] combined 234496 players 97738 retained 256 seconds 2.372117993887514
shuttleset_21_scene_0034 pair 184 [12, 4] combined 262144 players 108130 retained 256 seconds 2.6427598553709686
shuttleset_21_scene_0034 pair 187 [12, 7] combined 106496 players 29702 retained 256 seconds 0.7760989000089467
shuttleset_21_scene_0034 pair 192 [12, 13] combined 189440 players 1586 retained 256 seconds 0.408179534599185
shuttleset_21_scene_0034 pair 195 [13, 0] combined 154624 players 66802 retained 256 seconds 1.6261102249845862
shuttleset_21_scene_0034 pair 196 [13, 1] combined 108544 players 3936 retained 256 seconds 0.35480592120438814
shuttleset_21_scene_0034 pair 198 [13, 3] combined 120560 players 48248 retained 256 seconds 1.2067371439188719
shuttleset_21_scene_0034 pair 199 [13, 4] combined 163840 players 65370 retained 256 seconds 1.5196991469711065
shuttleset_21_scene_0034 pair 201 [13, 6] combined 42900 players 1080 retained 256 seconds 0.1387783237732947
shuttleset_21_scene_0034 pair 205 [13, 10] combined 136192 players 4490 retained 256 seconds 0.35550131602212787
shuttleset_21_scene_0034 pair 206 [13, 11] combined 5040 players 0 retained 0 seconds 0.029523601289838552
shuttleset_21_scene_0034 pair 207 [13, 12] combined 94208 players 2192 retained 256 seconds 0.25361546128988266
shuttleset_21_scene_0034 pair 210 [14, 0] combined 108544 players 6276 retained 256 seconds 0.46233235439285636
shuttleset_21_scene_0034 pair 213 [14, 3] combined 87040 players 11048 retained 256 seconds 0.49326668586581945
shuttleset_21_scene_0034 pair 215 [14, 5] combined 24400 players 4830 retained 256 seconds 0.1714686220511794
shuttleset_21_scene_0034 pair 216 [14, 6] combined 59584 players 7128 retained 256 seconds 0.26843187119811773
shuttleset_21_scene_0034 pair 218 [14, 8] combined 108544 players 4676 retained 256 seconds 0.3022153628990054
shuttleset_21_scene_0034 pair 221 [14, 11] combined 1600 players 326 retained 163 seconds 0.04177506314590573
shuttleset_21_scene_0034 pair 224 [14, 15] combined 244 players 0 retained 0 seconds 0.010663728695362806
shuttleset_21_scene_0034 pair 231 [15, 6] combined 600 players 184 retained 92 seconds 0.031129299197345972
shuttleset_21_scene_0034 pair 234 [15, 9] combined 1764 players 316 retained 155 seconds 0.037983756978064775
shuttleset_21_scene_0034 pair 235 [15, 10] combined 2640 players 0 retained 0 seconds 0.020042904186993837
shuttleset_21_scene_0034 pair 236 [15, 11] combined 144 players 6 retained 3 seconds 0.01703802403062582
shuttleset_21_scene_0034 pair 239 [15, 14] combined 848 players 0 retained 0 seconds 0.010326939169317484
shuttleset_21_scene_0034 pair 0 [0, 1] combined 25600 players 5748 retained 256 seconds 0.2732906839810312
shuttleset_21_scene_0034 pair 1 [0, 2] combined 56320 players 24056 retained 256 seconds 0.662683891132474
shuttleset_21_scene_0034 pair 6 [0, 7] combined 56320 players 6942 retained 256 seconds 0.3344404720701277
shuttleset_21_scene_0034 pair 8 [0, 9] combined 0 players 0 retained 0 seconds 0.09183314768597484
shuttleset_21_scene_0034 pair 9 [0, 10] combined 4096 players 1864 retained 256 seconds 0.16528062103316188
shuttleset_21_scene_0034 pair 11 [0, 12] combined 7168 players 2048 retained 256 seconds 0.17152702901512384
shuttleset_21_scene_0034 pair 12 [0, 13] combined 7168 players 2308 retained 256 seconds 0.17310535395517945
shuttleset_21_scene_0034 pair 13 [0, 14] combined 0 players 0 retained 0 seconds 0.08678063983097672
shuttleset_21_scene_0034 pair 15 [1, 0] combined 24576 players 9020 retained 256 seconds 0.3045915118418634
shuttleset_21_scene_0034 pair 16 [1, 2] combined 7548 players 0 retained 0 seconds 0.027437738608568907
shuttleset_21_scene_0034 pair 17 [1, 3] combined 2100 players 684 retained 256 seconds 0.05067702615633607
shuttleset_21_scene_0034 pair 18 [1, 4] combined 3680 players 1450 retained 256 seconds 0.06931108888238668
shuttleset_21_scene_0034 pair 21 [1, 7] combined 2552 players 1038 retained 256 seconds 0.05771531304344535
shuttleset_21_scene_0034 pair 27 [1, 13] combined 1188 players 0 retained 0 seconds 0.010176955256611109
shuttleset_21_scene_0034 pair 30 [2, 0] combined 93184 players 39908 retained 256 seconds 1.1372394231148064
shuttleset_21_scene_0034 pair 31 [2, 1] combined 13440 players 588 retained 256 seconds 0.07963501429185271
shuttleset_21_scene_0034 pair 32 [2, 3] combined 7520 players 3054 retained 256 seconds 0.1130013051442802
shuttleset_21_scene_0034 pair 33 [2, 4] combined 16600 players 7590 retained 256 seconds 0.21170926000922918
shuttleset_21_scene_0034 pair 35 [2, 6] combined 1376 players 204 retained 102 seconds 0.03566995728760958
shuttleset_21_scene_0034 pair 39 [2, 10] combined 1160 players 6 retained 3 seconds 0.027819009963423014
shuttleset_21_scene_0034 pair 40 [2, 11] combined 0 players 0 retained 0 seconds 0.012738646008074284
shuttleset_21_scene_0034 pair 41 [2, 12] combined 7480 players 30 retained 15 seconds 0.0407592561095953
shuttleset_21_scene_0034 pair 46 [3, 1] combined 3224 players 740 retained 256 seconds 0.053769629914313555
shuttleset_21_scene_0034 pair 47 [3, 2] combined 6372 players 2584 retained 256 seconds 0.09449541382491589
shuttleset_21_scene_0034 pair 51 [3, 7] combined 10388 players 834 retained 256 seconds 0.06436678161844611
shuttleset_21_scene_0034 pair 53 [3, 9] combined 0 players 0 retained 0 seconds 0.006186170037835836
shuttleset_21_scene_0034 pair 54 [3, 10] combined 416 players 200 retained 100 seconds 0.026013154070824385
shuttleset_21_scene_0034 pair 56 [3, 12] combined 840 players 236 retained 118 seconds 0.02908708294853568
shuttleset_21_scene_0034 pair 57 [3, 13] combined 928 players 208 retained 102 seconds 0.027845054864883423
shuttleset_21_scene_0034 pair 58 [3, 14] combined 0 players 0 retained 0 seconds 0.0062554217875003815
shuttleset_21_scene_0034 pair 61 [4, 1] combined 6500 players 1430 retained 256 seconds 0.07570549007505178
shuttleset_21_scene_0034 pair 62 [4, 2] combined 15576 players 6372 retained 256 seconds 0.1964070899412036
shuttleset_21_scene_0034 pair 68 [4, 9] combined 0 players 0 retained 0 seconds 0.009572955314069986
shuttleset_21_scene_0034 pair 69 [4, 10] combined 944 players 430 retained 215 seconds 0.03965514898300171
shuttleset_21_scene_0034 pair 70 [4, 11] combined 0 players 0 retained 0 seconds 0.00865411339327693
shuttleset_21_scene_0034 pair 71 [4, 12] combined 1792 players 546 retained 256 seconds 0.04820288298651576
shuttleset_21_scene_0034 pair 72 [4, 13] combined 1540 players 288 retained 144 seconds 0.03603488812223077
shuttleset_21_scene_0034 pair 81 [5, 7] combined 2240 players 1060 retained 256 seconds 0.05618210509419441
shuttleset_21_scene_0034 pair 82 [5, 8] combined 40 players 20 retained 10 seconds 0.01680254703387618
shuttleset_21_scene_0034 pair 83 [5, 9] combined 0 players 0 retained 0 seconds 0.005274591967463493
shuttleset_21_scene_0034 pair 88 [5, 14] combined 380 players 190 retained 95 seconds 0.02308101300150156
shuttleset_21_scene_0034 pair 92 [6, 2] combined 0 players 0 retained 0 seconds 0.01072902511805296
shuttleset_21_scene_0034 pair 96 [6, 7] combined 580 players 210 retained 105 seconds 0.02461664890870452
shuttleset_21_scene_0034 pair 98 [6, 9] combined 0 players 0 retained 0 seconds 0.0033183307386934757
shuttleset_21_scene_0034 pair 102 [6, 13] combined 16 players 0 retained 0 seconds 0.004384682048112154
shuttleset_21_scene_0034 pair 103 [6, 14] combined 40 players 20 retained 10 seconds 0.014893765095621347
shuttleset_21_scene_0034 pair 104 [6, 15] combined 0 players 0 retained 0 seconds 0.0034897918812930584
shuttleset_21_scene_0034 pair 105 [7, 0] combined 26624 players 264 retained 106 seconds 0.1203069370239973
shuttleset_21_scene_0034 pair 106 [7, 1] combined 4816 players 620 retained 256 seconds 0.05554303713142872
shuttleset_21_scene_0034 pair 108 [7, 3] combined 4300 players 160 retained 80 seconds 0.03183165704831481
shuttleset_21_scene_0034 pair 110 [7, 5] combined 2744 players 268 retained 134 seconds 0.032862060237675905
shuttleset_21_scene_0034 pair 111 [7, 6] combined 552 players 136 retained 68 seconds 0.023017945233732462
shuttleset_21_scene_0034 pair 112 [7, 8] combined 0 players 0 retained 0 seconds 0.006140368990600109
shuttleset_21_scene_0034 pair 114 [7, 10] combined 0 players 0 retained 0 seconds 0.006265074014663696
shuttleset_21_scene_0034 pair 115 [7, 11] combined 0 players 0 retained 0 seconds 0.0053197587840259075
shuttleset_21_scene_0034 pair 116 [7, 12] combined 2016 players 420 retained 210 seconds 0.039237034041434526
shuttleset_21_scene_0034 pair 125 [8, 5] combined 248 players 68 retained 22 seconds 0.01815117197111249
shuttleset_21_scene_0034 pair 127 [8, 7] combined 108 players 0 retained 0 seconds 0.005109440069645643
shuttleset_21_scene_0034 pair 133 [8, 14] combined 0 players 0 retained 0 seconds 0.002707197330892086
shuttleset_21_scene_0034 pair 135 [9, 0] combined 0 players 0 retained 0 seconds 0.05236451514065266
shuttleset_21_scene_0034 pair 138 [9, 3] combined 0 players 0 retained 0 seconds 0.0043141539208590984
shuttleset_21_scene_0034 pair 139 [9, 4] combined 0 players 0 retained 0 seconds 0.005751447286456823
shuttleset_21_scene_0034 pair 140 [9, 5] combined 0 players 0 retained 0 seconds 0.0037189233116805553
shuttleset_21_scene_0034 pair 141 [9, 6] combined 0 players 0 retained 0 seconds 0.002591351978480816
shuttleset_21_scene_0034 pair 149 [9, 15] combined 0 players 0 retained 0 seconds 0.0017308280803263187
shuttleset_21_scene_0034 pair 150 [10, 0] combined 1024 players 488 retained 211 seconds 0.08661686768755317
shuttleset_21_scene_0034 pair 152 [10, 2] combined 744 players 0 retained 0 seconds 0.011882796883583069
shuttleset_21_scene_0034 pair 153 [10, 3] combined 208 players 100 retained 50 seconds 0.022057104855775833
shuttleset_21_scene_0034 pair 154 [10, 4] combined 296 players 148 retained 74 seconds 0.02542773075401783
shuttleset_21_scene_0034 pair 157 [10, 7] combined 88 players 34 retained 17 seconds 0.018614124972373247
shuttleset_21_scene_0034 pair 162 [10, 13] combined 0 players 0 retained 0 seconds 0.0046659717336297035
shuttleset_21_scene_0034 pair 164 [10, 15] combined 0 players 0 retained 0 seconds 0.0028827209025621414
shuttleset_21_scene_0034 pair 167 [11, 2] combined 0 players 0 retained 0 seconds 0.009286598302423954
shuttleset_21_scene_0034 pair 169 [11, 4] combined 0 players 0 retained 0 seconds 0.005862149875611067
shuttleset_21_scene_0034 pair 172 [11, 7] combined 0 players 0 retained 0 seconds 0.004363587126135826
shuttleset_21_scene_0034 pair 177 [11, 13] combined 0 players 0 retained 0 seconds 0.0028295302763581276
shuttleset_21_scene_0034 pair 178 [11, 14] combined 0 players 0 retained 0 seconds 0.001610030885785818
shuttleset_21_scene_0034 pair 179 [11, 15] combined 0 players 0 retained 0 seconds 0.0014050249010324478
shuttleset_21_scene_0034 pair 180 [12, 0] combined 4096 players 1686 retained 256 seconds 0.11621047789230943
shuttleset_21_scene_0034 pair 182 [12, 2] combined 3608 players 0 retained 0 seconds 0.01688950089737773
shuttleset_21_scene_0034 pair 183 [12, 3] combined 480 players 186 retained 89 seconds 0.02492353366687894
shuttleset_21_scene_0034 pair 184 [12, 4] combined 640 players 292 retained 142 seconds 0.03237334406003356
shuttleset_21_scene_0034 pair 187 [12, 7] combined 1568 players 636 retained 256 seconds 0.04706210130825639
shuttleset_21_scene_0034 pair 192 [12, 13] combined 32 players 0 retained 0 seconds 0.0057667940855026245
shuttleset_21_scene_0034 pair 195 [13, 0] combined 4096 players 1774 retained 256 seconds 0.11620576493442059
shuttleset_21_scene_0034 pair 196 [13, 1] combined 3744 players 170 retained 85 seconds 0.030220457818359137
shuttleset_21_scene_0034 pair 198 [13, 3] combined 384 players 160 retained 80 seconds 0.023629022296518087
shuttleset_21_scene_0034 pair 199 [13, 4] combined 928 players 446 retained 223 seconds 0.039163988083601
shuttleset_21_scene_0034 pair 201 [13, 6] combined 44 players 0 retained 0 seconds 0.005377788096666336
shuttleset_21_scene_0034 pair 205 [13, 10] combined 120 players 0 retained 0 seconds 0.0049108280800282955
shuttleset_21_scene_0034 pair 206 [13, 11] combined 0 players 0 retained 0 seconds 0.003603138029575348
shuttleset_21_scene_0034 pair 207 [13, 12] combined 720 players 20 retained 10 seconds 0.01834906078875065
shuttleset_21_scene_0034 pair 210 [14, 0] combined 0 players 0 retained 0 seconds 0.056893309112638235
shuttleset_21_scene_0034 pair 213 [14, 3] combined 0 players 0 retained 0 seconds 0.004799502901732922
shuttleset_21_scene_0034 pair 215 [14, 5] combined 0 players 0 retained 0 seconds 0.004295457154512405
shuttleset_21_scene_0034 pair 216 [14, 6] combined 72 players 0 retained 0 seconds 0.0033075441606342793
shuttleset_21_scene_0034 pair 218 [14, 8] combined 0 players 0 retained 0 seconds 0.00273250974714756
shuttleset_21_scene_0034 pair 221 [14, 11] combined 0 players 0 retained 0 seconds 0.0018725921399891376
shuttleset_21_scene_0034 pair 224 [14, 15] combined 0 players 0 retained 0 seconds 0.001996384933590889
shuttleset_21_scene_0034 pair 231 [15, 6] combined 0 players 0 retained 0 seconds 0.0027339179068803787
shuttleset_21_scene_0034 pair 234 [15, 9] combined 0 players 0 retained 0 seconds 0.001911102794110775
shuttleset_21_scene_0034 pair 235 [15, 10] combined 0 players 0 retained 0 seconds 0.0022017788141965866
shuttleset_21_scene_0034 pair 236 [15, 11] combined 0 players 0 retained 0 seconds 0.0014878399670124054
shuttleset_21_scene_0034 pair 239 [15, 14] combined 0 players 0 retained 0 seconds 0.0019485130906105042
[shuttleset_21_scene_0034] line-template: preparing rectangles
[shuttleset_21_scene_0034] measuring 701 parents (G0=256, G1=256, line_template=256; conflicting geometry groups=0)
[shuttleset_21_scene_0034] parents 250/701
[shuttleset_21_scene_0034] parents 500/701
[shuttleset_21_scene_0034] refitting 701 parents
[shuttleset_21_scene_0034] refits 250/701; valid children=247
[shuttleset_21_scene_0034] refits 500/701; valid children=494
{"view_id": "shuttleset_21_scene_0034", "chosen_key": "G0:1:63649/child", "no_court_reason": null, "all_checks_equal": null, "error": null}
{"views": ["shuttleset_21_scene_0034"], "startup_seconds": 0.040494190994650126, "wall_seconds": 542.8136302046478, "peak_rss_mb": 1337.4296875, "failed": []}
