decoded /scratch/cmarti/issue103_ad8da4f/external/shuttleset-sources/3 Kento_MOMOTA_CHOU_Tien_Chen_KOREA_OPEN_2019_Final.mp4 to frame 66072 in 467s
shuttleset_03_scene_0032 pair 0 [0, 1] combined 262144 players 75364 retained 256 seconds 5.626091894693673
shuttleset_03_scene_0032 pair 1 [0, 2] combined 262144 players 72862 retained 256 seconds 5.218523977324367
shuttleset_03_scene_0032 pair 2 [0, 3] combined 250880 players 68812 retained 256 seconds 5.035026014316827
shuttleset_03_scene_0032 pair 5 [0, 6] combined 262144 players 51006 retained 256 seconds 4.696760991122574
shuttleset_03_scene_0032 pair 7 [0, 8] combined 159744 players 17776 retained 256 seconds 2.9287639632821083
shuttleset_03_scene_0032 pair 12 [0, 13] combined 228352 players 37296 retained 256 seconds 3.785551239736378
shuttleset_03_scene_0032 pair 14 [0, 15] combined 55296 players 3524 retained 256 seconds 1.9792783227749169
shuttleset_03_scene_0032 pair 15 [1, 0] combined 262144 players 81802 retained 256 seconds 5.329171561170369
shuttleset_03_scene_0032 pair 16 [1, 2] combined 262144 players 11142 retained 256 seconds 1.9108857498504221
shuttleset_03_scene_0032 pair 18 [1, 4] combined 262144 players 72540 retained 256 seconds 4.189771907869726
shuttleset_03_scene_0032 pair 19 [1, 5] combined 262144 players 73378 retained 256 seconds 4.228901266120374
shuttleset_03_scene_0032 pair 21 [1, 7] combined 262144 players 31490 retained 256 seconds 2.5415290971286595
shuttleset_03_scene_0032 pair 22 [1, 8] combined 224256 players 42866 retained 256 seconds 2.712564105167985
shuttleset_03_scene_0032 pair 23 [1, 9] combined 37888 players 11672 retained 256 seconds 1.1400830149650574
shuttleset_03_scene_0032 pair 24 [1, 10] combined 134144 players 17926 retained 256 seconds 1.573360909242183
shuttleset_03_scene_0032 pair 26 [1, 12] combined 114688 players 7154 retained 256 seconds 1.1484805601648986
shuttleset_03_scene_0032 pair 30 [2, 0] combined 262144 players 71608 retained 256 seconds 4.624390009790659
shuttleset_03_scene_0032 pair 31 [2, 1] combined 262144 players 1370 retained 256 seconds 1.3089438048191369
shuttleset_03_scene_0032 pair 32 [2, 3] combined 262144 players 1388 retained 256 seconds 1.1079110749997199
shuttleset_03_scene_0032 pair 40 [2, 11] combined 28672 players 11360 retained 256 seconds 0.7300273738801479
shuttleset_03_scene_0032 pair 43 [2, 14] combined 178176 players 4612 retained 256 seconds 0.9270592932589352
shuttleset_03_scene_0032 pair 44 [2, 15] combined 60416 players 1116 retained 256 seconds 0.5106625505723059
shuttleset_03_scene_0032 pair 45 [3, 0] combined 262144 players 75344 retained 256 seconds 4.778460438363254
shuttleset_03_scene_0032 pair 47 [3, 2] combined 262144 players 5982 retained 256 seconds 1.275793754030019
shuttleset_03_scene_0032 pair 48 [3, 4] combined 262144 players 65134 retained 256 seconds 3.6440573181025684
shuttleset_03_scene_0032 pair 49 [3, 5] combined 262144 players 68770 retained 256 seconds 3.6086809607222676
shuttleset_03_scene_0032 pair 50 [3, 6] combined 262144 players 6848 retained 256 seconds 1.3268672837875783
shuttleset_03_scene_0032 pair 51 [3, 7] combined 256000 players 5970 retained 256 seconds 1.1923567410558462
shuttleset_03_scene_0032 pair 52 [3, 8] combined 195584 players 4850 retained 256 seconds 0.933535308111459
shuttleset_03_scene_0032 pair 53 [3, 9] combined 26624 players 386 retained 189 seconds 0.2402111990377307
shuttleset_03_scene_0032 pair 54 [3, 10] combined 55296 players 4728 retained 256 seconds 0.5853136740624905
shuttleset_03_scene_0032 pair 56 [3, 12] combined 108544 players 2800 retained 256 seconds 0.5736914179287851
shuttleset_03_scene_0032 pair 61 [4, 1] combined 262144 players 53976 retained 256 seconds 3.384257746860385
shuttleset_03_scene_0032 pair 63 [4, 3] combined 220160 players 39070 retained 256 seconds 2.6317040170542896
shuttleset_03_scene_0032 pair 64 [4, 5] combined 262144 players 6178 retained 256 seconds 1.5176507523283362
shuttleset_03_scene_0032 pair 65 [4, 6] combined 262144 players 37378 retained 256 seconds 2.694558225106448
shuttleset_03_scene_0032 pair 67 [4, 8] combined 162816 players 2658 retained 256 seconds 0.9569374336861074
shuttleset_03_scene_0032 pair 72 [4, 13] combined 254976 players 19730 retained 256 seconds 1.853791220113635
shuttleset_03_scene_0032 pair 74 [4, 15] combined 58368 players 3928 retained 256 seconds 0.7109491880983114
shuttleset_03_scene_0032 pair 76 [5, 1] combined 262144 players 89120 retained 256 seconds 4.689098480157554
shuttleset_03_scene_0032 pair 78 [5, 3] combined 248832 players 76072 retained 256 seconds 3.9691667929291725
shuttleset_03_scene_0032 pair 79 [5, 4] combined 262144 players 5760 retained 256 seconds 1.474138650111854
shuttleset_03_scene_0032 pair 80 [5, 6] combined 262144 players 57664 retained 256 seconds 3.161792944651097
shuttleset_03_scene_0032 pair 81 [5, 7] combined 198656 players 56110 retained 256 seconds 3.1618876620195806
shuttleset_03_scene_0032 pair 83 [5, 9] combined 23552 players 1122 retained 256 seconds 0.34598733484745026
shuttleset_03_scene_0032 pair 84 [5, 10] combined 177152 players 3464 retained 256 seconds 0.8717387611977756
shuttleset_03_scene_0032 pair 85 [5, 11] combined 96256 players 1108 retained 256 seconds 0.5659561441279948
shuttleset_03_scene_0032 pair 86 [5, 12] combined 76800 players 18926 retained 256 seconds 1.2298078052699566
shuttleset_03_scene_0032 pair 88 [5, 14] combined 145408 players 44166 retained 256 seconds 2.291862306650728
shuttleset_03_scene_0032 pair 90 [6, 0] combined 262144 players 57838 retained 256 seconds 4.319067670963705
shuttleset_03_scene_0032 pair 93 [6, 3] combined 262144 players 10184 retained 256 seconds 1.4936647941358387
shuttleset_03_scene_0032 pair 94 [6, 4] combined 262144 players 51330 retained 256 seconds 3.089594996999949
shuttleset_03_scene_0032 pair 95 [6, 5] combined 262144 players 51128 retained 256 seconds 3.224309200886637
shuttleset_03_scene_0032 pair 98 [6, 9] combined 31744 players 8328 retained 256 seconds 0.6727314488962293
shuttleset_03_scene_0032 pair 100 [6, 11] combined 40960 players 9368 retained 256 seconds 0.7622111230157316
shuttleset_03_scene_0032 pair 102 [6, 13] combined 262144 players 64542 retained 256 seconds 3.4380530761554837
shuttleset_03_scene_0032 pair 103 [6, 14] combined 219136 players 13908 retained 256 seconds 1.6589604658074677
shuttleset_03_scene_0032 pair 104 [6, 15] combined 60416 players 3120 retained 256 seconds 0.5964542902074754
shuttleset_03_scene_0032 pair 106 [7, 1] combined 262144 players 8636 retained 256 seconds 1.481889630202204
shuttleset_03_scene_0032 pair 108 [7, 3] combined 257024 players 1582 retained 256 seconds 1.0223148851655424
shuttleset_03_scene_0032 pair 110 [7, 5] combined 262144 players 66740 retained 256 seconds 3.386801714077592
shuttleset_03_scene_0032 pair 117 [7, 13] combined 262144 players 13866 retained 256 seconds 1.4837028770707548
shuttleset_03_scene_0032 pair 118 [7, 14] combined 259072 players 4038 retained 256 seconds 1.0992996669374406
shuttleset_03_scene_0032 pair 119 [7, 15] combined 54272 players 186 retained 93 seconds 0.30410686507821083
shuttleset_03_scene_0032 pair 120 [8, 0] combined 187392 players 5492 retained 256 seconds 1.9434237028472126
shuttleset_03_scene_0032 pair 121 [8, 1] combined 247808 players 28342 retained 256 seconds 2.159306390210986
shuttleset_03_scene_0032 pair 123 [8, 3] combined 237568 players 8498 retained 256 seconds 1.1819213079288602
shuttleset_03_scene_0032 pair 124 [8, 4] combined 193536 players 4364 retained 256 seconds 1.0463704471476376
shuttleset_03_scene_0032 pair 130 [8, 11] combined 12288 players 88 retained 44 seconds 0.15017887111753225
shuttleset_03_scene_0032 pair 133 [8, 14] combined 134160 players 28272 retained 256 seconds 1.5780316442251205
shuttleset_03_scene_0032 pair 136 [9, 1] combined 20480 players 2826 retained 256 seconds 0.49803726840764284
shuttleset_03_scene_0032 pair 138 [9, 3] combined 21504 players 306 retained 154 seconds 0.19157483987510204
shuttleset_03_scene_0032 pair 140 [9, 5] combined 12288 players 948 retained 256 seconds 0.2510991510935128
shuttleset_03_scene_0032 pair 141 [9, 6] combined 27648 players 1068 retained 256 seconds 0.3156124837696552
shuttleset_03_scene_0032 pair 147 [9, 13] combined 11376 players 358 retained 180 seconds 0.13225535117089748
shuttleset_03_scene_0032 pair 151 [10, 1] combined 175104 players 30648 retained 256 seconds 2.134129603393376
shuttleset_03_scene_0032 pair 153 [10, 3] combined 49152 players 2856 retained 256 seconds 0.39222762221470475
shuttleset_03_scene_0032 pair 155 [10, 5] combined 49152 players 1352 retained 256 seconds 0.38510603504255414
shuttleset_03_scene_0032 pair 162 [10, 13] combined 94208 players 2876 retained 256 seconds 0.4797755340114236
shuttleset_03_scene_0032 pair 163 [10, 14] combined 173056 players 14287 retained 256 seconds 1.1489708730950952
shuttleset_03_scene_0032 pair 164 [10, 15] combined 12240 players 578 retained 256 seconds 0.1490368410013616
shuttleset_03_scene_0032 pair 167 [11, 2] combined 61440 players 15910 retained 256 seconds 0.9297188459895551
shuttleset_03_scene_0032 pair 170 [11, 5] combined 31744 players 20 retained 11 seconds 0.2777026747353375
shuttleset_03_scene_0032 pair 171 [11, 6] combined 75776 players 23098 retained 256 seconds 1.2649599313735962
shuttleset_03_scene_0032 pair 173 [11, 8] combined 18432 players 670 retained 256 seconds 0.20669466815888882
shuttleset_03_scene_0032 pair 177 [11, 13] combined 58368 players 0 retained 0 seconds 0.24871437111869454
shuttleset_03_scene_0032 pair 179 [11, 15] combined 18700 players 1230 retained 256 seconds 0.20206100307404995
shuttleset_03_scene_0032 pair 181 [12, 1] combined 97280 players 2904 retained 256 seconds 0.7019865936599672
shuttleset_03_scene_0032 pair 183 [12, 3] combined 135168 players 2276 retained 256 seconds 0.6216596299782395
shuttleset_03_scene_0032 pair 185 [12, 5] combined 108544 players 26034 retained 256 seconds 1.3523273509927094
shuttleset_03_scene_0032 pair 193 [12, 14] combined 60736 players 736 retained 256 seconds 0.3266807892359793
shuttleset_03_scene_0032 pair 194 [12, 15] combined 24408 players 616 retained 256 seconds 0.1850965740159154
shuttleset_03_scene_0032 pair 195 [13, 0] combined 262144 players 39534 retained 256 seconds 3.4002763871103525
shuttleset_03_scene_0032 pair 199 [13, 4] combined 262144 players 31866 retained 256 seconds 2.18501543905586
shuttleset_03_scene_0032 pair 201 [13, 6] combined 262144 players 43296 retained 256 seconds 2.544633479323238
shuttleset_03_scene_0032 pair 202 [13, 7] combined 262144 players 4506 retained 256 seconds 1.1003808756358922
shuttleset_03_scene_0032 pair 204 [13, 9] combined 21504 players 326 retained 163 seconds 0.16982726892456412
shuttleset_03_scene_0032 pair 205 [13, 10] combined 77824 players 2876 retained 256 seconds 0.4408836178481579
shuttleset_03_scene_0032 pair 206 [13, 11] combined 86016 players 1674 retained 256 seconds 0.4458077703602612
shuttleset_03_scene_0032 pair 212 [14, 2] combined 228352 players 27182 retained 256 seconds 2.052702124696225
shuttleset_03_scene_0032 pair 215 [14, 5] combined 248832 players 73730 retained 256 seconds 3.4342354857362807
shuttleset_03_scene_0032 pair 216 [14, 6] combined 262144 players 9018 retained 256 seconds 1.3765732613392174
shuttleset_03_scene_0032 pair 217 [14, 7] combined 177152 players 1910 retained 256 seconds 0.758013476151973
shuttleset_03_scene_0032 pair 218 [14, 8] combined 180648 players 37678 retained 256 seconds 1.8961331769824028
shuttleset_03_scene_0032 pair 220 [14, 10] combined 121044 players 1138 retained 256 seconds 0.5286079659126699
shuttleset_03_scene_0032 pair 222 [14, 12] combined 100064 players 956 retained 256 seconds 0.45225807232782245
shuttleset_03_scene_0032 pair 225 [15, 0] combined 111616 players 16342 retained 256 seconds 1.9152895202860236
shuttleset_03_scene_0032 pair 227 [15, 2] combined 111616 players 4844 retained 256 seconds 0.6416904237121344
shuttleset_03_scene_0032 pair 229 [15, 4] combined 104448 players 12434 retained 256 seconds 1.0249631530605257
shuttleset_03_scene_0032 pair 231 [15, 6] combined 76800 players 848 retained 256 seconds 0.6393592599779367
shuttleset_03_scene_0032 pair 232 [15, 7] combined 87792 players 648 retained 256 seconds 0.39345502434298396
shuttleset_03_scene_0032 pair 235 [15, 10] combined 23852 players 2518 retained 256 seconds 0.23789232689887285
shuttleset_03_scene_0032 pair 236 [15, 11] combined 28840 players 4344 retained 256 seconds 0.3304581018164754
shuttleset_03_scene_0032 pair 237 [15, 12] combined 35640 players 1030 retained 256 seconds 0.23212838592007756
shuttleset_03_scene_0032 pair 0 [0, 1] combined 262144 players 56782 retained 256 seconds 3.7316514891572297
shuttleset_03_scene_0032 pair 1 [0, 2] combined 199680 players 52010 retained 256 seconds 3.242389556951821
shuttleset_03_scene_0032 pair 2 [0, 3] combined 36864 players 7036 retained 256 seconds 1.1908814110793173
shuttleset_03_scene_0032 pair 5 [0, 6] combined 246784 players 50268 retained 256 seconds 3.554413412231952
shuttleset_03_scene_0032 pair 7 [0, 8] combined 43008 players 976 retained 256 seconds 1.0217813719063997
shuttleset_03_scene_0032 pair 12 [0, 13] combined 5120 players 630 retained 256 seconds 0.8930858662351966
shuttleset_03_scene_0032 pair 14 [0, 15] combined 12288 players 94 retained 32 seconds 0.890614986885339
shuttleset_03_scene_0032 pair 15 [1, 0] combined 262144 players 64840 retained 256 seconds 3.6518810628913343
shuttleset_03_scene_0032 pair 16 [1, 2] combined 262144 players 6684 retained 256 seconds 1.200171166099608
shuttleset_03_scene_0032 pair 18 [1, 4] combined 262144 players 50152 retained 256 seconds 2.784253367688507
shuttleset_03_scene_0032 pair 19 [1, 5] combined 262144 players 70546 retained 256 seconds 3.7082928773015738
shuttleset_03_scene_0032 pair 21 [1, 7] combined 95232 players 7480 retained 256 seconds 0.6992833442054689
shuttleset_03_scene_0032 pair 22 [1, 8] combined 71680 players 12064 retained 256 seconds 0.7875195210799575
shuttleset_03_scene_0032 pair 23 [1, 9] combined 14336 players 2948 retained 256 seconds 0.29494923492893577
shuttleset_03_scene_0032 pair 24 [1, 10] combined 136192 players 12884 retained 256 seconds 1.003661786671728
shuttleset_03_scene_0032 pair 26 [1, 12] combined 0 players 0 retained 0 seconds 0.10304023185744882
shuttleset_03_scene_0032 pair 30 [2, 0] combined 227328 players 64468 retained 256 seconds 3.4316408750601113
shuttleset_03_scene_0032 pair 31 [2, 1] combined 262144 players 3988 retained 256 seconds 1.0797956781461835
shuttleset_03_scene_0032 pair 32 [2, 3] combined 50176 players 1058 retained 256 seconds 0.30552439810708165
shuttleset_03_scene_0032 pair 40 [2, 11] combined 5184 players 1364 retained 256 seconds 0.19407919934019446
shuttleset_03_scene_0032 pair 43 [2, 14] combined 23552 players 174 retained 87 seconds 0.18375366320833564
shuttleset_03_scene_0032 pair 44 [2, 15] combined 10240 players 56 retained 28 seconds 0.13285993272438645
shuttleset_03_scene_0032 pair 45 [3, 0] combined 68608 players 19558 retained 256 seconds 1.4614919018931687
shuttleset_03_scene_0032 pair 47 [3, 2] combined 87040 players 2498 retained 256 seconds 0.4622632972896099
shuttleset_03_scene_0032 pair 48 [3, 4] combined 78848 players 17398 retained 256 seconds 0.979144758079201
shuttleset_03_scene_0032 pair 49 [3, 5] combined 58368 players 15732 retained 256 seconds 0.8691734913736582
shuttleset_03_scene_0032 pair 50 [3, 6] combined 102400 players 3010 retained 256 seconds 0.5435981787741184
shuttleset_03_scene_0032 pair 51 [3, 7] combined 12972 players 12 retained 6 seconds 0.39712887862697244
shuttleset_03_scene_0032 pair 52 [3, 8] combined 33120 players 690 retained 256 seconds 0.216574942227453
shuttleset_03_scene_0032 pair 53 [3, 9] combined 5724 players 210 retained 106 seconds 0.09255076525732875
shuttleset_03_scene_0032 pair 54 [3, 10] combined 14352 players 956 retained 256 seconds 0.17886719480156898
shuttleset_03_scene_0032 pair 56 [3, 12] combined 272 players 4 retained 2 seconds 0.06551594333723187
shuttleset_03_scene_0032 pair 61 [4, 1] combined 262144 players 25452 retained 256 seconds 1.938963817898184
shuttleset_03_scene_0032 pair 63 [4, 3] combined 44032 players 6292 retained 256 seconds 0.5286305979825556
shuttleset_03_scene_0032 pair 64 [4, 5] combined 262144 players 5820 retained 256 seconds 1.180194485001266
shuttleset_03_scene_0032 pair 65 [4, 6] combined 234496 players 25566 retained 256 seconds 1.813258655834943
shuttleset_03_scene_0032 pair 67 [4, 8] combined 45056 players 524 retained 256 seconds 0.30646652495488524
shuttleset_03_scene_0032 pair 72 [4, 13] combined 9216 players 494 retained 247 seconds 0.19939034804701805
shuttleset_03_scene_0032 pair 74 [4, 15] combined 11264 players 116 retained 52 seconds 0.17948690196499228
shuttleset_03_scene_0032 pair 76 [5, 1] combined 262144 players 55332 retained 256 seconds 3.0161497918888927
shuttleset_03_scene_0032 pair 78 [5, 3] combined 39936 players 9412 retained 256 seconds 0.5997021030634642
shuttleset_03_scene_0032 pair 79 [5, 4] combined 262144 players 4290 retained 256 seconds 1.1124191801063716
shuttleset_03_scene_0032 pair 80 [5, 6] combined 224256 players 38982 retained 256 seconds 2.1856934339739382
shuttleset_03_scene_0032 pair 81 [5, 7] combined 43008 players 7052 retained 256 seconds 0.8423876129090786
shuttleset_03_scene_0032 pair 83 [5, 9] combined 12288 players 514 retained 256 seconds 0.1921912911348045
shuttleset_03_scene_0032 pair 84 [5, 10] combined 103424 players 1294 retained 256 seconds 0.48007546830922365
shuttleset_03_scene_0032 pair 85 [5, 11] combined 23712 players 2 retained 1 seconds 0.19434999581426382
shuttleset_03_scene_0032 pair 86 [5, 12] combined 0 players 0 retained 0 seconds 0.09114196943119168
shuttleset_03_scene_0032 pair 88 [5, 14] combined 22528 players 5334 retained 256 seconds 0.4010584061034024
shuttleset_03_scene_0032 pair 90 [6, 0] combined 262144 players 51772 retained 256 seconds 3.2167914011515677
shuttleset_03_scene_0032 pair 93 [6, 3] combined 60416 players 1760 retained 256 seconds 0.3982429797761142
shuttleset_03_scene_0032 pair 94 [6, 4] combined 262144 players 47212 retained 256 seconds 2.612630985211581
shuttleset_03_scene_0032 pair 95 [6, 5] combined 262144 players 52918 retained 256 seconds 2.6623230753466487
shuttleset_03_scene_0032 pair 98 [6, 9] combined 20480 players 5014 retained 256 seconds 0.37461218424141407
shuttleset_03_scene_0032 pair 100 [6, 11] combined 16384 players 4058 retained 256 seconds 0.34262676909565926
shuttleset_03_scene_0032 pair 102 [6, 13] combined 14112 players 3068 retained 256 seconds 0.2791101732291281
shuttleset_03_scene_0032 pair 103 [6, 14] combined 32768 players 464 retained 233 seconds 0.25229593086987734
shuttleset_03_scene_0032 pair 104 [6, 15] combined 6144 players 0 retained 0 seconds 0.11492288624867797
shuttleset_03_scene_0032 pair 106 [7, 1] combined 50176 players 2 retained 1 seconds 0.2600487070158124
shuttleset_03_scene_0032 pair 108 [7, 3] combined 13992 players 22 retained 11 seconds 0.10855231573805213
shuttleset_03_scene_0032 pair 110 [7, 5] combined 67584 players 12680 retained 256 seconds 0.7346305940300226
shuttleset_03_scene_0032 pair 117 [7, 13] combined 3864 players 394 retained 187 seconds 0.09286711690947413
shuttleset_03_scene_0032 pair 118 [7, 14] combined 11256 players 0 retained 0 seconds 0.0691797249019146
shuttleset_03_scene_0032 pair 119 [7, 15] combined 2948 players 0 retained 0 seconds 0.039048424921929836
shuttleset_03_scene_0032 pair 120 [8, 0] combined 43008 players 198 retained 99 seconds 0.6668244036845863
shuttleset_03_scene_0032 pair 121 [8, 1] combined 103424 players 21224 retained 256 seconds 1.488314202055335
shuttleset_03_scene_0032 pair 123 [8, 3] combined 33368 players 1202 retained 256 seconds 0.22904357500374317
shuttleset_03_scene_0032 pair 124 [8, 4] combined 45056 players 436 retained 218 seconds 0.2564292512834072
shuttleset_03_scene_0032 pair 130 [8, 11] combined 1264 players 24 retained 12 seconds 0.06435072887688875
shuttleset_03_scene_0032 pair 133 [8, 14] combined 11252 players 1740 retained 256 seconds 0.16867923410609365
shuttleset_03_scene_0032 pair 136 [9, 1] combined 2048 players 546 retained 256 seconds 0.14855002099648118
shuttleset_03_scene_0032 pair 138 [9, 3] combined 936 players 34 retained 18 seconds 0.05850367387756705
shuttleset_03_scene_0032 pair 140 [9, 5] combined 4096 players 672 retained 256 seconds 0.14527656277641654
shuttleset_03_scene_0032 pair 141 [9, 6] combined 7264 players 418 retained 209 seconds 0.1389735508710146
shuttleset_03_scene_0032 pair 147 [9, 13] combined 288 players 20 retained 10 seconds 0.038131178356707096
shuttleset_03_scene_0032 pair 151 [10, 1] combined 181248 players 18276 retained 256 seconds 1.374288662802428
shuttleset_03_scene_0032 pair 153 [10, 3] combined 8800 players 672 retained 256 seconds 0.14891098719090223
shuttleset_03_scene_0032 pair 155 [10, 5] combined 13312 players 1028 retained 256 seconds 0.19838298577815294
shuttleset_03_scene_0032 pair 162 [10, 13] combined 1792 players 0 retained 0 seconds 0.04169444600120187
shuttleset_03_scene_0032 pair 163 [10, 14] combined 29356 players 1360 retained 256 seconds 0.24169623898342252
shuttleset_03_scene_0032 pair 164 [10, 15] combined 2640 players 82 retained 39 seconds 0.07345735980197787
shuttleset_03_scene_0032 pair 167 [11, 2] combined 10560 players 3356 retained 256 seconds 0.28228589007630944
shuttleset_03_scene_0032 pair 170 [11, 5] combined 0 players 0 retained 0 seconds 0.0860659210011363
shuttleset_03_scene_0032 pair 171 [11, 6] combined 14824 players 4636 retained 256 seconds 0.3572058556601405
shuttleset_03_scene_0032 pair 173 [11, 8] combined 4080 players 112 retained 63 seconds 0.08952271798625588
shuttleset_03_scene_0032 pair 177 [11, 13] combined 1144 players 0 retained 0 seconds 0.03512436291202903
shuttleset_03_scene_0032 pair 179 [11, 15] combined 1012 players 0 retained 0 seconds 0.0367623888887465
shuttleset_03_scene_0032 pair 181 [12, 1] combined 1024 players 14 retained 7 seconds 0.10516903409734368
shuttleset_03_scene_0032 pair 183 [12, 3] combined 1024 players 80 retained 40 seconds 0.062448295298963785
shuttleset_03_scene_0032 pair 185 [12, 5] combined 2048 players 652 retained 256 seconds 0.14777394197881222
shuttleset_03_scene_0032 pair 193 [12, 14] combined 0 players 0 retained 0 seconds 0.018467843998223543
shuttleset_03_scene_0032 pair 194 [12, 15] combined 0 players 0 retained 0 seconds 0.011395832989364862
shuttleset_03_scene_0032 pair 195 [13, 0] combined 9216 players 2178 retained 256 seconds 0.7157983682118356
shuttleset_03_scene_0032 pair 199 [13, 4] combined 12288 players 2056 retained 256 seconds 0.23616239661350846
shuttleset_03_scene_0032 pair 201 [13, 6] combined 23040 players 3236 retained 256 seconds 0.303470263723284
shuttleset_03_scene_0032 pair 202 [13, 7] combined 3432 players 112 retained 55 seconds 0.0650738743133843
shuttleset_03_scene_0032 pair 204 [13, 9] combined 528 players 12 retained 6 seconds 0.03965329611673951
shuttleset_03_scene_0032 pair 205 [13, 10] combined 2016 players 0 retained 0 seconds 0.031259852927178144
shuttleset_03_scene_0032 pair 206 [13, 11] combined 1560 players 0 retained 0 seconds 0.02820933796465397
shuttleset_03_scene_0032 pair 212 [14, 2] combined 25212 players 1068 retained 256 seconds 0.23031845362856984
shuttleset_03_scene_0032 pair 215 [14, 5] combined 34816 players 9602 retained 256 seconds 0.5702769891358912
shuttleset_03_scene_0032 pair 216 [14, 6] combined 54648 players 0 retained 0 seconds 0.23945327941328287
shuttleset_03_scene_0032 pair 217 [14, 7] combined 5512 players 86 retained 43 seconds 0.08418858284130692
shuttleset_03_scene_0032 pair 218 [14, 8] combined 9248 players 1934 retained 256 seconds 0.17952319933101535
shuttleset_03_scene_0032 pair 220 [14, 10] combined 21760 players 20 retained 10 seconds 0.13543701404705644
shuttleset_03_scene_0032 pair 222 [14, 12] combined 0 players 0 retained 0 seconds 0.024756737984716892
shuttleset_03_scene_0032 pair 225 [15, 0] combined 23552 players 1192 retained 256 seconds 0.7280024886131287
shuttleset_03_scene_0032 pair 227 [15, 2] combined 13500 players 244 retained 122 seconds 0.13171524554491043
shuttleset_03_scene_0032 pair 229 [15, 4] combined 21504 players 596 retained 256 seconds 0.21354321902617812
shuttleset_03_scene_0032 pair 231 [15, 6] combined 9216 players 0 retained 0 seconds 0.09052588185295463
shuttleset_03_scene_0032 pair 232 [15, 7] combined 5060 players 0 retained 0 seconds 0.04080970538780093
shuttleset_03_scene_0032 pair 235 [15, 10] combined 4876 players 128 retained 64 seconds 0.07589500676840544
shuttleset_03_scene_0032 pair 236 [15, 11] combined 1848 players 230 retained 115 seconds 0.07055657682940364
shuttleset_03_scene_0032 pair 237 [15, 12] combined 228 players 0 retained 0 seconds 0.014062592294067144
[shuttleset_03_scene_0032] line-template: preparing rectangles
[shuttleset_03_scene_0032] measuring 728 parents (G0=256, G1=256, line_template=256; conflicting geometry groups=0)
[shuttleset_03_scene_0032] parents 250/728
[shuttleset_03_scene_0032] parents 500/728
[shuttleset_03_scene_0032] refitting 728 parents
[shuttleset_03_scene_0032] refits 250/728; valid children=228
[shuttleset_03_scene_0032] refits 500/728; valid children=457
{"view_id": "shuttleset_03_scene_0032", "chosen_key": "G1:1:3627/child", "no_court_reason": null, "all_checks_equal": null, "error": null}
{"views": ["shuttleset_03_scene_0032"], "startup_seconds": 0.0300867329351604, "wall_seconds": 857.2133750799112, "peak_rss_mb": 1669.5703125, "failed": []}
