decoded /scratch/cmarti/issue103_ad8da4f/external/shuttleset-sources/21 An_Se_Young_Ratchanok_Intanon_YONEX_Thailand_Open_2021_QuarterFinals.mp4 to frame 85867 in 375s
shuttleset_21_scene_0039 pair 0 [0, 1] combined 262144 players 73688 retained 256 seconds 2.4129191087558866
shuttleset_21_scene_0039 pair 1 [0, 2] combined 262144 players 84250 retained 256 seconds 2.4856495233252645
shuttleset_21_scene_0039 pair 5 [0, 6] combined 43008 players 12858 retained 256 seconds 0.6852273079566658
shuttleset_21_scene_0039 pair 6 [0, 7] combined 243712 players 66158 retained 256 seconds 2.0417798799462616
shuttleset_21_scene_0039 pair 7 [0, 8] combined 124928 players 22760 retained 256 seconds 1.0040228250436485
shuttleset_21_scene_0039 pair 8 [0, 9] combined 65536 players 21100 retained 256 seconds 0.8724564220756292
shuttleset_21_scene_0039 pair 11 [0, 12] combined 94208 players 29542 retained 256 seconds 1.1484532142058015
shuttleset_21_scene_0039 pair 12 [0, 13] combined 36864 players 10336 retained 256 seconds 0.551207582000643
shuttleset_21_scene_0039 pair 13 [0, 14] combined 0 players 0 retained 0 seconds 0.23628112068399787
shuttleset_21_scene_0039 pair 15 [1, 0] combined 262144 players 92374 retained 256 seconds 2.6757803889922798
shuttleset_21_scene_0039 pair 16 [1, 2] combined 262144 players 1032 retained 256 seconds 0.7114373920485377
shuttleset_21_scene_0039 pair 17 [1, 3] combined 262144 players 117298 retained 256 seconds 3.214306108187884
shuttleset_21_scene_0039 pair 18 [1, 4] combined 262144 players 95514 retained 256 seconds 2.6884028492495418
shuttleset_21_scene_0039 pair 20 [1, 6] combined 80896 players 224 retained 114 seconds 0.3292504041455686
shuttleset_21_scene_0039 pair 22 [1, 8] combined 62464 players 9162 retained 256 seconds 0.4366698651574552
shuttleset_21_scene_0039 pair 24 [1, 10] combined 262144 players 87378 retained 256 seconds 2.510454608127475
shuttleset_21_scene_0039 pair 25 [1, 11] combined 158720 players 67166 retained 256 seconds 1.8826964581385255
shuttleset_21_scene_0039 pair 27 [1, 13] combined 31744 players 1412 retained 256 seconds 0.23597672581672668
shuttleset_21_scene_0039 pair 30 [2, 0] combined 262144 players 105804 retained 256 seconds 2.820697733666748
shuttleset_21_scene_0039 pair 31 [2, 1] combined 262144 players 12066 retained 256 seconds 0.8729068669490516
shuttleset_21_scene_0039 pair 32 [2, 3] combined 262144 players 116112 retained 256 seconds 3.1559392367489636
shuttleset_21_scene_0039 pair 33 [2, 4] combined 262144 players 100044 retained 256 seconds 2.7690618820488453
shuttleset_21_scene_0039 pair 34 [2, 5] combined 37888 players 0 retained 0 seconds 0.1220387821085751
shuttleset_21_scene_0039 pair 38 [2, 9] combined 83968 players 1150 retained 256 seconds 0.24875874677672982
shuttleset_21_scene_0039 pair 41 [2, 12] combined 204800 players 3806 retained 256 seconds 0.5206806231290102
shuttleset_21_scene_0039 pair 43 [2, 14] combined 1024 players 0 retained 0 seconds 0.04891445068642497
shuttleset_21_scene_0039 pair 46 [3, 1] combined 262144 players 88712 retained 256 seconds 2.6278110411949456
shuttleset_21_scene_0039 pair 47 [3, 2] combined 262144 players 101102 retained 256 seconds 2.747827196959406
shuttleset_21_scene_0039 pair 50 [3, 6] combined 40960 players 15746 retained 256 seconds 0.4772492269985378
shuttleset_21_scene_0039 pair 51 [3, 7] combined 262144 players 29750 retained 256 seconds 1.142342880833894
shuttleset_21_scene_0039 pair 52 [3, 8] combined 126976 players 7524 retained 256 seconds 0.4474768452346325
shuttleset_21_scene_0039 pair 53 [3, 9] combined 64512 players 24846 retained 256 seconds 0.8036733958870173
shuttleset_21_scene_0039 pair 57 [3, 13] combined 48128 players 3258 retained 256 seconds 0.2246706779114902
shuttleset_21_scene_0039 pair 58 [3, 14] combined 1024 players 478 retained 239 seconds 0.08022887911647558
shuttleset_21_scene_0039 pair 61 [4, 1] combined 262144 players 90118 retained 256 seconds 2.5999419847503304
shuttleset_21_scene_0039 pair 62 [4, 2] combined 262144 players 91464 retained 256 seconds 2.561495336238295
shuttleset_21_scene_0039 pair 64 [4, 5] combined 29696 players 7742 retained 256 seconds 0.3166576228104532
shuttleset_21_scene_0039 pair 65 [4, 6] combined 41984 players 16150 retained 256 seconds 0.5088610369712114
shuttleset_21_scene_0039 pair 69 [4, 10] combined 262144 players 11042 retained 256 seconds 0.7747185449115932
shuttleset_21_scene_0039 pair 70 [4, 11] combined 262144 players 46806 retained 256 seconds 1.5148208807222545
shuttleset_21_scene_0039 pair 71 [4, 12] combined 101376 players 38482 retained 256 seconds 1.1743569979444146
shuttleset_21_scene_0039 pair 74 [4, 15] combined 262144 players 36308 retained 256 seconds 1.3014272288419306
shuttleset_21_scene_0039 pair 77 [5, 2] combined 23552 players 106 retained 53 seconds 0.09823732916265726
shuttleset_21_scene_0039 pair 79 [5, 4] combined 22528 players 9112 retained 256 seconds 0.3068734551779926
shuttleset_21_scene_0039 pair 80 [5, 6] combined 4428 players 0 retained 0 seconds 0.023400322999805212
shuttleset_21_scene_0039 pair 82 [5, 8] combined 1692 players 98 retained 49 seconds 0.03610303485766053
shuttleset_21_scene_0039 pair 87 [5, 13] combined 328 players 98 retained 49 seconds 0.027854271233081818
shuttleset_21_scene_0039 pair 90 [6, 0] combined 66560 players 22124 retained 256 seconds 0.8684600125998259
shuttleset_21_scene_0039 pair 91 [6, 1] combined 27648 players 350 retained 176 seconds 0.1629548971541226
shuttleset_21_scene_0039 pair 93 [6, 3] combined 70656 players 27658 retained 256 seconds 0.7807390298694372
shuttleset_21_scene_0039 pair 94 [6, 4] combined 70656 players 24512 retained 256 seconds 0.7057331288233399
shuttleset_21_scene_0039 pair 95 [6, 5] combined 7696 players 6 retained 3 seconds 0.04183088196441531
shuttleset_21_scene_0039 pair 98 [6, 9] combined 36764 players 4 retained 2 seconds 0.09342977497726679
shuttleset_21_scene_0039 pair 101 [6, 12] combined 73260 players 640 retained 256 seconds 0.18663208791986108
shuttleset_21_scene_0039 pair 103 [6, 14] combined 0 players 0 retained 0 seconds 0.011412082239985466
shuttleset_21_scene_0039 pair 105 [7, 0] combined 159744 players 29162 retained 256 seconds 1.2165146418847144
shuttleset_21_scene_0039 pair 108 [7, 3] combined 178176 players 25502 retained 256 seconds 0.8828508788719773
shuttleset_21_scene_0039 pair 114 [7, 10] combined 151552 players 7498 retained 256 seconds 0.47912070294842124
shuttleset_21_scene_0039 pair 115 [7, 11] combined 158340 players 3560 retained 256 seconds 0.39108499931171536
shuttleset_21_scene_0039 pair 120 [8, 0] combined 72704 players 11206 retained 256 seconds 0.5639774957671762
shuttleset_21_scene_0039 pair 121 [8, 1] combined 64512 players 7514 retained 256 seconds 0.3805607627145946
shuttleset_21_scene_0039 pair 123 [8, 3] combined 165888 players 5254 retained 256 seconds 0.45666640624403954
shuttleset_21_scene_0039 pair 125 [8, 5] combined 12672 players 492 retained 246 seconds 0.07886024005711079
shuttleset_21_scene_0039 pair 128 [8, 9] combined 26520 players 4974 retained 256 seconds 0.2902104160748422
shuttleset_21_scene_0039 pair 129 [8, 10] combined 164864 players 11374 retained 256 seconds 0.564399141818285
shuttleset_21_scene_0039 pair 130 [8, 11] combined 89088 players 4136 retained 256 seconds 0.27987639093771577
shuttleset_21_scene_0039 pair 131 [8, 12] combined 77880 players 2876 retained 256 seconds 0.248548555187881
shuttleset_21_scene_0039 pair 135 [9, 0] combined 100352 players 38938 retained 256 seconds 1.173015239648521
shuttleset_21_scene_0039 pair 137 [9, 2] combined 110592 players 270 retained 136 seconds 0.26036586379632354
shuttleset_21_scene_0039 pair 138 [9, 3] combined 99328 players 43862 retained 256 seconds 1.251498093828559
shuttleset_21_scene_0039 pair 141 [9, 6] combined 36472 players 210 retained 105 seconds 0.10802849428728223
shuttleset_21_scene_0039 pair 143 [9, 8] combined 12760 players 1620 retained 256 seconds 0.10451246798038483
shuttleset_21_scene_0039 pair 144 [9, 10] combined 67584 players 20658 retained 256 seconds 0.6077079051174223
shuttleset_21_scene_0039 pair 145 [9, 11] combined 47360 players 5686 retained 256 seconds 0.24618713138625026
shuttleset_21_scene_0039 pair 147 [9, 13] combined 6324 players 486 retained 243 seconds 0.06519612204283476
shuttleset_21_scene_0039 pair 151 [10, 1] combined 262144 players 72440 retained 256 seconds 2.1630424628965557
shuttleset_21_scene_0039 pair 154 [10, 4] combined 262144 players 4368 retained 256 seconds 0.6440560379996896
shuttleset_21_scene_0039 pair 157 [10, 7] combined 201728 players 7328 retained 256 seconds 0.6683404361829162
shuttleset_21_scene_0039 pair 158 [10, 8] combined 124928 players 4590 retained 256 seconds 0.3795051071792841
shuttleset_21_scene_0039 pair 159 [10, 9] combined 67584 players 14452 retained 256 seconds 0.5012029949575663
shuttleset_21_scene_0039 pair 162 [10, 13] combined 48128 players 298 retained 149 seconds 0.1478346032090485
shuttleset_21_scene_0039 pair 163 [10, 14] combined 0 players 0 retained 0 seconds 0.037172508891671896
shuttleset_21_scene_0039 pair 166 [11, 1] combined 220160 players 57744 retained 256 seconds 1.7232852349989116
shuttleset_21_scene_0039 pair 169 [11, 4] combined 119808 players 18358 retained 256 seconds 0.6416050288826227
shuttleset_21_scene_0039 pair 172 [11, 7] combined 106920 players 1628 retained 256 seconds 0.3785728719085455
shuttleset_21_scene_0039 pair 173 [11, 8] combined 25112 players 1442 retained 256 seconds 0.1211723517626524
shuttleset_21_scene_0039 pair 174 [11, 9] combined 55776 players 9990 retained 256 seconds 0.35987802082672715
shuttleset_21_scene_0039 pair 176 [11, 12] combined 144628 players 44864 retained 256 seconds 1.289785707835108
shuttleset_21_scene_0039 pair 177 [11, 13] combined 22880 players 1378 retained 256 seconds 0.11688774498179555
shuttleset_21_scene_0039 pair 178 [11, 14] combined 1184 players 0 retained 0 seconds 0.020167875103652477
shuttleset_21_scene_0039 pair 180 [12, 0] combined 167936 players 65976 retained 256 seconds 1.8500016909092665
shuttleset_21_scene_0039 pair 182 [12, 2] combined 262144 players 5418 retained 256 seconds 0.7801408837549388
shuttleset_21_scene_0039 pair 184 [12, 4] combined 169984 players 70600 retained 256 seconds 1.847974814940244
shuttleset_21_scene_0039 pair 186 [12, 6] combined 79872 players 516 retained 256 seconds 0.20927286334335804
shuttleset_21_scene_0039 pair 188 [12, 8] combined 83616 players 10010 retained 256 seconds 0.4015040546655655
shuttleset_21_scene_0039 pair 191 [12, 11] combined 137984 players 33736 retained 256 seconds 0.9832690330222249
shuttleset_21_scene_0039 pair 192 [12, 13] combined 26880 players 2646 retained 256 seconds 0.1599633488804102
shuttleset_21_scene_0039 pair 195 [13, 0] combined 30720 players 1398 retained 256 seconds 0.28682941198349
shuttleset_21_scene_0039 pair 196 [13, 1] combined 36864 players 1398 retained 256 seconds 0.20506315305829048
shuttleset_21_scene_0039 pair 198 [13, 3] combined 63488 players 1504 retained 256 seconds 0.19505093060433865
shuttleset_21_scene_0039 pair 200 [13, 5] combined 3500 players 248 retained 124 seconds 0.039658181834965944
shuttleset_21_scene_0039 pair 204 [13, 9] combined 23120 players 1260 retained 256 seconds 0.23099864274263382
shuttleset_21_scene_0039 pair 205 [13, 10] combined 64512 players 780 retained 256 seconds 0.1819229917600751
shuttleset_21_scene_0039 pair 206 [13, 11] combined 76096 players 3056 retained 256 seconds 0.23686989583075047
shuttleset_21_scene_0039 pair 207 [13, 12] combined 18228 players 1140 retained 256 seconds 0.10612015798687935
shuttleset_21_scene_0039 pair 210 [14, 0] combined 0 players 0 retained 0 seconds 0.1931701679714024
shuttleset_21_scene_0039 pair 212 [14, 2] combined 0 players 0 retained 0 seconds 0.031628517899662256
shuttleset_21_scene_0039 pair 213 [14, 3] combined 0 players 0 retained 0 seconds 0.030525253154337406
shuttleset_21_scene_0039 pair 216 [14, 6] combined 0 players 0 retained 0 seconds 0.008081832434982061
shuttleset_21_scene_0039 pair 220 [14, 10] combined 0 players 0 retained 0 seconds 0.026742706075310707
shuttleset_21_scene_0039 pair 221 [14, 11] combined 600 players 0 retained 0 seconds 0.014013092033565044
shuttleset_21_scene_0039 pair 229 [15, 4] combined 253952 players 31100 retained 256 seconds 1.1914273449219763
shuttleset_21_scene_0039 pair 0 [0, 1] combined 84992 players 18978 retained 256 seconds 0.6481526321731508
shuttleset_21_scene_0039 pair 1 [0, 2] combined 48128 players 13260 retained 256 seconds 0.46270856400951743
shuttleset_21_scene_0039 pair 5 [0, 6] combined 5120 players 1878 retained 256 seconds 0.14486161712557077
shuttleset_21_scene_0039 pair 6 [0, 7] combined 0 players 0 retained 0 seconds 0.06771952332928777
shuttleset_21_scene_0039 pair 7 [0, 8] combined 4096 players 966 retained 256 seconds 0.11509091081097722
shuttleset_21_scene_0039 pair 8 [0, 9] combined 0 players 0 retained 0 seconds 0.06734324991703033
shuttleset_21_scene_0039 pair 11 [0, 12] combined 2048 players 572 retained 230 seconds 0.10907538421452045
shuttleset_21_scene_0039 pair 12 [0, 13] combined 0 players 0 retained 0 seconds 0.06019995594397187
shuttleset_21_scene_0039 pair 13 [0, 14] combined 0 players 0 retained 0 seconds 0.060725408140569925
shuttleset_21_scene_0039 pair 15 [1, 0] combined 107520 players 32272 retained 256 seconds 1.0983090470544994
shuttleset_21_scene_0039 pair 16 [1, 2] combined 28776 players 0 retained 0 seconds 0.07154068117961287
shuttleset_21_scene_0039 pair 17 [1, 3] combined 7632 players 3432 retained 256 seconds 0.13120100973173976
shuttleset_21_scene_0039 pair 18 [1, 4] combined 26400 players 11550 retained 256 seconds 0.3346846178174019
shuttleset_21_scene_0039 pair 20 [1, 6] combined 664 players 0 retained 0 seconds 0.016597773879766464
shuttleset_21_scene_0039 pair 22 [1, 8] combined 0 players 0 retained 0 seconds 0.017283459194004536
shuttleset_21_scene_0039 pair 24 [1, 10] combined 18984 players 6264 retained 256 seconds 0.20905944099649787
shuttleset_21_scene_0039 pair 25 [1, 11] combined 9880 players 4488 retained 256 seconds 0.15695751085877419
shuttleset_21_scene_0039 pair 27 [1, 13] combined 1952 players 20 retained 10 seconds 0.034187392331659794
shuttleset_21_scene_0039 pair 30 [2, 0] combined 50176 players 16982 retained 256 seconds 0.5246396763250232
shuttleset_21_scene_0039 pair 31 [2, 1] combined 28200 players 612 retained 256 seconds 0.10857996204867959
shuttleset_21_scene_0039 pair 32 [2, 3] combined 4860 players 2356 retained 256 seconds 0.10077195707708597
shuttleset_21_scene_0039 pair 33 [2, 4] combined 10332 players 4760 retained 256 seconds 0.16131011210381985
shuttleset_21_scene_0039 pair 34 [2, 5] combined 792 players 0 retained 0 seconds 0.014244638849049807
shuttleset_21_scene_0039 pair 38 [2, 9] combined 0 players 0 retained 0 seconds 0.010176126845180988
shuttleset_21_scene_0039 pair 41 [2, 12] combined 720 players 12 retained 6 seconds 0.02553250500932336
shuttleset_21_scene_0039 pair 43 [2, 14] combined 0 players 0 retained 0 seconds 0.010960654355585575
shuttleset_21_scene_0039 pair 46 [3, 1] combined 14448 players 4170 retained 256 seconds 0.15554085792973638
shuttleset_21_scene_0039 pair 47 [3, 2] combined 9180 players 3360 retained 256 seconds 0.12787144863978028
shuttleset_21_scene_0039 pair 50 [3, 6] combined 624 players 304 retained 148 seconds 0.03558002691715956
shuttleset_21_scene_0039 pair 51 [3, 7] combined 0 players 0 retained 0 seconds 0.0069866906851530075
shuttleset_21_scene_0039 pair 52 [3, 8] combined 304 players 2 retained 1 seconds 0.02133798599243164
shuttleset_21_scene_0039 pair 53 [3, 9] combined 0 players 0 retained 0 seconds 0.007560461759567261
shuttleset_21_scene_0039 pair 57 [3, 13] combined 912 players 6 retained 3 seconds 0.02182384766638279
shuttleset_21_scene_0039 pair 58 [3, 14] combined 0 players 0 retained 0 seconds 0.006725736893713474
shuttleset_21_scene_0039 pair 61 [4, 1] combined 28864 players 8550 retained 256 seconds 0.2735998039133847
shuttleset_21_scene_0039 pair 62 [4, 2] combined 13760 players 4734 retained 256 seconds 0.16646380722522736
shuttleset_21_scene_0039 pair 64 [4, 5] combined 1840 players 110 retained 55 seconds 0.03348309965804219
shuttleset_21_scene_0039 pair 65 [4, 6] combined 1620 players 760 retained 256 seconds 0.05937720322981477
shuttleset_21_scene_0039 pair 69 [4, 10] combined 24576 players 2612 retained 256 seconds 0.1367522720247507
shuttleset_21_scene_0039 pair 70 [4, 11] combined 7564 players 1038 retained 256 seconds 0.07513636536896229
shuttleset_21_scene_0039 pair 71 [4, 12] combined 656 players 132 retained 66 seconds 0.0318268733099103
shuttleset_21_scene_0039 pair 74 [4, 15] combined 0 players 0 retained 0 seconds 0.011209499090909958
shuttleset_21_scene_0039 pair 77 [5, 2] combined 244 players 8 retained 4 seconds 0.02237585699185729
shuttleset_21_scene_0039 pair 79 [5, 4] combined 1560 players 644 retained 256 seconds 0.05374921811744571
shuttleset_21_scene_0039 pair 80 [5, 6] combined 0 players 0 retained 0 seconds 0.004272476304322481
shuttleset_21_scene_0039 pair 82 [5, 8] combined 0 players 0 retained 0 seconds 0.004940317012369633
shuttleset_21_scene_0039 pair 87 [5, 13] combined 0 players 0 retained 0 seconds 0.0036100358702242374
shuttleset_21_scene_0039 pair 90 [6, 0] combined 6144 players 1660 retained 256 seconds 0.11879350617527962
shuttleset_21_scene_0039 pair 91 [6, 1] combined 0 players 0 retained 0 seconds 0.01193577516824007
shuttleset_21_scene_0039 pair 93 [6, 3] combined 624 players 266 retained 133 seconds 0.030965961050242186
shuttleset_21_scene_0039 pair 94 [6, 4] combined 1988 players 644 retained 256 seconds 0.053331553004682064
shuttleset_21_scene_0039 pair 95 [6, 5] combined 0 players 0 retained 0 seconds 0.004160638898611069
shuttleset_21_scene_0039 pair 98 [6, 9] combined 0 players 0 retained 0 seconds 0.0025997571647167206
shuttleset_21_scene_0039 pair 101 [6, 12] combined 96 players 0 retained 0 seconds 0.0040326789021492004
shuttleset_21_scene_0039 pair 103 [6, 14] combined 0 players 0 retained 0 seconds 0.002629231195896864
shuttleset_21_scene_0039 pair 105 [7, 0] combined 0 players 0 retained 0 seconds 0.04478722484782338
shuttleset_21_scene_0039 pair 108 [7, 3] combined 0 players 0 retained 0 seconds 0.005622961092740297
shuttleset_21_scene_0039 pair 114 [7, 10] combined 0 players 0 retained 0 seconds 0.005563570186495781
shuttleset_21_scene_0039 pair 115 [7, 11] combined 0 players 0 retained 0 seconds 0.004236477892845869
shuttleset_21_scene_0039 pair 120 [8, 0] combined 2048 players 220 retained 102 seconds 0.06827730778604746
shuttleset_21_scene_0039 pair 121 [8, 1] combined 0 players 0 retained 0 seconds 0.01163239311426878
shuttleset_21_scene_0039 pair 123 [8, 3] combined 640 players 6 retained 3 seconds 0.02015008730813861
shuttleset_21_scene_0039 pair 125 [8, 5] combined 144 players 0 retained 0 seconds 0.005991986952722073
shuttleset_21_scene_0039 pair 128 [8, 9] combined 0 players 0 retained 0 seconds 0.00271116616204381
shuttleset_21_scene_0039 pair 129 [8, 10] combined 488 players 0 retained 0 seconds 0.008110394235700369
shuttleset_21_scene_0039 pair 130 [8, 11] combined 176 players 0 retained 0 seconds 0.005579764023423195
shuttleset_21_scene_0039 pair 131 [8, 12] combined 100 players 0 retained 0 seconds 0.004566043149679899
shuttleset_21_scene_0039 pair 135 [9, 0] combined 0 players 0 retained 0 seconds 0.043548583053052425
shuttleset_21_scene_0039 pair 137 [9, 2] combined 0 players 0 retained 0 seconds 0.007785245310515165
shuttleset_21_scene_0039 pair 138 [9, 3] combined 0 players 0 retained 0 seconds 0.005157073028385639
shuttleset_21_scene_0039 pair 141 [9, 6] combined 0 players 0 retained 0 seconds 0.0024070069193840027
shuttleset_21_scene_0039 pair 143 [9, 8] combined 0 players 0 retained 0 seconds 0.0021285139955580235
shuttleset_21_scene_0039 pair 144 [9, 10] combined 0 players 0 retained 0 seconds 0.005724360700696707
shuttleset_21_scene_0039 pair 145 [9, 11] combined 0 players 0 retained 0 seconds 0.004307806957513094
shuttleset_21_scene_0039 pair 147 [9, 13] combined 0 players 0 retained 0 seconds 0.001978103071451187
shuttleset_21_scene_0039 pair 151 [10, 1] combined 19968 players 4264 retained 256 seconds 0.16597105795517564
shuttleset_21_scene_0039 pair 154 [10, 4] combined 20984 players 822 retained 256 seconds 0.09361574100330472
shuttleset_21_scene_0039 pair 157 [10, 7] combined 0 players 0 retained 0 seconds 0.007911917753517628
shuttleset_21_scene_0039 pair 158 [10, 8] combined 588 players 0 retained 0 seconds 0.009803730063140392
shuttleset_21_scene_0039 pair 159 [10, 9] combined 0 players 0 retained 0 seconds 0.008261397946625948
shuttleset_21_scene_0039 pair 162 [10, 13] combined 980 players 0 retained 0 seconds 0.009942890144884586
shuttleset_21_scene_0039 pair 163 [10, 14] combined 0 players 0 retained 0 seconds 0.007571202237159014
shuttleset_21_scene_0039 pair 166 [11, 1] combined 11448 players 3698 retained 256 seconds 0.3349156742915511
shuttleset_21_scene_0039 pair 169 [11, 4] combined 2184 players 244 retained 122 seconds 0.038373235147446394
shuttleset_21_scene_0039 pair 172 [11, 7] combined 0 players 0 retained 0 seconds 0.005716579966247082
shuttleset_21_scene_0039 pair 173 [11, 8] combined 0 players 0 retained 0 seconds 0.005967482924461365
shuttleset_21_scene_0039 pair 174 [11, 9] combined 0 players 0 retained 0 seconds 0.00604880228638649
shuttleset_21_scene_0039 pair 176 [11, 12] combined 176 players 88 retained 44 seconds 0.022364658303558826
shuttleset_21_scene_0039 pair 177 [11, 13] combined 0 players 0 retained 0 seconds 0.0059854499995708466
shuttleset_21_scene_0039 pair 178 [11, 14] combined 0 players 0 retained 0 seconds 0.005674171261489391
shuttleset_21_scene_0039 pair 180 [12, 0] combined 3072 players 980 retained 256 seconds 0.10118903033435345
shuttleset_21_scene_0039 pair 182 [12, 2] combined 1704 players 6 retained 3 seconds 0.025405113119632006
shuttleset_21_scene_0039 pair 184 [12, 4] combined 992 players 406 retained 203 seconds 0.04323466308414936
shuttleset_21_scene_0039 pair 186 [12, 6] combined 64 players 0 retained 0 seconds 0.0047833239659667015
shuttleset_21_scene_0039 pair 188 [12, 8] combined 64 players 8 retained 4 seconds 0.016718671191483736
shuttleset_21_scene_0039 pair 191 [12, 11] combined 320 players 138 retained 69 seconds 0.024956408888101578
shuttleset_21_scene_0039 pair 192 [12, 13] combined 48 players 6 retained 3 seconds 0.016405302565544844
shuttleset_21_scene_0039 pair 195 [13, 0] combined 0 players 0 retained 0 seconds 0.04221594426780939
shuttleset_21_scene_0039 pair 196 [13, 1] combined 3108 players 18 retained 9 seconds 0.0292017487809062
shuttleset_21_scene_0039 pair 198 [13, 3] combined 1024 players 6 retained 3 seconds 0.019805370829999447
shuttleset_21_scene_0039 pair 200 [13, 5] combined 28 players 0 retained 0 seconds 0.0038044783286750317
shuttleset_21_scene_0039 pair 204 [13, 9] combined 0 players 0 retained 0 seconds 0.0022594300098717213
shuttleset_21_scene_0039 pair 205 [13, 10] combined 1984 players 0 retained 0 seconds 0.009556167293339968
shuttleset_21_scene_0039 pair 206 [13, 11] combined 0 players 0 retained 0 seconds 0.0048050107434391975
shuttleset_21_scene_0039 pair 207 [13, 12] combined 96 players 0 retained 0 seconds 0.0036905710585415363
shuttleset_21_scene_0039 pair 210 [14, 0] combined 0 players 0 retained 0 seconds 0.04476952087134123
shuttleset_21_scene_0039 pair 212 [14, 2] combined 0 players 0 retained 0 seconds 0.007807841058820486
shuttleset_21_scene_0039 pair 213 [14, 3] combined 0 players 0 retained 0 seconds 0.005264155101031065
shuttleset_21_scene_0039 pair 216 [14, 6] combined 0 players 0 retained 0 seconds 0.0022647660225629807
shuttleset_21_scene_0039 pair 220 [14, 10] combined 0 players 0 retained 0 seconds 0.005426701158285141
shuttleset_21_scene_0039 pair 221 [14, 11] combined 0 players 0 retained 0 seconds 0.0041767810471355915
shuttleset_21_scene_0039 pair 229 [15, 4] combined 0 players 0 retained 0 seconds 0.009098379872739315
[shuttleset_21_scene_0039] line-template: preparing rectangles
[shuttleset_21_scene_0039] measuring 750 parents (G0=256, G1=256, line_template=256; conflicting geometry groups=0)
[shuttleset_21_scene_0039] parents 250/750
[shuttleset_21_scene_0039] parents 500/750
[shuttleset_21_scene_0039] parents 750/750
[shuttleset_21_scene_0039] refitting 750 parents
[shuttleset_21_scene_0039] refits 250/750; valid children=240
[shuttleset_21_scene_0039] refits 500/750; valid children=483
[shuttleset_21_scene_0039] refits 750/750; valid children=712
{"view_id": "shuttleset_21_scene_0039", "chosen_key": "G1:1:1480/child", "no_court_reason": null, "all_checks_equal": null, "error": null}
{"views": ["shuttleset_21_scene_0039"], "startup_seconds": 0.03517701802775264, "wall_seconds": 600.1160201523453, "peak_rss_mb": 1335.1328125, "failed": []}
