decoded /scratch/cmarti/issue103_ad8da4f/external/shuttleset-sources/21 An_Se_Young_Ratchanok_Intanon_YONEX_Thailand_Open_2021_QuarterFinals.mp4 to frame 90964 in 425s
shuttleset_21_scene_0044 pair 0 [0, 1] combined 262144 players 94524 retained 256 seconds 2.689020263031125
shuttleset_21_scene_0044 pair 1 [0, 2] combined 262144 players 104538 retained 256 seconds 2.7493432010523975
shuttleset_21_scene_0044 pair 3 [0, 4] combined 58368 players 20378 retained 256 seconds 0.7087209210731089
shuttleset_21_scene_0044 pair 4 [0, 5] combined 53248 players 12000 retained 256 seconds 0.5792560633271933
shuttleset_21_scene_0044 pair 5 [0, 6] combined 163840 players 65412 retained 256 seconds 1.687549872789532
shuttleset_21_scene_0044 pair 10 [0, 11] combined 262144 players 44844 retained 256 seconds 1.5263375053182244
shuttleset_21_scene_0044 pair 11 [0, 12] combined 143360 players 55156 retained 256 seconds 1.5537080219946802
shuttleset_21_scene_0044 pair 12 [0, 13] combined 48128 players 13838 retained 256 seconds 0.5235164943151176
shuttleset_21_scene_0044 pair 14 [0, 15] combined 109568 players 23848 retained 256 seconds 0.8782768636010587
shuttleset_21_scene_0044 pair 15 [1, 0] combined 262144 players 101336 retained 256 seconds 2.5936981961131096
shuttleset_21_scene_0044 pair 16 [1, 2] combined 262144 players 2182 retained 256 seconds 0.5963462237268686
shuttleset_21_scene_0044 pair 17 [1, 3] combined 262144 players 102252 retained 256 seconds 2.5198062588460743
shuttleset_21_scene_0044 pair 24 [1, 10] combined 262144 players 71340 retained 256 seconds 1.8472292851656675
shuttleset_21_scene_0044 pair 25 [1, 11] combined 128000 players 37250 retained 256 seconds 1.0548674268648028
shuttleset_21_scene_0044 pair 27 [1, 13] combined 12288 players 1544 retained 256 seconds 0.16156167816370726
shuttleset_21_scene_0044 pair 28 [1, 14] combined 8192 players 954 retained 256 seconds 0.12867840798571706
shuttleset_21_scene_0044 pair 29 [1, 15] combined 68608 players 6914 retained 256 seconds 0.33656408125534654
shuttleset_21_scene_0044 pair 30 [2, 0] combined 262144 players 113184 retained 256 seconds 2.7970760222524405
shuttleset_21_scene_0044 pair 31 [2, 1] combined 262144 players 10792 retained 256 seconds 0.7660063398070633
shuttleset_21_scene_0044 pair 32 [2, 3] combined 262144 players 108338 retained 256 seconds 2.5557315167970955
shuttleset_21_scene_0044 pair 33 [2, 4] combined 68608 players 2694 retained 256 seconds 0.2512402241118252
shuttleset_21_scene_0044 pair 34 [2, 5] combined 69632 players 32 retained 16 seconds 0.18572969688102603
shuttleset_21_scene_0044 pair 38 [2, 9] combined 10240 players 64 retained 32 seconds 0.09776270762085915
shuttleset_21_scene_0044 pair 41 [2, 12] combined 262144 players 4652 retained 256 seconds 0.6093103648163378
shuttleset_21_scene_0044 pair 46 [3, 1] combined 262144 players 88066 retained 256 seconds 2.3157977890223265
shuttleset_21_scene_0044 pair 47 [3, 2] combined 262144 players 94038 retained 256 seconds 2.2910937452688813
shuttleset_21_scene_0044 pair 49 [3, 5] combined 55296 players 13616 retained 256 seconds 0.4945642431266606
shuttleset_21_scene_0044 pair 50 [3, 6] combined 140288 players 47496 retained 256 seconds 1.1807511122897267
shuttleset_21_scene_0044 pair 53 [3, 9] combined 23552 players 6162 retained 256 seconds 0.2192768738605082
shuttleset_21_scene_0044 pair 54 [3, 10] combined 262144 players 7196 retained 256 seconds 0.6259568808600307
shuttleset_21_scene_0044 pair 55 [3, 11] combined 257024 players 14290 retained 256 seconds 0.7914406629279256
shuttleset_21_scene_0044 pair 57 [3, 13] combined 52224 players 3934 retained 256 seconds 0.22198173124343157
shuttleset_21_scene_0044 pair 59 [3, 15] combined 146432 players 8634 retained 256 seconds 0.4358782400377095
shuttleset_21_scene_0044 pair 60 [4, 0] combined 67584 players 28322 retained 256 seconds 0.817618512082845
shuttleset_21_scene_0044 pair 62 [4, 2] combined 64512 players 2882 retained 256 seconds 0.31972315488383174
shuttleset_21_scene_0044 pair 69 [4, 10] combined 76800 players 22562 retained 256 seconds 0.5735746771097183
shuttleset_21_scene_0044 pair 70 [4, 11] combined 16236 players 960 retained 256 seconds 0.09143460402265191
shuttleset_21_scene_0044 pair 72 [4, 13] combined 4600 players 216 retained 95 seconds 0.04513034923002124
shuttleset_21_scene_0044 pair 74 [4, 15] combined 3904 players 442 retained 221 seconds 0.05526599660515785
shuttleset_21_scene_0044 pair 75 [5, 0] combined 52224 players 19556 retained 256 seconds 0.612611984834075
shuttleset_21_scene_0044 pair 77 [5, 2] combined 46080 players 1254 retained 256 seconds 0.18631910998374224
shuttleset_21_scene_0044 pair 78 [5, 3] combined 51200 players 19134 retained 256 seconds 0.4900315790437162
shuttleset_21_scene_0044 pair 85 [5, 11] combined 19520 players 1804 retained 256 seconds 0.19389551505446434
shuttleset_21_scene_0044 pair 87 [5, 13] combined 1764 players 80 retained 40 seconds 0.03131217695772648
shuttleset_21_scene_0044 pair 88 [5, 14] combined 2408 players 114 retained 57 seconds 0.03195899398997426
shuttleset_21_scene_0044 pair 89 [5, 15] combined 13132 players 338 retained 169 seconds 0.059058374259620905
shuttleset_21_scene_0044 pair 90 [6, 0] combined 87040 players 24630 retained 256 seconds 0.7550347852520645
shuttleset_21_scene_0044 pair 93 [6, 3] combined 102400 players 40662 retained 256 seconds 0.9803543668240309
shuttleset_21_scene_0044 pair 112 [7, 8] combined 65536 players 14898 retained 256 seconds 0.5012227278202772
shuttleset_21_scene_0044 pair 118 [7, 14] combined 2688 players 544 retained 248 seconds 0.056980551686137915
shuttleset_21_scene_0044 pair 127 [8, 7] combined 35292 players 3888 retained 256 seconds 0.17327455198392272
shuttleset_21_scene_0044 pair 129 [8, 10] combined 160768 players 22838 retained 256 seconds 0.7224534801207483
shuttleset_21_scene_0044 pair 130 [8, 11] combined 170372 players 3974 retained 256 seconds 0.3955761077813804
shuttleset_21_scene_0044 pair 137 [9, 2] combined 4096 players 0 retained 0 seconds 0.052084024995565414
shuttleset_21_scene_0044 pair 138 [9, 3] combined 3072 players 1342 retained 256 seconds 0.07908271811902523
shuttleset_21_scene_0044 pair 147 [9, 13] combined 280 players 0 retained 0 seconds 0.00788649171590805
shuttleset_21_scene_0044 pair 148 [9, 14] combined 160 players 0 retained 0 seconds 0.006084030959755182
shuttleset_21_scene_0044 pair 151 [10, 1] combined 262144 players 70644 retained 256 seconds 1.9274536608718336
shuttleset_21_scene_0044 pair 153 [10, 3] combined 262144 players 14818 retained 256 seconds 0.7650735983625054
shuttleset_21_scene_0044 pair 154 [10, 4] combined 46080 players 12680 retained 256 seconds 0.3686724086292088
shuttleset_21_scene_0044 pair 158 [10, 8] combined 212992 players 18878 retained 256 seconds 0.7351789176464081
shuttleset_21_scene_0044 pair 161 [10, 12] combined 131072 players 40136 retained 256 seconds 1.141916929744184
shuttleset_21_scene_0044 pair 163 [10, 14] combined 17408 players 412 retained 212 seconds 0.08443483524024487
shuttleset_21_scene_0044 pair 165 [11, 0] combined 185344 players 7018 retained 256 seconds 0.6080681160092354
shuttleset_21_scene_0044 pair 166 [11, 1] combined 82944 players 18252 retained 256 seconds 0.5497133200988173
shuttleset_21_scene_0044 pair 168 [11, 3] combined 262144 players 4694 retained 256 seconds 0.5726825566962361
shuttleset_21_scene_0044 pair 169 [11, 4] combined 37392 players 2650 retained 256 seconds 0.15262301778420806
shuttleset_21_scene_0044 pair 170 [11, 5] combined 21248 players 4798 retained 256 seconds 0.16691135987639427
shuttleset_21_scene_0044 pair 173 [11, 8] combined 153608 players 3486 retained 256 seconds 0.35154225770384073
shuttleset_21_scene_0044 pair 176 [11, 12] combined 71604 players 2452 retained 256 seconds 0.2091167103499174
shuttleset_21_scene_0044 pair 180 [12, 0] combined 173056 players 72372 retained 256 seconds 1.8814199562184513
shuttleset_21_scene_0044 pair 182 [12, 2] combined 77824 players 2822 retained 256 seconds 0.26639517210423946
shuttleset_21_scene_0044 pair 190 [12, 10] combined 185344 players 53350 retained 256 seconds 1.3057153937406838
shuttleset_21_scene_0044 pair 191 [12, 11] combined 28792 players 2548 retained 256 seconds 0.1576943057589233
shuttleset_21_scene_0044 pair 192 [12, 13] combined 8520 players 312 retained 156 seconds 0.06308133201673627
shuttleset_21_scene_0044 pair 194 [12, 15] combined 28980 players 2122 retained 256 seconds 0.12839442677795887
shuttleset_21_scene_0044 pair 195 [13, 0] combined 11264 players 1362 retained 256 seconds 0.22295669233426452
shuttleset_21_scene_0044 pair 196 [13, 1] combined 26624 players 1372 retained 256 seconds 0.14703895803540945
shuttleset_21_scene_0044 pair 198 [13, 3] combined 4096 players 242 retained 119 seconds 0.05419293185696006
shuttleset_21_scene_0044 pair 199 [13, 4] combined 5184 players 68 retained 34 seconds 0.03661419404670596
shuttleset_21_scene_0044 pair 200 [13, 5] combined 6532 players 340 retained 170 seconds 0.05221825232729316
shuttleset_21_scene_0044 pair 204 [13, 9] combined 704 players 174 retained 87 seconds 0.027338008861988783
shuttleset_21_scene_0044 pair 207 [13, 12] combined 11628 players 326 retained 145 seconds 0.1539905578829348
shuttleset_21_scene_0044 pair 211 [14, 1] combined 7168 players 1124 retained 256 seconds 0.11193936411291361
shuttleset_21_scene_0044 pair 215 [14, 5] combined 2688 players 76 retained 38 seconds 0.028897776268422604
shuttleset_21_scene_0044 pair 217 [14, 7] combined 1392 players 230 retained 111 seconds 0.032240478321909904
shuttleset_21_scene_0044 pair 219 [14, 9] combined 336 players 0 retained 0 seconds 0.006390880793333054
shuttleset_21_scene_0044 pair 220 [14, 10] combined 3072 players 36 retained 18 seconds 0.03478466533124447
shuttleset_21_scene_0044 pair 225 [15, 0] combined 61440 players 2118 retained 256 seconds 0.296002509072423
shuttleset_21_scene_0044 pair 226 [15, 1] combined 56320 players 8736 retained 256 seconds 0.3307586330920458
shuttleset_21_scene_0044 pair 228 [15, 3] combined 121856 players 1590 retained 256 seconds 0.2827157243154943
shuttleset_21_scene_0044 pair 229 [15, 4] combined 20736 players 316 retained 154 seconds 0.06729511078447104
shuttleset_21_scene_0044 pair 230 [15, 5] combined 14080 players 328 retained 164 seconds 0.05700715817511082
shuttleset_21_scene_0044 pair 237 [15, 12] combined 36504 players 2156 retained 256 seconds 0.13858742592856288
shuttleset_21_scene_0044 pair 0 [0, 1] combined 43008 players 13402 retained 256 seconds 0.43978217197582126
shuttleset_21_scene_0044 pair 1 [0, 2] combined 131072 players 53408 retained 256 seconds 1.2805832629092038
shuttleset_21_scene_0044 pair 3 [0, 4] combined 2048 players 990 retained 256 seconds 0.2727531143464148
shuttleset_21_scene_0044 pair 4 [0, 5] combined 0 players 0 retained 0 seconds 0.08821341209113598
shuttleset_21_scene_0044 pair 5 [0, 6] combined 1024 players 406 retained 203 seconds 0.10660183103755116
shuttleset_21_scene_0044 pair 10 [0, 11] combined 3072 players 42 retained 21 seconds 0.09446004405617714
shuttleset_21_scene_0044 pair 11 [0, 12] combined 6144 players 2220 retained 256 seconds 0.1633572019636631
shuttleset_21_scene_0044 pair 12 [0, 13] combined 13312 players 3212 retained 256 seconds 0.17691612290218472
shuttleset_21_scene_0044 pair 14 [0, 15] combined 8192 players 1192 retained 256 seconds 0.13481084210798144
shuttleset_21_scene_0044 pair 15 [1, 0] combined 46080 players 17804 retained 256 seconds 0.48499098513275385
shuttleset_21_scene_0044 pair 16 [1, 2] combined 36960 players 672 retained 256 seconds 0.12087326869368553
shuttleset_21_scene_0044 pair 17 [1, 3] combined 17848 players 7142 retained 256 seconds 0.20062796911224723
shuttleset_21_scene_0044 pair 24 [1, 10] combined 13440 players 3536 retained 256 seconds 0.12536139180883765
shuttleset_21_scene_0044 pair 25 [1, 11] combined 0 players 0 retained 0 seconds 0.00988291297107935
shuttleset_21_scene_0044 pair 27 [1, 13] combined 0 players 0 retained 0 seconds 0.010342665016651154
shuttleset_21_scene_0044 pair 28 [1, 14] combined 1344 players 164 retained 82 seconds 0.029277553781867027
shuttleset_21_scene_0044 pair 29 [1, 15] combined 792 players 82 retained 41 seconds 0.025655326899141073
shuttleset_21_scene_0044 pair 30 [2, 0] combined 190464 players 79684 retained 256 seconds 1.9892899030819535
shuttleset_21_scene_0044 pair 31 [2, 1] combined 42164 players 1748 retained 256 seconds 0.1571164638735354
shuttleset_21_scene_0044 pair 32 [2, 3] combined 69920 players 30028 retained 256 seconds 0.7200567158870399
shuttleset_21_scene_0044 pair 33 [2, 4] combined 488 players 0 retained 0 seconds 0.02343557821586728
shuttleset_21_scene_0044 pair 34 [2, 5] combined 0 players 0 retained 0 seconds 0.020271459128707647
shuttleset_21_scene_0044 pair 38 [2, 9] combined 0 players 0 retained 0 seconds 0.021133153699338436
shuttleset_21_scene_0044 pair 41 [2, 12] combined 14952 players 80 retained 40 seconds 0.05746504897251725
shuttleset_21_scene_0044 pair 46 [3, 1] combined 23760 players 7050 retained 256 seconds 0.20981421181932092
shuttleset_21_scene_0044 pair 47 [3, 2] combined 62496 players 22458 retained 256 seconds 0.5496531082317233
shuttleset_21_scene_0044 pair 49 [3, 5] combined 0 players 0 retained 0 seconds 0.017136694863438606
shuttleset_21_scene_0044 pair 50 [3, 6] combined 616 players 128 retained 64 seconds 0.03234091820195317
shuttleset_21_scene_0044 pair 53 [3, 9] combined 0 players 0 retained 0 seconds 0.014515548013150692
shuttleset_21_scene_0044 pair 54 [3, 10] combined 65772 players 1592 retained 256 seconds 0.1927793910726905
shuttleset_21_scene_0044 pair 55 [3, 11] combined 1904 players 50 retained 25 seconds 0.03134395694360137
shuttleset_21_scene_0044 pair 57 [3, 13] combined 4012 players 76 retained 38 seconds 0.03289421088993549
shuttleset_21_scene_0044 pair 59 [3, 15] combined 0 players 0 retained 0 seconds 0.013738742098212242
shuttleset_21_scene_0044 pair 60 [4, 0] combined 0 players 0 retained 0 seconds 0.057816946879029274
shuttleset_21_scene_0044 pair 62 [4, 2] combined 0 players 0 retained 0 seconds 0.014089277945458889
shuttleset_21_scene_0044 pair 69 [4, 10] combined 0 players 0 retained 0 seconds 0.007539493031799793
shuttleset_21_scene_0044 pair 70 [4, 11] combined 0 players 0 retained 0 seconds 0.0023742341436445713
shuttleset_21_scene_0044 pair 72 [4, 13] combined 0 players 0 retained 0 seconds 0.0026081320829689503
shuttleset_21_scene_0044 pair 74 [4, 15] combined 0 players 0 retained 0 seconds 0.002170307096093893
shuttleset_21_scene_0044 pair 75 [5, 0] combined 0 players 0 retained 0 seconds 0.056730673648416996
shuttleset_21_scene_0044 pair 77 [5, 2] combined 0 players 0 retained 0 seconds 0.01303780172020197
shuttleset_21_scene_0044 pair 78 [5, 3] combined 0 players 0 retained 0 seconds 0.008430649992078543
shuttleset_21_scene_0044 pair 85 [5, 11] combined 0 players 0 retained 0 seconds 0.0017870152369141579
shuttleset_21_scene_0044 pair 87 [5, 13] combined 0 players 0 retained 0 seconds 0.0020489469170570374
shuttleset_21_scene_0044 pair 88 [5, 14] combined 0 players 0 retained 0 seconds 0.002323961816728115
shuttleset_21_scene_0044 pair 89 [5, 15] combined 0 players 0 retained 0 seconds 0.0017883330583572388
shuttleset_21_scene_0044 pair 90 [6, 0] combined 1024 players 272 retained 136 seconds 0.08182525401934981
shuttleset_21_scene_0044 pair 93 [6, 3] combined 0 players 0 retained 0 seconds 0.008593319915235043
shuttleset_21_scene_0044 pair 112 [7, 8] combined 80 players 24 retained 12 seconds 0.01604052260518074
shuttleset_21_scene_0044 pair 118 [7, 14] combined 64 players 32 retained 16 seconds 0.01589864119887352
shuttleset_21_scene_0044 pair 127 [8, 7] combined 0 players 0 retained 0 seconds 0.005073192995041609
shuttleset_21_scene_0044 pair 129 [8, 10] combined 2660 players 12 retained 6 seconds 0.024855381809175014
shuttleset_21_scene_0044 pair 130 [8, 11] combined 0 players 0 retained 0 seconds 0.003138663712888956
shuttleset_21_scene_0044 pair 137 [9, 2] combined 0 players 0 retained 0 seconds 0.014254452660679817
shuttleset_21_scene_0044 pair 138 [9, 3] combined 0 players 0 retained 0 seconds 0.008660965599119663
shuttleset_21_scene_0044 pair 147 [9, 13] combined 0 players 0 retained 0 seconds 0.002422893885523081
shuttleset_21_scene_0044 pair 148 [9, 14] combined 0 players 0 retained 0 seconds 0.0024283449165523052
shuttleset_21_scene_0044 pair 151 [10, 1] combined 15048 players 4260 retained 256 seconds 0.14035502634942532
shuttleset_21_scene_0044 pair 153 [10, 3] combined 32568 players 4980 retained 256 seconds 0.18875818187370896
shuttleset_21_scene_0044 pair 154 [10, 4] combined 0 players 0 retained 0 seconds 0.011464289855211973
shuttleset_21_scene_0044 pair 158 [10, 8] combined 7980 players 40 retained 21 seconds 0.03629954997450113
shuttleset_21_scene_0044 pair 161 [10, 12] combined 2220 players 548 retained 256 seconds 0.049854901153594255
shuttleset_21_scene_0044 pair 163 [10, 14] combined 8296 players 296 retained 152 seconds 0.04646996920928359
shuttleset_21_scene_0044 pair 165 [11, 0] combined 0 players 0 retained 0 seconds 0.05612676218152046
shuttleset_21_scene_0044 pair 166 [11, 1] combined 0 players 0 retained 0 seconds 0.006862984038889408
shuttleset_21_scene_0044 pair 168 [11, 3] combined 808 players 0 retained 0 seconds 0.010384989902377129
shuttleset_21_scene_0044 pair 169 [11, 4] combined 0 players 0 retained 0 seconds 0.002467862330377102
shuttleset_21_scene_0044 pair 170 [11, 5] combined 0 players 0 retained 0 seconds 0.001751135103404522
shuttleset_21_scene_0044 pair 173 [11, 8] combined 0 players 0 retained 0 seconds 0.002653837203979492
shuttleset_21_scene_0044 pair 176 [11, 12] combined 0 players 0 retained 0 seconds 0.003645127173513174
shuttleset_21_scene_0044 pair 180 [12, 0] combined 7168 players 2950 retained 256 seconds 0.15364379901438951
shuttleset_21_scene_0044 pair 182 [12, 2] combined 6480 players 0 retained 0 seconds 0.02679457515478134
shuttleset_21_scene_0044 pair 190 [12, 10] combined 2352 players 594 retained 256 seconds 0.04966168384999037
shuttleset_21_scene_0044 pair 191 [12, 11] combined 0 players 0 retained 0 seconds 0.00502121401950717
shuttleset_21_scene_0044 pair 192 [12, 13] combined 0 players 0 retained 0 seconds 0.0053736562840640545
shuttleset_21_scene_0044 pair 194 [12, 15] combined 72 players 4 retained 2 seconds 0.015780257061123848
shuttleset_21_scene_0044 pair 195 [13, 0] combined 5120 players 856 retained 256 seconds 0.12013406027108431
shuttleset_21_scene_0044 pair 196 [13, 1] combined 1176 players 80 retained 40 seconds 0.02499306108802557
shuttleset_21_scene_0044 pair 198 [13, 3] combined 940 players 26 retained 13 seconds 0.026393096894025803
shuttleset_21_scene_0044 pair 199 [13, 4] combined 0 players 0 retained 0 seconds 0.0038613728247582912
shuttleset_21_scene_0044 pair 200 [13, 5] combined 0 players 0 retained 0 seconds 0.0030906470492482185
shuttleset_21_scene_0044 pair 204 [13, 9] combined 0 players 0 retained 0 seconds 0.0030681430362164974
shuttleset_21_scene_0044 pair 207 [13, 12] combined 192 players 0 retained 0 seconds 0.005103311035782099
shuttleset_21_scene_0044 pair 211 [14, 1] combined 1008 players 198 retained 99 seconds 0.02709914091974497
shuttleset_21_scene_0044 pair 215 [14, 5] combined 0 players 0 retained 0 seconds 0.0033186227083206177
shuttleset_21_scene_0044 pair 217 [14, 7] combined 0 players 0 retained 0 seconds 0.003761942032724619
shuttleset_21_scene_0044 pair 219 [14, 9] combined 0 players 0 retained 0 seconds 0.0029823421500623226
shuttleset_21_scene_0044 pair 220 [14, 10] combined 1824 players 34 retained 17 seconds 0.1747263870202005
shuttleset_21_scene_0044 pair 225 [15, 0] combined 2048 players 52 retained 26 seconds 0.07374473102390766
shuttleset_21_scene_0044 pair 226 [15, 1] combined 1472 players 128 retained 64 seconds 0.024715412873774767
shuttleset_21_scene_0044 pair 228 [15, 3] combined 0 players 0 retained 0 seconds 0.009229463990777731
shuttleset_21_scene_0044 pair 229 [15, 4] combined 0 players 0 retained 0 seconds 0.002547368872910738
shuttleset_21_scene_0044 pair 230 [15, 5] combined 0 players 0 retained 0 seconds 0.001938999630510807
shuttleset_21_scene_0044 pair 237 [15, 12] combined 84 players 0 retained 0 seconds 0.0039435201324522495
[shuttleset_21_scene_0044] line-template: preparing rectangles
[shuttleset_21_scene_0044] measuring 768 parents (G0=256, G1=256, line_template=256; conflicting geometry groups=0)
[shuttleset_21_scene_0044] parents 250/768
[shuttleset_21_scene_0044] parents 500/768
[shuttleset_21_scene_0044] parents 750/768
[shuttleset_21_scene_0044] refitting 768 parents
[shuttleset_21_scene_0044] refits 250/768; valid children=246
[shuttleset_21_scene_0044] refits 500/768; valid children=494
[shuttleset_21_scene_0044] refits 750/768; valid children=738
{"view_id": "shuttleset_21_scene_0044", "chosen_key": "G0:1:2039/child", "no_court_reason": null, "all_checks_equal": null, "error": null}
{"views": ["shuttleset_21_scene_0044"], "startup_seconds": 0.03130895597860217, "wall_seconds": 555.5967001980171, "peak_rss_mb": 1084.0234375, "failed": []}
