decoded /scratch/cmarti/issue103_ad8da4f/external/shuttleset-sources/3 Kento_MOMOTA_CHOU_Tien_Chen_KOREA_OPEN_2019_Final.mp4 to frame 36910 in 251s
shuttleset_03_scene_0016 pair 0 [0, 1] combined 262144 players 50968 retained 256 seconds 2.687657537870109
shuttleset_03_scene_0016 pair 1 [0, 2] combined 262144 players 59054 retained 256 seconds 2.6776497149839997
shuttleset_03_scene_0016 pair 2 [0, 3] combined 218112 players 53182 retained 256 seconds 2.479763063136488
shuttleset_03_scene_0016 pair 4 [0, 5] combined 262144 players 48532 retained 256 seconds 2.451859219931066
shuttleset_03_scene_0016 pair 5 [0, 6] combined 114688 players 19114 retained 256 seconds 1.4748817761428654
shuttleset_03_scene_0016 pair 7 [0, 8] combined 262144 players 40340 retained 256 seconds 2.299254317767918
shuttleset_03_scene_0016 pair 8 [0, 9] combined 58368 players 19420 retained 256 seconds 1.246743232011795
shuttleset_03_scene_0016 pair 9 [0, 10] combined 262144 players 65196 retained 256 seconds 2.8284253207966685
shuttleset_03_scene_0016 pair 10 [0, 11] combined 226304 players 58468 retained 256 seconds 2.456028825137764
shuttleset_03_scene_0016 pair 11 [0, 12] combined 225280 players 17548 retained 256 seconds 1.5886145788244903
shuttleset_03_scene_0016 pair 12 [0, 13] combined 15360 players 1140 retained 256 seconds 0.7605662038549781
shuttleset_03_scene_0016 pair 15 [1, 0] combined 262144 players 68830 retained 256 seconds 3.042739340569824
shuttleset_03_scene_0016 pair 16 [1, 2] combined 262144 players 12404 retained 256 seconds 1.2603215570561588
shuttleset_03_scene_0016 pair 18 [1, 4] combined 262144 players 71674 retained 256 seconds 2.656801856122911
shuttleset_03_scene_0016 pair 20 [1, 6] combined 73728 players 11510 retained 256 seconds 0.7520630923099816
shuttleset_03_scene_0016 pair 21 [1, 7] combined 32768 players 2790 retained 256 seconds 0.4815719798207283
shuttleset_03_scene_0016 pair 26 [1, 12] combined 182272 players 10198 retained 256 seconds 0.9585861372761428
shuttleset_03_scene_0016 pair 27 [1, 13] combined 77824 players 5980 retained 256 seconds 0.6885700691491365
shuttleset_03_scene_0016 pair 28 [1, 14] combined 262144 players 3914 retained 256 seconds 0.9339282419532537
shuttleset_03_scene_0016 pair 29 [1, 15] combined 66560 players 9490 retained 256 seconds 0.7438304983079433
shuttleset_03_scene_0016 pair 30 [2, 0] combined 262144 players 66360 retained 256 seconds 2.7411406468600035
shuttleset_03_scene_0016 pair 31 [2, 1] combined 262144 players 11666 retained 256 seconds 1.0392478578723967
shuttleset_03_scene_0016 pair 32 [2, 3] combined 262144 players 6484 retained 256 seconds 0.814223914872855
shuttleset_03_scene_0016 pair 33 [2, 4] combined 262144 players 81342 retained 256 seconds 2.8816482182592154
shuttleset_03_scene_0016 pair 37 [2, 8] combined 262144 players 3994 retained 256 seconds 1.2692070920020342
shuttleset_03_scene_0016 pair 45 [3, 0] combined 262144 players 74064 retained 256 seconds 4.611982928588986
shuttleset_03_scene_0016 pair 47 [3, 2] combined 262144 players 16952 retained 256 seconds 1.7100500068627298
shuttleset_03_scene_0016 pair 48 [3, 4] combined 262144 players 77770 retained 256 seconds 4.241658938117325
shuttleset_03_scene_0016 pair 49 [3, 5] combined 262144 players 17976 retained 256 seconds 1.7657540310174227
shuttleset_03_scene_0016 pair 51 [3, 7] combined 28672 players 3394 retained 256 seconds 0.35089318733662367
shuttleset_03_scene_0016 pair 54 [3, 10] combined 262144 players 10978 retained 256 seconds 1.5392898200079799
shuttleset_03_scene_0016 pair 56 [3, 12] combined 181248 players 13104 retained 256 seconds 1.2054863846860826
shuttleset_03_scene_0016 pair 57 [3, 13] combined 95232 players 2962 retained 256 seconds 0.533752677962184
shuttleset_03_scene_0016 pair 58 [3, 14] combined 262144 players 578 retained 256 seconds 1.0095635666511953
shuttleset_03_scene_0016 pair 59 [3, 15] combined 63488 players 10496 retained 256 seconds 0.7209254400804639
shuttleset_03_scene_0016 pair 61 [4, 1] combined 262144 players 59890 retained 256 seconds 3.8539639241062105
shuttleset_03_scene_0016 pair 62 [4, 2] combined 262144 players 69610 retained 256 seconds 3.851942857261747
shuttleset_03_scene_0016 pair 63 [4, 3] combined 230400 players 66510 retained 256 seconds 3.828380106948316
shuttleset_03_scene_0016 pair 64 [4, 5] combined 262144 players 64446 retained 256 seconds 3.754558020737022
shuttleset_03_scene_0016 pair 65 [4, 6] combined 93184 players 23180 retained 256 seconds 1.5880284099839628
shuttleset_03_scene_0016 pair 67 [4, 8] combined 262144 players 44894 retained 256 seconds 2.9865536000579596
shuttleset_03_scene_0016 pair 68 [4, 9] combined 77824 players 27014 retained 256 seconds 1.5650535388849676
shuttleset_03_scene_0016 pair 69 [4, 10] combined 262144 players 75346 retained 256 seconds 4.309752956964076
shuttleset_03_scene_0016 pair 70 [4, 11] combined 242688 players 55996 retained 256 seconds 3.1985927182249725
shuttleset_03_scene_0016 pair 71 [4, 12] combined 262144 players 25637 retained 256 seconds 2.1905769393779337
shuttleset_03_scene_0016 pair 72 [4, 13] combined 18432 players 1296 retained 256 seconds 0.40180362574756145
shuttleset_03_scene_0016 pair 75 [5, 0] combined 262144 players 61678 retained 256 seconds 4.023874721955508
shuttleset_03_scene_0016 pair 78 [5, 3] combined 262144 players 22016 retained 256 seconds 1.9702863628044724
shuttleset_03_scene_0016 pair 79 [5, 4] combined 262144 players 64084 retained 256 seconds 3.362162406090647
shuttleset_03_scene_0016 pair 80 [5, 6] combined 63488 players 8936 retained 256 seconds 0.4806821569800377
shuttleset_03_scene_0016 pair 81 [5, 7] combined 32768 players 2198 retained 256 seconds 0.274642254691571
shuttleset_03_scene_0016 pair 82 [5, 8] combined 262144 players 3520 retained 256 seconds 0.7706196228973567
shuttleset_03_scene_0016 pair 83 [5, 9] combined 59392 players 11228 retained 256 seconds 0.5135031957179308
shuttleset_03_scene_0016 pair 85 [5, 11] combined 262144 players 63938 retained 256 seconds 2.128286445979029
shuttleset_03_scene_0016 pair 89 [5, 15] combined 66560 players 7094 retained 256 seconds 0.4429127322509885
shuttleset_03_scene_0016 pair 90 [6, 0] combined 110592 players 4820 retained 256 seconds 0.763439413625747
shuttleset_03_scene_0016 pair 91 [6, 1] combined 104448 players 21260 retained 256 seconds 0.8958084499463439
shuttleset_03_scene_0016 pair 94 [6, 4] combined 130048 players 8370 retained 256 seconds 0.5364669668488204
shuttleset_03_scene_0016 pair 95 [6, 5] combined 99328 players 15450 retained 256 seconds 0.6441046851687133
shuttleset_03_scene_0016 pair 96 [6, 7] combined 36400 players 434 retained 217 seconds 0.12201706599444151
shuttleset_03_scene_0016 pair 103 [6, 14] combined 95064 players 8674 retained 256 seconds 0.4308156780898571
shuttleset_03_scene_0016 pair 104 [6, 15] combined 63960 players 996 retained 256 seconds 0.18631425593048334
shuttleset_03_scene_0016 pair 106 [7, 1] combined 29696 players 4422 retained 256 seconds 0.3857328868471086
shuttleset_03_scene_0016 pair 108 [7, 3] combined 18564 players 3730 retained 256 seconds 0.18361597089096904
shuttleset_03_scene_0016 pair 110 [7, 5] combined 29696 players 4118 retained 256 seconds 0.2587241269648075
shuttleset_03_scene_0016 pair 111 [7, 6] combined 27744 players 78 retained 39 seconds 0.08429147815331817
shuttleset_03_scene_0016 pair 112 [7, 8] combined 23552 players 2694 retained 256 seconds 0.20247336803004146
shuttleset_03_scene_0016 pair 113 [7, 9] combined 7740 players 222 retained 111 seconds 0.170076762791723
shuttleset_03_scene_0016 pair 114 [7, 10] combined 31744 players 4106 retained 256 seconds 0.22515226574614644
shuttleset_03_scene_0016 pair 115 [7, 11] combined 21504 players 2792 retained 256 seconds 0.15403353283181787
shuttleset_03_scene_0016 pair 117 [7, 13] combined 2600 players 160 retained 80 seconds 0.04060994414612651
shuttleset_03_scene_0016 pair 120 [8, 0] combined 262144 players 55650 retained 256 seconds 2.238628533203155
shuttleset_03_scene_0016 pair 122 [8, 2] combined 262144 players 3602 retained 256 seconds 0.7360592801123857
shuttleset_03_scene_0016 pair 124 [8, 4] combined 262144 players 56354 retained 256 seconds 2.022221769206226
shuttleset_03_scene_0016 pair 125 [8, 5] combined 262144 players 9372 retained 256 seconds 1.030415927991271
shuttleset_03_scene_0016 pair 127 [8, 7] combined 28672 players 2322 retained 256 seconds 0.23839460033923388
shuttleset_03_scene_0016 pair 129 [8, 10] combined 262144 players 11754 retained 256 seconds 0.8991693030111492
shuttleset_03_scene_0016 pair 131 [8, 12] combined 198656 players 18164 retained 256 seconds 0.8923583822324872
shuttleset_03_scene_0016 pair 132 [8, 13] combined 91136 players 3004 retained 256 seconds 0.3678151979111135
shuttleset_03_scene_0016 pair 133 [8, 14] combined 262144 players 464 retained 242 seconds 0.6507577691227198
shuttleset_03_scene_0016 pair 134 [8, 15] combined 69632 players 9862 retained 256 seconds 0.48918780824169517
shuttleset_03_scene_0016 pair 135 [9, 0] combined 53248 players 11418 retained 256 seconds 0.8222282198257744
shuttleset_03_scene_0016 pair 139 [9, 4] combined 43008 players 11270 retained 256 seconds 0.46090506622567773
shuttleset_03_scene_0016 pair 140 [9, 5] combined 62464 players 5434 retained 256 seconds 0.3624650011770427
shuttleset_03_scene_0016 pair 142 [9, 7] combined 8436 players 238 retained 119 seconds 0.05913732387125492
shuttleset_03_scene_0016 pair 144 [9, 10] combined 59392 players 6420 retained 256 seconds 0.3305546371266246
shuttleset_03_scene_0016 pair 148 [9, 14] combined 60416 players 3250 retained 256 seconds 0.2452474948950112
shuttleset_03_scene_0016 pair 149 [9, 15] combined 18260 players 1370 retained 256 seconds 0.11399156972765923
shuttleset_03_scene_0016 pair 150 [10, 0] combined 262144 players 70716 retained 256 seconds 3.1879993588663638
shuttleset_03_scene_0016 pair 153 [10, 3] combined 262144 players 6884 retained 256 seconds 1.1676006917841733
shuttleset_03_scene_0016 pair 154 [10, 4] combined 262144 players 80554 retained 256 seconds 3.8908554068766534
shuttleset_03_scene_0016 pair 157 [10, 7] combined 33792 players 4138 retained 256 seconds 0.39994814805686474
shuttleset_03_scene_0016 pair 158 [10, 8] combined 262144 players 9468 retained 256 seconds 1.440647698007524
shuttleset_03_scene_0016 pair 159 [10, 9] combined 54272 players 2652 retained 256 seconds 0.37074515502899885
shuttleset_03_scene_0016 pair 160 [10, 11] combined 262144 players 54024 retained 256 seconds 2.86899696290493
shuttleset_03_scene_0016 pair 164 [10, 15] combined 68608 players 12564 retained 256 seconds 0.7634172211401165
shuttleset_03_scene_0016 pair 165 [11, 0] combined 262144 players 62334 retained 256 seconds 3.6677838820032775
shuttleset_03_scene_0016 pair 169 [11, 4] combined 262144 players 50550 retained 256 seconds 2.924433285370469
shuttleset_03_scene_0016 pair 170 [11, 5] combined 262144 players 45618 retained 256 seconds 2.5964579139836133
shuttleset_03_scene_0016 pair 172 [11, 7] combined 48128 players 9238 retained 256 seconds 0.5597237190231681
shuttleset_03_scene_0016 pair 175 [11, 10] combined 262144 players 37834 retained 256 seconds 2.2405622280202806
shuttleset_03_scene_0016 pair 178 [11, 14] combined 218112 players 4294 retained 256 seconds 0.8854641239158809
shuttleset_03_scene_0016 pair 179 [11, 15] combined 112640 players 17074 retained 256 seconds 0.9810720961540937
shuttleset_03_scene_0016 pair 180 [12, 0] combined 247808 players 12102 retained 256 seconds 1.7853928189724684
shuttleset_03_scene_0016 pair 181 [12, 1] combined 162816 players 3380 retained 256 seconds 0.9508515628986061
shuttleset_03_scene_0016 pair 183 [12, 3] combined 162816 players 6988 retained 256 seconds 0.8226148672401905
shuttleset_03_scene_0016 pair 184 [12, 4] combined 218112 players 9938 retained 256 seconds 1.3507919372059405
shuttleset_03_scene_0016 pair 188 [12, 8] combined 182272 players 7772 retained 256 seconds 0.9256069380789995
shuttleset_03_scene_0016 pair 195 [13, 0] combined 15360 players 4050 retained 256 seconds 0.8692071507684886
shuttleset_03_scene_0016 pair 196 [13, 1] combined 21504 players 146 retained 73 seconds 0.40307766338810325
shuttleset_03_scene_0016 pair 198 [13, 3] combined 23552 players 38 retained 19 seconds 0.14412988210096955
shuttleset_03_scene_0016 pair 199 [13, 4] combined 17408 players 5534 retained 256 seconds 0.4451764151453972
shuttleset_03_scene_0016 pair 202 [13, 7] combined 720 players 104 retained 52 seconds 0.052325628232210875
shuttleset_03_scene_0016 pair 203 [13, 8] combined 27648 players 4 retained 2 seconds 0.19999230280518532
shuttleset_03_scene_0016 pair 209 [13, 15] combined 1360 players 148 retained 74 seconds 0.05985428998246789
shuttleset_03_scene_0016 pair 211 [14, 1] combined 262144 players 3210 retained 256 seconds 1.2584375562146306
shuttleset_03_scene_0016 pair 213 [14, 3] combined 262144 players 4858 retained 256 seconds 1.0417743222787976
shuttleset_03_scene_0016 pair 216 [14, 6] combined 86016 players 11474 retained 256 seconds 0.7449812600389123
shuttleset_03_scene_0016 pair 218 [14, 8] combined 262144 players 396 retained 209 seconds 0.9459041282534599
shuttleset_03_scene_0016 pair 219 [14, 9] combined 41984 players 6302 retained 256 seconds 0.4341502129100263
shuttleset_03_scene_0016 pair 221 [14, 11] combined 252928 players 34118 retained 256 seconds 2.051251109223813
shuttleset_03_scene_0016 pair 226 [15, 1] combined 89088 players 14902 retained 256 seconds 1.1479373970068991
shuttleset_03_scene_0016 pair 228 [15, 3] combined 85084 players 21056 retained 256 seconds 1.1544222892262042
shuttleset_03_scene_0016 pair 230 [15, 5] combined 78848 players 15880 retained 256 seconds 0.9853764120489359
shuttleset_03_scene_0016 pair 231 [15, 6] combined 50184 players 344 retained 172 seconds 0.43564120400696993
shuttleset_03_scene_0016 pair 233 [15, 8] combined 87040 players 18272 retained 256 seconds 1.0199504168704152
shuttleset_03_scene_0016 pair 234 [15, 9] combined 23956 players 660 retained 256 seconds 0.17421364085748792
shuttleset_03_scene_0016 pair 235 [15, 10] combined 76800 players 14056 retained 256 seconds 0.8286725170910358
shuttleset_03_scene_0016 pair 236 [15, 11] combined 50176 players 5570 retained 256 seconds 0.41046517714858055
shuttleset_03_scene_0016 pair 238 [15, 13] combined 4576 players 200 retained 100 seconds 0.08129929890856147
shuttleset_03_scene_0016 pair 0 [0, 1] combined 262144 players 60314 retained 256 seconds 3.4469128060154617
shuttleset_03_scene_0016 pair 1 [0, 2] combined 114688 players 28962 retained 256 seconds 1.9040830289013684
shuttleset_03_scene_0016 pair 2 [0, 3] combined 16384 players 2116 retained 256 seconds 0.7145939492620528
shuttleset_03_scene_0016 pair 4 [0, 5] combined 151552 players 38672 retained 256 seconds 2.447275664191693
shuttleset_03_scene_0016 pair 5 [0, 6] combined 11264 players 1444 retained 256 seconds 0.6718062348663807
shuttleset_03_scene_0016 pair 7 [0, 8] combined 198656 players 28756 retained 256 seconds 2.4203493241220713
shuttleset_03_scene_0016 pair 8 [0, 9] combined 2048 players 342 retained 163 seconds 0.4950488209724426
shuttleset_03_scene_0016 pair 9 [0, 10] combined 23552 players 4216 retained 256 seconds 0.7870580572634935
shuttleset_03_scene_0016 pair 10 [0, 11] combined 4096 players 1666 retained 256 seconds 0.5781893180683255
shuttleset_03_scene_0016 pair 11 [0, 12] combined 77824 players 5034 retained 256 seconds 0.9012050461024046
shuttleset_03_scene_0016 pair 12 [0, 13] combined 4096 players 28 retained 12 seconds 0.5476800031028688
shuttleset_03_scene_0016 pair 15 [1, 0] combined 262144 players 66426 retained 256 seconds 3.5715156849473715
shuttleset_03_scene_0016 pair 16 [1, 2] combined 126976 players 4608 retained 256 seconds 0.6779855582863092
shuttleset_03_scene_0016 pair 18 [1, 4] combined 262144 players 62400 retained 256 seconds 3.0274373586289585
shuttleset_03_scene_0016 pair 20 [1, 6] combined 9216 players 2058 retained 256 seconds 0.17035771114751697
shuttleset_03_scene_0016 pair 21 [1, 7] combined 0 players 0 retained 0 seconds 0.07734400918707252
shuttleset_03_scene_0016 pair 26 [1, 12] combined 31744 players 2900 retained 256 seconds 0.223162611015141
shuttleset_03_scene_0016 pair 27 [1, 13] combined 21504 players 392 retained 198 seconds 0.14178363606333733
shuttleset_03_scene_0016 pair 28 [1, 14] combined 114688 players 7022 retained 256 seconds 0.7479120609350502
shuttleset_03_scene_0016 pair 29 [1, 15] combined 1024 players 392 retained 188 seconds 0.10895003797486424
shuttleset_03_scene_0016 pair 30 [2, 0] combined 143360 players 45706 retained 256 seconds 1.5595485214143991
shuttleset_03_scene_0016 pair 31 [2, 1] combined 79872 players 2062 retained 256 seconds 0.27975148195400834
shuttleset_03_scene_0016 pair 32 [2, 3] combined 7200 players 92 retained 46 seconds 0.06078981701284647
shuttleset_03_scene_0016 pair 33 [2, 4] combined 142336 players 38262 retained 256 seconds 1.2135591967962682
shuttleset_03_scene_0016 pair 37 [2, 8] combined 122880 players 3150 retained 256 seconds 0.36479959171265364
shuttleset_03_scene_0016 pair 45 [3, 0] combined 27648 players 7630 retained 256 seconds 0.5191587400622666
shuttleset_03_scene_0016 pair 47 [3, 2] combined 15960 players 2022 retained 256 seconds 0.12672219891101122
shuttleset_03_scene_0016 pair 48 [3, 4] combined 28672 players 7972 retained 256 seconds 0.3293236279860139
shuttleset_03_scene_0016 pair 49 [3, 5] combined 20928 players 2298 retained 256 seconds 0.1458616191521287
shuttleset_03_scene_0016 pair 51 [3, 7] combined 0 players 0 retained 0 seconds 0.009968323167413473
shuttleset_03_scene_0016 pair 54 [3, 10] combined 2976 players 496 retained 248 seconds 0.0595186548307538
shuttleset_03_scene_0016 pair 56 [3, 12] combined 2880 players 524 retained 245 seconds 0.05664551584050059
shuttleset_03_scene_0016 pair 57 [3, 13] combined 2024 players 0 retained 0 seconds 0.013895040843635798
shuttleset_03_scene_0016 pair 58 [3, 14] combined 8568 players 18 retained 10 seconds 0.04487411957234144
shuttleset_03_scene_0016 pair 59 [3, 15] combined 112 players 56 retained 26 seconds 0.02404045592993498
shuttleset_03_scene_0016 pair 61 [4, 1] combined 262144 players 51788 retained 256 seconds 1.8363061407580972
shuttleset_03_scene_0016 pair 62 [4, 2] combined 117760 players 27360 retained 256 seconds 0.967139826156199
shuttleset_03_scene_0016 pair 63 [4, 3] combined 17408 players 2426 retained 256 seconds 0.47964643593877554
shuttleset_03_scene_0016 pair 64 [4, 5] combined 155648 players 33714 retained 256 seconds 1.2437868416309357
shuttleset_03_scene_0016 pair 65 [4, 6] combined 15360 players 3530 retained 256 seconds 0.23582581989467144
shuttleset_03_scene_0016 pair 67 [4, 8] combined 207872 players 25196 retained 256 seconds 1.0893820873461664
shuttleset_03_scene_0016 pair 68 [4, 9] combined 2048 players 262 retained 125 seconds 0.11891749175265431
shuttleset_03_scene_0016 pair 69 [4, 10] combined 23552 players 3820 retained 256 seconds 0.2580724600702524
shuttleset_03_scene_0016 pair 70 [4, 11] combined 4096 players 28 retained 15 seconds 0.11111846100538969
shuttleset_03_scene_0016 pair 71 [4, 12] combined 63488 players 6762 retained 256 seconds 0.3718731231056154
shuttleset_03_scene_0016 pair 72 [4, 13] combined 4096 players 0 retained 0 seconds 0.10197687614709139
shuttleset_03_scene_0016 pair 75 [5, 0] combined 253952 players 66106 retained 256 seconds 2.1290743579156697
shuttleset_03_scene_0016 pair 78 [5, 3] combined 12288 players 1406 retained 256 seconds 0.12749727396294475
shuttleset_03_scene_0016 pair 79 [5, 4] combined 252928 players 62900 retained 256 seconds 1.865025653038174
shuttleset_03_scene_0016 pair 80 [5, 6] combined 7488 players 1320 retained 256 seconds 0.11082878988236189
shuttleset_03_scene_0016 pair 81 [5, 7] combined 0 players 0 retained 0 seconds 0.0379603267647326
shuttleset_03_scene_0016 pair 82 [5, 8] combined 262144 players 6962 retained 256 seconds 0.9509473680518568
shuttleset_03_scene_0016 pair 83 [5, 9] combined 2664 players 386 retained 193 seconds 0.07457740511745214
shuttleset_03_scene_0016 pair 85 [5, 11] combined 1560 players 0 retained 0 seconds 0.03880555089563131
shuttleset_03_scene_0016 pair 89 [5, 15] combined 948 players 338 retained 170 seconds 0.06664099311456084
shuttleset_03_scene_0016 pair 90 [6, 0] combined 27648 players 3876 retained 256 seconds 0.38394924858585
shuttleset_03_scene_0016 pair 91 [6, 1] combined 15360 players 2258 retained 256 seconds 0.15256038308143616
shuttleset_03_scene_0016 pair 94 [6, 4] combined 16384 players 2892 retained 256 seconds 0.1792058851569891
shuttleset_03_scene_0016 pair 95 [6, 5] combined 9300 players 660 retained 256 seconds 0.08345460006967187
shuttleset_03_scene_0016 pair 96 [6, 7] combined 96 players 16 retained 8 seconds 0.01913563208654523
shuttleset_03_scene_0016 pair 103 [6, 14] combined 3344 players 82 retained 41 seconds 0.034118994139134884
shuttleset_03_scene_0016 pair 104 [6, 15] combined 192 players 88 retained 44 seconds 0.02170304860919714
shuttleset_03_scene_0016 pair 106 [7, 1] combined 0 players 0 retained 0 seconds 0.04711920488625765
shuttleset_03_scene_0016 pair 108 [7, 3] combined 0 players 0 retained 0 seconds 0.007196499966084957
shuttleset_03_scene_0016 pair 110 [7, 5] combined 0 players 0 retained 0 seconds 0.024221380706876516
shuttleset_03_scene_0016 pair 111 [7, 6] combined 0 players 0 retained 0 seconds 0.005101412069052458
shuttleset_03_scene_0016 pair 112 [7, 8] combined 0 players 0 retained 0 seconds 0.0257039749994874
shuttleset_03_scene_0016 pair 113 [7, 9] combined 0 players 0 retained 0 seconds 0.005064866971224546
shuttleset_03_scene_0016 pair 114 [7, 10] combined 240 players 0 retained 0 seconds 0.010932924691587687
shuttleset_03_scene_0016 pair 115 [7, 11] combined 12 players 0 retained 0 seconds 0.004148782696574926
shuttleset_03_scene_0016 pair 117 [7, 13] combined 16 players 0 retained 0 seconds 0.003901414107531309
shuttleset_03_scene_0016 pair 120 [8, 0] combined 262144 players 55700 retained 256 seconds 1.8826663689687848
shuttleset_03_scene_0016 pair 122 [8, 2] combined 229376 players 2248 retained 256 seconds 0.5316709270700812
shuttleset_03_scene_0016 pair 124 [8, 4] combined 262144 players 48230 retained 256 seconds 1.5828876527957618
shuttleset_03_scene_0016 pair 125 [8, 5] combined 215040 players 7100 retained 256 seconds 0.596684031188488
shuttleset_03_scene_0016 pair 127 [8, 7] combined 0 players 0 retained 0 seconds 0.037976337131112814
shuttleset_03_scene_0016 pair 129 [8, 10] combined 61440 players 4690 retained 256 seconds 0.2732886881567538
shuttleset_03_scene_0016 pair 131 [8, 12] combined 30720 players 4206 retained 256 seconds 0.20563878724351525
shuttleset_03_scene_0016 pair 132 [8, 13] combined 23552 players 0 retained 0 seconds 0.07961517618969083
shuttleset_03_scene_0016 pair 133 [8, 14] combined 79872 players 118 retained 62 seconds 0.198991680983454
shuttleset_03_scene_0016 pair 134 [8, 15] combined 1024 players 312 retained 155 seconds 0.0653733080253005
shuttleset_03_scene_0016 pair 135 [9, 0] combined 3072 players 708 retained 256 seconds 0.2795469341799617
shuttleset_03_scene_0016 pair 139 [9, 4] combined 5120 players 840 retained 256 seconds 0.11654015490785241
shuttleset_03_scene_0016 pair 140 [9, 5] combined 2268 players 446 retained 201 seconds 0.06302553089335561
shuttleset_03_scene_0016 pair 142 [9, 7] combined 0 players 0 retained 0 seconds 0.005255857948213816
shuttleset_03_scene_0016 pair 144 [9, 10] combined 600 players 18 retained 9 seconds 0.025867393240332603
shuttleset_03_scene_0016 pair 148 [9, 14] combined 480 players 14 retained 7 seconds 0.025846221018582582
shuttleset_03_scene_0016 pair 149 [9, 15] combined 0 players 0 retained 0 seconds 0.0047327689826488495
shuttleset_03_scene_0016 pair 150 [10, 0] combined 63488 players 16554 retained 256 seconds 0.7066556890495121
shuttleset_03_scene_0016 pair 153 [10, 3] combined 1820 players 70 retained 35 seconds 0.03882299177348614
shuttleset_03_scene_0016 pair 154 [10, 4] combined 62464 players 16554 retained 256 seconds 0.5511158746667206
shuttleset_03_scene_0016 pair 157 [10, 7] combined 0 players 0 retained 0 seconds 0.018149385694414377
shuttleset_03_scene_0016 pair 158 [10, 8] combined 76800 players 6888 retained 256 seconds 0.3390197642147541
shuttleset_03_scene_0016 pair 159 [10, 9] combined 780 players 82 retained 41 seconds 0.03452386520802975
shuttleset_03_scene_0016 pair 160 [10, 11] combined 0 players 0 retained 0 seconds 0.015698257368057966
shuttleset_03_scene_0016 pair 164 [10, 15] combined 224 players 98 retained 49 seconds 0.03121926076710224
shuttleset_03_scene_0016 pair 165 [11, 0] combined 0 players 0 retained 0 seconds 0.5169738829135895
shuttleset_03_scene_0016 pair 169 [11, 4] combined 0 players 0 retained 0 seconds 0.061839803121984005
shuttleset_03_scene_0016 pair 170 [11, 5] combined 1360 players 0 retained 0 seconds 0.028669762890785933
shuttleset_03_scene_0016 pair 172 [11, 7] combined 4 players 0 retained 0 seconds 0.004596834070980549
shuttleset_03_scene_0016 pair 175 [11, 10] combined 512 players 0 retained 0 seconds 0.013014481868594885
shuttleset_03_scene_0016 pair 178 [11, 14] combined 0 players 0 retained 0 seconds 0.011727327015250921
shuttleset_03_scene_0016 pair 179 [11, 15] combined 16 players 0 retained 0 seconds 0.004470764193683863
shuttleset_03_scene_0016 pair 180 [12, 0] combined 56320 players 1658 retained 256 seconds 0.3812147439457476
shuttleset_03_scene_0016 pair 181 [12, 1] combined 37888 players 3758 retained 256 seconds 0.22349344193935394
shuttleset_03_scene_0016 pair 183 [12, 3] combined 1036 players 52 retained 26 seconds 0.028452233877032995
shuttleset_03_scene_0016 pair 184 [12, 4] combined 72704 players 8732 retained 256 seconds 0.4002361288294196
shuttleset_03_scene_0016 pair 188 [12, 8] combined 33792 players 3928 retained 256 seconds 0.19548332504928112
shuttleset_03_scene_0016 pair 195 [13, 0] combined 2048 players 284 retained 112 seconds 0.2510550608858466
shuttleset_03_scene_0016 pair 196 [13, 1] combined 10240 players 36 retained 18 seconds 0.0780804050154984
shuttleset_03_scene_0016 pair 198 [13, 3] combined 480 players 0 retained 0 seconds 0.008702031802386045
shuttleset_03_scene_0016 pair 199 [13, 4] combined 2048 players 254 retained 114 seconds 0.08681435091421008
shuttleset_03_scene_0016 pair 202 [13, 7] combined 0 players 0 retained 0 seconds 0.004570326302200556
shuttleset_03_scene_0016 pair 203 [13, 8] combined 6468 players 0 retained 0 seconds 0.03830345766618848
shuttleset_03_scene_0016 pair 209 [13, 15] combined 0 players 0 retained 0 seconds 0.004413303919136524
shuttleset_03_scene_0016 pair 211 [14, 1] combined 88064 players 202 retained 101 seconds 0.23274150723591447
shuttleset_03_scene_0016 pair 213 [14, 3] combined 7636 players 78 retained 39 seconds 0.047498214058578014
shuttleset_03_scene_0016 pair 216 [14, 6] combined 4608 players 266 retained 126 seconds 0.0493384120054543
shuttleset_03_scene_0016 pair 218 [14, 8] combined 129808 players 324 retained 165 seconds 0.29414584999904037
shuttleset_03_scene_0016 pair 219 [14, 9] combined 480 players 130 retained 65 seconds 0.03423472587019205
shuttleset_03_scene_0016 pair 221 [14, 11] combined 300 players 12 retained 6 seconds 0.030347139108926058
shuttleset_03_scene_0016 pair 226 [15, 1] combined 1024 players 228 retained 110 seconds 0.07181131280958652
shuttleset_03_scene_0016 pair 228 [15, 3] combined 64 players 0 retained 0 seconds 0.007585208863019943
shuttleset_03_scene_0016 pair 230 [15, 5] combined 648 players 108 retained 54 seconds 0.04273132001981139
shuttleset_03_scene_0016 pair 231 [15, 6] combined 0 players 0 retained 0 seconds 0.005309816915541887
shuttleset_03_scene_0016 pair 233 [15, 8] combined 868 players 100 retained 50 seconds 0.04358225781470537
shuttleset_03_scene_0016 pair 234 [15, 9] combined 32 players 16 retained 8 seconds 0.01703215204179287
shuttleset_03_scene_0016 pair 235 [15, 10] combined 112 players 0 retained 0 seconds 0.011265535838901997
shuttleset_03_scene_0016 pair 236 [15, 11] combined 16 players 0 retained 0 seconds 0.004243029747158289
shuttleset_03_scene_0016 pair 238 [15, 13] combined 16 players 0 retained 0 seconds 0.004165372345596552
[shuttleset_03_scene_0016] line-template: preparing rectangles
[shuttleset_03_scene_0016] measuring 736 parents (G0=256, G1=256, line_template=256; conflicting geometry groups=0)
[shuttleset_03_scene_0016] parents 250/736
[shuttleset_03_scene_0016] parents 500/736
[shuttleset_03_scene_0016] refitting 736 parents
[shuttleset_03_scene_0016] refits 250/736; valid children=250
[shuttleset_03_scene_0016] refits 500/736; valid children=500
{"view_id": "shuttleset_03_scene_0016", "chosen_key": "G0:1:4532", "no_court_reason": null, "all_checks_equal": null, "error": null}
{"views": ["shuttleset_03_scene_0016"], "startup_seconds": 0.022780261002480984, "wall_seconds": 560.9693630929105, "peak_rss_mb": 1795.71484375, "failed": []}
