decoded /scratch/cmarti/issue103_ad8da4f/external/shuttleset-sources/3 Kento_MOMOTA_CHOU_Tien_Chen_KOREA_OPEN_2019_Final.mp4 to frame 38563 in 201s
shuttleset_03_scene_0017 pair 0 [0, 1] combined 262144 players 61876 retained 256 seconds 4.645155972801149
shuttleset_03_scene_0017 pair 1 [0, 2] combined 262144 players 66450 retained 256 seconds 4.211339144967496
shuttleset_03_scene_0017 pair 2 [0, 3] combined 262144 players 54066 retained 256 seconds 3.886361676733941
shuttleset_03_scene_0017 pair 4 [0, 5] combined 256000 players 55484 retained 256 seconds 3.9838932109996676
shuttleset_03_scene_0017 pair 5 [0, 6] combined 262144 players 61272 retained 256 seconds 4.1458915011025965
shuttleset_03_scene_0017 pair 9 [0, 10] combined 249856 players 58664 retained 256 seconds 4.001303651370108
shuttleset_03_scene_0017 pair 11 [0, 12] combined 72704 players 17510 retained 256 seconds 1.9759509768337011
shuttleset_03_scene_0017 pair 13 [0, 14] combined 26624 players 4566 retained 256 seconds 1.3822254068218172
shuttleset_03_scene_0017 pair 14 [0, 15] combined 5120 players 780 retained 256 seconds 1.2036866419948637
shuttleset_03_scene_0017 pair 15 [1, 0] combined 262144 players 68282 retained 256 seconds 4.406572266947478
shuttleset_03_scene_0017 pair 16 [1, 2] combined 262144 players 8258 retained 256 seconds 1.8202779041603208
shuttleset_03_scene_0017 pair 18 [1, 4] combined 262144 players 74572 retained 256 seconds 4.133498427923769
shuttleset_03_scene_0017 pair 21 [1, 7] combined 262144 players 61895 retained 256 seconds 3.4372776970267296
shuttleset_03_scene_0017 pair 22 [1, 8] combined 63488 players 12028 retained 256 seconds 1.29438182618469
shuttleset_03_scene_0017 pair 25 [1, 11] combined 104448 players 11796 retained 256 seconds 1.2570006968453526
shuttleset_03_scene_0017 pair 26 [1, 12] combined 95232 players 6950 retained 256 seconds 1.1009221668355167
shuttleset_03_scene_0017 pair 29 [1, 15] combined 37888 players 3548 retained 256 seconds 0.8121758871711791
shuttleset_03_scene_0017 pair 30 [2, 0] combined 262144 players 82116 retained 256 seconds 4.249343716073781
shuttleset_03_scene_0017 pair 31 [2, 1] combined 262144 players 6394 retained 256 seconds 1.463637474924326
shuttleset_03_scene_0017 pair 33 [2, 4] combined 262144 players 73506 retained 256 seconds 3.4303493620827794
shuttleset_03_scene_0017 pair 34 [2, 5] combined 262144 players 1002 retained 256 seconds 1.0090804090723395
shuttleset_03_scene_0017 pair 35 [2, 6] combined 262144 players 6686 retained 256 seconds 1.2499194527044892
shuttleset_03_scene_0017 pair 39 [2, 10] combined 262144 players 6202 retained 256 seconds 1.1587251429446042
shuttleset_03_scene_0017 pair 42 [2, 13] combined 70656 players 16280 retained 256 seconds 0.91473916079849
shuttleset_03_scene_0017 pair 45 [3, 0] combined 262144 players 58794 retained 256 seconds 3.510149999987334
shuttleset_03_scene_0017 pair 48 [3, 4] combined 262144 players 61632 retained 256 seconds 3.4634377672336996
shuttleset_03_scene_0017 pair 49 [3, 5] combined 262144 players 13146 retained 256 seconds 1.4969001370482147
shuttleset_03_scene_0017 pair 50 [3, 6] combined 262144 players 2780 retained 256 seconds 1.1802595569752157
shuttleset_03_scene_0017 pair 51 [3, 7] combined 262144 players 45980 retained 256 seconds 2.5162690756842494
shuttleset_03_scene_0017 pair 53 [3, 9] combined 91136 players 10450 retained 256 seconds 0.8883212590590119
shuttleset_03_scene_0017 pair 54 [3, 10] combined 262144 players 4362 retained 256 seconds 1.3221463882364333
shuttleset_03_scene_0017 pair 57 [3, 13] combined 81920 players 18542 retained 256 seconds 1.1005239677615464
shuttleset_03_scene_0017 pair 61 [4, 1] combined 262144 players 72594 retained 256 seconds 3.9167851097881794
shuttleset_03_scene_0017 pair 62 [4, 2] combined 262144 players 67562 retained 256 seconds 3.342110853176564
shuttleset_03_scene_0017 pair 63 [4, 3] combined 262144 players 71884 retained 256 seconds 3.6749991201795638
shuttleset_03_scene_0017 pair 64 [4, 5] combined 262144 players 68784 retained 256 seconds 3.3289572652429342
shuttleset_03_scene_0017 pair 65 [4, 6] combined 262144 players 66156 retained 256 seconds 3.5046689929440618
shuttleset_03_scene_0017 pair 66 [4, 7] combined 262144 players 7086 retained 256 seconds 1.4032712378539145
shuttleset_03_scene_0017 pair 68 [4, 9] combined 166912 players 10962 retained 256 seconds 1.2484661508351564
shuttleset_03_scene_0017 pair 69 [4, 10] combined 240640 players 55790 retained 256 seconds 3.088653932325542
shuttleset_03_scene_0017 pair 72 [4, 13] combined 110592 players 4750 retained 256 seconds 0.8800098858773708
shuttleset_03_scene_0017 pair 73 [4, 14] combined 25600 players 5226 retained 256 seconds 0.6546021802350879
shuttleset_03_scene_0017 pair 74 [4, 15] combined 8192 players 2208 retained 256 seconds 0.48378538992255926
shuttleset_03_scene_0017 pair 75 [5, 0] combined 262144 players 63174 retained 256 seconds 3.7270501367747784
shuttleset_03_scene_0017 pair 77 [5, 2] combined 262144 players 8078 retained 256 seconds 1.3769930698908865
shuttleset_03_scene_0017 pair 78 [5, 3] combined 262144 players 5942 retained 256 seconds 1.258111122995615
shuttleset_03_scene_0017 pair 79 [5, 4] combined 262144 players 75934 retained 256 seconds 3.841722621116787
shuttleset_03_scene_0017 pair 82 [5, 8] combined 47104 players 2286 retained 256 seconds 0.3844278450123966
shuttleset_03_scene_0017 pair 85 [5, 11] combined 120832 players 13258 retained 256 seconds 0.9642801079899073
shuttleset_03_scene_0017 pair 86 [5, 12] combined 94208 players 1852 retained 256 seconds 0.6263526030816138
shuttleset_03_scene_0017 pair 88 [5, 14] combined 71680 players 1334 retained 256 seconds 0.41526765702292323
shuttleset_03_scene_0017 pair 89 [5, 15] combined 25600 players 588 retained 256 seconds 0.24292307998985052
shuttleset_03_scene_0017 pair 90 [6, 0] combined 262144 players 66226 retained 256 seconds 4.197215908206999
shuttleset_03_scene_0017 pair 92 [6, 2] combined 262144 players 1830 retained 256 seconds 1.1558200200088322
shuttleset_03_scene_0017 pair 93 [6, 3] combined 262144 players 1272 retained 256 seconds 1.1523741031996906
shuttleset_03_scene_0017 pair 94 [6, 4] combined 262144 players 71092 retained 256 seconds 4.0211156057193875
shuttleset_03_scene_0017 pair 96 [6, 7] combined 262144 players 54476 retained 256 seconds 3.1052755708806217
shuttleset_03_scene_0017 pair 97 [6, 8] combined 65536 players 4676 retained 256 seconds 0.5746989450417459
shuttleset_03_scene_0017 pair 100 [6, 11] combined 109568 players 20884 retained 256 seconds 1.3811657172627747
shuttleset_03_scene_0017 pair 101 [6, 12] combined 99328 players 1348 retained 256 seconds 0.535433161072433
shuttleset_03_scene_0017 pair 103 [6, 14] combined 36864 players 188 retained 94 seconds 0.29205732932314277
shuttleset_03_scene_0017 pair 104 [6, 15] combined 34816 players 672 retained 256 seconds 0.3115771063603461
shuttleset_03_scene_0017 pair 106 [7, 1] combined 262144 players 73034 retained 256 seconds 4.074140412732959
shuttleset_03_scene_0017 pair 108 [7, 3] combined 262144 players 64142 retained 256 seconds 3.8033348568715155
shuttleset_03_scene_0017 pair 109 [7, 4] combined 262144 players 1820 retained 256 seconds 1.2046271250583231
shuttleset_03_scene_0017 pair 111 [7, 6] combined 262144 players 65082 retained 256 seconds 3.672224019654095
shuttleset_03_scene_0017 pair 112 [7, 8] combined 54272 players 7916 retained 256 seconds 0.6557315066456795
shuttleset_03_scene_0017 pair 114 [7, 10] combined 257024 players 63720 retained 256 seconds 3.5792430583387613
shuttleset_03_scene_0017 pair 115 [7, 11] combined 262144 players 12844 retained 256 seconds 1.4323588809929788
shuttleset_03_scene_0017 pair 116 [7, 12] combined 70656 players 21782 retained 256 seconds 1.2152780778706074
shuttleset_03_scene_0017 pair 121 [8, 1] combined 77824 players 17620 retained 256 seconds 1.3866693037562072
shuttleset_03_scene_0017 pair 125 [8, 5] combined 122880 players 4632 retained 256 seconds 0.6820769268088043
shuttleset_03_scene_0017 pair 126 [8, 6] combined 107520 players 8122 retained 256 seconds 0.7715789638459682
shuttleset_03_scene_0017 pair 127 [8, 7] combined 73728 players 19152 retained 256 seconds 1.055125820916146
shuttleset_03_scene_0017 pair 128 [8, 9] combined 38916 players 496 retained 243 seconds 0.23027377016842365
shuttleset_03_scene_0017 pair 129 [8, 10] combined 36864 players 6652 retained 256 seconds 0.4835912589915097
shuttleset_03_scene_0017 pair 132 [8, 13] combined 18600 players 2710 retained 256 seconds 0.2726142108440399
shuttleset_03_scene_0017 pair 138 [9, 3] combined 146432 players 39842 retained 256 seconds 2.468221721239388
shuttleset_03_scene_0017 pair 139 [9, 4] combined 133120 players 2364 retained 256 seconds 0.7938486118800938
shuttleset_03_scene_0017 pair 143 [9, 8] combined 41760 players 10244 retained 256 seconds 0.6368698831647635
shuttleset_03_scene_0017 pair 145 [9, 11] combined 82656 players 2366 retained 256 seconds 0.4429560508579016
shuttleset_03_scene_0017 pair 146 [9, 12] combined 33480 players 9718 retained 256 seconds 0.5847621923312545
shuttleset_03_scene_0017 pair 148 [9, 14] combined 18876 players 1552 retained 256 seconds 0.21228625206276774
shuttleset_03_scene_0017 pair 150 [10, 0] combined 262144 players 59664 retained 256 seconds 3.905243099667132
shuttleset_03_scene_0017 pair 152 [10, 2] combined 262144 players 5068 retained 256 seconds 1.2585055460222065
shuttleset_03_scene_0017 pair 153 [10, 3] combined 262144 players 2162 retained 256 seconds 1.2148322281427681
shuttleset_03_scene_0017 pair 154 [10, 4] combined 262144 players 58686 retained 256 seconds 3.6250443081371486
shuttleset_03_scene_0017 pair 157 [10, 7] combined 262144 players 62080 retained 256 seconds 3.4057373283430934
shuttleset_03_scene_0017 pair 158 [10, 8] combined 69632 players 12466 retained 256 seconds 0.873234611004591
shuttleset_03_scene_0017 pair 160 [10, 11] combined 105472 players 5102 retained 256 seconds 0.6771130715496838
shuttleset_03_scene_0017 pair 161 [10, 12] combined 91136 players 1800 retained 256 seconds 0.5196269499137998
shuttleset_03_scene_0017 pair 163 [10, 14] combined 31744 players 0 retained 0 seconds 0.2016914077103138
shuttleset_03_scene_0017 pair 164 [10, 15] combined 30720 players 188 retained 94 seconds 0.230297964066267
shuttleset_03_scene_0017 pair 166 [11, 1] combined 172032 players 48408 retained 256 seconds 3.2186812688596547
shuttleset_03_scene_0017 pair 170 [11, 5] combined 207872 players 14400 retained 256 seconds 1.3669363437220454
shuttleset_03_scene_0017 pair 171 [11, 6] combined 169984 players 51834 retained 256 seconds 2.8380994466133416
shuttleset_03_scene_0017 pair 172 [11, 7] combined 262144 players 6856 retained 256 seconds 1.2299513658508658
shuttleset_03_scene_0017 pair 174 [11, 9] combined 74460 players 442 retained 225 seconds 0.3472965331748128
shuttleset_03_scene_0017 pair 175 [11, 10] combined 171008 players 42740 retained 256 seconds 2.4133464000187814
shuttleset_03_scene_0017 pair 177 [11, 13] combined 67392 players 790 retained 256 seconds 0.36596602387726307
shuttleset_03_scene_0017 pair 180 [12, 0] combined 126976 players 28788 retained 256 seconds 2.2094838824123144
shuttleset_03_scene_0017 pair 181 [12, 1] combined 132096 players 3768 retained 256 seconds 1.0206086616963148
shuttleset_03_scene_0017 pair 185 [12, 5] combined 160768 players 608 retained 256 seconds 0.8471303042024374
shuttleset_03_scene_0017 pair 186 [12, 6] combined 94208 players 1750 retained 256 seconds 0.5113984178751707
shuttleset_03_scene_0017 pair 187 [12, 7] combined 123904 players 26406 retained 256 seconds 1.5257989051751792
shuttleset_03_scene_0017 pair 189 [12, 9] combined 37740 players 5062 retained 256 seconds 0.40973800187930465
shuttleset_03_scene_0017 pair 190 [12, 10] combined 131072 players 3022 retained 256 seconds 0.6493011033162475
shuttleset_03_scene_0017 pair 192 [12, 13] combined 38064 players 9912 retained 256 seconds 0.57723100297153
shuttleset_03_scene_0017 pair 197 [13, 2] combined 120832 players 39362 retained 256 seconds 2.0937502798624337
shuttleset_03_scene_0017 pair 198 [13, 3] combined 130048 players 45670 retained 256 seconds 2.3037881636992097
shuttleset_03_scene_0017 pair 199 [13, 4] combined 83968 players 2774 retained 256 seconds 0.6628973800688982
shuttleset_03_scene_0017 pair 203 [13, 8] combined 28304 players 4660 retained 256 seconds 0.37251764768734574
shuttleset_03_scene_0017 pair 206 [13, 11] combined 94248 players 2790 retained 256 seconds 0.5242221211083233
shuttleset_03_scene_0017 pair 207 [13, 12] combined 30208 players 10442 retained 256 seconds 0.825545480940491
shuttleset_03_scene_0017 pair 208 [13, 14] combined 14640 players 3284 retained 256 seconds 0.2828847523778677
shuttleset_03_scene_0017 pair 210 [14, 0] combined 31744 players 7888 retained 256 seconds 1.1704003778286278
shuttleset_03_scene_0017 pair 214 [14, 4] combined 39936 players 11984 retained 256 seconds 0.8246725960634649
shuttleset_03_scene_0017 pair 215 [14, 5] combined 30720 players 42 retained 21 seconds 0.2018731408752501
shuttleset_03_scene_0017 pair 216 [14, 6] combined 39936 players 176 retained 90 seconds 0.24969093315303326
shuttleset_03_scene_0017 pair 219 [14, 9] combined 13172 players 530 retained 255 seconds 0.14128692680969834
shuttleset_03_scene_0017 pair 220 [14, 10] combined 38912 players 28 retained 14 seconds 0.21152068907395005
shuttleset_03_scene_0017 pair 223 [14, 13] combined 10880 players 2142 retained 256 seconds 0.2066722260788083
shuttleset_03_scene_0017 pair 225 [15, 0] combined 8192 players 2446 retained 256 seconds 0.9472548482008278
shuttleset_03_scene_0017 pair 226 [15, 1] combined 13312 players 0 retained 0 seconds 0.44626904698088765
shuttleset_03_scene_0017 pair 229 [15, 4] combined 3072 players 910 retained 256 seconds 0.3266911911778152
shuttleset_03_scene_0017 pair 230 [15, 5] combined 6144 players 2 retained 2 seconds 0.10978897288441658
shuttleset_03_scene_0017 pair 231 [15, 6] combined 16384 players 56 retained 28 seconds 0.16417329106479883
shuttleset_03_scene_0017 pair 235 [15, 10] combined 17408 players 0 retained 0 seconds 0.11306033283472061
shuttleset_03_scene_0017 pair 0 [0, 1] combined 262144 players 62446 retained 256 seconds 4.084391430951655
shuttleset_03_scene_0017 pair 1 [0, 2] combined 123904 players 31930 retained 256 seconds 2.2731101429089904
shuttleset_03_scene_0017 pair 2 [0, 3] combined 262144 players 60676 retained 256 seconds 4.131036459933966
shuttleset_03_scene_0017 pair 4 [0, 5] combined 24576 players 4072 retained 256 seconds 0.9985569748096168
shuttleset_03_scene_0017 pair 5 [0, 6] combined 93184 players 22138 retained 256 seconds 1.8938352763652802
shuttleset_03_scene_0017 pair 9 [0, 10] combined 104448 players 20632 retained 256 seconds 1.8277316708117723
shuttleset_03_scene_0017 pair 11 [0, 12] combined 6144 players 1522 retained 256 seconds 0.8372353161685169
shuttleset_03_scene_0017 pair 13 [0, 14] combined 3072 players 900 retained 256 seconds 0.7622554791159928
shuttleset_03_scene_0017 pair 14 [0, 15] combined 0 players 0 retained 0 seconds 0.6560247899033129
shuttleset_03_scene_0017 pair 15 [1, 0] combined 262144 players 65788 retained 256 seconds 3.7736780382692814
shuttleset_03_scene_0017 pair 16 [1, 2] combined 205824 players 11726 retained 256 seconds 1.2836989746429026
shuttleset_03_scene_0017 pair 18 [1, 4] combined 262144 players 59190 retained 256 seconds 3.366757188923657
shuttleset_03_scene_0017 pair 21 [1, 7] combined 100352 players 19386 retained 256 seconds 1.1826385050080717
shuttleset_03_scene_0017 pair 22 [1, 8] combined 14336 players 1596 retained 256 seconds 0.2860230850055814
shuttleset_03_scene_0017 pair 25 [1, 11] combined 69632 players 3242 retained 256 seconds 0.504161530174315
shuttleset_03_scene_0017 pair 26 [1, 12] combined 11264 players 1096 retained 256 seconds 0.2508846069686115
shuttleset_03_scene_0017 pair 29 [1, 15] combined 0 players 0 retained 0 seconds 0.12240400491282344
shuttleset_03_scene_0017 pair 30 [2, 0] combined 178176 players 52266 retained 256 seconds 3.0686558331362903
shuttleset_03_scene_0017 pair 31 [2, 1] combined 203776 players 6194 retained 256 seconds 1.010193691123277
shuttleset_03_scene_0017 pair 33 [2, 4] combined 187392 players 39512 retained 256 seconds 2.2168294806033373
shuttleset_03_scene_0017 pair 34 [2, 5] combined 27540 players 368 retained 188 seconds 0.20258582895621657
shuttleset_03_scene_0017 pair 35 [2, 6] combined 197152 players 5670 retained 256 seconds 0.9232383361086249
shuttleset_03_scene_0017 pair 39 [2, 10] combined 123500 players 1810 retained 256 seconds 0.5557499178685248
shuttleset_03_scene_0017 pair 42 [2, 13] combined 34028 players 8322 retained 256 seconds 0.5188474357128143
shuttleset_03_scene_0017 pair 45 [3, 0] combined 262144 players 66192 retained 256 seconds 4.0960751683451235
shuttleset_03_scene_0017 pair 48 [3, 4] combined 262144 players 57494 retained 256 seconds 3.2353453813120723
shuttleset_03_scene_0017 pair 49 [3, 5] combined 52224 players 3102 retained 256 seconds 0.46869338443502784
shuttleset_03_scene_0017 pair 50 [3, 6] combined 188416 players 2204 retained 256 seconds 0.8376754811033607
shuttleset_03_scene_0017 pair 51 [3, 7] combined 98304 players 15626 retained 256 seconds 1.0885182726196945
shuttleset_03_scene_0017 pair 53 [3, 9] combined 12288 players 2586 retained 256 seconds 0.32759410003200173
shuttleset_03_scene_0017 pair 54 [3, 10] combined 191488 players 1948 retained 256 seconds 0.845969042275101
shuttleset_03_scene_0017 pair 57 [3, 13] combined 58368 players 14690 retained 256 seconds 0.9063353668898344
shuttleset_03_scene_0017 pair 61 [4, 1] combined 262144 players 62462 retained 256 seconds 3.226252011023462
shuttleset_03_scene_0017 pair 62 [4, 2] combined 122880 players 22386 retained 256 seconds 1.719406177289784
shuttleset_03_scene_0017 pair 63 [4, 3] combined 262144 players 62040 retained 256 seconds 3.30659608123824
shuttleset_03_scene_0017 pair 64 [4, 5] combined 28672 players 6366 retained 256 seconds 0.47863389179110527
shuttleset_03_scene_0017 pair 65 [4, 6] combined 92160 players 20212 retained 256 seconds 1.1852020006626844
shuttleset_03_scene_0017 pair 66 [4, 7] combined 149504 players 3592 retained 256 seconds 0.7203583139926195
shuttleset_03_scene_0017 pair 68 [4, 9] combined 27648 players 1110 retained 256 seconds 0.2604499361477792
shuttleset_03_scene_0017 pair 69 [4, 10] combined 102400 players 16292 retained 256 seconds 1.0557118318974972
shuttleset_03_scene_0017 pair 72 [4, 13] combined 73728 players 2274 retained 256 seconds 0.44608692498877645
shuttleset_03_scene_0017 pair 73 [4, 14] combined 0 players 0 retained 0 seconds 0.08861326705664396
shuttleset_03_scene_0017 pair 74 [4, 15] combined 0 players 0 retained 0 seconds 0.08618412772193551
shuttleset_03_scene_0017 pair 75 [5, 0] combined 30720 players 8954 retained 256 seconds 0.8621319090016186
shuttleset_03_scene_0017 pair 77 [5, 2] combined 31408 players 690 retained 256 seconds 0.2144309040158987
shuttleset_03_scene_0017 pair 78 [5, 3] combined 37888 players 686 retained 256 seconds 0.27378694200888276
shuttleset_03_scene_0017 pair 79 [5, 4] combined 26624 players 7588 retained 256 seconds 0.46242530504241586
shuttleset_03_scene_0017 pair 82 [5, 8] combined 1776 players 226 retained 113 seconds 0.07095851982012391
shuttleset_03_scene_0017 pair 85 [5, 11] combined 8736 players 1496 retained 256 seconds 0.15146535774692893
shuttleset_03_scene_0017 pair 86 [5, 12] combined 2352 players 0 retained 0 seconds 0.03180089918896556
shuttleset_03_scene_0017 pair 88 [5, 14] combined 620 players 0 retained 0 seconds 0.022792844101786613
shuttleset_03_scene_0017 pair 89 [5, 15] combined 0 players 0 retained 0 seconds 0.018017453141510487
shuttleset_03_scene_0017 pair 90 [6, 0] combined 177152 players 46160 retained 256 seconds 2.662954736035317
shuttleset_03_scene_0017 pair 92 [6, 2] combined 135720 players 1412 retained 256 seconds 0.5847187181934714
shuttleset_03_scene_0017 pair 93 [6, 3] combined 187392 players 2296 retained 256 seconds 0.804667579010129
shuttleset_03_scene_0017 pair 94 [6, 4] combined 177152 players 40930 retained 256 seconds 2.3985965219326317
shuttleset_03_scene_0017 pair 96 [6, 7] combined 59004 players 11968 retained 256 seconds 0.6785647580400109
shuttleset_03_scene_0017 pair 97 [6, 8] combined 11520 players 648 retained 256 seconds 0.14968646317720413
shuttleset_03_scene_0017 pair 100 [6, 11] combined 37204 players 2794 retained 256 seconds 0.30052356282249093
shuttleset_03_scene_0017 pair 101 [6, 12] combined 7448 players 34 retained 18 seconds 0.09856354631483555
shuttleset_03_scene_0017 pair 103 [6, 14] combined 3140 players 0 retained 0 seconds 0.057202904019504786
shuttleset_03_scene_0017 pair 104 [6, 15] combined 0 players 0 retained 0 seconds 0.0425088363699615
shuttleset_03_scene_0017 pair 106 [7, 1] combined 137216 players 37004 retained 256 seconds 1.8952844790183008
shuttleset_03_scene_0017 pair 108 [7, 3] combined 131072 players 32834 retained 256 seconds 1.7183195571415126
shuttleset_03_scene_0017 pair 109 [7, 4] combined 153600 players 3228 retained 256 seconds 0.6975551801733673
shuttleset_03_scene_0017 pair 111 [7, 6] combined 46112 players 11700 retained 256 seconds 0.6509697157889605
shuttleset_03_scene_0017 pair 112 [7, 8] combined 7728 players 1348 retained 256 seconds 0.1527660028077662
shuttleset_03_scene_0017 pair 114 [7, 10] combined 52116 players 9096 retained 256 seconds 0.5665434799157083
shuttleset_03_scene_0017 pair 115 [7, 11] combined 79864 players 1744 retained 256 seconds 0.37972150929272175
shuttleset_03_scene_0017 pair 116 [7, 12] combined 3072 players 968 retained 256 seconds 0.12411949969828129
shuttleset_03_scene_0017 pair 121 [8, 1] combined 25600 players 3998 retained 256 seconds 0.3357256492599845
shuttleset_03_scene_0017 pair 125 [8, 5] combined 2904 players 256 retained 116 seconds 0.07393794925883412
shuttleset_03_scene_0017 pair 126 [8, 6] combined 12880 players 894 retained 256 seconds 0.15217636292800307
shuttleset_03_scene_0017 pair 127 [8, 7] combined 9776 players 2284 retained 256 seconds 0.18183083459734917
shuttleset_03_scene_0017 pair 128 [8, 9] combined 1280 players 16 retained 8 seconds 0.04759594099596143
shuttleset_03_scene_0017 pair 129 [8, 10] combined 6440 players 704 retained 256 seconds 0.1241402393206954
shuttleset_03_scene_0017 pair 132 [8, 13] combined 4416 players 720 retained 256 seconds 0.11497138300910592
shuttleset_03_scene_0017 pair 138 [9, 3] combined 23552 players 6002 retained 256 seconds 0.41152249509468675
shuttleset_03_scene_0017 pair 139 [9, 4] combined 36864 players 810 retained 256 seconds 0.24537384137511253
shuttleset_03_scene_0017 pair 143 [9, 8] combined 1680 players 202 retained 102 seconds 0.06080593075603247
shuttleset_03_scene_0017 pair 145 [9, 11] combined 17712 players 106 retained 53 seconds 0.11141450610011816
shuttleset_03_scene_0017 pair 146 [9, 12] combined 600 players 170 retained 85 seconds 0.05192323820665479
shuttleset_03_scene_0017 pair 148 [9, 14] combined 368 players 16 retained 6 seconds 0.04061273904517293
shuttleset_03_scene_0017 pair 150 [10, 0] combined 172032 players 41736 retained 256 seconds 2.8019455689936876
shuttleset_03_scene_0017 pair 152 [10, 2] combined 130260 players 3252 retained 256 seconds 0.6178607800975442
shuttleset_03_scene_0017 pair 153 [10, 3] combined 169984 players 1810 retained 256 seconds 0.7293278728611767
shuttleset_03_scene_0017 pair 154 [10, 4] combined 165888 players 26930 retained 256 seconds 1.5063898041844368
shuttleset_03_scene_0017 pair 157 [10, 7] combined 64680 players 9788 retained 256 seconds 0.6372411507181823
shuttleset_03_scene_0017 pair 158 [10, 8] combined 8684 players 1100 retained 256 seconds 0.1560142538510263
shuttleset_03_scene_0017 pair 160 [10, 11] combined 46760 players 1768 retained 256 seconds 0.29412485798820853
shuttleset_03_scene_0017 pair 161 [10, 12] combined 9196 players 294 retained 148 seconds 0.11588265607133508
shuttleset_03_scene_0017 pair 163 [10, 14] combined 1824 players 0 retained 0 seconds 0.045928279869258404
shuttleset_03_scene_0017 pair 164 [10, 15] combined 0 players 0 retained 0 seconds 0.038513891864567995
shuttleset_03_scene_0017 pair 166 [11, 1] combined 101376 players 20548 retained 256 seconds 1.1784435366280377
shuttleset_03_scene_0017 pair 170 [11, 5] combined 10560 players 1274 retained 256 seconds 0.15914205415174365
shuttleset_03_scene_0017 pair 171 [11, 6] combined 33660 players 8342 retained 256 seconds 0.48195164557546377
shuttleset_03_scene_0017 pair 172 [11, 7] combined 56144 players 60 retained 30 seconds 0.23370929108932614
shuttleset_03_scene_0017 pair 174 [11, 9] combined 18360 players 84 retained 42 seconds 0.11489302618429065
shuttleset_03_scene_0017 pair 175 [11, 10] combined 45384 players 7396 retained 256 seconds 0.5043139229528606
shuttleset_03_scene_0017 pair 177 [11, 13] combined 44520 players 358 retained 179 seconds 0.22965609841048717
shuttleset_03_scene_0017 pair 180 [12, 0] combined 12288 players 2768 retained 256 seconds 0.576466788072139
shuttleset_03_scene_0017 pair 181 [12, 1] combined 14336 players 1080 retained 256 seconds 0.20873595587909222
shuttleset_03_scene_0017 pair 185 [12, 5] combined 1932 players 0 retained 0 seconds 0.026257244870066643
shuttleset_03_scene_0017 pair 186 [12, 6] combined 3388 players 44 retained 22 seconds 0.0718105360865593
shuttleset_03_scene_0017 pair 187 [12, 7] combined 4512 players 712 retained 256 seconds 0.11117311799898744
shuttleset_03_scene_0017 pair 189 [12, 9] combined 676 players 156 retained 78 seconds 0.05050315987318754
shuttleset_03_scene_0017 pair 190 [12, 10] combined 8960 players 184 retained 95 seconds 0.09728912496939301
shuttleset_03_scene_0017 pair 192 [12, 13] combined 2704 players 832 retained 256 seconds 0.11232086690142751
shuttleset_03_scene_0017 pair 197 [13, 2] combined 42828 players 15646 retained 256 seconds 0.7942515457980335
shuttleset_03_scene_0017 pair 198 [13, 3] combined 100352 players 37394 retained 256 seconds 1.9095177338458598
shuttleset_03_scene_0017 pair 199 [13, 4] combined 53248 players 2722 retained 256 seconds 0.37565069179981947
shuttleset_03_scene_0017 pair 203 [13, 8] combined 2880 players 50 retained 25 seconds 0.0722842481918633
shuttleset_03_scene_0017 pair 206 [13, 11] combined 44440 players 368 retained 184 seconds 0.22591792978346348
shuttleset_03_scene_0017 pair 207 [13, 12] combined 2848 players 1162 retained 256 seconds 0.13278500828891993
shuttleset_03_scene_0017 pair 208 [13, 14] combined 1128 players 348 retained 170 seconds 0.08650100510567427
shuttleset_03_scene_0017 pair 210 [14, 0] combined 4096 players 1384 retained 256 seconds 0.49678234476596117
shuttleset_03_scene_0017 pair 214 [14, 4] combined 3072 players 1014 retained 256 seconds 0.15285403793677688
shuttleset_03_scene_0017 pair 215 [14, 5] combined 296 players 0 retained 0 seconds 0.018529838882386684
shuttleset_03_scene_0017 pair 216 [14, 6] combined 5060 players 82 retained 41 seconds 0.0764412097632885
shuttleset_03_scene_0017 pair 219 [14, 9] combined 240 players 0 retained 0 seconds 0.01263695303350687
shuttleset_03_scene_0017 pair 220 [14, 10] combined 2568 players 0 retained 0 seconds 0.03671515407040715
shuttleset_03_scene_0017 pair 223 [14, 13] combined 1320 players 336 retained 162 seconds 0.075412233825773
shuttleset_03_scene_0017 pair 225 [15, 0] combined 0 players 0 retained 0 seconds 0.38118448201566935
shuttleset_03_scene_0017 pair 226 [15, 1] combined 0 players 0 retained 0 seconds 0.06955537805333734
shuttleset_03_scene_0017 pair 229 [15, 4] combined 0 players 0 retained 0 seconds 0.05194351216778159
shuttleset_03_scene_0017 pair 230 [15, 5] combined 0 players 0 retained 0 seconds 0.013707508333027363
shuttleset_03_scene_0017 pair 231 [15, 6] combined 0 players 0 retained 0 seconds 0.026793907396495342
shuttleset_03_scene_0017 pair 235 [15, 10] combined 0 players 0 retained 0 seconds 0.023060110863298178
[shuttleset_03_scene_0017] line-template: preparing rectangles
[shuttleset_03_scene_0017] measuring 762 parents (G0=256, G1=256, line_template=256; conflicting geometry groups=0)
[shuttleset_03_scene_0017] parents 250/762
[shuttleset_03_scene_0017] parents 500/762
[shuttleset_03_scene_0017] parents 750/762
[shuttleset_03_scene_0017] refitting 762 parents
[shuttleset_03_scene_0017] refits 250/762; valid children=204
[shuttleset_03_scene_0017] refits 500/762; valid children=408
[shuttleset_03_scene_0017] refits 750/762; valid children=626
{"view_id": "shuttleset_03_scene_0017", "chosen_key": "G1:1:3856", "no_court_reason": null, "all_checks_equal": null, "error": null}
{"views": ["shuttleset_03_scene_0017"], "startup_seconds": 0.03632830502465367, "wall_seconds": 634.9921095636673, "peak_rss_mb": 1699.203125, "failed": []}
