decoded /scratch/cmarti/issue103_ad8da4f/external/shuttleset-sources/21 An_Se_Young_Ratchanok_Intanon_YONEX_Thailand_Open_2021_QuarterFinals.mp4 to frame 14381 in 64s
sset_21_gloiZ_gTJaE_frame_00014336 pair 1 [0, 2] combined 6392 players 3150 retained 256 seconds 0.11574413813650608
sset_21_gloiZ_gTJaE_frame_00014336 pair 3 [0, 4] combined 84 players 42 retained 21 seconds 0.020526892971247435
sset_21_gloiZ_gTJaE_frame_00014336 pair 6 [0, 7] combined 924 players 462 retained 231 seconds 0.0431840312667191
sset_21_gloiZ_gTJaE_frame_00014336 pair 13 [0, 14] combined 0 players 0 retained 0 seconds 0.0057748910039663315
sset_21_gloiZ_gTJaE_frame_00014336 pair 16 [1, 2] combined 4380 players 298 retained 149 seconds 0.0444735549390316
sset_21_gloiZ_gTJaE_frame_00014336 pair 19 [1, 5] combined 1344 players 0 retained 0 seconds 0.00993473595008254
sset_21_gloiZ_gTJaE_frame_00014336 pair 20 [1, 6] combined 17892 players 0 retained 0 seconds 0.037483984138816595
sset_21_gloiZ_gTJaE_frame_00014336 pair 23 [1, 9] combined 14144 players 0 retained 0 seconds 0.02966815186664462
sset_21_gloiZ_gTJaE_frame_00014336 pair 30 [2, 0] combined 8940 players 4332 retained 256 seconds 0.1470741261728108
sset_21_gloiZ_gTJaE_frame_00014336 pair 31 [2, 1] combined 11264 players 1352 retained 256 seconds 0.0880420827306807
sset_21_gloiZ_gTJaE_frame_00014336 pair 32 [2, 3] combined 13300 players 220 retained 110 seconds 0.08379927696660161
sset_21_gloiZ_gTJaE_frame_00014336 pair 33 [2, 4] combined 1092 players 130 retained 65 seconds 0.024618479888886213
sset_21_gloiZ_gTJaE_frame_00014336 pair 37 [2, 8] combined 4752 players 0 retained 0 seconds 0.012578986119478941
sset_21_gloiZ_gTJaE_frame_00014336 pair 39 [2, 10] combined 408 players 0 retained 0 seconds 0.005355908069759607
sset_21_gloiZ_gTJaE_frame_00014336 pair 40 [2, 11] combined 6028 players 1112 retained 256 seconds 0.06680645374581218
sset_21_gloiZ_gTJaE_frame_00014336 pair 41 [2, 12] combined 2064 players 1032 retained 256 seconds 0.06132479524239898
sset_21_gloiZ_gTJaE_frame_00014336 pair 42 [2, 13] combined 13524 players 0 retained 0 seconds 0.0278024198487401
sset_21_gloiZ_gTJaE_frame_00014336 pair 43 [2, 14] combined 648 players 0 retained 0 seconds 0.005663437768816948
sset_21_gloiZ_gTJaE_frame_00014336 pair 47 [3, 2] combined 7168 players 76 retained 38 seconds 0.03550462797284126
sset_21_gloiZ_gTJaE_frame_00014336 pair 60 [4, 0] combined 0 players 0 retained 0 seconds 0.010901509784162045
sset_21_gloiZ_gTJaE_frame_00014336 pair 62 [4, 2] combined 0 players 0 retained 0 seconds 0.010421594139188528
sset_21_gloiZ_gTJaE_frame_00014336 pair 64 [4, 5] combined 188 players 0 retained 0 seconds 0.005663520190864801
sset_21_gloiZ_gTJaE_frame_00014336 pair 65 [4, 6] combined 632 players 0 retained 0 seconds 0.006766059901565313
sset_21_gloiZ_gTJaE_frame_00014336 pair 68 [4, 9] combined 5456 players 0 retained 0 seconds 0.013600551057606936
sset_21_gloiZ_gTJaE_frame_00014336 pair 69 [4, 10] combined 24 players 0 retained 0 seconds 0.0030258228071033955
sset_21_gloiZ_gTJaE_frame_00014336 pair 71 [4, 12] combined 0 players 0 retained 0 seconds 0.004615771118551493
sset_21_gloiZ_gTJaE_frame_00014336 pair 76 [5, 1] combined 13312 players 24 retained 12 seconds 0.04791141301393509
sset_21_gloiZ_gTJaE_frame_00014336 pair 79 [5, 4] combined 176 players 4 retained 2 seconds 0.017743541859090328
sset_21_gloiZ_gTJaE_frame_00014336 pair 81 [5, 7] combined 288 players 12 retained 6 seconds 0.018381536938250065
sset_21_gloiZ_gTJaE_frame_00014336 pair 82 [5, 8] combined 0 players 0 retained 0 seconds 0.003930017352104187
sset_21_gloiZ_gTJaE_frame_00014336 pair 85 [5, 11] combined 1392 players 2 retained 1 seconds 0.020427065901458263
sset_21_gloiZ_gTJaE_frame_00014336 pair 88 [5, 14] combined 0 players 0 retained 0 seconds 0.0036468920297920704
sset_21_gloiZ_gTJaE_frame_00014336 pair 89 [5, 15] combined 16 players 0 retained 0 seconds 0.003108859993517399
sset_21_gloiZ_gTJaE_frame_00014336 pair 91 [6, 1] combined 0 players 0 retained 0 seconds 0.01786930812522769
sset_21_gloiZ_gTJaE_frame_00014336 pair 94 [6, 4] combined 140 players 4 retained 2 seconds 0.017251028213649988
sset_21_gloiZ_gTJaE_frame_00014336 pair 96 [6, 7] combined 96 players 4 retained 2 seconds 0.018424630165100098
sset_21_gloiZ_gTJaE_frame_00014336 pair 100 [6, 11] combined 616 players 0 retained 0 seconds 0.007593123707920313
sset_21_gloiZ_gTJaE_frame_00014336 pair 103 [6, 14] combined 0 players 0 retained 0 seconds 0.003285303246229887
sset_21_gloiZ_gTJaE_frame_00014336 pair 104 [6, 15] combined 12 players 0 retained 0 seconds 0.0028910082764923573
sset_21_gloiZ_gTJaE_frame_00014336 pair 105 [7, 0] combined 0 players 0 retained 0 seconds 0.01188268419355154
sset_21_gloiZ_gTJaE_frame_00014336 pair 110 [7, 5] combined 0 players 0 retained 0 seconds 0.006160706747323275
sset_21_gloiZ_gTJaE_frame_00014336 pair 111 [7, 6] combined 0 players 0 retained 0 seconds 0.006100662983953953
sset_21_gloiZ_gTJaE_frame_00014336 pair 113 [7, 9] combined 0 players 0 retained 0 seconds 0.0057305460795760155
sset_21_gloiZ_gTJaE_frame_00014336 pair 114 [7, 10] combined 48 players 0 retained 0 seconds 0.0033500422723591328
sset_21_gloiZ_gTJaE_frame_00014336 pair 116 [7, 12] combined 0 players 0 retained 0 seconds 0.005091215018182993
sset_21_gloiZ_gTJaE_frame_00014336 pair 122 [8, 2] combined 6656 players 0 retained 0 seconds 0.0172443357296288
sset_21_gloiZ_gTJaE_frame_00014336 pair 125 [8, 5] combined 16 players 0 retained 0 seconds 0.003560819663107395
sset_21_gloiZ_gTJaE_frame_00014336 pair 136 [9, 1] combined 1024 players 52 retained 26 seconds 0.03384161368012428
sset_21_gloiZ_gTJaE_frame_00014336 pair 139 [9, 4] combined 0 players 0 retained 0 seconds 0.004427534993737936
sset_21_gloiZ_gTJaE_frame_00014336 pair 142 [9, 7] combined 0 players 0 retained 0 seconds 0.005024788901209831
sset_21_gloiZ_gTJaE_frame_00014336 pair 145 [9, 11] combined 0 players 0 retained 0 seconds 0.005954519845545292
sset_21_gloiZ_gTJaE_frame_00014336 pair 148 [9, 14] combined 0 players 0 retained 0 seconds 0.0030692564323544502
sset_21_gloiZ_gTJaE_frame_00014336 pair 149 [9, 15] combined 0 players 0 retained 0 seconds 0.0024517588317394257
sset_21_gloiZ_gTJaE_frame_00014336 pair 152 [10, 2] combined 0 players 0 retained 0 seconds 0.008479525335133076
sset_21_gloiZ_gTJaE_frame_00014336 pair 154 [10, 4] combined 0 players 0 retained 0 seconds 0.0039476691745221615
sset_21_gloiZ_gTJaE_frame_00014336 pair 157 [10, 7] combined 0 players 0 retained 0 seconds 0.004664248321205378
sset_21_gloiZ_gTJaE_frame_00014336 pair 163 [10, 14] combined 0 players 0 retained 0 seconds 0.0020947782322764397
sset_21_gloiZ_gTJaE_frame_00014336 pair 164 [10, 15] combined 0 players 0 retained 0 seconds 0.002044457010924816
sset_21_gloiZ_gTJaE_frame_00014336 pair 167 [11, 2] combined 2292 players 112 retained 56 seconds 0.07202415959909558
sset_21_gloiZ_gTJaE_frame_00014336 pair 170 [11, 5] combined 4312 players 0 retained 0 seconds 0.013256378006190062
sset_21_gloiZ_gTJaE_frame_00014336 pair 171 [11, 6] combined 3240 players 54 retained 27 seconds 0.02574593899771571
sset_21_gloiZ_gTJaE_frame_00014336 pair 174 [11, 9] combined 10868 players 96 retained 48 seconds 0.03870930103585124
sset_21_gloiZ_gTJaE_frame_00014336 pair 182 [12, 2] combined 2664 players 1318 retained 256 seconds 0.09568023309111595
sset_21_gloiZ_gTJaE_frame_00014336 pair 184 [12, 4] combined 80 players 40 retained 20 seconds 0.028933124616742134
sset_21_gloiZ_gTJaE_frame_00014336 pair 187 [12, 7] combined 784 players 392 retained 176 seconds 0.04135544318705797
sset_21_gloiZ_gTJaE_frame_00014336 pair 193 [12, 14] combined 0 players 0 retained 0 seconds 0.004078980069607496
sset_21_gloiZ_gTJaE_frame_00014336 pair 194 [12, 15] combined 64 players 32 retained 16 seconds 0.01720699993893504
sset_21_gloiZ_gTJaE_frame_00014336 pair 197 [13, 2] combined 4800 players 264 retained 132 seconds 0.041239453945308924
sset_21_gloiZ_gTJaE_frame_00014336 pair 210 [14, 0] combined 0 players 0 retained 0 seconds 0.010233212728053331
sset_21_gloiZ_gTJaE_frame_00014336 pair 212 [14, 2] combined 0 players 0 retained 0 seconds 0.013407457154244184
sset_21_gloiZ_gTJaE_frame_00014336 pair 215 [14, 5] combined 240 players 8 retained 4 seconds 0.028924881014972925
sset_21_gloiZ_gTJaE_frame_00014336 pair 216 [14, 6] combined 0 players 0 retained 0 seconds 0.009189991280436516
sset_21_gloiZ_gTJaE_frame_00014336 pair 219 [14, 9] combined 0 players 0 retained 0 seconds 0.006509798113256693
sset_21_gloiZ_gTJaE_frame_00014336 pair 220 [14, 10] combined 0 players 0 retained 0 seconds 0.00421030493453145
sset_21_gloiZ_gTJaE_frame_00014336 pair 222 [14, 12] combined 0 players 0 retained 0 seconds 0.006728899199515581
sset_21_gloiZ_gTJaE_frame_00014336 pair 230 [15, 5] combined 0 players 0 retained 0 seconds 0.00895788986235857
sset_21_gloiZ_gTJaE_frame_00014336 pair 231 [15, 6] combined 0 players 0 retained 0 seconds 0.00893819099292159
sset_21_gloiZ_gTJaE_frame_00014336 pair 234 [15, 9] combined 0 players 0 retained 0 seconds 0.008189416024833918
sset_21_gloiZ_gTJaE_frame_00014336 pair 235 [15, 10] combined 0 players 0 retained 0 seconds 0.004811543971300125
sset_21_gloiZ_gTJaE_frame_00014336 pair 237 [15, 12] combined 0 players 0 retained 0 seconds 0.00749372411519289
sset_21_gloiZ_gTJaE_frame_00014336 pair 1 [0, 2] combined 0 players 0 retained 0 seconds 0.004747655708342791
sset_21_gloiZ_gTJaE_frame_00014336 pair 3 [0, 4] combined 0 players 0 retained 0 seconds 0.002404714934527874
sset_21_gloiZ_gTJaE_frame_00014336 pair 6 [0, 7] combined 0 players 0 retained 0 seconds 0.0024105929769575596
sset_21_gloiZ_gTJaE_frame_00014336 pair 13 [0, 14] combined 0 players 0 retained 0 seconds 0.0018828380852937698
sset_21_gloiZ_gTJaE_frame_00014336 pair 16 [1, 2] combined 588 players 90 retained 45 seconds 0.021253349259495735
sset_21_gloiZ_gTJaE_frame_00014336 pair 19 [1, 5] combined 132 players 0 retained 0 seconds 0.0033589210361242294
sset_21_gloiZ_gTJaE_frame_00014336 pair 20 [1, 6] combined 1016 players 0 retained 0 seconds 0.007954264059662819
sset_21_gloiZ_gTJaE_frame_00014336 pair 23 [1, 9] combined 0 players 0 retained 0 seconds 0.0037802262231707573
sset_21_gloiZ_gTJaE_frame_00014336 pair 30 [2, 0] combined 0 players 0 retained 0 seconds 0.0031433221884071827
sset_21_gloiZ_gTJaE_frame_00014336 pair 31 [2, 1] combined 224 players 112 retained 56 seconds 0.019847149960696697
sset_21_gloiZ_gTJaE_frame_00014336 pair 32 [2, 3] combined 468 players 0 retained 0 seconds 0.004368546884506941
sset_21_gloiZ_gTJaE_frame_00014336 pair 33 [2, 4] combined 32 players 16 retained 8 seconds 0.015624050982296467
sset_21_gloiZ_gTJaE_frame_00014336 pair 37 [2, 8] combined 168 players 0 retained 0 seconds 0.003244076855480671
sset_21_gloiZ_gTJaE_frame_00014336 pair 39 [2, 10] combined 0 players 0 retained 0 seconds 0.00267708208411932
sset_21_gloiZ_gTJaE_frame_00014336 pair 40 [2, 11] combined 240 players 84 retained 42 seconds 0.018436335027217865
sset_21_gloiZ_gTJaE_frame_00014336 pair 41 [2, 12] combined 84 players 42 retained 21 seconds 0.016774765215814114
sset_21_gloiZ_gTJaE_frame_00014336 pair 42 [2, 13] combined 0 players 0 retained 0 seconds 0.0030347825959324837
sset_21_gloiZ_gTJaE_frame_00014336 pair 43 [2, 14] combined 0 players 0 retained 0 seconds 0.0026409104466438293
sset_21_gloiZ_gTJaE_frame_00014336 pair 47 [3, 2] combined 372 players 2 retained 1 seconds 0.01775809610262513
sset_21_gloiZ_gTJaE_frame_00014336 pair 60 [4, 0] combined 0 players 0 retained 0 seconds 0.0024312990717589855
sset_21_gloiZ_gTJaE_frame_00014336 pair 62 [4, 2] combined 0 players 0 retained 0 seconds 0.004714186768978834
sset_21_gloiZ_gTJaE_frame_00014336 pair 64 [4, 5] combined 0 players 0 retained 0 seconds 0.0023001241497695446
sset_21_gloiZ_gTJaE_frame_00014336 pair 65 [4, 6] combined 0 players 0 retained 0 seconds 0.0037649809382855892
sset_21_gloiZ_gTJaE_frame_00014336 pair 68 [4, 9] combined 0 players 0 retained 0 seconds 0.002545721363276243
sset_21_gloiZ_gTJaE_frame_00014336 pair 69 [4, 10] combined 0 players 0 retained 0 seconds 0.001714739017188549
sset_21_gloiZ_gTJaE_frame_00014336 pair 71 [4, 12] combined 0 players 0 retained 0 seconds 0.002035565208643675
sset_21_gloiZ_gTJaE_frame_00014336 pair 76 [5, 1] combined 0 players 0 retained 0 seconds 0.003586040809750557
sset_21_gloiZ_gTJaE_frame_00014336 pair 79 [5, 4] combined 0 players 0 retained 0 seconds 0.0023305341601371765
sset_21_gloiZ_gTJaE_frame_00014336 pair 81 [5, 7] combined 4 players 0 retained 0 seconds 0.002176630310714245
sset_21_gloiZ_gTJaE_frame_00014336 pair 82 [5, 8] combined 0 players 0 retained 0 seconds 0.002096052747219801
sset_21_gloiZ_gTJaE_frame_00014336 pair 85 [5, 11] combined 32 players 0 retained 0 seconds 0.00237832497805357
sset_21_gloiZ_gTJaE_frame_00014336 pair 88 [5, 14] combined 0 players 0 retained 0 seconds 0.0016290131025016308
sset_21_gloiZ_gTJaE_frame_00014336 pair 89 [5, 15] combined 0 players 0 retained 0 seconds 0.0017186226323246956
sset_21_gloiZ_gTJaE_frame_00014336 pair 91 [6, 1] combined 0 players 0 retained 0 seconds 0.006593172904103994
sset_21_gloiZ_gTJaE_frame_00014336 pair 94 [6, 4] combined 0 players 0 retained 0 seconds 0.0026970230974256992
sset_21_gloiZ_gTJaE_frame_00014336 pair 96 [6, 7] combined 0 players 0 retained 0 seconds 0.002489617094397545
sset_21_gloiZ_gTJaE_frame_00014336 pair 100 [6, 11] combined 28 players 0 retained 0 seconds 0.002600798849016428
sset_21_gloiZ_gTJaE_frame_00014336 pair 103 [6, 14] combined 0 players 0 retained 0 seconds 0.002112909685820341
sset_21_gloiZ_gTJaE_frame_00014336 pair 104 [6, 15] combined 0 players 0 retained 0 seconds 0.002215704880654812
sset_21_gloiZ_gTJaE_frame_00014336 pair 105 [7, 0] combined 0 players 0 retained 0 seconds 0.001968094613403082
sset_21_gloiZ_gTJaE_frame_00014336 pair 110 [7, 5] combined 0 players 0 retained 0 seconds 0.0022648279555141926
sset_21_gloiZ_gTJaE_frame_00014336 pair 111 [7, 6] combined 0 players 0 retained 0 seconds 0.0038677798584103584
sset_21_gloiZ_gTJaE_frame_00014336 pair 113 [7, 9] combined 0 players 0 retained 0 seconds 0.002752847969532013
sset_21_gloiZ_gTJaE_frame_00014336 pair 114 [7, 10] combined 0 players 0 retained 0 seconds 0.001547928899526596
sset_21_gloiZ_gTJaE_frame_00014336 pair 116 [7, 12] combined 0 players 0 retained 0 seconds 0.0019961027428507805
sset_21_gloiZ_gTJaE_frame_00014336 pair 122 [8, 2] combined 1232 players 0 retained 0 seconds 0.005356015171855688
sset_21_gloiZ_gTJaE_frame_00014336 pair 125 [8, 5] combined 0 players 0 retained 0 seconds 0.0020417370833456516
sset_21_gloiZ_gTJaE_frame_00014336 pair 136 [9, 1] combined 0 players 0 retained 0 seconds 0.0059817139990627766
sset_21_gloiZ_gTJaE_frame_00014336 pair 139 [9, 4] combined 0 players 0 retained 0 seconds 0.002264899667352438
sset_21_gloiZ_gTJaE_frame_00014336 pair 142 [9, 7] combined 0 players 0 retained 0 seconds 0.0022163097746670246
sset_21_gloiZ_gTJaE_frame_00014336 pair 145 [9, 11] combined 0 players 0 retained 0 seconds 0.0021509332582354546
sset_21_gloiZ_gTJaE_frame_00014336 pair 148 [9, 14] combined 0 players 0 retained 0 seconds 0.001635969616472721
sset_21_gloiZ_gTJaE_frame_00014336 pair 149 [9, 15] combined 0 players 0 retained 0 seconds 0.0016262051649391651
sset_21_gloiZ_gTJaE_frame_00014336 pair 152 [10, 2] combined 0 players 0 retained 0 seconds 0.0039663780480623245
sset_21_gloiZ_gTJaE_frame_00014336 pair 154 [10, 4] combined 0 players 0 retained 0 seconds 0.00177402189001441
sset_21_gloiZ_gTJaE_frame_00014336 pair 157 [10, 7] combined 0 players 0 retained 0 seconds 0.0018090088851749897
sset_21_gloiZ_gTJaE_frame_00014336 pair 163 [10, 14] combined 0 players 0 retained 0 seconds 0.0014699441380798817
sset_21_gloiZ_gTJaE_frame_00014336 pair 164 [10, 15] combined 0 players 0 retained 0 seconds 0.0013971352018415928
sset_21_gloiZ_gTJaE_frame_00014336 pair 167 [11, 2] combined 0 players 0 retained 0 seconds 0.00444497587159276
sset_21_gloiZ_gTJaE_frame_00014336 pair 170 [11, 5] combined 0 players 0 retained 0 seconds 0.0023779841139912605
sset_21_gloiZ_gTJaE_frame_00014336 pair 171 [11, 6] combined 0 players 0 retained 0 seconds 0.004134939052164555
sset_21_gloiZ_gTJaE_frame_00014336 pair 174 [11, 9] combined 248 players 0 retained 0 seconds 0.0033692619763314724
sset_21_gloiZ_gTJaE_frame_00014336 pair 182 [12, 2] combined 0 players 0 retained 0 seconds 0.004948607180267572
sset_21_gloiZ_gTJaE_frame_00014336 pair 184 [12, 4] combined 0 players 0 retained 0 seconds 0.0020665167830884457
sset_21_gloiZ_gTJaE_frame_00014336 pair 187 [12, 7] combined 0 players 0 retained 0 seconds 0.0020938189700245857
sset_21_gloiZ_gTJaE_frame_00014336 pair 193 [12, 14] combined 0 players 0 retained 0 seconds 0.0018155807629227638
sset_21_gloiZ_gTJaE_frame_00014336 pair 194 [12, 15] combined 0 players 0 retained 0 seconds 0.0017292927950620651
sset_21_gloiZ_gTJaE_frame_00014336 pair 197 [13, 2] combined 0 players 0 retained 0 seconds 0.00456048920750618
sset_21_gloiZ_gTJaE_frame_00014336 pair 210 [14, 0] combined 0 players 0 retained 0 seconds 0.001955444924533367
sset_21_gloiZ_gTJaE_frame_00014336 pair 212 [14, 2] combined 0 players 0 retained 0 seconds 0.0043626646511256695
sset_21_gloiZ_gTJaE_frame_00014336 pair 215 [14, 5] combined 0 players 0 retained 0 seconds 0.0021328371949493885
sset_21_gloiZ_gTJaE_frame_00014336 pair 216 [14, 6] combined 0 players 0 retained 0 seconds 0.0031923148781061172
sset_21_gloiZ_gTJaE_frame_00014336 pair 219 [14, 9] combined 0 players 0 retained 0 seconds 0.0018365602008998394
sset_21_gloiZ_gTJaE_frame_00014336 pair 220 [14, 10] combined 0 players 0 retained 0 seconds 0.0014694500714540482
sset_21_gloiZ_gTJaE_frame_00014336 pair 222 [14, 12] combined 0 players 0 retained 0 seconds 0.001800031866878271
sset_21_gloiZ_gTJaE_frame_00014336 pair 230 [15, 5] combined 0 players 0 retained 0 seconds 0.0021166582591831684
sset_21_gloiZ_gTJaE_frame_00014336 pair 231 [15, 6] combined 0 players 0 retained 0 seconds 0.0034564570523798466
sset_21_gloiZ_gTJaE_frame_00014336 pair 234 [15, 9] combined 0 players 0 retained 0 seconds 0.002279548905789852
sset_21_gloiZ_gTJaE_frame_00014336 pair 235 [15, 10] combined 0 players 0 retained 0 seconds 0.0015171179547905922
sset_21_gloiZ_gTJaE_frame_00014336 pair 237 [15, 12] combined 0 players 0 retained 0 seconds 0.001724516972899437
[sset_21_gloiZ_gTJaE_frame_00014336] line-template: preparing rectangles
[sset_21_gloiZ_gTJaE_frame_00014336] measuring 685 parents (G0=256, G1=173, line_template=256; conflicting geometry groups=0)
[sset_21_gloiZ_gTJaE_frame_00014336] parents 250/685
[sset_21_gloiZ_gTJaE_frame_00014336] parents 500/685
[sset_21_gloiZ_gTJaE_frame_00014336] refitting 685 parents
[sset_21_gloiZ_gTJaE_frame_00014336] refits 250/685; valid children=169
[sset_21_gloiZ_gTJaE_frame_00014336] refits 500/685; valid children=209
{"view_id": "sset_21_gloiZ_gTJaE_frame_00014336", "chosen_key": "G1:16:8", "no_court_reason": "rank_deficient", "all_checks_equal": null, "error": null}
{"views": ["sset_21_gloiZ_gTJaE_frame_00014336"], "startup_seconds": 0.03252440318465233, "wall_seconds": 109.74642207520083, "peak_rss_mb": 485.80859375, "failed": []}
