decoded /scratch/cmarti/issue103_ad8da4f/external/shuttleset-sources/21 An_Se_Young_Ratchanok_Intanon_YONEX_Thailand_Open_2021_QuarterFinals.mp4 to frame 62165 in 277s
sset_21_gloiZ_gTJaE_frame_00062120 pair 0 [0, 1] combined 0 players 0 retained 0 seconds 0.07086428860202432
sset_21_gloiZ_gTJaE_frame_00062120 pair 1 [0, 2] combined 0 players 0 retained 0 seconds 0.06447425903752446
sset_21_gloiZ_gTJaE_frame_00062120 pair 10 [0, 11] combined 0 players 0 retained 0 seconds 0.05880130687728524
sset_21_gloiZ_gTJaE_frame_00062120 pair 15 [1, 0] combined 0 players 0 retained 0 seconds 0.04738738713786006
sset_21_gloiZ_gTJaE_frame_00062120 pair 18 [1, 4] combined 0 players 0 retained 0 seconds 0.030113625805824995
sset_21_gloiZ_gTJaE_frame_00062120 pair 19 [1, 5] combined 0 players 0 retained 0 seconds 0.029771010857075453
sset_21_gloiZ_gTJaE_frame_00062120 pair 20 [1, 6] combined 0 players 0 retained 0 seconds 0.03010400291532278
sset_21_gloiZ_gTJaE_frame_00062120 pair 21 [1, 7] combined 0 players 0 retained 0 seconds 0.029776365030556917
sset_21_gloiZ_gTJaE_frame_00062120 pair 23 [1, 9] combined 0 players 0 retained 0 seconds 0.029619354754686356
sset_21_gloiZ_gTJaE_frame_00062120 pair 24 [1, 10] combined 0 players 0 retained 0 seconds 0.029666928108781576
sset_21_gloiZ_gTJaE_frame_00062120 pair 25 [1, 11] combined 0 players 0 retained 0 seconds 0.031124092172831297
sset_21_gloiZ_gTJaE_frame_00062120 pair 26 [1, 12] combined 0 players 0 retained 0 seconds 0.030294499825686216
sset_21_gloiZ_gTJaE_frame_00062120 pair 27 [1, 13] combined 0 players 0 retained 0 seconds 0.030840939842164516
sset_21_gloiZ_gTJaE_frame_00062120 pair 28 [1, 14] combined 0 players 0 retained 0 seconds 0.029257101006805897
sset_21_gloiZ_gTJaE_frame_00062120 pair 29 [1, 15] combined 0 players 0 retained 0 seconds 0.02979567600414157
sset_21_gloiZ_gTJaE_frame_00062120 pair 30 [2, 0] combined 0 players 0 retained 0 seconds 0.03677050396800041
sset_21_gloiZ_gTJaE_frame_00062120 pair 33 [2, 4] combined 0 players 0 retained 0 seconds 0.019105151295661926
sset_21_gloiZ_gTJaE_frame_00062120 pair 34 [2, 5] combined 0 players 0 retained 0 seconds 0.01828922377899289
sset_21_gloiZ_gTJaE_frame_00062120 pair 35 [2, 6] combined 0 players 0 retained 0 seconds 0.018277602270245552
sset_21_gloiZ_gTJaE_frame_00062120 pair 36 [2, 7] combined 0 players 0 retained 0 seconds 0.018837977200746536
sset_21_gloiZ_gTJaE_frame_00062120 pair 38 [2, 9] combined 0 players 0 retained 0 seconds 0.018087755888700485
sset_21_gloiZ_gTJaE_frame_00062120 pair 39 [2, 10] combined 0 players 0 retained 0 seconds 0.01824174216017127
sset_21_gloiZ_gTJaE_frame_00062120 pair 40 [2, 11] combined 0 players 0 retained 0 seconds 0.019885641057044268
sset_21_gloiZ_gTJaE_frame_00062120 pair 41 [2, 12] combined 0 players 0 retained 0 seconds 0.018827398773282766
sset_21_gloiZ_gTJaE_frame_00062120 pair 42 [2, 13] combined 0 players 0 retained 0 seconds 0.018965143244713545
sset_21_gloiZ_gTJaE_frame_00062120 pair 43 [2, 14] combined 0 players 0 retained 0 seconds 0.01837438903748989
sset_21_gloiZ_gTJaE_frame_00062120 pair 44 [2, 15] combined 0 players 0 retained 0 seconds 0.018772824201732874
sset_21_gloiZ_gTJaE_frame_00062120 pair 55 [3, 11] combined 0 players 0 retained 0 seconds 0.00461085420101881
sset_21_gloiZ_gTJaE_frame_00062120 pair 61 [4, 1] combined 0 players 0 retained 0 seconds 0.01313122408464551
sset_21_gloiZ_gTJaE_frame_00062120 pair 62 [4, 2] combined 0 players 0 retained 0 seconds 0.00939812883734703
sset_21_gloiZ_gTJaE_frame_00062120 pair 76 [5, 1] combined 0 players 0 retained 0 seconds 0.012193344067782164
sset_21_gloiZ_gTJaE_frame_00062120 pair 77 [5, 2] combined 0 players 0 retained 0 seconds 0.008191639091819525
sset_21_gloiZ_gTJaE_frame_00062120 pair 91 [6, 1] combined 0 players 0 retained 0 seconds 0.01171793881803751
sset_21_gloiZ_gTJaE_frame_00062120 pair 92 [6, 2] combined 0 players 0 retained 0 seconds 0.007633330300450325
sset_21_gloiZ_gTJaE_frame_00062120 pair 106 [7, 1] combined 0 players 0 retained 0 seconds 0.012871057726442814
sset_21_gloiZ_gTJaE_frame_00062120 pair 107 [7, 2] combined 0 players 0 retained 0 seconds 0.009139939211308956
sset_21_gloiZ_gTJaE_frame_00062120 pair 130 [8, 11] combined 0 players 0 retained 0 seconds 0.006074773613363504
sset_21_gloiZ_gTJaE_frame_00062120 pair 136 [9, 1] combined 0 players 0 retained 0 seconds 0.011567540932446718
sset_21_gloiZ_gTJaE_frame_00062120 pair 137 [9, 2] combined 0 players 0 retained 0 seconds 0.007617968134582043
sset_21_gloiZ_gTJaE_frame_00062120 pair 151 [10, 1] combined 0 players 0 retained 0 seconds 0.011590256821364164
sset_21_gloiZ_gTJaE_frame_00062120 pair 152 [10, 2] combined 0 players 0 retained 0 seconds 0.008104289881885052
sset_21_gloiZ_gTJaE_frame_00062120 pair 165 [11, 0] combined 0 players 0 retained 0 seconds 0.024961834773421288
sset_21_gloiZ_gTJaE_frame_00062120 pair 166 [11, 1] combined 0 players 0 retained 0 seconds 0.016284295823425055
sset_21_gloiZ_gTJaE_frame_00062120 pair 167 [11, 2] combined 0 players 0 retained 0 seconds 0.012335882987827063
sset_21_gloiZ_gTJaE_frame_00062120 pair 168 [11, 3] combined 0 players 0 retained 0 seconds 0.007043315097689629
sset_21_gloiZ_gTJaE_frame_00062120 pair 173 [11, 8] combined 0 players 0 retained 0 seconds 0.00784181198105216
sset_21_gloiZ_gTJaE_frame_00062120 pair 181 [12, 1] combined 0 players 0 retained 0 seconds 0.013018821831792593
sset_21_gloiZ_gTJaE_frame_00062120 pair 182 [12, 2] combined 0 players 0 retained 0 seconds 0.008992210030555725
sset_21_gloiZ_gTJaE_frame_00062120 pair 196 [13, 1] combined 0 players 0 retained 0 seconds 0.014029305893927813
sset_21_gloiZ_gTJaE_frame_00062120 pair 197 [13, 2] combined 0 players 0 retained 0 seconds 0.010020076762884855
sset_21_gloiZ_gTJaE_frame_00062120 pair 211 [14, 1] combined 0 players 0 retained 0 seconds 0.012237690389156342
sset_21_gloiZ_gTJaE_frame_00062120 pair 212 [14, 2] combined 0 players 0 retained 0 seconds 0.008718045894056559
sset_21_gloiZ_gTJaE_frame_00062120 pair 226 [15, 1] combined 0 players 0 retained 0 seconds 0.013466587755829096
sset_21_gloiZ_gTJaE_frame_00062120 pair 227 [15, 2] combined 0 players 0 retained 0 seconds 0.00966174015775323
sset_21_gloiZ_gTJaE_frame_00062120 pair 0 [0, 1] combined 0 players 0 retained 0 seconds 0.00892167491838336
sset_21_gloiZ_gTJaE_frame_00062120 pair 1 [0, 2] combined 0 players 0 retained 0 seconds 0.00965808006003499
sset_21_gloiZ_gTJaE_frame_00062120 pair 10 [0, 11] combined 0 players 0 retained 0 seconds 0.00783793767914176
sset_21_gloiZ_gTJaE_frame_00062120 pair 15 [1, 0] combined 0 players 0 retained 0 seconds 0.007372147869318724
sset_21_gloiZ_gTJaE_frame_00062120 pair 18 [1, 4] combined 0 players 0 retained 0 seconds 0.0052167680114507675
sset_21_gloiZ_gTJaE_frame_00062120 pair 19 [1, 5] combined 0 players 0 retained 0 seconds 0.005100619979202747
sset_21_gloiZ_gTJaE_frame_00062120 pair 20 [1, 6] combined 0 players 0 retained 0 seconds 0.0050050560384988785
sset_21_gloiZ_gTJaE_frame_00062120 pair 21 [1, 7] combined 0 players 0 retained 0 seconds 0.005078889895230532
sset_21_gloiZ_gTJaE_frame_00062120 pair 23 [1, 9] combined 0 players 0 retained 0 seconds 0.005067237187176943
sset_21_gloiZ_gTJaE_frame_00062120 pair 24 [1, 10] combined 0 players 0 retained 0 seconds 0.0050343177281320095
sset_21_gloiZ_gTJaE_frame_00062120 pair 25 [1, 11] combined 0 players 0 retained 0 seconds 0.008303666021674871
sset_21_gloiZ_gTJaE_frame_00062120 pair 26 [1, 12] combined 0 players 0 retained 0 seconds 0.0050478409975767136
sset_21_gloiZ_gTJaE_frame_00062120 pair 27 [1, 13] combined 0 players 0 retained 0 seconds 0.005790178198367357
sset_21_gloiZ_gTJaE_frame_00062120 pair 28 [1, 14] combined 0 players 0 retained 0 seconds 0.005107458680868149
sset_21_gloiZ_gTJaE_frame_00062120 pair 29 [1, 15] combined 0 players 0 retained 0 seconds 0.005069316364824772
sset_21_gloiZ_gTJaE_frame_00062120 pair 30 [2, 0] combined 0 players 0 retained 0 seconds 0.009523909073323011
sset_21_gloiZ_gTJaE_frame_00062120 pair 33 [2, 4] combined 0 players 0 retained 0 seconds 0.007669851649552584
sset_21_gloiZ_gTJaE_frame_00062120 pair 34 [2, 5] combined 0 players 0 retained 0 seconds 0.0075634247623384
sset_21_gloiZ_gTJaE_frame_00062120 pair 35 [2, 6] combined 0 players 0 retained 0 seconds 0.007599043194204569
sset_21_gloiZ_gTJaE_frame_00062120 pair 36 [2, 7] combined 0 players 0 retained 0 seconds 0.0076673016883432865
sset_21_gloiZ_gTJaE_frame_00062120 pair 38 [2, 9] combined 0 players 0 retained 0 seconds 0.0076009975746273994
sset_21_gloiZ_gTJaE_frame_00062120 pair 39 [2, 10] combined 0 players 0 retained 0 seconds 0.007553568109869957
sset_21_gloiZ_gTJaE_frame_00062120 pair 40 [2, 11] combined 0 players 0 retained 0 seconds 0.007885642349720001
sset_21_gloiZ_gTJaE_frame_00062120 pair 41 [2, 12] combined 0 players 0 retained 0 seconds 0.007523635867983103
sset_21_gloiZ_gTJaE_frame_00062120 pair 42 [2, 13] combined 0 players 0 retained 0 seconds 0.008336944971233606
sset_21_gloiZ_gTJaE_frame_00062120 pair 43 [2, 14] combined 0 players 0 retained 0 seconds 0.007663947995752096
sset_21_gloiZ_gTJaE_frame_00062120 pair 44 [2, 15] combined 0 players 0 retained 0 seconds 0.007514344062656164
sset_21_gloiZ_gTJaE_frame_00062120 pair 55 [3, 11] combined 0 players 0 retained 0 seconds 0.001966083887964487
sset_21_gloiZ_gTJaE_frame_00062120 pair 61 [4, 1] combined 0 players 0 retained 0 seconds 0.0029196226969361305
sset_21_gloiZ_gTJaE_frame_00062120 pair 62 [4, 2] combined 0 players 0 retained 0 seconds 0.0036851046606898308
sset_21_gloiZ_gTJaE_frame_00062120 pair 76 [5, 1] combined 0 players 0 retained 0 seconds 0.002688651904463768
sset_21_gloiZ_gTJaE_frame_00062120 pair 77 [5, 2] combined 0 players 0 retained 0 seconds 0.0034881900064647198
sset_21_gloiZ_gTJaE_frame_00062120 pair 91 [6, 1] combined 0 players 0 retained 0 seconds 0.002516192849725485
sset_21_gloiZ_gTJaE_frame_00062120 pair 92 [6, 2] combined 0 players 0 retained 0 seconds 0.003220332320779562
sset_21_gloiZ_gTJaE_frame_00062120 pair 106 [7, 1] combined 0 players 0 retained 0 seconds 0.0026344629004597664
sset_21_gloiZ_gTJaE_frame_00062120 pair 107 [7, 2] combined 0 players 0 retained 0 seconds 0.0034479768946766853
sset_21_gloiZ_gTJaE_frame_00062120 pair 130 [8, 11] combined 0 players 0 retained 0 seconds 0.002064427360892296
sset_21_gloiZ_gTJaE_frame_00062120 pair 136 [9, 1] combined 0 players 0 retained 0 seconds 0.002778500784188509
sset_21_gloiZ_gTJaE_frame_00062120 pair 137 [9, 2] combined 0 players 0 retained 0 seconds 0.0034426390193402767
sset_21_gloiZ_gTJaE_frame_00062120 pair 151 [10, 1] combined 0 players 0 retained 0 seconds 0.0026151263155043125
sset_21_gloiZ_gTJaE_frame_00062120 pair 152 [10, 2] combined 0 players 0 retained 0 seconds 0.0033015762455761433
sset_21_gloiZ_gTJaE_frame_00062120 pair 165 [11, 0] combined 0 players 0 retained 0 seconds 0.0040690358728170395
sset_21_gloiZ_gTJaE_frame_00062120 pair 166 [11, 1] combined 0 players 0 retained 0 seconds 0.0031797699630260468
sset_21_gloiZ_gTJaE_frame_00062120 pair 167 [11, 2] combined 0 players 0 retained 0 seconds 0.0041108462028205395
sset_21_gloiZ_gTJaE_frame_00062120 pair 168 [11, 3] combined 0 players 0 retained 0 seconds 0.002232056111097336
sset_21_gloiZ_gTJaE_frame_00062120 pair 173 [11, 8] combined 0 players 0 retained 0 seconds 0.00229208217933774
sset_21_gloiZ_gTJaE_frame_00062120 pair 181 [12, 1] combined 0 players 0 retained 0 seconds 0.002587011083960533
sset_21_gloiZ_gTJaE_frame_00062120 pair 182 [12, 2] combined 0 players 0 retained 0 seconds 0.003435774240642786
sset_21_gloiZ_gTJaE_frame_00062120 pair 196 [13, 1] combined 0 players 0 retained 0 seconds 0.004714120179414749
sset_21_gloiZ_gTJaE_frame_00062120 pair 197 [13, 2] combined 0 players 0 retained 0 seconds 0.0054572089575231075
sset_21_gloiZ_gTJaE_frame_00062120 pair 211 [14, 1] combined 0 players 0 retained 0 seconds 0.0030340361408889294
sset_21_gloiZ_gTJaE_frame_00062120 pair 212 [14, 2] combined 0 players 0 retained 0 seconds 0.003845933359116316
sset_21_gloiZ_gTJaE_frame_00062120 pair 226 [15, 1] combined 0 players 0 retained 0 seconds 0.002932514064013958
sset_21_gloiZ_gTJaE_frame_00062120 pair 227 [15, 2] combined 0 players 0 retained 0 seconds 0.003698968328535557
[sset_21_gloiZ_gTJaE_frame_00062120] line-template: preparing rectangles
[sset_21_gloiZ_gTJaE_frame_00062120] measuring 256 parents (G0=0, G1=0, line_template=256; conflicting geometry groups=0)
[sset_21_gloiZ_gTJaE_frame_00062120] parents 250/256
[sset_21_gloiZ_gTJaE_frame_00062120] refitting 256 parents
[sset_21_gloiZ_gTJaE_frame_00062120] refits 250/256; valid children=204
{"view_id": "sset_21_gloiZ_gTJaE_frame_00062120", "chosen_key": null, "no_court_reason": "no_gated_court", "all_checks_equal": null, "error": null}
{"views": ["sset_21_gloiZ_gTJaE_frame_00062120"], "startup_seconds": 0.04413231601938605, "wall_seconds": 316.0907221469097, "peak_rss_mb": 466.06640625, "failed": []}
