decoded /scratch/cmarti/issue103_ad8da4f/external/shuttleset-sources/21 An_Se_Young_Ratchanok_Intanon_YONEX_Thailand_Open_2021_QuarterFinals.mp4 to frame 9603 in 59s
sset_21_gloiZ_gTJaE_frame_00009558 pair 0 [0, 1] combined 0 players 0 retained 0 seconds 0.03665034333243966
sset_21_gloiZ_gTJaE_frame_00009558 pair 1 [0, 2] combined 0 players 0 retained 0 seconds 0.037821865640580654
sset_21_gloiZ_gTJaE_frame_00009558 pair 5 [0, 6] combined 0 players 0 retained 0 seconds 0.03331882832571864
sset_21_gloiZ_gTJaE_frame_00009558 pair 7 [0, 8] combined 0 players 0 retained 0 seconds 0.03511758102104068
sset_21_gloiZ_gTJaE_frame_00009558 pair 9 [0, 10] combined 0 players 0 retained 0 seconds 0.03782468335703015
sset_21_gloiZ_gTJaE_frame_00009558 pair 10 [0, 11] combined 0 players 0 retained 0 seconds 0.03466086182743311
sset_21_gloiZ_gTJaE_frame_00009558 pair 15 [1, 0] combined 0 players 0 retained 0 seconds 0.022162736859172583
sset_21_gloiZ_gTJaE_frame_00009558 pair 17 [1, 3] combined 0 players 0 retained 0 seconds 0.009647454135119915
sset_21_gloiZ_gTJaE_frame_00009558 pair 18 [1, 4] combined 0 players 0 retained 0 seconds 0.009901104029268026
sset_21_gloiZ_gTJaE_frame_00009558 pair 20 [1, 6] combined 0 players 0 retained 0 seconds 0.00936227710917592
sset_21_gloiZ_gTJaE_frame_00009558 pair 22 [1, 8] combined 0 players 0 retained 0 seconds 0.011404658667743206
sset_21_gloiZ_gTJaE_frame_00009558 pair 23 [1, 9] combined 0 players 0 retained 0 seconds 0.009889076929539442
sset_21_gloiZ_gTJaE_frame_00009558 pair 26 [1, 12] combined 0 players 0 retained 0 seconds 0.010144125204533339
sset_21_gloiZ_gTJaE_frame_00009558 pair 29 [1, 15] combined 0 players 0 retained 0 seconds 0.009402413852512836
sset_21_gloiZ_gTJaE_frame_00009558 pair 30 [2, 0] combined 0 players 0 retained 0 seconds 0.025503744836896658
sset_21_gloiZ_gTJaE_frame_00009558 pair 32 [2, 3] combined 0 players 0 retained 0 seconds 0.013335874304175377
sset_21_gloiZ_gTJaE_frame_00009558 pair 33 [2, 4] combined 0 players 0 retained 0 seconds 0.012861838098615408
sset_21_gloiZ_gTJaE_frame_00009558 pair 35 [2, 6] combined 0 players 0 retained 0 seconds 0.01324365520849824
sset_21_gloiZ_gTJaE_frame_00009558 pair 36 [2, 7] combined 0 players 0 retained 0 seconds 0.01423470675945282
sset_21_gloiZ_gTJaE_frame_00009558 pair 37 [2, 8] combined 0 players 0 retained 0 seconds 0.014980011153966188
sset_21_gloiZ_gTJaE_frame_00009558 pair 38 [2, 9] combined 0 players 0 retained 0 seconds 0.013679089024662971
sset_21_gloiZ_gTJaE_frame_00009558 pair 41 [2, 12] combined 0 players 0 retained 0 seconds 0.013315913267433643
sset_21_gloiZ_gTJaE_frame_00009558 pair 44 [2, 15] combined 0 players 0 retained 0 seconds 0.013066580053418875
sset_21_gloiZ_gTJaE_frame_00009558 pair 46 [3, 1] combined 0 players 0 retained 0 seconds 0.006521531846374273
sset_21_gloiZ_gTJaE_frame_00009558 pair 47 [3, 2] combined 0 players 0 retained 0 seconds 0.008302314672619104
sset_21_gloiZ_gTJaE_frame_00009558 pair 49 [3, 5] combined 0 players 0 retained 0 seconds 0.004513276740908623
sset_21_gloiZ_gTJaE_frame_00009558 pair 54 [3, 10] combined 0 players 0 retained 0 seconds 0.00748308002948761
sset_21_gloiZ_gTJaE_frame_00009558 pair 55 [3, 11] combined 0 players 0 retained 0 seconds 0.0048149279318749905
sset_21_gloiZ_gTJaE_frame_00009558 pair 61 [4, 1] combined 0 players 0 retained 0 seconds 0.006207649130374193
sset_21_gloiZ_gTJaE_frame_00009558 pair 62 [4, 2] combined 0 players 0 retained 0 seconds 0.007618397939950228
sset_21_gloiZ_gTJaE_frame_00009558 pair 64 [4, 5] combined 0 players 0 retained 0 seconds 0.004252839833498001
sset_21_gloiZ_gTJaE_frame_00009558 pair 69 [4, 10] combined 0 players 0 retained 0 seconds 0.0073743597604334354
sset_21_gloiZ_gTJaE_frame_00009558 pair 70 [4, 11] combined 0 players 0 retained 0 seconds 0.004518003202974796
sset_21_gloiZ_gTJaE_frame_00009558 pair 78 [5, 3] combined 0 players 0 retained 0 seconds 0.004962156992405653
sset_21_gloiZ_gTJaE_frame_00009558 pair 79 [5, 4] combined 0 players 0 retained 0 seconds 0.004988478031009436
sset_21_gloiZ_gTJaE_frame_00009558 pair 80 [5, 6] combined 0 players 0 retained 0 seconds 0.005030603148043156
sset_21_gloiZ_gTJaE_frame_00009558 pair 82 [5, 8] combined 0 players 0 retained 0 seconds 0.006232455372810364
sset_21_gloiZ_gTJaE_frame_00009558 pair 83 [5, 9] combined 0 players 0 retained 0 seconds 0.00516339810565114
sset_21_gloiZ_gTJaE_frame_00009558 pair 86 [5, 12] combined 0 players 0 retained 0 seconds 0.005401495844125748
sset_21_gloiZ_gTJaE_frame_00009558 pair 89 [5, 15] combined 0 players 0 retained 0 seconds 0.0048621348105371
sset_21_gloiZ_gTJaE_frame_00009558 pair 90 [6, 0] combined 0 players 0 retained 0 seconds 0.016239293850958347
sset_21_gloiZ_gTJaE_frame_00009558 pair 91 [6, 1] combined 0 players 0 retained 0 seconds 0.006058836821466684
sset_21_gloiZ_gTJaE_frame_00009558 pair 92 [6, 2] combined 0 players 0 retained 0 seconds 0.007731769233942032
sset_21_gloiZ_gTJaE_frame_00009558 pair 95 [6, 5] combined 0 players 0 retained 0 seconds 0.004038019105792046
sset_21_gloiZ_gTJaE_frame_00009558 pair 96 [6, 7] combined 0 players 0 retained 0 seconds 0.004496531095355749
sset_21_gloiZ_gTJaE_frame_00009558 pair 99 [6, 10] combined 0 players 0 retained 0 seconds 0.007175967562943697
sset_21_gloiZ_gTJaE_frame_00009558 pair 107 [7, 2] combined 0 players 0 retained 0 seconds 0.009688093792647123
sset_21_gloiZ_gTJaE_frame_00009558 pair 111 [7, 6] combined 0 players 0 retained 0 seconds 0.005728278309106827
sset_21_gloiZ_gTJaE_frame_00009558 pair 112 [7, 8] combined 0 players 0 retained 0 seconds 0.0076332720927894115
sset_21_gloiZ_gTJaE_frame_00009558 pair 115 [7, 11] combined 0 players 0 retained 0 seconds 0.006705971900373697
sset_21_gloiZ_gTJaE_frame_00009558 pair 120 [8, 0] combined 0 players 0 retained 0 seconds 0.020641392096877098
sset_21_gloiZ_gTJaE_frame_00009558 pair 121 [8, 1] combined 0 players 0 retained 0 seconds 0.010838259011507034
sset_21_gloiZ_gTJaE_frame_00009558 pair 122 [8, 2] combined 0 players 0 retained 0 seconds 0.012197247706353664
sset_21_gloiZ_gTJaE_frame_00009558 pair 125 [8, 5] combined 0 players 0 retained 0 seconds 0.008551119826734066
sset_21_gloiZ_gTJaE_frame_00009558 pair 127 [8, 7] combined 0 players 0 retained 0 seconds 0.009069033898413181
sset_21_gloiZ_gTJaE_frame_00009558 pair 129 [8, 10] combined 0 players 0 retained 0 seconds 0.01198319997638464
sset_21_gloiZ_gTJaE_frame_00009558 pair 130 [8, 11] combined 0 players 0 retained 0 seconds 0.008944675792008638
sset_21_gloiZ_gTJaE_frame_00009558 pair 132 [8, 13] combined 0 players 0 retained 0 seconds 0.00854187086224556
sset_21_gloiZ_gTJaE_frame_00009558 pair 133 [8, 14] combined 0 players 0 retained 0 seconds 0.008086577989161015
sset_21_gloiZ_gTJaE_frame_00009558 pair 136 [9, 1] combined 0 players 0 retained 0 seconds 0.006872295867651701
sset_21_gloiZ_gTJaE_frame_00009558 pair 137 [9, 2] combined 0 players 0 retained 0 seconds 0.008683802094310522
sset_21_gloiZ_gTJaE_frame_00009558 pair 140 [9, 5] combined 0 players 0 retained 0 seconds 0.0049260761588811874
sset_21_gloiZ_gTJaE_frame_00009558 pair 144 [9, 10] combined 0 players 0 retained 0 seconds 0.007839676924049854
sset_21_gloiZ_gTJaE_frame_00009558 pair 145 [9, 11] combined 0 players 0 retained 0 seconds 0.005547576118260622
sset_21_gloiZ_gTJaE_frame_00009558 pair 150 [10, 0] combined 0 players 0 retained 0 seconds 0.02435435215011239
sset_21_gloiZ_gTJaE_frame_00009558 pair 153 [10, 3] combined 0 players 0 retained 0 seconds 0.012093754019588232
sset_21_gloiZ_gTJaE_frame_00009558 pair 154 [10, 4] combined 0 players 0 retained 0 seconds 0.012130320072174072
sset_21_gloiZ_gTJaE_frame_00009558 pair 156 [10, 6] combined 0 players 0 retained 0 seconds 0.011876283679157495
sset_21_gloiZ_gTJaE_frame_00009558 pair 158 [10, 8] combined 0 players 0 retained 0 seconds 0.014189974870532751
sset_21_gloiZ_gTJaE_frame_00009558 pair 159 [10, 9] combined 0 players 0 retained 0 seconds 0.01235235296189785
sset_21_gloiZ_gTJaE_frame_00009558 pair 161 [10, 12] combined 0 players 0 retained 0 seconds 0.012228365987539291
sset_21_gloiZ_gTJaE_frame_00009558 pair 164 [10, 15] combined 0 players 0 retained 0 seconds 0.011962600983679295
sset_21_gloiZ_gTJaE_frame_00009558 pair 165 [11, 0] combined 0 players 0 retained 0 seconds 0.01811277400702238
sset_21_gloiZ_gTJaE_frame_00009558 pair 168 [11, 3] combined 0 players 0 retained 0 seconds 0.00569909205660224
sset_21_gloiZ_gTJaE_frame_00009558 pair 169 [11, 4] combined 0 players 0 retained 0 seconds 0.00560498284175992
sset_21_gloiZ_gTJaE_frame_00009558 pair 172 [11, 7] combined 0 players 0 retained 0 seconds 0.0064137838780879974
sset_21_gloiZ_gTJaE_frame_00009558 pair 173 [11, 8] combined 0 players 0 retained 0 seconds 0.011261976789683104
sset_21_gloiZ_gTJaE_frame_00009558 pair 174 [11, 9] combined 0 players 0 retained 0 seconds 0.005981559865176678
sset_21_gloiZ_gTJaE_frame_00009558 pair 176 [11, 12] combined 0 players 0 retained 0 seconds 0.006074903067201376
sset_21_gloiZ_gTJaE_frame_00009558 pair 178 [11, 14] combined 0 players 0 retained 0 seconds 0.005489778239279985
sset_21_gloiZ_gTJaE_frame_00009558 pair 179 [11, 15] combined 0 players 0 retained 0 seconds 0.00551513722166419
sset_21_gloiZ_gTJaE_frame_00009558 pair 181 [12, 1] combined 0 players 0 retained 0 seconds 0.006826536264270544
sset_21_gloiZ_gTJaE_frame_00009558 pair 182 [12, 2] combined 0 players 0 retained 0 seconds 0.00864384463056922
sset_21_gloiZ_gTJaE_frame_00009558 pair 185 [12, 5] combined 0 players 0 retained 0 seconds 0.0050446693785488605
sset_21_gloiZ_gTJaE_frame_00009558 pair 190 [12, 10] combined 0 players 0 retained 0 seconds 0.00776178203523159
sset_21_gloiZ_gTJaE_frame_00009558 pair 191 [12, 11] combined 0 players 0 retained 0 seconds 0.005348872393369675
sset_21_gloiZ_gTJaE_frame_00009558 pair 203 [13, 8] combined 0 players 0 retained 0 seconds 0.006162973120808601
sset_21_gloiZ_gTJaE_frame_00009558 pair 218 [14, 8] combined 0 players 0 retained 0 seconds 0.005338300950825214
sset_21_gloiZ_gTJaE_frame_00009558 pair 221 [14, 11] combined 0 players 0 retained 0 seconds 0.0041761272586882114
sset_21_gloiZ_gTJaE_frame_00009558 pair 226 [15, 1] combined 0 players 0 retained 0 seconds 0.005874081049114466
sset_21_gloiZ_gTJaE_frame_00009558 pair 227 [15, 2] combined 0 players 0 retained 0 seconds 0.007350181229412556
sset_21_gloiZ_gTJaE_frame_00009558 pair 230 [15, 5] combined 0 players 0 retained 0 seconds 0.0038080732338130474
sset_21_gloiZ_gTJaE_frame_00009558 pair 235 [15, 10] combined 0 players 0 retained 0 seconds 0.006957006175071001
sset_21_gloiZ_gTJaE_frame_00009558 pair 236 [15, 11] combined 0 players 0 retained 0 seconds 0.004179077222943306
sset_21_gloiZ_gTJaE_frame_00009558 pair 0 [0, 1] combined 0 players 0 retained 0 seconds 0.007757377345114946
sset_21_gloiZ_gTJaE_frame_00009558 pair 1 [0, 2] combined 0 players 0 retained 0 seconds 0.007862158119678497
sset_21_gloiZ_gTJaE_frame_00009558 pair 5 [0, 6] combined 0 players 0 retained 0 seconds 0.0071719009429216385
sset_21_gloiZ_gTJaE_frame_00009558 pair 7 [0, 8] combined 0 players 0 retained 0 seconds 0.007910621352493763
sset_21_gloiZ_gTJaE_frame_00009558 pair 9 [0, 10] combined 0 players 0 retained 0 seconds 0.00799918407574296
sset_21_gloiZ_gTJaE_frame_00009558 pair 10 [0, 11] combined 0 players 0 retained 0 seconds 0.007189987227320671
sset_21_gloiZ_gTJaE_frame_00009558 pair 15 [1, 0] combined 0 players 0 retained 0 seconds 0.005148509982973337
sset_21_gloiZ_gTJaE_frame_00009558 pair 17 [1, 3] combined 0 players 0 retained 0 seconds 0.00329029792919755
sset_21_gloiZ_gTJaE_frame_00009558 pair 18 [1, 4] combined 0 players 0 retained 0 seconds 0.003145103808492422
sset_21_gloiZ_gTJaE_frame_00009558 pair 20 [1, 6] combined 0 players 0 retained 0 seconds 0.003046482801437378
sset_21_gloiZ_gTJaE_frame_00009558 pair 22 [1, 8] combined 0 players 0 retained 0 seconds 0.003375022206455469
sset_21_gloiZ_gTJaE_frame_00009558 pair 23 [1, 9] combined 0 players 0 retained 0 seconds 0.0029801656492054462
sset_21_gloiZ_gTJaE_frame_00009558 pair 26 [1, 12] combined 0 players 0 retained 0 seconds 0.0030477619729936123
sset_21_gloiZ_gTJaE_frame_00009558 pair 29 [1, 15] combined 0 players 0 retained 0 seconds 0.0030629318207502365
sset_21_gloiZ_gTJaE_frame_00009558 pair 30 [2, 0] combined 0 players 0 retained 0 seconds 0.005104635842144489
sset_21_gloiZ_gTJaE_frame_00009558 pair 32 [2, 3] combined 0 players 0 retained 0 seconds 0.002979767043143511
sset_21_gloiZ_gTJaE_frame_00009558 pair 33 [2, 4] combined 0 players 0 retained 0 seconds 0.002901569940149784
sset_21_gloiZ_gTJaE_frame_00009558 pair 35 [2, 6] combined 0 players 0 retained 0 seconds 0.0029630232602357864
sset_21_gloiZ_gTJaE_frame_00009558 pair 36 [2, 7] combined 0 players 0 retained 0 seconds 0.0031658299267292023
sset_21_gloiZ_gTJaE_frame_00009558 pair 37 [2, 8] combined 0 players 0 retained 0 seconds 0.003689196892082691
sset_21_gloiZ_gTJaE_frame_00009558 pair 38 [2, 9] combined 0 players 0 retained 0 seconds 0.003127613104879856
sset_21_gloiZ_gTJaE_frame_00009558 pair 41 [2, 12] combined 0 players 0 retained 0 seconds 0.0030200695618987083
sset_21_gloiZ_gTJaE_frame_00009558 pair 44 [2, 15] combined 0 players 0 retained 0 seconds 0.0029117120429873466
sset_21_gloiZ_gTJaE_frame_00009558 pair 46 [3, 1] combined 0 players 0 retained 0 seconds 0.002493665087968111
sset_21_gloiZ_gTJaE_frame_00009558 pair 47 [3, 2] combined 0 players 0 retained 0 seconds 0.0023966063745319843
sset_21_gloiZ_gTJaE_frame_00009558 pair 49 [3, 5] combined 0 players 0 retained 0 seconds 0.0024171918630599976
sset_21_gloiZ_gTJaE_frame_00009558 pair 54 [3, 10] combined 0 players 0 retained 0 seconds 0.0028892531991004944
sset_21_gloiZ_gTJaE_frame_00009558 pair 55 [3, 11] combined 0 players 0 retained 0 seconds 0.0023635090328752995
sset_21_gloiZ_gTJaE_frame_00009558 pair 61 [4, 1] combined 0 players 0 retained 0 seconds 0.0025789709761738777
sset_21_gloiZ_gTJaE_frame_00009558 pair 62 [4, 2] combined 0 players 0 retained 0 seconds 0.002433385234326124
sset_21_gloiZ_gTJaE_frame_00009558 pair 64 [4, 5] combined 0 players 0 retained 0 seconds 0.002110755071043968
sset_21_gloiZ_gTJaE_frame_00009558 pair 69 [4, 10] combined 0 players 0 retained 0 seconds 0.0025688963942229748
sset_21_gloiZ_gTJaE_frame_00009558 pair 70 [4, 11] combined 0 players 0 retained 0 seconds 0.0021647517569363117
sset_21_gloiZ_gTJaE_frame_00009558 pair 78 [5, 3] combined 0 players 0 retained 0 seconds 0.002607378177344799
sset_21_gloiZ_gTJaE_frame_00009558 pair 79 [5, 4] combined 0 players 0 retained 0 seconds 0.00247229915112257
sset_21_gloiZ_gTJaE_frame_00009558 pair 80 [5, 6] combined 0 players 0 retained 0 seconds 0.002431004773825407
sset_21_gloiZ_gTJaE_frame_00009558 pair 82 [5, 8] combined 0 players 0 retained 0 seconds 0.0027983770705759525
sset_21_gloiZ_gTJaE_frame_00009558 pair 83 [5, 9] combined 0 players 0 retained 0 seconds 0.002396802883595228
sset_21_gloiZ_gTJaE_frame_00009558 pair 86 [5, 12] combined 0 players 0 retained 0 seconds 0.0025225551798939705
sset_21_gloiZ_gTJaE_frame_00009558 pair 89 [5, 15] combined 0 players 0 retained 0 seconds 0.0023501021787524223
sset_21_gloiZ_gTJaE_frame_00009558 pair 90 [6, 0] combined 0 players 0 retained 0 seconds 0.004630537703633308
sset_21_gloiZ_gTJaE_frame_00009558 pair 91 [6, 1] combined 0 players 0 retained 0 seconds 0.002856070175766945
sset_21_gloiZ_gTJaE_frame_00009558 pair 92 [6, 2] combined 0 players 0 retained 0 seconds 0.002726648934185505
sset_21_gloiZ_gTJaE_frame_00009558 pair 95 [6, 5] combined 0 players 0 retained 0 seconds 0.0024913190864026546
sset_21_gloiZ_gTJaE_frame_00009558 pair 96 [6, 7] combined 0 players 0 retained 0 seconds 0.0025503970682621002
sset_21_gloiZ_gTJaE_frame_00009558 pair 99 [6, 10] combined 0 players 0 retained 0 seconds 0.00278147729113698
sset_21_gloiZ_gTJaE_frame_00009558 pair 107 [7, 2] combined 0 players 0 retained 0 seconds 0.003214315976947546
sset_21_gloiZ_gTJaE_frame_00009558 pair 111 [7, 6] combined 0 players 0 retained 0 seconds 0.0029571950435638428
sset_21_gloiZ_gTJaE_frame_00009558 pair 112 [7, 8] combined 0 players 0 retained 0 seconds 0.0035131890326738358
sset_21_gloiZ_gTJaE_frame_00009558 pair 115 [7, 11] combined 0 players 0 retained 0 seconds 0.0027436469681560993
sset_21_gloiZ_gTJaE_frame_00009558 pair 120 [8, 0] combined 0 players 0 retained 0 seconds 0.005614725407212973
sset_21_gloiZ_gTJaE_frame_00009558 pair 121 [8, 1] combined 0 players 0 retained 0 seconds 0.003877735696732998
sset_21_gloiZ_gTJaE_frame_00009558 pair 122 [8, 2] combined 0 players 0 retained 0 seconds 0.0040341089479625225
sset_21_gloiZ_gTJaE_frame_00009558 pair 125 [8, 5] combined 0 players 0 retained 0 seconds 0.0037127393297851086
sset_21_gloiZ_gTJaE_frame_00009558 pair 127 [8, 7] combined 0 players 0 retained 0 seconds 0.003647100180387497
sset_21_gloiZ_gTJaE_frame_00009558 pair 129 [8, 10] combined 0 players 0 retained 0 seconds 0.003970439080148935
sset_21_gloiZ_gTJaE_frame_00009558 pair 130 [8, 11] combined 0 players 0 retained 0 seconds 0.0035189338959753513
sset_21_gloiZ_gTJaE_frame_00009558 pair 132 [8, 13] combined 0 players 0 retained 0 seconds 0.0037860022857785225
sset_21_gloiZ_gTJaE_frame_00009558 pair 133 [8, 14] combined 0 players 0 retained 0 seconds 0.003602494951337576
sset_21_gloiZ_gTJaE_frame_00009558 pair 136 [9, 1] combined 0 players 0 retained 0 seconds 0.0027645998634397984
sset_21_gloiZ_gTJaE_frame_00009558 pair 137 [9, 2] combined 0 players 0 retained 0 seconds 0.0026946961879730225
sset_21_gloiZ_gTJaE_frame_00009558 pair 140 [9, 5] combined 0 players 0 retained 0 seconds 0.002407764084637165
sset_21_gloiZ_gTJaE_frame_00009558 pair 144 [9, 10] combined 0 players 0 retained 0 seconds 0.002774757333099842
sset_21_gloiZ_gTJaE_frame_00009558 pair 145 [9, 11] combined 0 players 0 retained 0 seconds 0.002348642796278
sset_21_gloiZ_gTJaE_frame_00009558 pair 150 [10, 0] combined 0 players 0 retained 0 seconds 0.00576848303899169
sset_21_gloiZ_gTJaE_frame_00009558 pair 153 [10, 3] combined 0 players 0 retained 0 seconds 0.003337036818265915
sset_21_gloiZ_gTJaE_frame_00009558 pair 154 [10, 4] combined 0 players 0 retained 0 seconds 0.0032510291785001755
sset_21_gloiZ_gTJaE_frame_00009558 pair 156 [10, 6] combined 0 players 0 retained 0 seconds 0.0034247362054884434
sset_21_gloiZ_gTJaE_frame_00009558 pair 158 [10, 8] combined 0 players 0 retained 0 seconds 0.003852125257253647
sset_21_gloiZ_gTJaE_frame_00009558 pair 159 [10, 9] combined 0 players 0 retained 0 seconds 0.003561875317245722
sset_21_gloiZ_gTJaE_frame_00009558 pair 161 [10, 12] combined 0 players 0 retained 0 seconds 0.0034472569823265076
sset_21_gloiZ_gTJaE_frame_00009558 pair 164 [10, 15] combined 0 players 0 retained 0 seconds 0.0032182210125029087
sset_21_gloiZ_gTJaE_frame_00009558 pair 165 [11, 0] combined 0 players 0 retained 0 seconds 0.004454843234270811
sset_21_gloiZ_gTJaE_frame_00009558 pair 168 [11, 3] combined 0 players 0 retained 0 seconds 0.002149817068129778
sset_21_gloiZ_gTJaE_frame_00009558 pair 169 [11, 4] combined 0 players 0 retained 0 seconds 0.002042656298726797
sset_21_gloiZ_gTJaE_frame_00009558 pair 172 [11, 7] combined 0 players 0 retained 0 seconds 0.0026702922768890858
sset_21_gloiZ_gTJaE_frame_00009558 pair 173 [11, 8] combined 0 players 0 retained 0 seconds 0.0027733221650123596
sset_21_gloiZ_gTJaE_frame_00009558 pair 174 [11, 9] combined 0 players 0 retained 0 seconds 0.002248393837362528
sset_21_gloiZ_gTJaE_frame_00009558 pair 176 [11, 12] combined 0 players 0 retained 0 seconds 0.0023187450133264065
sset_21_gloiZ_gTJaE_frame_00009558 pair 178 [11, 14] combined 0 players 0 retained 0 seconds 0.002117116004228592
sset_21_gloiZ_gTJaE_frame_00009558 pair 179 [11, 15] combined 0 players 0 retained 0 seconds 0.0021051540970802307
sset_21_gloiZ_gTJaE_frame_00009558 pair 181 [12, 1] combined 0 players 0 retained 0 seconds 0.0027954811230301857
sset_21_gloiZ_gTJaE_frame_00009558 pair 182 [12, 2] combined 0 players 0 retained 0 seconds 0.0028036171570420265
sset_21_gloiZ_gTJaE_frame_00009558 pair 185 [12, 5] combined 0 players 0 retained 0 seconds 0.0027631507255136967
sset_21_gloiZ_gTJaE_frame_00009558 pair 190 [12, 10] combined 0 players 0 retained 0 seconds 0.0031398609280586243
sset_21_gloiZ_gTJaE_frame_00009558 pair 191 [12, 11] combined 0 players 0 retained 0 seconds 0.002448379062116146
sset_21_gloiZ_gTJaE_frame_00009558 pair 203 [13, 8] combined 0 players 0 retained 0 seconds 0.0027309702709317207
sset_21_gloiZ_gTJaE_frame_00009558 pair 218 [14, 8] combined 0 players 0 retained 0 seconds 0.00275711202993989
sset_21_gloiZ_gTJaE_frame_00009558 pair 221 [14, 11] combined 0 players 0 retained 0 seconds 0.0022160061635077
sset_21_gloiZ_gTJaE_frame_00009558 pair 226 [15, 1] combined 0 players 0 retained 0 seconds 0.002633033785969019
sset_21_gloiZ_gTJaE_frame_00009558 pair 227 [15, 2] combined 0 players 0 retained 0 seconds 0.002530275844037533
sset_21_gloiZ_gTJaE_frame_00009558 pair 230 [15, 5] combined 0 players 0 retained 0 seconds 0.002261125948280096
sset_21_gloiZ_gTJaE_frame_00009558 pair 235 [15, 10] combined 0 players 0 retained 0 seconds 0.0026547289453446865
sset_21_gloiZ_gTJaE_frame_00009558 pair 236 [15, 11] combined 0 players 0 retained 0 seconds 0.0021124323830008507
[sset_21_gloiZ_gTJaE_frame_00009558] line-template: preparing rectangles
[sset_21_gloiZ_gTJaE_frame_00009558] measuring 256 parents (G0=0, G1=0, line_template=256; conflicting geometry groups=0)
[sset_21_gloiZ_gTJaE_frame_00009558] parents 250/256
[sset_21_gloiZ_gTJaE_frame_00009558] refitting 256 parents
[sset_21_gloiZ_gTJaE_frame_00009558] refits 250/256; valid children=208
{"view_id": "sset_21_gloiZ_gTJaE_frame_00009558", "chosen_key": null, "no_court_reason": "no_gated_court", "all_checks_equal": null, "error": null}
{"views": ["sset_21_gloiZ_gTJaE_frame_00009558"], "startup_seconds": 0.029010208323597908, "wall_seconds": 110.53671516198665, "peak_rss_mb": 478.16796875, "failed": []}
