decoded /scratch/cmarti/issue103_ad8da4f/external/shuttleset-sources/21 An_Se_Young_Ratchanok_Intanon_YONEX_Thailand_Open_2021_QuarterFinals.mp4 to frame 90835 in 401s
sset_21_gloiZ_gTJaE_frame_00090790 pair 1 [0, 2] combined 0 players 0 retained 0 seconds 0.0033255741000175476
sset_21_gloiZ_gTJaE_frame_00090790 pair 2 [0, 3] combined 0 players 0 retained 0 seconds 0.0029905219562351704
sset_21_gloiZ_gTJaE_frame_00090790 pair 8 [0, 9] combined 0 players 0 retained 0 seconds 0.0025845258496701717
sset_21_gloiZ_gTJaE_frame_00090790 pair 9 [0, 10] combined 0 players 0 retained 0 seconds 0.0025744796730577946
sset_21_gloiZ_gTJaE_frame_00090790 pair 16 [1, 2] combined 0 players 0 retained 0 seconds 0.0030009872280061245
sset_21_gloiZ_gTJaE_frame_00090790 pair 17 [1, 3] combined 0 players 0 retained 0 seconds 0.003000645898282528
sset_21_gloiZ_gTJaE_frame_00090790 pair 23 [1, 9] combined 0 players 0 retained 0 seconds 0.0026673339307308197
sset_21_gloiZ_gTJaE_frame_00090790 pair 26 [1, 12] combined 0 players 0 retained 0 seconds 0.0027382569387555122
sset_21_gloiZ_gTJaE_frame_00090790 pair 28 [1, 14] combined 0 players 0 retained 0 seconds 0.002737550064921379
sset_21_gloiZ_gTJaE_frame_00090790 pair 30 [2, 0] combined 0 players 0 retained 0 seconds 0.0027176826260983944
sset_21_gloiZ_gTJaE_frame_00090790 pair 31 [2, 1] combined 0 players 0 retained 0 seconds 0.0028041102923452854
sset_21_gloiZ_gTJaE_frame_00090790 pair 33 [2, 4] combined 0 players 0 retained 0 seconds 0.002364404033869505
sset_21_gloiZ_gTJaE_frame_00090790 pair 34 [2, 5] combined 0 players 0 retained 0 seconds 0.0024312688037753105
sset_21_gloiZ_gTJaE_frame_00090790 pair 35 [2, 6] combined 0 players 0 retained 0 seconds 0.0023565352894365788
sset_21_gloiZ_gTJaE_frame_00090790 pair 36 [2, 7] combined 0 players 0 retained 0 seconds 0.002608221024274826
sset_21_gloiZ_gTJaE_frame_00090790 pair 37 [2, 8] combined 0 players 0 retained 0 seconds 0.0028411168605089188
sset_21_gloiZ_gTJaE_frame_00090790 pair 39 [2, 10] combined 0 players 0 retained 0 seconds 0.002379335928708315
sset_21_gloiZ_gTJaE_frame_00090790 pair 40 [2, 11] combined 0 players 0 retained 0 seconds 0.0023546977899968624
sset_21_gloiZ_gTJaE_frame_00090790 pair 44 [2, 15] combined 0 players 0 retained 0 seconds 0.002428589854389429
sset_21_gloiZ_gTJaE_frame_00090790 pair 45 [3, 0] combined 0 players 0 retained 0 seconds 0.0028375769034028053
sset_21_gloiZ_gTJaE_frame_00090790 pair 46 [3, 1] combined 0 players 0 retained 0 seconds 0.0029632910154759884
sset_21_gloiZ_gTJaE_frame_00090790 pair 48 [3, 4] combined 0 players 0 retained 0 seconds 0.00261955289170146
sset_21_gloiZ_gTJaE_frame_00090790 pair 49 [3, 5] combined 0 players 0 retained 0 seconds 0.002604968845844269
sset_21_gloiZ_gTJaE_frame_00090790 pair 50 [3, 6] combined 0 players 0 retained 0 seconds 0.0025457385927438736
sset_21_gloiZ_gTJaE_frame_00090790 pair 51 [3, 7] combined 0 players 0 retained 0 seconds 0.002723079174757004
sset_21_gloiZ_gTJaE_frame_00090790 pair 52 [3, 8] combined 0 players 0 retained 0 seconds 0.002859327010810375
sset_21_gloiZ_gTJaE_frame_00090790 pair 54 [3, 10] combined 0 players 0 retained 0 seconds 0.002591171767562628
sset_21_gloiZ_gTJaE_frame_00090790 pair 55 [3, 11] combined 0 players 0 retained 0 seconds 0.0025967368856072426
sset_21_gloiZ_gTJaE_frame_00090790 pair 59 [3, 15] combined 0 players 0 retained 0 seconds 0.0026570232585072517
sset_21_gloiZ_gTJaE_frame_00090790 pair 62 [4, 2] combined 0 players 0 retained 0 seconds 0.002109317108988762
sset_21_gloiZ_gTJaE_frame_00090790 pair 63 [4, 3] combined 0 players 0 retained 0 seconds 0.002142936922609806
sset_21_gloiZ_gTJaE_frame_00090790 pair 77 [5, 2] combined 0 players 0 retained 0 seconds 0.002149485982954502
sset_21_gloiZ_gTJaE_frame_00090790 pair 78 [5, 3] combined 0 players 0 retained 0 seconds 0.002153115812689066
sset_21_gloiZ_gTJaE_frame_00090790 pair 83 [5, 9] combined 0 players 0 retained 0 seconds 0.0019217822700738907
sset_21_gloiZ_gTJaE_frame_00090790 pair 92 [6, 2] combined 0 players 0 retained 0 seconds 0.001952718012034893
sset_21_gloiZ_gTJaE_frame_00090790 pair 93 [6, 3] combined 0 players 0 retained 0 seconds 0.0021558566950261593
sset_21_gloiZ_gTJaE_frame_00090790 pair 98 [6, 9] combined 0 players 0 retained 0 seconds 0.001790858805179596
sset_21_gloiZ_gTJaE_frame_00090790 pair 101 [6, 12] combined 0 players 0 retained 0 seconds 0.001599795650690794
sset_21_gloiZ_gTJaE_frame_00090790 pair 103 [6, 14] combined 0 players 0 retained 0 seconds 0.0018274360336363316
sset_21_gloiZ_gTJaE_frame_00090790 pair 107 [7, 2] combined 0 players 0 retained 0 seconds 0.00247895997017622
sset_21_gloiZ_gTJaE_frame_00090790 pair 108 [7, 3] combined 0 players 0 retained 0 seconds 0.0025524250231683254
sset_21_gloiZ_gTJaE_frame_00090790 pair 113 [7, 9] combined 0 players 0 retained 0 seconds 0.002340912353247404
sset_21_gloiZ_gTJaE_frame_00090790 pair 122 [8, 2] combined 0 players 0 retained 0 seconds 0.002988212276250124
sset_21_gloiZ_gTJaE_frame_00090790 pair 123 [8, 3] combined 0 players 0 retained 0 seconds 0.002935654018074274
sset_21_gloiZ_gTJaE_frame_00090790 pair 128 [8, 9] combined 0 players 0 retained 0 seconds 0.0026940549723803997
sset_21_gloiZ_gTJaE_frame_00090790 pair 133 [8, 14] combined 0 players 0 retained 0 seconds 0.0029095630161464214
sset_21_gloiZ_gTJaE_frame_00090790 pair 135 [9, 0] combined 0 players 0 retained 0 seconds 0.0023754839785397053
sset_21_gloiZ_gTJaE_frame_00090790 pair 136 [9, 1] combined 0 players 0 retained 0 seconds 0.002491672057658434
sset_21_gloiZ_gTJaE_frame_00090790 pair 140 [9, 5] combined 0 players 0 retained 0 seconds 0.0022352850064635277
sset_21_gloiZ_gTJaE_frame_00090790 pair 141 [9, 6] combined 0 players 0 retained 0 seconds 0.0020698211155831814
sset_21_gloiZ_gTJaE_frame_00090790 pair 142 [9, 7] combined 0 players 0 retained 0 seconds 0.002266409806907177
sset_21_gloiZ_gTJaE_frame_00090790 pair 143 [9, 8] combined 0 players 0 retained 0 seconds 0.0025512250140309334
sset_21_gloiZ_gTJaE_frame_00090790 pair 144 [9, 10] combined 0 players 0 retained 0 seconds 0.002132144756615162
sset_21_gloiZ_gTJaE_frame_00090790 pair 145 [9, 11] combined 0 players 0 retained 0 seconds 0.002259823027998209
sset_21_gloiZ_gTJaE_frame_00090790 pair 149 [9, 15] combined 0 players 0 retained 0 seconds 0.0021867770701646805
sset_21_gloiZ_gTJaE_frame_00090790 pair 150 [10, 0] combined 0 players 0 retained 0 seconds 0.0022854399867355824
sset_21_gloiZ_gTJaE_frame_00090790 pair 152 [10, 2] combined 0 players 0 retained 0 seconds 0.0021812058985233307
sset_21_gloiZ_gTJaE_frame_00090790 pair 153 [10, 3] combined 0 players 0 retained 0 seconds 0.0021830671466886997
sset_21_gloiZ_gTJaE_frame_00090790 pair 159 [10, 9] combined 0 players 0 retained 0 seconds 0.0019463789649307728
sset_21_gloiZ_gTJaE_frame_00090790 pair 161 [10, 12] combined 0 players 0 retained 0 seconds 0.0017665037885308266
sset_21_gloiZ_gTJaE_frame_00090790 pair 162 [10, 13] combined 0 players 0 retained 0 seconds 0.0017260052263736725
sset_21_gloiZ_gTJaE_frame_00090790 pair 163 [10, 14] combined 0 players 0 retained 0 seconds 0.0019922968931496143
sset_21_gloiZ_gTJaE_frame_00090790 pair 167 [11, 2] combined 0 players 0 retained 0 seconds 0.002310004085302353
sset_21_gloiZ_gTJaE_frame_00090790 pair 168 [11, 3] combined 0 players 0 retained 0 seconds 0.002245246898382902
sset_21_gloiZ_gTJaE_frame_00090790 pair 174 [11, 9] combined 0 players 0 retained 0 seconds 0.0020595393143594265
sset_21_gloiZ_gTJaE_frame_00090790 pair 181 [12, 1] combined 0 players 0 retained 0 seconds 0.0021243030205368996
sset_21_gloiZ_gTJaE_frame_00090790 pair 186 [12, 6] combined 0 players 0 retained 0 seconds 0.001627722755074501
sset_21_gloiZ_gTJaE_frame_00090790 pair 190 [12, 10] combined 0 players 0 retained 0 seconds 0.001598623115569353
sset_21_gloiZ_gTJaE_frame_00090790 pair 205 [13, 10] combined 0 players 0 retained 0 seconds 0.001646955031901598
sset_21_gloiZ_gTJaE_frame_00090790 pair 211 [14, 1] combined 0 players 0 retained 0 seconds 0.0025213761255145073
sset_21_gloiZ_gTJaE_frame_00090790 pair 216 [14, 6] combined 0 players 0 retained 0 seconds 0.0021475800313055515
sset_21_gloiZ_gTJaE_frame_00090790 pair 218 [14, 8] combined 0 players 0 retained 0 seconds 0.002624628134071827
sset_21_gloiZ_gTJaE_frame_00090790 pair 220 [14, 10] combined 0 players 0 retained 0 seconds 0.002304809633642435
sset_21_gloiZ_gTJaE_frame_00090790 pair 227 [15, 2] combined 0 players 0 retained 0 seconds 0.0023094238713383675
sset_21_gloiZ_gTJaE_frame_00090790 pair 228 [15, 3] combined 0 players 0 retained 0 seconds 0.0024384958669543266
sset_21_gloiZ_gTJaE_frame_00090790 pair 234 [15, 9] combined 0 players 0 retained 0 seconds 0.0020893127657473087
sset_21_gloiZ_gTJaE_frame_00090790 pair 1 [0, 2] combined 0 players 0 retained 0 seconds 0.0012799352407455444
sset_21_gloiZ_gTJaE_frame_00090790 pair 2 [0, 3] combined 0 players 0 retained 0 seconds 0.001057249028235674
sset_21_gloiZ_gTJaE_frame_00090790 pair 8 [0, 9] combined 0 players 0 retained 0 seconds 0.0010276897810399532
sset_21_gloiZ_gTJaE_frame_00090790 pair 9 [0, 10] combined 0 players 0 retained 0 seconds 0.001004546880722046
sset_21_gloiZ_gTJaE_frame_00090790 pair 16 [1, 2] combined 0 players 0 retained 0 seconds 0.0011297557502985
sset_21_gloiZ_gTJaE_frame_00090790 pair 17 [1, 3] combined 0 players 0 retained 0 seconds 0.0010544578544795513
sset_21_gloiZ_gTJaE_frame_00090790 pair 23 [1, 9] combined 0 players 0 retained 0 seconds 0.0011340430937707424
sset_21_gloiZ_gTJaE_frame_00090790 pair 26 [1, 12] combined 0 players 0 retained 0 seconds 0.001132468692958355
sset_21_gloiZ_gTJaE_frame_00090790 pair 28 [1, 14] combined 0 players 0 retained 0 seconds 0.0010958448983728886
sset_21_gloiZ_gTJaE_frame_00090790 pair 30 [2, 0] combined 0 players 0 retained 0 seconds 0.0011108648031949997
sset_21_gloiZ_gTJaE_frame_00090790 pair 31 [2, 1] combined 0 players 0 retained 0 seconds 0.0010380991734564304
sset_21_gloiZ_gTJaE_frame_00090790 pair 33 [2, 4] combined 0 players 0 retained 0 seconds 0.0010958821512758732
sset_21_gloiZ_gTJaE_frame_00090790 pair 34 [2, 5] combined 0 players 0 retained 0 seconds 0.0010516834445297718
sset_21_gloiZ_gTJaE_frame_00090790 pair 35 [2, 6] combined 0 players 0 retained 0 seconds 0.0010523716919124126
sset_21_gloiZ_gTJaE_frame_00090790 pair 36 [2, 7] combined 0 players 0 retained 0 seconds 0.0010872730053961277
sset_21_gloiZ_gTJaE_frame_00090790 pair 37 [2, 8] combined 0 players 0 retained 0 seconds 0.0011779321357607841
sset_21_gloiZ_gTJaE_frame_00090790 pair 39 [2, 10] combined 0 players 0 retained 0 seconds 0.001035790890455246
sset_21_gloiZ_gTJaE_frame_00090790 pair 40 [2, 11] combined 0 players 0 retained 0 seconds 0.0010158931836485863
sset_21_gloiZ_gTJaE_frame_00090790 pair 44 [2, 15] combined 0 players 0 retained 0 seconds 0.001032970380038023
sset_21_gloiZ_gTJaE_frame_00090790 pair 45 [3, 0] combined 0 players 0 retained 0 seconds 0.001026947982609272
sset_21_gloiZ_gTJaE_frame_00090790 pair 46 [3, 1] combined 0 players 0 retained 0 seconds 0.0010067331604659557
sset_21_gloiZ_gTJaE_frame_00090790 pair 48 [3, 4] combined 0 players 0 retained 0 seconds 0.0024531930685043335
sset_21_gloiZ_gTJaE_frame_00090790 pair 49 [3, 5] combined 0 players 0 retained 0 seconds 0.0010620090179145336
sset_21_gloiZ_gTJaE_frame_00090790 pair 50 [3, 6] combined 0 players 0 retained 0 seconds 0.0009964932687580585
sset_21_gloiZ_gTJaE_frame_00090790 pair 51 [3, 7] combined 0 players 0 retained 0 seconds 0.001042432151734829
sset_21_gloiZ_gTJaE_frame_00090790 pair 52 [3, 8] combined 0 players 0 retained 0 seconds 0.0010331119410693645
sset_21_gloiZ_gTJaE_frame_00090790 pair 54 [3, 10] combined 0 players 0 retained 0 seconds 0.0010707899928092957
sset_21_gloiZ_gTJaE_frame_00090790 pair 55 [3, 11] combined 0 players 0 retained 0 seconds 0.0010742130689322948
sset_21_gloiZ_gTJaE_frame_00090790 pair 59 [3, 15] combined 0 players 0 retained 0 seconds 0.00108270812779665
sset_21_gloiZ_gTJaE_frame_00090790 pair 62 [4, 2] combined 0 players 0 retained 0 seconds 0.0011090938933193684
sset_21_gloiZ_gTJaE_frame_00090790 pair 63 [4, 3] combined 0 players 0 retained 0 seconds 0.0010752808302640915
sset_21_gloiZ_gTJaE_frame_00090790 pair 77 [5, 2] combined 0 players 0 retained 0 seconds 0.0010590050369501114
sset_21_gloiZ_gTJaE_frame_00090790 pair 78 [5, 3] combined 0 players 0 retained 0 seconds 0.0010537379421293736
sset_21_gloiZ_gTJaE_frame_00090790 pair 83 [5, 9] combined 0 players 0 retained 0 seconds 0.0010042181238532066
sset_21_gloiZ_gTJaE_frame_00090790 pair 92 [6, 2] combined 0 players 0 retained 0 seconds 0.0010472261346876621
sset_21_gloiZ_gTJaE_frame_00090790 pair 93 [6, 3] combined 0 players 0 retained 0 seconds 0.0010338900610804558
sset_21_gloiZ_gTJaE_frame_00090790 pair 98 [6, 9] combined 0 players 0 retained 0 seconds 0.0010259407572448254
sset_21_gloiZ_gTJaE_frame_00090790 pair 101 [6, 12] combined 0 players 0 retained 0 seconds 0.001009427011013031
sset_21_gloiZ_gTJaE_frame_00090790 pair 103 [6, 14] combined 0 players 0 retained 0 seconds 0.0010510198771953583
sset_21_gloiZ_gTJaE_frame_00090790 pair 107 [7, 2] combined 0 players 0 retained 0 seconds 0.0010619908571243286
sset_21_gloiZ_gTJaE_frame_00090790 pair 108 [7, 3] combined 0 players 0 retained 0 seconds 0.0010261768475174904
sset_21_gloiZ_gTJaE_frame_00090790 pair 113 [7, 9] combined 0 players 0 retained 0 seconds 0.0010403171181678772
sset_21_gloiZ_gTJaE_frame_00090790 pair 122 [8, 2] combined 0 players 0 retained 0 seconds 0.0010772589594125748
sset_21_gloiZ_gTJaE_frame_00090790 pair 123 [8, 3] combined 0 players 0 retained 0 seconds 0.001135585829615593
sset_21_gloiZ_gTJaE_frame_00090790 pair 128 [8, 9] combined 0 players 0 retained 0 seconds 0.0010907789692282677
sset_21_gloiZ_gTJaE_frame_00090790 pair 133 [8, 14] combined 0 players 0 retained 0 seconds 0.0010818797163665295
sset_21_gloiZ_gTJaE_frame_00090790 pair 135 [9, 0] combined 0 players 0 retained 0 seconds 0.0010680402629077435
sset_21_gloiZ_gTJaE_frame_00090790 pair 136 [9, 1] combined 0 players 0 retained 0 seconds 0.001043757889419794
sset_21_gloiZ_gTJaE_frame_00090790 pair 140 [9, 5] combined 0 players 0 retained 0 seconds 0.0010840687900781631
sset_21_gloiZ_gTJaE_frame_00090790 pair 141 [9, 6] combined 0 players 0 retained 0 seconds 0.0010909889824688435
sset_21_gloiZ_gTJaE_frame_00090790 pair 142 [9, 7] combined 0 players 0 retained 0 seconds 0.0009736921638250351
sset_21_gloiZ_gTJaE_frame_00090790 pair 143 [9, 8] combined 0 players 0 retained 0 seconds 0.0009483820758759975
sset_21_gloiZ_gTJaE_frame_00090790 pair 144 [9, 10] combined 0 players 0 retained 0 seconds 0.0008980878628790379
sset_21_gloiZ_gTJaE_frame_00090790 pair 145 [9, 11] combined 0 players 0 retained 0 seconds 0.0008980580605566502
sset_21_gloiZ_gTJaE_frame_00090790 pair 149 [9, 15] combined 0 players 0 retained 0 seconds 0.0009372481144964695
sset_21_gloiZ_gTJaE_frame_00090790 pair 150 [10, 0] combined 0 players 0 retained 0 seconds 0.0009690998122096062
sset_21_gloiZ_gTJaE_frame_00090790 pair 152 [10, 2] combined 0 players 0 retained 0 seconds 0.0009753708727657795
sset_21_gloiZ_gTJaE_frame_00090790 pair 153 [10, 3] combined 0 players 0 retained 0 seconds 0.000948925968259573
sset_21_gloiZ_gTJaE_frame_00090790 pair 159 [10, 9] combined 0 players 0 retained 0 seconds 0.0009526461362838745
sset_21_gloiZ_gTJaE_frame_00090790 pair 161 [10, 12] combined 0 players 0 retained 0 seconds 0.0009630569256842136
sset_21_gloiZ_gTJaE_frame_00090790 pair 162 [10, 13] combined 0 players 0 retained 0 seconds 0.0009600352495908737
sset_21_gloiZ_gTJaE_frame_00090790 pair 163 [10, 14] combined 0 players 0 retained 0 seconds 0.0010237041860818863
sset_21_gloiZ_gTJaE_frame_00090790 pair 167 [11, 2] combined 0 players 0 retained 0 seconds 0.0010033738799393177
sset_21_gloiZ_gTJaE_frame_00090790 pair 168 [11, 3] combined 0 players 0 retained 0 seconds 0.000983336940407753
sset_21_gloiZ_gTJaE_frame_00090790 pair 174 [11, 9] combined 0 players 0 retained 0 seconds 0.0010063471272587776
sset_21_gloiZ_gTJaE_frame_00090790 pair 181 [12, 1] combined 0 players 0 retained 0 seconds 0.0011207093484699726
sset_21_gloiZ_gTJaE_frame_00090790 pair 186 [12, 6] combined 0 players 0 retained 0 seconds 0.0010432200506329536
sset_21_gloiZ_gTJaE_frame_00090790 pair 190 [12, 10] combined 0 players 0 retained 0 seconds 0.0009697540663182735
sset_21_gloiZ_gTJaE_frame_00090790 pair 205 [13, 10] combined 0 players 0 retained 0 seconds 0.0009901751764118671
sset_21_gloiZ_gTJaE_frame_00090790 pair 211 [14, 1] combined 0 players 0 retained 0 seconds 0.0010935892350971699
sset_21_gloiZ_gTJaE_frame_00090790 pair 216 [14, 6] combined 0 players 0 retained 0 seconds 0.001077387947589159
sset_21_gloiZ_gTJaE_frame_00090790 pair 218 [14, 8] combined 0 players 0 retained 0 seconds 0.0010453960858285427
sset_21_gloiZ_gTJaE_frame_00090790 pair 220 [14, 10] combined 0 players 0 retained 0 seconds 0.0010141991078853607
sset_21_gloiZ_gTJaE_frame_00090790 pair 227 [15, 2] combined 0 players 0 retained 0 seconds 0.0010548429563641548
sset_21_gloiZ_gTJaE_frame_00090790 pair 228 [15, 3] combined 0 players 0 retained 0 seconds 0.0010096780024468899
sset_21_gloiZ_gTJaE_frame_00090790 pair 234 [15, 9] combined 0 players 0 retained 0 seconds 0.0010305820032954216
[sset_21_gloiZ_gTJaE_frame_00090790] line-template: preparing rectangles
[sset_21_gloiZ_gTJaE_frame_00090790] measuring 256 parents (G0=0, G1=0, line_template=256; conflicting geometry groups=0)
[sset_21_gloiZ_gTJaE_frame_00090790] parents 250/256
[sset_21_gloiZ_gTJaE_frame_00090790] refitting 256 parents
[sset_21_gloiZ_gTJaE_frame_00090790] refits 250/256; valid children=56
{"view_id": "sset_21_gloiZ_gTJaE_frame_00090790", "chosen_key": null, "no_court_reason": "no_gated_court", "all_checks_equal": null, "error": null}
{"views": ["sset_21_gloiZ_gTJaE_frame_00090790"], "startup_seconds": 0.03703241888433695, "wall_seconds": 421.3154540597461, "peak_rss_mb": 447.2578125, "failed": []}
