decoded /scratch/cmarti/issue103_ad8da4f/external/shuttleset-sources/21 An_Se_Young_Ratchanok_Intanon_YONEX_Thailand_Open_2021_QuarterFinals.mp4 to frame 345 in 2s
sset_21_gloiZ_gTJaE_frame_00000300 pair 0 [0, 1] combined 0 players 0 retained 0 seconds 0.17115939687937498
sset_21_gloiZ_gTJaE_frame_00000300 pair 1 [0, 2] combined 0 players 0 retained 0 seconds 0.1641959031112492
sset_21_gloiZ_gTJaE_frame_00000300 pair 3 [0, 4] combined 0 players 0 retained 0 seconds 0.15311447205021977
sset_21_gloiZ_gTJaE_frame_00000300 pair 4 [0, 5] combined 0 players 0 retained 0 seconds 0.1545291538350284
sset_21_gloiZ_gTJaE_frame_00000300 pair 5 [0, 6] combined 0 players 0 retained 0 seconds 0.1582019771449268
sset_21_gloiZ_gTJaE_frame_00000300 pair 6 [0, 7] combined 0 players 0 retained 0 seconds 0.15250046411529183
sset_21_gloiZ_gTJaE_frame_00000300 pair 8 [0, 9] combined 0 players 0 retained 0 seconds 0.14873559586703777
sset_21_gloiZ_gTJaE_frame_00000300 pair 10 [0, 11] combined 0 players 0 retained 0 seconds 0.14446277264505625
sset_21_gloiZ_gTJaE_frame_00000300 pair 13 [0, 14] combined 0 players 0 retained 0 seconds 0.15219117421656847
sset_21_gloiZ_gTJaE_frame_00000300 pair 15 [1, 0] combined 0 players 0 retained 0 seconds 0.09508362971246243
sset_21_gloiZ_gTJaE_frame_00000300 pair 16 [1, 2] combined 0 players 0 retained 0 seconds 0.058357581961899996
sset_21_gloiZ_gTJaE_frame_00000300 pair 17 [1, 3] combined 0 players 0 retained 0 seconds 0.07986698299646378
sset_21_gloiZ_gTJaE_frame_00000300 pair 18 [1, 4] combined 0 players 0 retained 0 seconds 0.05170269310474396
sset_21_gloiZ_gTJaE_frame_00000300 pair 21 [1, 7] combined 0 players 0 retained 0 seconds 0.05457311403006315
sset_21_gloiZ_gTJaE_frame_00000300 pair 22 [1, 8] combined 0 players 0 retained 0 seconds 0.051995518151670694
sset_21_gloiZ_gTJaE_frame_00000300 pair 24 [1, 10] combined 0 players 0 retained 0 seconds 0.050375235732644796
sset_21_gloiZ_gTJaE_frame_00000300 pair 25 [1, 11] combined 0 players 0 retained 0 seconds 0.05005793087184429
sset_21_gloiZ_gTJaE_frame_00000300 pair 26 [1, 12] combined 0 players 0 retained 0 seconds 0.059593634214252234
sset_21_gloiZ_gTJaE_frame_00000300 pair 28 [1, 14] combined 0 players 0 retained 0 seconds 0.05215266486629844
sset_21_gloiZ_gTJaE_frame_00000300 pair 29 [1, 15] combined 0 players 0 retained 0 seconds 0.05156612116843462
sset_21_gloiZ_gTJaE_frame_00000300 pair 30 [2, 0] combined 0 players 0 retained 0 seconds 0.07903392612934113
sset_21_gloiZ_gTJaE_frame_00000300 pair 31 [2, 1] combined 0 players 0 retained 0 seconds 0.04737442312762141
sset_21_gloiZ_gTJaE_frame_00000300 pair 32 [2, 3] combined 0 players 0 retained 0 seconds 0.06455315463244915
sset_21_gloiZ_gTJaE_frame_00000300 pair 34 [2, 5] combined 0 players 0 retained 0 seconds 0.03977658599615097
sset_21_gloiZ_gTJaE_frame_00000300 pair 35 [2, 6] combined 0 players 0 retained 0 seconds 0.03760993992909789
sset_21_gloiZ_gTJaE_frame_00000300 pair 38 [2, 9] combined 0 players 0 retained 0 seconds 0.03595581417903304
sset_21_gloiZ_gTJaE_frame_00000300 pair 41 [2, 12] combined 0 players 0 retained 0 seconds 0.04240882908925414
sset_21_gloiZ_gTJaE_frame_00000300 pair 42 [2, 13] combined 0 players 0 retained 0 seconds 0.03356555616483092
sset_21_gloiZ_gTJaE_frame_00000300 pair 46 [3, 1] combined 0 players 0 retained 0 seconds 0.11368235386908054
sset_21_gloiZ_gTJaE_frame_00000300 pair 47 [3, 2] combined 0 players 0 retained 0 seconds 0.11180301709100604
sset_21_gloiZ_gTJaE_frame_00000300 pair 48 [3, 4] combined 0 players 0 retained 0 seconds 0.10280329221859574
sset_21_gloiZ_gTJaE_frame_00000300 pair 49 [3, 5] combined 0 players 0 retained 0 seconds 0.10853342106565833
sset_21_gloiZ_gTJaE_frame_00000300 pair 50 [3, 6] combined 0 players 0 retained 0 seconds 0.10614563478156924
sset_21_gloiZ_gTJaE_frame_00000300 pair 51 [3, 7] combined 0 players 0 retained 0 seconds 0.10589332692325115
sset_21_gloiZ_gTJaE_frame_00000300 pair 53 [3, 9] combined 0 players 0 retained 0 seconds 0.10315969679504633
sset_21_gloiZ_gTJaE_frame_00000300 pair 55 [3, 11] combined 0 players 0 retained 0 seconds 0.1008052621036768
sset_21_gloiZ_gTJaE_frame_00000300 pair 58 [3, 14] combined 0 players 0 retained 0 seconds 0.10247348202392459
sset_21_gloiZ_gTJaE_frame_00000300 pair 60 [4, 0] combined 0 players 0 retained 0 seconds 0.0566807771101594
sset_21_gloiZ_gTJaE_frame_00000300 pair 61 [4, 1] combined 0 players 0 retained 0 seconds 0.02589476713910699
sset_21_gloiZ_gTJaE_frame_00000300 pair 63 [4, 3] combined 0 players 0 retained 0 seconds 0.04317918326705694
sset_21_gloiZ_gTJaE_frame_00000300 pair 64 [4, 5] combined 0 players 0 retained 0 seconds 0.01806824328377843
sset_21_gloiZ_gTJaE_frame_00000300 pair 65 [4, 6] combined 0 players 0 retained 0 seconds 0.015758722089231014
sset_21_gloiZ_gTJaE_frame_00000300 pair 68 [4, 9] combined 0 players 0 retained 0 seconds 0.013755246996879578
sset_21_gloiZ_gTJaE_frame_00000300 pair 71 [4, 12] combined 0 players 0 retained 0 seconds 0.019720123149454594
sset_21_gloiZ_gTJaE_frame_00000300 pair 75 [5, 0] combined 0 players 0 retained 0 seconds 0.06959856394678354
sset_21_gloiZ_gTJaE_frame_00000300 pair 77 [5, 2] combined 0 players 0 retained 0 seconds 0.0338614359498024
sset_21_gloiZ_gTJaE_frame_00000300 pair 78 [5, 3] combined 0 players 0 retained 0 seconds 0.05392047110944986
sset_21_gloiZ_gTJaE_frame_00000300 pair 79 [5, 4] combined 0 players 0 retained 0 seconds 0.02723231492564082
sset_21_gloiZ_gTJaE_frame_00000300 pair 81 [5, 7] combined 0 players 0 retained 0 seconds 0.028074085246771574
sset_21_gloiZ_gTJaE_frame_00000300 pair 82 [5, 8] combined 0 players 0 retained 0 seconds 0.027318209875375032
sset_21_gloiZ_gTJaE_frame_00000300 pair 84 [5, 10] combined 0 players 0 retained 0 seconds 0.02671234030276537
sset_21_gloiZ_gTJaE_frame_00000300 pair 85 [5, 11] combined 0 players 0 retained 0 seconds 0.025629055220633745
sset_21_gloiZ_gTJaE_frame_00000300 pair 88 [5, 14] combined 0 players 0 retained 0 seconds 0.025736895855516195
sset_21_gloiZ_gTJaE_frame_00000300 pair 89 [5, 15] combined 0 players 0 retained 0 seconds 0.026009339839220047
sset_21_gloiZ_gTJaE_frame_00000300 pair 90 [6, 0] combined 0 players 0 retained 0 seconds 0.06214710511267185
sset_21_gloiZ_gTJaE_frame_00000300 pair 92 [6, 2] combined 0 players 0 retained 0 seconds 0.025439109653234482
sset_21_gloiZ_gTJaE_frame_00000300 pair 93 [6, 3] combined 0 players 0 retained 0 seconds 0.045578680001199245
sset_21_gloiZ_gTJaE_frame_00000300 pair 94 [6, 4] combined 0 players 0 retained 0 seconds 0.01893964596092701
sset_21_gloiZ_gTJaE_frame_00000300 pair 96 [6, 7] combined 0 players 0 retained 0 seconds 0.019839557819068432
sset_21_gloiZ_gTJaE_frame_00000300 pair 97 [6, 8] combined 0 players 0 retained 0 seconds 0.01875766785815358
sset_21_gloiZ_gTJaE_frame_00000300 pair 99 [6, 10] combined 0 players 0 retained 0 seconds 0.018641901202499866
sset_21_gloiZ_gTJaE_frame_00000300 pair 100 [6, 11] combined 0 players 0 retained 0 seconds 0.016736864112317562
sset_21_gloiZ_gTJaE_frame_00000300 pair 101 [6, 12] combined 0 players 0 retained 0 seconds 0.02621940290555358
sset_21_gloiZ_gTJaE_frame_00000300 pair 103 [6, 14] combined 0 players 0 retained 0 seconds 0.018813606817275286
sset_21_gloiZ_gTJaE_frame_00000300 pair 104 [6, 15] combined 0 players 0 retained 0 seconds 0.018535281997174025
sset_21_gloiZ_gTJaE_frame_00000300 pair 105 [7, 0] combined 0 players 0 retained 0 seconds 0.0603279466740787
sset_21_gloiZ_gTJaE_frame_00000300 pair 106 [7, 1] combined 0 players 0 retained 0 seconds 0.02936016395688057
sset_21_gloiZ_gTJaE_frame_00000300 pair 108 [7, 3] combined 0 players 0 retained 0 seconds 0.04706366499885917
sset_21_gloiZ_gTJaE_frame_00000300 pair 110 [7, 5] combined 0 players 0 retained 0 seconds 0.021524260751903057
sset_21_gloiZ_gTJaE_frame_00000300 pair 111 [7, 6] combined 0 players 0 retained 0 seconds 0.01932868594303727
sset_21_gloiZ_gTJaE_frame_00000300 pair 113 [7, 9] combined 0 players 0 retained 0 seconds 0.019113580230623484
sset_21_gloiZ_gTJaE_frame_00000300 pair 116 [7, 12] combined 0 players 0 retained 0 seconds 0.02585656987503171
sset_21_gloiZ_gTJaE_frame_00000300 pair 117 [7, 13] combined 0 players 0 retained 0 seconds 0.017670762725174427
sset_21_gloiZ_gTJaE_frame_00000300 pair 121 [8, 1] combined 0 players 0 retained 0 seconds 0.025802948977798223
sset_21_gloiZ_gTJaE_frame_00000300 pair 125 [8, 5] combined 0 players 0 retained 0 seconds 0.018205856904387474
sset_21_gloiZ_gTJaE_frame_00000300 pair 126 [8, 6] combined 0 players 0 retained 0 seconds 0.015443374868482351
sset_21_gloiZ_gTJaE_frame_00000300 pair 128 [8, 9] combined 0 players 0 retained 0 seconds 0.01241504866629839
sset_21_gloiZ_gTJaE_frame_00000300 pair 135 [9, 0] combined 0 players 0 retained 0 seconds 0.05524688493460417
sset_21_gloiZ_gTJaE_frame_00000300 pair 137 [9, 2] combined 0 players 0 retained 0 seconds 0.024599963799118996
sset_21_gloiZ_gTJaE_frame_00000300 pair 138 [9, 3] combined 0 players 0 retained 0 seconds 0.04064577864482999
sset_21_gloiZ_gTJaE_frame_00000300 pair 139 [9, 4] combined 0 players 0 retained 0 seconds 0.013729895930737257
sset_21_gloiZ_gTJaE_frame_00000300 pair 142 [9, 7] combined 0 players 0 retained 0 seconds 0.015544249676167965
sset_21_gloiZ_gTJaE_frame_00000300 pair 143 [9, 8] combined 0 players 0 retained 0 seconds 0.01281499583274126
sset_21_gloiZ_gTJaE_frame_00000300 pair 144 [9, 10] combined 0 players 0 retained 0 seconds 0.013498901855200529
sset_21_gloiZ_gTJaE_frame_00000300 pair 145 [9, 11] combined 0 players 0 retained 0 seconds 0.012808906380087137
sset_21_gloiZ_gTJaE_frame_00000300 pair 148 [9, 14] combined 0 players 0 retained 0 seconds 0.012601882219314575
sset_21_gloiZ_gTJaE_frame_00000300 pair 149 [9, 15] combined 0 players 0 retained 0 seconds 0.013035929761826992
sset_21_gloiZ_gTJaE_frame_00000300 pair 151 [10, 1] combined 0 players 0 retained 0 seconds 0.02391032502055168
sset_21_gloiZ_gTJaE_frame_00000300 pair 155 [10, 5] combined 0 players 0 retained 0 seconds 0.017230540979653597
sset_21_gloiZ_gTJaE_frame_00000300 pair 156 [10, 6] combined 0 players 0 retained 0 seconds 0.014608526136726141
sset_21_gloiZ_gTJaE_frame_00000300 pair 159 [10, 9] combined 0 players 0 retained 0 seconds 0.012673967983573675
sset_21_gloiZ_gTJaE_frame_00000300 pair 165 [11, 0] combined 0 players 0 retained 0 seconds 0.04884186387062073
sset_21_gloiZ_gTJaE_frame_00000300 pair 166 [11, 1] combined 0 players 0 retained 0 seconds 0.021648758091032505
sset_21_gloiZ_gTJaE_frame_00000300 pair 168 [11, 3] combined 0 players 0 retained 0 seconds 0.03710234118625522
sset_21_gloiZ_gTJaE_frame_00000300 pair 170 [11, 5] combined 0 players 0 retained 0 seconds 0.012506525032222271
sset_21_gloiZ_gTJaE_frame_00000300 pair 171 [11, 6] combined 0 players 0 retained 0 seconds 0.010415298864245415
sset_21_gloiZ_gTJaE_frame_00000300 pair 174 [11, 9] combined 0 players 0 retained 0 seconds 0.010168593842536211
sset_21_gloiZ_gTJaE_frame_00000300 pair 176 [11, 12] combined 0 players 0 retained 0 seconds 0.015424280893057585
sset_21_gloiZ_gTJaE_frame_00000300 pair 181 [12, 1] combined 0 players 0 retained 0 seconds 0.04652356868609786
sset_21_gloiZ_gTJaE_frame_00000300 pair 182 [12, 2] combined 0 players 0 retained 0 seconds 0.04226418072357774
sset_21_gloiZ_gTJaE_frame_00000300 pair 184 [12, 4] combined 0 players 0 retained 0 seconds 0.03527824301272631
sset_21_gloiZ_gTJaE_frame_00000300 pair 186 [12, 6] combined 0 players 0 retained 0 seconds 0.037337714806199074
sset_21_gloiZ_gTJaE_frame_00000300 pair 187 [12, 7] combined 0 players 0 retained 0 seconds 0.03718902636319399
sset_21_gloiZ_gTJaE_frame_00000300 pair 191 [12, 11] combined 0 players 0 retained 0 seconds 0.03423856757581234
sset_21_gloiZ_gTJaE_frame_00000300 pair 193 [12, 14] combined 0 players 0 retained 0 seconds 0.03433781769126654
sset_21_gloiZ_gTJaE_frame_00000300 pair 197 [13, 2] combined 0 players 0 retained 0 seconds 0.016723792999982834
sset_21_gloiZ_gTJaE_frame_00000300 pair 202 [13, 7] combined 0 players 0 retained 0 seconds 0.011993790976703167
sset_21_gloiZ_gTJaE_frame_00000300 pair 210 [14, 0] combined 0 players 0 retained 0 seconds 0.05137224402278662
sset_21_gloiZ_gTJaE_frame_00000300 pair 211 [14, 1] combined 0 players 0 retained 0 seconds 0.022313283290714025
sset_21_gloiZ_gTJaE_frame_00000300 pair 213 [14, 3] combined 0 players 0 retained 0 seconds 0.03945486666634679
sset_21_gloiZ_gTJaE_frame_00000300 pair 215 [14, 5] combined 0 players 0 retained 0 seconds 0.014239623211324215
sset_21_gloiZ_gTJaE_frame_00000300 pair 216 [14, 6] combined 0 players 0 retained 0 seconds 0.012394943740218878
sset_21_gloiZ_gTJaE_frame_00000300 pair 219 [14, 9] combined 0 players 0 retained 0 seconds 0.010433514136821032
sset_21_gloiZ_gTJaE_frame_00000300 pair 222 [14, 12] combined 0 players 0 retained 0 seconds 0.017440404277294874
sset_21_gloiZ_gTJaE_frame_00000300 pair 226 [15, 1] combined 0 players 0 retained 0 seconds 0.021813467610627413
sset_21_gloiZ_gTJaE_frame_00000300 pair 230 [15, 5] combined 0 players 0 retained 0 seconds 0.014296671841293573
sset_21_gloiZ_gTJaE_frame_00000300 pair 231 [15, 6] combined 0 players 0 retained 0 seconds 0.011680102907121181
sset_21_gloiZ_gTJaE_frame_00000300 pair 234 [15, 9] combined 0 players 0 retained 0 seconds 0.009920855984091759
sset_21_gloiZ_gTJaE_frame_00000300 pair 0 [0, 1] combined 0 players 0 retained 0 seconds 0.06838537892326713
sset_21_gloiZ_gTJaE_frame_00000300 pair 1 [0, 2] combined 0 players 0 retained 0 seconds 0.06737343408167362
sset_21_gloiZ_gTJaE_frame_00000300 pair 3 [0, 4] combined 0 players 0 retained 0 seconds 0.06662338832393289
sset_21_gloiZ_gTJaE_frame_00000300 pair 4 [0, 5] combined 0 players 0 retained 0 seconds 0.06787706026807427
sset_21_gloiZ_gTJaE_frame_00000300 pair 5 [0, 6] combined 0 players 0 retained 0 seconds 0.06827523186802864
sset_21_gloiZ_gTJaE_frame_00000300 pair 6 [0, 7] combined 0 players 0 retained 0 seconds 0.06733876606449485
sset_21_gloiZ_gTJaE_frame_00000300 pair 8 [0, 9] combined 0 players 0 retained 0 seconds 0.0669218129478395
sset_21_gloiZ_gTJaE_frame_00000300 pair 10 [0, 11] combined 0 players 0 retained 0 seconds 0.06666193902492523
sset_21_gloiZ_gTJaE_frame_00000300 pair 13 [0, 14] combined 0 players 0 retained 0 seconds 0.06651783781126142
sset_21_gloiZ_gTJaE_frame_00000300 pair 15 [1, 0] combined 0 players 0 retained 0 seconds 0.028731037862598896
sset_21_gloiZ_gTJaE_frame_00000300 pair 16 [1, 2] combined 0 players 0 retained 0 seconds 0.009402260184288025
sset_21_gloiZ_gTJaE_frame_00000300 pair 17 [1, 3] combined 0 players 0 retained 0 seconds 0.014927069190889597
sset_21_gloiZ_gTJaE_frame_00000300 pair 18 [1, 4] combined 0 players 0 retained 0 seconds 0.008521768730133772
sset_21_gloiZ_gTJaE_frame_00000300 pair 21 [1, 7] combined 0 players 0 retained 0 seconds 0.009023523889482021
sset_21_gloiZ_gTJaE_frame_00000300 pair 22 [1, 8] combined 0 players 0 retained 0 seconds 0.008577515371143818
sset_21_gloiZ_gTJaE_frame_00000300 pair 24 [1, 10] combined 0 players 0 retained 0 seconds 0.008477613795548677
sset_21_gloiZ_gTJaE_frame_00000300 pair 25 [1, 11] combined 0 players 0 retained 0 seconds 0.008279751054942608
sset_21_gloiZ_gTJaE_frame_00000300 pair 26 [1, 12] combined 0 players 0 retained 0 seconds 0.011992387007921934
sset_21_gloiZ_gTJaE_frame_00000300 pair 28 [1, 14] combined 0 players 0 retained 0 seconds 0.008687957189977169
sset_21_gloiZ_gTJaE_frame_00000300 pair 29 [1, 15] combined 0 players 0 retained 0 seconds 0.00850408198311925
sset_21_gloiZ_gTJaE_frame_00000300 pair 30 [2, 0] combined 0 players 0 retained 0 seconds 0.024602553807199
sset_21_gloiZ_gTJaE_frame_00000300 pair 31 [2, 1] combined 0 players 0 retained 0 seconds 0.0072982641868293285
sset_21_gloiZ_gTJaE_frame_00000300 pair 32 [2, 3] combined 0 players 0 retained 0 seconds 0.01109339203685522
sset_21_gloiZ_gTJaE_frame_00000300 pair 34 [2, 5] combined 0 players 0 retained 0 seconds 0.006232413928955793
sset_21_gloiZ_gTJaE_frame_00000300 pair 35 [2, 6] combined 0 players 0 retained 0 seconds 0.005656739231199026
sset_21_gloiZ_gTJaE_frame_00000300 pair 38 [2, 9] combined 0 players 0 retained 0 seconds 0.005270455032587051
sset_21_gloiZ_gTJaE_frame_00000300 pair 41 [2, 12] combined 0 players 0 retained 0 seconds 0.008729191962629557
sset_21_gloiZ_gTJaE_frame_00000300 pair 42 [2, 13] combined 0 players 0 retained 0 seconds 0.005346911959350109
sset_21_gloiZ_gTJaE_frame_00000300 pair 46 [3, 1] combined 0 players 0 retained 0 seconds 0.024332094006240368
sset_21_gloiZ_gTJaE_frame_00000300 pair 47 [3, 2] combined 0 players 0 retained 0 seconds 0.02329361718147993
sset_21_gloiZ_gTJaE_frame_00000300 pair 48 [3, 4] combined 0 players 0 retained 0 seconds 0.022489822003990412
sset_21_gloiZ_gTJaE_frame_00000300 pair 49 [3, 5] combined 0 players 0 retained 0 seconds 0.023166335187852383
sset_21_gloiZ_gTJaE_frame_00000300 pair 50 [3, 6] combined 0 players 0 retained 0 seconds 0.022661212366074324
sset_21_gloiZ_gTJaE_frame_00000300 pair 51 [3, 7] combined 0 players 0 retained 0 seconds 0.022467847913503647
sset_21_gloiZ_gTJaE_frame_00000300 pair 53 [3, 9] combined 0 players 0 retained 0 seconds 0.022543061058968306
sset_21_gloiZ_gTJaE_frame_00000300 pair 55 [3, 11] combined 0 players 0 retained 0 seconds 0.022082231007516384
sset_21_gloiZ_gTJaE_frame_00000300 pair 58 [3, 14] combined 0 players 0 retained 0 seconds 0.02228168724104762
sset_21_gloiZ_gTJaE_frame_00000300 pair 60 [4, 0] combined 0 players 0 retained 0 seconds 0.02245793677866459
sset_21_gloiZ_gTJaE_frame_00000300 pair 61 [4, 1] combined 0 players 0 retained 0 seconds 0.004749444779008627
sset_21_gloiZ_gTJaE_frame_00000300 pair 63 [4, 3] combined 0 players 0 retained 0 seconds 0.008569606579840183
sset_21_gloiZ_gTJaE_frame_00000300 pair 64 [4, 5] combined 0 players 0 retained 0 seconds 0.0032799928449094296
sset_21_gloiZ_gTJaE_frame_00000300 pair 65 [4, 6] combined 0 players 0 retained 0 seconds 0.0028839027509093285
sset_21_gloiZ_gTJaE_frame_00000300 pair 68 [4, 9] combined 0 players 0 retained 0 seconds 0.0027820393443107605
sset_21_gloiZ_gTJaE_frame_00000300 pair 71 [4, 12] combined 0 players 0 retained 0 seconds 0.005988752003759146
sset_21_gloiZ_gTJaE_frame_00000300 pair 75 [5, 0] combined 0 players 0 retained 0 seconds 0.024521723855286837
sset_21_gloiZ_gTJaE_frame_00000300 pair 77 [5, 2] combined 0 players 0 retained 0 seconds 0.0060450611636042595
sset_21_gloiZ_gTJaE_frame_00000300 pair 78 [5, 3] combined 0 players 0 retained 0 seconds 0.011618268210440874
sset_21_gloiZ_gTJaE_frame_00000300 pair 79 [5, 4] combined 0 players 0 retained 0 seconds 0.005286720115691423
sset_21_gloiZ_gTJaE_frame_00000300 pair 81 [5, 7] combined 0 players 0 retained 0 seconds 0.005263376049697399
sset_21_gloiZ_gTJaE_frame_00000300 pair 82 [5, 8] combined 0 players 0 retained 0 seconds 0.005517145153135061
sset_21_gloiZ_gTJaE_frame_00000300 pair 84 [5, 10] combined 0 players 0 retained 0 seconds 0.005371711682528257
sset_21_gloiZ_gTJaE_frame_00000300 pair 85 [5, 11] combined 0 players 0 retained 0 seconds 0.0050823199562728405
sset_21_gloiZ_gTJaE_frame_00000300 pair 88 [5, 14] combined 0 players 0 retained 0 seconds 0.005066413898020983
sset_21_gloiZ_gTJaE_frame_00000300 pair 89 [5, 15] combined 0 players 0 retained 0 seconds 0.005430740769952536
sset_21_gloiZ_gTJaE_frame_00000300 pair 90 [6, 0] combined 0 players 0 retained 0 seconds 0.02339749690145254
sset_21_gloiZ_gTJaE_frame_00000300 pair 92 [6, 2] combined 0 players 0 retained 0 seconds 0.0049557751044631
sset_21_gloiZ_gTJaE_frame_00000300 pair 93 [6, 3] combined 0 players 0 retained 0 seconds 0.010080552194267511
sset_21_gloiZ_gTJaE_frame_00000300 pair 94 [6, 4] combined 0 players 0 retained 0 seconds 0.004260854795575142
sset_21_gloiZ_gTJaE_frame_00000300 pair 96 [6, 7] combined 0 players 0 retained 0 seconds 0.004173165652900934
sset_21_gloiZ_gTJaE_frame_00000300 pair 97 [6, 8] combined 0 players 0 retained 0 seconds 0.0040605817921459675
sset_21_gloiZ_gTJaE_frame_00000300 pair 99 [6, 10] combined 0 players 0 retained 0 seconds 0.003860998898744583
sset_21_gloiZ_gTJaE_frame_00000300 pair 100 [6, 11] combined 0 players 0 retained 0 seconds 0.003722480032593012
sset_21_gloiZ_gTJaE_frame_00000300 pair 101 [6, 12] combined 0 players 0 retained 0 seconds 0.007552655879408121
sset_21_gloiZ_gTJaE_frame_00000300 pair 103 [6, 14] combined 0 players 0 retained 0 seconds 0.003911056090146303
sset_21_gloiZ_gTJaE_frame_00000300 pair 104 [6, 15] combined 0 players 0 retained 0 seconds 0.0040448918007314205
sset_21_gloiZ_gTJaE_frame_00000300 pair 105 [7, 0] combined 0 players 0 retained 0 seconds 0.02264342363923788
sset_21_gloiZ_gTJaE_frame_00000300 pair 106 [7, 1] combined 0 players 0 retained 0 seconds 0.004698163364082575
sset_21_gloiZ_gTJaE_frame_00000300 pair 108 [7, 3] combined 0 players 0 retained 0 seconds 0.009296333882957697
sset_21_gloiZ_gTJaE_frame_00000300 pair 110 [7, 5] combined 0 players 0 retained 0 seconds 0.0036314837634563446
sset_21_gloiZ_gTJaE_frame_00000300 pair 111 [7, 6] combined 0 players 0 retained 0 seconds 0.003576460760086775
sset_21_gloiZ_gTJaE_frame_00000300 pair 113 [7, 9] combined 0 players 0 retained 0 seconds 0.003184573259204626
sset_21_gloiZ_gTJaE_frame_00000300 pair 116 [7, 12] combined 0 players 0 retained 0 seconds 0.006743996869772673
sset_21_gloiZ_gTJaE_frame_00000300 pair 117 [7, 13] combined 0 players 0 retained 0 seconds 0.003324796911329031
sset_21_gloiZ_gTJaE_frame_00000300 pair 121 [8, 1] combined 0 players 0 retained 0 seconds 0.005068759899586439
sset_21_gloiZ_gTJaE_frame_00000300 pair 125 [8, 5] combined 0 players 0 retained 0 seconds 0.004019718151539564
sset_21_gloiZ_gTJaE_frame_00000300 pair 126 [8, 6] combined 0 players 0 retained 0 seconds 0.0036817099899053574
sset_21_gloiZ_gTJaE_frame_00000300 pair 128 [8, 9] combined 0 players 0 retained 0 seconds 0.0028505418449640274
sset_21_gloiZ_gTJaE_frame_00000300 pair 135 [9, 0] combined 0 players 0 retained 0 seconds 0.02279810281470418
sset_21_gloiZ_gTJaE_frame_00000300 pair 137 [9, 2] combined 0 players 0 retained 0 seconds 0.003943849354982376
sset_21_gloiZ_gTJaE_frame_00000300 pair 138 [9, 3] combined 0 players 0 retained 0 seconds 0.009649985935539007
sset_21_gloiZ_gTJaE_frame_00000300 pair 139 [9, 4] combined 0 players 0 retained 0 seconds 0.0033469349145889282
sset_21_gloiZ_gTJaE_frame_00000300 pair 142 [9, 7] combined 0 players 0 retained 0 seconds 0.0033178571611642838
sset_21_gloiZ_gTJaE_frame_00000300 pair 143 [9, 8] combined 0 players 0 retained 0 seconds 0.0026926868595182896
sset_21_gloiZ_gTJaE_frame_00000300 pair 144 [9, 10] combined 0 players 0 retained 0 seconds 0.0029885717667639256
sset_21_gloiZ_gTJaE_frame_00000300 pair 145 [9, 11] combined 0 players 0 retained 0 seconds 0.002809956669807434
sset_21_gloiZ_gTJaE_frame_00000300 pair 148 [9, 14] combined 0 players 0 retained 0 seconds 0.0031578741036355495
sset_21_gloiZ_gTJaE_frame_00000300 pair 149 [9, 15] combined 0 players 0 retained 0 seconds 0.0031951232813298702
sset_21_gloiZ_gTJaE_frame_00000300 pair 151 [10, 1] combined 0 players 0 retained 0 seconds 0.004063177853822708
sset_21_gloiZ_gTJaE_frame_00000300 pair 155 [10, 5] combined 0 players 0 retained 0 seconds 0.003139547072350979
sset_21_gloiZ_gTJaE_frame_00000300 pair 156 [10, 6] combined 0 players 0 retained 0 seconds 0.002724641002714634
sset_21_gloiZ_gTJaE_frame_00000300 pair 159 [10, 9] combined 0 players 0 retained 0 seconds 0.002403929363936186
sset_21_gloiZ_gTJaE_frame_00000300 pair 165 [11, 0] combined 0 players 0 retained 0 seconds 0.021956699900329113
sset_21_gloiZ_gTJaE_frame_00000300 pair 166 [11, 1] combined 0 players 0 retained 0 seconds 0.00430645514279604
sset_21_gloiZ_gTJaE_frame_00000300 pair 168 [11, 3] combined 0 players 0 retained 0 seconds 0.008454043883830309
sset_21_gloiZ_gTJaE_frame_00000300 pair 170 [11, 5] combined 0 players 0 retained 0 seconds 0.003070136997848749
sset_21_gloiZ_gTJaE_frame_00000300 pair 171 [11, 6] combined 0 players 0 retained 0 seconds 0.0026222169399261475
sset_21_gloiZ_gTJaE_frame_00000300 pair 174 [11, 9] combined 0 players 0 retained 0 seconds 0.002310632262378931
sset_21_gloiZ_gTJaE_frame_00000300 pair 176 [11, 12] combined 0 players 0 retained 0 seconds 0.005786206107586622
sset_21_gloiZ_gTJaE_frame_00000300 pair 181 [12, 1] combined 0 players 0 retained 0 seconds 0.014934583101421595
sset_21_gloiZ_gTJaE_frame_00000300 pair 182 [12, 2] combined 0 players 0 retained 0 seconds 0.0142953060567379
sset_21_gloiZ_gTJaE_frame_00000300 pair 184 [12, 4] combined 0 players 0 retained 0 seconds 0.013389233965426683
sset_21_gloiZ_gTJaE_frame_00000300 pair 186 [12, 6] combined 0 players 0 retained 0 seconds 0.013588304165750742
sset_21_gloiZ_gTJaE_frame_00000300 pair 187 [12, 7] combined 0 players 0 retained 0 seconds 0.01369621604681015
sset_21_gloiZ_gTJaE_frame_00000300 pair 191 [12, 11] combined 0 players 0 retained 0 seconds 0.013080350123345852
sset_21_gloiZ_gTJaE_frame_00000300 pair 193 [12, 14] combined 0 players 0 retained 0 seconds 0.01322991494089365
sset_21_gloiZ_gTJaE_frame_00000300 pair 197 [13, 2] combined 0 players 0 retained 0 seconds 0.004166678059846163
sset_21_gloiZ_gTJaE_frame_00000300 pair 202 [13, 7] combined 0 players 0 retained 0 seconds 0.0035545751452445984
sset_21_gloiZ_gTJaE_frame_00000300 pair 210 [14, 0] combined 0 players 0 retained 0 seconds 0.022026740945875645
sset_21_gloiZ_gTJaE_frame_00000300 pair 211 [14, 1] combined 0 players 0 retained 0 seconds 0.004382818005979061
sset_21_gloiZ_gTJaE_frame_00000300 pair 213 [14, 3] combined 0 players 0 retained 0 seconds 0.008319916669279337
sset_21_gloiZ_gTJaE_frame_00000300 pair 215 [14, 5] combined 0 players 0 retained 0 seconds 0.00326745817437768
sset_21_gloiZ_gTJaE_frame_00000300 pair 216 [14, 6] combined 0 players 0 retained 0 seconds 0.002991338260471821
sset_21_gloiZ_gTJaE_frame_00000300 pair 219 [14, 9] combined 0 players 0 retained 0 seconds 0.0024976390413939953
sset_21_gloiZ_gTJaE_frame_00000300 pair 222 [14, 12] combined 0 players 0 retained 0 seconds 0.005865799263119698
sset_21_gloiZ_gTJaE_frame_00000300 pair 226 [15, 1] combined 0 players 0 retained 0 seconds 0.004548395983874798
sset_21_gloiZ_gTJaE_frame_00000300 pair 230 [15, 5] combined 0 players 0 retained 0 seconds 0.003735791891813278
sset_21_gloiZ_gTJaE_frame_00000300 pair 231 [15, 6] combined 0 players 0 retained 0 seconds 0.0032206778414547443
sset_21_gloiZ_gTJaE_frame_00000300 pair 234 [15, 9] combined 0 players 0 retained 0 seconds 0.0028280778788030148
[sset_21_gloiZ_gTJaE_frame_00000300] line-template: preparing rectangles
[sset_21_gloiZ_gTJaE_frame_00000300] measuring 256 parents (G0=0, G1=0, line_template=256; conflicting geometry groups=0)
[sset_21_gloiZ_gTJaE_frame_00000300] parents 250/256
[sset_21_gloiZ_gTJaE_frame_00000300] refitting 256 parents
[sset_21_gloiZ_gTJaE_frame_00000300] refits 250/256; valid children=186
{"view_id": "sset_21_gloiZ_gTJaE_frame_00000300", "chosen_key": null, "no_court_reason": "no_gated_court", "all_checks_equal": null, "error": null}
{"views": ["sset_21_gloiZ_gTJaE_frame_00000300"], "startup_seconds": 0.048386253882199526, "wall_seconds": 57.584671701770276, "peak_rss_mb": 477.421875, "failed": []}
