decoded /scratch/cmarti/issue103_ad8da4f/external/shuttleset-sources/21 An_Se_Young_Ratchanok_Intanon_YONEX_Thailand_Open_2021_QuarterFinals.mp4 to frame 38273 in 215s
sset_21_gloiZ_gTJaE_frame_00038228 pair 8 [0, 9] combined 348 players 60 retained 30 seconds 0.03476535389199853
sset_21_gloiZ_gTJaE_frame_00038228 pair 12 [0, 13] combined 48 players 0 retained 0 seconds 0.004119958728551865
sset_21_gloiZ_gTJaE_frame_00038228 pair 13 [0, 14] combined 0 players 0 retained 0 seconds 0.005732481833547354
sset_21_gloiZ_gTJaE_frame_00038228 pair 27 [1, 13] combined 64 players 8 retained 4 seconds 0.029349455144256353
sset_21_gloiZ_gTJaE_frame_00038228 pair 28 [1, 14] combined 6840 players 30 retained 15 seconds 0.05598952807486057
sset_21_gloiZ_gTJaE_frame_00038228 pair 39 [2, 10] combined 200 players 50 retained 25 seconds 0.03177097113803029
sset_21_gloiZ_gTJaE_frame_00038228 pair 40 [2, 11] combined 32 players 0 retained 0 seconds 0.0036898748949170113
sset_21_gloiZ_gTJaE_frame_00038228 pair 42 [2, 13] combined 0 players 0 retained 0 seconds 0.003336095716804266
sset_21_gloiZ_gTJaE_frame_00038228 pair 53 [3, 9] combined 120 players 4 retained 2 seconds 0.029016377869993448
sset_21_gloiZ_gTJaE_frame_00038228 pair 57 [3, 13] combined 0 players 0 retained 0 seconds 0.003232973627746105
sset_21_gloiZ_gTJaE_frame_00038228 pair 58 [3, 14] combined 0 players 0 retained 0 seconds 0.004534760024398565
sset_21_gloiZ_gTJaE_frame_00038228 pair 70 [4, 11] combined 0 players 0 retained 0 seconds 0.0031514097936451435
sset_21_gloiZ_gTJaE_frame_00038228 pair 71 [4, 12] combined 0 players 0 retained 0 seconds 0.0031244326382875443
sset_21_gloiZ_gTJaE_frame_00038228 pair 73 [4, 14] combined 200 players 92 retained 46 seconds 0.03422537259757519
sset_21_gloiZ_gTJaE_frame_00038228 pair 83 [5, 9] combined 0 players 0 retained 0 seconds 0.004404492676258087
sset_21_gloiZ_gTJaE_frame_00038228 pair 87 [5, 13] combined 0 players 0 retained 0 seconds 0.002814501989632845
sset_21_gloiZ_gTJaE_frame_00038228 pair 88 [5, 14] combined 0 players 0 retained 0 seconds 0.0040237996727228165
sset_21_gloiZ_gTJaE_frame_00038228 pair 98 [6, 9] combined 0 players 0 retained 0 seconds 0.003511941060423851
sset_21_gloiZ_gTJaE_frame_00038228 pair 99 [6, 10] combined 0 players 0 retained 0 seconds 0.003964364994317293
sset_21_gloiZ_gTJaE_frame_00038228 pair 100 [6, 11] combined 16 players 6 retained 3 seconds 0.02649701712653041
sset_21_gloiZ_gTJaE_frame_00038228 pair 102 [6, 13] combined 0 players 0 retained 0 seconds 0.0031333579681813717
sset_21_gloiZ_gTJaE_frame_00038228 pair 117 [7, 13] combined 0 players 0 retained 0 seconds 0.0032996046356856823
sset_21_gloiZ_gTJaE_frame_00038228 pair 118 [7, 14] combined 0 players 0 retained 0 seconds 0.005393248051404953
sset_21_gloiZ_gTJaE_frame_00038228 pair 128 [8, 9] combined 136 players 0 retained 0 seconds 0.004759802017360926
sset_21_gloiZ_gTJaE_frame_00038228 pair 132 [8, 13] combined 0 players 0 retained 0 seconds 0.0028174566105008125
sset_21_gloiZ_gTJaE_frame_00038228 pair 133 [8, 14] combined 0 players 0 retained 0 seconds 0.00492679700255394
sset_21_gloiZ_gTJaE_frame_00038228 pair 135 [9, 0] combined 0 players 0 retained 0 seconds 0.00797144090756774
sset_21_gloiZ_gTJaE_frame_00038228 pair 138 [9, 3] combined 0 players 0 retained 0 seconds 0.004657390993088484
sset_21_gloiZ_gTJaE_frame_00038228 pair 140 [9, 5] combined 0 players 0 retained 0 seconds 0.003942680079489946
sset_21_gloiZ_gTJaE_frame_00038228 pair 141 [9, 6] combined 0 players 0 retained 0 seconds 0.0036330209113657475
sset_21_gloiZ_gTJaE_frame_00038228 pair 143 [9, 8] combined 272 players 0 retained 0 seconds 0.006234348751604557
sset_21_gloiZ_gTJaE_frame_00038228 pair 145 [9, 11] combined 4 players 0 retained 0 seconds 0.003276112023741007
sset_21_gloiZ_gTJaE_frame_00038228 pair 146 [9, 12] combined 0 players 0 retained 0 seconds 0.003011432010680437
sset_21_gloiZ_gTJaE_frame_00038228 pair 148 [9, 14] combined 0 players 0 retained 0 seconds 0.005326632875949144
sset_21_gloiZ_gTJaE_frame_00038228 pair 152 [10, 2] combined 164 players 6 retained 3 seconds 0.029586439952254295
sset_21_gloiZ_gTJaE_frame_00038228 pair 156 [10, 6] combined 116 players 4 retained 2 seconds 0.029692804906517267
sset_21_gloiZ_gTJaE_frame_00038228 pair 161 [10, 12] combined 8 players 0 retained 0 seconds 0.003391436766833067
sset_21_gloiZ_gTJaE_frame_00038228 pair 167 [11, 2] combined 76 players 0 retained 0 seconds 0.0047799330204725266
sset_21_gloiZ_gTJaE_frame_00038228 pair 169 [11, 4] combined 36 players 0 retained 0 seconds 0.004038508981466293
sset_21_gloiZ_gTJaE_frame_00038228 pair 171 [11, 6] combined 0 players 0 retained 0 seconds 0.003664148971438408
sset_21_gloiZ_gTJaE_frame_00038228 pair 174 [11, 9] combined 0 players 0 retained 0 seconds 0.003378471825271845
sset_21_gloiZ_gTJaE_frame_00038228 pair 177 [11, 13] combined 0 players 0 retained 0 seconds 0.002463393844664097
sset_21_gloiZ_gTJaE_frame_00038228 pair 178 [11, 14] combined 68 players 34 retained 17 seconds 0.03059448581188917
sset_21_gloiZ_gTJaE_frame_00038228 pair 184 [12, 4] combined 0 players 0 retained 0 seconds 0.004884310998022556
sset_21_gloiZ_gTJaE_frame_00038228 pair 189 [12, 9] combined 0 players 0 retained 0 seconds 0.0044732652604579926
sset_21_gloiZ_gTJaE_frame_00038228 pair 190 [12, 10] combined 0 players 0 retained 0 seconds 0.0038659879937767982
sset_21_gloiZ_gTJaE_frame_00038228 pair 192 [12, 13] combined 0 players 0 retained 0 seconds 0.0027486030012369156
sset_21_gloiZ_gTJaE_frame_00038228 pair 193 [12, 14] combined 60 players 30 retained 15 seconds 0.02966546220704913
sset_21_gloiZ_gTJaE_frame_00038228 pair 194 [12, 15] combined 0 players 0 retained 0 seconds 0.0037242472171783447
sset_21_gloiZ_gTJaE_frame_00038228 pair 195 [13, 0] combined 200 players 0 retained 0 seconds 0.005121005233377218
sset_21_gloiZ_gTJaE_frame_00038228 pair 196 [13, 1] combined 168 players 0 retained 0 seconds 0.00505027873441577
sset_21_gloiZ_gTJaE_frame_00038228 pair 197 [13, 2] combined 0 players 0 retained 0 seconds 0.00428672693669796
sset_21_gloiZ_gTJaE_frame_00038228 pair 198 [13, 3] combined 0 players 0 retained 0 seconds 0.0029540718533098698
sset_21_gloiZ_gTJaE_frame_00038228 pair 200 [13, 5] combined 0 players 0 retained 0 seconds 0.003079154994338751
sset_21_gloiZ_gTJaE_frame_00038228 pair 201 [13, 6] combined 0 players 0 retained 0 seconds 0.0037530669942498207
sset_21_gloiZ_gTJaE_frame_00038228 pair 202 [13, 7] combined 0 players 0 retained 0 seconds 0.00374343479052186
sset_21_gloiZ_gTJaE_frame_00038228 pair 203 [13, 8] combined 120 players 0 retained 0 seconds 0.003446727991104126
sset_21_gloiZ_gTJaE_frame_00038228 pair 206 [13, 11] combined 0 players 0 retained 0 seconds 0.002371160313487053
sset_21_gloiZ_gTJaE_frame_00038228 pair 207 [13, 12] combined 0 players 0 retained 0 seconds 0.0025501581840217113
sset_21_gloiZ_gTJaE_frame_00038228 pair 210 [14, 0] combined 0 players 0 retained 0 seconds 0.004073680844157934
sset_21_gloiZ_gTJaE_frame_00038228 pair 211 [14, 1] combined 0 players 0 retained 0 seconds 0.0051271491684019566
sset_21_gloiZ_gTJaE_frame_00038228 pair 213 [14, 3] combined 0 players 0 retained 0 seconds 0.0032371487468481064
sset_21_gloiZ_gTJaE_frame_00038228 pair 214 [14, 4] combined 0 players 0 retained 0 seconds 0.0042304350063204765
sset_21_gloiZ_gTJaE_frame_00038228 pair 215 [14, 5] combined 0 players 0 retained 0 seconds 0.0029809451662003994
sset_21_gloiZ_gTJaE_frame_00038228 pair 217 [14, 7] combined 0 players 0 retained 0 seconds 0.0031335027888417244
sset_21_gloiZ_gTJaE_frame_00038228 pair 218 [14, 8] combined 0 players 0 retained 0 seconds 0.0031201657839119434
sset_21_gloiZ_gTJaE_frame_00038228 pair 219 [14, 9] combined 0 players 0 retained 0 seconds 0.0038537667132914066
sset_21_gloiZ_gTJaE_frame_00038228 pair 221 [14, 11] combined 0 players 0 retained 0 seconds 0.0033021527342498302
sset_21_gloiZ_gTJaE_frame_00038228 pair 222 [14, 12] combined 0 players 0 retained 0 seconds 0.003065594006329775
sset_21_gloiZ_gTJaE_frame_00038228 pair 224 [14, 15] combined 0 players 0 retained 0 seconds 0.003266340121626854
sset_21_gloiZ_gTJaE_frame_00038228 pair 237 [15, 12] combined 0 players 0 retained 0 seconds 0.00303232716396451
sset_21_gloiZ_gTJaE_frame_00038228 pair 239 [15, 14] combined 0 players 0 retained 0 seconds 0.005931768100708723
sset_21_gloiZ_gTJaE_frame_00038228 pair 8 [0, 9] combined 0 players 0 retained 0 seconds 0.002169851679354906
sset_21_gloiZ_gTJaE_frame_00038228 pair 12 [0, 13] combined 0 players 0 retained 0 seconds 0.0018433989025652409
sset_21_gloiZ_gTJaE_frame_00038228 pair 13 [0, 14] combined 0 players 0 retained 0 seconds 0.0032481299713253975
sset_21_gloiZ_gTJaE_frame_00038228 pair 27 [1, 13] combined 0 players 0 retained 0 seconds 0.0017768298275768757
sset_21_gloiZ_gTJaE_frame_00038228 pair 28 [1, 14] combined 0 players 0 retained 0 seconds 0.003298794850707054
sset_21_gloiZ_gTJaE_frame_00038228 pair 39 [2, 10] combined 0 players 0 retained 0 seconds 0.0016908110119402409
sset_21_gloiZ_gTJaE_frame_00038228 pair 40 [2, 11] combined 0 players 0 retained 0 seconds 0.0015320428647100925
sset_21_gloiZ_gTJaE_frame_00038228 pair 42 [2, 13] combined 0 players 0 retained 0 seconds 0.0016476199962198734
sset_21_gloiZ_gTJaE_frame_00038228 pair 53 [3, 9] combined 0 players 0 retained 0 seconds 0.002005775924772024
sset_21_gloiZ_gTJaE_frame_00038228 pair 57 [3, 13] combined 0 players 0 retained 0 seconds 0.0015890751965343952
sset_21_gloiZ_gTJaE_frame_00038228 pair 58 [3, 14] combined 0 players 0 retained 0 seconds 0.0024021989665925503
sset_21_gloiZ_gTJaE_frame_00038228 pair 70 [4, 11] combined 0 players 0 retained 0 seconds 0.001516115851700306
sset_21_gloiZ_gTJaE_frame_00038228 pair 71 [4, 12] combined 0 players 0 retained 0 seconds 0.001625332050025463
sset_21_gloiZ_gTJaE_frame_00038228 pair 73 [4, 14] combined 0 players 0 retained 0 seconds 0.0030430941842496395
sset_21_gloiZ_gTJaE_frame_00038228 pair 83 [5, 9] combined 0 players 0 retained 0 seconds 0.0019727712497115135
sset_21_gloiZ_gTJaE_frame_00038228 pair 87 [5, 13] combined 0 players 0 retained 0 seconds 0.0017257030121982098
sset_21_gloiZ_gTJaE_frame_00038228 pair 88 [5, 14] combined 0 players 0 retained 0 seconds 0.0021353126503527164
sset_21_gloiZ_gTJaE_frame_00038228 pair 98 [6, 9] combined 0 players 0 retained 0 seconds 0.0018735923804342747
sset_21_gloiZ_gTJaE_frame_00038228 pair 99 [6, 10] combined 0 players 0 retained 0 seconds 0.0015049190260469913
sset_21_gloiZ_gTJaE_frame_00038228 pair 100 [6, 11] combined 0 players 0 retained 0 seconds 0.0014904430136084557
sset_21_gloiZ_gTJaE_frame_00038228 pair 102 [6, 13] combined 0 players 0 retained 0 seconds 0.0017212280072271824
sset_21_gloiZ_gTJaE_frame_00038228 pair 117 [7, 13] combined 0 players 0 retained 0 seconds 0.001900241244584322
sset_21_gloiZ_gTJaE_frame_00038228 pair 118 [7, 14] combined 0 players 0 retained 0 seconds 0.0025752466171979904
sset_21_gloiZ_gTJaE_frame_00038228 pair 128 [8, 9] combined 0 players 0 retained 0 seconds 0.0019835717976093292
sset_21_gloiZ_gTJaE_frame_00038228 pair 132 [8, 13] combined 0 players 0 retained 0 seconds 0.0016547818668186665
sset_21_gloiZ_gTJaE_frame_00038228 pair 133 [8, 14] combined 0 players 0 retained 0 seconds 0.003155471757054329
sset_21_gloiZ_gTJaE_frame_00038228 pair 135 [9, 0] combined 0 players 0 retained 0 seconds 0.0018625431694090366
sset_21_gloiZ_gTJaE_frame_00038228 pair 138 [9, 3] combined 0 players 0 retained 0 seconds 0.0016365689225494862
sset_21_gloiZ_gTJaE_frame_00038228 pair 140 [9, 5] combined 0 players 0 retained 0 seconds 0.0022645089775323868
sset_21_gloiZ_gTJaE_frame_00038228 pair 141 [9, 6] combined 0 players 0 retained 0 seconds 0.001986405812203884
sset_21_gloiZ_gTJaE_frame_00038228 pair 143 [9, 8] combined 0 players 0 retained 0 seconds 0.002318287268280983
sset_21_gloiZ_gTJaE_frame_00038228 pair 145 [9, 11] combined 0 players 0 retained 0 seconds 0.0016270880587399006
sset_21_gloiZ_gTJaE_frame_00038228 pair 146 [9, 12] combined 0 players 0 retained 0 seconds 0.0015765470452606678
sset_21_gloiZ_gTJaE_frame_00038228 pair 148 [9, 14] combined 0 players 0 retained 0 seconds 0.0027633290737867355
sset_21_gloiZ_gTJaE_frame_00038228 pair 152 [10, 2] combined 0 players 0 retained 0 seconds 0.001806772779673338
sset_21_gloiZ_gTJaE_frame_00038228 pair 156 [10, 6] combined 0 players 0 retained 0 seconds 0.0017595491372048855
sset_21_gloiZ_gTJaE_frame_00038228 pair 161 [10, 12] combined 0 players 0 retained 0 seconds 0.001512130256742239
sset_21_gloiZ_gTJaE_frame_00038228 pair 167 [11, 2] combined 0 players 0 retained 0 seconds 0.0019171186722815037
sset_21_gloiZ_gTJaE_frame_00038228 pair 169 [11, 4] combined 0 players 0 retained 0 seconds 0.0015499931760132313
sset_21_gloiZ_gTJaE_frame_00038228 pair 171 [11, 6] combined 0 players 0 retained 0 seconds 0.0017883982509374619
sset_21_gloiZ_gTJaE_frame_00038228 pair 174 [11, 9] combined 0 players 0 retained 0 seconds 0.001751071773469448
sset_21_gloiZ_gTJaE_frame_00038228 pair 177 [11, 13] combined 0 players 0 retained 0 seconds 0.0015491819940507412
sset_21_gloiZ_gTJaE_frame_00038228 pair 178 [11, 14] combined 0 players 0 retained 0 seconds 0.0028115040622651577
sset_21_gloiZ_gTJaE_frame_00038228 pair 184 [12, 4] combined 0 players 0 retained 0 seconds 0.001539020799100399
sset_21_gloiZ_gTJaE_frame_00038228 pair 189 [12, 9] combined 0 players 0 retained 0 seconds 0.0020248950459063053
sset_21_gloiZ_gTJaE_frame_00038228 pair 190 [12, 10] combined 0 players 0 retained 0 seconds 0.0014951708726584911
sset_21_gloiZ_gTJaE_frame_00038228 pair 192 [12, 13] combined 0 players 0 retained 0 seconds 0.0017191176302731037
sset_21_gloiZ_gTJaE_frame_00038228 pair 193 [12, 14] combined 0 players 0 retained 0 seconds 0.0030064601451158524
sset_21_gloiZ_gTJaE_frame_00038228 pair 194 [12, 15] combined 0 players 0 retained 0 seconds 0.0015205079689621925
sset_21_gloiZ_gTJaE_frame_00038228 pair 195 [13, 0] combined 0 players 0 retained 0 seconds 0.0018047201447188854
sset_21_gloiZ_gTJaE_frame_00038228 pair 196 [13, 1] combined 0 players 0 retained 0 seconds 0.0015486390329897404
sset_21_gloiZ_gTJaE_frame_00038228 pair 197 [13, 2] combined 0 players 0 retained 0 seconds 0.0018297629430890083
sset_21_gloiZ_gTJaE_frame_00038228 pair 198 [13, 3] combined 0 players 0 retained 0 seconds 0.0015664459206163883
sset_21_gloiZ_gTJaE_frame_00038228 pair 200 [13, 5] combined 0 players 0 retained 0 seconds 0.001803508959710598
sset_21_gloiZ_gTJaE_frame_00038228 pair 201 [13, 6] combined 0 players 0 retained 0 seconds 0.0017836499027907848
sset_21_gloiZ_gTJaE_frame_00038228 pair 202 [13, 7] combined 0 players 0 retained 0 seconds 0.001591709442436695
sset_21_gloiZ_gTJaE_frame_00038228 pair 203 [13, 8] combined 0 players 0 retained 0 seconds 0.0022032777778804302
sset_21_gloiZ_gTJaE_frame_00038228 pair 206 [13, 11] combined 0 players 0 retained 0 seconds 0.001736275851726532
sset_21_gloiZ_gTJaE_frame_00038228 pair 207 [13, 12] combined 0 players 0 retained 0 seconds 0.0016576680354773998
sset_21_gloiZ_gTJaE_frame_00038228 pair 210 [14, 0] combined 0 players 0 retained 0 seconds 0.0022861319594085217
sset_21_gloiZ_gTJaE_frame_00038228 pair 211 [14, 1] combined 0 players 0 retained 0 seconds 0.0019981293007731438
sset_21_gloiZ_gTJaE_frame_00038228 pair 213 [14, 3] combined 0 players 0 retained 0 seconds 0.002238217741250992
sset_21_gloiZ_gTJaE_frame_00038228 pair 214 [14, 4] combined 0 players 0 retained 0 seconds 0.0019620629027485847
sset_21_gloiZ_gTJaE_frame_00038228 pair 215 [14, 5] combined 0 players 0 retained 0 seconds 0.00205736281350255
sset_21_gloiZ_gTJaE_frame_00038228 pair 217 [14, 7] combined 0 players 0 retained 0 seconds 0.002033017110079527
sset_21_gloiZ_gTJaE_frame_00038228 pair 218 [14, 8] combined 0 players 0 retained 0 seconds 0.002574679907411337
sset_21_gloiZ_gTJaE_frame_00038228 pair 219 [14, 9] combined 0 players 0 retained 0 seconds 0.002721679862588644
sset_21_gloiZ_gTJaE_frame_00038228 pair 221 [14, 11] combined 0 players 0 retained 0 seconds 0.002020147629082203
sset_21_gloiZ_gTJaE_frame_00038228 pair 222 [14, 12] combined 0 players 0 retained 0 seconds 0.0020390902645885944
sset_21_gloiZ_gTJaE_frame_00038228 pair 224 [14, 15] combined 0 players 0 retained 0 seconds 0.001962922979146242
sset_21_gloiZ_gTJaE_frame_00038228 pair 237 [15, 12] combined 0 players 0 retained 0 seconds 0.001577226910740137
sset_21_gloiZ_gTJaE_frame_00038228 pair 239 [15, 14] combined 0 players 0 retained 0 seconds 0.003330628387629986
[sset_21_gloiZ_gTJaE_frame_00038228] line-template: preparing rectangles
[sset_21_gloiZ_gTJaE_frame_00038228] measuring 418 parents (G0=162, G1=0, line_template=256; conflicting geometry groups=0)
[sset_21_gloiZ_gTJaE_frame_00038228] parents 250/418
[sset_21_gloiZ_gTJaE_frame_00038228] refitting 418 parents
[sset_21_gloiZ_gTJaE_frame_00038228] refits 250/418; valid children=87
{"view_id": "sset_21_gloiZ_gTJaE_frame_00038228", "chosen_key": null, "no_court_reason": "no_gated_court", "all_checks_equal": null, "error": null}
{"views": ["sset_21_gloiZ_gTJaE_frame_00038228"], "startup_seconds": 0.03981711436063051, "wall_seconds": 247.95889499923214, "peak_rss_mb": 406.9765625, "failed": []}
