decoded /scratch/cmarti/issue103_ad8da4f/external/shuttleset-sources/21 An_Se_Young_Ratchanok_Intanon_YONEX_Thailand_Open_2021_QuarterFinals.mp4 to frame 91 in 1s
sset_21_gloiZ_gTJaE_frame_00000001 pair 0 [0, 1] combined 262144 players 80370 retained 256 seconds 4.126873241737485
sset_21_gloiZ_gTJaE_frame_00000001 pair 1 [0, 2] combined 225280 players 75868 retained 256 seconds 3.562800754327327
sset_21_gloiZ_gTJaE_frame_00000001 pair 2 [0, 3] combined 262144 players 73116 retained 256 seconds 3.8993963696993887
sset_21_gloiZ_gTJaE_frame_00000001 pair 6 [0, 7] combined 6144 players 3072 retained 256 seconds 0.38627082388848066
sset_21_gloiZ_gTJaE_frame_00000001 pair 7 [0, 8] combined 16384 players 412 retained 179 seconds 0.2532043349929154
sset_21_gloiZ_gTJaE_frame_00000001 pair 11 [0, 12] combined 262144 players 42374 retained 256 seconds 2.6026556631550193
sset_21_gloiZ_gTJaE_frame_00000001 pair 15 [1, 0] combined 262144 players 71517 retained 256 seconds 3.777212674729526
sset_21_gloiZ_gTJaE_frame_00000001 pair 17 [1, 3] combined 262144 players 62398 retained 256 seconds 3.225149270147085
sset_21_gloiZ_gTJaE_frame_00000001 pair 18 [1, 4] combined 262144 players 18824 retained 256 seconds 1.614072518888861
sset_21_gloiZ_gTJaE_frame_00000001 pair 19 [1, 5] combined 262144 players 87338 retained 256 seconds 4.283999975305051
sset_21_gloiZ_gTJaE_frame_00000001 pair 20 [1, 6] combined 116736 players 4404 retained 256 seconds 0.6132652829401195
sset_21_gloiZ_gTJaE_frame_00000001 pair 23 [1, 9] combined 245760 players 18530 retained 256 seconds 1.5038435296155512
sset_21_gloiZ_gTJaE_frame_00000001 pair 24 [1, 10] combined 0 players 0 retained 0 seconds 0.08073594374582171
sset_21_gloiZ_gTJaE_frame_00000001 pair 25 [1, 11] combined 262144 players 30088 retained 256 seconds 1.945652199909091
sset_21_gloiZ_gTJaE_frame_00000001 pair 27 [1, 13] combined 39936 players 2196 retained 256 seconds 0.3276365459896624
sset_21_gloiZ_gTJaE_frame_00000001 pair 28 [1, 14] combined 1024 players 374 retained 181 seconds 0.12885199394077063
sset_21_gloiZ_gTJaE_frame_00000001 pair 29 [1, 15] combined 22528 players 342 retained 160 seconds 0.20283961296081543
sset_21_gloiZ_gTJaE_frame_00000001 pair 30 [2, 0] combined 262144 players 85028 retained 256 seconds 3.9177122293040156
sset_21_gloiZ_gTJaE_frame_00000001 pair 32 [2, 3] combined 262144 players 12180 retained 256 seconds 1.280490579083562
sset_21_gloiZ_gTJaE_frame_00000001 pair 33 [2, 4] combined 262144 players 56842 retained 256 seconds 2.8704329817555845
sset_21_gloiZ_gTJaE_frame_00000001 pair 34 [2, 5] combined 262144 players 74734 retained 256 seconds 3.6153621980920434
sset_21_gloiZ_gTJaE_frame_00000001 pair 35 [2, 6] combined 76800 players 24464 retained 256 seconds 1.187561853788793
sset_21_gloiZ_gTJaE_frame_00000001 pair 38 [2, 9] combined 142336 players 51722 retained 256 seconds 2.399027423001826
sset_21_gloiZ_gTJaE_frame_00000001 pair 40 [2, 11] combined 262144 players 57928 retained 256 seconds 3.1194522245787084
sset_21_gloiZ_gTJaE_frame_00000001 pair 42 [2, 13] combined 60416 players 12616 retained 256 seconds 0.7766942512243986
sset_21_gloiZ_gTJaE_frame_00000001 pair 44 [2, 15] combined 35840 players 5134 retained 256 seconds 0.35854879673570395
sset_21_gloiZ_gTJaE_frame_00000001 pair 45 [3, 0] combined 262144 players 64032 retained 256 seconds 3.481824219226837
sset_21_gloiZ_gTJaE_frame_00000001 pair 46 [3, 1] combined 262144 players 76690 retained 256 seconds 3.7834823266603053
sset_21_gloiZ_gTJaE_frame_00000001 pair 47 [3, 2] combined 221184 players 4716 retained 256 seconds 0.9951634639874101
sset_21_gloiZ_gTJaE_frame_00000001 pair 49 [3, 5] combined 262144 players 52622 retained 256 seconds 2.841760216280818
sset_21_gloiZ_gTJaE_frame_00000001 pair 52 [3, 8] combined 5120 players 668 retained 256 seconds 0.13624865794554353
sset_21_gloiZ_gTJaE_frame_00000001 pair 54 [3, 10] combined 6144 players 2074 retained 256 seconds 0.1742610060609877
sset_21_gloiZ_gTJaE_frame_00000001 pair 55 [3, 11] combined 262144 players 29150 retained 256 seconds 2.007398228161037
sset_21_gloiZ_gTJaE_frame_00000001 pair 56 [3, 12] combined 216064 players 27932 retained 256 seconds 1.7328404011204839
sset_21_gloiZ_gTJaE_frame_00000001 pair 58 [3, 14] combined 3072 players 4 retained 2 seconds 0.07710168417543173
sset_21_gloiZ_gTJaE_frame_00000001 pair 61 [4, 1] combined 146432 players 35268 retained 256 seconds 1.8882556282915175
sset_21_gloiZ_gTJaE_frame_00000001 pair 62 [4, 2] combined 214016 players 64232 retained 256 seconds 2.989881520625204
sset_21_gloiZ_gTJaE_frame_00000001 pair 66 [4, 7] combined 5100 players 2436 retained 256 seconds 0.18362166918814182
sset_21_gloiZ_gTJaE_frame_00000001 pair 67 [4, 8] combined 15360 players 32 retained 18 seconds 0.09432028466835618
sset_21_gloiZ_gTJaE_frame_00000001 pair 71 [4, 12] combined 193440 players 11446 retained 256 seconds 1.1169200823642313
sset_21_gloiZ_gTJaE_frame_00000001 pair 76 [5, 1] combined 262144 players 85992 retained 256 seconds 4.127021697815508
sset_21_gloiZ_gTJaE_frame_00000001 pair 77 [5, 2] combined 220160 players 70740 retained 256 seconds 3.4599771732464433
sset_21_gloiZ_gTJaE_frame_00000001 pair 78 [5, 3] combined 262144 players 57190 retained 256 seconds 3.086073572281748
sset_21_gloiZ_gTJaE_frame_00000001 pair 81 [5, 7] combined 4096 players 1874 retained 256 seconds 0.281287076883018
sset_21_gloiZ_gTJaE_frame_00000001 pair 82 [5, 8] combined 12288 players 466 retained 230 seconds 0.2016078899614513
sset_21_gloiZ_gTJaE_frame_00000001 pair 86 [5, 12] combined 262144 players 45846 retained 256 seconds 2.524539497680962
sset_21_gloiZ_gTJaE_frame_00000001 pair 91 [6, 1] combined 52224 players 1762 retained 256 seconds 0.33709502313286066
sset_21_gloiZ_gTJaE_frame_00000001 pair 92 [6, 2] combined 63440 players 19314 retained 256 seconds 0.9806849309243262
sset_21_gloiZ_gTJaE_frame_00000001 pair 96 [6, 7] combined 1168 players 538 retained 256 seconds 0.0874673961661756
sset_21_gloiZ_gTJaE_frame_00000001 pair 97 [6, 8] combined 2684 players 0 retained 0 seconds 0.01633634092286229
sset_21_gloiZ_gTJaE_frame_00000001 pair 99 [6, 10] combined 1464 players 474 retained 198 seconds 0.07468049973249435
sset_21_gloiZ_gTJaE_frame_00000001 pair 101 [6, 12] combined 53248 players 1182 retained 256 seconds 0.2586338371038437
sset_21_gloiZ_gTJaE_frame_00000001 pair 105 [7, 0] combined 13312 players 4570 retained 256 seconds 0.40787222469225526
sset_21_gloiZ_gTJaE_frame_00000001 pair 109 [7, 4] combined 10240 players 2654 retained 256 seconds 0.3044968210160732
sset_21_gloiZ_gTJaE_frame_00000001 pair 110 [7, 5] combined 9216 players 3200 retained 256 seconds 0.31034446507692337
sset_21_gloiZ_gTJaE_frame_00000001 pair 111 [7, 6] combined 9088 players 4234 retained 256 seconds 0.23254202818498015
sset_21_gloiZ_gTJaE_frame_00000001 pair 115 [7, 11] combined 6144 players 1380 retained 256 seconds 0.15345828980207443
sset_21_gloiZ_gTJaE_frame_00000001 pair 117 [7, 13] combined 240 players 16 retained 8 seconds 0.03587513929232955
sset_21_gloiZ_gTJaE_frame_00000001 pair 119 [7, 15] combined 448 players 42 retained 21 seconds 0.037272089160978794
sset_21_gloiZ_gTJaE_frame_00000001 pair 120 [8, 0] combined 1024 players 262 retained 124 seconds 0.20887217111885548
sset_21_gloiZ_gTJaE_frame_00000001 pair 123 [8, 3] combined 9216 players 1742 retained 256 seconds 0.17302688071504235
sset_21_gloiZ_gTJaE_frame_00000001 pair 124 [8, 4] combined 29696 players 242 retained 121 seconds 0.14517337875440717
sset_21_gloiZ_gTJaE_frame_00000001 pair 125 [8, 5] combined 13312 players 128 retained 62 seconds 0.186269739177078
sset_21_gloiZ_gTJaE_frame_00000001 pair 126 [8, 6] combined 2232 players 0 retained 0 seconds 0.014347646851092577
sset_21_gloiZ_gTJaE_frame_00000001 pair 128 [8, 9] combined 10752 players 144 retained 72 seconds 0.08001465210691094
sset_21_gloiZ_gTJaE_frame_00000001 pair 129 [8, 10] combined 0 players 0 retained 0 seconds 0.005718755070120096
sset_21_gloiZ_gTJaE_frame_00000001 pair 130 [8, 11] combined 13312 players 72 retained 36 seconds 0.1014631437137723
sset_21_gloiZ_gTJaE_frame_00000001 pair 136 [9, 1] combined 46080 players 13058 retained 256 seconds 0.7368723470717669
sset_21_gloiZ_gTJaE_frame_00000001 pair 137 [9, 2] combined 123516 players 47194 retained 256 seconds 2.3927967082709074
sset_21_gloiZ_gTJaE_frame_00000001 pair 143 [9, 8] combined 3120 players 316 retained 159 seconds 0.08093815296888351
sset_21_gloiZ_gTJaE_frame_00000001 pair 146 [9, 12] combined 72288 players 11576 retained 256 seconds 0.6559686502441764
sset_21_gloiZ_gTJaE_frame_00000001 pair 151 [10, 1] combined 3072 players 656 retained 256 seconds 0.14960554894059896
sset_21_gloiZ_gTJaE_frame_00000001 pair 153 [10, 3] combined 0 players 0 retained 0 seconds 0.03362536383792758
sset_21_gloiZ_gTJaE_frame_00000001 pair 156 [10, 6] combined 0 players 0 retained 0 seconds 0.009240665007382631
sset_21_gloiZ_gTJaE_frame_00000001 pair 158 [10, 8] combined 20 players 10 retained 5 seconds 0.031776750925928354
sset_21_gloiZ_gTJaE_frame_00000001 pair 161 [10, 12] combined 936 players 420 retained 208 seconds 0.07901329081505537
sset_21_gloiZ_gTJaE_frame_00000001 pair 162 [10, 13] combined 312 players 0 retained 0 seconds 0.008574333973228931
sset_21_gloiZ_gTJaE_frame_00000001 pair 164 [10, 15] combined 1064 players 38 retained 19 seconds 0.03729003015905619
sset_21_gloiZ_gTJaE_frame_00000001 pair 166 [11, 1] combined 262144 players 61486 retained 256 seconds 3.1067468551918864
sset_21_gloiZ_gTJaE_frame_00000001 pair 167 [11, 2] combined 217088 players 77370 retained 256 seconds 3.7185370358638465
sset_21_gloiZ_gTJaE_frame_00000001 pair 168 [11, 3] combined 262144 players 69922 retained 256 seconds 3.4499956681393087
sset_21_gloiZ_gTJaE_frame_00000001 pair 172 [11, 7] combined 7168 players 1838 retained 256 seconds 0.1867031347937882
sset_21_gloiZ_gTJaE_frame_00000001 pair 173 [11, 8] combined 32768 players 714 retained 256 seconds 0.19794834218919277
sset_21_gloiZ_gTJaE_frame_00000001 pair 176 [11, 12] combined 262144 players 14640 retained 256 seconds 1.3566447072662413
sset_21_gloiZ_gTJaE_frame_00000001 pair 180 [12, 0] combined 217088 players 24310 retained 256 seconds 1.8801832082681358
sset_21_gloiZ_gTJaE_frame_00000001 pair 183 [12, 3] combined 247808 players 48476 retained 256 seconds 2.461113756056875
sset_21_gloiZ_gTJaE_frame_00000001 pair 184 [12, 4] combined 204800 players 7728 retained 256 seconds 0.9044623780064285
sset_21_gloiZ_gTJaE_frame_00000001 pair 185 [12, 5] combined 203776 players 55212 retained 256 seconds 2.783133970107883
sset_21_gloiZ_gTJaE_frame_00000001 pair 186 [12, 6] combined 113664 players 2240 retained 256 seconds 0.46517964405938983
sset_21_gloiZ_gTJaE_frame_00000001 pair 189 [12, 9] combined 151200 players 4242 retained 256 seconds 0.6398563901893795
sset_21_gloiZ_gTJaE_frame_00000001 pair 190 [12, 10] combined 0 players 0 retained 0 seconds 0.02292139222845435
sset_21_gloiZ_gTJaE_frame_00000001 pair 191 [12, 11] combined 212992 players 12458 retained 256 seconds 1.1034837854094803
sset_21_gloiZ_gTJaE_frame_00000001 pair 194 [12, 15] combined 21504 players 262 retained 84 seconds 0.12500055460259318
sset_21_gloiZ_gTJaE_frame_00000001 pair 196 [13, 1] combined 46080 players 3072 retained 256 seconds 0.3473227107897401
sset_21_gloiZ_gTJaE_frame_00000001 pair 197 [13, 2] combined 48952 players 3230 retained 256 seconds 0.32195308804512024
sset_21_gloiZ_gTJaE_frame_00000001 pair 202 [13, 7] combined 324 players 6 retained 3 seconds 0.03587135998532176
sset_21_gloiZ_gTJaE_frame_00000001 pair 205 [13, 10] combined 1204 players 0 retained 0 seconds 0.01032867981120944
sset_21_gloiZ_gTJaE_frame_00000001 pair 211 [14, 1] combined 2048 players 536 retained 256 seconds 0.14424144988879561
sset_21_gloiZ_gTJaE_frame_00000001 pair 213 [14, 3] combined 0 players 0 retained 0 seconds 0.03405008604750037
sset_21_gloiZ_gTJaE_frame_00000001 pair 226 [15, 1] combined 20480 players 506 retained 254 seconds 0.1883784090168774
sset_21_gloiZ_gTJaE_frame_00000001 pair 227 [15, 2] combined 35948 players 94 retained 47 seconds 0.15372129529714584
sset_21_gloiZ_gTJaE_frame_00000001 pair 232 [15, 7] combined 2288 players 0 retained 0 seconds 0.015468186233192682
sset_21_gloiZ_gTJaE_frame_00000001 pair 235 [15, 10] combined 864 players 34 retained 17 seconds 0.036186444107443094
sset_21_gloiZ_gTJaE_frame_00000001 pair 237 [15, 12] combined 13680 players 338 retained 128 seconds 0.10275979107245803
sset_21_gloiZ_gTJaE_frame_00000001 pair 0 [0, 1] combined 61600 players 12770 retained 256 seconds 0.7498207031749189
sset_21_gloiZ_gTJaE_frame_00000001 pair 1 [0, 2] combined 2024 players 706 retained 256 seconds 0.11165448231622577
sset_21_gloiZ_gTJaE_frame_00000001 pair 2 [0, 3] combined 0 players 0 retained 0 seconds 0.024319575168192387
sset_21_gloiZ_gTJaE_frame_00000001 pair 6 [0, 7] combined 2048 players 1024 retained 256 seconds 0.12091213697567582
sset_21_gloiZ_gTJaE_frame_00000001 pair 7 [0, 8] combined 0 players 0 retained 0 seconds 0.023021654691547155
sset_21_gloiZ_gTJaE_frame_00000001 pair 11 [0, 12] combined 35680 players 7896 retained 256 seconds 0.4772466439753771
sset_21_gloiZ_gTJaE_frame_00000001 pair 15 [1, 0] combined 81700 players 21864 retained 256 seconds 1.2874234607443213
sset_21_gloiZ_gTJaE_frame_00000001 pair 17 [1, 3] combined 0 players 0 retained 0 seconds 0.014036855194717646
sset_21_gloiZ_gTJaE_frame_00000001 pair 18 [1, 4] combined 5712 players 0 retained 0 seconds 0.02825976489111781
sset_21_gloiZ_gTJaE_frame_00000001 pair 19 [1, 5] combined 50752 players 18196 retained 256 seconds 0.8869907911866903
sset_21_gloiZ_gTJaE_frame_00000001 pair 20 [1, 6] combined 0 players 0 retained 0 seconds 0.012913630809634924
sset_21_gloiZ_gTJaE_frame_00000001 pair 23 [1, 9] combined 2328 players 0 retained 0 seconds 0.018347572069615126
sset_21_gloiZ_gTJaE_frame_00000001 pair 24 [1, 10] combined 0 players 0 retained 0 seconds 0.010677112732082605
sset_21_gloiZ_gTJaE_frame_00000001 pair 25 [1, 11] combined 1552 players 114 retained 56 seconds 0.04935056623071432
sset_21_gloiZ_gTJaE_frame_00000001 pair 27 [1, 13] combined 0 players 0 retained 0 seconds 0.010211293119937181
sset_21_gloiZ_gTJaE_frame_00000001 pair 28 [1, 14] combined 0 players 0 retained 0 seconds 0.011157465633004904
sset_21_gloiZ_gTJaE_frame_00000001 pair 29 [1, 15] combined 0 players 0 retained 0 seconds 0.010697710793465376
sset_21_gloiZ_gTJaE_frame_00000001 pair 30 [2, 0] combined 4800 players 1534 retained 256 seconds 0.14082059729844332
sset_21_gloiZ_gTJaE_frame_00000001 pair 32 [2, 3] combined 0 players 0 retained 0 seconds 0.004273049999028444
sset_21_gloiZ_gTJaE_frame_00000001 pair 33 [2, 4] combined 96 players 0 retained 0 seconds 0.005039088893681765
sset_21_gloiZ_gTJaE_frame_00000001 pair 34 [2, 5] combined 2048 players 576 retained 256 seconds 0.08975667506456375
sset_21_gloiZ_gTJaE_frame_00000001 pair 35 [2, 6] combined 0 players 0 retained 0 seconds 0.003957648761570454
sset_21_gloiZ_gTJaE_frame_00000001 pair 38 [2, 9] combined 40 players 0 retained 0 seconds 0.004282904788851738
sset_21_gloiZ_gTJaE_frame_00000001 pair 40 [2, 11] combined 96 players 8 retained 4 seconds 0.03074377216398716
sset_21_gloiZ_gTJaE_frame_00000001 pair 42 [2, 13] combined 0 players 0 retained 0 seconds 0.00361937889829278
sset_21_gloiZ_gTJaE_frame_00000001 pair 44 [2, 15] combined 0 players 0 retained 0 seconds 0.003172539174556732
sset_21_gloiZ_gTJaE_frame_00000001 pair 45 [3, 0] combined 0 players 0 retained 0 seconds 0.019302265252918005
sset_21_gloiZ_gTJaE_frame_00000001 pair 46 [3, 1] combined 0 players 0 retained 0 seconds 0.008480882737785578
sset_21_gloiZ_gTJaE_frame_00000001 pair 47 [3, 2] combined 0 players 0 retained 0 seconds 0.0031262650154531
sset_21_gloiZ_gTJaE_frame_00000001 pair 49 [3, 5] combined 0 players 0 retained 0 seconds 0.011861464940011501
sset_21_gloiZ_gTJaE_frame_00000001 pair 52 [3, 8] combined 0 players 0 retained 0 seconds 0.002259270753711462
sset_21_gloiZ_gTJaE_frame_00000001 pair 54 [3, 10] combined 0 players 0 retained 0 seconds 0.0021662451326847076
sset_21_gloiZ_gTJaE_frame_00000001 pair 55 [3, 11] combined 0 players 0 retained 0 seconds 0.003507039975374937
sset_21_gloiZ_gTJaE_frame_00000001 pair 56 [3, 12] combined 0 players 0 retained 0 seconds 0.005704005714505911
sset_21_gloiZ_gTJaE_frame_00000001 pair 58 [3, 14] combined 0 players 0 retained 0 seconds 0.002451697364449501
sset_21_gloiZ_gTJaE_frame_00000001 pair 61 [4, 1] combined 236 players 0 retained 0 seconds 0.010566039942204952
sset_21_gloiZ_gTJaE_frame_00000001 pair 62 [4, 2] combined 0 players 0 retained 0 seconds 0.004757150076329708
sset_21_gloiZ_gTJaE_frame_00000001 pair 66 [4, 7] combined 12 players 6 retained 3 seconds 0.03096084762364626
sset_21_gloiZ_gTJaE_frame_00000001 pair 67 [4, 8] combined 0 players 0 retained 0 seconds 0.004287751857191324
sset_21_gloiZ_gTJaE_frame_00000001 pair 71 [4, 12] combined 492 players 0 retained 0 seconds 0.008980870246887207
sset_21_gloiZ_gTJaE_frame_00000001 pair 76 [5, 1] combined 38280 players 8270 retained 256 seconds 0.49276699824258685
sset_21_gloiZ_gTJaE_frame_00000001 pair 77 [5, 2] combined 728 players 248 retained 121 seconds 0.06243853410705924
sset_21_gloiZ_gTJaE_frame_00000001 pair 78 [5, 3] combined 0 players 0 retained 0 seconds 0.01541638420894742
sset_21_gloiZ_gTJaE_frame_00000001 pair 81 [5, 7] combined 0 players 0 retained 0 seconds 0.0161985931918025
sset_21_gloiZ_gTJaE_frame_00000001 pair 82 [5, 8] combined 0 players 0 retained 0 seconds 0.011017030104994774
sset_21_gloiZ_gTJaE_frame_00000001 pair 86 [5, 12] combined 13580 players 2996 retained 256 seconds 0.2190535762347281
sset_21_gloiZ_gTJaE_frame_00000001 pair 91 [6, 1] combined 0 players 0 retained 0 seconds 0.009910280350595713
sset_21_gloiZ_gTJaE_frame_00000001 pair 92 [6, 2] combined 0 players 0 retained 0 seconds 0.0033134310506284237
sset_21_gloiZ_gTJaE_frame_00000001 pair 96 [6, 7] combined 0 players 0 retained 0 seconds 0.003395562060177326
sset_21_gloiZ_gTJaE_frame_00000001 pair 97 [6, 8] combined 0 players 0 retained 0 seconds 0.0019311350770294666
sset_21_gloiZ_gTJaE_frame_00000001 pair 99 [6, 10] combined 0 players 0 retained 0 seconds 0.0023451237939298153
sset_21_gloiZ_gTJaE_frame_00000001 pair 101 [6, 12] combined 0 players 0 retained 0 seconds 0.007268860936164856
sset_21_gloiZ_gTJaE_frame_00000001 pair 105 [7, 0] combined 856 players 266 retained 133 seconds 0.06906746001914144
sset_21_gloiZ_gTJaE_frame_00000001 pair 109 [7, 4] combined 0 players 0 retained 0 seconds 0.005412743892520666
sset_21_gloiZ_gTJaE_frame_00000001 pair 110 [7, 5] combined 0 players 0 retained 0 seconds 0.013092607259750366
sset_21_gloiZ_gTJaE_frame_00000001 pair 111 [7, 6] combined 0 players 0 retained 0 seconds 0.004201528150588274
sset_21_gloiZ_gTJaE_frame_00000001 pair 115 [7, 11] combined 0 players 0 retained 0 seconds 0.004862039349973202
sset_21_gloiZ_gTJaE_frame_00000001 pair 117 [7, 13] combined 0 players 0 retained 0 seconds 0.0035704602487385273
sset_21_gloiZ_gTJaE_frame_00000001 pair 119 [7, 15] combined 0 players 0 retained 0 seconds 0.003517632372677326
sset_21_gloiZ_gTJaE_frame_00000001 pair 120 [8, 0] combined 0 players 0 retained 0 seconds 0.019334704615175724
sset_21_gloiZ_gTJaE_frame_00000001 pair 123 [8, 3] combined 0 players 0 retained 0 seconds 0.0025496529415249825
sset_21_gloiZ_gTJaE_frame_00000001 pair 124 [8, 4] combined 0 players 0 retained 0 seconds 0.003732224926352501
sset_21_gloiZ_gTJaE_frame_00000001 pair 125 [8, 5] combined 0 players 0 retained 0 seconds 0.010587920900434256
sset_21_gloiZ_gTJaE_frame_00000001 pair 126 [8, 6] combined 0 players 0 retained 0 seconds 0.0019471365958452225
sset_21_gloiZ_gTJaE_frame_00000001 pair 128 [8, 9] combined 0 players 0 retained 0 seconds 0.0029151206836104393
sset_21_gloiZ_gTJaE_frame_00000001 pair 129 [8, 10] combined 0 players 0 retained 0 seconds 0.0020620953291654587
sset_21_gloiZ_gTJaE_frame_00000001 pair 130 [8, 11] combined 0 players 0 retained 0 seconds 0.0033387779258191586
sset_21_gloiZ_gTJaE_frame_00000001 pair 136 [9, 1] combined 0 players 0 retained 0 seconds 0.008971014991402626
sset_21_gloiZ_gTJaE_frame_00000001 pair 137 [9, 2] combined 0 players 0 retained 0 seconds 0.004100453108549118
sset_21_gloiZ_gTJaE_frame_00000001 pair 143 [9, 8] combined 0 players 0 retained 0 seconds 0.003682724665850401
sset_21_gloiZ_gTJaE_frame_00000001 pair 146 [9, 12] combined 180 players 0 retained 0 seconds 0.007610996253788471
sset_21_gloiZ_gTJaE_frame_00000001 pair 151 [10, 1] combined 0 players 0 retained 0 seconds 0.007866598665714264
sset_21_gloiZ_gTJaE_frame_00000001 pair 153 [10, 3] combined 0 players 0 retained 0 seconds 0.0023579970002174377
sset_21_gloiZ_gTJaE_frame_00000001 pair 156 [10, 6] combined 0 players 0 retained 0 seconds 0.0023817429319024086
sset_21_gloiZ_gTJaE_frame_00000001 pair 158 [10, 8] combined 0 players 0 retained 0 seconds 0.0019438541494309902
sset_21_gloiZ_gTJaE_frame_00000001 pair 161 [10, 12] combined 0 players 0 retained 0 seconds 0.006534209940582514
sset_21_gloiZ_gTJaE_frame_00000001 pair 162 [10, 13] combined 0 players 0 retained 0 seconds 0.002350127324461937
sset_21_gloiZ_gTJaE_frame_00000001 pair 164 [10, 15] combined 0 players 0 retained 0 seconds 0.0018416550010442734
sset_21_gloiZ_gTJaE_frame_00000001 pair 166 [11, 1] combined 528 players 80 retained 38 seconds 0.0417485018260777
sset_21_gloiZ_gTJaE_frame_00000001 pair 167 [11, 2] combined 32 players 4 retained 2 seconds 0.030907583888620138
sset_21_gloiZ_gTJaE_frame_00000001 pair 168 [11, 3] combined 0 players 0 retained 0 seconds 0.004502184223383665
sset_21_gloiZ_gTJaE_frame_00000001 pair 172 [11, 7] combined 140 players 56 retained 29 seconds 0.034134211018681526
sset_21_gloiZ_gTJaE_frame_00000001 pair 173 [11, 8] combined 0 players 0 retained 0 seconds 0.00399591401219368
sset_21_gloiZ_gTJaE_frame_00000001 pair 176 [11, 12] combined 152 players 50 retained 25 seconds 0.036320822313427925
sset_21_gloiZ_gTJaE_frame_00000001 pair 180 [12, 0] combined 46920 players 11474 retained 256 seconds 0.6048945751972497
sset_21_gloiZ_gTJaE_frame_00000001 pair 183 [12, 3] combined 0 players 0 retained 0 seconds 0.009847602341324091
sset_21_gloiZ_gTJaE_frame_00000001 pair 184 [12, 4] combined 3224 players 0 retained 0 seconds 0.018135601188987494
sset_21_gloiZ_gTJaE_frame_00000001 pair 185 [12, 5] combined 21504 players 7408 retained 256 seconds 0.40380900632590055
sset_21_gloiZ_gTJaE_frame_00000001 pair 186 [12, 6] combined 0 players 0 retained 0 seconds 0.008719539269804955
sset_21_gloiZ_gTJaE_frame_00000001 pair 189 [12, 9] combined 448 players 0 retained 0 seconds 0.00922927213832736
sset_21_gloiZ_gTJaE_frame_00000001 pair 190 [12, 10] combined 0 players 0 retained 0 seconds 0.007058415096253157
sset_21_gloiZ_gTJaE_frame_00000001 pair 191 [12, 11] combined 1248 players 56 retained 28 seconds 0.04111037589609623
sset_21_gloiZ_gTJaE_frame_00000001 pair 194 [12, 15] combined 0 players 0 retained 0 seconds 0.008509249426424503
sset_21_gloiZ_gTJaE_frame_00000001 pair 196 [13, 1] combined 0 players 0 retained 0 seconds 0.008437050972133875
sset_21_gloiZ_gTJaE_frame_00000001 pair 197 [13, 2] combined 0 players 0 retained 0 seconds 0.003193068318068981
sset_21_gloiZ_gTJaE_frame_00000001 pair 202 [13, 7] combined 0 players 0 retained 0 seconds 0.003060773015022278
sset_21_gloiZ_gTJaE_frame_00000001 pair 205 [13, 10] combined 0 players 0 retained 0 seconds 0.002271793782711029
sset_21_gloiZ_gTJaE_frame_00000001 pair 211 [14, 1] combined 0 players 0 retained 0 seconds 0.008548493962734938
sset_21_gloiZ_gTJaE_frame_00000001 pair 213 [14, 3] combined 0 players 0 retained 0 seconds 0.002697024028748274
sset_21_gloiZ_gTJaE_frame_00000001 pair 226 [15, 1] combined 0 players 0 retained 0 seconds 0.00915001006796956
sset_21_gloiZ_gTJaE_frame_00000001 pair 227 [15, 2] combined 0 players 0 retained 0 seconds 0.0029446380212903023
sset_21_gloiZ_gTJaE_frame_00000001 pair 232 [15, 7] combined 0 players 0 retained 0 seconds 0.0031196819618344307
sset_21_gloiZ_gTJaE_frame_00000001 pair 235 [15, 10] combined 0 players 0 retained 0 seconds 0.001851365901529789
sset_21_gloiZ_gTJaE_frame_00000001 pair 237 [15, 12] combined 0 players 0 retained 0 seconds 0.005737366620451212
[sset_21_gloiZ_gTJaE_frame_00000001] line-template: preparing rectangles
[sset_21_gloiZ_gTJaE_frame_00000001] measuring 731 parents (G0=256, G1=256, line_template=256; conflicting geometry groups=0)
[sset_21_gloiZ_gTJaE_frame_00000001] parents 250/731
[sset_21_gloiZ_gTJaE_frame_00000001] parents 500/731
[sset_21_gloiZ_gTJaE_frame_00000001] refitting 731 parents
[sset_21_gloiZ_gTJaE_frame_00000001] refits 250/731; valid children=188
[sset_21_gloiZ_gTJaE_frame_00000001] refits 500/731; valid children=427
{"view_id": "sset_21_gloiZ_gTJaE_frame_00000001", "chosen_key": "G0:180:580/child", "no_court_reason": null, "all_checks_equal": null, "error": null}
{"views": ["sset_21_gloiZ_gTJaE_frame_00000001"], "startup_seconds": 0.04589834436774254, "wall_seconds": 221.99360260134563, "peak_rss_mb": 1184.03515625, "failed": []}
