decoded /scratch/cmarti/issue103_ad8da4f/external/shuttleset-sources/21 An_Se_Young_Ratchanok_Intanon_YONEX_Thailand_Open_2021_QuarterFinals.mp4 to frame 23938 in 98s
sset_21_gloiZ_gTJaE_frame_00023893 pair 0 [0, 1] combined 0 players 0 retained 0 seconds 0.012358223088085651
sset_21_gloiZ_gTJaE_frame_00023893 pair 1 [0, 2] combined 0 players 0 retained 0 seconds 0.010348315816372633
sset_21_gloiZ_gTJaE_frame_00023893 pair 2 [0, 3] combined 0 players 0 retained 0 seconds 0.010243231896311045
sset_21_gloiZ_gTJaE_frame_00023893 pair 3 [0, 4] combined 0 players 0 retained 0 seconds 0.009996006730943918
sset_21_gloiZ_gTJaE_frame_00023893 pair 4 [0, 5] combined 0 players 0 retained 0 seconds 0.010244003031402826
sset_21_gloiZ_gTJaE_frame_00023893 pair 5 [0, 6] combined 0 players 0 retained 0 seconds 0.00999976322054863
sset_21_gloiZ_gTJaE_frame_00023893 pair 6 [0, 7] combined 0 players 0 retained 0 seconds 0.010156513191759586
sset_21_gloiZ_gTJaE_frame_00023893 pair 7 [0, 8] combined 0 players 0 retained 0 seconds 0.009812302887439728
sset_21_gloiZ_gTJaE_frame_00023893 pair 8 [0, 9] combined 0 players 0 retained 0 seconds 0.01003830274567008
sset_21_gloiZ_gTJaE_frame_00023893 pair 9 [0, 10] combined 0 players 0 retained 0 seconds 0.009491769131273031
sset_21_gloiZ_gTJaE_frame_00023893 pair 11 [0, 12] combined 0 players 0 retained 0 seconds 0.010041459929198027
sset_21_gloiZ_gTJaE_frame_00023893 pair 13 [0, 14] combined 0 players 0 retained 0 seconds 0.009674579836428165
sset_21_gloiZ_gTJaE_frame_00023893 pair 15 [1, 0] combined 0 players 0 retained 0 seconds 0.009052093140780926
sset_21_gloiZ_gTJaE_frame_00023893 pair 18 [1, 4] combined 0 players 0 retained 0 seconds 0.00556075107306242
sset_21_gloiZ_gTJaE_frame_00023893 pair 19 [1, 5] combined 0 players 0 retained 0 seconds 0.005506581626832485
sset_21_gloiZ_gTJaE_frame_00023893 pair 20 [1, 6] combined 0 players 0 retained 0 seconds 0.005405139178037643
sset_21_gloiZ_gTJaE_frame_00023893 pair 22 [1, 8] combined 0 players 0 retained 0 seconds 0.005316887982189655
sset_21_gloiZ_gTJaE_frame_00023893 pair 23 [1, 9] combined 0 players 0 retained 0 seconds 0.005376114044338465
sset_21_gloiZ_gTJaE_frame_00023893 pair 24 [1, 10] combined 0 players 0 retained 0 seconds 0.005277199205011129
sset_21_gloiZ_gTJaE_frame_00023893 pair 25 [1, 11] combined 0 players 0 retained 0 seconds 0.005586646031588316
sset_21_gloiZ_gTJaE_frame_00023893 pair 27 [1, 13] combined 0 players 0 retained 0 seconds 0.0052889022044837475
sset_21_gloiZ_gTJaE_frame_00023893 pair 28 [1, 14] combined 0 players 0 retained 0 seconds 0.005102596245706081
sset_21_gloiZ_gTJaE_frame_00023893 pair 30 [2, 0] combined 0 players 0 retained 0 seconds 0.00605127913877368
sset_21_gloiZ_gTJaE_frame_00023893 pair 35 [2, 6] combined 0 players 0 retained 0 seconds 0.0023503489792346954
sset_21_gloiZ_gTJaE_frame_00023893 pair 36 [2, 7] combined 0 players 0 retained 0 seconds 0.0025025811046361923
sset_21_gloiZ_gTJaE_frame_00023893 pair 41 [2, 12] combined 0 players 0 retained 0 seconds 0.002451255451887846
sset_21_gloiZ_gTJaE_frame_00023893 pair 42 [2, 13] combined 0 players 0 retained 0 seconds 0.002246358897536993
sset_21_gloiZ_gTJaE_frame_00023893 pair 43 [2, 14] combined 0 players 0 retained 0 seconds 0.0021561281755566597
sset_21_gloiZ_gTJaE_frame_00023893 pair 45 [3, 0] combined 0 players 0 retained 0 seconds 0.0058502559550106525
sset_21_gloiZ_gTJaE_frame_00023893 pair 50 [3, 6] combined 0 players 0 retained 0 seconds 0.002323492895811796
sset_21_gloiZ_gTJaE_frame_00023893 pair 51 [3, 7] combined 0 players 0 retained 0 seconds 0.0024496978148818016
sset_21_gloiZ_gTJaE_frame_00023893 pair 56 [3, 12] combined 0 players 0 retained 0 seconds 0.002432987093925476
sset_21_gloiZ_gTJaE_frame_00023893 pair 57 [3, 13] combined 0 players 0 retained 0 seconds 0.0021394137293100357
sset_21_gloiZ_gTJaE_frame_00023893 pair 58 [3, 14] combined 0 players 0 retained 0 seconds 0.0021297172643244267
sset_21_gloiZ_gTJaE_frame_00023893 pair 60 [4, 0] combined 0 players 0 retained 0 seconds 0.0054033962078392506
sset_21_gloiZ_gTJaE_frame_00023893 pair 61 [4, 1] combined 0 players 0 retained 0 seconds 0.003607695922255516
sset_21_gloiZ_gTJaE_frame_00023893 pair 66 [4, 7] combined 0 players 0 retained 0 seconds 0.0022863298654556274
sset_21_gloiZ_gTJaE_frame_00023893 pair 71 [4, 12] combined 0 players 0 retained 0 seconds 0.002052001655101776
sset_21_gloiZ_gTJaE_frame_00023893 pair 75 [5, 0] combined 0 players 0 retained 0 seconds 0.00557307293638587
sset_21_gloiZ_gTJaE_frame_00023893 pair 76 [5, 1] combined 0 players 0 retained 0 seconds 0.003511255607008934
sset_21_gloiZ_gTJaE_frame_00023893 pair 85 [5, 11] combined 0 players 0 retained 0 seconds 0.002078393939882517
sset_21_gloiZ_gTJaE_frame_00023893 pair 90 [6, 0] combined 0 players 0 retained 0 seconds 0.005485230125486851
sset_21_gloiZ_gTJaE_frame_00023893 pair 91 [6, 1] combined 0 players 0 retained 0 seconds 0.003489695955067873
sset_21_gloiZ_gTJaE_frame_00023893 pair 92 [6, 2] combined 0 players 0 retained 0 seconds 0.0021080803126096725
sset_21_gloiZ_gTJaE_frame_00023893 pair 93 [6, 3] combined 0 players 0 retained 0 seconds 0.0020853490568697453
sset_21_gloiZ_gTJaE_frame_00023893 pair 105 [7, 0] combined 0 players 0 retained 0 seconds 0.0057830410078167915
sset_21_gloiZ_gTJaE_frame_00023893 pair 107 [7, 2] combined 0 players 0 retained 0 seconds 0.0024963701143860817
sset_21_gloiZ_gTJaE_frame_00023893 pair 108 [7, 3] combined 0 players 0 retained 0 seconds 0.002462505828589201
sset_21_gloiZ_gTJaE_frame_00023893 pair 109 [7, 4] combined 0 players 0 retained 0 seconds 0.0022726189345121384
sset_21_gloiZ_gTJaE_frame_00023893 pair 113 [7, 9] combined 0 players 0 retained 0 seconds 0.002239581197500229
sset_21_gloiZ_gTJaE_frame_00023893 pair 114 [7, 10] combined 0 players 0 retained 0 seconds 0.0021911668591201305
sset_21_gloiZ_gTJaE_frame_00023893 pair 115 [7, 11] combined 0 players 0 retained 0 seconds 0.0023477692157030106
sset_21_gloiZ_gTJaE_frame_00023893 pair 119 [7, 15] combined 0 players 0 retained 0 seconds 0.0022659562528133392
sset_21_gloiZ_gTJaE_frame_00023893 pair 120 [8, 0] combined 0 players 0 retained 0 seconds 0.005136827938258648
sset_21_gloiZ_gTJaE_frame_00023893 pair 121 [8, 1] combined 0 players 0 retained 0 seconds 0.00326004670932889
sset_21_gloiZ_gTJaE_frame_00023893 pair 135 [9, 0] combined 0 players 0 retained 0 seconds 0.0051180520094931126
sset_21_gloiZ_gTJaE_frame_00023893 pair 136 [9, 1] combined 0 players 0 retained 0 seconds 0.0033140359446406364
sset_21_gloiZ_gTJaE_frame_00023893 pair 142 [9, 7] combined 0 players 0 retained 0 seconds 0.0019386936910450459
sset_21_gloiZ_gTJaE_frame_00023893 pair 150 [10, 0] combined 0 players 0 retained 0 seconds 0.0050979782827198505
sset_21_gloiZ_gTJaE_frame_00023893 pair 151 [10, 1] combined 0 players 0 retained 0 seconds 0.0033194469287991524
sset_21_gloiZ_gTJaE_frame_00023893 pair 157 [10, 7] combined 0 players 0 retained 0 seconds 0.0019054841250181198
sset_21_gloiZ_gTJaE_frame_00023893 pair 161 [10, 12] combined 0 players 0 retained 0 seconds 0.0019362503662705421
sset_21_gloiZ_gTJaE_frame_00023893 pair 166 [11, 1] combined 0 players 0 retained 0 seconds 0.003714294172823429
sset_21_gloiZ_gTJaE_frame_00023893 pair 170 [11, 5] combined 0 players 0 retained 0 seconds 0.0020220517180860043
sset_21_gloiZ_gTJaE_frame_00023893 pair 172 [11, 7] combined 0 players 0 retained 0 seconds 0.002216690219938755
sset_21_gloiZ_gTJaE_frame_00023893 pair 179 [11, 15] combined 0 players 0 retained 0 seconds 0.002155174035578966
sset_21_gloiZ_gTJaE_frame_00023893 pair 180 [12, 0] combined 0 players 0 retained 0 seconds 0.005489885341376066
sset_21_gloiZ_gTJaE_frame_00023893 pair 182 [12, 2] combined 0 players 0 retained 0 seconds 0.002321088220924139
sset_21_gloiZ_gTJaE_frame_00023893 pair 183 [12, 3] combined 0 players 0 retained 0 seconds 0.0023461412638425827
sset_21_gloiZ_gTJaE_frame_00023893 pair 184 [12, 4] combined 0 players 0 retained 0 seconds 0.00213031517341733
sset_21_gloiZ_gTJaE_frame_00023893 pair 190 [12, 10] combined 0 players 0 retained 0 seconds 0.002092172857373953
sset_21_gloiZ_gTJaE_frame_00023893 pair 194 [12, 15] combined 0 players 0 retained 0 seconds 0.0021948660723865032
sset_21_gloiZ_gTJaE_frame_00023893 pair 196 [13, 1] combined 0 players 0 retained 0 seconds 0.003325127996504307
sset_21_gloiZ_gTJaE_frame_00023893 pair 197 [13, 2] combined 0 players 0 retained 0 seconds 0.001904360018670559
sset_21_gloiZ_gTJaE_frame_00023893 pair 198 [13, 3] combined 0 players 0 retained 0 seconds 0.0018770419992506504
sset_21_gloiZ_gTJaE_frame_00023893 pair 209 [13, 15] combined 0 players 0 retained 0 seconds 0.0018483567982912064
sset_21_gloiZ_gTJaE_frame_00023893 pair 210 [14, 0] combined 0 players 0 retained 0 seconds 0.004996426869183779
sset_21_gloiZ_gTJaE_frame_00023893 pair 211 [14, 1] combined 0 players 0 retained 0 seconds 0.003236217424273491
sset_21_gloiZ_gTJaE_frame_00023893 pair 212 [14, 2] combined 0 players 0 retained 0 seconds 0.0018307948485016823
sset_21_gloiZ_gTJaE_frame_00023893 pair 213 [14, 3] combined 0 players 0 retained 0 seconds 0.0018139360472559929
sset_21_gloiZ_gTJaE_frame_00023893 pair 224 [14, 15] combined 0 players 0 retained 0 seconds 0.001704591792076826
sset_21_gloiZ_gTJaE_frame_00023893 pair 232 [15, 7] combined 0 players 0 retained 0 seconds 0.0022186357527971268
sset_21_gloiZ_gTJaE_frame_00023893 pair 236 [15, 11] combined 0 players 0 retained 0 seconds 0.0020778928883373737
sset_21_gloiZ_gTJaE_frame_00023893 pair 237 [15, 12] combined 0 players 0 retained 0 seconds 0.0021159304305911064
sset_21_gloiZ_gTJaE_frame_00023893 pair 238 [15, 13] combined 0 players 0 retained 0 seconds 0.0019309497438371181
sset_21_gloiZ_gTJaE_frame_00023893 pair 239 [15, 14] combined 0 players 0 retained 0 seconds 0.0018433881923556328
sset_21_gloiZ_gTJaE_frame_00023893 pair 0 [0, 1] combined 0 players 0 retained 0 seconds 0.0019360980950295925
sset_21_gloiZ_gTJaE_frame_00023893 pair 1 [0, 2] combined 0 players 0 retained 0 seconds 0.00156441330909729
sset_21_gloiZ_gTJaE_frame_00023893 pair 2 [0, 3] combined 0 players 0 retained 0 seconds 0.0014922982081770897
sset_21_gloiZ_gTJaE_frame_00023893 pair 3 [0, 4] combined 0 players 0 retained 0 seconds 0.0014808480627834797
sset_21_gloiZ_gTJaE_frame_00023893 pair 4 [0, 5] combined 0 players 0 retained 0 seconds 0.0014478852972388268
sset_21_gloiZ_gTJaE_frame_00023893 pair 5 [0, 6] combined 0 players 0 retained 0 seconds 0.001424505840986967
sset_21_gloiZ_gTJaE_frame_00023893 pair 6 [0, 7] combined 0 players 0 retained 0 seconds 0.0015552802942693233
sset_21_gloiZ_gTJaE_frame_00023893 pair 7 [0, 8] combined 0 players 0 retained 0 seconds 0.001456091646105051
sset_21_gloiZ_gTJaE_frame_00023893 pair 8 [0, 9] combined 0 players 0 retained 0 seconds 0.001440911553800106
sset_21_gloiZ_gTJaE_frame_00023893 pair 9 [0, 10] combined 0 players 0 retained 0 seconds 0.0014415867626667023
sset_21_gloiZ_gTJaE_frame_00023893 pair 11 [0, 12] combined 0 players 0 retained 0 seconds 0.001489168033003807
sset_21_gloiZ_gTJaE_frame_00023893 pair 13 [0, 14] combined 0 players 0 retained 0 seconds 0.0014475979842245579
sset_21_gloiZ_gTJaE_frame_00023893 pair 15 [1, 0] combined 0 players 0 retained 0 seconds 0.0018490143120288849
sset_21_gloiZ_gTJaE_frame_00023893 pair 18 [1, 4] combined 0 players 0 retained 0 seconds 0.0016440260224044323
sset_21_gloiZ_gTJaE_frame_00023893 pair 19 [1, 5] combined 0 players 0 retained 0 seconds 0.001608450897037983
sset_21_gloiZ_gTJaE_frame_00023893 pair 20 [1, 6] combined 0 players 0 retained 0 seconds 0.001570515800267458
sset_21_gloiZ_gTJaE_frame_00023893 pair 22 [1, 8] combined 0 players 0 retained 0 seconds 0.001599291805177927
sset_21_gloiZ_gTJaE_frame_00023893 pair 23 [1, 9] combined 0 players 0 retained 0 seconds 0.0015767239965498447
sset_21_gloiZ_gTJaE_frame_00023893 pair 24 [1, 10] combined 0 players 0 retained 0 seconds 0.0015800092369318008
sset_21_gloiZ_gTJaE_frame_00023893 pair 25 [1, 11] combined 0 players 0 retained 0 seconds 0.0016355630941689014
sset_21_gloiZ_gTJaE_frame_00023893 pair 27 [1, 13] combined 0 players 0 retained 0 seconds 0.0015964042395353317
sset_21_gloiZ_gTJaE_frame_00023893 pair 28 [1, 14] combined 0 players 0 retained 0 seconds 0.0015789922326803207
sset_21_gloiZ_gTJaE_frame_00023893 pair 30 [2, 0] combined 0 players 0 retained 0 seconds 0.0014183111488819122
sset_21_gloiZ_gTJaE_frame_00023893 pair 35 [2, 6] combined 0 players 0 retained 0 seconds 0.0012966906651854515
sset_21_gloiZ_gTJaE_frame_00023893 pair 36 [2, 7] combined 0 players 0 retained 0 seconds 0.001407732255756855
sset_21_gloiZ_gTJaE_frame_00023893 pair 41 [2, 12] combined 0 players 0 retained 0 seconds 0.0013662157580256462
sset_21_gloiZ_gTJaE_frame_00023893 pair 42 [2, 13] combined 0 players 0 retained 0 seconds 0.0013003209605813026
sset_21_gloiZ_gTJaE_frame_00023893 pair 43 [2, 14] combined 0 players 0 retained 0 seconds 0.0012580249458551407
sset_21_gloiZ_gTJaE_frame_00023893 pair 45 [3, 0] combined 0 players 0 retained 0 seconds 0.001422506757080555
sset_21_gloiZ_gTJaE_frame_00023893 pair 50 [3, 6] combined 0 players 0 retained 0 seconds 0.0012636766768991947
sset_21_gloiZ_gTJaE_frame_00023893 pair 51 [3, 7] combined 0 players 0 retained 0 seconds 0.0013626990839838982
sset_21_gloiZ_gTJaE_frame_00023893 pair 56 [3, 12] combined 0 players 0 retained 0 seconds 0.0013339510187506676
sset_21_gloiZ_gTJaE_frame_00023893 pair 57 [3, 13] combined 0 players 0 retained 0 seconds 0.0012460961006581783
sset_21_gloiZ_gTJaE_frame_00023893 pair 58 [3, 14] combined 0 players 0 retained 0 seconds 0.001220771111547947
sset_21_gloiZ_gTJaE_frame_00023893 pair 60 [4, 0] combined 0 players 0 retained 0 seconds 0.001356031745672226
sset_21_gloiZ_gTJaE_frame_00023893 pair 61 [4, 1] combined 0 players 0 retained 0 seconds 0.0014479411765933037
sset_21_gloiZ_gTJaE_frame_00023893 pair 66 [4, 7] combined 0 players 0 retained 0 seconds 0.001417387742549181
sset_21_gloiZ_gTJaE_frame_00023893 pair 71 [4, 12] combined 0 players 0 retained 0 seconds 0.0012960461899638176
sset_21_gloiZ_gTJaE_frame_00023893 pair 75 [5, 0] combined 0 players 0 retained 0 seconds 0.001387283205986023
sset_21_gloiZ_gTJaE_frame_00023893 pair 76 [5, 1] combined 0 players 0 retained 0 seconds 0.0014458466321229935
sset_21_gloiZ_gTJaE_frame_00023893 pair 85 [5, 11] combined 0 players 0 retained 0 seconds 0.001271727029234171
sset_21_gloiZ_gTJaE_frame_00023893 pair 90 [6, 0] combined 0 players 0 retained 0 seconds 0.0013078260235488415
sset_21_gloiZ_gTJaE_frame_00023893 pair 91 [6, 1] combined 0 players 0 retained 0 seconds 0.0013713021762669086
sset_21_gloiZ_gTJaE_frame_00023893 pair 92 [6, 2] combined 0 players 0 retained 0 seconds 0.0012575360015034676
sset_21_gloiZ_gTJaE_frame_00023893 pair 93 [6, 3] combined 0 players 0 retained 0 seconds 0.0012145140208303928
sset_21_gloiZ_gTJaE_frame_00023893 pair 105 [7, 0] combined 0 players 0 retained 0 seconds 0.0015008486807346344
sset_21_gloiZ_gTJaE_frame_00023893 pair 107 [7, 2] combined 0 players 0 retained 0 seconds 0.001409929245710373
sset_21_gloiZ_gTJaE_frame_00023893 pair 108 [7, 3] combined 0 players 0 retained 0 seconds 0.0014204522594809532
sset_21_gloiZ_gTJaE_frame_00023893 pair 109 [7, 4] combined 0 players 0 retained 0 seconds 0.0014357808977365494
sset_21_gloiZ_gTJaE_frame_00023893 pair 113 [7, 9] combined 0 players 0 retained 0 seconds 0.001427019014954567
sset_21_gloiZ_gTJaE_frame_00023893 pair 114 [7, 10] combined 0 players 0 retained 0 seconds 0.0013252426870167255
sset_21_gloiZ_gTJaE_frame_00023893 pair 115 [7, 11] combined 0 players 0 retained 0 seconds 0.0013617342337965965
sset_21_gloiZ_gTJaE_frame_00023893 pair 119 [7, 15] combined 0 players 0 retained 0 seconds 0.0013840598985552788
sset_21_gloiZ_gTJaE_frame_00023893 pair 120 [8, 0] combined 0 players 0 retained 0 seconds 0.0012843860313296318
sset_21_gloiZ_gTJaE_frame_00023893 pair 121 [8, 1] combined 0 players 0 retained 0 seconds 0.00135814119130373
sset_21_gloiZ_gTJaE_frame_00023893 pair 135 [9, 0] combined 0 players 0 retained 0 seconds 0.0013388427905738354
sset_21_gloiZ_gTJaE_frame_00023893 pair 136 [9, 1] combined 0 players 0 retained 0 seconds 0.001340869814157486
sset_21_gloiZ_gTJaE_frame_00023893 pair 142 [9, 7] combined 0 players 0 retained 0 seconds 0.001390113029628992
sset_21_gloiZ_gTJaE_frame_00023893 pair 150 [10, 0] combined 0 players 0 retained 0 seconds 0.0014038379304111004
sset_21_gloiZ_gTJaE_frame_00023893 pair 151 [10, 1] combined 0 players 0 retained 0 seconds 0.001423767302185297
sset_21_gloiZ_gTJaE_frame_00023893 pair 157 [10, 7] combined 0 players 0 retained 0 seconds 0.0013111410662531853
sset_21_gloiZ_gTJaE_frame_00023893 pair 161 [10, 12] combined 0 players 0 retained 0 seconds 0.001250274945050478
sset_21_gloiZ_gTJaE_frame_00023893 pair 166 [11, 1] combined 0 players 0 retained 0 seconds 0.0015058182179927826
sset_21_gloiZ_gTJaE_frame_00023893 pair 170 [11, 5] combined 0 players 0 retained 0 seconds 0.0012904400937259197
sset_21_gloiZ_gTJaE_frame_00023893 pair 172 [11, 7] combined 0 players 0 retained 0 seconds 0.0013712719082832336
sset_21_gloiZ_gTJaE_frame_00023893 pair 179 [11, 15] combined 0 players 0 retained 0 seconds 0.0012274039909243584
sset_21_gloiZ_gTJaE_frame_00023893 pair 180 [12, 0] combined 0 players 0 retained 0 seconds 0.001390031073242426
sset_21_gloiZ_gTJaE_frame_00023893 pair 182 [12, 2] combined 0 players 0 retained 0 seconds 0.0013380707241594791
sset_21_gloiZ_gTJaE_frame_00023893 pair 183 [12, 3] combined 0 players 0 retained 0 seconds 0.0013134120963513851
sset_21_gloiZ_gTJaE_frame_00023893 pair 184 [12, 4] combined 0 players 0 retained 0 seconds 0.001310619991272688
sset_21_gloiZ_gTJaE_frame_00023893 pair 190 [12, 10] combined 0 players 0 retained 0 seconds 0.0013542990200221539
sset_21_gloiZ_gTJaE_frame_00023893 pair 194 [12, 15] combined 0 players 0 retained 0 seconds 0.0013477918691933155
sset_21_gloiZ_gTJaE_frame_00023893 pair 196 [13, 1] combined 0 players 0 retained 0 seconds 0.0014016097411513329
sset_21_gloiZ_gTJaE_frame_00023893 pair 197 [13, 2] combined 0 players 0 retained 0 seconds 0.0013162191025912762
sset_21_gloiZ_gTJaE_frame_00023893 pair 198 [13, 3] combined 0 players 0 retained 0 seconds 0.001240372657775879
sset_21_gloiZ_gTJaE_frame_00023893 pair 209 [13, 15] combined 0 players 0 retained 0 seconds 0.0012412210926413536
sset_21_gloiZ_gTJaE_frame_00023893 pair 210 [14, 0] combined 0 players 0 retained 0 seconds 0.0013158810324966908
sset_21_gloiZ_gTJaE_frame_00023893 pair 211 [14, 1] combined 0 players 0 retained 0 seconds 0.0013177348300814629
sset_21_gloiZ_gTJaE_frame_00023893 pair 212 [14, 2] combined 0 players 0 retained 0 seconds 0.0012367339804768562
sset_21_gloiZ_gTJaE_frame_00023893 pair 213 [14, 3] combined 0 players 0 retained 0 seconds 0.0012489017099142075
sset_21_gloiZ_gTJaE_frame_00023893 pair 224 [14, 15] combined 0 players 0 retained 0 seconds 0.001239259261637926
sset_21_gloiZ_gTJaE_frame_00023893 pair 232 [15, 7] combined 0 players 0 retained 0 seconds 0.0013649980537593365
sset_21_gloiZ_gTJaE_frame_00023893 pair 236 [15, 11] combined 0 players 0 retained 0 seconds 0.0012707039713859558
sset_21_gloiZ_gTJaE_frame_00023893 pair 237 [15, 12] combined 0 players 0 retained 0 seconds 0.001225627027451992
sset_21_gloiZ_gTJaE_frame_00023893 pair 238 [15, 13] combined 0 players 0 retained 0 seconds 0.0012082373723387718
sset_21_gloiZ_gTJaE_frame_00023893 pair 239 [15, 14] combined 0 players 0 retained 0 seconds 0.0011870618909597397
[sset_21_gloiZ_gTJaE_frame_00023893] line-template: preparing rectangles
[sset_21_gloiZ_gTJaE_frame_00023893] measuring 256 parents (G0=0, G1=0, line_template=256; conflicting geometry groups=0)
[sset_21_gloiZ_gTJaE_frame_00023893] parents 250/256
[sset_21_gloiZ_gTJaE_frame_00023893] refitting 256 parents
[sset_21_gloiZ_gTJaE_frame_00023893] refits 250/256; valid children=206
{"view_id": "sset_21_gloiZ_gTJaE_frame_00023893", "chosen_key": null, "no_court_reason": "no_gated_court", "all_checks_equal": null, "error": null}
{"views": ["sset_21_gloiZ_gTJaE_frame_00023893"], "startup_seconds": 0.033213051967322826, "wall_seconds": 124.91810701182112, "peak_rss_mb": 481.21484375, "failed": []}
