[gxBQ_window_00_frame_5] generating G0
gxBQ_window_00_frame_5 pair 0 [0, 1] combined 262144 players 61034 retained 256 seconds 5.55389654962346
gxBQ_window_00_frame_5 pair 2 [0, 3] combined 262144 players 83224 retained 256 seconds 6.460165626835078
gxBQ_window_00_frame_5 pair 4 [0, 5] combined 87040 players 25588 retained 256 seconds 4.673972541932017
gxBQ_window_00_frame_5 pair 6 [0, 7] combined 199680 players 30162 retained 256 seconds 2.6544903349131346
gxBQ_window_00_frame_5 pair 7 [0, 8] combined 35840 players 8074 retained 256 seconds 1.6768758837133646
gxBQ_window_00_frame_5 pair 9 [0, 10] combined 29696 players 12064 retained 256 seconds 2.5495919762179255
gxBQ_window_00_frame_5 pair 10 [0, 11] combined 262144 players 22982 retained 256 seconds 2.854451337829232
gxBQ_window_00_frame_5 pair 15 [1, 0] combined 262144 players 50320 retained 256 seconds 3.5774218160659075
gxBQ_window_00_frame_5 pair 16 [1, 2] combined 262144 players 78012 retained 256 seconds 2.7847784152254462
gxBQ_window_00_frame_5 pair 17 [1, 3] combined 262144 players 4598 retained 256 seconds 0.7584678530693054
gxBQ_window_00_frame_5 pair 18 [1, 4] combined 262144 players 88650 retained 256 seconds 2.882091175299138
gxBQ_window_00_frame_5 pair 19 [1, 5] combined 155648 players 7900 retained 256 seconds 0.6217781151644886
gxBQ_window_00_frame_5 pair 20 [1, 6] combined 262144 players 23954 retained 256 seconds 1.0772726191207767
gxBQ_window_00_frame_5 pair 24 [1, 10] combined 40960 players 466 retained 229 seconds 0.18178668385371566
gxBQ_window_00_frame_5 pair 25 [1, 11] combined 262144 players 3588 retained 256 seconds 0.6676485617645085
gxBQ_window_00_frame_5 pair 26 [1, 12] combined 262144 players 54304 retained 256 seconds 3.7264770912006497
gxBQ_window_00_frame_5 pair 27 [1, 13] combined 262144 players 75402 retained 256 seconds 4.279571661259979
gxBQ_window_00_frame_5 pair 28 [1, 14] combined 262144 players 68056 retained 256 seconds 4.001048649195582
gxBQ_window_00_frame_5 pair 29 [1, 15] combined 262144 players 82628 retained 256 seconds 3.985622555948794
gxBQ_window_00_frame_5 pair 31 [2, 1] combined 262144 players 90850 retained 256 seconds 3.0212694332003593
gxBQ_window_00_frame_5 pair 32 [2, 3] combined 262144 players 80176 retained 256 seconds 2.7755857901647687
gxBQ_window_00_frame_5 pair 34 [2, 5] combined 90112 players 33602 retained 256 seconds 1.530433245934546
gxBQ_window_00_frame_5 pair 36 [2, 7] combined 200704 players 47630 retained 256 seconds 1.9628597111441195
gxBQ_window_00_frame_5 pair 37 [2, 8] combined 49152 players 9798 retained 256 seconds 0.7919055288657546
gxBQ_window_00_frame_5 pair 39 [2, 10] combined 23552 players 10582 retained 256 seconds 0.9432964180596173
gxBQ_window_00_frame_5 pair 40 [2, 11] combined 262144 players 43288 retained 256 seconds 2.0793291269801557
gxBQ_window_00_frame_5 pair 45 [3, 0] combined 262144 players 79308 retained 256 seconds 4.15090838028118
gxBQ_window_00_frame_5 pair 46 [3, 1] combined 262144 players 2968 retained 256 seconds 0.6710794582031667
gxBQ_window_00_frame_5 pair 47 [3, 2] combined 262144 players 94000 retained 256 seconds 3.171058624982834
gxBQ_window_00_frame_5 pair 48 [3, 4] combined 262144 players 76828 retained 256 seconds 2.611887621693313
gxBQ_window_00_frame_5 pair 51 [3, 7] combined 212992 players 4786 retained 256 seconds 0.5602166610769928
gxBQ_window_00_frame_5 pair 53 [3, 9] combined 168960 players 17686 retained 256 seconds 0.7693663979880512
gxBQ_window_00_frame_5 pair 56 [3, 12] combined 262144 players 75472 retained 256 seconds 4.021444773301482
gxBQ_window_00_frame_5 pair 57 [3, 13] combined 262144 players 84966 retained 256 seconds 4.068043492268771
gxBQ_window_00_frame_5 pair 58 [3, 14] combined 262144 players 77038 retained 256 seconds 3.948127945885062
gxBQ_window_00_frame_5 pair 59 [3, 15] combined 262144 players 96676 retained 256 seconds 4.106554571073502
gxBQ_window_00_frame_5 pair 61 [4, 1] combined 262144 players 34748 retained 256 seconds 1.6731545119546354
gxBQ_window_00_frame_5 pair 63 [4, 3] combined 262144 players 83788 retained 256 seconds 2.7074744440615177
gxBQ_window_00_frame_5 pair 64 [4, 5] combined 100352 players 39374 retained 256 seconds 1.4930009939707816
gxBQ_window_00_frame_5 pair 66 [4, 7] combined 200704 players 15970 retained 256 seconds 0.9719497668556869
gxBQ_window_00_frame_5 pair 67 [4, 8] combined 38912 players 488 retained 240 seconds 0.36913385102525353
gxBQ_window_00_frame_5 pair 69 [4, 10] combined 26624 players 13004 retained 256 seconds 0.7261054357513785
gxBQ_window_00_frame_5 pair 70 [4, 11] combined 262144 players 72292 retained 256 seconds 2.424012673087418
gxBQ_window_00_frame_5 pair 75 [5, 0] combined 44032 players 12510 retained 256 seconds 2.023605656810105
gxBQ_window_00_frame_5 pair 76 [5, 1] combined 23552 players 6004 retained 256 seconds 0.2785813366062939
gxBQ_window_00_frame_5 pair 77 [5, 2] combined 45056 players 13306 retained 256 seconds 0.8383373678661883
gxBQ_window_00_frame_5 pair 79 [5, 4] combined 44032 players 11930 retained 256 seconds 0.6163361058570445
gxBQ_window_00_frame_5 pair 81 [5, 7] combined 48608 players 3230 retained 256 seconds 0.2021160563454032
gxBQ_window_00_frame_5 pair 82 [5, 8] combined 4480 players 664 retained 256 seconds 0.06424613483250141
gxBQ_window_00_frame_5 pair 83 [5, 9] combined 42400 players 5768 retained 256 seconds 0.3382807271555066
gxBQ_window_00_frame_5 pair 86 [5, 12] combined 46080 players 11640 retained 256 seconds 1.9631152939982712
gxBQ_window_00_frame_5 pair 87 [5, 13] combined 44032 players 12788 retained 256 seconds 2.0262649110518396
gxBQ_window_00_frame_5 pair 88 [5, 14] combined 44032 players 11482 retained 256 seconds 2.0437516127713025
gxBQ_window_00_frame_5 pair 89 [5, 15] combined 45056 players 13746 retained 256 seconds 1.674014660064131
gxBQ_window_00_frame_5 pair 91 [6, 1] combined 262144 players 26052 retained 256 seconds 1.1898735067807138
gxBQ_window_00_frame_5 pair 105 [7, 0] combined 94208 players 11424 retained 256 seconds 2.2906544120050967
gxBQ_window_00_frame_5 pair 107 [7, 2] combined 96256 players 852 retained 256 seconds 0.6921103741042316
gxBQ_window_00_frame_5 pair 108 [7, 3] combined 168960 players 4034 retained 256 seconds 0.4355750950053334
gxBQ_window_00_frame_5 pair 109 [7, 4] combined 98304 players 4820 retained 256 seconds 0.5920147229917347
gxBQ_window_00_frame_5 pair 110 [7, 5] combined 111936 players 3012 retained 256 seconds 0.2982346913777292
gxBQ_window_00_frame_5 pair 114 [7, 10] combined 38272 players 370 retained 187 seconds 0.1115204207599163
gxBQ_window_00_frame_5 pair 116 [7, 12] combined 95232 players 7294 retained 256 seconds 2.1915451930835843
gxBQ_window_00_frame_5 pair 117 [7, 13] combined 96256 players 9886 retained 256 seconds 2.2833536621183157
gxBQ_window_00_frame_5 pair 118 [7, 14] combined 97280 players 7212 retained 256 seconds 2.2185580041259527
gxBQ_window_00_frame_5 pair 119 [7, 15] combined 95232 players 3490 retained 256 seconds 1.6766132367774844
gxBQ_window_00_frame_5 pair 120 [8, 0] combined 2048 players 56 retained 28 seconds 1.8361417050473392
gxBQ_window_00_frame_5 pair 122 [8, 2] combined 2048 players 156 retained 70 seconds 0.4636621340177953
gxBQ_window_00_frame_5 pair 124 [8, 4] combined 2048 players 84 retained 38 seconds 0.41499911714345217
gxBQ_window_00_frame_5 pair 125 [8, 5] combined 15900 players 1446 retained 256 seconds 0.09771656384691596
gxBQ_window_00_frame_5 pair 129 [8, 10] combined 4284 players 60 retained 30 seconds 0.03152068005874753
gxBQ_window_00_frame_5 pair 131 [8, 12] combined 2048 players 132 retained 60 seconds 1.8110545300878584
gxBQ_window_00_frame_5 pair 132 [8, 13] combined 2048 players 96 retained 48 seconds 1.838473742827773
gxBQ_window_00_frame_5 pair 133 [8, 14] combined 2048 players 104 retained 52 seconds 1.840252002235502
gxBQ_window_00_frame_5 pair 134 [8, 15] combined 2048 players 60 retained 30 seconds 1.4057573447935283
gxBQ_window_00_frame_5 pair 138 [9, 3] combined 91136 players 26270 retained 256 seconds 0.7694390411488712
gxBQ_window_00_frame_5 pair 140 [9, 5] combined 60976 players 21298 retained 256 seconds 0.6149945086799562
gxBQ_window_00_frame_5 pair 144 [9, 10] combined 11676 players 5026 retained 256 seconds 0.19311882369220257
gxBQ_window_00_frame_5 pair 150 [10, 0] combined 19456 players 5076 retained 256 seconds 1.775203910190612
gxBQ_window_00_frame_5 pair 151 [10, 1] combined 13312 players 1268 retained 256 seconds 0.14945737970992923
gxBQ_window_00_frame_5 pair 152 [10, 2] combined 16384 players 3914 retained 256 seconds 0.5401961682364345
gxBQ_window_00_frame_5 pair 154 [10, 4] combined 18432 players 2772 retained 256 seconds 0.3611913206987083
gxBQ_window_00_frame_5 pair 157 [10, 7] combined 18396 players 412 retained 205 seconds 0.07812362909317017
gxBQ_window_00_frame_5 pair 158 [10, 8] combined 1476 players 48 retained 24 seconds 0.0261324318125844
gxBQ_window_00_frame_5 pair 159 [10, 9] combined 25800 players 2344 retained 256 seconds 0.14697203738614917
gxBQ_window_00_frame_5 pair 161 [10, 12] combined 17408 players 3588 retained 256 seconds 1.8656235397793353
gxBQ_window_00_frame_5 pair 162 [10, 13] combined 15360 players 3486 retained 256 seconds 1.7648933297023177
gxBQ_window_00_frame_5 pair 163 [10, 14] combined 16384 players 3718 retained 256 seconds 1.7527312831953168
gxBQ_window_00_frame_5 pair 164 [10, 15] combined 15360 players 4062 retained 256 seconds 1.3578687282279134
gxBQ_window_00_frame_5 pair 165 [11, 0] combined 262144 players 22522 retained 256 seconds 2.6428340999409556
gxBQ_window_00_frame_5 pair 166 [11, 1] combined 262144 players 822 retained 256 seconds 0.5741188400425017
gxBQ_window_00_frame_5 pair 167 [11, 2] combined 262144 players 41814 retained 256 seconds 1.7550702886655927
gxBQ_window_00_frame_5 pair 169 [11, 4] combined 262144 players 56096 retained 256 seconds 2.0767428250983357
gxBQ_window_00_frame_5 pair 176 [11, 12] combined 262144 players 20836 retained 256 seconds 2.5571432397700846
gxBQ_window_00_frame_5 pair 177 [11, 13] combined 262144 players 31496 retained 256 seconds 2.7073895232751966
gxBQ_window_00_frame_5 pair 178 [11, 14] combined 262144 players 29320 retained 256 seconds 2.684091786853969
gxBQ_window_00_frame_5 pair 179 [11, 15] combined 262144 players 18548 retained 256 seconds 2.103839875664562
gxBQ_window_00_frame_5 pair 181 [12, 1] combined 262144 players 84116 retained 256 seconds 3.604767229873687
gxBQ_window_00_frame_5 pair 183 [12, 3] combined 262144 players 86708 retained 256 seconds 3.7384002562612295
gxBQ_window_00_frame_5 pair 185 [12, 5] combined 89088 players 26992 retained 256 seconds 2.8133574202656746
gxBQ_window_00_frame_5 pair 187 [12, 7] combined 198656 players 59352 retained 256 seconds 2.768394272774458
gxBQ_window_00_frame_5 pair 188 [12, 8] combined 37888 players 11678 retained 256 seconds 1.6081293215975165
gxBQ_window_00_frame_5 pair 190 [12, 10] combined 29696 players 11974 retained 256 seconds 2.289355260785669
gxBQ_window_00_frame_5 pair 191 [12, 11] combined 262144 players 26048 retained 256 seconds 2.5898099560290575
gxBQ_window_00_frame_5 pair 196 [13, 1] combined 262144 players 77616 retained 256 seconds 3.404887425713241
gxBQ_window_00_frame_5 pair 198 [13, 3] combined 262144 players 85988 retained 256 seconds 3.6853310549631715
gxBQ_window_00_frame_5 pair 200 [13, 5] combined 91136 players 32796 retained 256 seconds 2.7636320600286126
gxBQ_window_00_frame_5 pair 202 [13, 7] combined 200704 players 33700 retained 256 seconds 2.3701554420404136
gxBQ_window_00_frame_5 pair 203 [13, 8] combined 38912 players 7322 retained 256 seconds 1.4702415219508111
gxBQ_window_00_frame_5 pair 205 [13, 10] combined 23552 players 10546 retained 256 seconds 2.158753469120711
gxBQ_window_00_frame_5 pair 206 [13, 11] combined 262144 players 46800 retained 256 seconds 2.8384380037896335
gxBQ_window_00_frame_5 pair 211 [14, 1] combined 262144 players 75552 retained 256 seconds 3.1447050631977618
gxBQ_window_00_frame_5 pair 213 [14, 3] combined 262144 players 86296 retained 256 seconds 3.643940228037536
gxBQ_window_00_frame_5 pair 215 [14, 5] combined 91136 players 28696 retained 256 seconds 2.706824854016304
gxBQ_window_00_frame_5 pair 217 [14, 7] combined 200704 players 50376 retained 256 seconds 2.6589715043082833
gxBQ_window_00_frame_5 pair 218 [14, 8] combined 40960 players 8982 retained 256 seconds 1.5881590289063752
gxBQ_window_00_frame_5 pair 220 [14, 10] combined 26624 players 11200 retained 256 seconds 2.1980919069610536
gxBQ_window_00_frame_5 pair 221 [14, 11] combined 262144 players 26034 retained 256 seconds 2.6449722019024193
gxBQ_window_00_frame_5 pair 226 [15, 1] combined 262144 players 80914 retained 256 seconds 3.0744344918057323
gxBQ_window_00_frame_5 pair 228 [15, 3] combined 262144 players 85946 retained 256 seconds 3.387092687189579
gxBQ_window_00_frame_5 pair 230 [15, 5] combined 90112 players 32480 retained 256 seconds 2.488286890089512
gxBQ_window_00_frame_5 pair 232 [15, 7] combined 198656 players 37800 retained 256 seconds 2.06036044890061
gxBQ_window_00_frame_5 pair 233 [15, 8] combined 41984 players 7418 retained 256 seconds 1.2270360584370792
gxBQ_window_00_frame_5 pair 235 [15, 10] combined 25600 players 11112 retained 256 seconds 1.8813454159535468
gxBQ_window_00_frame_5 pair 236 [15, 11] combined 262144 players 25374 retained 256 seconds 2.306597365066409
[gxBQ_window_00_frame_5] generating G1
gxBQ_window_00_frame_5 pair 0 [0, 1] combined 106496 players 41142 retained 256 seconds 1.246568570844829
gxBQ_window_00_frame_5 pair 2 [0, 3] combined 37888 players 15960 retained 256 seconds 0.5438461578451097
gxBQ_window_00_frame_5 pair 4 [0, 5] combined 2048 players 960 retained 256 seconds 0.21800443716347218
gxBQ_window_00_frame_5 pair 6 [0, 7] combined 1024 players 416 retained 194 seconds 0.1608497928828001
gxBQ_window_00_frame_5 pair 7 [0, 8] combined 0 players 0 retained 0 seconds 0.12492135120555758
gxBQ_window_00_frame_5 pair 9 [0, 10] combined 0 players 0 retained 0 seconds 0.16004512226209044
gxBQ_window_00_frame_5 pair 10 [0, 11] combined 17408 players 4364 retained 256 seconds 0.27971077570691705
gxBQ_window_00_frame_5 pair 15 [1, 0] combined 74752 players 15898 retained 256 seconds 0.783477702178061
gxBQ_window_00_frame_5 pair 16 [1, 2] combined 64512 players 19872 retained 256 seconds 0.5680667720735073
gxBQ_window_00_frame_5 pair 17 [1, 3] combined 7120 players 290 retained 145 seconds 0.05605788016691804
gxBQ_window_00_frame_5 pair 18 [1, 4] combined 61776 players 22872 retained 256 seconds 0.6172804799862206
gxBQ_window_00_frame_5 pair 19 [1, 5] combined 236 players 0 retained 0 seconds 0.0169912101700902
gxBQ_window_00_frame_5 pair 20 [1, 6] combined 9108 players 518 retained 256 seconds 0.06782454624772072
gxBQ_window_00_frame_5 pair 24 [1, 10] combined 204 players 0 retained 0 seconds 0.013817495666444302
gxBQ_window_00_frame_5 pair 25 [1, 11] combined 5400 players 68 retained 32 seconds 0.03895069332793355
gxBQ_window_00_frame_5 pair 26 [1, 12] combined 69632 players 18040 retained 256 seconds 0.6093562887981534
gxBQ_window_00_frame_5 pair 27 [1, 13] combined 70656 players 21024 retained 256 seconds 0.6713080978952348
gxBQ_window_00_frame_5 pair 28 [1, 14] combined 68608 players 18072 retained 256 seconds 0.6373787298798561
gxBQ_window_00_frame_5 pair 29 [1, 15] combined 68608 players 21812 retained 256 seconds 0.6178020499646664
gxBQ_window_00_frame_5 pair 31 [2, 1] combined 104448 players 36290 retained 256 seconds 1.1629472710192204
gxBQ_window_00_frame_5 pair 32 [2, 3] combined 37888 players 12868 retained 256 seconds 0.3824494262225926
gxBQ_window_00_frame_5 pair 34 [2, 5] combined 2048 players 892 retained 256 seconds 0.10211966605857015
gxBQ_window_00_frame_5 pair 36 [2, 7] combined 1024 players 440 retained 218 seconds 0.07670226925984025
gxBQ_window_00_frame_5 pair 37 [2, 8] combined 0 players 0 retained 0 seconds 0.04100258555263281
gxBQ_window_00_frame_5 pair 39 [2, 10] combined 0 players 0 retained 0 seconds 0.04991639079526067
gxBQ_window_00_frame_5 pair 40 [2, 11] combined 17408 players 3334 retained 256 seconds 0.16122436709702015
gxBQ_window_00_frame_5 pair 45 [3, 0] combined 17408 players 5464 retained 256 seconds 0.27625104598701
gxBQ_window_00_frame_5 pair 46 [3, 1] combined 8908 players 140 retained 65 seconds 0.04721073526889086
gxBQ_window_00_frame_5 pair 47 [3, 2] combined 17408 players 4992 retained 256 seconds 0.18407435109838843
gxBQ_window_00_frame_5 pair 48 [3, 4] combined 13984 players 3092 retained 256 seconds 0.12744825799018145
gxBQ_window_00_frame_5 pair 51 [3, 7] combined 176 players 22 retained 11 seconds 0.020570551976561546
gxBQ_window_00_frame_5 pair 53 [3, 9] combined 0 players 0 retained 0 seconds 0.006445819977670908
gxBQ_window_00_frame_5 pair 56 [3, 12] combined 17408 players 4738 retained 256 seconds 0.26473939092829823
gxBQ_window_00_frame_5 pair 57 [3, 13] combined 17408 players 5528 retained 256 seconds 0.26870278967544436
gxBQ_window_00_frame_5 pair 58 [3, 14] combined 17408 players 4604 retained 256 seconds 0.2734009721316397
gxBQ_window_00_frame_5 pair 59 [3, 15] combined 17408 players 5130 retained 256 seconds 0.22532965568825603
gxBQ_window_00_frame_5 pair 61 [4, 1] combined 75480 players 23312 retained 256 seconds 0.6335286656394601
gxBQ_window_00_frame_5 pair 63 [4, 3] combined 31680 players 10224 retained 256 seconds 0.3029311769641936
gxBQ_window_00_frame_5 pair 64 [4, 5] combined 2048 players 934 retained 256 seconds 0.07398245017975569
gxBQ_window_00_frame_5 pair 66 [4, 7] combined 520 players 182 retained 91 seconds 0.04044681088998914
gxBQ_window_00_frame_5 pair 67 [4, 8] combined 0 players 0 retained 0 seconds 0.01949796825647354
gxBQ_window_00_frame_5 pair 69 [4, 10] combined 0 players 0 retained 0 seconds 0.0241788849234581
gxBQ_window_00_frame_5 pair 70 [4, 11] combined 13736 players 3942 retained 256 seconds 0.14843573234975338
gxBQ_window_00_frame_5 pair 75 [5, 0] combined 0 players 0 retained 0 seconds 0.10690788878127933
gxBQ_window_00_frame_5 pair 76 [5, 1] combined 0 players 0 retained 0 seconds 0.012147913686931133
gxBQ_window_00_frame_5 pair 77 [5, 2] combined 0 players 0 retained 0 seconds 0.032440132927149534
gxBQ_window_00_frame_5 pair 79 [5, 4] combined 0 players 0 retained 0 seconds 0.016040767077356577
gxBQ_window_00_frame_5 pair 81 [5, 7] combined 0 players 0 retained 0 seconds 0.00283852219581604
gxBQ_window_00_frame_5 pair 82 [5, 8] combined 0 players 0 retained 0 seconds 0.0018703876994550228
gxBQ_window_00_frame_5 pair 83 [5, 9] combined 0 players 0 retained 0 seconds 0.002729334868490696
gxBQ_window_00_frame_5 pair 86 [5, 12] combined 0 players 0 retained 0 seconds 0.11161104822531343
gxBQ_window_00_frame_5 pair 87 [5, 13] combined 0 players 0 retained 0 seconds 0.09804852586239576
gxBQ_window_00_frame_5 pair 88 [5, 14] combined 0 players 0 retained 0 seconds 0.1243745512329042
gxBQ_window_00_frame_5 pair 89 [5, 15] combined 0 players 0 retained 0 seconds 0.06693032011389732
gxBQ_window_00_frame_5 pair 91 [6, 1] combined 10488 players 592 retained 256 seconds 0.06665241392329335
gxBQ_window_00_frame_5 pair 105 [7, 0] combined 0 players 0 retained 0 seconds 0.1114216260612011
gxBQ_window_00_frame_5 pair 107 [7, 2] combined 0 players 0 retained 0 seconds 0.033875093795359135
gxBQ_window_00_frame_5 pair 108 [7, 3] combined 160 players 4 retained 2 seconds 0.017596607096493244
gxBQ_window_00_frame_5 pair 109 [7, 4] combined 0 players 0 retained 0 seconds 0.017773920204490423
gxBQ_window_00_frame_5 pair 110 [7, 5] combined 12 players 0 retained 0 seconds 0.0030898768454790115
gxBQ_window_00_frame_5 pair 114 [7, 10] combined 0 players 0 retained 0 seconds 0.0027648969553411007
gxBQ_window_00_frame_5 pair 116 [7, 12] combined 0 players 0 retained 0 seconds 0.11731037870049477
gxBQ_window_00_frame_5 pair 117 [7, 13] combined 0 players 0 retained 0 seconds 0.10616049403324723
gxBQ_window_00_frame_5 pair 118 [7, 14] combined 0 players 0 retained 0 seconds 0.12373621016740799
gxBQ_window_00_frame_5 pair 119 [7, 15] combined 0 players 0 retained 0 seconds 0.07194818323478103
gxBQ_window_00_frame_5 pair 120 [8, 0] combined 0 players 0 retained 0 seconds 0.11072511412203312
gxBQ_window_00_frame_5 pair 122 [8, 2] combined 0 players 0 retained 0 seconds 0.03319135820493102
gxBQ_window_00_frame_5 pair 124 [8, 4] combined 0 players 0 retained 0 seconds 0.2471888391301036
gxBQ_window_00_frame_5 pair 125 [8, 5] combined 0 players 0 retained 0 seconds 0.0021605947986245155
gxBQ_window_00_frame_5 pair 129 [8, 10] combined 0 players 0 retained 0 seconds 0.0020733089186251163
gxBQ_window_00_frame_5 pair 131 [8, 12] combined 0 players 0 retained 0 seconds 0.11508926516398787
gxBQ_window_00_frame_5 pair 132 [8, 13] combined 0 players 0 retained 0 seconds 0.10184577805921435
gxBQ_window_00_frame_5 pair 133 [8, 14] combined 0 players 0 retained 0 seconds 0.12496766215190291
gxBQ_window_00_frame_5 pair 134 [8, 15] combined 0 players 0 retained 0 seconds 0.07289019180461764
gxBQ_window_00_frame_5 pair 138 [9, 3] combined 0 players 0 retained 0 seconds 0.005966207943856716
gxBQ_window_00_frame_5 pair 140 [9, 5] combined 0 players 0 retained 0 seconds 0.003368241712450981
gxBQ_window_00_frame_5 pair 144 [9, 10] combined 0 players 0 retained 0 seconds 0.0031795711256563663
gxBQ_window_00_frame_5 pair 150 [10, 0] combined 0 players 0 retained 0 seconds 0.10446084290742874
gxBQ_window_00_frame_5 pair 151 [10, 1] combined 0 players 0 retained 0 seconds 0.01180297415703535
gxBQ_window_00_frame_5 pair 152 [10, 2] combined 0 players 0 retained 0 seconds 0.031798014882951975
gxBQ_window_00_frame_5 pair 154 [10, 4] combined 780 players 294 retained 146 seconds 0.04014986613765359
gxBQ_window_00_frame_5 pair 157 [10, 7] combined 0 players 0 retained 0 seconds 0.0030563627369701862
gxBQ_window_00_frame_5 pair 158 [10, 8] combined 0 players 0 retained 0 seconds 0.002336425706744194
gxBQ_window_00_frame_5 pair 159 [10, 9] combined 0 players 0 retained 0 seconds 0.002525439951568842
gxBQ_window_00_frame_5 pair 161 [10, 12] combined 0 players 0 retained 0 seconds 0.1094535500742495
gxBQ_window_00_frame_5 pair 162 [10, 13] combined 0 players 0 retained 0 seconds 0.09564705798402429
gxBQ_window_00_frame_5 pair 163 [10, 14] combined 0 players 0 retained 0 seconds 0.11438551591709256
gxBQ_window_00_frame_5 pair 164 [10, 15] combined 0 players 0 retained 0 seconds 0.06676003383472562
gxBQ_window_00_frame_5 pair 165 [11, 0] combined 19456 players 4334 retained 256 seconds 0.24850928876549006
gxBQ_window_00_frame_5 pair 166 [11, 1] combined 10240 players 138 retained 63 seconds 0.04709278978407383
gxBQ_window_00_frame_5 pair 167 [11, 2] combined 20480 players 3884 retained 256 seconds 0.16777797928079963
gxBQ_window_00_frame_5 pair 169 [11, 4] combined 15540 players 3152 retained 256 seconds 0.12829876272007823
gxBQ_window_00_frame_5 pair 176 [11, 12] combined 19456 players 3928 retained 256 seconds 0.25183130288496614
gxBQ_window_00_frame_5 pair 177 [11, 13] combined 19456 players 4908 retained 256 seconds 0.2559525929391384
gxBQ_window_00_frame_5 pair 178 [11, 14] combined 19456 players 3988 retained 256 seconds 0.2635372611694038
gxBQ_window_00_frame_5 pair 179 [11, 15] combined 19456 players 3784 retained 256 seconds 0.1972207771614194
gxBQ_window_00_frame_5 pair 181 [12, 1] combined 104448 players 40990 retained 256 seconds 1.1022531613707542
gxBQ_window_00_frame_5 pair 183 [12, 3] combined 37888 players 15846 retained 256 seconds 0.5367143112234771
gxBQ_window_00_frame_5 pair 185 [12, 5] combined 2048 players 972 retained 256 seconds 0.2203800599090755
gxBQ_window_00_frame_5 pair 187 [12, 7] combined 1024 players 440 retained 201 seconds 0.16827969485893846
gxBQ_window_00_frame_5 pair 188 [12, 8] combined 0 players 0 retained 0 seconds 0.13329862710088491
gxBQ_window_00_frame_5 pair 190 [12, 10] combined 0 players 0 retained 0 seconds 0.1679474227130413
gxBQ_window_00_frame_5 pair 191 [12, 11] combined 17408 players 4454 retained 256 seconds 0.27964940993115306
gxBQ_window_00_frame_5 pair 196 [13, 1] combined 109568 players 43172 retained 256 seconds 1.1088411519303918
gxBQ_window_00_frame_5 pair 198 [13, 3] combined 37888 players 14626 retained 256 seconds 0.5059808497317135
gxBQ_window_00_frame_5 pair 200 [13, 5] combined 2048 players 950 retained 256 seconds 0.45383429527282715
gxBQ_window_00_frame_5 pair 202 [13, 7] combined 1024 players 424 retained 200 seconds 0.15358943212777376
gxBQ_window_00_frame_5 pair 203 [13, 8] combined 0 players 0 retained 0 seconds 0.12318008905276656
gxBQ_window_00_frame_5 pair 205 [13, 10] combined 0 players 0 retained 0 seconds 0.16080891294404864
gxBQ_window_00_frame_5 pair 206 [13, 11] combined 17408 players 3866 retained 256 seconds 0.26304095797240734
gxBQ_window_00_frame_5 pair 211 [14, 1] combined 110592 players 44424 retained 256 seconds 1.2078183493576944
gxBQ_window_00_frame_5 pair 213 [14, 3] combined 37888 players 15982 retained 256 seconds 0.5409279079176486
gxBQ_window_00_frame_5 pair 215 [14, 5] combined 2048 players 972 retained 256 seconds 0.2363071027211845
gxBQ_window_00_frame_5 pair 217 [14, 7] combined 1024 players 462 retained 214 seconds 0.18381635518744588
gxBQ_window_00_frame_5 pair 218 [14, 8] combined 0 players 0 retained 0 seconds 0.14105097204446793
gxBQ_window_00_frame_5 pair 220 [14, 10] combined 0 players 0 retained 0 seconds 0.18008850887417793
gxBQ_window_00_frame_5 pair 221 [14, 11] combined 17408 players 3970 retained 256 seconds 0.2659292919561267
gxBQ_window_00_frame_5 pair 226 [15, 1] combined 104448 players 38784 retained 256 seconds 1.007969425059855
gxBQ_window_00_frame_5 pair 228 [15, 3] combined 37888 players 13340 retained 256 seconds 0.4503692127764225
gxBQ_window_00_frame_5 pair 230 [15, 5] combined 2048 players 894 retained 256 seconds 0.1530953668989241
gxBQ_window_00_frame_5 pair 232 [15, 7] combined 1024 players 338 retained 163 seconds 0.10898941196501255
gxBQ_window_00_frame_5 pair 233 [15, 8] combined 0 players 0 retained 0 seconds 0.0802851589396596
gxBQ_window_00_frame_5 pair 235 [15, 10] combined 0 players 0 retained 0 seconds 0.10412042820826173
gxBQ_window_00_frame_5 pair 236 [15, 11] combined 17408 players 3558 retained 256 seconds 0.2021453259512782
[gxBQ_window_00_frame_5 +0s] loading view and candidate populations
[gxBQ_window_00_frame_5] line-template: preparing rectangles
[gxBQ_window_00_frame_5 +11s] measuring 768 parents (G0=256, G1=256, line_template=256; conflicting geometry groups=0)
[gxBQ_window_00_frame_5 +20s] parents 250/768
[gxBQ_window_00_frame_5 +29s] parents 500/768
[gxBQ_window_00_frame_5 +36s] parents 750/768
[gxBQ_window_00_frame_5 +37s] refitting 768 parents
[gxBQ_window_00_frame_5 +48s] refits 250/768; valid children=224
[gxBQ_window_00_frame_5 +58s] refits 500/768; valid children=462
[gxBQ_window_00_frame_5 +68s] refits 750/768; valid children=656
[gxBQ_window_00_frame_5 +69s] ranking sensitivity thresholds
[gxBQ_window_00_frame_5 +69s] saving evidence and arrays
[gxBQ_window_00_frame_5 +84s] saved
{"case_id": "gxBQ_window_00_frame_5", "direction_budget": 16, "run_wall_s": 383.76801548013464, "phases_s": {"prepare_view": 1.36976122809574, "populations": 289.5030157631263, "w5_record": 83.84688290022314, "net_choice": 1.0724399001337588, "stripe_polarity_refit": 1.6281826691702008}, "bounded": "line_template:rectangle_85795:template_72/child"}
