[gxBQ_window_03_frame_77876] generating G0
gxBQ_window_03_frame_77876 pair 0 [0, 1] combined 262144 players 36088 retained 256 seconds 5.78383750282228
gxBQ_window_03_frame_77876 pair 2 [0, 3] combined 262144 players 72762 retained 256 seconds 4.119197669904679
gxBQ_window_03_frame_77876 pair 5 [0, 6] combined 83968 players 30480 retained 256 seconds 3.4811704279854894
gxBQ_window_03_frame_77876 pair 8 [0, 9] combined 88064 players 5616 retained 256 seconds 2.496478366199881
gxBQ_window_03_frame_77876 pair 9 [0, 10] combined 262144 players 76216 retained 256 seconds 7.763626133091748
gxBQ_window_03_frame_77876 pair 10 [0, 11] combined 1024 players 124 retained 49 seconds 4.175637456122786
gxBQ_window_03_frame_77876 pair 15 [1, 0] combined 262144 players 52846 retained 256 seconds 5.822932772804052
gxBQ_window_03_frame_77876 pair 16 [1, 2] combined 262144 players 52684 retained 256 seconds 3.182999641634524
gxBQ_window_03_frame_77876 pair 17 [1, 3] combined 262144 players 8138 retained 256 seconds 1.3110854593105614
gxBQ_window_03_frame_77876 pair 18 [1, 4] combined 262144 players 12652 retained 256 seconds 1.584084078669548
gxBQ_window_03_frame_77876 pair 20 [1, 6] combined 184320 players 17358 retained 256 seconds 1.4414292573928833
gxBQ_window_03_frame_77876 pair 21 [1, 7] combined 262144 players 2086 retained 256 seconds 1.0562648777849972
gxBQ_window_03_frame_77876 pair 22 [1, 8] combined 262144 players 12782 retained 256 seconds 1.6080726929940283
gxBQ_window_03_frame_77876 pair 24 [1, 10] combined 262144 players 19048 retained 256 seconds 1.6700650099664927
gxBQ_window_03_frame_77876 pair 26 [1, 12] combined 262144 players 66110 retained 256 seconds 7.27818352682516
gxBQ_window_03_frame_77876 pair 27 [1, 13] combined 262144 players 45544 retained 256 seconds 6.188905613962561
gxBQ_window_03_frame_77876 pair 28 [1, 14] combined 262144 players 71386 retained 256 seconds 7.430920382961631
gxBQ_window_03_frame_77876 pair 29 [1, 15] combined 262144 players 48810 retained 256 seconds 6.089803517796099
gxBQ_window_03_frame_77876 pair 31 [2, 1] combined 262144 players 57532 retained 256 seconds 3.4967483072541654
gxBQ_window_03_frame_77876 pair 32 [2, 3] combined 262144 players 54890 retained 256 seconds 3.410755035933107
gxBQ_window_03_frame_77876 pair 35 [2, 6] combined 86016 players 27592 retained 256 seconds 1.6296569230034947
gxBQ_window_03_frame_77876 pair 38 [2, 9] combined 71680 players 5744 retained 256 seconds 0.7167499670758843
gxBQ_window_03_frame_77876 pair 39 [2, 10] combined 262144 players 74358 retained 256 seconds 4.262977664824575
gxBQ_window_03_frame_77876 pair 40 [2, 11] combined 1024 players 48 retained 19 seconds 0.28047030325978994
gxBQ_window_03_frame_77876 pair 45 [3, 0] combined 262144 players 85110 retained 256 seconds 7.494727083016187
gxBQ_window_03_frame_77876 pair 46 [3, 1] combined 262144 players 648 retained 256 seconds 1.1194826839491725
gxBQ_window_03_frame_77876 pair 47 [3, 2] combined 262144 players 79400 retained 256 seconds 4.590282512828708
gxBQ_window_03_frame_77876 pair 49 [3, 5] combined 262144 players 57992 retained 256 seconds 3.440094691235572
gxBQ_window_03_frame_77876 pair 53 [3, 9] combined 25600 players 6696 retained 256 seconds 0.4920256920158863
gxBQ_window_03_frame_77876 pair 56 [3, 12] combined 262144 players 65686 retained 256 seconds 6.708346548955888
gxBQ_window_03_frame_77876 pair 57 [3, 13] combined 262144 players 90966 retained 256 seconds 7.780701453797519
gxBQ_window_03_frame_77876 pair 58 [3, 14] combined 262144 players 80628 retained 256 seconds 7.193138965871185
gxBQ_window_03_frame_77876 pair 59 [3, 15] combined 262144 players 77938 retained 256 seconds 6.663513171020895
gxBQ_window_03_frame_77876 pair 61 [4, 1] combined 262144 players 87090 retained 256 seconds 4.527772597968578
gxBQ_window_03_frame_77876 pair 66 [4, 7] combined 262144 players 78576 retained 256 seconds 4.159180825110525
gxBQ_window_03_frame_77876 pair 67 [4, 8] combined 262144 players 1718 retained 256 seconds 1.3280007396824658
gxBQ_window_03_frame_77876 pair 69 [4, 10] combined 262144 players 66346 retained 256 seconds 3.946849447209388
gxBQ_window_03_frame_77876 pair 70 [4, 11] combined 1024 players 70 retained 29 seconds 0.33187885396182537
gxBQ_window_03_frame_77876 pair 78 [5, 3] combined 262144 players 89888 retained 256 seconds 4.8655796949751675
gxBQ_window_03_frame_77876 pair 81 [5, 7] combined 262144 players 95916 retained 256 seconds 5.039168308954686
gxBQ_window_03_frame_77876 pair 82 [5, 8] combined 262144 players 170 retained 85 seconds 1.1904187370091677
gxBQ_window_03_frame_77876 pair 84 [5, 10] combined 262144 players 70314 retained 256 seconds 3.8811034690588713
gxBQ_window_03_frame_77876 pair 85 [5, 11] combined 1024 players 0 retained 0 seconds 0.19006444001570344
gxBQ_window_03_frame_77876 pair 90 [6, 0] combined 63488 players 15328 retained 256 seconds 3.6769943553954363
gxBQ_window_03_frame_77876 pair 91 [6, 1] combined 55296 players 3032 retained 256 seconds 0.5977399842813611
gxBQ_window_03_frame_77876 pair 92 [6, 2] combined 64512 players 15410 retained 256 seconds 1.0534116211347282
gxBQ_window_03_frame_77876 pair 97 [6, 8] combined 58368 players 2456 retained 256 seconds 0.47548653511330485
gxBQ_window_03_frame_77876 pair 98 [6, 9] combined 5712 players 1258 retained 256 seconds 0.14354207180440426
gxBQ_window_03_frame_77876 pair 100 [6, 11] combined 1152 players 20 retained 10 seconds 0.05381260486319661
gxBQ_window_03_frame_77876 pair 101 [6, 12] combined 64512 players 13800 retained 256 seconds 3.5667325272224844
gxBQ_window_03_frame_77876 pair 102 [6, 13] combined 63488 players 18128 retained 256 seconds 3.6814552061259747
gxBQ_window_03_frame_77876 pair 103 [6, 14] combined 64512 players 16648 retained 256 seconds 3.9967044442892075
gxBQ_window_03_frame_77876 pair 104 [6, 15] combined 61440 players 16620 retained 256 seconds 3.4570173672400415
gxBQ_window_03_frame_77876 pair 106 [7, 1] combined 262144 players 2922 retained 256 seconds 1.0937412320636213
gxBQ_window_03_frame_77876 pair 109 [7, 4] combined 218112 players 37530 retained 256 seconds 2.2989786309190094
gxBQ_window_03_frame_77876 pair 110 [7, 5] combined 225280 players 35994 retained 256 seconds 2.5124861230142415
gxBQ_window_03_frame_77876 pair 113 [7, 9] combined 22816 players 382 retained 191 seconds 0.16059683496132493
gxBQ_window_03_frame_77876 pair 121 [8, 1] combined 262144 players 39218 retained 256 seconds 2.6681524580344558
gxBQ_window_03_frame_77876 pair 124 [8, 4] combined 262144 players 2320 retained 256 seconds 1.3022839608602226
gxBQ_window_03_frame_77876 pair 125 [8, 5] combined 262144 players 0 retained 0 seconds 1.111297753173858
gxBQ_window_03_frame_77876 pair 126 [8, 6] combined 84992 players 23558 retained 256 seconds 1.3445429811254144
gxBQ_window_03_frame_77876 pair 128 [8, 9] combined 31744 players 32 retained 16 seconds 0.31280800700187683
gxBQ_window_03_frame_77876 pair 135 [9, 0] combined 4096 players 0 retained 0 seconds 2.708276130259037
gxBQ_window_03_frame_77876 pair 137 [9, 2] combined 11264 players 382 retained 191 seconds 0.25360605120658875
gxBQ_window_03_frame_77876 pair 138 [9, 3] combined 4096 players 1312 retained 256 seconds 0.18952175229787827
gxBQ_window_03_frame_77876 pair 141 [9, 6] combined 10480 players 2612 retained 256 seconds 0.3780470290221274
gxBQ_window_03_frame_77876 pair 142 [9, 7] combined 3072 players 478 retained 240 seconds 0.10731625510379672
gxBQ_window_03_frame_77876 pair 143 [9, 8] combined 11264 players 0 retained 0 seconds 0.17078324500471354
gxBQ_window_03_frame_77876 pair 144 [9, 10] combined 16384 players 5240 retained 256 seconds 0.3341647321358323
gxBQ_window_03_frame_77876 pair 146 [9, 12] combined 0 players 0 retained 0 seconds 2.737493849825114
gxBQ_window_03_frame_77876 pair 147 [9, 13] combined 4096 players 102 retained 52 seconds 3.0009415419772267
gxBQ_window_03_frame_77876 pair 148 [9, 14] combined 1024 players 24 retained 13 seconds 2.749766906257719
gxBQ_window_03_frame_77876 pair 149 [9, 15] combined 4096 players 58 retained 29 seconds 2.570978134870529
gxBQ_window_03_frame_77876 pair 150 [10, 0] combined 262144 players 52826 retained 256 seconds 5.508458996191621
gxBQ_window_03_frame_77876 pair 151 [10, 1] combined 262144 players 7552 retained 256 seconds 1.2434087176807225
gxBQ_window_03_frame_77876 pair 152 [10, 2] combined 262144 players 52750 retained 256 seconds 3.2161725047044456
gxBQ_window_03_frame_77876 pair 154 [10, 4] combined 262144 players 22878 retained 256 seconds 1.854163961019367
gxBQ_window_03_frame_77876 pair 155 [10, 5] combined 262144 players 49036 retained 256 seconds 2.7596041089855134
gxBQ_window_03_frame_77876 pair 159 [10, 9] combined 34816 players 3036 retained 256 seconds 0.3155850791372359
gxBQ_window_03_frame_77876 pair 160 [10, 11] combined 38912 players 870 retained 256 seconds 0.232923889067024
gxBQ_window_03_frame_77876 pair 161 [10, 12] combined 262144 players 50376 retained 256 seconds 5.365484314970672
gxBQ_window_03_frame_77876 pair 162 [10, 13] combined 262144 players 57552 retained 256 seconds 5.753227826207876
gxBQ_window_03_frame_77876 pair 163 [10, 14] combined 262144 players 55848 retained 256 seconds 5.698312472552061
gxBQ_window_03_frame_77876 pair 164 [10, 15] combined 262144 players 53062 retained 256 seconds 5.1037372490391135
gxBQ_window_03_frame_77876 pair 165 [11, 0] combined 1024 players 64 retained 32 seconds 2.6194145870395005
gxBQ_window_03_frame_77876 pair 167 [11, 2] combined 1024 players 60 retained 26 seconds 0.1887208609841764
gxBQ_window_03_frame_77876 pair 169 [11, 4] combined 1024 players 40 retained 19 seconds 0.23462809436023235
gxBQ_window_03_frame_77876 pair 170 [11, 5] combined 1024 players 4 retained 2 seconds 0.17946875980123878
gxBQ_window_03_frame_77876 pair 171 [11, 6] combined 3648 players 86 retained 43 seconds 0.06082830810919404
gxBQ_window_03_frame_77876 pair 175 [11, 10] combined 15360 players 326 retained 154 seconds 0.1294848150573671
gxBQ_window_03_frame_77876 pair 176 [11, 12] combined 1024 players 24 retained 12 seconds 2.8804464107379317
gxBQ_window_03_frame_77876 pair 177 [11, 13] combined 1024 players 76 retained 38 seconds 2.750076526775956
gxBQ_window_03_frame_77876 pair 178 [11, 14] combined 1024 players 48 retained 24 seconds 2.706074262969196
gxBQ_window_03_frame_77876 pair 179 [11, 15] combined 1024 players 64 retained 29 seconds 2.5690536578185856
gxBQ_window_03_frame_77876 pair 181 [12, 1] combined 262144 players 27638 retained 256 seconds 4.783349575009197
gxBQ_window_03_frame_77876 pair 183 [12, 3] combined 262144 players 64240 retained 256 seconds 6.069997374899685
gxBQ_window_03_frame_77876 pair 186 [12, 6] combined 84992 players 29064 retained 256 seconds 4.805234157014638
gxBQ_window_03_frame_77876 pair 189 [12, 9] combined 92160 players 7784 retained 256 seconds 3.514276301022619
gxBQ_window_03_frame_77876 pair 190 [12, 10] combined 262144 players 69480 retained 256 seconds 6.9981278190389276
gxBQ_window_03_frame_77876 pair 191 [12, 11] combined 1024 players 10 retained 3 seconds 3.2527512810193002
gxBQ_window_03_frame_77876 pair 196 [13, 1] combined 262144 players 52828 retained 256 seconds 5.767665160354227
gxBQ_window_03_frame_77876 pair 198 [13, 3] combined 262144 players 87268 retained 256 seconds 6.201752470806241
gxBQ_window_03_frame_77876 pair 201 [13, 6] combined 84992 players 30692 retained 256 seconds 4.968702563084662
gxBQ_window_03_frame_77876 pair 204 [13, 9] combined 53248 players 1030 retained 256 seconds 3.0318260630592704
gxBQ_window_03_frame_77876 pair 205 [13, 10] combined 262144 players 84686 retained 256 seconds 7.257298971991986
gxBQ_window_03_frame_77876 pair 206 [13, 11] combined 1024 players 48 retained 20 seconds 3.261188454926014
gxBQ_window_03_frame_77876 pair 211 [14, 1] combined 262144 players 41506 retained 256 seconds 5.447191319894046
gxBQ_window_03_frame_77876 pair 213 [14, 3] combined 262144 players 76572 retained 256 seconds 6.544006173033267
gxBQ_window_03_frame_77876 pair 216 [14, 6] combined 83968 players 29948 retained 256 seconds 4.93156953714788
gxBQ_window_03_frame_77876 pair 219 [14, 9] combined 64512 players 5080 retained 256 seconds 3.701170099899173
gxBQ_window_03_frame_77876 pair 220 [14, 10] combined 262144 players 74582 retained 256 seconds 4.863179064821452
gxBQ_window_03_frame_77876 pair 221 [14, 11] combined 1024 players 42 retained 14 seconds 2.335760968271643
gxBQ_window_03_frame_77876 pair 226 [15, 1] combined 262144 players 38596 retained 256 seconds 3.3185995439998806
gxBQ_window_03_frame_77876 pair 228 [15, 3] combined 262144 players 86830 retained 256 seconds 3.892016604077071
gxBQ_window_03_frame_77876 pair 231 [15, 6] combined 80896 players 32232 retained 256 seconds 2.941509594209492
gxBQ_window_03_frame_77876 pair 234 [15, 9] combined 53248 players 960 retained 256 seconds 1.9597610370256007
gxBQ_window_03_frame_77876 pair 235 [15, 10] combined 262144 players 83768 retained 256 seconds 4.449556978885084
gxBQ_window_03_frame_77876 pair 236 [15, 11] combined 1024 players 54 retained 21 seconds 2.0517828771844506
[gxBQ_window_03_frame_77876] generating G1
gxBQ_window_03_frame_77876 pair 0 [0, 1] combined 171008 players 47388 retained 256 seconds 1.502672967966646
gxBQ_window_03_frame_77876 pair 2 [0, 3] combined 94208 players 34654 retained 256 seconds 1.105489520356059
gxBQ_window_03_frame_77876 pair 5 [0, 6] combined 0 players 0 retained 0 seconds 0.28497987193986773
gxBQ_window_03_frame_77876 pair 8 [0, 9] combined 0 players 0 retained 0 seconds 0.23780964082106948
gxBQ_window_03_frame_77876 pair 9 [0, 10] combined 83968 players 30846 retained 256 seconds 1.2912770761176944
gxBQ_window_03_frame_77876 pair 10 [0, 11] combined 0 players 0 retained 0 seconds 0.2679096660576761
gxBQ_window_03_frame_77876 pair 15 [1, 0] combined 102400 players 28528 retained 256 seconds 0.956374145578593
gxBQ_window_03_frame_77876 pair 16 [1, 2] combined 44156 players 8142 retained 256 seconds 0.2968705468811095
gxBQ_window_03_frame_77876 pair 17 [1, 3] combined 88704 players 270 retained 136 seconds 0.1927859392017126
gxBQ_window_03_frame_77876 pair 18 [1, 4] combined 110592 players 14368 retained 256 seconds 0.546773639973253
gxBQ_window_03_frame_77876 pair 20 [1, 6] combined 0 players 0 retained 0 seconds 0.02025906415656209
gxBQ_window_03_frame_77876 pair 21 [1, 7] combined 9728 players 268 retained 135 seconds 0.061112475115805864
gxBQ_window_03_frame_77876 pair 22 [1, 8] combined 44388 players 2966 retained 256 seconds 0.19073234405368567
gxBQ_window_03_frame_77876 pair 24 [1, 10] combined 56544 players 2538 retained 256 seconds 0.19568575778976083
gxBQ_window_03_frame_77876 pair 26 [1, 12] combined 101376 players 29264 retained 256 seconds 0.963600411079824
gxBQ_window_03_frame_77876 pair 27 [1, 13] combined 100352 players 19492 retained 256 seconds 0.7663613366894424
gxBQ_window_03_frame_77876 pair 28 [1, 14] combined 103424 players 27102 retained 256 seconds 1.178969263099134
gxBQ_window_03_frame_77876 pair 29 [1, 15] combined 99328 players 21386 retained 256 seconds 0.7740785190835595
gxBQ_window_03_frame_77876 pair 31 [2, 1] combined 145848 players 29678 retained 256 seconds 0.9289817530661821
gxBQ_window_03_frame_77876 pair 32 [2, 3] combined 76736 players 26668 retained 256 seconds 0.6765457750298083
gxBQ_window_03_frame_77876 pair 35 [2, 6] combined 0 players 0 retained 0 seconds 0.025237439200282097
gxBQ_window_03_frame_77876 pair 38 [2, 9] combined 0 players 0 retained 0 seconds 0.021003741770982742
gxBQ_window_03_frame_77876 pair 39 [2, 10] combined 63744 players 22130 retained 256 seconds 0.6000453508459032
gxBQ_window_03_frame_77876 pair 40 [2, 11] combined 0 players 0 retained 0 seconds 0.024725125171244144
gxBQ_window_03_frame_77876 pair 45 [3, 0] combined 79872 players 27990 retained 256 seconds 0.9019086020998657
gxBQ_window_03_frame_77876 pair 46 [3, 1] combined 41984 players 388 retained 189 seconds 0.12560766283422709
gxBQ_window_03_frame_77876 pair 47 [3, 2] combined 51520 players 13976 retained 256 seconds 0.40639901207759976
gxBQ_window_03_frame_77876 pair 49 [3, 5] combined 75200 players 15898 retained 256 seconds 0.8023301353678107
gxBQ_window_03_frame_77876 pair 53 [3, 9] combined 0 players 0 retained 0 seconds 0.016753068193793297
gxBQ_window_03_frame_77876 pair 56 [3, 12] combined 79872 players 26076 retained 256 seconds 0.8986545288935304
gxBQ_window_03_frame_77876 pair 57 [3, 13] combined 80896 players 28452 retained 256 seconds 0.8980159028433263
gxBQ_window_03_frame_77876 pair 58 [3, 14] combined 79872 players 26806 retained 256 seconds 0.8211865369230509
gxBQ_window_03_frame_77876 pair 59 [3, 15] combined 77824 players 25564 retained 256 seconds 0.7909820140339434
gxBQ_window_03_frame_77876 pair 61 [4, 1] combined 177152 players 64036 retained 256 seconds 1.938465375918895
gxBQ_window_03_frame_77876 pair 66 [4, 7] combined 4096 players 1552 retained 256 seconds 0.11592702381312847
gxBQ_window_03_frame_77876 pair 67 [4, 8] combined 262144 players 2860 retained 256 seconds 0.566680668387562
gxBQ_window_03_frame_77876 pair 69 [4, 10] combined 75776 players 25406 retained 256 seconds 0.6749382321722806
gxBQ_window_03_frame_77876 pair 70 [4, 11] combined 0 players 0 retained 0 seconds 0.04809535527601838
gxBQ_window_03_frame_77876 pair 78 [5, 3] combined 80080 players 28126 retained 256 seconds 0.7284599794074893
gxBQ_window_03_frame_77876 pair 81 [5, 7] combined 6020 players 2282 retained 256 seconds 0.11084136087447405
gxBQ_window_03_frame_77876 pair 82 [5, 8] combined 138260 players 1394 retained 256 seconds 0.3066857159137726
gxBQ_window_03_frame_77876 pair 84 [5, 10] combined 73200 players 25606 retained 256 seconds 0.6656137644313276
gxBQ_window_03_frame_77876 pair 85 [5, 11] combined 0 players 0 retained 0 seconds 0.027153453789651394
gxBQ_window_03_frame_77876 pair 90 [6, 0] combined 0 players 0 retained 0 seconds 0.17536271689459682
gxBQ_window_03_frame_77876 pair 91 [6, 1] combined 0 players 0 retained 0 seconds 0.01580630987882614
gxBQ_window_03_frame_77876 pair 92 [6, 2] combined 0 players 0 retained 0 seconds 0.01417021220549941
gxBQ_window_03_frame_77876 pair 97 [6, 8] combined 0 players 0 retained 0 seconds 0.010387514717876911
gxBQ_window_03_frame_77876 pair 98 [6, 9] combined 0 players 0 retained 0 seconds 0.00200210465118289
gxBQ_window_03_frame_77876 pair 100 [6, 11] combined 0 players 0 retained 0 seconds 0.0016772206872701645
gxBQ_window_03_frame_77876 pair 101 [6, 12] combined 0 players 0 retained 0 seconds 0.2127664601430297
gxBQ_window_03_frame_77876 pair 102 [6, 13] combined 0 players 0 retained 0 seconds 0.17322664195671678
gxBQ_window_03_frame_77876 pair 103 [6, 14] combined 0 players 0 retained 0 seconds 0.15406222501769662
gxBQ_window_03_frame_77876 pair 104 [6, 15] combined 0 players 0 retained 0 seconds 0.1414982690475881
gxBQ_window_03_frame_77876 pair 106 [7, 1] combined 7632 players 34 retained 17 seconds 0.04132879804819822
gxBQ_window_03_frame_77876 pair 109 [7, 4] combined 14336 players 3336 retained 256 seconds 0.1477780998684466
gxBQ_window_03_frame_77876 pair 110 [7, 5] combined 12420 players 1506 retained 256 seconds 0.09440140193328261
gxBQ_window_03_frame_77876 pair 113 [7, 9] combined 0 players 0 retained 0 seconds 0.0034320238046348095
gxBQ_window_03_frame_77876 pair 121 [8, 1] combined 108108 players 35362 retained 256 seconds 0.9122087280265987
gxBQ_window_03_frame_77876 pair 124 [8, 4] combined 110592 players 530 retained 256 seconds 0.2734428648836911
gxBQ_window_03_frame_77876 pair 125 [8, 5] combined 143360 players 518 retained 256 seconds 0.2974655549041927
gxBQ_window_03_frame_77876 pair 126 [8, 6] combined 0 players 0 retained 0 seconds 0.013933518901467323
gxBQ_window_03_frame_77876 pair 128 [8, 9] combined 0 players 0 retained 0 seconds 0.014937607105821371
gxBQ_window_03_frame_77876 pair 135 [9, 0] combined 0 players 0 retained 0 seconds 0.16728405328467488
gxBQ_window_03_frame_77876 pair 137 [9, 2] combined 0 players 0 retained 0 seconds 0.01381821883842349
gxBQ_window_03_frame_77876 pair 138 [9, 3] combined 0 players 0 retained 0 seconds 0.008534836117178202
gxBQ_window_03_frame_77876 pair 141 [9, 6] combined 0 players 0 retained 0 seconds 0.0018595857545733452
gxBQ_window_03_frame_77876 pair 142 [9, 7] combined 0 players 0 retained 0 seconds 0.002204366959631443
gxBQ_window_03_frame_77876 pair 143 [9, 8] combined 0 players 0 retained 0 seconds 0.009513747412711382
gxBQ_window_03_frame_77876 pair 144 [9, 10] combined 0 players 0 retained 0 seconds 0.006888499949127436
gxBQ_window_03_frame_77876 pair 146 [9, 12] combined 0 players 0 retained 0 seconds 0.21516772592440248
gxBQ_window_03_frame_77876 pair 147 [9, 13] combined 0 players 0 retained 0 seconds 0.17296883696690202
gxBQ_window_03_frame_77876 pair 148 [9, 14] combined 0 players 0 retained 0 seconds 0.14478163374587893
gxBQ_window_03_frame_77876 pair 149 [9, 15] combined 0 players 0 retained 0 seconds 0.13870965922251344
gxBQ_window_03_frame_77876 pair 150 [10, 0] combined 79872 players 26078 retained 256 seconds 1.1637909207493067
gxBQ_window_03_frame_77876 pair 151 [10, 1] combined 58368 players 304 retained 146 seconds 0.14235011488199234
gxBQ_window_03_frame_77876 pair 152 [10, 2] combined 49296 players 13800 retained 256 seconds 0.38696087524294853
gxBQ_window_03_frame_77876 pair 154 [10, 4] combined 87040 players 18954 retained 256 seconds 0.5526932310312986
gxBQ_window_03_frame_77876 pair 155 [10, 5] combined 75480 players 15064 retained 256 seconds 0.4574653687886894
gxBQ_window_03_frame_77876 pair 159 [10, 9] combined 0 players 0 retained 0 seconds 0.013700557872653008
gxBQ_window_03_frame_77876 pair 160 [10, 11] combined 0 players 0 retained 0 seconds 0.009600827004760504
gxBQ_window_03_frame_77876 pair 161 [10, 12] combined 81920 players 24352 retained 256 seconds 0.8900980618782341
gxBQ_window_03_frame_77876 pair 162 [10, 13] combined 78848 players 23544 retained 256 seconds 0.83075066562742
gxBQ_window_03_frame_77876 pair 163 [10, 14] combined 81920 players 24926 retained 256 seconds 0.8422440029680729
gxBQ_window_03_frame_77876 pair 164 [10, 15] combined 80896 players 24296 retained 256 seconds 0.7896254858933389
gxBQ_window_03_frame_77876 pair 165 [11, 0] combined 0 players 0 retained 0 seconds 0.18407589476555586
gxBQ_window_03_frame_77876 pair 167 [11, 2] combined 0 players 0 retained 0 seconds 0.014674765057861805
gxBQ_window_03_frame_77876 pair 169 [11, 4] combined 0 players 0 retained 0 seconds 0.029705876018851995
gxBQ_window_03_frame_77876 pair 170 [11, 5] combined 0 players 0 retained 0 seconds 0.017637643963098526
gxBQ_window_03_frame_77876 pair 171 [11, 6] combined 0 players 0 retained 0 seconds 0.0019899350591003895
gxBQ_window_03_frame_77876 pair 175 [11, 10] combined 0 players 0 retained 0 seconds 0.0079915476962924
gxBQ_window_03_frame_77876 pair 176 [11, 12] combined 0 players 0 retained 0 seconds 0.22207836573943496
gxBQ_window_03_frame_77876 pair 177 [11, 13] combined 0 players 0 retained 0 seconds 0.18158414494246244
gxBQ_window_03_frame_77876 pair 178 [11, 14] combined 0 players 0 retained 0 seconds 0.15713310800492764
gxBQ_window_03_frame_77876 pair 179 [11, 15] combined 0 players 0 retained 0 seconds 0.1405968409962952
gxBQ_window_03_frame_77876 pair 181 [12, 1] combined 167936 players 43630 retained 256 seconds 1.8158302456140518
gxBQ_window_03_frame_77876 pair 183 [12, 3] combined 94208 players 32934 retained 256 seconds 1.1529085808433592
gxBQ_window_03_frame_77876 pair 186 [12, 6] combined 0 players 0 retained 0 seconds 0.3485488351434469
gxBQ_window_03_frame_77876 pair 189 [12, 9] combined 0 players 0 retained 0 seconds 0.2974667511880398
gxBQ_window_03_frame_77876 pair 190 [12, 10] combined 81920 players 26858 retained 256 seconds 1.0492596179246902
gxBQ_window_03_frame_77876 pair 191 [12, 11] combined 0 players 0 retained 0 seconds 0.32281632628291845
gxBQ_window_03_frame_77876 pair 196 [13, 1] combined 185344 players 57010 retained 256 seconds 1.7779816910624504
gxBQ_window_03_frame_77876 pair 198 [13, 3] combined 93184 players 29970 retained 256 seconds 1.038529652170837
gxBQ_window_03_frame_77876 pair 201 [13, 6] combined 0 players 0 retained 0 seconds 0.28624454885721207
gxBQ_window_03_frame_77876 pair 204 [13, 9] combined 0 players 0 retained 0 seconds 0.23931230697780848
gxBQ_window_03_frame_77876 pair 205 [13, 10] combined 82944 players 28086 retained 256 seconds 1.0281597771681845
gxBQ_window_03_frame_77876 pair 206 [13, 11] combined 0 players 0 retained 0 seconds 0.26452891202643514
gxBQ_window_03_frame_77876 pair 211 [14, 1] combined 167936 players 56872 retained 256 seconds 1.9791627419181168
gxBQ_window_03_frame_77876 pair 213 [14, 3] combined 95232 players 33584 retained 256 seconds 1.0385220698080957
gxBQ_window_03_frame_77876 pair 216 [14, 6] combined 0 players 0 retained 0 seconds 0.2545788870193064
gxBQ_window_03_frame_77876 pair 219 [14, 9] combined 0 players 0 retained 0 seconds 0.2135371658951044
gxBQ_window_03_frame_77876 pair 220 [14, 10] combined 79872 players 26288 retained 256 seconds 0.9157721297815442
gxBQ_window_03_frame_77876 pair 221 [14, 11] combined 0 players 0 retained 0 seconds 0.22658280516043305
gxBQ_window_03_frame_77876 pair 226 [15, 1] combined 185344 players 48290 retained 256 seconds 1.4709182460792363
gxBQ_window_03_frame_77876 pair 228 [15, 3] combined 93184 players 32802 retained 256 seconds 1.0415469938889146
gxBQ_window_03_frame_77876 pair 231 [15, 6] combined 0 players 0 retained 0 seconds 0.2151406966149807
gxBQ_window_03_frame_77876 pair 234 [15, 9] combined 0 players 0 retained 0 seconds 0.18443835293874145
gxBQ_window_03_frame_77876 pair 235 [15, 10] combined 89088 players 31132 retained 256 seconds 1.0168956900015473
gxBQ_window_03_frame_77876 pair 236 [15, 11] combined 0 players 0 retained 0 seconds 0.2191610741429031
[gxBQ_window_03_frame_77876 +0s] loading view and candidate populations
[gxBQ_window_03_frame_77876] line-template: preparing rectangles
[gxBQ_window_03_frame_77876 +12s] measuring 768 parents (G0=256, G1=256, line_template=256; conflicting geometry groups=0)
[gxBQ_window_03_frame_77876 +23s] parents 250/768
[gxBQ_window_03_frame_77876 +33s] parents 500/768
[gxBQ_window_03_frame_77876 +41s] parents 750/768
[gxBQ_window_03_frame_77876 +42s] refitting 768 parents
[gxBQ_window_03_frame_77876 +53s] refits 250/768; valid children=244
[gxBQ_window_03_frame_77876 +63s] refits 500/768; valid children=472
[gxBQ_window_03_frame_77876 +74s] refits 750/768; valid children=708
[gxBQ_window_03_frame_77876 +75s] ranking sensitivity thresholds
[gxBQ_window_03_frame_77876 +75s] saving evidence and arrays
[gxBQ_window_03_frame_77876 +91s] saved
{"case_id": "gxBQ_window_03_frame_77876", "direction_budget": 16, "run_wall_s": 542.2191891837865, "phases_s": {"prepare_view": 1.8731109909713268, "populations": 439.3636732008308, "w5_record": 91.4300670530647, "net_choice": 1.0942370481789112, "stripe_polarity_refit": 1.8662491929717362}, "bounded": "line_template:rectangle_73390:template_72/child"}
