[sset_21_gloiZ_gTJaE_frame_00000001] generating G0
sset_21_gloiZ_gTJaE_frame_00000001 pair 0 [0, 1] combined 262144 players 80370 retained 256 seconds 4.011324120219797
sset_21_gloiZ_gTJaE_frame_00000001 pair 1 [0, 2] combined 225280 players 75868 retained 256 seconds 3.7492661010473967
sset_21_gloiZ_gTJaE_frame_00000001 pair 2 [0, 3] combined 262144 players 73116 retained 256 seconds 3.726852146908641
sset_21_gloiZ_gTJaE_frame_00000001 pair 6 [0, 7] combined 6144 players 3072 retained 256 seconds 0.3724024663679302
sset_21_gloiZ_gTJaE_frame_00000001 pair 7 [0, 8] combined 16384 players 412 retained 179 seconds 0.2865892043337226
sset_21_gloiZ_gTJaE_frame_00000001 pair 11 [0, 12] combined 262144 players 42374 retained 256 seconds 2.470459679607302
sset_21_gloiZ_gTJaE_frame_00000001 pair 15 [1, 0] combined 262144 players 71517 retained 256 seconds 3.413024704903364
sset_21_gloiZ_gTJaE_frame_00000001 pair 17 [1, 3] combined 262144 players 62398 retained 256 seconds 3.3316877321340144
sset_21_gloiZ_gTJaE_frame_00000001 pair 18 [1, 4] combined 262144 players 18824 retained 256 seconds 1.5398218152113259
sset_21_gloiZ_gTJaE_frame_00000001 pair 19 [1, 5] combined 262144 players 87338 retained 256 seconds 4.218563670292497
sset_21_gloiZ_gTJaE_frame_00000001 pair 20 [1, 6] combined 116736 players 4404 retained 256 seconds 0.6572442138567567
sset_21_gloiZ_gTJaE_frame_00000001 pair 23 [1, 9] combined 245760 players 18530 retained 256 seconds 1.4129306939430535
sset_21_gloiZ_gTJaE_frame_00000001 pair 24 [1, 10] combined 0 players 0 retained 0 seconds 0.07645357586443424
sset_21_gloiZ_gTJaE_frame_00000001 pair 25 [1, 11] combined 262144 players 30088 retained 256 seconds 1.9219061369076371
sset_21_gloiZ_gTJaE_frame_00000001 pair 27 [1, 13] combined 39936 players 2196 retained 256 seconds 0.31824590591713786
sset_21_gloiZ_gTJaE_frame_00000001 pair 28 [1, 14] combined 1024 players 374 retained 181 seconds 0.12409805692732334
sset_21_gloiZ_gTJaE_frame_00000001 pair 29 [1, 15] combined 22528 players 342 retained 160 seconds 0.19546165084466338
sset_21_gloiZ_gTJaE_frame_00000001 pair 30 [2, 0] combined 262144 players 85028 retained 256 seconds 3.8909113379195333
sset_21_gloiZ_gTJaE_frame_00000001 pair 32 [2, 3] combined 262144 players 12180 retained 256 seconds 0.8030696827918291
sset_21_gloiZ_gTJaE_frame_00000001 pair 33 [2, 4] combined 262144 players 56842 retained 256 seconds 1.816811439115554
sset_21_gloiZ_gTJaE_frame_00000001 pair 34 [2, 5] combined 262144 players 74734 retained 256 seconds 2.1106405202299356
sset_21_gloiZ_gTJaE_frame_00000001 pair 35 [2, 6] combined 76800 players 24464 retained 256 seconds 0.637625047005713
sset_21_gloiZ_gTJaE_frame_00000001 pair 38 [2, 9] combined 142336 players 51722 retained 256 seconds 1.3550188769586384
sset_21_gloiZ_gTJaE_frame_00000001 pair 40 [2, 11] combined 262144 players 57928 retained 256 seconds 1.6540165469050407
sset_21_gloiZ_gTJaE_frame_00000001 pair 42 [2, 13] combined 60416 players 12616 retained 256 seconds 0.3876893129199743
sset_21_gloiZ_gTJaE_frame_00000001 pair 44 [2, 15] combined 35840 players 5134 retained 256 seconds 0.19676737813279033
sset_21_gloiZ_gTJaE_frame_00000001 pair 45 [3, 0] combined 262144 players 64032 retained 256 seconds 1.8978226566687226
sset_21_gloiZ_gTJaE_frame_00000001 pair 46 [3, 1] combined 262144 players 76690 retained 256 seconds 2.187404504045844
sset_21_gloiZ_gTJaE_frame_00000001 pair 47 [3, 2] combined 221184 players 4716 retained 256 seconds 0.6778822699561715
sset_21_gloiZ_gTJaE_frame_00000001 pair 49 [3, 5] combined 262144 players 52622 retained 256 seconds 2.548274534754455
sset_21_gloiZ_gTJaE_frame_00000001 pair 52 [3, 8] combined 5120 players 668 retained 256 seconds 0.20880410308018327
sset_21_gloiZ_gTJaE_frame_00000001 pair 54 [3, 10] combined 6144 players 2074 retained 256 seconds 0.1626861891709268
sset_21_gloiZ_gTJaE_frame_00000001 pair 55 [3, 11] combined 262144 players 29150 retained 256 seconds 1.2481012549251318
sset_21_gloiZ_gTJaE_frame_00000001 pair 56 [3, 12] combined 216064 players 27932 retained 256 seconds 0.9549586670473218
sset_21_gloiZ_gTJaE_frame_00000001 pair 58 [3, 14] combined 3072 players 4 retained 2 seconds 0.1080704927444458
sset_21_gloiZ_gTJaE_frame_00000001 pair 61 [4, 1] combined 146432 players 35268 retained 256 seconds 0.9855592409148812
sset_21_gloiZ_gTJaE_frame_00000001 pair 62 [4, 2] combined 214016 players 64232 retained 256 seconds 1.7473668963648379
sset_21_gloiZ_gTJaE_frame_00000001 pair 66 [4, 7] combined 5100 players 2436 retained 256 seconds 0.10239617805927992
sset_21_gloiZ_gTJaE_frame_00000001 pair 67 [4, 8] combined 15360 players 32 retained 18 seconds 0.051418958231806755
sset_21_gloiZ_gTJaE_frame_00000001 pair 71 [4, 12] combined 193440 players 11446 retained 256 seconds 0.6765297609381378
sset_21_gloiZ_gTJaE_frame_00000001 pair 76 [5, 1] combined 262144 players 85992 retained 256 seconds 2.301175248809159
sset_21_gloiZ_gTJaE_frame_00000001 pair 77 [5, 2] combined 220160 players 70740 retained 256 seconds 2.0238800453953445
sset_21_gloiZ_gTJaE_frame_00000001 pair 78 [5, 3] combined 262144 players 57190 retained 256 seconds 1.8435956006869674
sset_21_gloiZ_gTJaE_frame_00000001 pair 81 [5, 7] combined 4096 players 1874 retained 256 seconds 0.177667869720608
sset_21_gloiZ_gTJaE_frame_00000001 pair 82 [5, 8] combined 12288 players 466 retained 230 seconds 0.12497788807377219
sset_21_gloiZ_gTJaE_frame_00000001 pair 86 [5, 12] combined 262144 players 45846 retained 256 seconds 1.6498078349977732
sset_21_gloiZ_gTJaE_frame_00000001 pair 91 [6, 1] combined 52224 players 1762 retained 256 seconds 0.21709230495616794
sset_21_gloiZ_gTJaE_frame_00000001 pair 92 [6, 2] combined 63440 players 19314 retained 256 seconds 0.6499975640326738
sset_21_gloiZ_gTJaE_frame_00000001 pair 96 [6, 7] combined 1168 players 538 retained 256 seconds 0.05324607063084841
sset_21_gloiZ_gTJaE_frame_00000001 pair 97 [6, 8] combined 2684 players 0 retained 0 seconds 0.010276172775775194
sset_21_gloiZ_gTJaE_frame_00000001 pair 99 [6, 10] combined 1464 players 474 retained 198 seconds 0.042735571041703224
sset_21_gloiZ_gTJaE_frame_00000001 pair 101 [6, 12] combined 53248 players 1182 retained 256 seconds 0.1498944079503417
sset_21_gloiZ_gTJaE_frame_00000001 pair 105 [7, 0] combined 13312 players 4570 retained 256 seconds 0.24547871109098196
sset_21_gloiZ_gTJaE_frame_00000001 pair 109 [7, 4] combined 10240 players 2654 retained 256 seconds 0.11664823116734624
sset_21_gloiZ_gTJaE_frame_00000001 pair 110 [7, 5] combined 9216 players 3200 retained 256 seconds 0.2619729028083384
sset_21_gloiZ_gTJaE_frame_00000001 pair 111 [7, 6] combined 9088 players 4234 retained 256 seconds 0.1377836223691702
sset_21_gloiZ_gTJaE_frame_00000001 pair 115 [7, 11] combined 6144 players 1380 retained 256 seconds 0.08999970415607095
sset_21_gloiZ_gTJaE_frame_00000001 pair 117 [7, 13] combined 240 players 16 retained 8 seconds 0.019057992845773697
sset_21_gloiZ_gTJaE_frame_00000001 pair 119 [7, 15] combined 448 players 42 retained 21 seconds 0.019927782006561756
sset_21_gloiZ_gTJaE_frame_00000001 pair 120 [8, 0] combined 1024 players 262 retained 124 seconds 0.12376679433509707
sset_21_gloiZ_gTJaE_frame_00000001 pair 123 [8, 3] combined 9216 players 1742 retained 256 seconds 0.09978185128420591
sset_21_gloiZ_gTJaE_frame_00000001 pair 124 [8, 4] combined 29696 players 242 retained 121 seconds 0.08446831488981843
sset_21_gloiZ_gTJaE_frame_00000001 pair 125 [8, 5] combined 13312 players 128 retained 62 seconds 0.10844380408525467
sset_21_gloiZ_gTJaE_frame_00000001 pair 126 [8, 6] combined 2232 players 0 retained 0 seconds 0.009141220711171627
sset_21_gloiZ_gTJaE_frame_00000001 pair 128 [8, 9] combined 10752 players 144 retained 72 seconds 0.045980014372617006
sset_21_gloiZ_gTJaE_frame_00000001 pair 129 [8, 10] combined 0 players 0 retained 0 seconds 0.0038851643912494183
sset_21_gloiZ_gTJaE_frame_00000001 pair 130 [8, 11] combined 13312 players 72 retained 36 seconds 0.058379947673529387
sset_21_gloiZ_gTJaE_frame_00000001 pair 136 [9, 1] combined 46080 players 13058 retained 256 seconds 0.4220754527486861
sset_21_gloiZ_gTJaE_frame_00000001 pair 137 [9, 2] combined 123516 players 47194 retained 256 seconds 1.3390765059739351
sset_21_gloiZ_gTJaE_frame_00000001 pair 143 [9, 8] combined 3120 players 316 retained 159 seconds 0.04728227527812123
sset_21_gloiZ_gTJaE_frame_00000001 pair 146 [9, 12] combined 72288 players 11576 retained 256 seconds 0.38812676910310984
sset_21_gloiZ_gTJaE_frame_00000001 pair 151 [10, 1] combined 3072 players 656 retained 256 seconds 0.0902423420920968
sset_21_gloiZ_gTJaE_frame_00000001 pair 153 [10, 3] combined 0 players 0 retained 0 seconds 0.020172218326479197
sset_21_gloiZ_gTJaE_frame_00000001 pair 156 [10, 6] combined 0 players 0 retained 0 seconds 0.005774019286036491
sset_21_gloiZ_gTJaE_frame_00000001 pair 158 [10, 8] combined 20 players 10 retained 5 seconds 0.0161315998993814
sset_21_gloiZ_gTJaE_frame_00000001 pair 161 [10, 12] combined 936 players 420 retained 208 seconds 0.04567634221166372
sset_21_gloiZ_gTJaE_frame_00000001 pair 162 [10, 13] combined 312 players 0 retained 0 seconds 0.0053582461550831795
sset_21_gloiZ_gTJaE_frame_00000001 pair 164 [10, 15] combined 1064 players 38 retained 19 seconds 0.01966137671843171
sset_21_gloiZ_gTJaE_frame_00000001 pair 166 [11, 1] combined 262144 players 61486 retained 256 seconds 1.765428135637194
sset_21_gloiZ_gTJaE_frame_00000001 pair 167 [11, 2] combined 217088 players 77370 retained 256 seconds 2.12804690701887
sset_21_gloiZ_gTJaE_frame_00000001 pair 168 [11, 3] combined 262144 players 69922 retained 256 seconds 3.0442395070567727
sset_21_gloiZ_gTJaE_frame_00000001 pair 172 [11, 7] combined 7168 players 1838 retained 256 seconds 0.18597583658993244
sset_21_gloiZ_gTJaE_frame_00000001 pair 173 [11, 8] combined 32768 players 714 retained 256 seconds 0.19265960808843374
sset_21_gloiZ_gTJaE_frame_00000001 pair 176 [11, 12] combined 262144 players 14640 retained 256 seconds 1.4581013401038945
sset_21_gloiZ_gTJaE_frame_00000001 pair 180 [12, 0] combined 217088 players 24310 retained 256 seconds 1.6044194172136486
sset_21_gloiZ_gTJaE_frame_00000001 pair 183 [12, 3] combined 247808 players 48476 retained 256 seconds 2.2146650259383023
sset_21_gloiZ_gTJaE_frame_00000001 pair 184 [12, 4] combined 204800 players 7728 retained 256 seconds 0.547652892768383
sset_21_gloiZ_gTJaE_frame_00000001 pair 185 [12, 5] combined 203776 players 55212 retained 256 seconds 1.65937680285424
sset_21_gloiZ_gTJaE_frame_00000001 pair 186 [12, 6] combined 113664 players 2240 retained 256 seconds 0.2715874742716551
sset_21_gloiZ_gTJaE_frame_00000001 pair 189 [12, 9] combined 151200 players 4242 retained 256 seconds 0.36757683102041483
sset_21_gloiZ_gTJaE_frame_00000001 pair 190 [12, 10] combined 0 players 0 retained 0 seconds 0.015157786197960377
sset_21_gloiZ_gTJaE_frame_00000001 pair 191 [12, 11] combined 212992 players 12458 retained 256 seconds 0.6553943981416523
sset_21_gloiZ_gTJaE_frame_00000001 pair 194 [12, 15] combined 21504 players 262 retained 84 seconds 0.07177007710561156
sset_21_gloiZ_gTJaE_frame_00000001 pair 196 [13, 1] combined 46080 players 3072 retained 256 seconds 0.2031960659660399
sset_21_gloiZ_gTJaE_frame_00000001 pair 197 [13, 2] combined 48952 players 3230 retained 256 seconds 0.18366785673424602
sset_21_gloiZ_gTJaE_frame_00000001 pair 202 [13, 7] combined 324 players 6 retained 3 seconds 0.019271479919552803
sset_21_gloiZ_gTJaE_frame_00000001 pair 205 [13, 10] combined 1204 players 0 retained 0 seconds 0.006510511972010136
sset_21_gloiZ_gTJaE_frame_00000001 pair 211 [14, 1] combined 2048 players 536 retained 256 seconds 0.08347569778561592
sset_21_gloiZ_gTJaE_frame_00000001 pair 213 [14, 3] combined 0 players 0 retained 0 seconds 0.021092926152050495
sset_21_gloiZ_gTJaE_frame_00000001 pair 226 [15, 1] combined 20480 players 506 retained 254 seconds 0.11004078574478626
sset_21_gloiZ_gTJaE_frame_00000001 pair 227 [15, 2] combined 35948 players 94 retained 47 seconds 0.08841811213642359
sset_21_gloiZ_gTJaE_frame_00000001 pair 232 [15, 7] combined 2288 players 0 retained 0 seconds 0.009360087104141712
sset_21_gloiZ_gTJaE_frame_00000001 pair 235 [15, 10] combined 864 players 34 retained 17 seconds 0.01902263192459941
sset_21_gloiZ_gTJaE_frame_00000001 pair 237 [15, 12] combined 13680 players 338 retained 128 seconds 0.05876009725034237
[sset_21_gloiZ_gTJaE_frame_00000001] generating G1
sset_21_gloiZ_gTJaE_frame_00000001 pair 0 [0, 1] combined 61600 players 12770 retained 256 seconds 0.4095498197712004
sset_21_gloiZ_gTJaE_frame_00000001 pair 1 [0, 2] combined 2024 players 706 retained 256 seconds 0.06410551816225052
sset_21_gloiZ_gTJaE_frame_00000001 pair 2 [0, 3] combined 0 players 0 retained 0 seconds 0.015428370796144009
sset_21_gloiZ_gTJaE_frame_00000001 pair 6 [0, 7] combined 2048 players 1024 retained 256 seconds 0.07114102179184556
sset_21_gloiZ_gTJaE_frame_00000001 pair 7 [0, 8] combined 0 players 0 retained 0 seconds 0.013407455757260323
sset_21_gloiZ_gTJaE_frame_00000001 pair 11 [0, 12] combined 35680 players 7896 retained 256 seconds 0.25891759619116783
sset_21_gloiZ_gTJaE_frame_00000001 pair 15 [1, 0] combined 81700 players 21864 retained 256 seconds 0.6400752910412848
sset_21_gloiZ_gTJaE_frame_00000001 pair 17 [1, 3] combined 0 players 0 retained 0 seconds 0.009242587257176638
sset_21_gloiZ_gTJaE_frame_00000001 pair 18 [1, 4] combined 5712 players 0 retained 0 seconds 0.01703907735645771
sset_21_gloiZ_gTJaE_frame_00000001 pair 19 [1, 5] combined 50752 players 18196 retained 256 seconds 0.5155855249613523
sset_21_gloiZ_gTJaE_frame_00000001 pair 20 [1, 6] combined 0 players 0 retained 0 seconds 0.008170395158231258
sset_21_gloiZ_gTJaE_frame_00000001 pair 23 [1, 9] combined 2328 players 0 retained 0 seconds 0.010981971863657236
sset_21_gloiZ_gTJaE_frame_00000001 pair 24 [1, 10] combined 0 players 0 retained 0 seconds 0.006675345357507467
sset_21_gloiZ_gTJaE_frame_00000001 pair 25 [1, 11] combined 1552 players 114 retained 56 seconds 0.026728322729468346
sset_21_gloiZ_gTJaE_frame_00000001 pair 27 [1, 13] combined 0 players 0 retained 0 seconds 0.006335859186947346
sset_21_gloiZ_gTJaE_frame_00000001 pair 28 [1, 14] combined 0 players 0 retained 0 seconds 0.0069458093494176865
sset_21_gloiZ_gTJaE_frame_00000001 pair 29 [1, 15] combined 0 players 0 retained 0 seconds 0.006702217739075422
sset_21_gloiZ_gTJaE_frame_00000001 pair 30 [2, 0] combined 4800 players 1534 retained 256 seconds 0.08028528513386846
sset_21_gloiZ_gTJaE_frame_00000001 pair 32 [2, 3] combined 0 players 0 retained 0 seconds 0.0028976891189813614
sset_21_gloiZ_gTJaE_frame_00000001 pair 33 [2, 4] combined 96 players 0 retained 0 seconds 0.0033067609183490276
sset_21_gloiZ_gTJaE_frame_00000001 pair 34 [2, 5] combined 2048 players 576 retained 256 seconds 0.05102797597646713
sset_21_gloiZ_gTJaE_frame_00000001 pair 35 [2, 6] combined 0 players 0 retained 0 seconds 0.002762886229902506
sset_21_gloiZ_gTJaE_frame_00000001 pair 38 [2, 9] combined 40 players 0 retained 0 seconds 0.00297286594286561
sset_21_gloiZ_gTJaE_frame_00000001 pair 40 [2, 11] combined 96 players 8 retained 4 seconds 0.015777430962771177
sset_21_gloiZ_gTJaE_frame_00000001 pair 42 [2, 13] combined 0 players 0 retained 0 seconds 0.0024588587693870068
sset_21_gloiZ_gTJaE_frame_00000001 pair 44 [2, 15] combined 0 players 0 retained 0 seconds 0.002107443753629923
sset_21_gloiZ_gTJaE_frame_00000001 pair 45 [3, 0] combined 0 players 0 retained 0 seconds 0.01151304692029953
sset_21_gloiZ_gTJaE_frame_00000001 pair 46 [3, 1] combined 0 players 0 retained 0 seconds 0.005166571121662855
sset_21_gloiZ_gTJaE_frame_00000001 pair 47 [3, 2] combined 0 players 0 retained 0 seconds 0.00218506483361125
sset_21_gloiZ_gTJaE_frame_00000001 pair 49 [3, 5] combined 0 players 0 retained 0 seconds 0.007096563000231981
sset_21_gloiZ_gTJaE_frame_00000001 pair 52 [3, 8] combined 0 players 0 retained 0 seconds 0.0016157366335391998
sset_21_gloiZ_gTJaE_frame_00000001 pair 54 [3, 10] combined 0 players 0 retained 0 seconds 0.0015499349683523178
sset_21_gloiZ_gTJaE_frame_00000001 pair 55 [3, 11] combined 0 players 0 retained 0 seconds 0.00240156427025795
sset_21_gloiZ_gTJaE_frame_00000001 pair 56 [3, 12] combined 0 players 0 retained 0 seconds 0.003734597936272621
sset_21_gloiZ_gTJaE_frame_00000001 pair 58 [3, 14] combined 0 players 0 retained 0 seconds 0.0017588692717254162
sset_21_gloiZ_gTJaE_frame_00000001 pair 61 [4, 1] combined 236 players 0 retained 0 seconds 0.0070943827740848064
sset_21_gloiZ_gTJaE_frame_00000001 pair 62 [4, 2] combined 0 players 0 retained 0 seconds 0.003139384090900421
sset_21_gloiZ_gTJaE_frame_00000001 pair 66 [4, 7] combined 12 players 6 retained 3 seconds 0.01605718396604061
sset_21_gloiZ_gTJaE_frame_00000001 pair 67 [4, 8] combined 0 players 0 retained 0 seconds 0.0030795573256909847
sset_21_gloiZ_gTJaE_frame_00000001 pair 71 [4, 12] combined 492 players 0 retained 0 seconds 0.005771838128566742
sset_21_gloiZ_gTJaE_frame_00000001 pair 76 [5, 1] combined 38280 players 8270 retained 256 seconds 0.28232866106554866
sset_21_gloiZ_gTJaE_frame_00000001 pair 77 [5, 2] combined 728 players 248 retained 121 seconds 0.03636420797556639
sset_21_gloiZ_gTJaE_frame_00000001 pair 78 [5, 3] combined 0 players 0 retained 0 seconds 0.009794947691261768
sset_21_gloiZ_gTJaE_frame_00000001 pair 81 [5, 7] combined 0 players 0 retained 0 seconds 0.009873669128865004
sset_21_gloiZ_gTJaE_frame_00000001 pair 82 [5, 8] combined 0 players 0 retained 0 seconds 0.0067888121120631695
sset_21_gloiZ_gTJaE_frame_00000001 pair 86 [5, 12] combined 13580 players 2996 retained 256 seconds 0.12181183975189924
sset_21_gloiZ_gTJaE_frame_00000001 pair 91 [6, 1] combined 0 players 0 retained 0 seconds 0.007060525007545948
sset_21_gloiZ_gTJaE_frame_00000001 pair 92 [6, 2] combined 0 players 0 retained 0 seconds 0.002225274220108986
sset_21_gloiZ_gTJaE_frame_00000001 pair 96 [6, 7] combined 0 players 0 retained 0 seconds 0.002310626208782196
sset_21_gloiZ_gTJaE_frame_00000001 pair 97 [6, 8] combined 0 players 0 retained 0 seconds 0.0012687267735600471
sset_21_gloiZ_gTJaE_frame_00000001 pair 99 [6, 10] combined 0 players 0 retained 0 seconds 0.0015142648480832577
sset_21_gloiZ_gTJaE_frame_00000001 pair 101 [6, 12] combined 0 players 0 retained 0 seconds 0.004340868443250656
sset_21_gloiZ_gTJaE_frame_00000001 pair 105 [7, 0] combined 856 players 266 retained 133 seconds 0.03780400659888983
sset_21_gloiZ_gTJaE_frame_00000001 pair 109 [7, 4] combined 0 players 0 retained 0 seconds 0.0035760882310569286
sset_21_gloiZ_gTJaE_frame_00000001 pair 110 [7, 5] combined 0 players 0 retained 0 seconds 0.007468312978744507
sset_21_gloiZ_gTJaE_frame_00000001 pair 111 [7, 6] combined 0 players 0 retained 0 seconds 0.002682959195226431
sset_21_gloiZ_gTJaE_frame_00000001 pair 115 [7, 11] combined 0 players 0 retained 0 seconds 0.003187305759638548
sset_21_gloiZ_gTJaE_frame_00000001 pair 117 [7, 13] combined 0 players 0 retained 0 seconds 0.0022850153036415577
sset_21_gloiZ_gTJaE_frame_00000001 pair 119 [7, 15] combined 0 players 0 retained 0 seconds 0.0022986209951341152
sset_21_gloiZ_gTJaE_frame_00000001 pair 120 [8, 0] combined 0 players 0 retained 0 seconds 0.011417501140385866
sset_21_gloiZ_gTJaE_frame_00000001 pair 123 [8, 3] combined 0 players 0 retained 0 seconds 0.0016753152012825012
sset_21_gloiZ_gTJaE_frame_00000001 pair 124 [8, 4] combined 0 players 0 retained 0 seconds 0.002465010154992342
sset_21_gloiZ_gTJaE_frame_00000001 pair 125 [8, 5] combined 0 players 0 retained 0 seconds 0.00704146409407258
sset_21_gloiZ_gTJaE_frame_00000001 pair 126 [8, 6] combined 0 players 0 retained 0 seconds 0.0014136401005089283
sset_21_gloiZ_gTJaE_frame_00000001 pair 128 [8, 9] combined 0 players 0 retained 0 seconds 0.0020529297180473804
sset_21_gloiZ_gTJaE_frame_00000001 pair 129 [8, 10] combined 0 players 0 retained 0 seconds 0.15797921922057867
sset_21_gloiZ_gTJaE_frame_00000001 pair 130 [8, 11] combined 0 players 0 retained 0 seconds 0.0022835498675704002
sset_21_gloiZ_gTJaE_frame_00000001 pair 136 [9, 1] combined 0 players 0 retained 0 seconds 0.005599810741841793
sset_21_gloiZ_gTJaE_frame_00000001 pair 137 [9, 2] combined 0 players 0 retained 0 seconds 0.0027112183161079884
sset_21_gloiZ_gTJaE_frame_00000001 pair 143 [9, 8] combined 0 players 0 retained 0 seconds 0.002304619178175926
sset_21_gloiZ_gTJaE_frame_00000001 pair 146 [9, 12] combined 180 players 0 retained 0 seconds 0.004748431965708733
sset_21_gloiZ_gTJaE_frame_00000001 pair 151 [10, 1] combined 0 players 0 retained 0 seconds 0.004890291951596737
sset_21_gloiZ_gTJaE_frame_00000001 pair 153 [10, 3] combined 0 players 0 retained 0 seconds 0.0016030091792345047
sset_21_gloiZ_gTJaE_frame_00000001 pair 156 [10, 6] combined 0 players 0 retained 0 seconds 0.0015220982022583485
sset_21_gloiZ_gTJaE_frame_00000001 pair 158 [10, 8] combined 0 players 0 retained 0 seconds 0.0012588249519467354
sset_21_gloiZ_gTJaE_frame_00000001 pair 161 [10, 12] combined 0 players 0 retained 0 seconds 0.0035016611218452454
sset_21_gloiZ_gTJaE_frame_00000001 pair 162 [10, 13] combined 0 players 0 retained 0 seconds 0.0015276391059160233
sset_21_gloiZ_gTJaE_frame_00000001 pair 164 [10, 15] combined 0 players 0 retained 0 seconds 0.0014392719604074955
sset_21_gloiZ_gTJaE_frame_00000001 pair 166 [11, 1] combined 528 players 80 retained 38 seconds 0.02244549198076129
sset_21_gloiZ_gTJaE_frame_00000001 pair 167 [11, 2] combined 32 players 4 retained 2 seconds 0.015773376915603876
sset_21_gloiZ_gTJaE_frame_00000001 pair 168 [11, 3] combined 0 players 0 retained 0 seconds 0.002951317001134157
sset_21_gloiZ_gTJaE_frame_00000001 pair 172 [11, 7] combined 140 players 56 retained 29 seconds 0.017972799949347973
sset_21_gloiZ_gTJaE_frame_00000001 pair 173 [11, 8] combined 0 players 0 retained 0 seconds 0.002638536039739847
sset_21_gloiZ_gTJaE_frame_00000001 pair 176 [11, 12] combined 152 players 50 retained 25 seconds 0.019080874975770712
sset_21_gloiZ_gTJaE_frame_00000001 pair 180 [12, 0] combined 46920 players 11474 retained 256 seconds 0.37436904665082693
sset_21_gloiZ_gTJaE_frame_00000001 pair 183 [12, 3] combined 0 players 0 retained 0 seconds 0.006290755700320005
sset_21_gloiZ_gTJaE_frame_00000001 pair 184 [12, 4] combined 3224 players 0 retained 0 seconds 0.010769799817353487
sset_21_gloiZ_gTJaE_frame_00000001 pair 185 [12, 5] combined 21504 players 7408 retained 256 seconds 0.22908385377377272
sset_21_gloiZ_gTJaE_frame_00000001 pair 186 [12, 6] combined 0 players 0 retained 0 seconds 0.005561760626733303
sset_21_gloiZ_gTJaE_frame_00000001 pair 189 [12, 9] combined 448 players 0 retained 0 seconds 0.005846157670021057
sset_21_gloiZ_gTJaE_frame_00000001 pair 190 [12, 10] combined 0 players 0 retained 0 seconds 0.004444535356014967
sset_21_gloiZ_gTJaE_frame_00000001 pair 191 [12, 11] combined 1248 players 56 retained 28 seconds 0.02168037835508585
sset_21_gloiZ_gTJaE_frame_00000001 pair 194 [12, 15] combined 0 players 0 retained 0 seconds 0.005247429944574833
sset_21_gloiZ_gTJaE_frame_00000001 pair 196 [13, 1] combined 0 players 0 retained 0 seconds 0.005241882987320423
sset_21_gloiZ_gTJaE_frame_00000001 pair 197 [13, 2] combined 0 players 0 retained 0 seconds 0.002104582265019417
sset_21_gloiZ_gTJaE_frame_00000001 pair 202 [13, 7] combined 0 players 0 retained 0 seconds 0.002039337996393442
sset_21_gloiZ_gTJaE_frame_00000001 pair 205 [13, 10] combined 0 players 0 retained 0 seconds 0.001545516774058342
sset_21_gloiZ_gTJaE_frame_00000001 pair 211 [14, 1] combined 0 players 0 retained 0 seconds 0.005174513906240463
sset_21_gloiZ_gTJaE_frame_00000001 pair 213 [14, 3] combined 0 players 0 retained 0 seconds 0.0018286099657416344
sset_21_gloiZ_gTJaE_frame_00000001 pair 226 [15, 1] combined 0 players 0 retained 0 seconds 0.0049974857829511166
sset_21_gloiZ_gTJaE_frame_00000001 pair 227 [15, 2] combined 0 players 0 retained 0 seconds 0.0019200961105525494
sset_21_gloiZ_gTJaE_frame_00000001 pair 232 [15, 7] combined 0 players 0 retained 0 seconds 0.002106902189552784
sset_21_gloiZ_gTJaE_frame_00000001 pair 235 [15, 10] combined 0 players 0 retained 0 seconds 0.0014288462698459625
sset_21_gloiZ_gTJaE_frame_00000001 pair 237 [15, 12] combined 0 players 0 retained 0 seconds 0.003685425966978073
[sset_21_gloiZ_gTJaE_frame_00000001 +0s] loading view and candidate populations
[sset_21_gloiZ_gTJaE_frame_00000001] line-template: preparing rectangles
[sset_21_gloiZ_gTJaE_frame_00000001 +15s] measuring 731 parents (G0=256, G1=256, line_template=256; conflicting geometry groups=0)
[sset_21_gloiZ_gTJaE_frame_00000001 +21s] parents 250/731
[sset_21_gloiZ_gTJaE_frame_00000001 +27s] parents 500/731
[sset_21_gloiZ_gTJaE_frame_00000001 +34s] refitting 731 parents
[sset_21_gloiZ_gTJaE_frame_00000001 +42s] refits 250/731; valid children=188
[sset_21_gloiZ_gTJaE_frame_00000001 +53s] refits 500/731; valid children=427
[sset_21_gloiZ_gTJaE_frame_00000001 +65s] ranking sensitivity thresholds
[sset_21_gloiZ_gTJaE_frame_00000001 +65s] saving evidence and arrays
[sset_21_gloiZ_gTJaE_frame_00000001 +78s] saved
{"case_id": "sset_21_gloiZ_gTJaE_frame_00000001", "direction_budget": 16, "run_wall_s": 186.22257683705539, "phases_s": {"prepare_view": 0.5729260640218854, "populations": 102.95198014890775, "w5_record": 78.45904256915674, "net_choice": 1.2168544009327888, "stripe_polarity_refit": 1.1800799532793462}, "bounded": "G0:180:580/child"}
