[shuttleset_03_scene_0017] generating G0
shuttleset_03_scene_0017 pair 0 [0, 1] combined 262144 players 61876 retained 256 seconds 4.243479197844863
shuttleset_03_scene_0017 pair 1 [0, 2] combined 262144 players 66450 retained 256 seconds 4.018436635378748
shuttleset_03_scene_0017 pair 2 [0, 3] combined 262144 players 54066 retained 256 seconds 3.8117709401994944
shuttleset_03_scene_0017 pair 4 [0, 5] combined 256000 players 55484 retained 256 seconds 3.6127412118948996
shuttleset_03_scene_0017 pair 5 [0, 6] combined 262144 players 61272 retained 256 seconds 3.972820719704032
shuttleset_03_scene_0017 pair 9 [0, 10] combined 249856 players 58664 retained 256 seconds 3.7786157741211355
shuttleset_03_scene_0017 pair 11 [0, 12] combined 72704 players 17510 retained 256 seconds 1.8352940641343594
shuttleset_03_scene_0017 pair 13 [0, 14] combined 26624 players 4566 retained 256 seconds 1.32354472624138
shuttleset_03_scene_0017 pair 14 [0, 15] combined 5120 players 780 retained 256 seconds 1.1299027311615646
shuttleset_03_scene_0017 pair 15 [1, 0] combined 262144 players 68282 retained 256 seconds 4.409630123060197
shuttleset_03_scene_0017 pair 16 [1, 2] combined 262144 players 8258 retained 256 seconds 1.7914400068111718
shuttleset_03_scene_0017 pair 18 [1, 4] combined 262144 players 74572 retained 256 seconds 4.073028141167015
shuttleset_03_scene_0017 pair 21 [1, 7] combined 262144 players 61895 retained 256 seconds 3.495757620315999
shuttleset_03_scene_0017 pair 22 [1, 8] combined 63488 players 12028 retained 256 seconds 1.241520726121962
shuttleset_03_scene_0017 pair 25 [1, 11] combined 104448 players 11796 retained 256 seconds 1.3433991121128201
shuttleset_03_scene_0017 pair 26 [1, 12] combined 95232 players 6950 retained 256 seconds 1.1600721897557378
shuttleset_03_scene_0017 pair 29 [1, 15] combined 37888 players 3548 retained 256 seconds 0.8175746980123222
shuttleset_03_scene_0017 pair 30 [2, 0] combined 262144 players 82116 retained 256 seconds 4.342079219408333
shuttleset_03_scene_0017 pair 31 [2, 1] combined 262144 players 6394 retained 256 seconds 1.5728507889434695
shuttleset_03_scene_0017 pair 33 [2, 4] combined 262144 players 73506 retained 256 seconds 3.532373077701777
shuttleset_03_scene_0017 pair 34 [2, 5] combined 262144 players 1002 retained 256 seconds 1.0293295648880303
shuttleset_03_scene_0017 pair 35 [2, 6] combined 262144 players 6686 retained 256 seconds 1.2391424081288278
shuttleset_03_scene_0017 pair 39 [2, 10] combined 262144 players 6202 retained 256 seconds 1.1961505683138967
shuttleset_03_scene_0017 pair 42 [2, 13] combined 70656 players 16280 retained 256 seconds 1.006005059927702
shuttleset_03_scene_0017 pair 45 [3, 0] combined 262144 players 58794 retained 256 seconds 3.4622193942777812
shuttleset_03_scene_0017 pair 48 [3, 4] combined 262144 players 61632 retained 256 seconds 3.338420527987182
shuttleset_03_scene_0017 pair 49 [3, 5] combined 262144 players 13146 retained 256 seconds 1.5501672099344432
shuttleset_03_scene_0017 pair 50 [3, 6] combined 262144 players 2780 retained 256 seconds 1.1868687197566032
shuttleset_03_scene_0017 pair 51 [3, 7] combined 262144 players 45980 retained 256 seconds 2.5782288876362145
shuttleset_03_scene_0017 pair 53 [3, 9] combined 91136 players 10450 retained 256 seconds 0.926950735040009
shuttleset_03_scene_0017 pair 54 [3, 10] combined 262144 players 4362 retained 256 seconds 1.2843452640809119
shuttleset_03_scene_0017 pair 57 [3, 13] combined 81920 players 18542 retained 256 seconds 1.198725774884224
shuttleset_03_scene_0017 pair 61 [4, 1] combined 262144 players 72594 retained 256 seconds 3.901473057921976
shuttleset_03_scene_0017 pair 62 [4, 2] combined 262144 players 67562 retained 256 seconds 3.5020647412166
shuttleset_03_scene_0017 pair 63 [4, 3] combined 262144 players 71884 retained 256 seconds 3.6719730300828815
shuttleset_03_scene_0017 pair 64 [4, 5] combined 262144 players 68784 retained 256 seconds 3.5883311009965837
shuttleset_03_scene_0017 pair 65 [4, 6] combined 262144 players 66156 retained 256 seconds 3.5756942545995116
shuttleset_03_scene_0017 pair 66 [4, 7] combined 262144 players 7086 retained 256 seconds 1.3767481190152466
shuttleset_03_scene_0017 pair 68 [4, 9] combined 166912 players 10962 retained 256 seconds 1.219195479992777
shuttleset_03_scene_0017 pair 69 [4, 10] combined 240640 players 55790 retained 256 seconds 2.961985502857715
shuttleset_03_scene_0017 pair 72 [4, 13] combined 110592 players 4750 retained 256 seconds 0.846025544218719
shuttleset_03_scene_0017 pair 73 [4, 14] combined 25600 players 5226 retained 256 seconds 0.7296340218745172
shuttleset_03_scene_0017 pair 74 [4, 15] combined 8192 players 2208 retained 256 seconds 0.46846734499558806
shuttleset_03_scene_0017 pair 75 [5, 0] combined 262144 players 63174 retained 256 seconds 3.638338092714548
shuttleset_03_scene_0017 pair 77 [5, 2] combined 262144 players 8078 retained 256 seconds 1.364924008026719
shuttleset_03_scene_0017 pair 78 [5, 3] combined 262144 players 5942 retained 256 seconds 1.2186678405851126
shuttleset_03_scene_0017 pair 79 [5, 4] combined 262144 players 75934 retained 256 seconds 3.3996389973908663
shuttleset_03_scene_0017 pair 82 [5, 8] combined 47104 players 2286 retained 256 seconds 0.3558170646429062
shuttleset_03_scene_0017 pair 85 [5, 11] combined 120832 players 13258 retained 256 seconds 1.0101330997422338
shuttleset_03_scene_0017 pair 86 [5, 12] combined 94208 players 1852 retained 256 seconds 0.4719555019401014
shuttleset_03_scene_0017 pair 88 [5, 14] combined 71680 players 1334 retained 256 seconds 0.37916649505496025
shuttleset_03_scene_0017 pair 89 [5, 15] combined 25600 players 588 retained 256 seconds 0.22268704138696194
shuttleset_03_scene_0017 pair 90 [6, 0] combined 262144 players 66226 retained 256 seconds 3.744355111848563
shuttleset_03_scene_0017 pair 92 [6, 2] combined 262144 players 1830 retained 256 seconds 1.1756547698751092
shuttleset_03_scene_0017 pair 93 [6, 3] combined 262144 players 1272 retained 256 seconds 1.0740408869460225
shuttleset_03_scene_0017 pair 94 [6, 4] combined 262144 players 71092 retained 256 seconds 3.546874343883246
shuttleset_03_scene_0017 pair 96 [6, 7] combined 262144 players 54476 retained 256 seconds 2.978001059964299
shuttleset_03_scene_0017 pair 97 [6, 8] combined 65536 players 4676 retained 256 seconds 0.5261533330194652
shuttleset_03_scene_0017 pair 100 [6, 11] combined 109568 players 20884 retained 256 seconds 1.220886698924005
shuttleset_03_scene_0017 pair 101 [6, 12] combined 99328 players 1348 retained 256 seconds 0.5067888400517404
shuttleset_03_scene_0017 pair 103 [6, 14] combined 36864 players 188 retained 94 seconds 0.2663008598610759
shuttleset_03_scene_0017 pair 104 [6, 15] combined 34816 players 672 retained 256 seconds 0.27937071304768324
shuttleset_03_scene_0017 pair 106 [7, 1] combined 262144 players 73034 retained 256 seconds 4.255827217828482
shuttleset_03_scene_0017 pair 108 [7, 3] combined 262144 players 64142 retained 256 seconds 3.274713998194784
shuttleset_03_scene_0017 pair 109 [7, 4] combined 262144 players 1820 retained 256 seconds 1.1236329623498023
shuttleset_03_scene_0017 pair 111 [7, 6] combined 262144 players 65082 retained 256 seconds 3.385702454019338
shuttleset_03_scene_0017 pair 112 [7, 8] combined 54272 players 7916 retained 256 seconds 0.5677437609992921
shuttleset_03_scene_0017 pair 114 [7, 10] combined 257024 players 63720 retained 256 seconds 3.2198288440704346
shuttleset_03_scene_0017 pair 115 [7, 11] combined 262144 players 12844 retained 256 seconds 1.3976689288392663
shuttleset_03_scene_0017 pair 116 [7, 12] combined 70656 players 21782 retained 256 seconds 1.2592536020092666
shuttleset_03_scene_0017 pair 121 [8, 1] combined 77824 players 17620 retained 256 seconds 1.244165891315788
shuttleset_03_scene_0017 pair 125 [8, 5] combined 122880 players 4632 retained 256 seconds 0.633523668628186
shuttleset_03_scene_0017 pair 126 [8, 6] combined 107520 players 8122 retained 256 seconds 0.7330927718430758
shuttleset_03_scene_0017 pair 127 [8, 7] combined 73728 players 19152 retained 256 seconds 0.9431252940557897
shuttleset_03_scene_0017 pair 128 [8, 9] combined 38916 players 496 retained 243 seconds 0.20978876017034054
shuttleset_03_scene_0017 pair 129 [8, 10] combined 36864 players 6652 retained 256 seconds 0.4518438568338752
shuttleset_03_scene_0017 pair 132 [8, 13] combined 18600 players 2710 retained 256 seconds 0.24627656675875187
shuttleset_03_scene_0017 pair 138 [9, 3] combined 146432 players 39842 retained 256 seconds 2.1333006592467427
shuttleset_03_scene_0017 pair 139 [9, 4] combined 133120 players 2364 retained 256 seconds 0.7226853277534246
shuttleset_03_scene_0017 pair 143 [9, 8] combined 41760 players 10244 retained 256 seconds 0.5598358749412
shuttleset_03_scene_0017 pair 145 [9, 11] combined 82656 players 2366 retained 256 seconds 0.40173666505143046
shuttleset_03_scene_0017 pair 146 [9, 12] combined 33480 players 9718 retained 256 seconds 0.5147181800566614
shuttleset_03_scene_0017 pair 148 [9, 14] combined 18876 players 1552 retained 256 seconds 0.19157760869711637
shuttleset_03_scene_0017 pair 150 [10, 0] combined 262144 players 59664 retained 256 seconds 3.4478002097457647
shuttleset_03_scene_0017 pair 152 [10, 2] combined 262144 players 5068 retained 256 seconds 1.1324550178833306
shuttleset_03_scene_0017 pair 153 [10, 3] combined 262144 players 2162 retained 256 seconds 1.0800596559420228
shuttleset_03_scene_0017 pair 154 [10, 4] combined 262144 players 58686 retained 256 seconds 3.1975201861932874
shuttleset_03_scene_0017 pair 157 [10, 7] combined 262144 players 62080 retained 256 seconds 3.0940815419889987
shuttleset_03_scene_0017 pair 158 [10, 8] combined 69632 players 12466 retained 256 seconds 0.7557623782195151
shuttleset_03_scene_0017 pair 160 [10, 11] combined 105472 players 5102 retained 256 seconds 0.6018944117240608
shuttleset_03_scene_0017 pair 161 [10, 12] combined 91136 players 1800 retained 256 seconds 0.4605195578187704
shuttleset_03_scene_0017 pair 163 [10, 14] combined 31744 players 0 retained 0 seconds 0.18002425599843264
shuttleset_03_scene_0017 pair 164 [10, 15] combined 30720 players 188 retained 94 seconds 0.20633511571213603
shuttleset_03_scene_0017 pair 166 [11, 1] combined 172032 players 48408 retained 256 seconds 2.7523566060699522
shuttleset_03_scene_0017 pair 170 [11, 5] combined 207872 players 14400 retained 256 seconds 1.2318682381883264
shuttleset_03_scene_0017 pair 171 [11, 6] combined 169984 players 51834 retained 256 seconds 2.4414225351065397
shuttleset_03_scene_0017 pair 172 [11, 7] combined 262144 players 6856 retained 256 seconds 1.1328161600977182
shuttleset_03_scene_0017 pair 174 [11, 9] combined 74460 players 442 retained 225 seconds 0.31394335394725204
shuttleset_03_scene_0017 pair 175 [11, 10] combined 171008 players 42740 retained 256 seconds 2.143053697887808
shuttleset_03_scene_0017 pair 177 [11, 13] combined 67392 players 790 retained 256 seconds 0.33357607619836926
shuttleset_03_scene_0017 pair 180 [12, 0] combined 126976 players 28788 retained 256 seconds 2.097541521769017
shuttleset_03_scene_0017 pair 181 [12, 1] combined 132096 players 3768 retained 256 seconds 0.9178765118122101
shuttleset_03_scene_0017 pair 185 [12, 5] combined 160768 players 608 retained 256 seconds 0.5994993736967444
shuttleset_03_scene_0017 pair 186 [12, 6] combined 94208 players 1750 retained 256 seconds 0.4726065038703382
shuttleset_03_scene_0017 pair 187 [12, 7] combined 123904 players 26406 retained 256 seconds 1.3379128440283239
shuttleset_03_scene_0017 pair 189 [12, 9] combined 37740 players 5062 retained 256 seconds 0.3806572873145342
shuttleset_03_scene_0017 pair 190 [12, 10] combined 131072 players 3022 retained 256 seconds 0.599744507111609
shuttleset_03_scene_0017 pair 192 [12, 13] combined 38064 players 9912 retained 256 seconds 0.5510385502129793
shuttleset_03_scene_0017 pair 197 [13, 2] combined 120832 players 39362 retained 256 seconds 1.9287849022075534
shuttleset_03_scene_0017 pair 198 [13, 3] combined 130048 players 45670 retained 256 seconds 2.4143030159175396
shuttleset_03_scene_0017 pair 199 [13, 4] combined 83968 players 2774 retained 256 seconds 0.6168941180221736
shuttleset_03_scene_0017 pair 203 [13, 8] combined 28304 players 4660 retained 256 seconds 0.3548035230487585
shuttleset_03_scene_0017 pair 206 [13, 11] combined 94248 players 2790 retained 256 seconds 0.47256329329684377
shuttleset_03_scene_0017 pair 207 [13, 12] combined 30208 players 10442 retained 256 seconds 0.5383130121044815
shuttleset_03_scene_0017 pair 208 [13, 14] combined 14640 players 3284 retained 256 seconds 0.25290593411773443
shuttleset_03_scene_0017 pair 210 [14, 0] combined 31744 players 7888 retained 256 seconds 1.0112986243329942
shuttleset_03_scene_0017 pair 214 [14, 4] combined 39936 players 11984 retained 256 seconds 0.762090902775526
shuttleset_03_scene_0017 pair 215 [14, 5] combined 30720 players 42 retained 21 seconds 0.18193760281428695
shuttleset_03_scene_0017 pair 216 [14, 6] combined 39936 players 176 retained 90 seconds 0.23316703317686915
shuttleset_03_scene_0017 pair 219 [14, 9] combined 13172 players 530 retained 255 seconds 0.13126319367438555
shuttleset_03_scene_0017 pair 220 [14, 10] combined 38912 players 28 retained 14 seconds 0.1952858828008175
shuttleset_03_scene_0017 pair 223 [14, 13] combined 10880 players 2142 retained 256 seconds 0.18452920205891132
shuttleset_03_scene_0017 pair 225 [15, 0] combined 8192 players 2446 retained 256 seconds 0.7716161189600825
shuttleset_03_scene_0017 pair 226 [15, 1] combined 13312 players 0 retained 0 seconds 0.3753310409374535
shuttleset_03_scene_0017 pair 229 [15, 4] combined 3072 players 910 retained 256 seconds 0.2861971161328256
shuttleset_03_scene_0017 pair 230 [15, 5] combined 6144 players 2 retained 2 seconds 0.10403414163738489
shuttleset_03_scene_0017 pair 231 [15, 6] combined 16384 players 56 retained 28 seconds 0.15379767213016748
shuttleset_03_scene_0017 pair 235 [15, 10] combined 17408 players 0 retained 0 seconds 0.10506230080500245
[shuttleset_03_scene_0017] generating G1
shuttleset_03_scene_0017 pair 0 [0, 1] combined 262144 players 62446 retained 256 seconds 3.955005591735244
shuttleset_03_scene_0017 pair 1 [0, 2] combined 123904 players 31930 retained 256 seconds 2.14292821707204
shuttleset_03_scene_0017 pair 2 [0, 3] combined 262144 players 60676 retained 256 seconds 3.3753339159302413
shuttleset_03_scene_0017 pair 4 [0, 5] combined 24576 players 4072 retained 256 seconds 0.8493587649427354
shuttleset_03_scene_0017 pair 5 [0, 6] combined 93184 players 22138 retained 256 seconds 1.682274715974927
shuttleset_03_scene_0017 pair 9 [0, 10] combined 104448 players 20632 retained 256 seconds 1.6070086448453367
shuttleset_03_scene_0017 pair 11 [0, 12] combined 6144 players 1522 retained 256 seconds 0.7213058047927916
shuttleset_03_scene_0017 pair 13 [0, 14] combined 3072 players 900 retained 256 seconds 0.7034619920887053
shuttleset_03_scene_0017 pair 14 [0, 15] combined 0 players 0 retained 0 seconds 0.5760897290892899
shuttleset_03_scene_0017 pair 15 [1, 0] combined 262144 players 65788 retained 256 seconds 3.648565436247736
shuttleset_03_scene_0017 pair 16 [1, 2] combined 205824 players 11726 retained 256 seconds 1.1383931352756917
shuttleset_03_scene_0017 pair 18 [1, 4] combined 262144 players 59190 retained 256 seconds 2.8349435632117093
shuttleset_03_scene_0017 pair 21 [1, 7] combined 100352 players 19386 retained 256 seconds 1.0670274067670107
shuttleset_03_scene_0017 pair 22 [1, 8] combined 14336 players 1596 retained 256 seconds 0.2556602628901601
shuttleset_03_scene_0017 pair 25 [1, 11] combined 69632 players 3242 retained 256 seconds 0.4583191559650004
shuttleset_03_scene_0017 pair 26 [1, 12] combined 11264 players 1096 retained 256 seconds 0.22558213723823428
shuttleset_03_scene_0017 pair 29 [1, 15] combined 0 players 0 retained 0 seconds 0.10282172868028283
shuttleset_03_scene_0017 pair 30 [2, 0] combined 178176 players 52266 retained 256 seconds 2.2192741381004453
shuttleset_03_scene_0017 pair 31 [2, 1] combined 203776 players 6194 retained 256 seconds 0.545886802021414
shuttleset_03_scene_0017 pair 33 [2, 4] combined 187392 players 39512 retained 256 seconds 1.1430959389545023
shuttleset_03_scene_0017 pair 34 [2, 5] combined 27540 players 368 retained 188 seconds 0.11039406806230545
shuttleset_03_scene_0017 pair 35 [2, 6] combined 197152 players 5670 retained 256 seconds 0.48434448428452015
shuttleset_03_scene_0017 pair 39 [2, 10] combined 123500 players 1810 retained 256 seconds 0.3150578439235687
shuttleset_03_scene_0017 pair 42 [2, 13] combined 34028 players 8322 retained 256 seconds 0.2832468459382653
shuttleset_03_scene_0017 pair 45 [3, 0] combined 262144 players 66192 retained 256 seconds 2.0189850237220526
shuttleset_03_scene_0017 pair 48 [3, 4] combined 262144 players 57494 retained 256 seconds 1.9099994599819183
shuttleset_03_scene_0017 pair 49 [3, 5] combined 52224 players 3102 retained 256 seconds 0.2534418129362166
shuttleset_03_scene_0017 pair 50 [3, 6] combined 188416 players 2204 retained 256 seconds 0.4447314948774874
shuttleset_03_scene_0017 pair 51 [3, 7] combined 98304 players 15626 retained 256 seconds 0.5739028849638999
shuttleset_03_scene_0017 pair 53 [3, 9] combined 12288 players 2586 retained 256 seconds 0.18120692996308208
shuttleset_03_scene_0017 pair 54 [3, 10] combined 191488 players 1948 retained 256 seconds 0.46901405742391944
shuttleset_03_scene_0017 pair 57 [3, 13] combined 58368 players 14690 retained 256 seconds 0.5021081320010126
shuttleset_03_scene_0017 pair 61 [4, 1] combined 262144 players 62462 retained 256 seconds 1.787109972909093
shuttleset_03_scene_0017 pair 62 [4, 2] combined 122880 players 22386 retained 256 seconds 0.7185901151970029
shuttleset_03_scene_0017 pair 63 [4, 3] combined 262144 players 62040 retained 256 seconds 1.850894521921873
shuttleset_03_scene_0017 pair 64 [4, 5] combined 28672 players 6366 retained 256 seconds 0.2637635343708098
shuttleset_03_scene_0017 pair 65 [4, 6] combined 92160 players 20212 retained 256 seconds 0.8723086649551988
shuttleset_03_scene_0017 pair 66 [4, 7] combined 149504 players 3592 retained 256 seconds 0.3877664911560714
shuttleset_03_scene_0017 pair 68 [4, 9] combined 27648 players 1110 retained 256 seconds 0.14403019892051816
shuttleset_03_scene_0017 pair 69 [4, 10] combined 102400 players 16292 retained 256 seconds 0.596651392057538
shuttleset_03_scene_0017 pair 72 [4, 13] combined 73728 players 2274 retained 256 seconds 0.2551025412976742
shuttleset_03_scene_0017 pair 73 [4, 14] combined 0 players 0 retained 0 seconds 0.054568126797676086
shuttleset_03_scene_0017 pair 74 [4, 15] combined 0 players 0 retained 0 seconds 0.049222318921238184
shuttleset_03_scene_0017 pair 75 [5, 0] combined 30720 players 8954 retained 256 seconds 0.4899830580689013
shuttleset_03_scene_0017 pair 77 [5, 2] combined 31408 players 690 retained 256 seconds 0.11736553302034736
shuttleset_03_scene_0017 pair 78 [5, 3] combined 37888 players 686 retained 256 seconds 0.1639440841972828
shuttleset_03_scene_0017 pair 79 [5, 4] combined 26624 players 7588 retained 256 seconds 0.2652441072277725
shuttleset_03_scene_0017 pair 82 [5, 8] combined 1776 players 226 retained 113 seconds 0.03960839379578829
shuttleset_03_scene_0017 pair 85 [5, 11] combined 8736 players 1496 retained 256 seconds 0.086717763915658
shuttleset_03_scene_0017 pair 86 [5, 12] combined 2352 players 0 retained 0 seconds 0.0190373077057302
shuttleset_03_scene_0017 pair 88 [5, 14] combined 620 players 0 retained 0 seconds 0.014392347075045109
shuttleset_03_scene_0017 pair 89 [5, 15] combined 0 players 0 retained 0 seconds 0.011320916935801506
shuttleset_03_scene_0017 pair 90 [6, 0] combined 177152 players 46160 retained 256 seconds 1.4701621001586318
shuttleset_03_scene_0017 pair 92 [6, 2] combined 135720 players 1412 retained 256 seconds 0.3265871307812631
shuttleset_03_scene_0017 pair 93 [6, 3] combined 187392 players 2296 retained 256 seconds 0.4315490541048348
shuttleset_03_scene_0017 pair 94 [6, 4] combined 177152 players 40930 retained 256 seconds 1.1777562540955842
shuttleset_03_scene_0017 pair 96 [6, 7] combined 59004 players 11968 retained 256 seconds 0.3984257490374148
shuttleset_03_scene_0017 pair 97 [6, 8] combined 11520 players 648 retained 256 seconds 0.08609031280502677
shuttleset_03_scene_0017 pair 100 [6, 11] combined 37204 players 2794 retained 256 seconds 0.17106106923893094
shuttleset_03_scene_0017 pair 101 [6, 12] combined 7448 players 34 retained 18 seconds 0.05559694394469261
shuttleset_03_scene_0017 pair 103 [6, 14] combined 3140 players 0 retained 0 seconds 0.034554680809378624
shuttleset_03_scene_0017 pair 104 [6, 15] combined 0 players 0 retained 0 seconds 0.025165286846458912
shuttleset_03_scene_0017 pair 106 [7, 1] combined 137216 players 37004 retained 256 seconds 1.3266435479745269
shuttleset_03_scene_0017 pair 108 [7, 3] combined 131072 players 32834 retained 256 seconds 0.9543720539659262
shuttleset_03_scene_0017 pair 109 [7, 4] combined 153600 players 3228 retained 256 seconds 0.3790619191713631
shuttleset_03_scene_0017 pair 111 [7, 6] combined 46112 players 11700 retained 256 seconds 0.3629163461737335
shuttleset_03_scene_0017 pair 112 [7, 8] combined 7728 players 1348 retained 256 seconds 0.08900058874860406
shuttleset_03_scene_0017 pair 114 [7, 10] combined 52116 players 9096 retained 256 seconds 0.30647969990968704
shuttleset_03_scene_0017 pair 115 [7, 11] combined 79864 players 1744 retained 256 seconds 0.20997039508074522
shuttleset_03_scene_0017 pair 116 [7, 12] combined 3072 players 968 retained 256 seconds 0.06759083038195968
shuttleset_03_scene_0017 pair 121 [8, 1] combined 25600 players 3998 retained 256 seconds 0.1921847821213305
shuttleset_03_scene_0017 pair 125 [8, 5] combined 2904 players 256 retained 116 seconds 0.04332194896414876
shuttleset_03_scene_0017 pair 126 [8, 6] combined 12880 players 894 retained 256 seconds 0.09279620973393321
shuttleset_03_scene_0017 pair 127 [8, 7] combined 9776 players 2284 retained 256 seconds 0.10536591289564967
shuttleset_03_scene_0017 pair 128 [8, 9] combined 1280 players 16 retained 8 seconds 0.025459927041083574
shuttleset_03_scene_0017 pair 129 [8, 10] combined 6440 players 704 retained 256 seconds 0.0714748976752162
shuttleset_03_scene_0017 pair 132 [8, 13] combined 4416 players 720 retained 256 seconds 0.06615171488374472
shuttleset_03_scene_0017 pair 138 [9, 3] combined 23552 players 6002 retained 256 seconds 0.2327793138101697
shuttleset_03_scene_0017 pair 139 [9, 4] combined 36864 players 810 retained 256 seconds 0.13642110908403993
shuttleset_03_scene_0017 pair 143 [9, 8] combined 1680 players 202 retained 102 seconds 0.03167719393968582
shuttleset_03_scene_0017 pair 145 [9, 11] combined 17712 players 106 retained 53 seconds 0.0607027648948133
shuttleset_03_scene_0017 pair 146 [9, 12] combined 600 players 170 retained 85 seconds 0.028201692271977663
shuttleset_03_scene_0017 pair 148 [9, 14] combined 368 players 16 retained 6 seconds 0.020952478051185608
shuttleset_03_scene_0017 pair 150 [10, 0] combined 172032 players 41736 retained 256 seconds 1.3525081323459744
shuttleset_03_scene_0017 pair 152 [10, 2] combined 130260 players 3252 retained 256 seconds 0.3556792950257659
shuttleset_03_scene_0017 pair 153 [10, 3] combined 169984 players 1810 retained 256 seconds 0.40898989513516426
shuttleset_03_scene_0017 pair 154 [10, 4] combined 165888 players 26930 retained 256 seconds 0.8681269409134984
shuttleset_03_scene_0017 pair 157 [10, 7] combined 64680 players 9788 retained 256 seconds 0.34646594105288386
shuttleset_03_scene_0017 pair 158 [10, 8] combined 8684 players 1100 retained 256 seconds 0.38096021208912134
shuttleset_03_scene_0017 pair 160 [10, 11] combined 46760 players 1768 retained 256 seconds 0.16342852404341102
shuttleset_03_scene_0017 pair 161 [10, 12] combined 9196 players 294 retained 148 seconds 0.06374090071767569
shuttleset_03_scene_0017 pair 163 [10, 14] combined 1824 players 0 retained 0 seconds 0.029599746223539114
shuttleset_03_scene_0017 pair 164 [10, 15] combined 0 players 0 retained 0 seconds 0.026048776227980852
shuttleset_03_scene_0017 pair 166 [11, 1] combined 101376 players 20548 retained 256 seconds 0.6738274628296494
shuttleset_03_scene_0017 pair 170 [11, 5] combined 10560 players 1274 retained 256 seconds 0.0903607876971364
shuttleset_03_scene_0017 pair 171 [11, 6] combined 33660 players 8342 retained 256 seconds 0.30061059491708875
shuttleset_03_scene_0017 pair 172 [11, 7] combined 56144 players 60 retained 30 seconds 0.12654037587344646
shuttleset_03_scene_0017 pair 174 [11, 9] combined 18360 players 84 retained 42 seconds 0.06356964213773608
shuttleset_03_scene_0017 pair 175 [11, 10] combined 45384 players 7396 retained 256 seconds 0.2651784438639879
shuttleset_03_scene_0017 pair 177 [11, 13] combined 44520 players 358 retained 179 seconds 0.12957551097497344
shuttleset_03_scene_0017 pair 180 [12, 0] combined 12288 players 2768 retained 256 seconds 0.3468840508721769
shuttleset_03_scene_0017 pair 181 [12, 1] combined 14336 players 1080 retained 256 seconds 0.12203558906912804
shuttleset_03_scene_0017 pair 185 [12, 5] combined 1932 players 0 retained 0 seconds 0.01626326283439994
shuttleset_03_scene_0017 pair 186 [12, 6] combined 3388 players 44 retained 22 seconds 0.039090635254979134
shuttleset_03_scene_0017 pair 187 [12, 7] combined 4512 players 712 retained 256 seconds 0.062004673294723034
shuttleset_03_scene_0017 pair 189 [12, 9] combined 676 players 156 retained 78 seconds 0.02639770833775401
shuttleset_03_scene_0017 pair 190 [12, 10] combined 8960 players 184 retained 95 seconds 0.05145308002829552
shuttleset_03_scene_0017 pair 192 [12, 13] combined 2704 players 832 retained 256 seconds 0.058650851249694824
shuttleset_03_scene_0017 pair 197 [13, 2] combined 42828 players 15646 retained 256 seconds 0.41820173198357224
shuttleset_03_scene_0017 pair 198 [13, 3] combined 100352 players 37394 retained 256 seconds 1.0634678108617663
shuttleset_03_scene_0017 pair 199 [13, 4] combined 53248 players 2722 retained 256 seconds 0.21511290920898318
shuttleset_03_scene_0017 pair 203 [13, 8] combined 2880 players 50 retained 25 seconds 0.0417636651545763
shuttleset_03_scene_0017 pair 206 [13, 11] combined 44440 players 368 retained 184 seconds 0.12725517200306058
shuttleset_03_scene_0017 pair 207 [13, 12] combined 2848 players 1162 retained 256 seconds 0.07338878093287349
shuttleset_03_scene_0017 pair 208 [13, 14] combined 1128 players 348 retained 170 seconds 0.04852659534662962
shuttleset_03_scene_0017 pair 210 [14, 0] combined 4096 players 1384 retained 256 seconds 0.29970817919820547
shuttleset_03_scene_0017 pair 214 [14, 4] combined 3072 players 1014 retained 256 seconds 0.08558781817555428
shuttleset_03_scene_0017 pair 215 [14, 5] combined 296 players 0 retained 0 seconds 0.011592480819672346
shuttleset_03_scene_0017 pair 216 [14, 6] combined 5060 players 82 retained 41 seconds 0.04062380641698837
shuttleset_03_scene_0017 pair 219 [14, 9] combined 240 players 0 retained 0 seconds 0.007715032435953617
shuttleset_03_scene_0017 pair 220 [14, 10] combined 2568 players 0 retained 0 seconds 0.02154206531122327
shuttleset_03_scene_0017 pair 223 [14, 13] combined 1320 players 336 retained 162 seconds 0.04096392169594765
shuttleset_03_scene_0017 pair 225 [15, 0] combined 0 players 0 retained 0 seconds 0.23706288170069456
shuttleset_03_scene_0017 pair 226 [15, 1] combined 0 players 0 retained 0 seconds 0.04597841389477253
shuttleset_03_scene_0017 pair 229 [15, 4] combined 0 players 0 retained 0 seconds 0.03508850187063217
shuttleset_03_scene_0017 pair 230 [15, 5] combined 0 players 0 retained 0 seconds 0.008373951073735952
shuttleset_03_scene_0017 pair 231 [15, 6] combined 0 players 0 retained 0 seconds 0.01755734859034419
shuttleset_03_scene_0017 pair 235 [15, 10] combined 0 players 0 retained 0 seconds 0.015168501064181328
[shuttleset_03_scene_0017 +0s] loading view and candidate populations
[shuttleset_03_scene_0017] line-template: preparing rectangles
[shuttleset_03_scene_0017 +12s] measuring 762 parents (G0=256, G1=256, line_template=256; conflicting geometry groups=0)
[shuttleset_03_scene_0017 +20s] parents 250/762
[shuttleset_03_scene_0017 +28s] parents 500/762
[shuttleset_03_scene_0017 +35s] parents 750/762
[shuttleset_03_scene_0017 +35s] refitting 762 parents
[shuttleset_03_scene_0017 +45s] refits 250/762; valid children=204
[shuttleset_03_scene_0017 +55s] refits 500/762; valid children=408
[shuttleset_03_scene_0017 +65s] refits 750/762; valid children=626
[shuttleset_03_scene_0017 +66s] ranking sensitivity thresholds
[shuttleset_03_scene_0017 +66s] saving evidence and arrays
[shuttleset_03_scene_0017 +77s] saved
{"case_id": "shuttleset_03_scene_0017", "direction_budget": 16, "run_wall_s": 368.2220966187306, "phases_s": {"prepare_view": 1.1720772287808359, "populations": 286.15336260199547, "w5_record": 77.22606875281781, "net_choice": 1.4312741020694375, "stripe_polarity_refit": 1.3568711057305336}, "bounded": "G1:1:3856"}
