[shuttleset_21_scene_0039] generating G0
shuttleset_21_scene_0039 pair 0 [0, 1] combined 262144 players 73688 retained 256 seconds 3.742909633088857
shuttleset_21_scene_0039 pair 1 [0, 2] combined 262144 players 84250 retained 256 seconds 4.159992373082787
shuttleset_21_scene_0039 pair 5 [0, 6] combined 43008 players 12858 retained 256 seconds 1.0610347669571638
shuttleset_21_scene_0039 pair 6 [0, 7] combined 243712 players 66158 retained 256 seconds 3.2405278920195997
shuttleset_21_scene_0039 pair 7 [0, 8] combined 124928 players 22760 retained 256 seconds 1.5504982098937035
shuttleset_21_scene_0039 pair 8 [0, 9] combined 65536 players 21100 retained 256 seconds 1.3715047612786293
shuttleset_21_scene_0039 pair 11 [0, 12] combined 94208 players 29542 retained 256 seconds 1.7274599107913673
shuttleset_21_scene_0039 pair 12 [0, 13] combined 36864 players 10336 retained 256 seconds 0.9109532530419528
shuttleset_21_scene_0039 pair 13 [0, 14] combined 0 players 0 retained 0 seconds 0.34373736986890435
shuttleset_21_scene_0039 pair 15 [1, 0] combined 262144 players 92374 retained 256 seconds 4.304124277085066
shuttleset_21_scene_0039 pair 16 [1, 2] combined 262144 players 1032 retained 256 seconds 1.1646842369809747
shuttleset_21_scene_0039 pair 17 [1, 3] combined 262144 players 117298 retained 256 seconds 5.170250062365085
shuttleset_21_scene_0039 pair 18 [1, 4] combined 262144 players 95514 retained 256 seconds 4.1965461182408035
shuttleset_21_scene_0039 pair 20 [1, 6] combined 80896 players 224 retained 114 seconds 0.43558608274906874
shuttleset_21_scene_0039 pair 22 [1, 8] combined 62464 players 9162 retained 256 seconds 0.6971894791349769
shuttleset_21_scene_0039 pair 24 [1, 10] combined 262144 players 87378 retained 256 seconds 4.042191570624709
shuttleset_21_scene_0039 pair 25 [1, 11] combined 158720 players 67166 retained 256 seconds 2.9742897180840373
shuttleset_21_scene_0039 pair 27 [1, 13] combined 31744 players 1412 retained 256 seconds 0.37857391498982906
shuttleset_21_scene_0039 pair 30 [2, 0] combined 262144 players 105804 retained 256 seconds 4.862227736972272
shuttleset_21_scene_0039 pair 31 [2, 1] combined 262144 players 12066 retained 256 seconds 1.5175285749137402
shuttleset_21_scene_0039 pair 32 [2, 3] combined 262144 players 116112 retained 256 seconds 4.9751570308580995
shuttleset_21_scene_0039 pair 33 [2, 4] combined 262144 players 100044 retained 256 seconds 4.709446956869215
shuttleset_21_scene_0039 pair 34 [2, 5] combined 37888 players 0 retained 0 seconds 0.2033467716537416
shuttleset_21_scene_0039 pair 38 [2, 9] combined 83968 players 1150 retained 256 seconds 0.43111561611294746
shuttleset_21_scene_0039 pair 41 [2, 12] combined 204800 players 3806 retained 256 seconds 0.9268100848421454
shuttleset_21_scene_0039 pair 43 [2, 14] combined 1024 players 0 retained 0 seconds 0.07318550115451217
shuttleset_21_scene_0039 pair 46 [3, 1] combined 262144 players 88712 retained 256 seconds 4.908195869065821
shuttleset_21_scene_0039 pair 47 [3, 2] combined 262144 players 101102 retained 256 seconds 5.165178784169257
shuttleset_21_scene_0039 pair 50 [3, 6] combined 40960 players 15746 retained 256 seconds 0.9560070019215345
shuttleset_21_scene_0039 pair 51 [3, 7] combined 262144 players 29750 retained 256 seconds 2.3378186407499015
shuttleset_21_scene_0039 pair 52 [3, 8] combined 126976 players 7524 retained 256 seconds 0.7931111301295459
shuttleset_21_scene_0039 pair 53 [3, 9] combined 64512 players 24846 retained 256 seconds 1.3486901293508708
shuttleset_21_scene_0039 pair 57 [3, 13] combined 48128 players 3258 retained 256 seconds 0.3979552099481225
shuttleset_21_scene_0039 pair 58 [3, 14] combined 1024 players 478 retained 239 seconds 0.13679250981658697
shuttleset_21_scene_0039 pair 61 [4, 1] combined 262144 players 90118 retained 256 seconds 4.756243847776204
shuttleset_21_scene_0039 pair 62 [4, 2] combined 262144 players 91464 retained 256 seconds 4.416060303337872
shuttleset_21_scene_0039 pair 64 [4, 5] combined 29696 players 7742 retained 256 seconds 0.7003490063361824
shuttleset_21_scene_0039 pair 65 [4, 6] combined 41984 players 16150 retained 256 seconds 0.957341147121042
shuttleset_21_scene_0039 pair 69 [4, 10] combined 262144 players 11042 retained 256 seconds 1.368132240138948
shuttleset_21_scene_0039 pair 70 [4, 11] combined 262144 players 46806 retained 256 seconds 2.8773276838473976
shuttleset_21_scene_0039 pair 71 [4, 12] combined 101376 players 38482 retained 256 seconds 1.9876578231342137
shuttleset_21_scene_0039 pair 74 [4, 15] combined 262144 players 36308 retained 256 seconds 2.382683204021305
shuttleset_21_scene_0039 pair 77 [5, 2] combined 23552 players 106 retained 53 seconds 0.17364123836159706
shuttleset_21_scene_0039 pair 79 [5, 4] combined 22528 players 9112 retained 256 seconds 0.6862442279234529
shuttleset_21_scene_0039 pair 80 [5, 6] combined 4428 players 0 retained 0 seconds 0.03847549017518759
shuttleset_21_scene_0039 pair 82 [5, 8] combined 1692 players 98 retained 49 seconds 0.06805744208395481
shuttleset_21_scene_0039 pair 87 [5, 13] combined 328 players 98 retained 49 seconds 0.05362341599538922
shuttleset_21_scene_0039 pair 90 [6, 0] combined 66560 players 22124 retained 256 seconds 1.4586329930461943
shuttleset_21_scene_0039 pair 91 [6, 1] combined 27648 players 350 retained 176 seconds 0.2803368102759123
shuttleset_21_scene_0039 pair 93 [6, 3] combined 70656 players 27658 retained 256 seconds 1.469101055059582
shuttleset_21_scene_0039 pair 94 [6, 4] combined 70656 players 24512 retained 256 seconds 1.5174247231334448
shuttleset_21_scene_0039 pair 95 [6, 5] combined 7696 players 6 retained 3 seconds 0.07985672261565924
shuttleset_21_scene_0039 pair 98 [6, 9] combined 36764 players 4 retained 2 seconds 0.16608918644487858
shuttleset_21_scene_0039 pair 101 [6, 12] combined 73260 players 640 retained 256 seconds 0.3260342748835683
shuttleset_21_scene_0039 pair 103 [6, 14] combined 0 players 0 retained 0 seconds 0.018576764035969973
shuttleset_21_scene_0039 pair 105 [7, 0] combined 159744 players 29162 retained 256 seconds 2.0406684540212154
shuttleset_21_scene_0039 pair 108 [7, 3] combined 178176 players 25502 retained 256 seconds 1.701337109785527
shuttleset_21_scene_0039 pair 114 [7, 10] combined 151552 players 7498 retained 256 seconds 0.8719197930768132
shuttleset_21_scene_0039 pair 115 [7, 11] combined 158340 players 3560 retained 256 seconds 0.7004779009148479
shuttleset_21_scene_0039 pair 120 [8, 0] combined 72704 players 11206 retained 256 seconds 1.1518723503686488
shuttleset_21_scene_0039 pair 121 [8, 1] combined 64512 players 7514 retained 256 seconds 0.6813073428347707
shuttleset_21_scene_0039 pair 123 [8, 3] combined 165888 players 5254 retained 256 seconds 0.8288574577309191
shuttleset_21_scene_0039 pair 125 [8, 5] combined 12672 players 492 retained 246 seconds 0.1379668922163546
shuttleset_21_scene_0039 pair 128 [8, 9] combined 26520 players 4974 retained 256 seconds 0.3689436842687428
shuttleset_21_scene_0039 pair 129 [8, 10] combined 164864 players 11374 retained 256 seconds 1.0750034200027585
shuttleset_21_scene_0039 pair 130 [8, 11] combined 89088 players 4136 retained 256 seconds 0.5199652290903032
shuttleset_21_scene_0039 pair 131 [8, 12] combined 77880 players 2876 retained 256 seconds 0.44725023582577705
shuttleset_21_scene_0039 pair 135 [9, 0] combined 100352 players 38938 retained 256 seconds 2.373539637774229
shuttleset_21_scene_0039 pair 137 [9, 2] combined 110592 players 270 retained 136 seconds 0.45680356677621603
shuttleset_21_scene_0039 pair 138 [9, 3] combined 99328 players 43862 retained 256 seconds 2.177621791139245
shuttleset_21_scene_0039 pair 141 [9, 6] combined 36472 players 210 retained 105 seconds 0.190154988784343
shuttleset_21_scene_0039 pair 143 [9, 8] combined 12760 players 1620 retained 256 seconds 0.19356770114973187
shuttleset_21_scene_0039 pair 144 [9, 10] combined 67584 players 20658 retained 256 seconds 1.1559034027159214
shuttleset_21_scene_0039 pair 145 [9, 11] combined 47360 players 5686 retained 256 seconds 0.47098530968651175
shuttleset_21_scene_0039 pair 147 [9, 13] combined 6324 players 486 retained 243 seconds 0.29045836301520467
shuttleset_21_scene_0039 pair 151 [10, 1] combined 262144 players 72440 retained 256 seconds 3.971714226063341
shuttleset_21_scene_0039 pair 154 [10, 4] combined 262144 players 4368 retained 256 seconds 1.0946759930811822
shuttleset_21_scene_0039 pair 157 [10, 7] combined 201728 players 7328 retained 256 seconds 0.9595666597597301
shuttleset_21_scene_0039 pair 158 [10, 8] combined 124928 players 4590 retained 256 seconds 0.6459235940128565
shuttleset_21_scene_0039 pair 159 [10, 9] combined 67584 players 14452 retained 256 seconds 1.0321861109696329
shuttleset_21_scene_0039 pair 162 [10, 13] combined 48128 players 298 retained 149 seconds 0.24990520626306534
shuttleset_21_scene_0039 pair 163 [10, 14] combined 0 players 0 retained 0 seconds 0.05676222313195467
shuttleset_21_scene_0039 pair 166 [11, 1] combined 220160 players 57744 retained 256 seconds 2.9476254577748477
shuttleset_21_scene_0039 pair 169 [11, 4] combined 119808 players 18358 retained 256 seconds 1.105192853603512
shuttleset_21_scene_0039 pair 172 [11, 7] combined 106920 players 1628 retained 256 seconds 0.4377919780090451
shuttleset_21_scene_0039 pair 173 [11, 8] combined 25112 players 1442 retained 256 seconds 0.20573015697300434
shuttleset_21_scene_0039 pair 174 [11, 9] combined 55776 players 9990 retained 256 seconds 0.5688806939870119
shuttleset_21_scene_0039 pair 176 [11, 12] combined 144628 players 44864 retained 256 seconds 2.2594134039245546
shuttleset_21_scene_0039 pair 177 [11, 13] combined 22880 players 1378 retained 256 seconds 0.19965191511437297
shuttleset_21_scene_0039 pair 178 [11, 14] combined 1184 players 0 retained 0 seconds 0.03200656780973077
shuttleset_21_scene_0039 pair 180 [12, 0] combined 167936 players 65976 retained 256 seconds 3.06307268794626
shuttleset_21_scene_0039 pair 182 [12, 2] combined 262144 players 5418 retained 256 seconds 1.1053560739383101
shuttleset_21_scene_0039 pair 184 [12, 4] combined 169984 players 70600 retained 256 seconds 3.2128521730192006
shuttleset_21_scene_0039 pair 186 [12, 6] combined 79872 players 516 retained 256 seconds 0.33859760081395507
shuttleset_21_scene_0039 pair 188 [12, 8] combined 83616 players 10010 retained 256 seconds 0.6303182151168585
shuttleset_21_scene_0039 pair 191 [12, 11] combined 137984 players 33736 retained 256 seconds 1.6426471788436174
shuttleset_21_scene_0039 pair 192 [12, 13] combined 26880 players 2646 retained 256 seconds 0.2666299329139292
shuttleset_21_scene_0039 pair 195 [13, 0] combined 30720 players 1398 retained 256 seconds 0.4670071410946548
shuttleset_21_scene_0039 pair 196 [13, 1] combined 36864 players 1398 retained 256 seconds 0.3385453480295837
shuttleset_21_scene_0039 pair 198 [13, 3] combined 63488 players 1504 retained 256 seconds 0.3277977961115539
shuttleset_21_scene_0039 pair 200 [13, 5] combined 3500 players 248 retained 124 seconds 0.06710362015292048
shuttleset_21_scene_0039 pair 204 [13, 9] combined 23120 players 1260 retained 256 seconds 0.18167407205328345
shuttleset_21_scene_0039 pair 205 [13, 10] combined 64512 players 780 retained 256 seconds 0.5194324441254139
shuttleset_21_scene_0039 pair 206 [13, 11] combined 76096 players 3056 retained 256 seconds 0.43428083788603544
shuttleset_21_scene_0039 pair 207 [13, 12] combined 18228 players 1140 retained 256 seconds 0.19134671427309513
shuttleset_21_scene_0039 pair 210 [14, 0] combined 0 players 0 retained 0 seconds 0.31705996999517083
shuttleset_21_scene_0039 pair 212 [14, 2] combined 0 players 0 retained 0 seconds 0.052219854202121496
shuttleset_21_scene_0039 pair 213 [14, 3] combined 0 players 0 retained 0 seconds 0.04991094022989273
shuttleset_21_scene_0039 pair 216 [14, 6] combined 0 players 0 retained 0 seconds 0.01358079258352518
shuttleset_21_scene_0039 pair 220 [14, 10] combined 0 players 0 retained 0 seconds 0.04381374316290021
shuttleset_21_scene_0039 pair 221 [14, 11] combined 600 players 0 retained 0 seconds 0.024150536861270666
shuttleset_21_scene_0039 pair 229 [15, 4] combined 253952 players 31100 retained 256 seconds 2.224738782737404
[shuttleset_21_scene_0039] generating G1
shuttleset_21_scene_0039 pair 0 [0, 1] combined 84992 players 18978 retained 256 seconds 1.1119945528917015
shuttleset_21_scene_0039 pair 1 [0, 2] combined 48128 players 13260 retained 256 seconds 0.8322950848378241
shuttleset_21_scene_0039 pair 5 [0, 6] combined 5120 players 1878 retained 256 seconds 0.2527160500176251
shuttleset_21_scene_0039 pair 6 [0, 7] combined 0 players 0 retained 0 seconds 0.10191792761906981
shuttleset_21_scene_0039 pair 7 [0, 8] combined 4096 players 966 retained 256 seconds 0.19782328885048628
shuttleset_21_scene_0039 pair 8 [0, 9] combined 0 players 0 retained 0 seconds 0.10261605586856604
shuttleset_21_scene_0039 pair 11 [0, 12] combined 2048 players 572 retained 230 seconds 0.1850390792824328
shuttleset_21_scene_0039 pair 12 [0, 13] combined 0 players 0 retained 0 seconds 0.09301766473799944
shuttleset_21_scene_0039 pair 13 [0, 14] combined 0 players 0 retained 0 seconds 0.09419339196756482
shuttleset_21_scene_0039 pair 15 [1, 0] combined 107520 players 32272 retained 256 seconds 1.8858669348992407
shuttleset_21_scene_0039 pair 16 [1, 2] combined 28776 players 0 retained 0 seconds 0.12279657600447536
shuttleset_21_scene_0039 pair 17 [1, 3] combined 7632 players 3432 retained 256 seconds 0.21934221405535936
shuttleset_21_scene_0039 pair 18 [1, 4] combined 26400 players 11550 retained 256 seconds 0.5937721799127758
shuttleset_21_scene_0039 pair 20 [1, 6] combined 664 players 0 retained 0 seconds 0.026022607926279306
shuttleset_21_scene_0039 pair 22 [1, 8] combined 0 players 0 retained 0 seconds 0.027467597741633654
shuttleset_21_scene_0039 pair 24 [1, 10] combined 18984 players 6264 retained 256 seconds 0.3749654912389815
shuttleset_21_scene_0039 pair 25 [1, 11] combined 9880 players 4488 retained 256 seconds 0.28841691464185715
shuttleset_21_scene_0039 pair 27 [1, 13] combined 1952 players 20 retained 10 seconds 0.06434606714174151
shuttleset_21_scene_0039 pair 30 [2, 0] combined 50176 players 16982 retained 256 seconds 0.8917944841086864
shuttleset_21_scene_0039 pair 31 [2, 1] combined 28200 players 612 retained 256 seconds 0.1924634939059615
shuttleset_21_scene_0039 pair 32 [2, 3] combined 4860 players 2356 retained 256 seconds 0.1732274079695344
shuttleset_21_scene_0039 pair 33 [2, 4] combined 10332 players 4760 retained 256 seconds 0.2925161640159786
shuttleset_21_scene_0039 pair 34 [2, 5] combined 792 players 0 retained 0 seconds 0.023404440376907587
shuttleset_21_scene_0039 pair 38 [2, 9] combined 0 players 0 retained 0 seconds 0.01553092710673809
shuttleset_21_scene_0039 pair 41 [2, 12] combined 720 players 12 retained 6 seconds 0.04931157408282161
shuttleset_21_scene_0039 pair 43 [2, 14] combined 0 players 0 retained 0 seconds 0.017533705569803715
shuttleset_21_scene_0039 pair 46 [3, 1] combined 14448 players 4170 retained 256 seconds 0.27501252898946404
shuttleset_21_scene_0039 pair 47 [3, 2] combined 9180 players 3360 retained 256 seconds 0.22717893682420254
shuttleset_21_scene_0039 pair 50 [3, 6] combined 624 players 304 retained 148 seconds 0.06593071762472391
shuttleset_21_scene_0039 pair 51 [3, 7] combined 0 players 0 retained 0 seconds 0.010700251907110214
shuttleset_21_scene_0039 pair 52 [3, 8] combined 304 players 2 retained 1 seconds 0.04191385209560394
shuttleset_21_scene_0039 pair 53 [3, 9] combined 0 players 0 retained 0 seconds 0.011927023995667696
shuttleset_21_scene_0039 pair 57 [3, 13] combined 912 players 6 retained 3 seconds 0.043100009206682444
shuttleset_21_scene_0039 pair 58 [3, 14] combined 0 players 0 retained 0 seconds 0.01032461877912283
shuttleset_21_scene_0039 pair 61 [4, 1] combined 28864 players 8550 retained 256 seconds 0.4900495638139546
shuttleset_21_scene_0039 pair 62 [4, 2] combined 13760 players 4734 retained 256 seconds 0.3019654336385429
shuttleset_21_scene_0039 pair 64 [4, 5] combined 1840 players 110 retained 55 seconds 0.06316566001623869
shuttleset_21_scene_0039 pair 65 [4, 6] combined 1620 players 760 retained 256 seconds 0.10813112929463387
shuttleset_21_scene_0039 pair 69 [4, 10] combined 24576 players 2612 retained 256 seconds 0.24426888581365347
shuttleset_21_scene_0039 pair 70 [4, 11] combined 7564 players 1038 retained 256 seconds 0.13681572675704956
shuttleset_21_scene_0039 pair 71 [4, 12] combined 656 players 132 retained 66 seconds 0.06123097613453865
shuttleset_21_scene_0039 pair 74 [4, 15] combined 0 players 0 retained 0 seconds 0.01766218477860093
shuttleset_21_scene_0039 pair 77 [5, 2] combined 244 players 8 retained 4 seconds 0.0450126132927835
shuttleset_21_scene_0039 pair 79 [5, 4] combined 1560 players 644 retained 256 seconds 0.09748076600953937
shuttleset_21_scene_0039 pair 80 [5, 6] combined 0 players 0 retained 0 seconds 0.00720730097964406
shuttleset_21_scene_0039 pair 82 [5, 8] combined 0 players 0 retained 0 seconds 0.007744647562503815
shuttleset_21_scene_0039 pair 87 [5, 13] combined 0 players 0 retained 0 seconds 0.00593735883012414
shuttleset_21_scene_0039 pair 90 [6, 0] combined 6144 players 1660 retained 256 seconds 0.2084993300959468
shuttleset_21_scene_0039 pair 91 [6, 1] combined 0 players 0 retained 0 seconds 0.020105049945414066
shuttleset_21_scene_0039 pair 93 [6, 3] combined 624 players 266 retained 133 seconds 0.059643639251589775
shuttleset_21_scene_0039 pair 94 [6, 4] combined 1988 players 644 retained 256 seconds 0.09771355194970965
shuttleset_21_scene_0039 pair 95 [6, 5] combined 0 players 0 retained 0 seconds 0.006966637913137674
shuttleset_21_scene_0039 pair 98 [6, 9] combined 0 players 0 retained 0 seconds 0.004095601849257946
shuttleset_21_scene_0039 pair 101 [6, 12] combined 96 players 0 retained 0 seconds 0.006247463636100292
shuttleset_21_scene_0039 pair 103 [6, 14] combined 0 players 0 retained 0 seconds 0.0040426659397780895
shuttleset_21_scene_0039 pair 105 [7, 0] combined 0 players 0 retained 0 seconds 0.39818543381989
shuttleset_21_scene_0039 pair 108 [7, 3] combined 0 players 0 retained 0 seconds 0.00972090195864439
shuttleset_21_scene_0039 pair 114 [7, 10] combined 0 players 0 retained 0 seconds 0.009288088884204626
shuttleset_21_scene_0039 pair 115 [7, 11] combined 0 players 0 retained 0 seconds 0.006812090985476971
shuttleset_21_scene_0039 pair 120 [8, 0] combined 2048 players 220 retained 102 seconds 0.12176581285893917
shuttleset_21_scene_0039 pair 121 [8, 1] combined 0 players 0 retained 0 seconds 0.019255185034126043
shuttleset_21_scene_0039 pair 123 [8, 3] combined 640 players 6 retained 3 seconds 0.04104478005319834
shuttleset_21_scene_0039 pair 125 [8, 5] combined 144 players 0 retained 0 seconds 0.009688199032098055
shuttleset_21_scene_0039 pair 128 [8, 9] combined 0 players 0 retained 0 seconds 0.004093511030077934
shuttleset_21_scene_0039 pair 129 [8, 10] combined 488 players 0 retained 0 seconds 0.013495449908077717
shuttleset_21_scene_0039 pair 130 [8, 11] combined 176 players 0 retained 0 seconds 0.008666825015097857
shuttleset_21_scene_0039 pair 131 [8, 12] combined 100 players 0 retained 0 seconds 0.007224170956760645
shuttleset_21_scene_0039 pair 135 [9, 0] combined 0 players 0 retained 0 seconds 0.07220337679609656
shuttleset_21_scene_0039 pair 137 [9, 2] combined 0 players 0 retained 0 seconds 0.012754131108522415
shuttleset_21_scene_0039 pair 138 [9, 3] combined 0 players 0 retained 0 seconds 0.008176616858690977
shuttleset_21_scene_0039 pair 141 [9, 6] combined 0 players 0 retained 0 seconds 0.0038190740160644054
shuttleset_21_scene_0039 pair 143 [9, 8] combined 0 players 0 retained 0 seconds 0.003739795181900263
shuttleset_21_scene_0039 pair 144 [9, 10] combined 0 players 0 retained 0 seconds 0.008826300036162138
shuttleset_21_scene_0039 pair 145 [9, 11] combined 0 players 0 retained 0 seconds 0.006575502920895815
shuttleset_21_scene_0039 pair 147 [9, 13] combined 0 players 0 retained 0 seconds 0.0030248211696743965
shuttleset_21_scene_0039 pair 151 [10, 1] combined 19968 players 4264 retained 256 seconds 0.3053629812784493
shuttleset_21_scene_0039 pair 154 [10, 4] combined 20984 players 822 retained 256 seconds 0.1637191860936582
shuttleset_21_scene_0039 pair 157 [10, 7] combined 0 players 0 retained 0 seconds 0.012739518191665411
shuttleset_21_scene_0039 pair 158 [10, 8] combined 588 players 0 retained 0 seconds 0.015253726858645678
shuttleset_21_scene_0039 pair 159 [10, 9] combined 0 players 0 retained 0 seconds 0.012615243904292583
shuttleset_21_scene_0039 pair 162 [10, 13] combined 980 players 0 retained 0 seconds 0.015688656363636255
shuttleset_21_scene_0039 pair 163 [10, 14] combined 0 players 0 retained 0 seconds 0.011766933836042881
shuttleset_21_scene_0039 pair 166 [11, 1] combined 11448 players 3698 retained 256 seconds 0.25160816637799144
shuttleset_21_scene_0039 pair 169 [11, 4] combined 2184 players 244 retained 122 seconds 0.0706994547508657
shuttleset_21_scene_0039 pair 172 [11, 7] combined 0 players 0 retained 0 seconds 0.008910080883651972
shuttleset_21_scene_0039 pair 173 [11, 8] combined 0 players 0 retained 0 seconds 0.008730380330234766
shuttleset_21_scene_0039 pair 174 [11, 9] combined 0 players 0 retained 0 seconds 0.009437066968530416
shuttleset_21_scene_0039 pair 176 [11, 12] combined 176 players 88 retained 44 seconds 0.0451593198813498
shuttleset_21_scene_0039 pair 177 [11, 13] combined 0 players 0 retained 0 seconds 0.00913464929908514
shuttleset_21_scene_0039 pair 178 [11, 14] combined 0 players 0 retained 0 seconds 0.008648885879665613
shuttleset_21_scene_0039 pair 180 [12, 0] combined 3072 players 980 retained 256 seconds 0.17305976897478104
shuttleset_21_scene_0039 pair 182 [12, 2] combined 1704 players 6 retained 3 seconds 0.04995969915762544
shuttleset_21_scene_0039 pair 184 [12, 4] combined 992 players 406 retained 203 seconds 0.08028008183464408
shuttleset_21_scene_0039 pair 186 [12, 6] combined 64 players 0 retained 0 seconds 0.007681810297071934
shuttleset_21_scene_0039 pair 188 [12, 8] combined 64 players 8 retained 4 seconds 0.035994954872876406
shuttleset_21_scene_0039 pair 191 [12, 11] combined 320 players 138 retained 69 seconds 0.047884510830044746
shuttleset_21_scene_0039 pair 192 [12, 13] combined 48 players 6 retained 3 seconds 0.03517207084223628
shuttleset_21_scene_0039 pair 195 [13, 0] combined 0 players 0 retained 0 seconds 0.06787215685471892
shuttleset_21_scene_0039 pair 196 [13, 1] combined 3108 players 18 retained 9 seconds 0.0563256349414587
shuttleset_21_scene_0039 pair 198 [13, 3] combined 1024 players 6 retained 3 seconds 0.04115813411772251
shuttleset_21_scene_0039 pair 200 [13, 5] combined 28 players 0 retained 0 seconds 0.005956728011369705
shuttleset_21_scene_0039 pair 204 [13, 9] combined 0 players 0 retained 0 seconds 0.003763110376894474
shuttleset_21_scene_0039 pair 205 [13, 10] combined 1984 players 0 retained 0 seconds 0.015734458807855844
shuttleset_21_scene_0039 pair 206 [13, 11] combined 0 players 0 retained 0 seconds 0.007489420007914305
shuttleset_21_scene_0039 pair 207 [13, 12] combined 96 players 0 retained 0 seconds 0.005524375010281801
shuttleset_21_scene_0039 pair 210 [14, 0] combined 0 players 0 retained 0 seconds 0.07098796498030424
shuttleset_21_scene_0039 pair 212 [14, 2] combined 0 players 0 retained 0 seconds 0.01264038821682334
shuttleset_21_scene_0039 pair 213 [14, 3] combined 0 players 0 retained 0 seconds 0.008279455360025167
shuttleset_21_scene_0039 pair 216 [14, 6] combined 0 players 0 retained 0 seconds 0.003692972008138895
shuttleset_21_scene_0039 pair 220 [14, 10] combined 0 players 0 retained 0 seconds 0.008655534125864506
shuttleset_21_scene_0039 pair 221 [14, 11] combined 0 players 0 retained 0 seconds 0.006656855810433626
shuttleset_21_scene_0039 pair 229 [15, 4] combined 0 players 0 retained 0 seconds 0.014125354122370481
[shuttleset_21_scene_0039 +0s] loading view and candidate populations
[shuttleset_21_scene_0039] line-template: preparing rectangles
[shuttleset_21_scene_0039 +23s] measuring 750 parents (G0=256, G1=256, line_template=256; conflicting geometry groups=0)
[shuttleset_21_scene_0039 +38s] parents 250/750
[shuttleset_21_scene_0039 +52s] parents 500/750
[shuttleset_21_scene_0039 +61s] parents 750/750
[shuttleset_21_scene_0039 +61s] refitting 750 parents
[shuttleset_21_scene_0039 +75s] refits 250/750; valid children=240
[shuttleset_21_scene_0039 +87s] refits 500/750; valid children=483
[shuttleset_21_scene_0039 +98s] refits 750/750; valid children=712
[shuttleset_21_scene_0039 +99s] ranking sensitivity thresholds
[shuttleset_21_scene_0039 +99s] saving evidence and arrays
[shuttleset_21_scene_0039 +113s] saved
{"case_id": "shuttleset_21_scene_0039", "direction_budget": 16, "run_wall_s": 307.89822785789147, "phases_s": {"prepare_view": 1.1371517153456807, "populations": 188.9968952666968, "w5_record": 112.81988595006987, "net_choice": 2.3612310509197414, "stripe_polarity_refit": 1.6574283484369516}, "bounded": "G1:1:1480/child"}
