[gxBQ_window_00_frame_0] generating G0
gxBQ_window_00_frame_0 pair 0 [0, 1] combined 262144 players 84282 retained 256 seconds 6.393798872362822
gxBQ_window_00_frame_0 pair 2 [0, 3] combined 262144 players 86766 retained 256 seconds 7.097393438685685
gxBQ_window_00_frame_0 pair 3 [0, 4] combined 3072 players 144 retained 66 seconds 3.1924862139858305
gxBQ_window_00_frame_0 pair 5 [0, 6] combined 229376 players 67522 retained 256 seconds 6.244704955257475
gxBQ_window_00_frame_0 pair 7 [0, 8] combined 262144 players 94586 retained 256 seconds 6.838870779145509
gxBQ_window_00_frame_0 pair 8 [0, 9] combined 262144 players 89844 retained 256 seconds 6.973257756792009
gxBQ_window_00_frame_0 pair 9 [0, 10] combined 262144 players 2754 retained 256 seconds 3.194897776003927
gxBQ_window_00_frame_0 pair 11 [0, 12] combined 37888 players 132 retained 66 seconds 3.1323774307966232
gxBQ_window_00_frame_0 pair 15 [1, 0] combined 262144 players 69118 retained 256 seconds 7.097392511088401
gxBQ_window_00_frame_0 pair 16 [1, 2] combined 262144 players 62262 retained 256 seconds 3.78618590766564
gxBQ_window_00_frame_0 pair 17 [1, 3] combined 262144 players 3336 retained 256 seconds 1.2195869483985007
gxBQ_window_00_frame_0 pair 18 [1, 4] combined 23552 players 4 retained 2 seconds 0.21606111899018288
gxBQ_window_00_frame_0 pair 19 [1, 5] combined 262144 players 15794 retained 256 seconds 2.5132048670202494
gxBQ_window_00_frame_0 pair 21 [1, 7] combined 262144 players 18760 retained 256 seconds 2.230831890832633
gxBQ_window_00_frame_0 pair 22 [1, 8] combined 262144 players 8210 retained 256 seconds 1.3252450739964843
gxBQ_window_00_frame_0 pair 25 [1, 11] combined 134144 players 3320 retained 256 seconds 0.7008720771409571
gxBQ_window_00_frame_0 pair 27 [1, 13] combined 262144 players 70564 retained 256 seconds 7.0957089411094785
gxBQ_window_00_frame_0 pair 28 [1, 14] combined 262144 players 57198 retained 256 seconds 6.665105807129294
gxBQ_window_00_frame_0 pair 29 [1, 15] combined 262144 players 75970 retained 256 seconds 6.9568554582074285
gxBQ_window_00_frame_0 pair 31 [2, 1] combined 262144 players 49452 retained 256 seconds 3.3899583467282355
gxBQ_window_00_frame_0 pair 32 [2, 3] combined 262144 players 76076 retained 256 seconds 4.482805249281228
gxBQ_window_00_frame_0 pair 33 [2, 4] combined 7168 players 2578 retained 256 seconds 0.5225213230587542
gxBQ_window_00_frame_0 pair 35 [2, 6] combined 220160 players 35200 retained 256 seconds 2.6327132103033364
gxBQ_window_00_frame_0 pair 37 [2, 8] combined 262144 players 66580 retained 256 seconds 4.000139784067869
gxBQ_window_00_frame_0 pair 38 [2, 9] combined 262144 players 57664 retained 256 seconds 3.5069611091166735
gxBQ_window_00_frame_0 pair 39 [2, 10] combined 262144 players 13600 retained 256 seconds 1.7725073518231511
gxBQ_window_00_frame_0 pair 41 [2, 12] combined 1024 players 302 retained 146 seconds 0.3848779951222241
gxBQ_window_00_frame_0 pair 45 [3, 0] combined 124928 players 38660 retained 256 seconds 4.9683462949469686
gxBQ_window_00_frame_0 pair 46 [3, 1] combined 262144 players 3330 retained 256 seconds 1.130775392986834
gxBQ_window_00_frame_0 pair 47 [3, 2] combined 125952 players 43268 retained 256 seconds 2.6731628449633718
gxBQ_window_00_frame_0 pair 49 [3, 5] combined 124928 players 24546 retained 256 seconds 2.338675652630627
gxBQ_window_00_frame_0 pair 50 [3, 6] combined 262144 players 1684 retained 256 seconds 0.9855984528549016
gxBQ_window_00_frame_0 pair 51 [3, 7] combined 122880 players 17474 retained 256 seconds 1.7073653992265463
gxBQ_window_00_frame_0 pair 53 [3, 9] combined 262144 players 2378 retained 256 seconds 1.0718842996284366
gxBQ_window_00_frame_0 pair 54 [3, 10] combined 24336 players 2044 retained 256 seconds 0.27908755000680685
gxBQ_window_00_frame_0 pair 57 [3, 13] combined 124928 players 38224 retained 256 seconds 4.699987499974668
gxBQ_window_00_frame_0 pair 58 [3, 14] combined 123904 players 37128 retained 256 seconds 5.037673681974411
gxBQ_window_00_frame_0 pair 59 [3, 15] combined 124928 players 37266 retained 256 seconds 4.434411656111479
gxBQ_window_00_frame_0 pair 60 [4, 0] combined 1024 players 18 retained 9 seconds 2.6668979269452393
gxBQ_window_00_frame_0 pair 61 [4, 1] combined 1024 players 0 retained 0 seconds 0.11753428587689996
gxBQ_window_00_frame_0 pair 62 [4, 2] combined 4096 players 0 retained 0 seconds 0.37141780089586973
gxBQ_window_00_frame_0 pair 64 [4, 5] combined 1024 players 28 retained 13 seconds 0.8828301019966602
gxBQ_window_00_frame_0 pair 65 [4, 6] combined 1024 players 14 retained 7 seconds 0.06559537909924984
gxBQ_window_00_frame_0 pair 68 [4, 9] combined 1024 players 0 retained 0 seconds 0.10743776988238096
gxBQ_window_00_frame_0 pair 72 [4, 13] combined 1024 players 28 retained 14 seconds 2.797044558916241
gxBQ_window_00_frame_0 pair 73 [4, 14] combined 1024 players 28 retained 14 seconds 2.8693068930879235
gxBQ_window_00_frame_0 pair 74 [4, 15] combined 1024 players 20 retained 10 seconds 2.4054379197768867
gxBQ_window_00_frame_0 pair 76 [5, 1] combined 262144 players 100166 retained 256 seconds 5.87494358420372
gxBQ_window_00_frame_0 pair 78 [5, 3] combined 262144 players 39040 retained 256 seconds 3.056555476039648
gxBQ_window_00_frame_0 pair 79 [5, 4] combined 3072 players 18 retained 9 seconds 0.939997433219105
gxBQ_window_00_frame_0 pair 80 [5, 6] combined 218112 players 88960 retained 256 seconds 5.482075955253094
gxBQ_window_00_frame_0 pair 82 [5, 8] combined 262144 players 94690 retained 256 seconds 5.277447472792119
gxBQ_window_00_frame_0 pair 83 [5, 9] combined 262144 players 87716 retained 256 seconds 5.352676843293011
gxBQ_window_00_frame_0 pair 84 [5, 10] combined 262144 players 50 retained 25 seconds 1.853045464027673
gxBQ_window_00_frame_0 pair 86 [5, 12] combined 21504 players 402 retained 201 seconds 0.9958031373098493
gxBQ_window_00_frame_0 pair 90 [6, 0] combined 132096 players 33932 retained 256 seconds 4.281361388042569
gxBQ_window_00_frame_0 pair 92 [6, 2] combined 132096 players 48154 retained 256 seconds 2.6532984361983836
gxBQ_window_00_frame_0 pair 93 [6, 3] combined 149504 players 4440 retained 256 seconds 0.7044863128103316
gxBQ_window_00_frame_0 pair 94 [6, 4] combined 7636 players 64 retained 32 seconds 0.08788594510406256
gxBQ_window_00_frame_0 pair 95 [6, 5] combined 133120 players 11750 retained 256 seconds 1.7471444755792618
gxBQ_window_00_frame_0 pair 96 [6, 7] combined 125952 players 13250 retained 256 seconds 1.305870280135423
gxBQ_window_00_frame_0 pair 97 [6, 8] combined 115712 players 1182 retained 256 seconds 0.5121716032736003
gxBQ_window_00_frame_0 pair 100 [6, 11] combined 70656 players 8264 retained 256 seconds 0.6043369602411985
gxBQ_window_00_frame_0 pair 101 [6, 12] combined 1116 players 0 retained 0 seconds 0.03348454786464572
gxBQ_window_00_frame_0 pair 102 [6, 13] combined 131072 players 37614 retained 256 seconds 4.757446424104273
gxBQ_window_00_frame_0 pair 103 [6, 14] combined 132096 players 36804 retained 256 seconds 4.580312049947679
gxBQ_window_00_frame_0 pair 104 [6, 15] combined 134144 players 32264 retained 256 seconds 3.9107562880963087
gxBQ_window_00_frame_0 pair 106 [7, 1] combined 262144 players 110148 retained 256 seconds 5.799357203766704
gxBQ_window_00_frame_0 pair 108 [7, 3] combined 262144 players 13192 retained 256 seconds 1.7646010890603065
gxBQ_window_00_frame_0 pair 111 [7, 6] combined 220160 players 89560 retained 256 seconds 4.881140497047454
gxBQ_window_00_frame_0 pair 112 [7, 8] combined 262144 players 31534 retained 256 seconds 2.339775242842734
gxBQ_window_00_frame_0 pair 113 [7, 9] combined 262144 players 113146 retained 256 seconds 5.428738716989756
gxBQ_window_00_frame_0 pair 115 [7, 11] combined 86016 players 800 retained 256 seconds 0.7725852681323886
gxBQ_window_00_frame_0 pair 120 [8, 0] combined 262144 players 85744 retained 256 seconds 6.763054120820016
gxBQ_window_00_frame_0 pair 121 [8, 1] combined 262144 players 3736 retained 256 seconds 1.1142767639830709
gxBQ_window_00_frame_0 pair 122 [8, 2] combined 262144 players 80230 retained 256 seconds 4.187289298977703
gxBQ_window_00_frame_0 pair 125 [8, 5] combined 262144 players 62298 retained 256 seconds 4.1295914188958704
gxBQ_window_00_frame_0 pair 126 [8, 6] combined 205824 players 1282 retained 256 seconds 0.8126880777999759
gxBQ_window_00_frame_0 pair 127 [8, 7] combined 262144 players 45942 retained 256 seconds 2.9565943139605224
gxBQ_window_00_frame_0 pair 128 [8, 9] combined 262144 players 4350 retained 256 seconds 1.1344003831036389
gxBQ_window_00_frame_0 pair 129 [8, 10] combined 48128 players 5200 retained 256 seconds 0.4876901460811496
gxBQ_window_00_frame_0 pair 132 [8, 13] combined 262144 players 87820 retained 256 seconds 6.802015513647348
gxBQ_window_00_frame_0 pair 133 [8, 14] combined 262144 players 90458 retained 256 seconds 6.834891934413463
gxBQ_window_00_frame_0 pair 134 [8, 15] combined 262144 players 84564 retained 256 seconds 5.237632135394961
gxBQ_window_00_frame_0 pair 135 [9, 0] combined 262144 players 66888 retained 256 seconds 3.480012251995504
gxBQ_window_00_frame_0 pair 137 [9, 2] combined 262144 players 40976 retained 256 seconds 1.6336713782511652
gxBQ_window_00_frame_0 pair 138 [9, 3] combined 262144 players 1488 retained 256 seconds 0.5934504480101168
gxBQ_window_00_frame_0 pair 139 [9, 4] combined 19456 players 0 retained 0 seconds 0.09940709732472897
gxBQ_window_00_frame_0 pair 140 [9, 5] combined 262144 players 13236 retained 256 seconds 1.2496726303361356
gxBQ_window_00_frame_0 pair 142 [9, 7] combined 262144 players 13100 retained 256 seconds 1.0145680299028754
gxBQ_window_00_frame_0 pair 143 [9, 8] combined 262144 players 4646 retained 256 seconds 0.6728288251906633
gxBQ_window_00_frame_0 pair 145 [9, 11] combined 142336 players 3434 retained 256 seconds 0.3947310969233513
gxBQ_window_00_frame_0 pair 147 [9, 13] combined 262144 players 78404 retained 256 seconds 3.78814005991444
gxBQ_window_00_frame_0 pair 148 [9, 14] combined 262144 players 73480 retained 256 seconds 3.8707367898896337
gxBQ_window_00_frame_0 pair 149 [9, 15] combined 262144 players 72000 retained 256 seconds 3.3452939800918102
gxBQ_window_00_frame_0 pair 150 [10, 0] combined 22528 players 426 retained 213 seconds 1.7323229098692536
gxBQ_window_00_frame_0 pair 152 [10, 2] combined 13312 players 214 retained 108 seconds 0.23672969220206141
gxBQ_window_00_frame_0 pair 153 [10, 3] combined 20480 players 6760 retained 256 seconds 0.23352840589359403
gxBQ_window_00_frame_0 pair 155 [10, 5] combined 23552 players 24 retained 12 seconds 0.5358079061843455
gxBQ_window_00_frame_0 pair 158 [10, 8] combined 22528 players 6194 retained 256 seconds 0.38511924212798476
gxBQ_window_00_frame_0 pair 160 [10, 11] combined 4284 players 1138 retained 256 seconds 0.08545077033340931
gxBQ_window_00_frame_0 pair 162 [10, 13] combined 23552 players 642 retained 256 seconds 1.851434372831136
gxBQ_window_00_frame_0 pair 163 [10, 14] combined 20480 players 498 retained 249 seconds 1.8836583816446364
gxBQ_window_00_frame_0 pair 164 [10, 15] combined 17408 players 456 retained 228 seconds 1.5036355550400913
gxBQ_window_00_frame_0 pair 166 [11, 1] combined 62464 players 206 retained 104 seconds 0.18633540999144316
gxBQ_window_00_frame_0 pair 171 [11, 6] combined 43560 players 3696 retained 256 seconds 0.19256922090426087
gxBQ_window_00_frame_0 pair 172 [11, 7] combined 45056 players 904 retained 256 seconds 0.39529654337093234
gxBQ_window_00_frame_0 pair 174 [11, 9] combined 88064 players 254 retained 128 seconds 0.22321698535233736
gxBQ_window_00_frame_0 pair 175 [11, 10] combined 4480 players 190 retained 95 seconds 0.04601411707699299
gxBQ_window_00_frame_0 pair 180 [12, 0] combined 2048 players 0 retained 0 seconds 1.6721789631992579
gxBQ_window_00_frame_0 pair 182 [12, 2] combined 0 players 0 retained 0 seconds 0.14348879223689437
gxBQ_window_00_frame_0 pair 185 [12, 5] combined 0 players 0 retained 0 seconds 0.5254412372596562
gxBQ_window_00_frame_0 pair 186 [12, 6] combined 2048 players 568 retained 256 seconds 0.05935011990368366
gxBQ_window_00_frame_0 pair 192 [12, 13] combined 1024 players 0 retained 0 seconds 1.6386188208125532
gxBQ_window_00_frame_0 pair 193 [12, 14] combined 0 players 0 retained 0 seconds 1.670592778827995
gxBQ_window_00_frame_0 pair 194 [12, 15] combined 2048 players 0 retained 0 seconds 1.3872590558603406
gxBQ_window_00_frame_0 pair 196 [13, 1] combined 262144 players 103584 retained 256 seconds 4.112782407086343
gxBQ_window_00_frame_0 pair 198 [13, 3] combined 262144 players 88972 retained 256 seconds 3.7398850740864873
gxBQ_window_00_frame_0 pair 199 [13, 4] combined 3072 players 114 retained 51 seconds 1.7922928929328918
gxBQ_window_00_frame_0 pair 201 [13, 6] combined 219136 players 70043 retained 256 seconds 5.126793573610485
gxBQ_window_00_frame_0 pair 203 [13, 8] combined 262144 players 95116 retained 256 seconds 6.279430996160954
gxBQ_window_00_frame_0 pair 204 [13, 9] combined 262144 players 95786 retained 256 seconds 5.786863886285573
gxBQ_window_00_frame_0 pair 205 [13, 10] combined 262144 players 4242 retained 256 seconds 2.931655728723854
gxBQ_window_00_frame_0 pair 207 [13, 12] combined 38912 players 206 retained 103 seconds 2.578079681843519
gxBQ_window_00_frame_0 pair 211 [14, 1] combined 262144 players 81392 retained 256 seconds 5.661163323093206
gxBQ_window_00_frame_0 pair 213 [14, 3] combined 262144 players 61526 retained 256 seconds 5.052333511877805
gxBQ_window_00_frame_0 pair 214 [14, 4] combined 3072 players 102 retained 48 seconds 2.8553502559661865
gxBQ_window_00_frame_0 pair 216 [14, 6] combined 223232 players 64140 retained 256 seconds 5.229044500272721
gxBQ_window_00_frame_0 pair 218 [14, 8] combined 262144 players 97958 retained 256 seconds 6.213281985837966
gxBQ_window_00_frame_0 pair 219 [14, 9] combined 262144 players 73820 retained 256 seconds 5.344793832860887
gxBQ_window_00_frame_0 pair 220 [14, 10] combined 262144 players 2800 retained 256 seconds 2.818040711339563
gxBQ_window_00_frame_0 pair 222 [14, 12] combined 17408 players 492 retained 240 seconds 2.5813531489111483
gxBQ_window_00_frame_0 pair 226 [15, 1] combined 262144 players 79198 retained 256 seconds 5.594752246979624
gxBQ_window_00_frame_0 pair 228 [15, 3] combined 262144 players 86226 retained 256 seconds 5.799897288437933
gxBQ_window_00_frame_0 pair 229 [15, 4] combined 4096 players 628 retained 256 seconds 2.4642557092010975
gxBQ_window_00_frame_0 pair 231 [15, 6] combined 228352 players 62230 retained 256 seconds 5.010562769137323
gxBQ_window_00_frame_0 pair 233 [15, 8] combined 262144 players 95486 retained 256 seconds 6.033695959020406
gxBQ_window_00_frame_0 pair 234 [15, 9] combined 262144 players 80306 retained 256 seconds 5.519449667073786
gxBQ_window_00_frame_0 pair 235 [15, 10] combined 262144 players 2000 retained 256 seconds 2.090250227134675
gxBQ_window_00_frame_0 pair 237 [15, 12] combined 46080 players 294 retained 139 seconds 1.4726895368658006
[gxBQ_window_00_frame_0] generating G1
gxBQ_window_00_frame_0 pair 0 [0, 1] combined 205824 players 86274 retained 256 seconds 2.3111750693060458
gxBQ_window_00_frame_0 pair 2 [0, 3] combined 10240 players 3974 retained 256 seconds 0.24468498630449176
gxBQ_window_00_frame_0 pair 3 [0, 4] combined 0 players 0 retained 0 seconds 0.14153382694348693
gxBQ_window_00_frame_0 pair 5 [0, 6] combined 16384 players 6832 retained 256 seconds 0.31684278370812535
gxBQ_window_00_frame_0 pair 7 [0, 8] combined 34816 players 12004 retained 256 seconds 0.44124314934015274
gxBQ_window_00_frame_0 pair 8 [0, 9] combined 152576 players 61992 retained 256 seconds 1.607891839928925
gxBQ_window_00_frame_0 pair 9 [0, 10] combined 10240 players 0 retained 0 seconds 0.14077780488878489
gxBQ_window_00_frame_0 pair 11 [0, 12] combined 0 players 0 retained 0 seconds 0.12544375518336892
gxBQ_window_00_frame_0 pair 15 [1, 0] combined 151552 players 34100 retained 256 seconds 1.0634183478541672
gxBQ_window_00_frame_0 pair 16 [1, 2] combined 147456 players 51554 retained 256 seconds 1.543974787928164
gxBQ_window_00_frame_0 pair 17 [1, 3] combined 3120 players 48 retained 24 seconds 0.04354165680706501
gxBQ_window_00_frame_0 pair 18 [1, 4] combined 2700 players 0 retained 0 seconds 0.022552228067070246
gxBQ_window_00_frame_0 pair 19 [1, 5] combined 149504 players 25054 retained 256 seconds 0.8494936996139586
gxBQ_window_00_frame_0 pair 21 [1, 7] combined 104676 players 8910 retained 256 seconds 0.4070411887951195
gxBQ_window_00_frame_0 pair 22 [1, 8] combined 19920 players 178 retained 89 seconds 0.06988702295348048
gxBQ_window_00_frame_0 pair 25 [1, 11] combined 18832 players 342 retained 154 seconds 0.0746009019203484
gxBQ_window_00_frame_0 pair 27 [1, 13] combined 147456 players 47128 retained 256 seconds 1.3151675178669393
gxBQ_window_00_frame_0 pair 28 [1, 14] combined 153600 players 33160 retained 256 seconds 1.0688823908567429
gxBQ_window_00_frame_0 pair 29 [1, 15] combined 150528 players 28758 retained 256 seconds 0.9535466879606247
gxBQ_window_00_frame_0 pair 31 [2, 1] combined 95500 players 28662 retained 256 seconds 0.7421925822272897
gxBQ_window_00_frame_0 pair 32 [2, 3] combined 11220 players 3732 retained 256 seconds 0.14783375291153789
gxBQ_window_00_frame_0 pair 33 [2, 4] combined 0 players 0 retained 0 seconds 0.030890387017279863
gxBQ_window_00_frame_0 pair 35 [2, 6] combined 9216 players 2710 retained 256 seconds 0.33925185818225145
gxBQ_window_00_frame_0 pair 37 [2, 8] combined 36864 players 14018 retained 256 seconds 0.3795888121239841
gxBQ_window_00_frame_0 pair 38 [2, 9] combined 76752 players 20714 retained 256 seconds 0.5898975566960871
gxBQ_window_00_frame_0 pair 39 [2, 10] combined 0 players 0 retained 0 seconds 0.025768065825104713
gxBQ_window_00_frame_0 pair 41 [2, 12] combined 0 players 0 retained 0 seconds 0.02823061030358076
gxBQ_window_00_frame_0 pair 45 [3, 0] combined 0 players 0 retained 0 seconds 0.10750658996403217
gxBQ_window_00_frame_0 pair 46 [3, 1] combined 4096 players 6 retained 3 seconds 0.036127072758972645
gxBQ_window_00_frame_0 pair 47 [3, 2] combined 736 players 0 retained 0 seconds 0.02199138794094324
gxBQ_window_00_frame_0 pair 49 [3, 5] combined 1024 players 402 retained 171 seconds 0.0962909939698875
gxBQ_window_00_frame_0 pair 50 [3, 6] combined 144 players 0 retained 0 seconds 0.006035611033439636
gxBQ_window_00_frame_0 pair 51 [3, 7] combined 1024 players 314 retained 131 seconds 0.0491511351428926
gxBQ_window_00_frame_0 pair 53 [3, 9] combined 4096 players 0 retained 0 seconds 0.02126851724460721
gxBQ_window_00_frame_0 pair 54 [3, 10] combined 0 players 0 retained 0 seconds 0.003936804831027985
gxBQ_window_00_frame_0 pair 57 [3, 13] combined 0 players 0 retained 0 seconds 0.12186334189027548
gxBQ_window_00_frame_0 pair 58 [3, 14] combined 1024 players 462 retained 181 seconds 0.1290203300304711
gxBQ_window_00_frame_0 pair 59 [3, 15] combined 0 players 0 retained 0 seconds 0.08273292984813452
gxBQ_window_00_frame_0 pair 60 [4, 0] combined 0 players 0 retained 0 seconds 0.09923735214397311
gxBQ_window_00_frame_0 pair 61 [4, 1] combined 0 players 0 retained 0 seconds 0.015169122256338596
gxBQ_window_00_frame_0 pair 62 [4, 2] combined 0 players 0 retained 0 seconds 0.01893163099884987
gxBQ_window_00_frame_0 pair 64 [4, 5] combined 0 players 0 retained 0 seconds 0.06229678215458989
gxBQ_window_00_frame_0 pair 65 [4, 6] combined 0 players 0 retained 0 seconds 0.0041322410106658936
gxBQ_window_00_frame_0 pair 68 [4, 9] combined 0 players 0 retained 0 seconds 0.013943411409854889
gxBQ_window_00_frame_0 pair 72 [4, 13] combined 0 players 0 retained 0 seconds 0.11621871497482061
gxBQ_window_00_frame_0 pair 73 [4, 14] combined 0 players 0 retained 0 seconds 0.08960824506357312
gxBQ_window_00_frame_0 pair 74 [4, 15] combined 0 players 0 retained 0 seconds 0.07839651918038726
gxBQ_window_00_frame_0 pair 76 [5, 1] combined 206848 players 86684 retained 256 seconds 2.0799702890217304
gxBQ_window_00_frame_0 pair 78 [5, 3] combined 10240 players 3798 retained 256 seconds 0.19950368627905846
gxBQ_window_00_frame_0 pair 79 [5, 4] combined 0 players 0 retained 0 seconds 0.0826579830609262
gxBQ_window_00_frame_0 pair 80 [5, 6] combined 14336 players 5970 retained 256 seconds 0.2516233599744737
gxBQ_window_00_frame_0 pair 82 [5, 8] combined 34816 players 12414 retained 256 seconds 0.38311591697856784
gxBQ_window_00_frame_0 pair 83 [5, 9] combined 154624 players 61394 retained 256 seconds 1.780078701209277
gxBQ_window_00_frame_0 pair 84 [5, 10] combined 0 players 0 retained 0 seconds 0.09538233513012528
gxBQ_window_00_frame_0 pair 86 [5, 12] combined 0 players 0 retained 0 seconds 0.07718116091564298
gxBQ_window_00_frame_0 pair 90 [6, 0] combined 10240 players 2978 retained 256 seconds 0.20588291436433792
gxBQ_window_00_frame_0 pair 92 [6, 2] combined 10240 players 3660 retained 256 seconds 0.13610090129077435
gxBQ_window_00_frame_0 pair 93 [6, 3] combined 0 players 0 retained 0 seconds 0.00580946309491992
gxBQ_window_00_frame_0 pair 94 [6, 4] combined 48 players 0 retained 0 seconds 0.0044042859226465225
gxBQ_window_00_frame_0 pair 95 [6, 5] combined 10240 players 2404 retained 256 seconds 0.1529294280335307
gxBQ_window_00_frame_0 pair 96 [6, 7] combined 7520 players 1250 retained 256 seconds 0.08142657577991486
gxBQ_window_00_frame_0 pair 97 [6, 8] combined 876 players 0 retained 0 seconds 0.009992212988436222
gxBQ_window_00_frame_0 pair 100 [6, 11] combined 0 players 0 retained 0 seconds 0.005075032822787762
gxBQ_window_00_frame_0 pair 101 [6, 12] combined 0 players 0 retained 0 seconds 0.0038409680128097534
gxBQ_window_00_frame_0 pair 102 [6, 13] combined 10240 players 3080 retained 256 seconds 0.21285085007548332
gxBQ_window_00_frame_0 pair 103 [6, 14] combined 10240 players 3078 retained 256 seconds 0.19084049575030804
gxBQ_window_00_frame_0 pair 104 [6, 15] combined 9216 players 2494 retained 256 seconds 0.1622693408280611
gxBQ_window_00_frame_0 pair 106 [7, 1] combined 119460 players 53134 retained 256 seconds 1.2224864717572927
gxBQ_window_00_frame_0 pair 108 [7, 3] combined 5360 players 1148 retained 256 seconds 0.08646345790475607
gxBQ_window_00_frame_0 pair 111 [7, 6] combined 11256 players 4942 retained 256 seconds 0.16210059681907296
gxBQ_window_00_frame_0 pair 112 [7, 8] combined 16864 players 4024 retained 256 seconds 0.152123617939651
gxBQ_window_00_frame_0 pair 113 [7, 9] combined 89804 players 40792 retained 256 seconds 0.9543548519723117
gxBQ_window_00_frame_0 pair 115 [7, 11] combined 30720 players 740 retained 256 seconds 0.12281225062906742
gxBQ_window_00_frame_0 pair 120 [8, 0] combined 20480 players 8342 retained 256 seconds 0.31094761891290545
gxBQ_window_00_frame_0 pair 121 [8, 1] combined 15360 players 184 retained 92 seconds 0.05769254919141531
gxBQ_window_00_frame_0 pair 122 [8, 2] combined 15540 players 5486 retained 256 seconds 0.16673118993639946
gxBQ_window_00_frame_0 pair 125 [8, 5] combined 20480 players 5970 retained 256 seconds 0.4940625331364572
gxBQ_window_00_frame_0 pair 126 [8, 6] combined 1288 players 0 retained 0 seconds 0.012197868898510933
gxBQ_window_00_frame_0 pair 127 [8, 7] combined 20480 players 5526 retained 256 seconds 0.18699000542983413
gxBQ_window_00_frame_0 pair 128 [8, 9] combined 16384 players 64 retained 30 seconds 0.056511745788156986
gxBQ_window_00_frame_0 pair 129 [8, 10] combined 0 players 0 retained 0 seconds 0.007595867849886417
gxBQ_window_00_frame_0 pair 132 [8, 13] combined 20480 players 8074 retained 256 seconds 0.32019110582768917
gxBQ_window_00_frame_0 pair 133 [8, 14] combined 20480 players 7250 retained 256 seconds 0.29656196385622025
gxBQ_window_00_frame_0 pair 134 [8, 15] combined 20480 players 7618 retained 256 seconds 0.28851586394011974
gxBQ_window_00_frame_0 pair 135 [9, 0] combined 134144 players 26184 retained 256 seconds 0.837477020919323
gxBQ_window_00_frame_0 pair 137 [9, 2] combined 142336 players 52778 retained 256 seconds 1.3033277103677392
gxBQ_window_00_frame_0 pair 138 [9, 3] combined 2328 players 24 retained 12 seconds 0.03537679463624954
gxBQ_window_00_frame_0 pair 139 [9, 4] combined 2448 players 0 retained 0 seconds 0.018155526369810104
gxBQ_window_00_frame_0 pair 140 [9, 5] combined 133120 players 21556 retained 256 seconds 0.7192286532372236
gxBQ_window_00_frame_0 pair 142 [9, 7] combined 101672 players 8924 retained 256 seconds 0.40092651965096593
gxBQ_window_00_frame_0 pair 143 [9, 8] combined 28944 players 70 retained 34 seconds 0.07821792783215642
gxBQ_window_00_frame_0 pair 145 [9, 11] combined 9900 players 238 retained 108 seconds 0.05152133526280522
gxBQ_window_00_frame_0 pair 147 [9, 13] combined 138240 players 44496 retained 256 seconds 1.2010331149213016
gxBQ_window_00_frame_0 pair 148 [9, 14] combined 135168 players 25444 retained 256 seconds 0.8034245050512254
gxBQ_window_00_frame_0 pair 149 [9, 15] combined 138240 players 29432 retained 256 seconds 1.1921988655813038
gxBQ_window_00_frame_0 pair 150 [10, 0] combined 0 players 0 retained 0 seconds 0.10259578796103597
gxBQ_window_00_frame_0 pair 152 [10, 2] combined 0 players 0 retained 0 seconds 0.01944370986893773
gxBQ_window_00_frame_0 pair 153 [10, 3] combined 0 players 0 retained 0 seconds 0.003722593653947115
gxBQ_window_00_frame_0 pair 155 [10, 5] combined 0 players 0 retained 0 seconds 0.057137851137667894
gxBQ_window_00_frame_0 pair 158 [10, 8] combined 0 players 0 retained 0 seconds 0.0061948262155056
gxBQ_window_00_frame_0 pair 160 [10, 11] combined 0 players 0 retained 0 seconds 0.0037399842403829098
gxBQ_window_00_frame_0 pair 162 [10, 13] combined 1024 players 0 retained 0 seconds 0.11704360181465745
gxBQ_window_00_frame_0 pair 163 [10, 14] combined 1024 players 0 retained 0 seconds 0.08468803996220231
gxBQ_window_00_frame_0 pair 164 [10, 15] combined 0 players 0 retained 0 seconds 0.07230215985327959
gxBQ_window_00_frame_0 pair 166 [11, 1] combined 16008 players 0 retained 0 seconds 0.038509389851242304
gxBQ_window_00_frame_0 pair 171 [11, 6] combined 192 players 0 retained 0 seconds 0.004943589214235544
gxBQ_window_00_frame_0 pair 172 [11, 7] combined 13312 players 398 retained 184 seconds 0.07094432506710291
gxBQ_window_00_frame_0 pair 174 [11, 9] combined 13716 players 0 retained 0 seconds 0.0336595019325614
gxBQ_window_00_frame_0 pair 175 [11, 10] combined 0 players 0 retained 0 seconds 0.004107183311134577
gxBQ_window_00_frame_0 pair 180 [12, 0] combined 0 players 0 retained 0 seconds 0.10619301395490766
gxBQ_window_00_frame_0 pair 182 [12, 2] combined 0 players 0 retained 0 seconds 0.01784861320629716
gxBQ_window_00_frame_0 pair 185 [12, 5] combined 0 players 0 retained 0 seconds 0.06337589304894209
gxBQ_window_00_frame_0 pair 186 [12, 6] combined 0 players 0 retained 0 seconds 0.0038237329572439194
gxBQ_window_00_frame_0 pair 192 [12, 13] combined 0 players 0 retained 0 seconds 0.12260527489706874
gxBQ_window_00_frame_0 pair 193 [12, 14] combined 0 players 0 retained 0 seconds 0.08998303720727563
gxBQ_window_00_frame_0 pair 194 [12, 15] combined 0 players 0 retained 0 seconds 0.08177204197272658
gxBQ_window_00_frame_0 pair 196 [13, 1] combined 197632 players 83788 retained 256 seconds 1.9991769990883768
gxBQ_window_00_frame_0 pair 198 [13, 3] combined 10240 players 4160 retained 256 seconds 0.27410551719367504
gxBQ_window_00_frame_0 pair 199 [13, 4] combined 0 players 0 retained 0 seconds 0.14850508095696568
gxBQ_window_00_frame_0 pair 201 [13, 6] combined 16384 players 6462 retained 256 seconds 0.31122210808098316
gxBQ_window_00_frame_0 pair 203 [13, 8] combined 34816 players 12400 retained 256 seconds 0.45612326404079795
gxBQ_window_00_frame_0 pair 204 [13, 9] combined 159744 players 65254 retained 256 seconds 1.6770132980309427
gxBQ_window_00_frame_0 pair 205 [13, 10] combined 7168 players 0 retained 0 seconds 0.15077268006280065
gxBQ_window_00_frame_0 pair 207 [13, 12] combined 0 players 0 retained 0 seconds 0.1314735608175397
gxBQ_window_00_frame_0 pair 211 [14, 1] combined 203776 players 85940 retained 256 seconds 2.3054701811634004
gxBQ_window_00_frame_0 pair 213 [14, 3] combined 10240 players 4214 retained 256 seconds 0.23369607934728265
gxBQ_window_00_frame_0 pair 214 [14, 4] combined 0 players 0 retained 0 seconds 0.11491654673591256
gxBQ_window_00_frame_0 pair 216 [14, 6] combined 16384 players 6786 retained 256 seconds 0.2873175460845232
gxBQ_window_00_frame_0 pair 218 [14, 8] combined 34816 players 12092 retained 256 seconds 0.41302858479321003
gxBQ_window_00_frame_0 pair 219 [14, 9] combined 153600 players 64618 retained 256 seconds 1.6767116598784924
gxBQ_window_00_frame_0 pair 220 [14, 10] combined 10240 players 0 retained 0 seconds 0.12633262295275927
gxBQ_window_00_frame_0 pair 222 [14, 12] combined 0 players 0 retained 0 seconds 0.11362738395109773
gxBQ_window_00_frame_0 pair 226 [15, 1] combined 200704 players 82420 retained 256 seconds 2.045667469035834
gxBQ_window_00_frame_0 pair 228 [15, 3] combined 10240 players 3786 retained 256 seconds 0.21589596709236503
gxBQ_window_00_frame_0 pair 229 [15, 4] combined 0 players 0 retained 0 seconds 0.10575766395777464
gxBQ_window_00_frame_0 pair 231 [15, 6] combined 14336 players 5930 retained 256 seconds 0.2731590112671256
gxBQ_window_00_frame_0 pair 233 [15, 8] combined 34816 players 11806 retained 256 seconds 0.41291735600680113
gxBQ_window_00_frame_0 pair 234 [15, 9] combined 159744 players 63222 retained 256 seconds 1.8938041301444173
gxBQ_window_00_frame_0 pair 235 [15, 10] combined 14336 players 0 retained 0 seconds 0.1307133841328323
gxBQ_window_00_frame_0 pair 237 [15, 12] combined 0 players 0 retained 0 seconds 0.09260613983497024
[gxBQ_window_00_frame_0 +0s] loading view and candidate populations
[gxBQ_window_00_frame_0] line-template: preparing rectangles
[gxBQ_window_00_frame_0 +9s] measuring 768 parents (G0=256, G1=256, line_template=256; conflicting geometry groups=0)
[gxBQ_window_00_frame_0 +19s] parents 250/768
[gxBQ_window_00_frame_0 +29s] parents 500/768
[gxBQ_window_00_frame_0 +38s] parents 750/768
[gxBQ_window_00_frame_0 +38s] refitting 768 parents
[gxBQ_window_00_frame_0 +50s] refits 250/768; valid children=241
[gxBQ_window_00_frame_0 +60s] refits 500/768; valid children=466
[gxBQ_window_00_frame_0 +71s] refits 750/768; valid children=697
[gxBQ_window_00_frame_0 +72s] ranking sensitivity thresholds
[gxBQ_window_00_frame_0 +72s] saving evidence and arrays
[gxBQ_window_00_frame_0 +87s] saved
{"case_id": "gxBQ_window_00_frame_0", "direction_budget": 16, "run_wall_s": 565.4262669682503, "phases_s": {"prepare_view": 1.3656756449490786, "populations": 467.96695127291605, "w5_record": 86.8581619518809, "net_choice": 1.0207461072131991, "stripe_polarity_refit": 1.6337693091481924}, "bounded": "G0:22:5046/child"}
