[gxBQ_window_00_frame_689] generating G0
gxBQ_window_00_frame_689 pair 0 [0, 1] combined 262144 players 87394 retained 256 seconds 6.89544071117416
gxBQ_window_00_frame_689 pair 2 [0, 3] combined 262144 players 50072 retained 256 seconds 5.724949712865055
gxBQ_window_00_frame_689 pair 5 [0, 6] combined 10240 players 2816 retained 256 seconds 3.3567634471692145
gxBQ_window_00_frame_689 pair 6 [0, 7] combined 262144 players 28870 retained 256 seconds 4.960550876799971
gxBQ_window_00_frame_689 pair 7 [0, 8] combined 262144 players 64230 retained 256 seconds 5.85756942583248
gxBQ_window_00_frame_689 pair 15 [1, 0] combined 262144 players 67208 retained 256 seconds 6.67865322297439
gxBQ_window_00_frame_689 pair 16 [1, 2] combined 262144 players 18592 retained 256 seconds 2.6356062572449446
gxBQ_window_00_frame_689 pair 17 [1, 3] combined 262144 players 5772 retained 256 seconds 1.284340641926974
gxBQ_window_00_frame_689 pair 18 [1, 4] combined 262144 players 47506 retained 256 seconds 6.176235060673207
gxBQ_window_00_frame_689 pair 20 [1, 6] combined 16384 players 0 retained 0 seconds 0.1983752860687673
gxBQ_window_00_frame_689 pair 21 [1, 7] combined 262144 players 574 retained 251 seconds 0.9864948159083724
gxBQ_window_00_frame_689 pair 23 [1, 9] combined 207872 players 18836 retained 256 seconds 1.5317955981008708
gxBQ_window_00_frame_689 pair 24 [1, 10] combined 262144 players 36134 retained 256 seconds 2.523567426018417
gxBQ_window_00_frame_689 pair 26 [1, 12] combined 262144 players 75648 retained 256 seconds 7.053430465050042
gxBQ_window_00_frame_689 pair 27 [1, 13] combined 262144 players 57238 retained 256 seconds 6.46409065509215
gxBQ_window_00_frame_689 pair 28 [1, 14] combined 262144 players 70564 retained 256 seconds 7.075499293860048
gxBQ_window_00_frame_689 pair 29 [1, 15] combined 262144 players 72864 retained 256 seconds 7.268922410905361
gxBQ_window_00_frame_689 pair 31 [2, 1] combined 262144 players 102150 retained 256 seconds 5.742833917960525
gxBQ_window_00_frame_689 pair 32 [2, 3] combined 262144 players 41936 retained 256 seconds 3.470873204059899
gxBQ_window_00_frame_689 pair 35 [2, 6] combined 7168 players 1210 retained 256 seconds 1.2359550707042217
gxBQ_window_00_frame_689 pair 37 [2, 8] combined 262144 players 107324 retained 256 seconds 6.038350257091224
gxBQ_window_00_frame_689 pair 45 [3, 0] combined 262144 players 83840 retained 256 seconds 7.151045185979456
gxBQ_window_00_frame_689 pair 46 [3, 1] combined 262144 players 1006 retained 256 seconds 1.0518225403502584
gxBQ_window_00_frame_689 pair 47 [3, 2] combined 262144 players 38832 retained 256 seconds 3.285850528627634
gxBQ_window_00_frame_689 pair 48 [3, 4] combined 262144 players 78588 retained 256 seconds 7.41898189438507
gxBQ_window_00_frame_689 pair 49 [3, 5] combined 24576 players 592 retained 249 seconds 0.25889628613367677
gxBQ_window_00_frame_689 pair 52 [3, 8] combined 262144 players 3672 retained 256 seconds 1.1628911537118256
gxBQ_window_00_frame_689 pair 54 [3, 10] combined 262144 players 86490 retained 256 seconds 4.273280863650143
gxBQ_window_00_frame_689 pair 55 [3, 11] combined 45056 players 0 retained 0 seconds 0.31655620923265815
gxBQ_window_00_frame_689 pair 56 [3, 12] combined 262144 players 84060 retained 256 seconds 6.678038612939417
gxBQ_window_00_frame_689 pair 57 [3, 13] combined 262144 players 84916 retained 256 seconds 4.60702296718955
gxBQ_window_00_frame_689 pair 58 [3, 14] combined 262144 players 90250 retained 256 seconds 4.308022829238325
gxBQ_window_00_frame_689 pair 59 [3, 15] combined 262144 players 83586 retained 256 seconds 4.171019258908927
gxBQ_window_00_frame_689 pair 61 [4, 1] combined 262144 players 95700 retained 256 seconds 4.253433965146542
gxBQ_window_00_frame_689 pair 63 [4, 3] combined 262144 players 53430 retained 256 seconds 3.536133478861302
gxBQ_window_00_frame_689 pair 65 [4, 6] combined 9216 players 2388 retained 256 seconds 3.2997661950066686
gxBQ_window_00_frame_689 pair 66 [4, 7] combined 262144 players 55102 retained 256 seconds 5.578008068725467
gxBQ_window_00_frame_689 pair 67 [4, 8] combined 262144 players 107440 retained 256 seconds 7.140268689021468
gxBQ_window_00_frame_689 pair 78 [5, 3] combined 15360 players 2010 retained 256 seconds 0.24554619705304503
gxBQ_window_00_frame_689 pair 81 [5, 7] combined 31744 players 4030 retained 256 seconds 0.3063986739143729
gxBQ_window_00_frame_689 pair 83 [5, 9] combined 20608 players 6656 retained 256 seconds 0.357386969961226
gxBQ_window_00_frame_689 pair 85 [5, 11] combined 0 players 0 retained 0 seconds 0.011416705790907145
gxBQ_window_00_frame_689 pair 90 [6, 0] combined 1024 players 0 retained 0 seconds 2.47797694709152
gxBQ_window_00_frame_689 pair 91 [6, 1] combined 3072 players 28 retained 14 seconds 0.17262518778443336
gxBQ_window_00_frame_689 pair 92 [6, 2] combined 0 players 0 retained 0 seconds 0.8595078317448497
gxBQ_window_00_frame_689 pair 94 [6, 4] combined 3072 players 360 retained 176 seconds 2.2899250532500446
gxBQ_window_00_frame_689 pair 97 [6, 8] combined 3072 players 24 retained 12 seconds 0.06739298813045025
gxBQ_window_00_frame_689 pair 99 [6, 10] combined 0 players 0 retained 0 seconds 0.02867544023320079
gxBQ_window_00_frame_689 pair 100 [6, 11] combined 344 players 0 retained 0 seconds 0.007441024761646986
gxBQ_window_00_frame_689 pair 101 [6, 12] combined 3072 players 282 retained 132 seconds 1.6206304570659995
gxBQ_window_00_frame_689 pair 102 [6, 13] combined 1024 players 0 retained 0 seconds 1.5131511171348393
gxBQ_window_00_frame_689 pair 103 [6, 14] combined 0 players 0 retained 0 seconds 1.5882360702380538
gxBQ_window_00_frame_689 pair 104 [6, 15] combined 4096 players 372 retained 171 seconds 1.5903574749827385
gxBQ_window_00_frame_689 pair 105 [7, 0] combined 262144 players 27950 retained 256 seconds 2.6378707238473
gxBQ_window_00_frame_689 pair 106 [7, 1] combined 262144 players 84 retained 30 seconds 0.5347638516686857
gxBQ_window_00_frame_689 pair 109 [7, 4] combined 262144 players 40320 retained 256 seconds 2.9983982387930155
gxBQ_window_00_frame_689 pair 110 [7, 5] combined 25600 players 544 retained 256 seconds 0.10400089574977756
gxBQ_window_00_frame_689 pair 112 [7, 8] combined 262144 players 662 retained 256 seconds 0.5358156873844564
gxBQ_window_00_frame_689 pair 114 [7, 10] combined 262144 players 49582 retained 256 seconds 1.5134288799017668
gxBQ_window_00_frame_689 pair 115 [7, 11] combined 46080 players 186 retained 93 seconds 0.11683553270995617
gxBQ_window_00_frame_689 pair 116 [7, 12] combined 262144 players 32724 retained 256 seconds 2.875538683962077
gxBQ_window_00_frame_689 pair 117 [7, 13] combined 262144 players 18592 retained 256 seconds 2.554194141179323
gxBQ_window_00_frame_689 pair 118 [7, 14] combined 262144 players 45244 retained 256 seconds 3.0804701768793166
gxBQ_window_00_frame_689 pair 119 [7, 15] combined 262144 players 31976 retained 256 seconds 2.824122888967395
gxBQ_window_00_frame_689 pair 120 [8, 0] combined 262144 players 47214 retained 256 seconds 3.2739229020662606
gxBQ_window_00_frame_689 pair 122 [8, 2] combined 262144 players 19592 retained 256 seconds 1.4059160370379686
gxBQ_window_00_frame_689 pair 123 [8, 3] combined 262144 players 13418 retained 256 seconds 0.8011230151169002
gxBQ_window_00_frame_689 pair 124 [8, 4] combined 262144 players 40610 retained 256 seconds 3.1177282980643213
gxBQ_window_00_frame_689 pair 126 [8, 6] combined 12288 players 0 retained 0 seconds 0.07661569397896528
gxBQ_window_00_frame_689 pair 127 [8, 7] combined 262144 players 1526 retained 256 seconds 0.5362558690831065
gxBQ_window_00_frame_689 pair 128 [8, 9] combined 208896 players 11680 retained 256 seconds 0.6382331252098083
gxBQ_window_00_frame_689 pair 129 [8, 10] combined 262144 players 37658 retained 256 seconds 1.2488189763389528
gxBQ_window_00_frame_689 pair 131 [8, 12] combined 262144 players 65124 retained 256 seconds 3.6051950911059976
gxBQ_window_00_frame_689 pair 132 [8, 13] combined 262144 players 53902 retained 256 seconds 3.333715697284788
gxBQ_window_00_frame_689 pair 133 [8, 14] combined 262144 players 66034 retained 256 seconds 4.238031124230474
gxBQ_window_00_frame_689 pair 134 [8, 15] combined 262144 players 47394 retained 256 seconds 5.161408954299986
gxBQ_window_00_frame_689 pair 136 [9, 1] combined 262144 players 24936 retained 256 seconds 1.6978015438653529
gxBQ_window_00_frame_689 pair 140 [9, 5] combined 13824 players 1404 retained 256 seconds 0.1578970467671752
gxBQ_window_00_frame_689 pair 143 [9, 8] combined 257024 players 7612 retained 256 seconds 1.068409285042435
gxBQ_window_00_frame_689 pair 145 [9, 11] combined 15912 players 574 retained 256 seconds 0.26580458180978894
gxBQ_window_00_frame_689 pair 151 [10, 1] combined 201728 players 40814 retained 256 seconds 2.088310093153268
gxBQ_window_00_frame_689 pair 153 [10, 3] combined 262144 players 49506 retained 256 seconds 2.3732598586939275
gxBQ_window_00_frame_689 pair 156 [10, 6] combined 5120 players 1172 retained 256 seconds 0.17160935932770371
gxBQ_window_00_frame_689 pair 157 [10, 7] combined 262144 players 51916 retained 256 seconds 2.6805842518806458
gxBQ_window_00_frame_689 pair 158 [10, 8] combined 218112 players 43850 retained 256 seconds 2.2558914250694215
gxBQ_window_00_frame_689 pair 168 [11, 3] combined 28672 players 0 retained 0 seconds 0.14894430991262197
gxBQ_window_00_frame_689 pair 170 [11, 5] combined 224 players 16 retained 8 seconds 0.034540506079792976
gxBQ_window_00_frame_689 pair 171 [11, 6] combined 1728 players 0 retained 0 seconds 0.01558657269924879
gxBQ_window_00_frame_689 pair 172 [11, 7] combined 22528 players 0 retained 0 seconds 0.08844417706131935
gxBQ_window_00_frame_689 pair 174 [11, 9] combined 12880 players 98 retained 49 seconds 0.0879657850600779
gxBQ_window_00_frame_689 pair 181 [12, 1] combined 262144 players 90304 retained 256 seconds 5.868916338775307
gxBQ_window_00_frame_689 pair 183 [12, 3] combined 262144 players 53692 retained 256 seconds 5.1285797310993075
gxBQ_window_00_frame_689 pair 186 [12, 6] combined 9216 players 2262 retained 256 seconds 2.979778679087758
gxBQ_window_00_frame_689 pair 187 [12, 7] combined 262144 players 44292 retained 256 seconds 4.986865594051778
gxBQ_window_00_frame_689 pair 188 [12, 8] combined 262144 players 72100 retained 256 seconds 5.720169037114829
gxBQ_window_00_frame_689 pair 196 [13, 1] combined 262144 players 97210 retained 256 seconds 6.4118090299889445
gxBQ_window_00_frame_689 pair 198 [13, 3] combined 262144 players 51420 retained 256 seconds 5.429365559946746
gxBQ_window_00_frame_689 pair 201 [13, 6] combined 9216 players 2394 retained 256 seconds 2.9245890509337187
gxBQ_window_00_frame_689 pair 202 [13, 7] combined 262144 players 26016 retained 256 seconds 4.452372797764838
gxBQ_window_00_frame_689 pair 203 [13, 8] combined 262144 players 107170 retained 256 seconds 6.9869243572466075
gxBQ_window_00_frame_689 pair 211 [14, 1] combined 262144 players 92592 retained 256 seconds 6.121224839705974
gxBQ_window_00_frame_689 pair 213 [14, 3] combined 262144 players 53974 retained 256 seconds 5.4436946348287165
gxBQ_window_00_frame_689 pair 216 [14, 6] combined 8192 players 2074 retained 256 seconds 3.069052365142852
gxBQ_window_00_frame_689 pair 217 [14, 7] combined 262144 players 59170 retained 256 seconds 5.571852761786431
gxBQ_window_00_frame_689 pair 218 [14, 8] combined 262144 players 95186 retained 256 seconds 6.1168346158228815
gxBQ_window_00_frame_689 pair 226 [15, 1] combined 262144 players 98094 retained 256 seconds 6.527983651962131
gxBQ_window_00_frame_689 pair 228 [15, 3] combined 262144 players 51370 retained 256 seconds 5.268144069239497
gxBQ_window_00_frame_689 pair 231 [15, 6] combined 8192 players 1764 retained 256 seconds 2.9700020411983132
gxBQ_window_00_frame_689 pair 232 [15, 7] combined 262144 players 52124 retained 256 seconds 5.220049175899476
gxBQ_window_00_frame_689 pair 233 [15, 8] combined 262144 players 100588 retained 256 seconds 6.7985182870179415
[gxBQ_window_00_frame_689] generating G1
gxBQ_window_00_frame_689 pair 0 [0, 1] combined 262144 players 93620 retained 256 seconds 4.294335664249957
gxBQ_window_00_frame_689 pair 2 [0, 3] combined 10240 players 3192 retained 256 seconds 0.5513047883287072
gxBQ_window_00_frame_689 pair 5 [0, 6] combined 0 players 0 retained 0 seconds 0.34886012272909284
gxBQ_window_00_frame_689 pair 6 [0, 7] combined 4096 players 1558 retained 256 seconds 0.45630765426903963
gxBQ_window_00_frame_689 pair 7 [0, 8] combined 262144 players 95952 retained 256 seconds 4.549800658132881
gxBQ_window_00_frame_689 pair 15 [1, 0] combined 232448 players 62460 retained 256 seconds 3.1890312721952796
gxBQ_window_00_frame_689 pair 16 [1, 2] combined 236544 players 47044 retained 256 seconds 2.4523695879615843
gxBQ_window_00_frame_689 pair 17 [1, 3] combined 26796 players 806 retained 256 seconds 0.12147825490683317
gxBQ_window_00_frame_689 pair 18 [1, 4] combined 228352 players 74158 retained 256 seconds 2.174347992055118
gxBQ_window_00_frame_689 pair 20 [1, 6] combined 0 players 0 retained 0 seconds 0.03257472300902009
gxBQ_window_00_frame_689 pair 21 [1, 7] combined 3860 players 0 retained 0 seconds 0.03183680074289441
gxBQ_window_00_frame_689 pair 23 [1, 9] combined 17272 players 628 retained 256 seconds 0.09129363484680653
gxBQ_window_00_frame_689 pair 24 [1, 10] combined 74992 players 35450 retained 256 seconds 0.8621487570926547
gxBQ_window_00_frame_689 pair 26 [1, 12] combined 231424 players 64998 retained 256 seconds 1.8659258428961039
gxBQ_window_00_frame_689 pair 27 [1, 13] combined 231424 players 59010 retained 256 seconds 1.8880009790882468
gxBQ_window_00_frame_689 pair 28 [1, 14] combined 231424 players 86434 retained 256 seconds 2.21728510921821
gxBQ_window_00_frame_689 pair 29 [1, 15] combined 231424 players 66454 retained 256 seconds 1.850755002349615
gxBQ_window_00_frame_689 pair 31 [2, 1] combined 262144 players 112796 retained 256 seconds 2.8853633729740977
gxBQ_window_00_frame_689 pair 32 [2, 3] combined 15360 players 3208 retained 256 seconds 0.17780682910233736
gxBQ_window_00_frame_689 pair 35 [2, 6] combined 0 players 0 retained 0 seconds 0.05349026620388031
gxBQ_window_00_frame_689 pair 37 [2, 8] combined 262144 players 108206 retained 256 seconds 2.825018435716629
gxBQ_window_00_frame_689 pair 45 [3, 0] combined 17408 players 5062 retained 256 seconds 0.31854897690936923
gxBQ_window_00_frame_689 pair 46 [3, 1] combined 25600 players 114 retained 56 seconds 0.08261805586516857
gxBQ_window_00_frame_689 pair 47 [3, 2] combined 18432 players 3328 retained 256 seconds 0.16321572801098228
gxBQ_window_00_frame_689 pair 48 [3, 4] combined 17408 players 4414 retained 256 seconds 0.28656049026176333
gxBQ_window_00_frame_689 pair 49 [3, 5] combined 0 players 0 retained 0 seconds 0.007375452201813459
gxBQ_window_00_frame_689 pair 52 [3, 8] combined 16384 players 646 retained 256 seconds 0.08948604390025139
gxBQ_window_00_frame_689 pair 54 [3, 10] combined 3960 players 814 retained 256 seconds 0.06447534076869488
gxBQ_window_00_frame_689 pair 55 [3, 11] combined 0 players 0 retained 0 seconds 0.007036160212010145
gxBQ_window_00_frame_689 pair 56 [3, 12] combined 17408 players 4952 retained 256 seconds 0.3134764339774847
gxBQ_window_00_frame_689 pair 57 [3, 13] combined 18432 players 5310 retained 256 seconds 0.267241348978132
gxBQ_window_00_frame_689 pair 58 [3, 14] combined 18432 players 5600 retained 256 seconds 0.2836115644313395
gxBQ_window_00_frame_689 pair 59 [3, 15] combined 17408 players 4584 retained 256 seconds 0.29402320412918925
gxBQ_window_00_frame_689 pair 61 [4, 1] combined 262144 players 111188 retained 256 seconds 2.7568008629605174
gxBQ_window_00_frame_689 pair 63 [4, 3] combined 8192 players 2552 retained 256 seconds 0.28154250979423523
gxBQ_window_00_frame_689 pair 65 [4, 6] combined 0 players 0 retained 0 seconds 0.39677951764315367
gxBQ_window_00_frame_689 pair 66 [4, 7] combined 4096 players 1252 retained 256 seconds 0.2379615269601345
gxBQ_window_00_frame_689 pair 67 [4, 8] combined 262144 players 109540 retained 256 seconds 2.6840509539470077
gxBQ_window_00_frame_689 pair 78 [5, 3] combined 0 players 0 retained 0 seconds 0.014640280045568943
gxBQ_window_00_frame_689 pair 81 [5, 7] combined 0 players 0 retained 0 seconds 0.002306691836565733
gxBQ_window_00_frame_689 pair 83 [5, 9] combined 0 players 0 retained 0 seconds 0.0032459422945976257
gxBQ_window_00_frame_689 pair 85 [5, 11] combined 0 players 0 retained 0 seconds 0.001902504824101925
gxBQ_window_00_frame_689 pair 90 [6, 0] combined 0 players 0 retained 0 seconds 0.15801703883334994
gxBQ_window_00_frame_689 pair 91 [6, 1] combined 0 players 0 retained 0 seconds 0.0198597046546638
gxBQ_window_00_frame_689 pair 92 [6, 2] combined 0 players 0 retained 0 seconds 0.03645379701629281
gxBQ_window_00_frame_689 pair 94 [6, 4] combined 0 players 0 retained 0 seconds 0.13582085678353906
gxBQ_window_00_frame_689 pair 97 [6, 8] combined 0 players 0 retained 0 seconds 0.016113754827529192
gxBQ_window_00_frame_689 pair 99 [6, 10] combined 0 players 0 retained 0 seconds 0.00787804601714015
gxBQ_window_00_frame_689 pair 100 [6, 11] combined 0 players 0 retained 0 seconds 0.001931757666170597
gxBQ_window_00_frame_689 pair 101 [6, 12] combined 0 players 0 retained 0 seconds 0.14972588513046503
gxBQ_window_00_frame_689 pair 102 [6, 13] combined 0 players 0 retained 0 seconds 0.11302976030856371
gxBQ_window_00_frame_689 pair 103 [6, 14] combined 0 players 0 retained 0 seconds 0.09989346703514457
gxBQ_window_00_frame_689 pair 104 [6, 15] combined 0 players 0 retained 0 seconds 0.1513616987504065
gxBQ_window_00_frame_689 pair 105 [7, 0] combined 8192 players 2492 retained 256 seconds 0.2375667542219162
gxBQ_window_00_frame_689 pair 106 [7, 1] combined 5120 players 0 retained 0 seconds 0.024833422619849443
gxBQ_window_00_frame_689 pair 109 [7, 4] combined 8192 players 2308 retained 256 seconds 0.2141117020510137
gxBQ_window_00_frame_689 pair 110 [7, 5] combined 0 players 0 retained 0 seconds 0.002800893969833851
gxBQ_window_00_frame_689 pair 112 [7, 8] combined 2048 players 0 retained 0 seconds 0.017611466348171234
gxBQ_window_00_frame_689 pair 114 [7, 10] combined 2112 players 760 retained 256 seconds 0.05205625295639038
gxBQ_window_00_frame_689 pair 115 [7, 11] combined 0 players 0 retained 0 seconds 0.0028975699096918106
gxBQ_window_00_frame_689 pair 116 [7, 12] combined 8192 players 2264 retained 256 seconds 0.2260998049750924
gxBQ_window_00_frame_689 pair 117 [7, 13] combined 8192 players 2212 retained 256 seconds 0.19511059997603297
gxBQ_window_00_frame_689 pair 118 [7, 14] combined 8192 players 2762 retained 256 seconds 0.24130992498248816
gxBQ_window_00_frame_689 pair 119 [7, 15] combined 8192 players 2374 retained 256 seconds 0.23214951204136014
gxBQ_window_00_frame_689 pair 120 [8, 0] combined 144384 players 36996 retained 256 seconds 1.3403305588290095
gxBQ_window_00_frame_689 pair 122 [8, 2] combined 147456 players 30025 retained 256 seconds 0.9121349179185927
gxBQ_window_00_frame_689 pair 123 [8, 3] combined 16000 players 870 retained 256 seconds 0.09503494389355183
gxBQ_window_00_frame_689 pair 124 [8, 4] combined 146432 players 44780 retained 256 seconds 1.2345087928697467
gxBQ_window_00_frame_689 pair 126 [8, 6] combined 0 players 0 retained 0 seconds 0.023626500740647316
gxBQ_window_00_frame_689 pair 127 [8, 7] combined 2860 players 0 retained 0 seconds 0.02458916697651148
gxBQ_window_00_frame_689 pair 128 [8, 9] combined 22500 players 1076 retained 256 seconds 0.10288303531706333
gxBQ_window_00_frame_689 pair 129 [8, 10] combined 45188 players 21288 retained 256 seconds 0.5323849003762007
gxBQ_window_00_frame_689 pair 131 [8, 12] combined 144384 players 41006 retained 256 seconds 1.237842149566859
gxBQ_window_00_frame_689 pair 132 [8, 13] combined 144384 players 32386 retained 256 seconds 1.0566283739171922
gxBQ_window_00_frame_689 pair 133 [8, 14] combined 144384 players 53368 retained 256 seconds 1.7270611003041267
gxBQ_window_00_frame_689 pair 134 [8, 15] combined 147456 players 41740 retained 256 seconds 1.2968510300852358
gxBQ_window_00_frame_689 pair 136 [9, 1] combined 31744 players 1406 retained 256 seconds 0.128542086109519
gxBQ_window_00_frame_689 pair 140 [9, 5] combined 0 players 0 retained 0 seconds 0.004278753884136677
gxBQ_window_00_frame_689 pair 143 [9, 8] combined 20592 players 1112 retained 256 seconds 0.0991634028032422
gxBQ_window_00_frame_689 pair 145 [9, 11] combined 120 players 0 retained 0 seconds 0.0051733520813286304
gxBQ_window_00_frame_689 pair 151 [10, 1] combined 23552 players 7546 retained 256 seconds 0.24342450592666864
gxBQ_window_00_frame_689 pair 153 [10, 3] combined 4664 players 884 retained 256 seconds 0.0690077361650765
gxBQ_window_00_frame_689 pair 156 [10, 6] combined 0 players 0 retained 0 seconds 0.012278261594474316
gxBQ_window_00_frame_689 pair 157 [10, 7] combined 528 players 192 retained 84 seconds 0.031021758913993835
gxBQ_window_00_frame_689 pair 158 [10, 8] combined 25600 players 8086 retained 256 seconds 0.25118069676682353
gxBQ_window_00_frame_689 pair 168 [11, 3] combined 0 players 0 retained 0 seconds 0.006788831669837236
gxBQ_window_00_frame_689 pair 170 [11, 5] combined 0 players 0 retained 0 seconds 0.0020468388684093952
gxBQ_window_00_frame_689 pair 171 [11, 6] combined 0 players 0 retained 0 seconds 0.0019207601435482502
gxBQ_window_00_frame_689 pair 172 [11, 7] combined 0 players 0 retained 0 seconds 0.0022899722680449486
gxBQ_window_00_frame_689 pair 174 [11, 9] combined 280 players 0 retained 0 seconds 0.0039146216586232185
gxBQ_window_00_frame_689 pair 181 [12, 1] combined 262144 players 105078 retained 256 seconds 2.824095420073718
gxBQ_window_00_frame_689 pair 183 [12, 3] combined 8192 players 2808 retained 256 seconds 0.3146693231537938
gxBQ_window_00_frame_689 pair 186 [12, 6] combined 0 players 0 retained 0 seconds 0.2185309729538858
gxBQ_window_00_frame_689 pair 187 [12, 7] combined 4096 players 1296 retained 256 seconds 0.26816208893433213
gxBQ_window_00_frame_689 pair 188 [12, 8] combined 262144 players 95568 retained 256 seconds 2.7531081750057638
gxBQ_window_00_frame_689 pair 196 [13, 1] combined 262144 players 109140 retained 256 seconds 2.7698398353531957
gxBQ_window_00_frame_689 pair 198 [13, 3] combined 10240 players 3470 retained 256 seconds 0.27828046306967735
gxBQ_window_00_frame_689 pair 201 [13, 6] combined 0 players 0 retained 0 seconds 0.1646066908724606
gxBQ_window_00_frame_689 pair 202 [13, 7] combined 4096 players 1402 retained 256 seconds 0.2179613308981061
gxBQ_window_00_frame_689 pair 203 [13, 8] combined 262144 players 107526 retained 256 seconds 2.953855806030333
gxBQ_window_00_frame_689 pair 211 [14, 1] combined 262144 players 108856 retained 256 seconds 2.6218360159546137
gxBQ_window_00_frame_689 pair 213 [14, 3] combined 10240 players 2726 retained 256 seconds 0.25395501079037786
gxBQ_window_00_frame_689 pair 216 [14, 6] combined 0 players 0 retained 0 seconds 0.18415342085063457
gxBQ_window_00_frame_689 pair 217 [14, 7] combined 4096 players 1450 retained 256 seconds 0.2029651291668415
gxBQ_window_00_frame_689 pair 218 [14, 8] combined 262144 players 105554 retained 256 seconds 2.654183482285589
gxBQ_window_00_frame_689 pair 226 [15, 1] combined 262144 players 107766 retained 256 seconds 2.955290673300624
gxBQ_window_00_frame_689 pair 228 [15, 3] combined 8192 players 2572 retained 256 seconds 0.2878006217069924
gxBQ_window_00_frame_689 pair 231 [15, 6] combined 0 players 0 retained 0 seconds 0.21277421712875366
gxBQ_window_00_frame_689 pair 232 [15, 7] combined 4096 players 1342 retained 256 seconds 0.2617844589985907
gxBQ_window_00_frame_689 pair 233 [15, 8] combined 262144 players 102634 retained 256 seconds 2.5946763791143894
[gxBQ_window_00_frame_689 +0s] loading view and candidate populations
[gxBQ_window_00_frame_689] line-template: preparing rectangles
[gxBQ_window_00_frame_689 +14s] measuring 768 parents (G0=256, G1=256, line_template=256; conflicting geometry groups=0)
[gxBQ_window_00_frame_689 +37s] parents 250/768
[gxBQ_window_00_frame_689 +56s] parents 500/768
[gxBQ_window_00_frame_689 +73s] parents 750/768
[gxBQ_window_00_frame_689 +74s] refitting 768 parents
[gxBQ_window_00_frame_689 +100s] refits 250/768; valid children=247
[gxBQ_window_00_frame_689 +120s] refits 500/768; valid children=485
[gxBQ_window_00_frame_689 +141s] refits 750/768; valid children=695
[gxBQ_window_00_frame_689 +143s] ranking sensitivity thresholds
[gxBQ_window_00_frame_689 +143s] saving evidence and arrays
[gxBQ_window_00_frame_689 +170s] saved
{"case_id": "gxBQ_window_00_frame_689", "direction_budget": 16, "run_wall_s": 629.9520999123342, "phases_s": {"prepare_view": 1.755307526793331, "populations": 446.14713498204947, "w5_record": 170.14870045520365, "net_choice": 2.2044714870862663, "stripe_polarity_refit": 3.112695385236293}, "bounded": "line_template:rectangle_59439:template_10/child"}
