[shuttleset_03_scene_0023] generating G0
shuttleset_03_scene_0023 pair 0 [0, 1] combined 262144 players 58530 retained 256 seconds 3.846983606927097
shuttleset_03_scene_0023 pair 1 [0, 2] combined 262144 players 60684 retained 256 seconds 3.7868257532827556
shuttleset_03_scene_0023 pair 4 [0, 5] combined 262144 players 47066 retained 256 seconds 3.401671342086047
shuttleset_03_scene_0023 pair 5 [0, 6] combined 116736 players 12394 retained 256 seconds 1.672872785013169
shuttleset_03_scene_0023 pair 7 [0, 8] combined 262144 players 46602 retained 256 seconds 3.307947127148509
shuttleset_03_scene_0023 pair 11 [0, 12] combined 262144 players 68078 retained 256 seconds 3.857883240096271
shuttleset_03_scene_0023 pair 12 [0, 13] combined 231424 players 22834 retained 256 seconds 2.3357464969158173
shuttleset_03_scene_0023 pair 13 [0, 14] combined 65536 players 5694 retained 256 seconds 1.3271210971288383
shuttleset_03_scene_0023 pair 15 [1, 0] combined 262144 players 67578 retained 256 seconds 3.891321649774909
shuttleset_03_scene_0023 pair 16 [1, 2] combined 262144 players 7974 retained 256 seconds 1.4573733839206398
shuttleset_03_scene_0023 pair 17 [1, 3] combined 262144 players 82372 retained 256 seconds 3.87808892223984
shuttleset_03_scene_0023 pair 20 [1, 6] combined 72704 players 19058 retained 256 seconds 1.240865830797702
shuttleset_03_scene_0023 pair 21 [1, 7] combined 116736 players 31482 retained 256 seconds 1.6398904328234494
shuttleset_03_scene_0023 pair 26 [1, 12] combined 262144 players 64728 retained 256 seconds 3.206754425074905
shuttleset_03_scene_0023 pair 27 [1, 13] combined 144384 players 14838 retained 256 seconds 1.2814150350168347
shuttleset_03_scene_0023 pair 30 [2, 0] combined 262144 players 76390 retained 256 seconds 4.0689712530002
shuttleset_03_scene_0023 pair 31 [2, 1] combined 262144 players 8092 retained 256 seconds 1.3305528620257974
shuttleset_03_scene_0023 pair 32 [2, 3] combined 262144 players 84368 retained 256 seconds 3.7609940744005144
shuttleset_03_scene_0023 pair 33 [2, 4] combined 262144 players 324 retained 162 seconds 1.0272999652661383
shuttleset_03_scene_0023 pair 34 [2, 5] combined 262144 players 7994 retained 256 seconds 1.218304742127657
shuttleset_03_scene_0023 pair 37 [2, 8] combined 262144 players 8558 retained 256 seconds 1.228393284138292
shuttleset_03_scene_0023 pair 39 [2, 10] combined 36864 players 912 retained 256 seconds 0.2962480979040265
shuttleset_03_scene_0023 pair 43 [2, 14] combined 130048 players 3780 retained 256 seconds 0.6514595369808376
shuttleset_03_scene_0023 pair 44 [2, 15] combined 100352 players 11698 retained 256 seconds 0.8585864356718957
shuttleset_03_scene_0023 pair 46 [3, 1] combined 262144 players 82638 retained 256 seconds 3.9491794668138027
shuttleset_03_scene_0023 pair 47 [3, 2] combined 262144 players 77134 retained 256 seconds 3.445724604651332
shuttleset_03_scene_0023 pair 48 [3, 4] combined 197632 players 66818 retained 256 seconds 3.12302485993132
shuttleset_03_scene_0023 pair 49 [3, 5] combined 262144 players 68216 retained 256 seconds 3.2816707948222756
shuttleset_03_scene_0023 pair 51 [3, 7] combined 187392 players 35660 retained 256 seconds 2.0107951117679477
shuttleset_03_scene_0023 pair 52 [3, 8] combined 262144 players 71402 retained 256 seconds 3.475239899009466
shuttleset_03_scene_0023 pair 53 [3, 9] combined 253952 players 44084 retained 256 seconds 2.577705495990813
shuttleset_03_scene_0023 pair 54 [3, 10] combined 9216 players 3020 retained 256 seconds 0.30528269382193685
shuttleset_03_scene_0023 pair 55 [3, 11] combined 239616 players 32938 retained 256 seconds 2.0450718482024968
shuttleset_03_scene_0023 pair 57 [3, 13] combined 132096 players 15832 retained 256 seconds 1.1499747326597571
shuttleset_03_scene_0023 pair 58 [3, 14] combined 72704 players 12290 retained 256 seconds 0.7744837743230164
shuttleset_03_scene_0023 pair 62 [4, 2] combined 262144 players 10302 retained 256 seconds 1.2963138511404395
shuttleset_03_scene_0023 pair 63 [4, 3] combined 262144 players 90932 retained 256 seconds 4.081325895152986
shuttleset_03_scene_0023 pair 65 [4, 6] combined 90112 players 4252 retained 256 seconds 0.5434856018982828
shuttleset_03_scene_0023 pair 70 [4, 11] combined 130048 players 12656 retained 256 seconds 0.9297439279034734
shuttleset_03_scene_0023 pair 71 [4, 12] combined 262144 players 6894 retained 256 seconds 1.1346959779039025
shuttleset_03_scene_0023 pair 72 [4, 13] combined 132840 players 5442 retained 256 seconds 0.6899613607674837
shuttleset_03_scene_0023 pair 75 [5, 0] combined 262144 players 58726 retained 256 seconds 3.4193643061444163
shuttleset_03_scene_0023 pair 77 [5, 2] combined 262144 players 4214 retained 256 seconds 1.1173791359178722
shuttleset_03_scene_0023 pair 78 [5, 3] combined 262144 players 73770 retained 256 seconds 3.5618381001986563
shuttleset_03_scene_0023 pair 80 [5, 6] combined 78848 players 22964 retained 256 seconds 1.1634463253431022
shuttleset_03_scene_0023 pair 81 [5, 7] combined 126976 players 31198 retained 256 seconds 1.6702799941413105
shuttleset_03_scene_0023 pair 86 [5, 12] combined 262144 players 55870 retained 256 seconds 2.7046361570246518
shuttleset_03_scene_0023 pair 87 [5, 13] combined 124928 players 17336 retained 256 seconds 1.0920117287896574
shuttleset_03_scene_0023 pair 90 [6, 0] combined 132096 players 5032 retained 256 seconds 1.1801661406643689
shuttleset_03_scene_0023 pair 91 [6, 1] combined 101376 players 23682 retained 256 seconds 1.4559863843023777
shuttleset_03_scene_0023 pair 94 [6, 4] combined 124928 players 8586 retained 256 seconds 0.7725902190431952
shuttleset_03_scene_0023 pair 95 [6, 5] combined 103424 players 16462 retained 256 seconds 1.0025354498066008
shuttleset_03_scene_0023 pair 96 [6, 7] combined 76440 players 1430 retained 256 seconds 0.34899881994351745
shuttleset_03_scene_0023 pair 97 [6, 8] combined 100352 players 8574 retained 256 seconds 0.691830815281719
shuttleset_03_scene_0023 pair 98 [6, 9] combined 124928 players 2982 retained 256 seconds 0.556367474142462
shuttleset_03_scene_0023 pair 99 [6, 10] combined 4896 players 212 retained 106 seconds 0.0855592810548842
shuttleset_03_scene_0023 pair 103 [6, 14] combined 26288 players 1946 retained 256 seconds 0.22479433985427022
shuttleset_03_scene_0023 pair 106 [7, 1] combined 154624 players 51338 retained 256 seconds 2.6080305632203817
shuttleset_03_scene_0023 pair 108 [7, 3] combined 189440 players 9478 retained 256 seconds 0.9949294170364738
shuttleset_03_scene_0023 pair 110 [7, 5] combined 155648 players 40154 retained 256 seconds 2.0056431158445776
shuttleset_03_scene_0023 pair 111 [7, 6] combined 81024 players 606 retained 256 seconds 0.34229924716055393
shuttleset_03_scene_0023 pair 112 [7, 8] combined 154624 players 37906 retained 256 seconds 2.006538101937622
shuttleset_03_scene_0023 pair 116 [7, 12] combined 231424 players 2440 retained 256 seconds 0.8548863050527871
shuttleset_03_scene_0023 pair 119 [7, 15] combined 53848 players 276 retained 137 seconds 0.24199118465185165
shuttleset_03_scene_0023 pair 120 [8, 0] combined 262144 players 52014 retained 256 seconds 3.064245539251715
shuttleset_03_scene_0023 pair 122 [8, 2] combined 262144 players 1972 retained 256 seconds 1.0170411481522024
shuttleset_03_scene_0023 pair 123 [8, 3] combined 262144 players 63122 retained 256 seconds 3.2039393722079694
shuttleset_03_scene_0023 pair 126 [8, 6] combined 92160 players 15098 retained 256 seconds 0.9087291709147394
shuttleset_03_scene_0023 pair 127 [8, 7] combined 130048 players 28554 retained 256 seconds 1.4730444480665028
shuttleset_03_scene_0023 pair 130 [8, 11] combined 262144 players 200 retained 100 seconds 0.9136788598261774
shuttleset_03_scene_0023 pair 131 [8, 12] combined 262144 players 19612 retained 256 seconds 1.7164961770176888
shuttleset_03_scene_0023 pair 132 [8, 13] combined 143360 players 15236 retained 256 seconds 1.0805895109660923
shuttleset_03_scene_0023 pair 138 [9, 3] combined 194560 players 28736 retained 256 seconds 1.643050983082503
shuttleset_03_scene_0023 pair 141 [9, 6] combined 100352 players 3214 retained 256 seconds 0.48907034005969763
shuttleset_03_scene_0023 pair 145 [9, 11] combined 262144 players 52976 retained 256 seconds 2.691218491178006
shuttleset_03_scene_0023 pair 146 [9, 12] combined 262144 players 10302 retained 256 seconds 1.3821335691027343
shuttleset_03_scene_0023 pair 149 [9, 15] combined 139264 players 7054 retained 256 seconds 0.7664145841263235
shuttleset_03_scene_0023 pair 152 [10, 2] combined 50176 players 940 retained 256 seconds 0.3052724418230355
shuttleset_03_scene_0023 pair 153 [10, 3] combined 23552 players 7632 retained 256 seconds 0.45551568921655416
shuttleset_03_scene_0023 pair 156 [10, 6] combined 7104 players 1042 retained 256 seconds 0.1343101649545133
shuttleset_03_scene_0023 pair 161 [10, 12] combined 34816 players 2692 retained 256 seconds 0.2755301361903548
shuttleset_03_scene_0023 pair 162 [10, 13] combined 10440 players 680 retained 256 seconds 0.1319383680820465
shuttleset_03_scene_0023 pair 164 [10, 15] combined 14616 players 4260 retained 256 seconds 0.2833880400285125
shuttleset_03_scene_0023 pair 168 [11, 3] combined 131072 players 46608 retained 256 seconds 2.1302616489119828
shuttleset_03_scene_0023 pair 169 [11, 4] combined 152576 players 5550 retained 256 seconds 0.7545445221476257
shuttleset_03_scene_0023 pair 173 [11, 8] combined 186368 players 2564 retained 256 seconds 0.7637902908027172
shuttleset_03_scene_0023 pair 174 [11, 9] combined 164864 players 36322 retained 256 seconds 1.9685555640608072
shuttleset_03_scene_0023 pair 178 [11, 14] combined 51840 players 876 retained 256 seconds 0.30203737085685134
shuttleset_03_scene_0023 pair 179 [11, 15] combined 69936 players 19888 retained 256 seconds 0.9742383500561118
shuttleset_03_scene_0023 pair 180 [12, 0] combined 226304 players 6300 retained 256 seconds 1.496062211226672
shuttleset_03_scene_0023 pair 181 [12, 1] combined 262144 players 46120 retained 256 seconds 2.5777212460525334
shuttleset_03_scene_0023 pair 184 [12, 4] combined 262144 players 10098 retained 256 seconds 1.2531075696460903
shuttleset_03_scene_0023 pair 185 [12, 5] combined 262144 players 27966 retained 256 seconds 1.9383699758909643
shuttleset_03_scene_0023 pair 187 [12, 7] combined 173280 players 3026 retained 256 seconds 0.8498992640525103
shuttleset_03_scene_0023 pair 188 [12, 8] combined 262144 players 9058 retained 256 seconds 1.2003777585923672
shuttleset_03_scene_0023 pair 189 [12, 9] combined 262144 players 9148 retained 256 seconds 1.1690273638814688
shuttleset_03_scene_0023 pair 190 [12, 10] combined 19456 players 2188 retained 256 seconds 0.23426416795700788
shuttleset_03_scene_0023 pair 195 [13, 0] combined 247808 players 10730 retained 256 seconds 1.7292998558841646
shuttleset_03_scene_0023 pair 196 [13, 1] combined 88064 players 5572 retained 256 seconds 0.6973461639136076
shuttleset_03_scene_0023 pair 198 [13, 3] combined 217088 players 14296 retained 256 seconds 1.2639209013432264
shuttleset_03_scene_0023 pair 199 [13, 4] combined 105472 players 1932 retained 256 seconds 0.48714643623679876
shuttleset_03_scene_0023 pair 200 [13, 5] combined 94208 players 6094 retained 256 seconds 0.600254638120532
shuttleset_03_scene_0023 pair 203 [13, 8] combined 100352 players 7920 retained 256 seconds 0.6443446977064013
shuttleset_03_scene_0023 pair 205 [13, 10] combined 9152 players 550 retained 240 seconds 0.1238598027266562
shuttleset_03_scene_0023 pair 208 [13, 14] combined 30284 players 1394 retained 256 seconds 0.2208906803280115
shuttleset_03_scene_0023 pair 209 [13, 15] combined 95904 players 712 retained 256 seconds 0.38973149890080094
shuttleset_03_scene_0023 pair 210 [14, 0] combined 106496 players 20994 retained 256 seconds 1.5184283847920597
shuttleset_03_scene_0023 pair 212 [14, 2] combined 116736 players 1282 retained 256 seconds 0.5082156280986965
shuttleset_03_scene_0023 pair 213 [14, 3] combined 114688 players 26980 retained 256 seconds 1.5153286680579185
shuttleset_03_scene_0023 pair 216 [14, 6] combined 23408 players 3176 retained 256 seconds 0.26491754222661257
shuttleset_03_scene_0023 pair 221 [14, 11] combined 133980 players 128 retained 64 seconds 0.4785357741639018
shuttleset_03_scene_0023 pair 223 [14, 13] combined 67500 players 8284 retained 256 seconds 0.546343004796654
shuttleset_03_scene_0023 pair 227 [15, 2] combined 140288 players 44368 retained 256 seconds 2.114872527308762
shuttleset_03_scene_0023 pair 232 [15, 7] combined 89280 players 356 retained 178 seconds 0.36462720995768905
shuttleset_03_scene_0023 pair 234 [15, 9] combined 114688 players 3050 retained 256 seconds 0.5496256328187883
shuttleset_03_scene_0023 pair 235 [15, 10] combined 6116 players 2336 retained 256 seconds 0.19384427089244127
shuttleset_03_scene_0023 pair 236 [15, 11] combined 122388 players 16608 retained 256 seconds 0.9006467177532613
shuttleset_03_scene_0023 pair 238 [15, 13] combined 77672 players 784 retained 256 seconds 0.20263239368796349
[shuttleset_03_scene_0023] generating G1
shuttleset_03_scene_0023 pair 0 [0, 1] combined 262144 players 48668 retained 256 seconds 2.1761823422275484
shuttleset_03_scene_0023 pair 1 [0, 2] combined 161792 players 34164 retained 256 seconds 1.4720545788295567
shuttleset_03_scene_0023 pair 4 [0, 5] combined 33792 players 6290 retained 256 seconds 0.7107973657548428
shuttleset_03_scene_0023 pair 5 [0, 6] combined 64512 players 7372 retained 256 seconds 0.7481084149330854
shuttleset_03_scene_0023 pair 7 [0, 8] combined 48128 players 8628 retained 256 seconds 0.740865389816463
shuttleset_03_scene_0023 pair 11 [0, 12] combined 195584 players 39442 retained 256 seconds 1.5701345168054104
shuttleset_03_scene_0023 pair 12 [0, 13] combined 15360 players 2226 retained 256 seconds 0.5343858129344881
shuttleset_03_scene_0023 pair 13 [0, 14] combined 6144 players 760 retained 256 seconds 0.49290890712291
shuttleset_03_scene_0023 pair 15 [1, 0] combined 262144 players 53696 retained 256 seconds 2.1196093228645623
shuttleset_03_scene_0023 pair 16 [1, 2] combined 262144 players 6568 retained 256 seconds 0.6860686717554927
shuttleset_03_scene_0023 pair 17 [1, 3] combined 262144 players 67982 retained 256 seconds 1.909785068128258
shuttleset_03_scene_0023 pair 20 [1, 6] combined 43008 players 7728 retained 256 seconds 0.32513078209012747
shuttleset_03_scene_0023 pair 21 [1, 7] combined 4096 players 1618 retained 256 seconds 0.12743663787841797
shuttleset_03_scene_0023 pair 26 [1, 12] combined 137216 players 30414 retained 256 seconds 0.9256017301231623
shuttleset_03_scene_0023 pair 27 [1, 13] combined 2048 players 288 retained 132 seconds 0.08671618765220046
shuttleset_03_scene_0023 pair 30 [2, 0] combined 245760 players 59366 retained 256 seconds 1.912495229858905
shuttleset_03_scene_0023 pair 31 [2, 1] combined 210944 players 6494 retained 256 seconds 0.7848976920358837
shuttleset_03_scene_0023 pair 32 [2, 3] combined 247808 players 69216 retained 256 seconds 1.9046115092933178
shuttleset_03_scene_0023 pair 33 [2, 4] combined 2048 players 26 retained 13 seconds 0.06055140681564808
shuttleset_03_scene_0023 pair 34 [2, 5] combined 59392 players 1970 retained 256 seconds 0.1985293049365282
shuttleset_03_scene_0023 pair 37 [2, 8] combined 72000 players 2182 retained 256 seconds 0.2169291479513049
shuttleset_03_scene_0023 pair 39 [2, 10] combined 12288 players 0 retained 0 seconds 0.055227849166840315
shuttleset_03_scene_0023 pair 43 [2, 14] combined 18468 players 894 retained 256 seconds 0.10494152223691344
shuttleset_03_scene_0023 pair 44 [2, 15] combined 17388 players 1366 retained 256 seconds 0.12264716112986207
shuttleset_03_scene_0023 pair 46 [3, 1] combined 262144 players 56764 retained 256 seconds 1.6388478563167155
shuttleset_03_scene_0023 pair 47 [3, 2] combined 163840 players 34632 retained 256 seconds 1.0199038879945874
shuttleset_03_scene_0023 pair 48 [3, 4] combined 5120 players 1786 retained 256 seconds 0.11178914783522487
shuttleset_03_scene_0023 pair 49 [3, 5] combined 30720 players 6296 retained 256 seconds 0.4544800310395658
shuttleset_03_scene_0023 pair 51 [3, 7] combined 17272 players 6234 retained 256 seconds 0.21098551899194717
shuttleset_03_scene_0023 pair 52 [3, 8] combined 47104 players 10456 retained 256 seconds 0.3690914842300117
shuttleset_03_scene_0023 pair 53 [3, 9] combined 19456 players 7096 retained 256 seconds 0.2326058428734541
shuttleset_03_scene_0023 pair 54 [3, 10] combined 5120 players 934 retained 256 seconds 0.0973259317688644
shuttleset_03_scene_0023 pair 55 [3, 11] combined 14336 players 1664 retained 256 seconds 0.12741923704743385
shuttleset_03_scene_0023 pair 57 [3, 13] combined 9216 players 1000 retained 256 seconds 0.0979689946398139
shuttleset_03_scene_0023 pair 58 [3, 14] combined 6144 players 1236 retained 256 seconds 0.09995304420590401
shuttleset_03_scene_0023 pair 62 [4, 2] combined 7240 players 682 retained 256 seconds 0.07468803878873587
shuttleset_03_scene_0023 pair 63 [4, 3] combined 4096 players 1368 retained 256 seconds 0.08706604829058051
shuttleset_03_scene_0023 pair 65 [4, 6] combined 1372 players 0 retained 0 seconds 0.015097383875399828
shuttleset_03_scene_0023 pair 70 [4, 11] combined 720 players 140 retained 70 seconds 0.028884961735457182
shuttleset_03_scene_0023 pair 71 [4, 12] combined 7680 players 0 retained 0 seconds 0.02739123022183776
shuttleset_03_scene_0023 pair 72 [4, 13] combined 32 players 4 retained 2 seconds 0.017725050915032625
shuttleset_03_scene_0023 pair 75 [5, 0] combined 53248 players 10004 retained 256 seconds 0.5927735320292413
shuttleset_03_scene_0023 pair 77 [5, 2] combined 94208 players 496 retained 248 seconds 0.22838082909584045
shuttleset_03_scene_0023 pair 78 [5, 3] combined 52224 players 13826 retained 256 seconds 0.42643361585214734
shuttleset_03_scene_0023 pair 80 [5, 6] combined 6768 players 1436 retained 256 seconds 0.10378780774772167
shuttleset_03_scene_0023 pair 81 [5, 7] combined 980 players 354 retained 177 seconds 0.044189440086483955
shuttleset_03_scene_0023 pair 86 [5, 12] combined 27776 players 6660 retained 256 seconds 0.22705138102173805
shuttleset_03_scene_0023 pair 87 [5, 13] combined 448 players 112 retained 54 seconds 0.03207761002704501
shuttleset_03_scene_0023 pair 90 [6, 0] combined 78848 players 2402 retained 256 seconds 0.49155454197898507
shuttleset_03_scene_0023 pair 91 [6, 1] combined 61440 players 11982 retained 256 seconds 0.4021211601793766
shuttleset_03_scene_0023 pair 94 [6, 4] combined 1708 players 0 retained 0 seconds 0.018160041887313128
shuttleset_03_scene_0023 pair 95 [6, 5] combined 7812 players 1258 retained 256 seconds 0.07963571324944496
shuttleset_03_scene_0023 pair 96 [6, 7] combined 5236 players 40 retained 20 seconds 0.036669488064944744
shuttleset_03_scene_0023 pair 97 [6, 8] combined 13632 players 2290 retained 256 seconds 0.11248353309929371
shuttleset_03_scene_0023 pair 98 [6, 9] combined 5700 players 184 retained 91 seconds 0.044950267765671015
shuttleset_03_scene_0023 pair 99 [6, 10] combined 2072 players 0 retained 0 seconds 0.01998529676347971
shuttleset_03_scene_0023 pair 103 [6, 14] combined 1800 players 122 retained 55 seconds 0.034891990944743156
shuttleset_03_scene_0023 pair 106 [7, 1] combined 2048 players 616 retained 256 seconds 0.08319521090015769
shuttleset_03_scene_0023 pair 108 [7, 3] combined 6144 players 0 retained 0 seconds 0.0376339890062809
shuttleset_03_scene_0023 pair 110 [7, 5] combined 240 players 80 retained 40 seconds 0.025440992787480354
shuttleset_03_scene_0023 pair 111 [7, 6] combined 4636 players 16 retained 7 seconds 0.03170874388888478
shuttleset_03_scene_0023 pair 112 [7, 8] combined 344 players 114 retained 55 seconds 0.027384075801819563
shuttleset_03_scene_0023 pair 116 [7, 12] combined 16700 players 144 retained 72 seconds 0.05738838715478778
shuttleset_03_scene_0023 pair 119 [7, 15] combined 2100 players 0 retained 0 seconds 0.01635163091123104
shuttleset_03_scene_0023 pair 120 [8, 0] combined 80896 players 15506 retained 256 seconds 0.7778456811793149
shuttleset_03_scene_0023 pair 122 [8, 2] combined 74752 players 522 retained 256 seconds 0.20161922788247466
shuttleset_03_scene_0023 pair 123 [8, 3] combined 84992 players 19390 retained 256 seconds 0.799942493904382
shuttleset_03_scene_0023 pair 126 [8, 6] combined 13720 players 1526 retained 256 seconds 0.10448100371286273
shuttleset_03_scene_0023 pair 127 [8, 7] combined 828 players 318 retained 159 seconds 0.04299492668360472
shuttleset_03_scene_0023 pair 130 [8, 11] combined 13872 players 0 retained 0 seconds 0.04394688876345754
shuttleset_03_scene_0023 pair 131 [8, 12] combined 39872 players 3614 retained 256 seconds 0.18104415014386177
shuttleset_03_scene_0023 pair 132 [8, 13] combined 1140 players 242 retained 121 seconds 0.038362608291208744
shuttleset_03_scene_0023 pair 138 [9, 3] combined 14336 players 2942 retained 256 seconds 0.1316246041096747
shuttleset_03_scene_0023 pair 141 [9, 6] combined 7904 players 110 retained 55 seconds 0.04143728828057647
shuttleset_03_scene_0023 pair 145 [9, 11] combined 7448 players 2426 retained 256 seconds 0.09957153303548694
shuttleset_03_scene_0023 pair 146 [9, 12] combined 19832 players 594 retained 256 seconds 0.08388742990791798
shuttleset_03_scene_0023 pair 149 [9, 15] combined 4600 players 92 retained 46 seconds 0.03632917534559965
shuttleset_03_scene_0023 pair 152 [10, 2] combined 8496 players 0 retained 0 seconds 0.039200042840093374
shuttleset_03_scene_0023 pair 153 [10, 3] combined 5120 players 1362 retained 256 seconds 0.09062320832163095
shuttleset_03_scene_0023 pair 156 [10, 6] combined 1376 players 48 retained 24 seconds 0.028455419931560755
shuttleset_03_scene_0023 pair 161 [10, 12] combined 3668 players 80 retained 40 seconds 0.03620489779859781
shuttleset_03_scene_0023 pair 162 [10, 13] combined 0 players 0 retained 0 seconds 0.008098389022052288
shuttleset_03_scene_0023 pair 164 [10, 15] combined 2444 players 794 retained 256 seconds 0.06504378002136946
shuttleset_03_scene_0023 pair 168 [11, 3] combined 16384 players 5538 retained 256 seconds 0.2235720492899418
shuttleset_03_scene_0023 pair 169 [11, 4] combined 344 players 0 retained 0 seconds 0.015397180803120136
shuttleset_03_scene_0023 pair 173 [11, 8] combined 4452 players 72 retained 36 seconds 0.038065232802182436
shuttleset_03_scene_0023 pair 174 [11, 9] combined 4400 players 1482 retained 256 seconds 0.0719793476164341
shuttleset_03_scene_0023 pair 178 [11, 14] combined 840 players 52 retained 26 seconds 0.02862837305292487
shuttleset_03_scene_0023 pair 179 [11, 15] combined 2400 players 742 retained 256 seconds 0.06736525008454919
shuttleset_03_scene_0023 pair 180 [12, 0] combined 132096 players 4618 retained 256 seconds 0.6230923202820122
shuttleset_03_scene_0023 pair 181 [12, 1] combined 148480 players 22876 retained 256 seconds 0.7897556149400771
shuttleset_03_scene_0023 pair 184 [12, 4] combined 3792 players 148 retained 74 seconds 0.04406715091317892
shuttleset_03_scene_0023 pair 185 [12, 5] combined 18476 players 4412 retained 256 seconds 0.17100259009748697
shuttleset_03_scene_0023 pair 187 [12, 7] combined 4984 players 32 retained 16 seconds 0.036895109340548515
shuttleset_03_scene_0023 pair 188 [12, 8] combined 36540 players 1588 retained 256 seconds 0.13049011584371328
shuttleset_03_scene_0023 pair 189 [12, 9] combined 12400 players 568 retained 256 seconds 0.07184641202911735
shuttleset_03_scene_0023 pair 190 [12, 10] combined 1208 players 0 retained 0 seconds 0.021431473083794117
shuttleset_03_scene_0023 pair 195 [13, 0] combined 8192 players 0 retained 0 seconds 0.2995339101180434
shuttleset_03_scene_0023 pair 196 [13, 1] combined 3072 players 536 retained 256 seconds 0.10630428744480014
shuttleset_03_scene_0023 pair 198 [13, 3] combined 15360 players 1546 retained 256 seconds 0.1084368103183806
shuttleset_03_scene_0023 pair 199 [13, 4] combined 24 players 12 retained 6 seconds 0.01797817787155509
shuttleset_03_scene_0023 pair 200 [13, 5] combined 360 players 44 retained 22 seconds 0.02450623596087098
shuttleset_03_scene_0023 pair 203 [13, 8] combined 516 players 110 retained 52 seconds 0.02732659876346588
shuttleset_03_scene_0023 pair 205 [13, 10] combined 0 players 0 retained 0 seconds 0.006949619855731726
shuttleset_03_scene_0023 pair 208 [13, 14] combined 96 players 16 retained 8 seconds 0.017779197078198195
shuttleset_03_scene_0023 pair 209 [13, 15] combined 864 players 0 retained 0 seconds 0.014319675974547863
shuttleset_03_scene_0023 pair 210 [14, 0] combined 17408 players 3088 retained 256 seconds 0.40007297322154045
shuttleset_03_scene_0023 pair 212 [14, 2] combined 13312 players 244 retained 122 seconds 0.06715984269976616
shuttleset_03_scene_0023 pair 213 [14, 3] combined 14336 players 3158 retained 256 seconds 0.13100042566657066
shuttleset_03_scene_0023 pair 216 [14, 6] combined 1204 players 142 retained 71 seconds 0.03235037578269839
shuttleset_03_scene_0023 pair 221 [14, 11] combined 1768 players 0 retained 0 seconds 0.01515720784664154
shuttleset_03_scene_0023 pair 223 [14, 13] combined 460 players 154 retained 76 seconds 0.025599393993616104
shuttleset_03_scene_0023 pair 227 [15, 2] combined 22876 players 7662 retained 256 seconds 0.25497045600786805
shuttleset_03_scene_0023 pair 232 [15, 7] combined 1000 players 0 retained 0 seconds 0.02122501004487276
shuttleset_03_scene_0023 pair 234 [15, 9] combined 2176 players 6 retained 3 seconds 0.03294342989102006
shuttleset_03_scene_0023 pair 235 [15, 10] combined 600 players 182 retained 78 seconds 0.037851523142308
shuttleset_03_scene_0023 pair 236 [15, 11] combined 2112 players 400 retained 161 seconds 0.05148563161492348
shuttleset_03_scene_0023 pair 238 [15, 13] combined 448 players 0 retained 0 seconds 0.018955590203404427
[shuttleset_03_scene_0023 +0s] loading view and candidate populations
[shuttleset_03_scene_0023] line-template: preparing rectangles
[shuttleset_03_scene_0023 +14s] measuring 702 parents (G0=256, G1=256, line_template=256; conflicting geometry groups=0)
[shuttleset_03_scene_0023 +22s] parents 250/702
[shuttleset_03_scene_0023 +30s] parents 500/702
[shuttleset_03_scene_0023 +35s] refitting 702 parents
[shuttleset_03_scene_0023 +46s] refits 250/702; valid children=243
[shuttleset_03_scene_0023 +56s] refits 500/702; valid children=489
[shuttleset_03_scene_0023 +64s] ranking sensitivity thresholds
[shuttleset_03_scene_0023 +64s] saving evidence and arrays
[shuttleset_03_scene_0023 +81s] saved
{"case_id": "shuttleset_03_scene_0023", "direction_budget": 16, "run_wall_s": 315.7528292867355, "phases_s": {"prepare_view": 1.0794600080698729, "populations": 227.75465244427323, "w5_record": 80.66153806075454, "net_choice": 2.977008215151727, "stripe_polarity_refit": 2.409216893836856}, "bounded": "G1:1:14894/child"}
