[sset_21_gloiZ_gTJaE_frame_00090790] generating G0
sset_21_gloiZ_gTJaE_frame_00090790 pair 1 [0, 2] combined 0 players 0 retained 0 seconds 0.0062903109937906265
sset_21_gloiZ_gTJaE_frame_00090790 pair 2 [0, 3] combined 0 players 0 retained 0 seconds 0.005755506921559572
sset_21_gloiZ_gTJaE_frame_00090790 pair 8 [0, 9] combined 0 players 0 retained 0 seconds 0.005487184971570969
sset_21_gloiZ_gTJaE_frame_00090790 pair 9 [0, 10] combined 0 players 0 retained 0 seconds 0.0050199138931930065
sset_21_gloiZ_gTJaE_frame_00090790 pair 16 [1, 2] combined 0 players 0 retained 0 seconds 0.005892510991543531
sset_21_gloiZ_gTJaE_frame_00090790 pair 17 [1, 3] combined 0 players 0 retained 0 seconds 0.006361049134284258
sset_21_gloiZ_gTJaE_frame_00090790 pair 23 [1, 9] combined 0 players 0 retained 0 seconds 0.00639256602153182
sset_21_gloiZ_gTJaE_frame_00090790 pair 26 [1, 12] combined 0 players 0 retained 0 seconds 0.005152662750333548
sset_21_gloiZ_gTJaE_frame_00090790 pair 28 [1, 14] combined 0 players 0 retained 0 seconds 0.005628734361380339
sset_21_gloiZ_gTJaE_frame_00090790 pair 30 [2, 0] combined 0 players 0 retained 0 seconds 0.005847850348800421
sset_21_gloiZ_gTJaE_frame_00090790 pair 31 [2, 1] combined 0 players 0 retained 0 seconds 0.005767948925495148
sset_21_gloiZ_gTJaE_frame_00090790 pair 33 [2, 4] combined 0 players 0 retained 0 seconds 0.004848260898143053
sset_21_gloiZ_gTJaE_frame_00090790 pair 34 [2, 5] combined 0 players 0 retained 0 seconds 0.004785254132002592
sset_21_gloiZ_gTJaE_frame_00090790 pair 35 [2, 6] combined 0 players 0 retained 0 seconds 0.004964861087501049
sset_21_gloiZ_gTJaE_frame_00090790 pair 36 [2, 7] combined 0 players 0 retained 0 seconds 0.005321715958416462
sset_21_gloiZ_gTJaE_frame_00090790 pair 37 [2, 8] combined 0 players 0 retained 0 seconds 0.005641933064907789
sset_21_gloiZ_gTJaE_frame_00090790 pair 39 [2, 10] combined 0 players 0 retained 0 seconds 0.004841832909733057
sset_21_gloiZ_gTJaE_frame_00090790 pair 40 [2, 11] combined 0 players 0 retained 0 seconds 0.005213113967329264
sset_21_gloiZ_gTJaE_frame_00090790 pair 44 [2, 15] combined 0 players 0 retained 0 seconds 0.005171776283532381
sset_21_gloiZ_gTJaE_frame_00090790 pair 45 [3, 0] combined 0 players 0 retained 0 seconds 0.005725481081753969
sset_21_gloiZ_gTJaE_frame_00090790 pair 46 [3, 1] combined 0 players 0 retained 0 seconds 0.006150395609438419
sset_21_gloiZ_gTJaE_frame_00090790 pair 48 [3, 4] combined 0 players 0 retained 0 seconds 0.005381107795983553
sset_21_gloiZ_gTJaE_frame_00090790 pair 49 [3, 5] combined 0 players 0 retained 0 seconds 0.005249135196208954
sset_21_gloiZ_gTJaE_frame_00090790 pair 50 [3, 6] combined 0 players 0 retained 0 seconds 0.004996840842068195
sset_21_gloiZ_gTJaE_frame_00090790 pair 51 [3, 7] combined 0 players 0 retained 0 seconds 0.005353333428502083
sset_21_gloiZ_gTJaE_frame_00090790 pair 52 [3, 8] combined 0 players 0 retained 0 seconds 0.006122800055891275
sset_21_gloiZ_gTJaE_frame_00090790 pair 54 [3, 10] combined 0 players 0 retained 0 seconds 0.005325173959136009
sset_21_gloiZ_gTJaE_frame_00090790 pair 55 [3, 11] combined 0 players 0 retained 0 seconds 0.005134019069373608
sset_21_gloiZ_gTJaE_frame_00090790 pair 59 [3, 15] combined 0 players 0 retained 0 seconds 0.005334038753062487
sset_21_gloiZ_gTJaE_frame_00090790 pair 62 [4, 2] combined 0 players 0 retained 0 seconds 0.004463174380362034
sset_21_gloiZ_gTJaE_frame_00090790 pair 63 [4, 3] combined 0 players 0 retained 0 seconds 0.004310294054448605
sset_21_gloiZ_gTJaE_frame_00090790 pair 77 [5, 2] combined 0 players 0 retained 0 seconds 0.004199993796646595
sset_21_gloiZ_gTJaE_frame_00090790 pair 78 [5, 3] combined 0 players 0 retained 0 seconds 0.004460369236767292
sset_21_gloiZ_gTJaE_frame_00090790 pair 83 [5, 9] combined 0 players 0 retained 0 seconds 0.004268764052540064
sset_21_gloiZ_gTJaE_frame_00090790 pair 92 [6, 2] combined 0 players 0 retained 0 seconds 0.004232162144035101
sset_21_gloiZ_gTJaE_frame_00090790 pair 93 [6, 3] combined 0 players 0 retained 0 seconds 0.004222773015499115
sset_21_gloiZ_gTJaE_frame_00090790 pair 98 [6, 9] combined 0 players 0 retained 0 seconds 0.0035799327306449413
sset_21_gloiZ_gTJaE_frame_00090790 pair 101 [6, 12] combined 0 players 0 retained 0 seconds 0.0031781652942299843
sset_21_gloiZ_gTJaE_frame_00090790 pair 103 [6, 14] combined 0 players 0 retained 0 seconds 0.003914159256964922
sset_21_gloiZ_gTJaE_frame_00090790 pair 107 [7, 2] combined 0 players 0 retained 0 seconds 0.005037133116275072
sset_21_gloiZ_gTJaE_frame_00090790 pair 108 [7, 3] combined 0 players 0 retained 0 seconds 0.004836641252040863
sset_21_gloiZ_gTJaE_frame_00090790 pair 113 [7, 9] combined 0 players 0 retained 0 seconds 0.004587817005813122
sset_21_gloiZ_gTJaE_frame_00090790 pair 122 [8, 2] combined 0 players 0 retained 0 seconds 0.006191574968397617
sset_21_gloiZ_gTJaE_frame_00090790 pair 123 [8, 3] combined 0 players 0 retained 0 seconds 0.005975088104605675
sset_21_gloiZ_gTJaE_frame_00090790 pair 128 [8, 9] combined 0 players 0 retained 0 seconds 0.005525919143110514
sset_21_gloiZ_gTJaE_frame_00090790 pair 133 [8, 14] combined 0 players 0 retained 0 seconds 0.005741202738136053
sset_21_gloiZ_gTJaE_frame_00090790 pair 135 [9, 0] combined 0 players 0 retained 0 seconds 0.0049840593710541725
sset_21_gloiZ_gTJaE_frame_00090790 pair 136 [9, 1] combined 0 players 0 retained 0 seconds 0.004834215622395277
sset_21_gloiZ_gTJaE_frame_00090790 pair 140 [9, 5] combined 0 players 0 retained 0 seconds 0.004068366717547178
sset_21_gloiZ_gTJaE_frame_00090790 pair 141 [9, 6] combined 0 players 0 retained 0 seconds 0.003895023837685585
sset_21_gloiZ_gTJaE_frame_00090790 pair 142 [9, 7] combined 0 players 0 retained 0 seconds 0.004459114279597998
sset_21_gloiZ_gTJaE_frame_00090790 pair 143 [9, 8] combined 0 players 0 retained 0 seconds 0.004808858036994934
sset_21_gloiZ_gTJaE_frame_00090790 pair 144 [9, 10] combined 0 players 0 retained 0 seconds 0.00401209807023406
sset_21_gloiZ_gTJaE_frame_00090790 pair 145 [9, 11] combined 0 players 0 retained 0 seconds 0.0039100260473787785
sset_21_gloiZ_gTJaE_frame_00090790 pair 149 [9, 15] combined 0 players 0 retained 0 seconds 0.004094106610864401
sset_21_gloiZ_gTJaE_frame_00090790 pair 150 [10, 0] combined 0 players 0 retained 0 seconds 0.004502758849412203
sset_21_gloiZ_gTJaE_frame_00090790 pair 152 [10, 2] combined 0 players 0 retained 0 seconds 0.0044489772990345955
sset_21_gloiZ_gTJaE_frame_00090790 pair 153 [10, 3] combined 0 players 0 retained 0 seconds 0.004380420781672001
sset_21_gloiZ_gTJaE_frame_00090790 pair 159 [10, 9] combined 0 players 0 retained 0 seconds 0.004079469013959169
sset_21_gloiZ_gTJaE_frame_00090790 pair 161 [10, 12] combined 0 players 0 retained 0 seconds 0.003551265224814415
sset_21_gloiZ_gTJaE_frame_00090790 pair 162 [10, 13] combined 0 players 0 retained 0 seconds 0.003731770906597376
sset_21_gloiZ_gTJaE_frame_00090790 pair 163 [10, 14] combined 0 players 0 retained 0 seconds 0.0038636410608887672
sset_21_gloiZ_gTJaE_frame_00090790 pair 167 [11, 2] combined 0 players 0 retained 0 seconds 0.004394371062517166
sset_21_gloiZ_gTJaE_frame_00090790 pair 168 [11, 3] combined 0 players 0 retained 0 seconds 0.004289499018341303
sset_21_gloiZ_gTJaE_frame_00090790 pair 174 [11, 9] combined 0 players 0 retained 0 seconds 0.004111784044653177
sset_21_gloiZ_gTJaE_frame_00090790 pair 181 [12, 1] combined 0 players 0 retained 0 seconds 0.004172033164650202
sset_21_gloiZ_gTJaE_frame_00090790 pair 186 [12, 6] combined 0 players 0 retained 0 seconds 0.003215847071260214
sset_21_gloiZ_gTJaE_frame_00090790 pair 190 [12, 10] combined 0 players 0 retained 0 seconds 0.003144612070173025
sset_21_gloiZ_gTJaE_frame_00090790 pair 205 [13, 10] combined 0 players 0 retained 0 seconds 0.0033595762215554714
sset_21_gloiZ_gTJaE_frame_00090790 pair 211 [14, 1] combined 0 players 0 retained 0 seconds 0.005369102116674185
sset_21_gloiZ_gTJaE_frame_00090790 pair 216 [14, 6] combined 0 players 0 retained 0 seconds 0.004171940963715315
sset_21_gloiZ_gTJaE_frame_00090790 pair 218 [14, 8] combined 0 players 0 retained 0 seconds 0.005185637157410383
sset_21_gloiZ_gTJaE_frame_00090790 pair 220 [14, 10] combined 0 players 0 retained 0 seconds 0.00415687495842576
sset_21_gloiZ_gTJaE_frame_00090790 pair 227 [15, 2] combined 0 players 0 retained 0 seconds 0.004811591003090143
sset_21_gloiZ_gTJaE_frame_00090790 pair 228 [15, 3] combined 0 players 0 retained 0 seconds 0.004579507280141115
sset_21_gloiZ_gTJaE_frame_00090790 pair 234 [15, 9] combined 0 players 0 retained 0 seconds 0.004033538978546858
[sset_21_gloiZ_gTJaE_frame_00090790] generating G1
sset_21_gloiZ_gTJaE_frame_00090790 pair 1 [0, 2] combined 0 players 0 retained 0 seconds 0.0025183591060340405
sset_21_gloiZ_gTJaE_frame_00090790 pair 2 [0, 3] combined 0 players 0 retained 0 seconds 0.0023476658388972282
sset_21_gloiZ_gTJaE_frame_00090790 pair 8 [0, 9] combined 0 players 0 retained 0 seconds 0.0024069249629974365
sset_21_gloiZ_gTJaE_frame_00090790 pair 9 [0, 10] combined 0 players 0 retained 0 seconds 0.0020493180491030216
sset_21_gloiZ_gTJaE_frame_00090790 pair 16 [1, 2] combined 0 players 0 retained 0 seconds 0.002226649783551693
sset_21_gloiZ_gTJaE_frame_00090790 pair 17 [1, 3] combined 0 players 0 retained 0 seconds 0.0020522079430520535
sset_21_gloiZ_gTJaE_frame_00090790 pair 23 [1, 9] combined 0 players 0 retained 0 seconds 0.002308857161551714
sset_21_gloiZ_gTJaE_frame_00090790 pair 26 [1, 12] combined 0 players 0 retained 0 seconds 0.00218304805457592
sset_21_gloiZ_gTJaE_frame_00090790 pair 28 [1, 14] combined 0 players 0 retained 0 seconds 0.0023996978998184204
sset_21_gloiZ_gTJaE_frame_00090790 pair 30 [2, 0] combined 0 players 0 retained 0 seconds 0.0022037094458937645
sset_21_gloiZ_gTJaE_frame_00090790 pair 31 [2, 1] combined 0 players 0 retained 0 seconds 0.0022367341443896294
sset_21_gloiZ_gTJaE_frame_00090790 pair 33 [2, 4] combined 0 players 0 retained 0 seconds 0.0021380530670285225
sset_21_gloiZ_gTJaE_frame_00090790 pair 34 [2, 5] combined 0 players 0 retained 0 seconds 0.0019167708232998848
sset_21_gloiZ_gTJaE_frame_00090790 pair 35 [2, 6] combined 0 players 0 retained 0 seconds 0.002018054947257042
sset_21_gloiZ_gTJaE_frame_00090790 pair 36 [2, 7] combined 0 players 0 retained 0 seconds 0.002178108785301447
sset_21_gloiZ_gTJaE_frame_00090790 pair 37 [2, 8] combined 0 players 0 retained 0 seconds 0.0020989817567169666
sset_21_gloiZ_gTJaE_frame_00090790 pair 39 [2, 10] combined 0 players 0 retained 0 seconds 0.002136150375008583
sset_21_gloiZ_gTJaE_frame_00090790 pair 40 [2, 11] combined 0 players 0 retained 0 seconds 0.0021561631001532078
sset_21_gloiZ_gTJaE_frame_00090790 pair 44 [2, 15] combined 0 players 0 retained 0 seconds 0.0022033709101378918
sset_21_gloiZ_gTJaE_frame_00090790 pair 45 [3, 0] combined 0 players 0 retained 0 seconds 0.0020622890442609787
sset_21_gloiZ_gTJaE_frame_00090790 pair 46 [3, 1] combined 0 players 0 retained 0 seconds 0.002075597643852234
sset_21_gloiZ_gTJaE_frame_00090790 pair 48 [3, 4] combined 0 players 0 retained 0 seconds 0.002074494957923889
sset_21_gloiZ_gTJaE_frame_00090790 pair 49 [3, 5] combined 0 players 0 retained 0 seconds 0.00213197385892272
sset_21_gloiZ_gTJaE_frame_00090790 pair 50 [3, 6] combined 0 players 0 retained 0 seconds 0.0020477334037423134
sset_21_gloiZ_gTJaE_frame_00090790 pair 51 [3, 7] combined 0 players 0 retained 0 seconds 0.002022041939198971
sset_21_gloiZ_gTJaE_frame_00090790 pair 52 [3, 8] combined 0 players 0 retained 0 seconds 0.0019511380232870579
sset_21_gloiZ_gTJaE_frame_00090790 pair 54 [3, 10] combined 0 players 0 retained 0 seconds 0.002144165802747011
sset_21_gloiZ_gTJaE_frame_00090790 pair 55 [3, 11] combined 0 players 0 retained 0 seconds 0.002051983028650284
sset_21_gloiZ_gTJaE_frame_00090790 pair 59 [3, 15] combined 0 players 0 retained 0 seconds 0.0021805730648338795
sset_21_gloiZ_gTJaE_frame_00090790 pair 62 [4, 2] combined 0 players 0 retained 0 seconds 0.0021300558000802994
sset_21_gloiZ_gTJaE_frame_00090790 pair 63 [4, 3] combined 0 players 0 retained 0 seconds 0.0019657323136925697
sset_21_gloiZ_gTJaE_frame_00090790 pair 77 [5, 2] combined 0 players 0 retained 0 seconds 0.0020918487571179867
sset_21_gloiZ_gTJaE_frame_00090790 pair 78 [5, 3] combined 0 players 0 retained 0 seconds 0.0020217387937009335
sset_21_gloiZ_gTJaE_frame_00090790 pair 83 [5, 9] combined 0 players 0 retained 0 seconds 0.0021046106703579426
sset_21_gloiZ_gTJaE_frame_00090790 pair 92 [6, 2] combined 0 players 0 retained 0 seconds 0.002443784847855568
sset_21_gloiZ_gTJaE_frame_00090790 pair 93 [6, 3] combined 0 players 0 retained 0 seconds 0.0022601750679314137
sset_21_gloiZ_gTJaE_frame_00090790 pair 98 [6, 9] combined 0 players 0 retained 0 seconds 0.002103138715028763
sset_21_gloiZ_gTJaE_frame_00090790 pair 101 [6, 12] combined 0 players 0 retained 0 seconds 0.0020304271019995213
sset_21_gloiZ_gTJaE_frame_00090790 pair 103 [6, 14] combined 0 players 0 retained 0 seconds 0.003563065081834793
sset_21_gloiZ_gTJaE_frame_00090790 pair 107 [7, 2] combined 0 players 0 retained 0 seconds 0.0022673429921269417
sset_21_gloiZ_gTJaE_frame_00090790 pair 108 [7, 3] combined 0 players 0 retained 0 seconds 0.002041047904640436
sset_21_gloiZ_gTJaE_frame_00090790 pair 113 [7, 9] combined 0 players 0 retained 0 seconds 0.002248500008136034
sset_21_gloiZ_gTJaE_frame_00090790 pair 122 [8, 2] combined 0 players 0 retained 0 seconds 0.0023857899941504
sset_21_gloiZ_gTJaE_frame_00090790 pair 123 [8, 3] combined 0 players 0 retained 0 seconds 0.002146777231246233
sset_21_gloiZ_gTJaE_frame_00090790 pair 128 [8, 9] combined 0 players 0 retained 0 seconds 0.002040563616901636
sset_21_gloiZ_gTJaE_frame_00090790 pair 133 [8, 14] combined 0 players 0 retained 0 seconds 0.0021380712278187275
sset_21_gloiZ_gTJaE_frame_00090790 pair 135 [9, 0] combined 0 players 0 retained 0 seconds 0.0019160541705787182
sset_21_gloiZ_gTJaE_frame_00090790 pair 136 [9, 1] combined 0 players 0 retained 0 seconds 0.0020055300556123257
sset_21_gloiZ_gTJaE_frame_00090790 pair 140 [9, 5] combined 0 players 0 retained 0 seconds 0.0019617178477346897
sset_21_gloiZ_gTJaE_frame_00090790 pair 141 [9, 6] combined 0 players 0 retained 0 seconds 0.002144272904843092
sset_21_gloiZ_gTJaE_frame_00090790 pair 142 [9, 7] combined 0 players 0 retained 0 seconds 0.0020993780344724655
sset_21_gloiZ_gTJaE_frame_00090790 pair 143 [9, 8] combined 0 players 0 retained 0 seconds 0.0020304429344832897
sset_21_gloiZ_gTJaE_frame_00090790 pair 144 [9, 10] combined 0 players 0 retained 0 seconds 0.0019456138834357262
sset_21_gloiZ_gTJaE_frame_00090790 pair 145 [9, 11] combined 0 players 0 retained 0 seconds 0.0019408422522246838
sset_21_gloiZ_gTJaE_frame_00090790 pair 149 [9, 15] combined 0 players 0 retained 0 seconds 0.001886886078864336
sset_21_gloiZ_gTJaE_frame_00090790 pair 150 [10, 0] combined 0 players 0 retained 0 seconds 0.0019995011389255524
sset_21_gloiZ_gTJaE_frame_00090790 pair 152 [10, 2] combined 0 players 0 retained 0 seconds 0.0018832036294043064
sset_21_gloiZ_gTJaE_frame_00090790 pair 153 [10, 3] combined 0 players 0 retained 0 seconds 0.0019522332586348057
sset_21_gloiZ_gTJaE_frame_00090790 pair 159 [10, 9] combined 0 players 0 retained 0 seconds 0.0020798691548407078
sset_21_gloiZ_gTJaE_frame_00090790 pair 161 [10, 12] combined 0 players 0 retained 0 seconds 0.0020028497092425823
sset_21_gloiZ_gTJaE_frame_00090790 pair 162 [10, 13] combined 0 players 0 retained 0 seconds 0.0020318222232162952
sset_21_gloiZ_gTJaE_frame_00090790 pair 163 [10, 14] combined 0 players 0 retained 0 seconds 0.00208320003002882
sset_21_gloiZ_gTJaE_frame_00090790 pair 167 [11, 2] combined 0 players 0 retained 0 seconds 0.0020342650823295116
sset_21_gloiZ_gTJaE_frame_00090790 pair 168 [11, 3] combined 0 players 0 retained 0 seconds 0.0019308747723698616
sset_21_gloiZ_gTJaE_frame_00090790 pair 174 [11, 9] combined 0 players 0 retained 0 seconds 0.001953150611370802
sset_21_gloiZ_gTJaE_frame_00090790 pair 181 [12, 1] combined 0 players 0 retained 0 seconds 0.0021580979228019714
sset_21_gloiZ_gTJaE_frame_00090790 pair 186 [12, 6] combined 0 players 0 retained 0 seconds 0.0020223339088261127
sset_21_gloiZ_gTJaE_frame_00090790 pair 190 [12, 10] combined 0 players 0 retained 0 seconds 0.002001166809350252
sset_21_gloiZ_gTJaE_frame_00090790 pair 205 [13, 10] combined 0 players 0 retained 0 seconds 0.0021659131161868572
sset_21_gloiZ_gTJaE_frame_00090790 pair 211 [14, 1] combined 0 players 0 retained 0 seconds 0.002113605849444866
sset_21_gloiZ_gTJaE_frame_00090790 pair 216 [14, 6] combined 0 players 0 retained 0 seconds 0.0021303431130945683
sset_21_gloiZ_gTJaE_frame_00090790 pair 218 [14, 8] combined 0 players 0 retained 0 seconds 0.0020873500034213066
sset_21_gloiZ_gTJaE_frame_00090790 pair 220 [14, 10] combined 0 players 0 retained 0 seconds 0.0020059579983353615
sset_21_gloiZ_gTJaE_frame_00090790 pair 227 [15, 2] combined 0 players 0 retained 0 seconds 0.001998261082917452
sset_21_gloiZ_gTJaE_frame_00090790 pair 228 [15, 3] combined 0 players 0 retained 0 seconds 0.0021098610013723373
sset_21_gloiZ_gTJaE_frame_00090790 pair 234 [15, 9] combined 0 players 0 retained 0 seconds 0.002133383881300688
[sset_21_gloiZ_gTJaE_frame_00090790 +0s] loading view and candidate populations
[sset_21_gloiZ_gTJaE_frame_00090790] line-template: preparing rectangles
[sset_21_gloiZ_gTJaE_frame_00090790 +18s] measuring 256 parents (G0=0, G1=0, line_template=256; conflicting geometry groups=0)
[sset_21_gloiZ_gTJaE_frame_00090790 +24s] parents 250/256
[sset_21_gloiZ_gTJaE_frame_00090790 +24s] refitting 256 parents
[sset_21_gloiZ_gTJaE_frame_00090790 +34s] refits 250/256; valid children=56
[sset_21_gloiZ_gTJaE_frame_00090790 +34s] ranking sensitivity thresholds
[sset_21_gloiZ_gTJaE_frame_00090790 +34s] saving evidence and arrays
[sset_21_gloiZ_gTJaE_frame_00090790 +36s] saved
{"case_id": "sset_21_gloiZ_gTJaE_frame_00090790", "direction_budget": 16, "run_wall_s": 39.72853214200586, "phases_s": {"prepare_view": 0.6339508779346943, "populations": 1.6436569732613862, "w5_record": 36.28064724383876, "net_choice": 0.1726142941042781, "stripe_polarity_refit": 7.026828825473785e-07}, "bounded": null}
