[am3_window_02_frame_17174] generating G0
am3_window_02_frame_17174 pair 0 [0, 1] combined 262144 players 98634 retained 256 seconds 4.708205522969365
am3_window_02_frame_17174 pair 1 [0, 2] combined 262144 players 34724 retained 256 seconds 3.607247456908226
am3_window_02_frame_17174 pair 8 [0, 9] combined 262144 players 93694 retained 256 seconds 5.865880805999041
am3_window_02_frame_17174 pair 10 [0, 11] combined 81920 players 9254 retained 256 seconds 2.034234480932355
am3_window_02_frame_17174 pair 11 [0, 12] combined 86016 players 4166 retained 256 seconds 1.6978198308497667
am3_window_02_frame_17174 pair 15 [1, 0] combined 262144 players 67904 retained 256 seconds 5.013707065023482
am3_window_02_frame_17174 pair 16 [1, 2] combined 262144 players 89096 retained 256 seconds 5.153333378955722
am3_window_02_frame_17174 pair 17 [1, 3] combined 262144 players 70992 retained 256 seconds 2.9435401712544262
am3_window_02_frame_17174 pair 18 [1, 4] combined 262144 players 86208 retained 256 seconds 2.7998348101973534
am3_window_02_frame_17174 pair 19 [1, 5] combined 194560 players 76492 retained 256 seconds 2.4716627881862223
am3_window_02_frame_17174 pair 21 [1, 7] combined 13312 players 328 retained 158 seconds 0.2749376096762717
am3_window_02_frame_17174 pair 22 [1, 8] combined 5120 players 366 retained 192 seconds 0.306177431717515
am3_window_02_frame_17174 pair 25 [1, 11] combined 48128 players 7856 retained 256 seconds 0.5337454718537629
am3_window_02_frame_17174 pair 26 [1, 12] combined 46080 players 2448 retained 256 seconds 0.4391759871505201
am3_window_02_frame_17174 pair 27 [1, 13] combined 0 players 0 retained 0 seconds 0.2894186959601939
am3_window_02_frame_17174 pair 28 [1, 14] combined 262144 players 64894 retained 256 seconds 2.8390991468913853
am3_window_02_frame_17174 pair 29 [1, 15] combined 262144 players 63950 retained 256 seconds 2.6615723641589284
am3_window_02_frame_17174 pair 30 [2, 0] combined 262144 players 8704 retained 256 seconds 1.4717491120100021
am3_window_02_frame_17174 pair 31 [2, 1] combined 262144 players 76384 retained 256 seconds 2.5380270830355585
am3_window_02_frame_17174 pair 32 [2, 3] combined 262144 players 54820 retained 256 seconds 1.9040783918462694
am3_window_02_frame_17174 pair 33 [2, 4] combined 262144 players 980 retained 256 seconds 0.6471896031871438
am3_window_02_frame_17174 pair 34 [2, 5] combined 133120 players 524 retained 249 seconds 0.3507969859056175
am3_window_02_frame_17174 pair 36 [2, 7] combined 26624 players 802 retained 256 seconds 0.17095712712034583
am3_window_02_frame_17174 pair 38 [2, 9] combined 262144 players 35154 retained 256 seconds 1.406599654816091
am3_window_02_frame_17174 pair 39 [2, 10] combined 5120 players 80 retained 39 seconds 0.10984437633305788
am3_window_02_frame_17174 pair 43 [2, 14] combined 262144 players 20636 retained 256 seconds 1.680025708861649
am3_window_02_frame_17174 pair 44 [2, 15] combined 262144 players 26416 retained 256 seconds 1.55399609496817
am3_window_02_frame_17174 pair 46 [3, 1] combined 262144 players 77276 retained 256 seconds 2.5816635326482356
am3_window_02_frame_17174 pair 47 [3, 2] combined 262144 players 57092 retained 256 seconds 1.9737762678414583
am3_window_02_frame_17174 pair 50 [3, 6] combined 24576 players 2710 retained 256 seconds 0.21994230803102255
am3_window_02_frame_17174 pair 53 [3, 9] combined 262144 players 67082 retained 256 seconds 2.225262124091387
am3_window_02_frame_17174 pair 55 [3, 11] combined 52224 players 6044 retained 256 seconds 0.39298132434487343
am3_window_02_frame_17174 pair 56 [3, 12] combined 103424 players 6018 retained 256 seconds 0.42717792885378003
am3_window_02_frame_17174 pair 61 [4, 1] combined 262144 players 40708 retained 256 seconds 1.7322540152817965
am3_window_02_frame_17174 pair 62 [4, 2] combined 262144 players 1836 retained 256 seconds 0.6520634321495891
am3_window_02_frame_17174 pair 68 [4, 9] combined 262144 players 24214 retained 256 seconds 1.1283405739814043
am3_window_02_frame_17174 pair 70 [4, 11] combined 39936 players 148 retained 75 seconds 0.15130108734592795
am3_window_02_frame_17174 pair 71 [4, 12] combined 62464 players 1706 retained 256 seconds 0.33202863903716207
am3_window_02_frame_17174 pair 76 [5, 1] combined 150528 players 22484 retained 256 seconds 0.9982852097600698
am3_window_02_frame_17174 pair 77 [5, 2] combined 105472 players 258 retained 129 seconds 0.2665337212383747
am3_window_02_frame_17174 pair 83 [5, 9] combined 149504 players 14518 retained 256 seconds 0.6849304060451686
am3_window_02_frame_17174 pair 85 [5, 11] combined 71604 players 668 retained 256 seconds 0.18370249681174755
am3_window_02_frame_17174 pair 86 [5, 12] combined 43428 players 1246 retained 256 seconds 0.15693855099380016
am3_window_02_frame_17174 pair 93 [6, 3] combined 18432 players 38 retained 19 seconds 0.10411309311166406
am3_window_02_frame_17174 pair 98 [6, 9] combined 7168 players 84 retained 34 seconds 0.06650445098057389
am3_window_02_frame_17174 pair 106 [7, 1] combined 31744 players 2748 retained 256 seconds 0.3981678686104715
am3_window_02_frame_17174 pair 107 [7, 2] combined 34816 players 818 retained 256 seconds 0.16607135813683271
am3_window_02_frame_17174 pair 113 [7, 9] combined 31744 players 1762 retained 256 seconds 0.1651092986576259
am3_window_02_frame_17174 pair 121 [8, 1] combined 5120 players 98 retained 49 seconds 0.20256585301831365
am3_window_02_frame_17174 pair 128 [8, 9] combined 12288 players 248 retained 123 seconds 0.08069523004814982
am3_window_02_frame_17174 pair 135 [9, 0] combined 262144 players 72848 retained 256 seconds 2.9227283531799912
am3_window_02_frame_17174 pair 137 [9, 2] combined 262144 players 94138 retained 256 seconds 2.606132430024445
am3_window_02_frame_17174 pair 138 [9, 3] combined 262144 players 80076 retained 256 seconds 2.417145691346377
am3_window_02_frame_17174 pair 139 [9, 4] combined 200704 players 50418 retained 256 seconds 1.6281215301714838
am3_window_02_frame_17174 pair 140 [9, 5] combined 152880 players 45502 retained 256 seconds 1.382413883227855
am3_window_02_frame_17174 pair 141 [9, 6] combined 14336 players 4166 retained 256 seconds 0.1990727921947837
am3_window_02_frame_17174 pair 142 [9, 7] combined 13312 players 0 retained 0 seconds 0.0749427261762321
am3_window_02_frame_17174 pair 143 [9, 8] combined 6144 players 2472 retained 256 seconds 0.14370547467842698
am3_window_02_frame_17174 pair 144 [9, 10] combined 3072 players 0 retained 0 seconds 0.056861831806600094
am3_window_02_frame_17174 pair 145 [9, 11] combined 49152 players 13718 retained 256 seconds 0.506110199727118
am3_window_02_frame_17174 pair 146 [9, 12] combined 50176 players 11552 retained 256 seconds 0.42907271487638354
am3_window_02_frame_17174 pair 147 [9, 13] combined 4096 players 1368 retained 256 seconds 0.12188978493213654
am3_window_02_frame_17174 pair 148 [9, 14] combined 262144 players 73048 retained 256 seconds 2.7766599426977336
am3_window_02_frame_17174 pair 149 [9, 15] combined 253952 players 78738 retained 256 seconds 2.7504689460620284
am3_window_02_frame_17174 pair 152 [10, 2] combined 10240 players 232 retained 107 seconds 0.10346829798072577
am3_window_02_frame_17174 pair 159 [10, 9] combined 2048 players 104 retained 52 seconds 0.05758488504216075
am3_window_02_frame_17174 pair 165 [11, 0] combined 79872 players 9846 retained 256 seconds 0.9331301739439368
am3_window_02_frame_17174 pair 166 [11, 1] combined 43008 players 12904 retained 256 seconds 0.5407404289580882
am3_window_02_frame_17174 pair 168 [11, 3] combined 50176 players 8988 retained 256 seconds 0.3689428614452481
am3_window_02_frame_17174 pair 169 [11, 4] combined 50176 players 48 retained 24 seconds 0.14380049100145698
am3_window_02_frame_17174 pair 170 [11, 5] combined 55648 players 816 retained 256 seconds 0.15516013698652387
am3_window_02_frame_17174 pair 174 [11, 9] combined 44032 players 6262 retained 256 seconds 0.2844418087042868
am3_window_02_frame_17174 pair 178 [11, 14] combined 64512 players 8488 retained 256 seconds 0.867591111920774
am3_window_02_frame_17174 pair 179 [11, 15] combined 63488 players 8388 retained 256 seconds 0.713676911778748
am3_window_02_frame_17174 pair 180 [12, 0] combined 29696 players 712 retained 256 seconds 0.683166999835521
am3_window_02_frame_17174 pair 181 [12, 1] combined 20480 players 2788 retained 256 seconds 0.4347789683379233
am3_window_02_frame_17174 pair 183 [12, 3] combined 11264 players 1076 retained 256 seconds 0.13285402907058597
am3_window_02_frame_17174 pair 184 [12, 4] combined 55296 players 1134 retained 256 seconds 0.1940880659967661
am3_window_02_frame_17174 pair 185 [12, 5] combined 35000 players 678 retained 256 seconds 0.1221422366797924
am3_window_02_frame_17174 pair 189 [12, 9] combined 17408 players 2864 retained 256 seconds 0.16603858210146427
am3_window_02_frame_17174 pair 193 [12, 14] combined 29696 players 774 retained 256 seconds 0.6062960303388536
am3_window_02_frame_17174 pair 194 [12, 15] combined 29696 players 726 retained 256 seconds 0.5053897071629763
am3_window_02_frame_17174 pair 196 [13, 1] combined 0 players 0 retained 0 seconds 0.17932163272053003
am3_window_02_frame_17174 pair 204 [13, 9] combined 0 players 0 retained 0 seconds 0.03809863002970815
am3_window_02_frame_17174 pair 211 [14, 1] combined 262144 players 103650 retained 256 seconds 3.7530082459561527
am3_window_02_frame_17174 pair 212 [14, 2] combined 262144 players 25420 retained 256 seconds 1.8169391914270818
am3_window_02_frame_17174 pair 219 [14, 9] combined 262144 players 95556 retained 256 seconds 3.1740737101063132
am3_window_02_frame_17174 pair 221 [14, 11] combined 72704 players 7400 retained 256 seconds 1.1426879838109016
am3_window_02_frame_17174 pair 222 [14, 12] combined 78848 players 3806 retained 256 seconds 0.8802013052627444
am3_window_02_frame_17174 pair 226 [15, 1] combined 262144 players 98816 retained 256 seconds 3.278734760824591
am3_window_02_frame_17174 pair 227 [15, 2] combined 262144 players 21850 retained 256 seconds 1.5514292186126113
am3_window_02_frame_17174 pair 234 [15, 9] combined 262144 players 89530 retained 256 seconds 3.0344517482444644
am3_window_02_frame_17174 pair 236 [15, 11] combined 73728 players 9602 retained 256 seconds 0.9122230596840382
am3_window_02_frame_17174 pair 237 [15, 12] combined 89088 players 3672 retained 256 seconds 0.7879929100163281
[am3_window_02_frame_17174] generating G1
am3_window_02_frame_17174 pair 0 [0, 1] combined 19856 players 5268 retained 256 seconds 0.20889312960207462
am3_window_02_frame_17174 pair 1 [0, 2] combined 124928 players 9706 retained 256 seconds 0.48139750910922885
am3_window_02_frame_17174 pair 8 [0, 9] combined 0 players 0 retained 0 seconds 0.01612279424443841
am3_window_02_frame_17174 pair 10 [0, 11] combined 7392 players 126 retained 63 seconds 0.04850653279572725
am3_window_02_frame_17174 pair 11 [0, 12] combined 400 players 0 retained 0 seconds 0.015975061804056168
am3_window_02_frame_17174 pair 15 [1, 0] combined 39140 players 11714 retained 256 seconds 0.362100588157773
am3_window_02_frame_17174 pair 16 [1, 2] combined 57960 players 14492 retained 256 seconds 0.4649848281405866
am3_window_02_frame_17174 pair 17 [1, 3] combined 0 players 0 retained 0 seconds 0.014066789764910936
am3_window_02_frame_17174 pair 18 [1, 4] combined 9504 players 516 retained 254 seconds 0.21900839591398835
am3_window_02_frame_17174 pair 19 [1, 5] combined 2968 players 1128 retained 256 seconds 0.06993841473013163
am3_window_02_frame_17174 pair 21 [1, 7] combined 0 players 0 retained 0 seconds 0.011603551916778088
am3_window_02_frame_17174 pair 22 [1, 8] combined 0 players 0 retained 0 seconds 0.01116177812218666
am3_window_02_frame_17174 pair 25 [1, 11] combined 3744 players 186 retained 93 seconds 0.03717033425346017
am3_window_02_frame_17174 pair 26 [1, 12] combined 1888 players 0 retained 0 seconds 0.015696038957685232
am3_window_02_frame_17174 pair 27 [1, 13] combined 0 players 0 retained 0 seconds 0.012543492950499058
am3_window_02_frame_17174 pair 28 [1, 14] combined 68432 players 20662 retained 256 seconds 0.6084552430547774
am3_window_02_frame_17174 pair 29 [1, 15] combined 55328 players 16672 retained 256 seconds 0.5040318500250578
am3_window_02_frame_17174 pair 30 [2, 0] combined 179452 players 21218 retained 256 seconds 0.8147352281957865
am3_window_02_frame_17174 pair 31 [2, 1] combined 36288 players 7426 retained 256 seconds 0.2830536849796772
am3_window_02_frame_17174 pair 32 [2, 3] combined 0 players 0 retained 0 seconds 0.023216391913592815
am3_window_02_frame_17174 pair 33 [2, 4] combined 76800 players 454 retained 217 seconds 0.18638979690149426
am3_window_02_frame_17174 pair 34 [2, 5] combined 3040 players 6 retained 3 seconds 0.039596029091626406
am3_window_02_frame_17174 pair 36 [2, 7] combined 0 players 0 retained 0 seconds 0.02243041107431054
am3_window_02_frame_17174 pair 38 [2, 9] combined 0 players 0 retained 0 seconds 0.023077388759702444
am3_window_02_frame_17174 pair 39 [2, 10] combined 0 players 0 retained 0 seconds 0.020997832994908094
am3_window_02_frame_17174 pair 43 [2, 14] combined 205824 players 25274 retained 256 seconds 0.9969604583457112
am3_window_02_frame_17174 pair 44 [2, 15] combined 146248 players 16588 retained 256 seconds 0.821353652048856
am3_window_02_frame_17174 pair 46 [3, 1] combined 0 players 0 retained 0 seconds 0.009656306821852922
am3_window_02_frame_17174 pair 47 [3, 2] combined 0 players 0 retained 0 seconds 0.016345009207725525
am3_window_02_frame_17174 pair 50 [3, 6] combined 0 players 0 retained 0 seconds 0.002652154304087162
am3_window_02_frame_17174 pair 53 [3, 9] combined 0 players 0 retained 0 seconds 0.0028673396445810795
am3_window_02_frame_17174 pair 55 [3, 11] combined 0 players 0 retained 0 seconds 0.0025672968477010727
am3_window_02_frame_17174 pair 56 [3, 12] combined 0 players 0 retained 0 seconds 0.0032469569705426693
am3_window_02_frame_17174 pair 61 [4, 1] combined 3536 players 208 retained 104 seconds 0.03588420478627086
am3_window_02_frame_17174 pair 62 [4, 2] combined 43008 players 234 retained 118 seconds 0.1118853990919888
am3_window_02_frame_17174 pair 68 [4, 9] combined 0 players 0 retained 0 seconds 0.005008470732718706
am3_window_02_frame_17174 pair 70 [4, 11] combined 696 players 0 retained 0 seconds 0.007425748743116856
am3_window_02_frame_17174 pair 71 [4, 12] combined 1656 players 52 retained 26 seconds 0.02318450389429927
am3_window_02_frame_17174 pair 76 [5, 1] combined 2640 players 500 retained 250 seconds 0.050208786968141794
am3_window_02_frame_17174 pair 77 [5, 2] combined 4096 players 20 retained 10 seconds 0.03731947299093008
am3_window_02_frame_17174 pair 83 [5, 9] combined 0 players 0 retained 0 seconds 0.003800423350185156
am3_window_02_frame_17174 pair 85 [5, 11] combined 460 players 0 retained 0 seconds 0.004026459995657206
am3_window_02_frame_17174 pair 86 [5, 12] combined 0 players 0 retained 0 seconds 0.0036846892908215523
am3_window_02_frame_17174 pair 93 [6, 3] combined 0 players 0 retained 0 seconds 0.0022374289110302925
am3_window_02_frame_17174 pair 98 [6, 9] combined 0 players 0 retained 0 seconds 0.002620173152536154
am3_window_02_frame_17174 pair 106 [7, 1] combined 0 players 0 retained 0 seconds 0.0074818129651248455
am3_window_02_frame_17174 pair 107 [7, 2] combined 0 players 0 retained 0 seconds 0.015502517111599445
am3_window_02_frame_17174 pair 113 [7, 9] combined 0 players 0 retained 0 seconds 0.0024957279674708843
am3_window_02_frame_17174 pair 121 [8, 1] combined 0 players 0 retained 0 seconds 0.007659326307475567
am3_window_02_frame_17174 pair 128 [8, 9] combined 0 players 0 retained 0 seconds 0.0023788665421307087
am3_window_02_frame_17174 pair 135 [9, 0] combined 1176 players 438 retained 219 seconds 0.04895249893888831
am3_window_02_frame_17174 pair 137 [9, 2] combined 1992 players 770 retained 256 seconds 0.0668170447461307
am3_window_02_frame_17174 pair 138 [9, 3] combined 0 players 0 retained 0 seconds 0.0035897428169846535
am3_window_02_frame_17174 pair 139 [9, 4] combined 176 players 0 retained 0 seconds 0.004971308168023825
am3_window_02_frame_17174 pair 140 [9, 5] combined 84 players 42 retained 21 seconds 0.01726479409262538
am3_window_02_frame_17174 pair 141 [9, 6] combined 0 players 0 retained 0 seconds 0.003348525147885084
am3_window_02_frame_17174 pair 142 [9, 7] combined 0 players 0 retained 0 seconds 0.0025365641340613365
am3_window_02_frame_17174 pair 143 [9, 8] combined 0 players 0 retained 0 seconds 0.002594173885881901
am3_window_02_frame_17174 pair 144 [9, 10] combined 0 players 0 retained 0 seconds 0.0024161948822438717
am3_window_02_frame_17174 pair 145 [9, 11] combined 0 players 0 retained 0 seconds 0.003494749777019024
am3_window_02_frame_17174 pair 146 [9, 12] combined 192 players 0 retained 0 seconds 0.004237818066030741
am3_window_02_frame_17174 pair 147 [9, 13] combined 0 players 0 retained 0 seconds 0.002917628735303879
am3_window_02_frame_17174 pair 148 [9, 14] combined 2148 players 780 retained 256 seconds 0.06407667510211468
am3_window_02_frame_17174 pair 149 [9, 15] combined 1200 players 456 retained 226 seconds 0.051395540591329336
am3_window_02_frame_17174 pair 152 [10, 2] combined 0 players 0 retained 0 seconds 0.015307283028960228
am3_window_02_frame_17174 pair 159 [10, 9] combined 0 players 0 retained 0 seconds 0.0023612030781805515
am3_window_02_frame_17174 pair 165 [11, 0] combined 6812 players 212 retained 106 seconds 0.04430989967659116
am3_window_02_frame_17174 pair 166 [11, 1] combined 4212 players 606 retained 256 seconds 0.05640441505238414
am3_window_02_frame_17174 pair 168 [11, 3] combined 0 players 0 retained 0 seconds 0.0029337978921830654
am3_window_02_frame_17174 pair 169 [11, 4] combined 1120 players 0 retained 0 seconds 0.00711152795702219
am3_window_02_frame_17174 pair 170 [11, 5] combined 180 players 2 retained 1 seconds 0.015852587297558784
am3_window_02_frame_17174 pair 174 [11, 9] combined 112 players 0 retained 0 seconds 0.004106826614588499
am3_window_02_frame_17174 pair 178 [11, 14] combined 11440 players 394 retained 188 seconds 0.06424275413155556
am3_window_02_frame_17174 pair 179 [11, 15] combined 9120 players 270 retained 135 seconds 0.05396914016455412
am3_window_02_frame_17174 pair 180 [12, 0] combined 2512 players 32 retained 16 seconds 0.030879072844982147
am3_window_02_frame_17174 pair 181 [12, 1] combined 1504 players 56 retained 24 seconds 0.026144371833652258
am3_window_02_frame_17174 pair 183 [12, 3] combined 0 players 0 retained 0 seconds 0.003723757341504097
am3_window_02_frame_17174 pair 184 [12, 4] combined 1988 players 50 retained 25 seconds 0.023406019899994135
am3_window_02_frame_17174 pair 185 [12, 5] combined 264 players 16 retained 8 seconds 0.017246722243726254
am3_window_02_frame_17174 pair 189 [12, 9] combined 64 players 16 retained 8 seconds 0.017140247859060764
am3_window_02_frame_17174 pair 193 [12, 14] combined 0 players 0 retained 0 seconds 0.015637614764273167
am3_window_02_frame_17174 pair 194 [12, 15] combined 0 players 0 retained 0 seconds 0.01495385728776455
am3_window_02_frame_17174 pair 196 [13, 1] combined 0 players 0 retained 0 seconds 0.008067458868026733
am3_window_02_frame_17174 pair 204 [13, 9] combined 0 players 0 retained 0 seconds 0.002660003025084734
am3_window_02_frame_17174 pair 211 [14, 1] combined 30736 players 7260 retained 256 seconds 0.2635974921286106
am3_window_02_frame_17174 pair 212 [14, 2] combined 262144 players 28386 retained 256 seconds 1.1060816664248705
am3_window_02_frame_17174 pair 219 [14, 9] combined 0 players 0 retained 0 seconds 0.021167165599763393
am3_window_02_frame_17174 pair 221 [14, 11] combined 8888 players 114 retained 57 seconds 0.0522402860224247
am3_window_02_frame_17174 pair 222 [14, 12] combined 1552 players 0 retained 0 seconds 0.022782303858548403
am3_window_02_frame_17174 pair 226 [15, 1] combined 30636 players 8230 retained 256 seconds 0.322197581641376
am3_window_02_frame_17174 pair 227 [15, 2] combined 125952 players 15452 retained 256 seconds 0.6099119181744754
am3_window_02_frame_17174 pair 234 [15, 9] combined 0 players 0 retained 0 seconds 0.019821693189442158
am3_window_02_frame_17174 pair 236 [15, 11] combined 7304 players 80 retained 40 seconds 0.047730735037475824
am3_window_02_frame_17174 pair 237 [15, 12] combined 2960 players 0 retained 0 seconds 0.024258704856038094
[am3_window_02_frame_17174 +0s] loading view and candidate populations
[am3_window_02_frame_17174] line-template: preparing rectangles
[am3_window_02_frame_17174 +8s] measuring 761 parents (G0=256, G1=256, line_template=256; conflicting geometry groups=0)
[am3_window_02_frame_17174 +16s] parents 250/761
[am3_window_02_frame_17174 +22s] parents 500/761
[am3_window_02_frame_17174 +29s] parents 750/761
[am3_window_02_frame_17174 +30s] refitting 761 parents
[am3_window_02_frame_17174 +41s] refits 250/761; valid children=250
[am3_window_02_frame_17174 +50s] refits 500/761; valid children=500
[am3_window_02_frame_17174 +60s] refits 750/761; valid children=704
[am3_window_02_frame_17174 +61s] ranking sensitivity thresholds
[am3_window_02_frame_17174 +61s] saving evidence and arrays
[am3_window_02_frame_17174 +73s] saved
{"case_id": "am3_window_02_frame_17174", "direction_budget": 16, "run_wall_s": 228.1620598807931, "phases_s": {"prepare_view": 0.7951005520299077, "populations": 139.26760280085728, "w5_record": 73.44318271800876, "net_choice": 1.5262659550644457, "stripe_polarity_refit": 1.4771050582639873}, "bounded": "G1:30:220/child"}
