[shuttleset_03_scene_0016] generating G0
shuttleset_03_scene_0016 pair 0 [0, 1] combined 262144 players 50968 retained 256 seconds 3.711213054135442
shuttleset_03_scene_0016 pair 1 [0, 2] combined 262144 players 59054 retained 256 seconds 3.787178706843406
shuttleset_03_scene_0016 pair 2 [0, 3] combined 218112 players 53182 retained 256 seconds 3.4811093327589333
shuttleset_03_scene_0016 pair 4 [0, 5] combined 262144 players 48532 retained 256 seconds 3.3817560276947916
shuttleset_03_scene_0016 pair 5 [0, 6] combined 114688 players 19114 retained 256 seconds 2.053497424349189
shuttleset_03_scene_0016 pair 7 [0, 8] combined 262144 players 40340 retained 256 seconds 3.264527012128383
shuttleset_03_scene_0016 pair 8 [0, 9] combined 58368 players 19420 retained 256 seconds 1.7477664020843804
shuttleset_03_scene_0016 pair 9 [0, 10] combined 262144 players 65196 retained 256 seconds 4.128708067815751
shuttleset_03_scene_0016 pair 10 [0, 11] combined 226304 players 58468 retained 256 seconds 3.6059656217694283
shuttleset_03_scene_0016 pair 11 [0, 12] combined 225280 players 17548 retained 256 seconds 2.2399936998263
shuttleset_03_scene_0016 pair 12 [0, 13] combined 15360 players 1140 retained 256 seconds 1.0806536511518061
shuttleset_03_scene_0016 pair 15 [1, 0] combined 262144 players 68830 retained 256 seconds 3.9063892937265337
shuttleset_03_scene_0016 pair 16 [1, 2] combined 262144 players 12404 retained 256 seconds 1.7631826126016676
shuttleset_03_scene_0016 pair 18 [1, 4] combined 262144 players 71674 retained 256 seconds 3.7838705629110336
shuttleset_03_scene_0016 pair 20 [1, 6] combined 73728 players 11510 retained 256 seconds 1.1269410867244005
shuttleset_03_scene_0016 pair 21 [1, 7] combined 32768 players 2790 retained 256 seconds 0.6928771948441863
shuttleset_03_scene_0016 pair 26 [1, 12] combined 182272 players 10198 retained 256 seconds 1.1874235328286886
shuttleset_03_scene_0016 pair 27 [1, 13] combined 77824 players 5980 retained 256 seconds 0.59422348998487
shuttleset_03_scene_0016 pair 28 [1, 14] combined 262144 players 3914 retained 256 seconds 0.8594329738989472
shuttleset_03_scene_0016 pair 29 [1, 15] combined 66560 players 9490 retained 256 seconds 0.627675786614418
shuttleset_03_scene_0016 pair 30 [2, 0] combined 262144 players 66360 retained 256 seconds 2.250692213885486
shuttleset_03_scene_0016 pair 31 [2, 1] combined 262144 players 11666 retained 256 seconds 0.9652510099112988
shuttleset_03_scene_0016 pair 32 [2, 3] combined 262144 players 6484 retained 256 seconds 0.669469693209976
shuttleset_03_scene_0016 pair 33 [2, 4] combined 262144 players 81342 retained 256 seconds 2.252435135655105
shuttleset_03_scene_0016 pair 37 [2, 8] combined 262144 players 3994 retained 256 seconds 0.6838966449722648
shuttleset_03_scene_0016 pair 45 [3, 0] combined 262144 players 74064 retained 256 seconds 2.305446560960263
shuttleset_03_scene_0016 pair 47 [3, 2] combined 262144 players 16952 retained 256 seconds 0.8807491851039231
shuttleset_03_scene_0016 pair 48 [3, 4] combined 262144 players 77770 retained 256 seconds 2.260504058096558
shuttleset_03_scene_0016 pair 49 [3, 5] combined 262144 players 17976 retained 256 seconds 1.0075535108335316
shuttleset_03_scene_0016 pair 51 [3, 7] combined 28672 players 3394 retained 256 seconds 0.19244305184111
shuttleset_03_scene_0016 pair 54 [3, 10] combined 262144 players 10978 retained 256 seconds 0.7476476351730525
shuttleset_03_scene_0016 pair 56 [3, 12] combined 181248 players 13104 retained 256 seconds 0.6349536287598312
shuttleset_03_scene_0016 pair 57 [3, 13] combined 95232 players 2962 retained 256 seconds 0.2808104348368943
shuttleset_03_scene_0016 pair 58 [3, 14] combined 262144 players 578 retained 256 seconds 0.5599328307434916
shuttleset_03_scene_0016 pair 59 [3, 15] combined 63488 players 10496 retained 256 seconds 0.37592924013733864
shuttleset_03_scene_0016 pair 61 [4, 1] combined 262144 players 59890 retained 256 seconds 2.0109077938832343
shuttleset_03_scene_0016 pair 62 [4, 2] combined 262144 players 69610 retained 256 seconds 2.107945593073964
shuttleset_03_scene_0016 pair 63 [4, 3] combined 230400 players 66510 retained 256 seconds 2.013419619295746
shuttleset_03_scene_0016 pair 64 [4, 5] combined 262144 players 64446 retained 256 seconds 1.9468173529021442
shuttleset_03_scene_0016 pair 65 [4, 6] combined 93184 players 23180 retained 256 seconds 0.7814755789004266
shuttleset_03_scene_0016 pair 67 [4, 8] combined 262144 players 44894 retained 256 seconds 1.7038980149663985
shuttleset_03_scene_0016 pair 68 [4, 9] combined 77824 players 27014 retained 256 seconds 0.7982904082164168
shuttleset_03_scene_0016 pair 69 [4, 10] combined 262144 players 75346 retained 256 seconds 2.1745590046048164
shuttleset_03_scene_0016 pair 70 [4, 11] combined 242688 players 55996 retained 256 seconds 1.7656590826809406
shuttleset_03_scene_0016 pair 71 [4, 12] combined 262144 players 25637 retained 256 seconds 1.1048290077596903
shuttleset_03_scene_0016 pair 72 [4, 13] combined 18432 players 1296 retained 256 seconds 0.25076378183439374
shuttleset_03_scene_0016 pair 75 [5, 0] combined 262144 players 61678 retained 256 seconds 2.1940340967848897
shuttleset_03_scene_0016 pair 78 [5, 3] combined 262144 players 22016 retained 256 seconds 1.15667869662866
shuttleset_03_scene_0016 pair 79 [5, 4] combined 262144 players 64084 retained 256 seconds 1.9703915775753558
shuttleset_03_scene_0016 pair 80 [5, 6] combined 63488 players 8936 retained 256 seconds 0.42155997082591057
shuttleset_03_scene_0016 pair 81 [5, 7] combined 32768 players 2198 retained 256 seconds 0.25729668186977506
shuttleset_03_scene_0016 pair 82 [5, 8] combined 262144 players 3520 retained 256 seconds 0.8296500192955136
shuttleset_03_scene_0016 pair 83 [5, 9] combined 59392 players 11228 retained 256 seconds 0.461030718870461
shuttleset_03_scene_0016 pair 85 [5, 11] combined 262144 players 63938 retained 256 seconds 1.9107177159748971
shuttleset_03_scene_0016 pair 89 [5, 15] combined 66560 players 7094 retained 256 seconds 0.4161206567659974
shuttleset_03_scene_0016 pair 90 [6, 0] combined 110592 players 4820 retained 256 seconds 0.7080256692133844
shuttleset_03_scene_0016 pair 91 [6, 1] combined 104448 players 21260 retained 256 seconds 0.9391714199446142
shuttleset_03_scene_0016 pair 94 [6, 4] combined 130048 players 8370 retained 256 seconds 0.49830445600673556
shuttleset_03_scene_0016 pair 95 [6, 5] combined 99328 players 15450 retained 256 seconds 0.6006186781451106
shuttleset_03_scene_0016 pair 96 [6, 7] combined 36400 players 434 retained 217 seconds 0.11635635700076818
shuttleset_03_scene_0016 pair 103 [6, 14] combined 95064 players 8674 retained 256 seconds 0.3969091661274433
shuttleset_03_scene_0016 pair 104 [6, 15] combined 63960 players 996 retained 256 seconds 0.177057437133044
shuttleset_03_scene_0016 pair 106 [7, 1] combined 29696 players 4422 retained 256 seconds 0.3530494933947921
shuttleset_03_scene_0016 pair 108 [7, 3] combined 18564 players 3730 retained 256 seconds 0.16508230892941356
shuttleset_03_scene_0016 pair 110 [7, 5] combined 29696 players 4118 retained 256 seconds 0.2420909572392702
shuttleset_03_scene_0016 pair 111 [7, 6] combined 27744 players 78 retained 39 seconds 0.08021345315501094
shuttleset_03_scene_0016 pair 112 [7, 8] combined 23552 players 2694 retained 256 seconds 0.1868345900438726
shuttleset_03_scene_0016 pair 113 [7, 9] combined 7740 players 222 retained 111 seconds 0.05201968131586909
shuttleset_03_scene_0016 pair 114 [7, 10] combined 31744 players 4106 retained 256 seconds 0.20390278287231922
shuttleset_03_scene_0016 pair 115 [7, 11] combined 21504 players 2792 retained 256 seconds 0.14033702202141285
shuttleset_03_scene_0016 pair 117 [7, 13] combined 2600 players 160 retained 80 seconds 0.0380337368696928
shuttleset_03_scene_0016 pair 120 [8, 0] combined 262144 players 55650 retained 256 seconds 2.115202953107655
shuttleset_03_scene_0016 pair 122 [8, 2] combined 262144 players 3602 retained 256 seconds 0.6884869821369648
shuttleset_03_scene_0016 pair 124 [8, 4] combined 262144 players 56354 retained 256 seconds 1.7558697741478682
shuttleset_03_scene_0016 pair 125 [8, 5] combined 262144 players 9372 retained 256 seconds 0.9368835482746363
shuttleset_03_scene_0016 pair 127 [8, 7] combined 28672 players 2322 retained 256 seconds 0.2179382247850299
shuttleset_03_scene_0016 pair 129 [8, 10] combined 262144 players 11754 retained 256 seconds 0.8026227252557874
shuttleset_03_scene_0016 pair 131 [8, 12] combined 198656 players 18164 retained 256 seconds 0.8153808079659939
shuttleset_03_scene_0016 pair 132 [8, 13] combined 91136 players 3004 retained 256 seconds 0.3232021420262754
shuttleset_03_scene_0016 pair 133 [8, 14] combined 262144 players 464 retained 242 seconds 0.6157145691104233
shuttleset_03_scene_0016 pair 134 [8, 15] combined 69632 players 9862 retained 256 seconds 0.42615441605448723
shuttleset_03_scene_0016 pair 135 [9, 0] combined 53248 players 11418 retained 256 seconds 0.7454016474075615
shuttleset_03_scene_0016 pair 139 [9, 4] combined 43008 players 11270 retained 256 seconds 0.44225568091496825
shuttleset_03_scene_0016 pair 140 [9, 5] combined 62464 players 5434 retained 256 seconds 0.31222129985690117
shuttleset_03_scene_0016 pair 142 [9, 7] combined 8436 players 238 retained 119 seconds 0.053820555098354816
shuttleset_03_scene_0016 pair 144 [9, 10] combined 59392 players 6420 retained 256 seconds 0.2952585029415786
shuttleset_03_scene_0016 pair 148 [9, 14] combined 60416 players 3250 retained 256 seconds 0.3221349730156362
shuttleset_03_scene_0016 pair 149 [9, 15] combined 18260 players 1370 retained 256 seconds 0.10532393120229244
shuttleset_03_scene_0016 pair 150 [10, 0] combined 262144 players 70716 retained 256 seconds 2.2101666019298136
shuttleset_03_scene_0016 pair 153 [10, 3] combined 262144 players 6884 retained 256 seconds 0.6770001989789307
shuttleset_03_scene_0016 pair 154 [10, 4] combined 262144 players 80554 retained 256 seconds 2.2126477700658143
shuttleset_03_scene_0016 pair 157 [10, 7] combined 33792 players 4138 retained 256 seconds 0.2299072160385549
shuttleset_03_scene_0016 pair 158 [10, 8] combined 262144 players 9468 retained 256 seconds 0.7474627429619431
shuttleset_03_scene_0016 pair 159 [10, 9] combined 54272 players 2652 retained 256 seconds 0.22545315278694034
shuttleset_03_scene_0016 pair 160 [10, 11] combined 262144 players 54024 retained 256 seconds 1.564901561010629
shuttleset_03_scene_0016 pair 164 [10, 15] combined 68608 players 12564 retained 256 seconds 0.42740971501916647
shuttleset_03_scene_0016 pair 165 [11, 0] combined 262144 players 62334 retained 256 seconds 2.1489989291876554
shuttleset_03_scene_0016 pair 169 [11, 4] combined 262144 players 50550 retained 256 seconds 1.5533946310169995
shuttleset_03_scene_0016 pair 170 [11, 5] combined 262144 players 45618 retained 256 seconds 1.4233835488557816
shuttleset_03_scene_0016 pair 172 [11, 7] combined 48128 players 9238 retained 256 seconds 0.32189733209088445
shuttleset_03_scene_0016 pair 175 [11, 10] combined 262144 players 37834 retained 256 seconds 1.3633386963047087
shuttleset_03_scene_0016 pair 178 [11, 14] combined 218112 players 4294 retained 256 seconds 0.5370111539959908
shuttleset_03_scene_0016 pair 179 [11, 15] combined 112640 players 17074 retained 256 seconds 0.5595124457031488
shuttleset_03_scene_0016 pair 180 [12, 0] combined 247808 players 12102 retained 256 seconds 1.0480975187383592
shuttleset_03_scene_0016 pair 181 [12, 1] combined 162816 players 3380 retained 256 seconds 0.5521467430517077
shuttleset_03_scene_0016 pair 183 [12, 3] combined 162816 players 6988 retained 256 seconds 0.46741618122905493
shuttleset_03_scene_0016 pair 184 [12, 4] combined 218112 players 9938 retained 256 seconds 0.7208014740608633
shuttleset_03_scene_0016 pair 188 [12, 8] combined 182272 players 7772 retained 256 seconds 0.5460613500326872
shuttleset_03_scene_0016 pair 195 [13, 0] combined 15360 players 4050 retained 256 seconds 0.5135935139842331
shuttleset_03_scene_0016 pair 196 [13, 1] combined 21504 players 146 retained 73 seconds 0.2466111029498279
shuttleset_03_scene_0016 pair 198 [13, 3] combined 23552 players 38 retained 19 seconds 0.08576417528092861
shuttleset_03_scene_0016 pair 199 [13, 4] combined 17408 players 5534 retained 256 seconds 0.25160325691103935
shuttleset_03_scene_0016 pair 202 [13, 7] combined 720 players 104 retained 52 seconds 0.03357367403805256
shuttleset_03_scene_0016 pair 203 [13, 8] combined 27648 players 4 retained 2 seconds 0.12756357993930578
shuttleset_03_scene_0016 pair 209 [13, 15] combined 1360 players 148 retained 74 seconds 0.0360619630664587
shuttleset_03_scene_0016 pair 211 [14, 1] combined 262144 players 3210 retained 256 seconds 0.7260991442017257
shuttleset_03_scene_0016 pair 213 [14, 3] combined 262144 players 4858 retained 256 seconds 0.6273722792975605
shuttleset_03_scene_0016 pair 216 [14, 6] combined 86016 players 11474 retained 256 seconds 0.43272001994773746
shuttleset_03_scene_0016 pair 218 [14, 8] combined 262144 players 396 retained 209 seconds 0.585662686266005
shuttleset_03_scene_0016 pair 219 [14, 9] combined 41984 players 6302 retained 256 seconds 0.3848958038724959
shuttleset_03_scene_0016 pair 221 [14, 11] combined 252928 players 34118 retained 256 seconds 1.1370313102379441
shuttleset_03_scene_0016 pair 226 [15, 1] combined 89088 players 14902 retained 256 seconds 0.6651397338137031
shuttleset_03_scene_0016 pair 228 [15, 3] combined 85084 players 21056 retained 256 seconds 0.6329856482334435
shuttleset_03_scene_0016 pair 230 [15, 5] combined 78848 players 15880 retained 256 seconds 0.5462912782095373
shuttleset_03_scene_0016 pair 231 [15, 6] combined 50184 players 344 retained 172 seconds 0.1317821261473
shuttleset_03_scene_0016 pair 233 [15, 8] combined 87040 players 18272 retained 256 seconds 0.5865124282427132
shuttleset_03_scene_0016 pair 234 [15, 9] combined 23956 players 660 retained 256 seconds 0.1080093253403902
shuttleset_03_scene_0016 pair 235 [15, 10] combined 76800 players 14056 retained 256 seconds 0.47220485331490636
shuttleset_03_scene_0016 pair 236 [15, 11] combined 50176 players 5570 retained 256 seconds 0.24380104104056954
shuttleset_03_scene_0016 pair 238 [15, 13] combined 4576 players 200 retained 100 seconds 0.050720914267003536
[shuttleset_03_scene_0016] generating G1
shuttleset_03_scene_0016 pair 0 [0, 1] combined 262144 players 60314 retained 256 seconds 2.2962852041237056
shuttleset_03_scene_0016 pair 1 [0, 2] combined 114688 players 28962 retained 256 seconds 1.1453632479533553
shuttleset_03_scene_0016 pair 2 [0, 3] combined 16384 players 2116 retained 256 seconds 0.46186724212020636
shuttleset_03_scene_0016 pair 4 [0, 5] combined 151552 players 38672 retained 256 seconds 1.378207549918443
shuttleset_03_scene_0016 pair 5 [0, 6] combined 11264 players 1444 retained 256 seconds 0.43076980393379927
shuttleset_03_scene_0016 pair 7 [0, 8] combined 198656 players 28756 retained 256 seconds 1.2968025957234204
shuttleset_03_scene_0016 pair 8 [0, 9] combined 2048 players 342 retained 163 seconds 0.3373820437118411
shuttleset_03_scene_0016 pair 9 [0, 10] combined 23552 players 4216 retained 256 seconds 0.4921730603091419
shuttleset_03_scene_0016 pair 10 [0, 11] combined 4096 players 1666 retained 256 seconds 0.39138344023376703
shuttleset_03_scene_0016 pair 11 [0, 12] combined 77824 players 5034 retained 256 seconds 0.5897296359762549
shuttleset_03_scene_0016 pair 12 [0, 13] combined 4096 players 28 retained 12 seconds 0.5741295800544322
shuttleset_03_scene_0016 pair 15 [1, 0] combined 262144 players 66426 retained 256 seconds 1.9899033191613853
shuttleset_03_scene_0016 pair 16 [1, 2] combined 126976 players 4608 retained 256 seconds 0.4091754490509629
shuttleset_03_scene_0016 pair 18 [1, 4] combined 262144 players 62400 retained 256 seconds 1.7350532342679799
shuttleset_03_scene_0016 pair 20 [1, 6] combined 9216 players 2058 retained 256 seconds 0.1623494429513812
shuttleset_03_scene_0016 pair 21 [1, 7] combined 0 players 0 retained 0 seconds 0.07248922903090715
shuttleset_03_scene_0016 pair 26 [1, 12] combined 31744 players 2900 retained 256 seconds 0.2050104020163417
shuttleset_03_scene_0016 pair 27 [1, 13] combined 21504 players 392 retained 198 seconds 0.13210385479032993
shuttleset_03_scene_0016 pair 28 [1, 14] combined 114688 players 7022 retained 256 seconds 0.4178423220291734
shuttleset_03_scene_0016 pair 29 [1, 15] combined 1024 players 392 retained 188 seconds 0.10400501918047667
shuttleset_03_scene_0016 pair 30 [2, 0] combined 143360 players 45706 retained 256 seconds 1.6398124378174543
shuttleset_03_scene_0016 pair 31 [2, 1] combined 79872 players 2062 retained 256 seconds 0.24773216666653752
shuttleset_03_scene_0016 pair 32 [2, 3] combined 7200 players 92 retained 46 seconds 0.057063193060457706
shuttleset_03_scene_0016 pair 33 [2, 4] combined 142336 players 38262 retained 256 seconds 1.0628164680674672
shuttleset_03_scene_0016 pair 37 [2, 8] combined 122880 players 3150 retained 256 seconds 0.3246211940422654
shuttleset_03_scene_0016 pair 45 [3, 0] combined 27648 players 7630 retained 256 seconds 0.43541186256334186
shuttleset_03_scene_0016 pair 47 [3, 2] combined 15960 players 2022 retained 256 seconds 0.11076989630237222
shuttleset_03_scene_0016 pair 48 [3, 4] combined 28672 players 7972 retained 256 seconds 0.291469257324934
shuttleset_03_scene_0016 pair 49 [3, 5] combined 20928 players 2298 retained 256 seconds 0.131494150031358
shuttleset_03_scene_0016 pair 51 [3, 7] combined 0 players 0 retained 0 seconds 0.00930635817348957
shuttleset_03_scene_0016 pair 54 [3, 10] combined 2976 players 496 retained 248 seconds 0.05244192713871598
shuttleset_03_scene_0016 pair 56 [3, 12] combined 2880 players 524 retained 245 seconds 0.048504360020160675
shuttleset_03_scene_0016 pair 57 [3, 13] combined 2024 players 0 retained 0 seconds 0.012219725176692009
shuttleset_03_scene_0016 pair 58 [3, 14] combined 8568 players 18 retained 10 seconds 0.039526442065835
shuttleset_03_scene_0016 pair 59 [3, 15] combined 112 players 56 retained 26 seconds 0.020934841129928827
shuttleset_03_scene_0016 pair 61 [4, 1] combined 262144 players 51788 retained 256 seconds 1.6340341507457197
shuttleset_03_scene_0016 pair 62 [4, 2] combined 117760 players 27360 retained 256 seconds 0.8494854881428182
shuttleset_03_scene_0016 pair 63 [4, 3] combined 17408 players 2426 retained 256 seconds 0.19759093085303903
shuttleset_03_scene_0016 pair 64 [4, 5] combined 155648 players 33714 retained 256 seconds 1.2835115250200033
shuttleset_03_scene_0016 pair 65 [4, 6] combined 15360 players 3530 retained 256 seconds 0.2121655447408557
shuttleset_03_scene_0016 pair 67 [4, 8] combined 207872 players 25196 retained 256 seconds 1.0151245910674334
shuttleset_03_scene_0016 pair 68 [4, 9] combined 2048 players 262 retained 125 seconds 0.11104165436699986
shuttleset_03_scene_0016 pair 69 [4, 10] combined 23552 players 3820 retained 256 seconds 0.23015369707718492
shuttleset_03_scene_0016 pair 70 [4, 11] combined 4096 players 28 retained 15 seconds 0.10443424666300416
shuttleset_03_scene_0016 pair 71 [4, 12] combined 63488 players 6762 retained 256 seconds 0.3355295988731086
shuttleset_03_scene_0016 pair 72 [4, 13] combined 4096 players 0 retained 0 seconds 0.0988219971768558
shuttleset_03_scene_0016 pair 75 [5, 0] combined 253952 players 66106 retained 256 seconds 1.9781863358803093
shuttleset_03_scene_0016 pair 78 [5, 3] combined 12288 players 1406 retained 256 seconds 0.11551283998414874
shuttleset_03_scene_0016 pair 79 [5, 4] combined 252928 players 62900 retained 256 seconds 1.7006615176796913
shuttleset_03_scene_0016 pair 80 [5, 6] combined 7488 players 1320 retained 256 seconds 0.10520285973325372
shuttleset_03_scene_0016 pair 81 [5, 7] combined 0 players 0 retained 0 seconds 0.036474940832704306
shuttleset_03_scene_0016 pair 82 [5, 8] combined 262144 players 6962 retained 256 seconds 0.6231896397657692
shuttleset_03_scene_0016 pair 83 [5, 9] combined 2664 players 386 retained 193 seconds 0.07171306014060974
shuttleset_03_scene_0016 pair 85 [5, 11] combined 1560 players 0 retained 0 seconds 0.038254289887845516
shuttleset_03_scene_0016 pair 89 [5, 15] combined 948 players 338 retained 170 seconds 0.30556980380788445
shuttleset_03_scene_0016 pair 90 [6, 0] combined 27648 players 3876 retained 256 seconds 0.3690843703225255
shuttleset_03_scene_0016 pair 91 [6, 1] combined 15360 players 2258 retained 256 seconds 0.14281401224434376
shuttleset_03_scene_0016 pair 94 [6, 4] combined 16384 players 2892 retained 256 seconds 0.16451122285798192
shuttleset_03_scene_0016 pair 95 [6, 5] combined 9300 players 660 retained 256 seconds 0.07729254476726055
shuttleset_03_scene_0016 pair 96 [6, 7] combined 96 players 16 retained 8 seconds 0.016697212122380733
shuttleset_03_scene_0016 pair 103 [6, 14] combined 3344 players 82 retained 41 seconds 0.030063873156905174
shuttleset_03_scene_0016 pair 104 [6, 15] combined 192 players 88 retained 44 seconds 0.018726731184870005
shuttleset_03_scene_0016 pair 106 [7, 1] combined 0 players 0 retained 0 seconds 0.043298713862895966
shuttleset_03_scene_0016 pair 108 [7, 3] combined 0 players 0 retained 0 seconds 0.006427576765418053
shuttleset_03_scene_0016 pair 110 [7, 5] combined 0 players 0 retained 0 seconds 0.021507352124899626
shuttleset_03_scene_0016 pair 111 [7, 6] combined 0 players 0 retained 0 seconds 0.004460950847715139
shuttleset_03_scene_0016 pair 112 [7, 8] combined 0 players 0 retained 0 seconds 0.02467900514602661
shuttleset_03_scene_0016 pair 113 [7, 9] combined 0 players 0 retained 0 seconds 0.004723643884062767
shuttleset_03_scene_0016 pair 114 [7, 10] combined 240 players 0 retained 0 seconds 0.010228456929326057
shuttleset_03_scene_0016 pair 115 [7, 11] combined 12 players 0 retained 0 seconds 0.0038157557137310505
shuttleset_03_scene_0016 pair 117 [7, 13] combined 16 players 0 retained 0 seconds 0.0036816708743572235
shuttleset_03_scene_0016 pair 120 [8, 0] combined 262144 players 55700 retained 256 seconds 1.7971663307398558
shuttleset_03_scene_0016 pair 122 [8, 2] combined 229376 players 2248 retained 256 seconds 0.5095254620537162
shuttleset_03_scene_0016 pair 124 [8, 4] combined 262144 players 48230 retained 256 seconds 1.5119654289446771
shuttleset_03_scene_0016 pair 125 [8, 5] combined 215040 players 7100 retained 256 seconds 0.5608292510733008
shuttleset_03_scene_0016 pair 127 [8, 7] combined 0 players 0 retained 0 seconds 0.035009417217224836
shuttleset_03_scene_0016 pair 129 [8, 10] combined 61440 players 4690 retained 256 seconds 0.2571341930888593
shuttleset_03_scene_0016 pair 131 [8, 12] combined 30720 players 4206 retained 256 seconds 0.19492132496088743
shuttleset_03_scene_0016 pair 132 [8, 13] combined 23552 players 0 retained 0 seconds 0.07515906495973468
shuttleset_03_scene_0016 pair 133 [8, 14] combined 79872 players 118 retained 62 seconds 0.18161949794739485
shuttleset_03_scene_0016 pair 134 [8, 15] combined 1024 players 312 retained 155 seconds 0.06065269419923425
shuttleset_03_scene_0016 pair 135 [9, 0] combined 3072 players 708 retained 256 seconds 0.2632558271288872
shuttleset_03_scene_0016 pair 139 [9, 4] combined 5120 players 840 retained 256 seconds 0.11008020024746656
shuttleset_03_scene_0016 pair 140 [9, 5] combined 2268 players 446 retained 201 seconds 0.06045115506276488
shuttleset_03_scene_0016 pair 142 [9, 7] combined 0 players 0 retained 0 seconds 0.005015532020479441
shuttleset_03_scene_0016 pair 144 [9, 10] combined 600 players 18 retained 9 seconds 0.02457570470869541
shuttleset_03_scene_0016 pair 148 [9, 14] combined 480 players 14 retained 7 seconds 0.02494328236207366
shuttleset_03_scene_0016 pair 149 [9, 15] combined 0 players 0 retained 0 seconds 0.004585582297295332
shuttleset_03_scene_0016 pair 150 [10, 0] combined 63488 players 16554 retained 256 seconds 0.7482684496790171
shuttleset_03_scene_0016 pair 153 [10, 3] combined 1820 players 70 retained 35 seconds 0.03826776100322604
shuttleset_03_scene_0016 pair 154 [10, 4] combined 62464 players 16554 retained 256 seconds 0.5435851463116705
shuttleset_03_scene_0016 pair 157 [10, 7] combined 0 players 0 retained 0 seconds 0.017974131740629673
shuttleset_03_scene_0016 pair 158 [10, 8] combined 76800 players 6888 retained 256 seconds 0.6092396243475378
shuttleset_03_scene_0016 pair 159 [10, 9] combined 780 players 82 retained 41 seconds 0.03288687812164426
shuttleset_03_scene_0016 pair 160 [10, 11] combined 0 players 0 retained 0 seconds 0.015113384928554296
shuttleset_03_scene_0016 pair 164 [10, 15] combined 224 players 98 retained 49 seconds 0.030095466878265142
shuttleset_03_scene_0016 pair 165 [11, 0] combined 0 players 0 retained 0 seconds 0.22247827239334583
shuttleset_03_scene_0016 pair 169 [11, 4] combined 0 players 0 retained 0 seconds 0.06271598301827908
shuttleset_03_scene_0016 pair 170 [11, 5] combined 1360 players 0 retained 0 seconds 0.04000488994643092
shuttleset_03_scene_0016 pair 172 [11, 7] combined 4 players 0 retained 0 seconds 0.006691646762192249
shuttleset_03_scene_0016 pair 175 [11, 10] combined 512 players 0 retained 0 seconds 0.018892157822847366
shuttleset_03_scene_0016 pair 178 [11, 14] combined 0 players 0 retained 0 seconds 0.01679830625653267
shuttleset_03_scene_0016 pair 179 [11, 15] combined 16 players 0 retained 0 seconds 0.006952109280973673
shuttleset_03_scene_0016 pair 180 [12, 0] combined 56320 players 1658 retained 256 seconds 0.38153197430074215
shuttleset_03_scene_0016 pair 181 [12, 1] combined 37888 players 3758 retained 256 seconds 0.2190581988543272
shuttleset_03_scene_0016 pair 183 [12, 3] combined 1036 players 52 retained 26 seconds 0.026653349865227938
shuttleset_03_scene_0016 pair 184 [12, 4] combined 72704 players 8732 retained 256 seconds 0.3872646801173687
shuttleset_03_scene_0016 pair 188 [12, 8] combined 33792 players 3928 retained 256 seconds 0.19443231588229537
shuttleset_03_scene_0016 pair 195 [13, 0] combined 2048 players 284 retained 112 seconds 0.24887459306046367
shuttleset_03_scene_0016 pair 196 [13, 1] combined 10240 players 36 retained 18 seconds 0.07715630391612649
shuttleset_03_scene_0016 pair 198 [13, 3] combined 480 players 0 retained 0 seconds 0.00852653430774808
shuttleset_03_scene_0016 pair 199 [13, 4] combined 2048 players 254 retained 114 seconds 0.08582552382722497
shuttleset_03_scene_0016 pair 202 [13, 7] combined 0 players 0 retained 0 seconds 0.004541666712611914
shuttleset_03_scene_0016 pair 203 [13, 8] combined 6468 players 0 retained 0 seconds 0.0376059883274138
shuttleset_03_scene_0016 pair 209 [13, 15] combined 0 players 0 retained 0 seconds 0.00437992624938488
shuttleset_03_scene_0016 pair 211 [14, 1] combined 88064 players 202 retained 101 seconds 0.22738356981426477
shuttleset_03_scene_0016 pair 213 [14, 3] combined 7636 players 78 retained 39 seconds 0.04619291517883539
shuttleset_03_scene_0016 pair 216 [14, 6] combined 4608 players 266 retained 126 seconds 0.0470033441670239
shuttleset_03_scene_0016 pair 218 [14, 8] combined 129808 players 324 retained 165 seconds 0.2859232728369534
shuttleset_03_scene_0016 pair 219 [14, 9] combined 480 players 130 retained 65 seconds 0.03310525184497237
shuttleset_03_scene_0016 pair 221 [14, 11] combined 300 players 12 retained 6 seconds 0.028920719865709543
shuttleset_03_scene_0016 pair 226 [15, 1] combined 1024 players 228 retained 110 seconds 0.06922994228079915
shuttleset_03_scene_0016 pair 228 [15, 3] combined 64 players 0 retained 0 seconds 0.007120584137737751
shuttleset_03_scene_0016 pair 230 [15, 5] combined 648 players 108 retained 54 seconds 0.03994386177510023
shuttleset_03_scene_0016 pair 231 [15, 6] combined 0 players 0 retained 0 seconds 0.005007700063288212
shuttleset_03_scene_0016 pair 233 [15, 8] combined 868 players 100 retained 50 seconds 0.04188605630770326
shuttleset_03_scene_0016 pair 234 [15, 9] combined 32 players 16 retained 8 seconds 0.016947788652032614
shuttleset_03_scene_0016 pair 235 [15, 10] combined 112 players 0 retained 0 seconds 0.01070455927401781
shuttleset_03_scene_0016 pair 236 [15, 11] combined 16 players 0 retained 0 seconds 0.004163358826190233
shuttleset_03_scene_0016 pair 238 [15, 13] combined 16 players 0 retained 0 seconds 0.003906889818608761
[shuttleset_03_scene_0016 +0s] loading view and candidate populations
[shuttleset_03_scene_0016] line-template: preparing rectangles
[shuttleset_03_scene_0016 +16s] measuring 736 parents (G0=256, G1=256, line_template=256; conflicting geometry groups=0)
[shuttleset_03_scene_0016 +24s] parents 250/736
[shuttleset_03_scene_0016 +33s] parents 500/736
[shuttleset_03_scene_0016 +40s] refitting 736 parents
[shuttleset_03_scene_0016 +51s] refits 250/736; valid children=250
[shuttleset_03_scene_0016 +62s] refits 500/736; valid children=500
[shuttleset_03_scene_0016 +71s] ranking sensitivity thresholds
[shuttleset_03_scene_0016 +71s] saving evidence and arrays
[shuttleset_03_scene_0016 +83s] saved
{"case_id": "shuttleset_03_scene_0016", "direction_budget": 16, "run_wall_s": 284.2150207129307, "phases_s": {"prepare_view": 1.1511957151815295, "populations": 194.45247309515253, "w5_record": 83.47913185833022, "net_choice": 1.9463355978950858, "stripe_polarity_refit": 1.4310815860517323}, "bounded": "G0:1:4532"}
