[am3_window_00_frame_0] generating G0
am3_window_00_frame_0 pair 0 [0, 1] combined 262144 players 104660 retained 256 seconds 3.8107543368823826
am3_window_00_frame_0 pair 1 [0, 2] combined 262144 players 31314 retained 256 seconds 2.387701102066785
am3_window_00_frame_0 pair 3 [0, 4] combined 70656 players 22114 retained 256 seconds 1.4855042560957372
am3_window_00_frame_0 pair 6 [0, 7] combined 262144 players 93412 retained 256 seconds 4.647223730105907
am3_window_00_frame_0 pair 7 [0, 8] combined 262144 players 14530 retained 256 seconds 1.949622463900596
am3_window_00_frame_0 pair 15 [1, 0] combined 262144 players 80888 retained 256 seconds 4.4473717962391675
am3_window_00_frame_0 pair 16 [1, 2] combined 262144 players 107074 retained 256 seconds 5.065578969195485
am3_window_00_frame_0 pair 17 [1, 3] combined 262144 players 73116 retained 256 seconds 4.347119396086782
am3_window_00_frame_0 pair 19 [1, 5] combined 262144 players 87650 retained 256 seconds 4.324864445719868
am3_window_00_frame_0 pair 20 [1, 6] combined 262144 players 82212 retained 256 seconds 4.135257288813591
am3_window_00_frame_0 pair 23 [1, 9] combined 4096 players 180 retained 90 seconds 0.3427345249801874
am3_window_00_frame_0 pair 24 [1, 10] combined 134144 players 23380 retained 256 seconds 1.4993797121569514
am3_window_00_frame_0 pair 25 [1, 11] combined 2048 players 48 retained 24 seconds 0.3199465209618211
am3_window_00_frame_0 pair 27 [1, 13] combined 262144 players 72604 retained 256 seconds 4.635181489866227
am3_window_00_frame_0 pair 28 [1, 14] combined 262144 players 73372 retained 256 seconds 4.657583463005722
am3_window_00_frame_0 pair 29 [1, 15] combined 262144 players 69746 retained 256 seconds 4.508058589417487
am3_window_00_frame_0 pair 30 [2, 0] combined 262144 players 39438 retained 256 seconds 2.677536297123879
am3_window_00_frame_0 pair 31 [2, 1] combined 262144 players 96166 retained 256 seconds 4.839630678296089
am3_window_00_frame_0 pair 32 [2, 3] combined 262144 players 54558 retained 256 seconds 3.355423658154905
am3_window_00_frame_0 pair 33 [2, 4] combined 75776 players 29566 retained 256 seconds 1.601641409099102
am3_window_00_frame_0 pair 34 [2, 5] combined 104448 players 160 retained 80 seconds 0.41914999205619097
am3_window_00_frame_0 pair 35 [2, 6] combined 262144 players 5418 retained 256 seconds 1.0654830900020897
am3_window_00_frame_0 pair 36 [2, 7] combined 262144 players 58438 retained 256 seconds 3.0039778207428753
am3_window_00_frame_0 pair 39 [2, 10] combined 169984 players 1494 retained 256 seconds 0.685209727846086
am3_window_00_frame_0 pair 41 [2, 12] combined 71680 players 558 retained 244 seconds 0.3633023612201214
am3_window_00_frame_0 pair 42 [2, 13] combined 262144 players 35120 retained 256 seconds 3.0007220888510346
am3_window_00_frame_0 pair 43 [2, 14] combined 262144 players 39046 retained 256 seconds 2.9304762235842645
am3_window_00_frame_0 pair 44 [2, 15] combined 262144 players 40282 retained 256 seconds 3.1505246348679066
am3_window_00_frame_0 pair 46 [3, 1] combined 262144 players 113096 retained 256 seconds 5.658669512718916
am3_window_00_frame_0 pair 47 [3, 2] combined 262144 players 19600 retained 256 seconds 2.0433787028305233
am3_window_00_frame_0 pair 48 [3, 4] combined 73728 players 23874 retained 256 seconds 1.6041358760558069
am3_window_00_frame_0 pair 51 [3, 7] combined 262144 players 95178 retained 256 seconds 4.51816145889461
am3_window_00_frame_0 pair 52 [3, 8] combined 262144 players 33020 retained 256 seconds 2.43766778614372
am3_window_00_frame_0 pair 60 [4, 0] combined 50176 players 5566 retained 256 seconds 0.9951539039611816
am3_window_00_frame_0 pair 62 [4, 2] combined 112640 players 40862 retained 256 seconds 1.971614572685212
am3_window_00_frame_0 pair 63 [4, 3] combined 51200 players 4514 retained 256 seconds 0.9337645689956844
am3_window_00_frame_0 pair 64 [4, 5] combined 43380 players 9338 retained 256 seconds 0.5226226700469851
am3_window_00_frame_0 pair 68 [4, 9] combined 6696 players 44 retained 26 seconds 0.070010706782341
am3_window_00_frame_0 pair 70 [4, 11] combined 0 players 0 retained 0 seconds 0.017951454035937786
am3_window_00_frame_0 pair 72 [4, 13] combined 50176 players 4536 retained 256 seconds 1.254122809972614
am3_window_00_frame_0 pair 73 [4, 14] combined 50176 players 4308 retained 256 seconds 1.226455699186772
am3_window_00_frame_0 pair 74 [4, 15] combined 50176 players 4096 retained 256 seconds 1.1063100849278271
am3_window_00_frame_0 pair 76 [5, 1] combined 83968 players 20966 retained 256 seconds 1.2796295681037009
am3_window_00_frame_0 pair 77 [5, 2] combined 24576 players 1128 retained 256 seconds 0.24487394327297807
am3_window_00_frame_0 pair 79 [5, 4] combined 45936 players 8364 retained 256 seconds 0.5000232961028814
am3_window_00_frame_0 pair 81 [5, 7] combined 84992 players 5446 retained 256 seconds 0.5456126858480275
am3_window_00_frame_0 pair 82 [5, 8] combined 122880 players 1912 retained 256 seconds 0.4990595979616046
am3_window_00_frame_0 pair 91 [6, 1] combined 180224 players 27938 retained 256 seconds 1.8778957659378648
am3_window_00_frame_0 pair 92 [6, 2] combined 262144 players 1380 retained 256 seconds 0.9218969317153096
am3_window_00_frame_0 pair 96 [6, 7] combined 180224 players 8964 retained 256 seconds 0.9415031759999692
am3_window_00_frame_0 pair 97 [6, 8] combined 202752 players 13438 retained 256 seconds 1.1066296389326453
am3_window_00_frame_0 pair 105 [7, 0] combined 156672 players 48824 retained 256 seconds 2.774556594900787
am3_window_00_frame_0 pair 107 [7, 2] combined 258048 players 105814 retained 256 seconds 4.983217013068497
am3_window_00_frame_0 pair 108 [7, 3] combined 153600 players 48768 retained 256 seconds 2.7998751029372215
am3_window_00_frame_0 pair 110 [7, 5] combined 147456 players 37374 retained 256 seconds 1.9109838958829641
am3_window_00_frame_0 pair 111 [7, 6] combined 153600 players 38170 retained 256 seconds 1.773790466133505
am3_window_00_frame_0 pair 113 [7, 9] combined 6144 players 422 retained 211 seconds 0.1283294423483312
am3_window_00_frame_0 pair 114 [7, 10] combined 140288 players 1982 retained 256 seconds 0.5491632982157171
am3_window_00_frame_0 pair 115 [7, 11] combined 0 players 0 retained 0 seconds 0.04300897382199764
am3_window_00_frame_0 pair 116 [7, 12] combined 128000 players 1130 retained 256 seconds 0.47677413187921047
am3_window_00_frame_0 pair 117 [7, 13] combined 154624 players 48190 retained 256 seconds 3.1171961477957666
am3_window_00_frame_0 pair 118 [7, 14] combined 155648 players 47860 retained 256 seconds 3.13348747510463
am3_window_00_frame_0 pair 119 [7, 15] combined 147456 players 46230 retained 256 seconds 2.895161726977676
am3_window_00_frame_0 pair 120 [8, 0] combined 262144 players 16260 retained 256 seconds 1.7876540678553283
am3_window_00_frame_0 pair 123 [8, 3] combined 262144 players 22832 retained 256 seconds 2.186522816773504
am3_window_00_frame_0 pair 125 [8, 5] combined 250880 players 1988 retained 256 seconds 0.8581492458470166
am3_window_00_frame_0 pair 126 [8, 6] combined 262144 players 16372 retained 256 seconds 1.3577507371082902
am3_window_00_frame_0 pair 129 [8, 10] combined 185344 players 4186 retained 256 seconds 0.7282159700989723
am3_window_00_frame_0 pair 131 [8, 12] combined 119808 players 2292 retained 256 seconds 0.4773591081611812
am3_window_00_frame_0 pair 132 [8, 13] combined 262144 players 19258 retained 256 seconds 2.16205236595124
am3_window_00_frame_0 pair 133 [8, 14] combined 262144 players 27724 retained 256 seconds 2.4878168078139424
am3_window_00_frame_0 pair 134 [8, 15] combined 262144 players 21548 retained 256 seconds 2.072489885147661
am3_window_00_frame_0 pair 136 [9, 1] combined 4096 players 0 retained 0 seconds 0.2277869670651853
am3_window_00_frame_0 pair 139 [9, 4] combined 0 players 0 retained 0 seconds 0.014262740965932608
am3_window_00_frame_0 pair 142 [9, 7] combined 7168 players 104 retained 52 seconds 0.09099396830424666
am3_window_00_frame_0 pair 151 [10, 1] combined 110592 players 20852 retained 256 seconds 1.2730685081332922
am3_window_00_frame_0 pair 152 [10, 2] combined 121856 players 1838 retained 256 seconds 0.518590247258544
am3_window_00_frame_0 pair 157 [10, 7] combined 108544 players 6240 retained 256 seconds 0.6075992099940777
am3_window_00_frame_0 pair 158 [10, 8] combined 153600 players 3340 retained 256 seconds 0.6067001172341406
am3_window_00_frame_0 pair 166 [11, 1] combined 2048 players 0 retained 0 seconds 0.22009715484455228
am3_window_00_frame_0 pair 169 [11, 4] combined 424 players 28 retained 14 seconds 0.04219986917451024
am3_window_00_frame_0 pair 172 [11, 7] combined 1024 players 0 retained 0 seconds 0.04229668201878667
am3_window_00_frame_0 pair 182 [12, 2] combined 53248 players 1498 retained 256 seconds 0.3159112171269953
am3_window_00_frame_0 pair 187 [12, 7] combined 82944 players 3728 retained 256 seconds 0.4580961549654603
am3_window_00_frame_0 pair 188 [12, 8] combined 117760 players 3476 retained 256 seconds 0.5088896467350423
am3_window_00_frame_0 pair 196 [13, 1] combined 262144 players 99456 retained 256 seconds 5.041270839050412
am3_window_00_frame_0 pair 197 [13, 2] combined 262144 players 34124 retained 256 seconds 2.6922997762449086
am3_window_00_frame_0 pair 199 [13, 4] combined 67584 players 20558 retained 256 seconds 1.6544111212715507
am3_window_00_frame_0 pair 202 [13, 7] combined 262144 players 93176 retained 256 seconds 4.165791980922222
am3_window_00_frame_0 pair 203 [13, 8] combined 262144 players 16220 retained 256 seconds 2.041937288828194
am3_window_00_frame_0 pair 211 [14, 1] combined 262144 players 103658 retained 256 seconds 5.14264249522239
am3_window_00_frame_0 pair 212 [14, 2] combined 262144 players 37330 retained 256 seconds 2.6965583181008697
am3_window_00_frame_0 pair 214 [14, 4] combined 71680 players 22772 retained 256 seconds 1.474951689131558
am3_window_00_frame_0 pair 217 [14, 7] combined 262144 players 95964 retained 256 seconds 4.465157375205308
am3_window_00_frame_0 pair 218 [14, 8] combined 262144 players 30758 retained 256 seconds 2.504588969051838
am3_window_00_frame_0 pair 226 [15, 1] combined 262144 players 110042 retained 256 seconds 5.516977393068373
am3_window_00_frame_0 pair 227 [15, 2] combined 262144 players 32644 retained 256 seconds 2.6083373581059277
am3_window_00_frame_0 pair 229 [15, 4] combined 87040 players 29166 retained 256 seconds 1.765143140219152
am3_window_00_frame_0 pair 232 [15, 7] combined 262144 players 91220 retained 256 seconds 4.67859376128763
am3_window_00_frame_0 pair 233 [15, 8] combined 262144 players 16100 retained 256 seconds 1.9797597546130419
[am3_window_00_frame_0] generating G1
am3_window_00_frame_0 pair 0 [0, 1] combined 1344 players 530 retained 256 seconds 0.08529492188245058
am3_window_00_frame_0 pair 1 [0, 2] combined 11264 players 1950 retained 256 seconds 0.17191930394619703
am3_window_00_frame_0 pair 3 [0, 4] combined 80 players 30 retained 15 seconds 0.03593315789476037
am3_window_00_frame_0 pair 6 [0, 7] combined 0 players 0 retained 0 seconds 0.005494521930813789
am3_window_00_frame_0 pair 7 [0, 8] combined 0 players 0 retained 0 seconds 0.006880085915327072
am3_window_00_frame_0 pair 15 [1, 0] combined 4560 players 1900 retained 256 seconds 0.1446625809185207
am3_window_00_frame_0 pair 16 [1, 2] combined 47232 players 19344 retained 256 seconds 0.858849760144949
am3_window_00_frame_0 pair 17 [1, 3] combined 8024 players 2534 retained 256 seconds 0.1775117521174252
am3_window_00_frame_0 pair 19 [1, 5] combined 732 players 116 retained 58 seconds 0.05070480005815625
am3_window_00_frame_0 pair 20 [1, 6] combined 1764 players 384 retained 192 seconds 0.07486065803095698
am3_window_00_frame_0 pair 23 [1, 9] combined 0 players 0 retained 0 seconds 0.017217701766639948
am3_window_00_frame_0 pair 24 [1, 10] combined 0 players 0 retained 0 seconds 0.012705665081739426
am3_window_00_frame_0 pair 25 [1, 11] combined 0 players 0 retained 0 seconds 0.014798791147768497
am3_window_00_frame_0 pair 27 [1, 13] combined 12688 players 4558 retained 256 seconds 0.26476007932797074
am3_window_00_frame_0 pair 28 [1, 14] combined 6240 players 1896 retained 256 seconds 0.15098045207560062
am3_window_00_frame_0 pair 29 [1, 15] combined 13224 players 4792 retained 256 seconds 0.25875547993928194
am3_window_00_frame_0 pair 30 [2, 0] combined 7220 players 1040 retained 256 seconds 0.12240666290745139
am3_window_00_frame_0 pair 31 [2, 1] combined 26964 players 10882 retained 256 seconds 0.5314181386493146
am3_window_00_frame_0 pair 32 [2, 3] combined 24700 players 3236 retained 256 seconds 0.2470756322145462
am3_window_00_frame_0 pair 33 [2, 4] combined 1224 players 398 retained 147 seconds 0.07384408498182893
am3_window_00_frame_0 pair 34 [2, 5] combined 0 players 0 retained 0 seconds 0.01697257813066244
am3_window_00_frame_0 pair 35 [2, 6] combined 9108 players 50 retained 26 seconds 0.06890229089185596
am3_window_00_frame_0 pair 36 [2, 7] combined 0 players 0 retained 0 seconds 0.016953071113675833
am3_window_00_frame_0 pair 39 [2, 10] combined 0 players 0 retained 0 seconds 0.018556503113359213
am3_window_00_frame_0 pair 41 [2, 12] combined 0 players 0 retained 0 seconds 0.018170706927776337
am3_window_00_frame_0 pair 42 [2, 13] combined 20800 players 4112 retained 256 seconds 0.26291872514411807
am3_window_00_frame_0 pair 43 [2, 14] combined 10752 players 2292 retained 256 seconds 0.17639690404757857
am3_window_00_frame_0 pair 44 [2, 15] combined 22464 players 4266 retained 256 seconds 0.27681836020201445
am3_window_00_frame_0 pair 46 [3, 1] combined 3456 players 1302 retained 256 seconds 0.11821260116994381
am3_window_00_frame_0 pair 47 [3, 2] combined 21504 players 3220 retained 256 seconds 0.24029576871544123
am3_window_00_frame_0 pair 48 [3, 4] combined 192 players 96 retained 42 seconds 0.04103301279246807
am3_window_00_frame_0 pair 51 [3, 7] combined 0 players 0 retained 0 seconds 0.007459777407348156
am3_window_00_frame_0 pair 52 [3, 8] combined 0 players 0 retained 0 seconds 0.22058728011325002
am3_window_00_frame_0 pair 60 [4, 0] combined 60 players 22 retained 11 seconds 0.03426812309771776
am3_window_00_frame_0 pair 62 [4, 2] combined 1488 players 418 retained 169 seconds 0.07612556824460626
am3_window_00_frame_0 pair 63 [4, 3] combined 124 players 22 retained 9 seconds 0.03680249582976103
am3_window_00_frame_0 pair 64 [4, 5] combined 4 players 2 retained 1 seconds 0.030607539229094982
am3_window_00_frame_0 pair 68 [4, 9] combined 0 players 0 retained 0 seconds 0.004698601085692644
am3_window_00_frame_0 pair 70 [4, 11] combined 0 players 0 retained 0 seconds 0.004453128203749657
am3_window_00_frame_0 pair 72 [4, 13] combined 196 players 42 retained 21 seconds 0.03827124973759055
am3_window_00_frame_0 pair 73 [4, 14] combined 100 players 20 retained 10 seconds 0.034503065049648285
am3_window_00_frame_0 pair 74 [4, 15] combined 588 players 42 retained 21 seconds 0.03979484969750047
am3_window_00_frame_0 pair 76 [5, 1] combined 0 players 0 retained 0 seconds 0.013085431884974241
am3_window_00_frame_0 pair 77 [5, 2] combined 0 players 0 retained 0 seconds 0.017518943175673485
am3_window_00_frame_0 pair 79 [5, 4] combined 0 players 0 retained 0 seconds 0.005050635896623135
am3_window_00_frame_0 pair 81 [5, 7] combined 0 players 0 retained 0 seconds 0.0031506181694567204
am3_window_00_frame_0 pair 82 [5, 8] combined 0 players 0 retained 0 seconds 0.0035707741044461727
am3_window_00_frame_0 pair 91 [6, 1] combined 1680 players 264 retained 132 seconds 0.05889452574774623
am3_window_00_frame_0 pair 92 [6, 2] combined 18392 players 90 retained 45 seconds 0.09460287261754274
am3_window_00_frame_0 pair 96 [6, 7] combined 0 players 0 retained 0 seconds 0.003922536037862301
am3_window_00_frame_0 pair 97 [6, 8] combined 0 players 0 retained 0 seconds 0.0036482997238636017
am3_window_00_frame_0 pair 105 [7, 0] combined 0 players 0 retained 0 seconds 0.005147065967321396
am3_window_00_frame_0 pair 107 [7, 2] combined 0 players 0 retained 0 seconds 0.015617990400642157
am3_window_00_frame_0 pair 108 [7, 3] combined 0 players 0 retained 0 seconds 0.007012729998677969
am3_window_00_frame_0 pair 110 [7, 5] combined 0 players 0 retained 0 seconds 0.0033398880623281
am3_window_00_frame_0 pair 111 [7, 6] combined 0 players 0 retained 0 seconds 0.0032349517568945885
am3_window_00_frame_0 pair 113 [7, 9] combined 0 players 0 retained 0 seconds 0.0018025333993136883
am3_window_00_frame_0 pair 114 [7, 10] combined 0 players 0 retained 0 seconds 0.0017521991394460201
am3_window_00_frame_0 pair 115 [7, 11] combined 0 players 0 retained 0 seconds 0.0016545746475458145
am3_window_00_frame_0 pair 116 [7, 12] combined 0 players 0 retained 0 seconds 0.0016569839790463448
am3_window_00_frame_0 pair 117 [7, 13] combined 0 players 0 retained 0 seconds 0.007641954813152552
am3_window_00_frame_0 pair 118 [7, 14] combined 0 players 0 retained 0 seconds 0.005448705051094294
am3_window_00_frame_0 pair 119 [7, 15] combined 0 players 0 retained 0 seconds 0.007825455162674189
am3_window_00_frame_0 pair 120 [8, 0] combined 0 players 0 retained 0 seconds 0.005588604137301445
am3_window_00_frame_0 pair 123 [8, 3] combined 0 players 0 retained 0 seconds 0.007569135166704655
am3_window_00_frame_0 pair 125 [8, 5] combined 0 players 0 retained 0 seconds 0.0035361526533961296
am3_window_00_frame_0 pair 126 [8, 6] combined 0 players 0 retained 0 seconds 0.0035774288699030876
am3_window_00_frame_0 pair 129 [8, 10] combined 0 players 0 retained 0 seconds 0.0024271849542856216
am3_window_00_frame_0 pair 131 [8, 12] combined 0 players 0 retained 0 seconds 0.0023672478273510933
am3_window_00_frame_0 pair 132 [8, 13] combined 0 players 0 retained 0 seconds 0.008014713879674673
am3_window_00_frame_0 pair 133 [8, 14] combined 0 players 0 retained 0 seconds 0.006185759324580431
am3_window_00_frame_0 pair 134 [8, 15] combined 0 players 0 retained 0 seconds 0.0079575190320611
am3_window_00_frame_0 pair 136 [9, 1] combined 0 players 0 retained 0 seconds 0.010842634830623865
am3_window_00_frame_0 pair 139 [9, 4] combined 0 players 0 retained 0 seconds 0.003698286134749651
am3_window_00_frame_0 pair 142 [9, 7] combined 0 players 0 retained 0 seconds 0.0018444294109940529
am3_window_00_frame_0 pair 151 [10, 1] combined 0 players 0 retained 0 seconds 0.010297420900315046
am3_window_00_frame_0 pair 152 [10, 2] combined 0 players 0 retained 0 seconds 0.014832211192697287
am3_window_00_frame_0 pair 157 [10, 7] combined 0 players 0 retained 0 seconds 0.0019671269692480564
am3_window_00_frame_0 pair 158 [10, 8] combined 0 players 0 retained 0 seconds 0.0023030838929116726
am3_window_00_frame_0 pair 166 [11, 1] combined 0 players 0 retained 0 seconds 0.010730564128607512
am3_window_00_frame_0 pair 169 [11, 4] combined 0 players 0 retained 0 seconds 0.0035668928176164627
am3_window_00_frame_0 pair 172 [11, 7] combined 0 players 0 retained 0 seconds 0.0018904791213572025
am3_window_00_frame_0 pair 182 [12, 2] combined 0 players 0 retained 0 seconds 0.015064765699207783
am3_window_00_frame_0 pair 187 [12, 7] combined 0 players 0 retained 0 seconds 0.0020376183092594147
am3_window_00_frame_0 pair 188 [12, 8] combined 0 players 0 retained 0 seconds 0.002301985863596201
am3_window_00_frame_0 pair 196 [13, 1] combined 5088 players 1948 retained 256 seconds 0.14648048765957355
am3_window_00_frame_0 pair 197 [13, 2] combined 37888 players 7952 retained 256 seconds 0.43690216820687056
am3_window_00_frame_0 pair 199 [13, 4] combined 500 players 200 retained 100 seconds 0.051527794916182756
am3_window_00_frame_0 pair 202 [13, 7] combined 0 players 0 retained 0 seconds 0.007962896022945642
am3_window_00_frame_0 pair 203 [13, 8] combined 0 players 0 retained 0 seconds 0.009271671995520592
am3_window_00_frame_0 pair 211 [14, 1] combined 2240 players 820 retained 256 seconds 0.09445551317185163
am3_window_00_frame_0 pair 212 [14, 2] combined 20480 players 3524 retained 256 seconds 0.24185261828824878
am3_window_00_frame_0 pair 214 [14, 4] combined 160 players 60 retained 30 seconds 0.03716191602870822
am3_window_00_frame_0 pair 217 [14, 7] combined 0 players 0 retained 0 seconds 0.0057382588274776936
am3_window_00_frame_0 pair 218 [14, 8] combined 0 players 0 retained 0 seconds 0.006499708164483309
am3_window_00_frame_0 pair 226 [15, 1] combined 4416 players 1642 retained 256 seconds 0.13517371099442244
am3_window_00_frame_0 pair 227 [15, 2] combined 34816 players 7412 retained 256 seconds 0.42579281609505415
am3_window_00_frame_0 pair 229 [15, 4] combined 672 players 288 retained 144 seconds 0.05962474038824439
am3_window_00_frame_0 pair 232 [15, 7] combined 0 players 0 retained 0 seconds 0.008318811189383268
am3_window_00_frame_0 pair 233 [15, 8] combined 0 players 0 retained 0 seconds 0.009331543929874897
[am3_window_00_frame_0 +0s] loading view and candidate populations
[am3_window_00_frame_0] line-template: preparing rectangles
[am3_window_00_frame_0 +10s] measuring 768 parents (G0=256, G1=256, line_template=256; conflicting geometry groups=0)
[am3_window_00_frame_0 +21s] parents 250/768
[am3_window_00_frame_0 +32s] parents 500/768
[am3_window_00_frame_0 +43s] parents 750/768
[am3_window_00_frame_0 +43s] refitting 768 parents
[am3_window_00_frame_0 +61s] refits 250/768; valid children=147
[am3_window_00_frame_0 +76s] refits 500/768; valid children=394
[am3_window_00_frame_0 +91s] refits 750/768; valid children=575
[am3_window_00_frame_0 +92s] ranking sensitivity thresholds
[am3_window_00_frame_0 +93s] saving evidence and arrays
[am3_window_00_frame_0 +110s] saved
{"case_id": "am3_window_00_frame_0", "direction_budget": 16, "run_wall_s": 357.04964170977473, "phases_s": {"prepare_view": 0.9249099330045283, "populations": 229.16322911297902, "w5_record": 110.29497204395011, "net_choice": 2.343658786267042, "stripe_polarity_refit": 2.322955060750246}, "bounded": "G1:43:171/child"}
