[sset_21_gloiZ_gTJaE_frame_00014336] generating G0
sset_21_gloiZ_gTJaE_frame_00014336 pair 1 [0, 2] combined 6392 players 3150 retained 256 seconds 0.20175944501534104
sset_21_gloiZ_gTJaE_frame_00014336 pair 3 [0, 4] combined 84 players 42 retained 21 seconds 0.04121436923742294
sset_21_gloiZ_gTJaE_frame_00014336 pair 6 [0, 7] combined 924 players 462 retained 231 seconds 0.07954558171331882
sset_21_gloiZ_gTJaE_frame_00014336 pair 13 [0, 14] combined 0 players 0 retained 0 seconds 0.009605712722986937
sset_21_gloiZ_gTJaE_frame_00014336 pair 16 [1, 2] combined 4380 players 298 retained 149 seconds 0.08251212630420923
sset_21_gloiZ_gTJaE_frame_00014336 pair 19 [1, 5] combined 1344 players 0 retained 0 seconds 0.016061910893768072
sset_21_gloiZ_gTJaE_frame_00014336 pair 20 [1, 6] combined 17892 players 0 retained 0 seconds 0.06651083193719387
sset_21_gloiZ_gTJaE_frame_00014336 pair 23 [1, 9] combined 14144 players 0 retained 0 seconds 0.05029774224385619
sset_21_gloiZ_gTJaE_frame_00014336 pair 30 [2, 0] combined 8940 players 4332 retained 256 seconds 0.2455911715514958
sset_21_gloiZ_gTJaE_frame_00014336 pair 31 [2, 1] combined 11264 players 1352 retained 256 seconds 0.15563397388905287
sset_21_gloiZ_gTJaE_frame_00014336 pair 32 [2, 3] combined 13300 players 220 retained 110 seconds 0.13921698788180947
sset_21_gloiZ_gTJaE_frame_00014336 pair 33 [2, 4] combined 1092 players 130 retained 65 seconds 0.04792091902345419
sset_21_gloiZ_gTJaE_frame_00014336 pair 37 [2, 8] combined 4752 players 0 retained 0 seconds 0.020898680668324232
sset_21_gloiZ_gTJaE_frame_00014336 pair 39 [2, 10] combined 408 players 0 retained 0 seconds 0.008171210996806622
sset_21_gloiZ_gTJaE_frame_00014336 pair 40 [2, 11] combined 6028 players 1112 retained 256 seconds 0.1145794028416276
sset_21_gloiZ_gTJaE_frame_00014336 pair 41 [2, 12] combined 2064 players 1032 retained 256 seconds 0.10457588313147426
sset_21_gloiZ_gTJaE_frame_00014336 pair 42 [2, 13] combined 13524 players 0 retained 0 seconds 0.04795507714152336
sset_21_gloiZ_gTJaE_frame_00014336 pair 43 [2, 14] combined 648 players 0 retained 0 seconds 0.009198946878314018
sset_21_gloiZ_gTJaE_frame_00014336 pair 47 [3, 2] combined 7168 players 76 retained 38 seconds 0.06869760807603598
sset_21_gloiZ_gTJaE_frame_00014336 pair 60 [4, 0] combined 0 players 0 retained 0 seconds 0.019200617913156748
sset_21_gloiZ_gTJaE_frame_00014336 pair 62 [4, 2] combined 0 players 0 retained 0 seconds 0.01856336183845997
sset_21_gloiZ_gTJaE_frame_00014336 pair 64 [4, 5] combined 188 players 0 retained 0 seconds 0.010580350179225206
sset_21_gloiZ_gTJaE_frame_00014336 pair 65 [4, 6] combined 632 players 0 retained 0 seconds 0.011145676951855421
sset_21_gloiZ_gTJaE_frame_00014336 pair 68 [4, 9] combined 5456 players 0 retained 0 seconds 0.02578597702085972
sset_21_gloiZ_gTJaE_frame_00014336 pair 69 [4, 10] combined 24 players 0 retained 0 seconds 0.005542050115764141
sset_21_gloiZ_gTJaE_frame_00014336 pair 71 [4, 12] combined 0 players 0 retained 0 seconds 0.008188257925212383
sset_21_gloiZ_gTJaE_frame_00014336 pair 76 [5, 1] combined 13312 players 24 retained 12 seconds 0.08856200473383069
sset_21_gloiZ_gTJaE_frame_00014336 pair 79 [5, 4] combined 176 players 4 retained 2 seconds 0.03556462377309799
sset_21_gloiZ_gTJaE_frame_00014336 pair 81 [5, 7] combined 288 players 12 retained 6 seconds 0.03668066393584013
sset_21_gloiZ_gTJaE_frame_00014336 pair 82 [5, 8] combined 0 players 0 retained 0 seconds 0.00609389366582036
sset_21_gloiZ_gTJaE_frame_00014336 pair 85 [5, 11] combined 1392 players 2 retained 1 seconds 0.03992362879216671
sset_21_gloiZ_gTJaE_frame_00014336 pair 88 [5, 14] combined 0 players 0 retained 0 seconds 0.006020346190780401
sset_21_gloiZ_gTJaE_frame_00014336 pair 89 [5, 15] combined 16 players 0 retained 0 seconds 0.004543208051472902
sset_21_gloiZ_gTJaE_frame_00014336 pair 91 [6, 1] combined 0 players 0 retained 0 seconds 0.028967469930648804
sset_21_gloiZ_gTJaE_frame_00014336 pair 94 [6, 4] combined 140 players 4 retained 2 seconds 0.03468607412651181
sset_21_gloiZ_gTJaE_frame_00014336 pair 96 [6, 7] combined 96 players 4 retained 2 seconds 0.03552762605249882
sset_21_gloiZ_gTJaE_frame_00014336 pair 100 [6, 11] combined 616 players 0 retained 0 seconds 0.012011254206299782
sset_21_gloiZ_gTJaE_frame_00014336 pair 103 [6, 14] combined 0 players 0 retained 0 seconds 0.005332962144166231
sset_21_gloiZ_gTJaE_frame_00014336 pair 104 [6, 15] combined 12 players 0 retained 0 seconds 0.00440581189468503
sset_21_gloiZ_gTJaE_frame_00014336 pair 105 [7, 0] combined 0 players 0 retained 0 seconds 0.018726909067481756
sset_21_gloiZ_gTJaE_frame_00014336 pair 110 [7, 5] combined 0 players 0 retained 0 seconds 0.010851541068404913
sset_21_gloiZ_gTJaE_frame_00014336 pair 111 [7, 6] combined 0 players 0 retained 0 seconds 0.010498208925127983
sset_21_gloiZ_gTJaE_frame_00014336 pair 113 [7, 9] combined 0 players 0 retained 0 seconds 0.00937637872993946
sset_21_gloiZ_gTJaE_frame_00014336 pair 114 [7, 10] combined 48 players 0 retained 0 seconds 0.005283443257212639
sset_21_gloiZ_gTJaE_frame_00014336 pair 116 [7, 12] combined 0 players 0 retained 0 seconds 0.008453832007944584
sset_21_gloiZ_gTJaE_frame_00014336 pair 122 [8, 2] combined 6656 players 0 retained 0 seconds 0.028868250083178282
sset_21_gloiZ_gTJaE_frame_00014336 pair 125 [8, 5] combined 16 players 0 retained 0 seconds 0.006098456215113401
sset_21_gloiZ_gTJaE_frame_00014336 pair 136 [9, 1] combined 1024 players 52 retained 26 seconds 0.06404729560017586
sset_21_gloiZ_gTJaE_frame_00014336 pair 139 [9, 4] combined 0 players 0 retained 0 seconds 0.00752958795055747
sset_21_gloiZ_gTJaE_frame_00014336 pair 142 [9, 7] combined 0 players 0 retained 0 seconds 0.008800617884844542
sset_21_gloiZ_gTJaE_frame_00014336 pair 145 [9, 11] combined 0 players 0 retained 0 seconds 0.009947392158210278
sset_21_gloiZ_gTJaE_frame_00014336 pair 148 [9, 14] combined 0 players 0 retained 0 seconds 0.004968483000993729
sset_21_gloiZ_gTJaE_frame_00014336 pair 149 [9, 15] combined 0 players 0 retained 0 seconds 0.004424109123647213
sset_21_gloiZ_gTJaE_frame_00014336 pair 152 [10, 2] combined 0 players 0 retained 0 seconds 0.015508094802498817
sset_21_gloiZ_gTJaE_frame_00014336 pair 154 [10, 4] combined 0 players 0 retained 0 seconds 0.006559036672115326
sset_21_gloiZ_gTJaE_frame_00014336 pair 157 [10, 7] combined 0 players 0 retained 0 seconds 0.007919097784906626
sset_21_gloiZ_gTJaE_frame_00014336 pair 163 [10, 14] combined 0 players 0 retained 0 seconds 0.00351683609187603
sset_21_gloiZ_gTJaE_frame_00014336 pair 164 [10, 15] combined 0 players 0 retained 0 seconds 0.0035078339278697968
sset_21_gloiZ_gTJaE_frame_00014336 pair 167 [11, 2] combined 2292 players 112 retained 56 seconds 0.13980486104264855
sset_21_gloiZ_gTJaE_frame_00014336 pair 170 [11, 5] combined 4312 players 0 retained 0 seconds 0.02286767726764083
sset_21_gloiZ_gTJaE_frame_00014336 pair 171 [11, 6] combined 3240 players 54 retained 27 seconds 0.05056255590170622
sset_21_gloiZ_gTJaE_frame_00014336 pair 174 [11, 9] combined 10868 players 96 retained 48 seconds 0.07016994571313262
sset_21_gloiZ_gTJaE_frame_00014336 pair 182 [12, 2] combined 2664 players 1318 retained 256 seconds 0.11374454572796822
sset_21_gloiZ_gTJaE_frame_00014336 pair 184 [12, 4] combined 80 players 40 retained 20 seconds 0.03750894917175174
sset_21_gloiZ_gTJaE_frame_00014336 pair 187 [12, 7] combined 784 players 392 retained 176 seconds 0.06667197402566671
sset_21_gloiZ_gTJaE_frame_00014336 pair 193 [12, 14] combined 0 players 0 retained 0 seconds 0.006675751879811287
sset_21_gloiZ_gTJaE_frame_00014336 pair 194 [12, 15] combined 64 players 32 retained 16 seconds 0.03431177698075771
sset_21_gloiZ_gTJaE_frame_00014336 pair 197 [13, 2] combined 4800 players 264 retained 132 seconds 0.08595681702718139
sset_21_gloiZ_gTJaE_frame_00014336 pair 210 [14, 0] combined 0 players 0 retained 0 seconds 0.016438226215541363
sset_21_gloiZ_gTJaE_frame_00014336 pair 212 [14, 2] combined 0 players 0 retained 0 seconds 0.017324144951999187
sset_21_gloiZ_gTJaE_frame_00014336 pair 215 [14, 5] combined 240 players 8 retained 4 seconds 0.03794501069933176
sset_21_gloiZ_gTJaE_frame_00014336 pair 216 [14, 6] combined 0 players 0 retained 0 seconds 0.0091466149315238
sset_21_gloiZ_gTJaE_frame_00014336 pair 219 [14, 9] combined 0 players 0 retained 0 seconds 0.0066454000771045685
sset_21_gloiZ_gTJaE_frame_00014336 pair 220 [14, 10] combined 0 players 0 retained 0 seconds 0.00392120610922575
sset_21_gloiZ_gTJaE_frame_00014336 pair 222 [14, 12] combined 0 players 0 retained 0 seconds 0.006551344878971577
sset_21_gloiZ_gTJaE_frame_00014336 pair 230 [15, 5] combined 0 players 0 retained 0 seconds 0.008837802801281214
sset_21_gloiZ_gTJaE_frame_00014336 pair 231 [15, 6] combined 0 players 0 retained 0 seconds 0.008359309285879135
sset_21_gloiZ_gTJaE_frame_00014336 pair 234 [15, 9] combined 0 players 0 retained 0 seconds 0.007606628350913525
sset_21_gloiZ_gTJaE_frame_00014336 pair 235 [15, 10] combined 0 players 0 retained 0 seconds 0.004793363623321056
sset_21_gloiZ_gTJaE_frame_00014336 pair 237 [15, 12] combined 0 players 0 retained 0 seconds 0.007045647129416466
[sset_21_gloiZ_gTJaE_frame_00014336] generating G1
sset_21_gloiZ_gTJaE_frame_00014336 pair 1 [0, 2] combined 0 players 0 retained 0 seconds 0.008630404714494944
sset_21_gloiZ_gTJaE_frame_00014336 pair 3 [0, 4] combined 0 players 0 retained 0 seconds 0.0037532723508775234
sset_21_gloiZ_gTJaE_frame_00014336 pair 6 [0, 7] combined 0 players 0 retained 0 seconds 0.003832627087831497
sset_21_gloiZ_gTJaE_frame_00014336 pair 13 [0, 14] combined 0 players 0 retained 0 seconds 0.00288988184183836
sset_21_gloiZ_gTJaE_frame_00014336 pair 16 [1, 2] combined 588 players 90 retained 45 seconds 0.04316888703033328
sset_21_gloiZ_gTJaE_frame_00014336 pair 19 [1, 5] combined 132 players 0 retained 0 seconds 0.0057946159504354
sset_21_gloiZ_gTJaE_frame_00014336 pair 20 [1, 6] combined 1016 players 0 retained 0 seconds 0.01179254800081253
sset_21_gloiZ_gTJaE_frame_00014336 pair 23 [1, 9] combined 0 players 0 retained 0 seconds 0.006324957124888897
sset_21_gloiZ_gTJaE_frame_00014336 pair 30 [2, 0] combined 0 players 0 retained 0 seconds 0.005013934336602688
sset_21_gloiZ_gTJaE_frame_00014336 pair 31 [2, 1] combined 224 players 112 retained 56 seconds 0.04081214079633355
sset_21_gloiZ_gTJaE_frame_00014336 pair 32 [2, 3] combined 468 players 0 retained 0 seconds 0.006933515891432762
sset_21_gloiZ_gTJaE_frame_00014336 pair 33 [2, 4] combined 32 players 16 retained 8 seconds 0.033362256828695536
sset_21_gloiZ_gTJaE_frame_00014336 pair 37 [2, 8] combined 168 players 0 retained 0 seconds 0.005310577806085348
sset_21_gloiZ_gTJaE_frame_00014336 pair 39 [2, 10] combined 0 players 0 retained 0 seconds 0.004349809605628252
sset_21_gloiZ_gTJaE_frame_00014336 pair 40 [2, 11] combined 240 players 84 retained 42 seconds 0.03822959680110216
sset_21_gloiZ_gTJaE_frame_00014336 pair 41 [2, 12] combined 84 players 42 retained 21 seconds 0.03800568729639053
sset_21_gloiZ_gTJaE_frame_00014336 pair 42 [2, 13] combined 0 players 0 retained 0 seconds 0.004904320929199457
sset_21_gloiZ_gTJaE_frame_00014336 pair 43 [2, 14] combined 0 players 0 retained 0 seconds 0.003855835646390915
sset_21_gloiZ_gTJaE_frame_00014336 pair 47 [3, 2] combined 372 players 2 retained 1 seconds 0.03662717901170254
sset_21_gloiZ_gTJaE_frame_00014336 pair 60 [4, 0] combined 0 players 0 retained 0 seconds 0.00394812598824501
sset_21_gloiZ_gTJaE_frame_00014336 pair 62 [4, 2] combined 0 players 0 retained 0 seconds 0.008394184987992048
sset_21_gloiZ_gTJaE_frame_00014336 pair 64 [4, 5] combined 0 players 0 retained 0 seconds 0.0036246920935809612
sset_21_gloiZ_gTJaE_frame_00014336 pair 65 [4, 6] combined 0 players 0 retained 0 seconds 0.005762534216046333
sset_21_gloiZ_gTJaE_frame_00014336 pair 68 [4, 9] combined 0 players 0 retained 0 seconds 0.0040540690533816814
sset_21_gloiZ_gTJaE_frame_00014336 pair 69 [4, 10] combined 0 players 0 retained 0 seconds 0.0029865577816963196
sset_21_gloiZ_gTJaE_frame_00014336 pair 71 [4, 12] combined 0 players 0 retained 0 seconds 0.003471614792943001
sset_21_gloiZ_gTJaE_frame_00014336 pair 76 [5, 1] combined 0 players 0 retained 0 seconds 0.005944256205111742
sset_21_gloiZ_gTJaE_frame_00014336 pair 79 [5, 4] combined 0 players 0 retained 0 seconds 0.0034526539966464043
sset_21_gloiZ_gTJaE_frame_00014336 pair 81 [5, 7] combined 4 players 0 retained 0 seconds 0.0034529599361121655
sset_21_gloiZ_gTJaE_frame_00014336 pair 82 [5, 8] combined 0 players 0 retained 0 seconds 0.003609501291066408
sset_21_gloiZ_gTJaE_frame_00014336 pair 85 [5, 11] combined 32 players 0 retained 0 seconds 0.003957194741815329
sset_21_gloiZ_gTJaE_frame_00014336 pair 88 [5, 14] combined 0 players 0 retained 0 seconds 0.002572665922343731
sset_21_gloiZ_gTJaE_frame_00014336 pair 89 [5, 15] combined 0 players 0 retained 0 seconds 0.0028075831942260265
sset_21_gloiZ_gTJaE_frame_00014336 pair 91 [6, 1] combined 0 players 0 retained 0 seconds 0.010033782105892897
sset_21_gloiZ_gTJaE_frame_00014336 pair 94 [6, 4] combined 0 players 0 retained 0 seconds 0.004231941886246204
sset_21_gloiZ_gTJaE_frame_00014336 pair 96 [6, 7] combined 0 players 0 retained 0 seconds 0.0039429920725524426
sset_21_gloiZ_gTJaE_frame_00014336 pair 100 [6, 11] combined 28 players 0 retained 0 seconds 0.004392959177494049
sset_21_gloiZ_gTJaE_frame_00014336 pair 103 [6, 14] combined 0 players 0 retained 0 seconds 0.0031928489916026592
sset_21_gloiZ_gTJaE_frame_00014336 pair 104 [6, 15] combined 0 players 0 retained 0 seconds 0.003483579959720373
sset_21_gloiZ_gTJaE_frame_00014336 pair 105 [7, 0] combined 0 players 0 retained 0 seconds 0.0032297400757670403
sset_21_gloiZ_gTJaE_frame_00014336 pair 110 [7, 5] combined 0 players 0 retained 0 seconds 0.003554870840162039
sset_21_gloiZ_gTJaE_frame_00014336 pair 111 [7, 6] combined 0 players 0 retained 0 seconds 0.006034967955201864
sset_21_gloiZ_gTJaE_frame_00014336 pair 113 [7, 9] combined 0 players 0 retained 0 seconds 0.004476823844015598
sset_21_gloiZ_gTJaE_frame_00014336 pair 114 [7, 10] combined 0 players 0 retained 0 seconds 0.0027344487607479095
sset_21_gloiZ_gTJaE_frame_00014336 pair 116 [7, 12] combined 0 players 0 retained 0 seconds 0.0033608777448534966
sset_21_gloiZ_gTJaE_frame_00014336 pair 122 [8, 2] combined 1232 players 0 retained 0 seconds 0.00901825912296772
sset_21_gloiZ_gTJaE_frame_00014336 pair 125 [8, 5] combined 0 players 0 retained 0 seconds 0.003232288174331188
sset_21_gloiZ_gTJaE_frame_00014336 pair 136 [9, 1] combined 0 players 0 retained 0 seconds 0.011516527738422155
sset_21_gloiZ_gTJaE_frame_00014336 pair 139 [9, 4] combined 0 players 0 retained 0 seconds 0.0035689296200871468
sset_21_gloiZ_gTJaE_frame_00014336 pair 142 [9, 7] combined 0 players 0 retained 0 seconds 0.003345708828419447
sset_21_gloiZ_gTJaE_frame_00014336 pair 145 [9, 11] combined 0 players 0 retained 0 seconds 0.0034668962471187115
sset_21_gloiZ_gTJaE_frame_00014336 pair 148 [9, 14] combined 0 players 0 retained 0 seconds 0.002702264115214348
sset_21_gloiZ_gTJaE_frame_00014336 pair 149 [9, 15] combined 0 players 0 retained 0 seconds 0.0028448328375816345
sset_21_gloiZ_gTJaE_frame_00014336 pair 152 [10, 2] combined 0 players 0 retained 0 seconds 0.0063885836862027645
sset_21_gloiZ_gTJaE_frame_00014336 pair 154 [10, 4] combined 0 players 0 retained 0 seconds 0.0027584689669311047
sset_21_gloiZ_gTJaE_frame_00014336 pair 157 [10, 7] combined 0 players 0 retained 0 seconds 0.0028470931574702263
sset_21_gloiZ_gTJaE_frame_00014336 pair 163 [10, 14] combined 0 players 0 retained 0 seconds 0.0024401419796049595
sset_21_gloiZ_gTJaE_frame_00014336 pair 164 [10, 15] combined 0 players 0 retained 0 seconds 0.0024065799079835415
sset_21_gloiZ_gTJaE_frame_00014336 pair 167 [11, 2] combined 0 players 0 retained 0 seconds 0.007439041044563055
sset_21_gloiZ_gTJaE_frame_00014336 pair 170 [11, 5] combined 0 players 0 retained 0 seconds 0.0036338618956506252
sset_21_gloiZ_gTJaE_frame_00014336 pair 171 [11, 6] combined 0 players 0 retained 0 seconds 0.0064607649110257626
sset_21_gloiZ_gTJaE_frame_00014336 pair 174 [11, 9] combined 248 players 0 retained 0 seconds 0.00567588908597827
sset_21_gloiZ_gTJaE_frame_00014336 pair 182 [12, 2] combined 0 players 0 retained 0 seconds 0.006875951774418354
sset_21_gloiZ_gTJaE_frame_00014336 pair 184 [12, 4] combined 0 players 0 retained 0 seconds 0.003181925043463707
sset_21_gloiZ_gTJaE_frame_00014336 pair 187 [12, 7] combined 0 players 0 retained 0 seconds 0.0034505948424339294
sset_21_gloiZ_gTJaE_frame_00014336 pair 193 [12, 14] combined 0 players 0 retained 0 seconds 0.002948253881186247
sset_21_gloiZ_gTJaE_frame_00014336 pair 194 [12, 15] combined 0 players 0 retained 0 seconds 0.002672351896762848
sset_21_gloiZ_gTJaE_frame_00014336 pair 197 [13, 2] combined 0 players 0 retained 0 seconds 0.007599902804940939
sset_21_gloiZ_gTJaE_frame_00014336 pair 210 [14, 0] combined 0 players 0 retained 0 seconds 0.003037428017705679
sset_21_gloiZ_gTJaE_frame_00014336 pair 212 [14, 2] combined 0 players 0 retained 0 seconds 0.007478986866772175
sset_21_gloiZ_gTJaE_frame_00014336 pair 215 [14, 5] combined 0 players 0 retained 0 seconds 0.003384831827133894
sset_21_gloiZ_gTJaE_frame_00014336 pair 216 [14, 6] combined 0 players 0 retained 0 seconds 0.004993095062673092
sset_21_gloiZ_gTJaE_frame_00014336 pair 219 [14, 9] combined 0 players 0 retained 0 seconds 0.0027736532501876354
sset_21_gloiZ_gTJaE_frame_00014336 pair 220 [14, 10] combined 0 players 0 retained 0 seconds 0.0023767277598381042
sset_21_gloiZ_gTJaE_frame_00014336 pair 222 [14, 12] combined 0 players 0 retained 0 seconds 0.0029222401790320873
sset_21_gloiZ_gTJaE_frame_00014336 pair 230 [15, 5] combined 0 players 0 retained 0 seconds 0.0033594323322176933
sset_21_gloiZ_gTJaE_frame_00014336 pair 231 [15, 6] combined 0 players 0 retained 0 seconds 0.005708687007427216
sset_21_gloiZ_gTJaE_frame_00014336 pair 234 [15, 9] combined 0 players 0 retained 0 seconds 0.0035038073547184467
sset_21_gloiZ_gTJaE_frame_00014336 pair 235 [15, 10] combined 0 players 0 retained 0 seconds 0.0025557419285178185
sset_21_gloiZ_gTJaE_frame_00014336 pair 237 [15, 12] combined 0 players 0 retained 0 seconds 0.0031943470239639282
[sset_21_gloiZ_gTJaE_frame_00014336 +0s] loading view and candidate populations
[sset_21_gloiZ_gTJaE_frame_00014336] line-template: preparing rectangles
[sset_21_gloiZ_gTJaE_frame_00014336 +19s] measuring 685 parents (G0=256, G1=173, line_template=256; conflicting geometry groups=0)
[sset_21_gloiZ_gTJaE_frame_00014336 +25s] parents 250/685
[sset_21_gloiZ_gTJaE_frame_00014336 +31s] parents 500/685
[sset_21_gloiZ_gTJaE_frame_00014336 +36s] refitting 685 parents
[sset_21_gloiZ_gTJaE_frame_00014336 +45s] refits 250/685; valid children=169
[sset_21_gloiZ_gTJaE_frame_00014336 +58s] refits 500/685; valid children=209
[sset_21_gloiZ_gTJaE_frame_00014336 +65s] ranking sensitivity thresholds
[sset_21_gloiZ_gTJaE_frame_00014336 +65s] saving evidence and arrays
[sset_21_gloiZ_gTJaE_frame_00014336 +73s] saved
{"case_id": "sset_21_gloiZ_gTJaE_frame_00014336", "direction_budget": 16, "run_wall_s": 87.98166516982019, "phases_s": {"prepare_view": 0.3595329439267516, "populations": 11.787256292067468, "w5_record": 73.14384039491415, "net_choice": 0.6151891592890024, "stripe_polarity_refit": 1.0881372326985002}, "bounded": "G1:16:8"}
