[shuttleset_21_scene_0044] generating G0
shuttleset_21_scene_0044 pair 0 [0, 1] combined 262144 players 94524 retained 256 seconds 4.1635651821270585
shuttleset_21_scene_0044 pair 1 [0, 2] combined 262144 players 104538 retained 256 seconds 4.1634960188530385
shuttleset_21_scene_0044 pair 3 [0, 4] combined 58368 players 20378 retained 256 seconds 1.1886809431016445
shuttleset_21_scene_0044 pair 4 [0, 5] combined 53248 players 12000 retained 256 seconds 0.8672027266584337
shuttleset_21_scene_0044 pair 5 [0, 6] combined 163840 players 65412 retained 256 seconds 2.8199828253127635
shuttleset_21_scene_0044 pair 10 [0, 11] combined 262144 players 44844 retained 256 seconds 2.3721497831866145
shuttleset_21_scene_0044 pair 11 [0, 12] combined 143360 players 55156 retained 256 seconds 2.690425456967205
shuttleset_21_scene_0044 pair 12 [0, 13] combined 48128 players 13838 retained 256 seconds 0.8902847850695252
shuttleset_21_scene_0044 pair 14 [0, 15] combined 109568 players 23848 retained 256 seconds 1.3457668689079583
shuttleset_21_scene_0044 pair 15 [1, 0] combined 262144 players 101336 retained 256 seconds 4.217290295287967
shuttleset_21_scene_0044 pair 16 [1, 2] combined 262144 players 2182 retained 256 seconds 1.0354249170050025
shuttleset_21_scene_0044 pair 17 [1, 3] combined 262144 players 102252 retained 256 seconds 4.205339243635535
shuttleset_21_scene_0044 pair 24 [1, 10] combined 262144 players 71340 retained 256 seconds 3.3529212418943644
shuttleset_21_scene_0044 pair 25 [1, 11] combined 128000 players 37250 retained 256 seconds 1.729695979040116
shuttleset_21_scene_0044 pair 27 [1, 13] combined 12288 players 1544 retained 256 seconds 0.2592577440664172
shuttleset_21_scene_0044 pair 28 [1, 14] combined 8192 players 954 retained 256 seconds 0.21392479678615928
shuttleset_21_scene_0044 pair 29 [1, 15] combined 68608 players 6914 retained 256 seconds 0.5319081260822713
shuttleset_21_scene_0044 pair 30 [2, 0] combined 262144 players 113184 retained 256 seconds 4.520459357183427
shuttleset_21_scene_0044 pair 31 [2, 1] combined 262144 players 10792 retained 256 seconds 1.2358256042934954
shuttleset_21_scene_0044 pair 32 [2, 3] combined 262144 players 108338 retained 256 seconds 4.320977896917611
shuttleset_21_scene_0044 pair 33 [2, 4] combined 68608 players 2694 retained 256 seconds 0.509676958899945
shuttleset_21_scene_0044 pair 34 [2, 5] combined 69632 players 32 retained 16 seconds 0.3029845771379769
shuttleset_21_scene_0044 pair 38 [2, 9] combined 10240 players 64 retained 32 seconds 0.15813017589971423
shuttleset_21_scene_0044 pair 41 [2, 12] combined 262144 players 4652 retained 256 seconds 1.0404764907434583
shuttleset_21_scene_0044 pair 46 [3, 1] combined 262144 players 88066 retained 256 seconds 3.973199022002518
shuttleset_21_scene_0044 pair 47 [3, 2] combined 262144 players 94038 retained 256 seconds 4.197516157757491
shuttleset_21_scene_0044 pair 49 [3, 5] combined 55296 players 13616 retained 256 seconds 0.7357610431499779
shuttleset_21_scene_0044 pair 50 [3, 6] combined 140288 players 47496 retained 256 seconds 2.3282351717352867
shuttleset_21_scene_0044 pair 53 [3, 9] combined 23552 players 6162 retained 256 seconds 0.40804332215338945
shuttleset_21_scene_0044 pair 54 [3, 10] combined 262144 players 7196 retained 256 seconds 1.0399603978730738
shuttleset_21_scene_0044 pair 55 [3, 11] combined 257024 players 14290 retained 256 seconds 1.3164238170720637
shuttleset_21_scene_0044 pair 57 [3, 13] combined 52224 players 3934 retained 256 seconds 0.36715242825448513
shuttleset_21_scene_0044 pair 59 [3, 15] combined 146432 players 8634 retained 256 seconds 0.7603958179242909
shuttleset_21_scene_0044 pair 60 [4, 0] combined 67584 players 28322 retained 256 seconds 1.4385687462054193
shuttleset_21_scene_0044 pair 62 [4, 2] combined 64512 players 2882 retained 256 seconds 0.4647842347621918
shuttleset_21_scene_0044 pair 69 [4, 10] combined 76800 players 22562 retained 256 seconds 1.0781977428123355
shuttleset_21_scene_0044 pair 70 [4, 11] combined 16236 players 960 retained 256 seconds 0.15467081032693386
shuttleset_21_scene_0044 pair 72 [4, 13] combined 4600 players 216 retained 95 seconds 0.07397775817662477
shuttleset_21_scene_0044 pair 74 [4, 15] combined 3904 players 442 retained 221 seconds 0.08727428875863552
shuttleset_21_scene_0044 pair 75 [5, 0] combined 52224 players 19556 retained 256 seconds 1.1572597762569785
shuttleset_21_scene_0044 pair 77 [5, 2] combined 46080 players 1254 retained 256 seconds 0.3067031232640147
shuttleset_21_scene_0044 pair 78 [5, 3] combined 51200 players 19134 retained 256 seconds 0.9965013149194419
shuttleset_21_scene_0044 pair 85 [5, 11] combined 19520 players 1804 retained 256 seconds 0.19259869772940874
shuttleset_21_scene_0044 pair 87 [5, 13] combined 1764 players 80 retained 40 seconds 0.052427316550165415
shuttleset_21_scene_0044 pair 88 [5, 14] combined 2408 players 114 retained 57 seconds 0.05527751101180911
shuttleset_21_scene_0044 pair 89 [5, 15] combined 13132 players 338 retained 169 seconds 0.10450626304373145
shuttleset_21_scene_0044 pair 90 [6, 0] combined 87040 players 24630 retained 256 seconds 1.51266328105703
shuttleset_21_scene_0044 pair 93 [6, 3] combined 102400 players 40662 retained 256 seconds 1.9110050830058753
shuttleset_21_scene_0044 pair 112 [7, 8] combined 65536 players 14898 retained 256 seconds 0.7603429649025202
shuttleset_21_scene_0044 pair 118 [7, 14] combined 2688 players 544 retained 248 seconds 0.09652036940678954
shuttleset_21_scene_0044 pair 127 [8, 7] combined 35292 players 3888 retained 256 seconds 0.3150497069582343
shuttleset_21_scene_0044 pair 129 [8, 10] combined 160768 players 22838 retained 256 seconds 1.30233338708058
shuttleset_21_scene_0044 pair 130 [8, 11] combined 170372 players 3974 retained 256 seconds 0.6586261820048094
shuttleset_21_scene_0044 pair 137 [9, 2] combined 4096 players 0 retained 0 seconds 0.08641621330752969
shuttleset_21_scene_0044 pair 138 [9, 3] combined 3072 players 1342 retained 256 seconds 0.1459612501785159
shuttleset_21_scene_0044 pair 147 [9, 13] combined 280 players 0 retained 0 seconds 0.014492885209619999
shuttleset_21_scene_0044 pair 148 [9, 14] combined 160 players 0 retained 0 seconds 0.010834540240466595
shuttleset_21_scene_0044 pair 151 [10, 1] combined 262144 players 70644 retained 256 seconds 3.3985558981075883
shuttleset_21_scene_0044 pair 153 [10, 3] combined 262144 players 14818 retained 256 seconds 1.3500141319818795
shuttleset_21_scene_0044 pair 154 [10, 4] combined 46080 players 12680 retained 256 seconds 0.7773664952255785
shuttleset_21_scene_0044 pair 158 [10, 8] combined 212992 players 18878 retained 256 seconds 1.3434737250208855
shuttleset_21_scene_0044 pair 161 [10, 12] combined 131072 players 40136 retained 256 seconds 1.857179609593004
shuttleset_21_scene_0044 pair 163 [10, 14] combined 17408 players 412 retained 212 seconds 0.14452021988108754
shuttleset_21_scene_0044 pair 165 [11, 0] combined 185344 players 7018 retained 256 seconds 1.0426373169757426
shuttleset_21_scene_0044 pair 166 [11, 1] combined 82944 players 18252 retained 256 seconds 1.0566833261400461
shuttleset_21_scene_0044 pair 168 [11, 3] combined 262144 players 4694 retained 256 seconds 1.0049026566557586
shuttleset_21_scene_0044 pair 169 [11, 4] combined 37392 players 2650 retained 256 seconds 0.2535262112505734
shuttleset_21_scene_0044 pair 170 [11, 5] combined 21248 players 4798 retained 256 seconds 0.27655528113245964
shuttleset_21_scene_0044 pair 173 [11, 8] combined 153608 players 3486 retained 256 seconds 0.6206138501875103
shuttleset_21_scene_0044 pair 176 [11, 12] combined 71604 players 2452 retained 256 seconds 0.3762859543785453
shuttleset_21_scene_0044 pair 180 [12, 0] combined 173056 players 72372 retained 256 seconds 3.3512170519679785
shuttleset_21_scene_0044 pair 182 [12, 2] combined 77824 players 2822 retained 256 seconds 0.44993672939017415
shuttleset_21_scene_0044 pair 190 [12, 10] combined 185344 players 53350 retained 256 seconds 2.4637939860112965
shuttleset_21_scene_0044 pair 191 [12, 11] combined 28792 players 2548 retained 256 seconds 0.2475448939949274
shuttleset_21_scene_0044 pair 192 [12, 13] combined 8520 players 312 retained 156 seconds 0.10461681988090277
shuttleset_21_scene_0044 pair 194 [12, 15] combined 28980 players 2122 retained 256 seconds 0.21969321090728045
shuttleset_21_scene_0044 pair 195 [13, 0] combined 11264 players 1362 retained 256 seconds 0.37131988210603595
shuttleset_21_scene_0044 pair 196 [13, 1] combined 26624 players 1372 retained 256 seconds 0.25166443130001426
shuttleset_21_scene_0044 pair 198 [13, 3] combined 4096 players 242 retained 119 seconds 0.09117779415100813
shuttleset_21_scene_0044 pair 199 [13, 4] combined 5184 players 68 retained 34 seconds 0.056239346973598
shuttleset_21_scene_0044 pair 200 [13, 5] combined 6532 players 340 retained 170 seconds 0.08072917070239782
shuttleset_21_scene_0044 pair 204 [13, 9] combined 704 players 174 retained 87 seconds 0.03925977414473891
shuttleset_21_scene_0044 pair 207 [13, 12] combined 11628 players 326 retained 145 seconds 0.09309903858229518
shuttleset_21_scene_0044 pair 211 [14, 1] combined 7168 players 1124 retained 256 seconds 0.18521436490118504
shuttleset_21_scene_0044 pair 215 [14, 5] combined 2688 players 76 retained 38 seconds 0.050689409021288157
shuttleset_21_scene_0044 pair 217 [14, 7] combined 1392 players 230 retained 111 seconds 0.055540702771395445
shuttleset_21_scene_0044 pair 219 [14, 9] combined 336 players 0 retained 0 seconds 0.010805712081491947
shuttleset_21_scene_0044 pair 220 [14, 10] combined 3072 players 36 retained 18 seconds 0.06222803704440594
shuttleset_21_scene_0044 pair 225 [15, 0] combined 61440 players 2118 retained 256 seconds 0.49354074290022254
shuttleset_21_scene_0044 pair 226 [15, 1] combined 56320 players 8736 retained 256 seconds 0.7025632653385401
shuttleset_21_scene_0044 pair 228 [15, 3] combined 121856 players 1590 retained 256 seconds 0.4588224249891937
shuttleset_21_scene_0044 pair 229 [15, 4] combined 20736 players 316 retained 154 seconds 0.11258094105869532
shuttleset_21_scene_0044 pair 230 [15, 5] combined 14080 players 328 retained 164 seconds 0.10062610916793346
shuttleset_21_scene_0044 pair 237 [15, 12] combined 36504 players 2156 retained 256 seconds 0.22920956881716847
[shuttleset_21_scene_0044] generating G1
shuttleset_21_scene_0044 pair 0 [0, 1] combined 43008 players 13402 retained 256 seconds 0.7514126971364021
shuttleset_21_scene_0044 pair 1 [0, 2] combined 131072 players 53408 retained 256 seconds 2.2010223562829196
shuttleset_21_scene_0044 pair 3 [0, 4] combined 2048 players 990 retained 256 seconds 0.21779965609312057
shuttleset_21_scene_0044 pair 4 [0, 5] combined 0 players 0 retained 0 seconds 0.12947385618463159
shuttleset_21_scene_0044 pair 5 [0, 6] combined 1024 players 406 retained 203 seconds 0.16936431964859366
shuttleset_21_scene_0044 pair 10 [0, 11] combined 3072 players 42 retained 21 seconds 0.1457708179950714
shuttleset_21_scene_0044 pair 11 [0, 12] combined 6144 players 2220 retained 256 seconds 0.2653910988010466
shuttleset_21_scene_0044 pair 12 [0, 13] combined 13312 players 3212 retained 256 seconds 0.4679477959871292
shuttleset_21_scene_0044 pair 14 [0, 15] combined 8192 players 1192 retained 256 seconds 0.22025424614548683
shuttleset_21_scene_0044 pair 15 [1, 0] combined 46080 players 17804 retained 256 seconds 0.881576388143003
shuttleset_21_scene_0044 pair 16 [1, 2] combined 36960 players 672 retained 256 seconds 0.19718792662024498
shuttleset_21_scene_0044 pair 17 [1, 3] combined 17848 players 7142 retained 256 seconds 0.3701014672406018
shuttleset_21_scene_0044 pair 24 [1, 10] combined 13440 players 3536 retained 256 seconds 0.22400845726951957
shuttleset_21_scene_0044 pair 25 [1, 11] combined 0 players 0 retained 0 seconds 0.015053761191666126
shuttleset_21_scene_0044 pair 27 [1, 13] combined 0 players 0 retained 0 seconds 0.01618079887703061
shuttleset_21_scene_0044 pair 28 [1, 14] combined 1344 players 164 retained 82 seconds 0.049900409299880266
shuttleset_21_scene_0044 pair 29 [1, 15] combined 792 players 82 retained 41 seconds 0.04202609183266759
shuttleset_21_scene_0044 pair 30 [2, 0] combined 190464 players 79684 retained 256 seconds 1.9762647850438952
shuttleset_21_scene_0044 pair 31 [2, 1] combined 42164 players 1748 retained 256 seconds 0.3224314982071519
shuttleset_21_scene_0044 pair 32 [2, 3] combined 69920 players 30028 retained 256 seconds 0.7433398389257491
shuttleset_21_scene_0044 pair 33 [2, 4] combined 488 players 0 retained 0 seconds 0.025383892934769392
shuttleset_21_scene_0044 pair 34 [2, 5] combined 0 players 0 retained 0 seconds 0.021365486085414886
shuttleset_21_scene_0044 pair 38 [2, 9] combined 0 players 0 retained 0 seconds 0.02230100706219673
shuttleset_21_scene_0044 pair 41 [2, 12] combined 14952 players 80 retained 40 seconds 0.06017910782247782
shuttleset_21_scene_0044 pair 46 [3, 1] combined 23760 players 7050 retained 256 seconds 0.22676558839157224
shuttleset_21_scene_0044 pair 47 [3, 2] combined 62496 players 22458 retained 256 seconds 0.5994957047514617
shuttleset_21_scene_0044 pair 49 [3, 5] combined 0 players 0 retained 0 seconds 0.01708963979035616
shuttleset_21_scene_0044 pair 50 [3, 6] combined 616 players 128 retained 64 seconds 0.03145788935944438
shuttleset_21_scene_0044 pair 53 [3, 9] combined 0 players 0 retained 0 seconds 0.014576643705368042
shuttleset_21_scene_0044 pair 54 [3, 10] combined 65772 players 1592 retained 256 seconds 0.18754524877294898
shuttleset_21_scene_0044 pair 55 [3, 11] combined 1904 players 50 retained 25 seconds 0.031689092982560396
shuttleset_21_scene_0044 pair 57 [3, 13] combined 4012 players 76 retained 38 seconds 0.03441221592947841
shuttleset_21_scene_0044 pair 59 [3, 15] combined 0 players 0 retained 0 seconds 0.014801629353314638
shuttleset_21_scene_0044 pair 60 [4, 0] combined 0 players 0 retained 0 seconds 0.06257137935608625
shuttleset_21_scene_0044 pair 62 [4, 2] combined 0 players 0 retained 0 seconds 0.01523002190515399
shuttleset_21_scene_0044 pair 69 [4, 10] combined 0 players 0 retained 0 seconds 0.008437749929726124
shuttleset_21_scene_0044 pair 70 [4, 11] combined 0 players 0 retained 0 seconds 0.0025025829672813416
shuttleset_21_scene_0044 pair 72 [4, 13] combined 0 players 0 retained 0 seconds 0.0030482220463454723
shuttleset_21_scene_0044 pair 74 [4, 15] combined 0 players 0 retained 0 seconds 0.002553597092628479
shuttleset_21_scene_0044 pair 75 [5, 0] combined 0 players 0 retained 0 seconds 0.06158427195623517
shuttleset_21_scene_0044 pair 77 [5, 2] combined 0 players 0 retained 0 seconds 0.014227371662855148
shuttleset_21_scene_0044 pair 78 [5, 3] combined 0 players 0 retained 0 seconds 0.010004601906985044
shuttleset_21_scene_0044 pair 85 [5, 11] combined 0 players 0 retained 0 seconds 0.0020942268893122673
shuttleset_21_scene_0044 pair 87 [5, 13] combined 0 players 0 retained 0 seconds 0.0024200426414608955
shuttleset_21_scene_0044 pair 88 [5, 14] combined 0 players 0 retained 0 seconds 0.0025318190455436707
shuttleset_21_scene_0044 pair 89 [5, 15] combined 0 players 0 retained 0 seconds 0.0019156048074364662
shuttleset_21_scene_0044 pair 90 [6, 0] combined 1024 players 272 retained 136 seconds 0.08800582075491548
shuttleset_21_scene_0044 pair 93 [6, 3] combined 0 players 0 retained 0 seconds 0.009621007833629847
shuttleset_21_scene_0044 pair 112 [7, 8] combined 80 players 24 retained 12 seconds 0.017450671643018723
shuttleset_21_scene_0044 pair 118 [7, 14] combined 64 players 32 retained 16 seconds 0.016950958408415318
shuttleset_21_scene_0044 pair 127 [8, 7] combined 0 players 0 retained 0 seconds 0.005309236701577902
shuttleset_21_scene_0044 pair 129 [8, 10] combined 2660 players 12 retained 6 seconds 0.026144870091229677
shuttleset_21_scene_0044 pair 130 [8, 11] combined 0 players 0 retained 0 seconds 0.0032149511389434338
shuttleset_21_scene_0044 pair 137 [9, 2] combined 0 players 0 retained 0 seconds 0.014390815980732441
shuttleset_21_scene_0044 pair 138 [9, 3] combined 0 players 0 retained 0 seconds 0.009276989381760359
shuttleset_21_scene_0044 pair 147 [9, 13] combined 0 players 0 retained 0 seconds 0.002631810959428549
shuttleset_21_scene_0044 pair 148 [9, 14] combined 0 players 0 retained 0 seconds 0.002572538796812296
shuttleset_21_scene_0044 pair 151 [10, 1] combined 15048 players 4260 retained 256 seconds 0.15398199716582894
shuttleset_21_scene_0044 pair 153 [10, 3] combined 32568 players 4980 retained 256 seconds 0.19077947596088052
shuttleset_21_scene_0044 pair 154 [10, 4] combined 0 players 0 retained 0 seconds 0.01226178603246808
shuttleset_21_scene_0044 pair 158 [10, 8] combined 7980 players 40 retained 21 seconds 0.038600797299295664
shuttleset_21_scene_0044 pair 161 [10, 12] combined 2220 players 548 retained 256 seconds 0.05411457223817706
shuttleset_21_scene_0044 pair 163 [10, 14] combined 8296 players 296 retained 152 seconds 0.04993934277445078
shuttleset_21_scene_0044 pair 165 [11, 0] combined 0 players 0 retained 0 seconds 0.06202657800167799
shuttleset_21_scene_0044 pair 166 [11, 1] combined 0 players 0 retained 0 seconds 0.0071059903129935265
shuttleset_21_scene_0044 pair 168 [11, 3] combined 808 players 0 retained 0 seconds 0.010968354996293783
shuttleset_21_scene_0044 pair 169 [11, 4] combined 0 players 0 retained 0 seconds 0.002534156199544668
shuttleset_21_scene_0044 pair 170 [11, 5] combined 0 players 0 retained 0 seconds 0.0019458243623375893
shuttleset_21_scene_0044 pair 173 [11, 8] combined 0 players 0 retained 0 seconds 0.0027863821014761925
shuttleset_21_scene_0044 pair 176 [11, 12] combined 0 players 0 retained 0 seconds 0.0037330426275730133
shuttleset_21_scene_0044 pair 180 [12, 0] combined 7168 players 2950 retained 256 seconds 0.16338376235216856
shuttleset_21_scene_0044 pair 182 [12, 2] combined 6480 players 0 retained 0 seconds 0.02793874219059944
shuttleset_21_scene_0044 pair 190 [12, 10] combined 2352 players 594 retained 256 seconds 0.05094948969781399
shuttleset_21_scene_0044 pair 191 [12, 11] combined 0 players 0 retained 0 seconds 0.005145215895026922
shuttleset_21_scene_0044 pair 192 [12, 13] combined 0 players 0 retained 0 seconds 0.005430358927696943
shuttleset_21_scene_0044 pair 194 [12, 15] combined 72 players 4 retained 2 seconds 0.016071314923465252
shuttleset_21_scene_0044 pair 195 [13, 0] combined 5120 players 856 retained 256 seconds 0.11574912304058671
shuttleset_21_scene_0044 pair 196 [13, 1] combined 1176 players 80 retained 40 seconds 0.024175744969397783
shuttleset_21_scene_0044 pair 198 [13, 3] combined 940 players 26 retained 13 seconds 0.02541217301040888
shuttleset_21_scene_0044 pair 199 [13, 4] combined 0 players 0 retained 0 seconds 0.003827773965895176
shuttleset_21_scene_0044 pair 200 [13, 5] combined 0 players 0 retained 0 seconds 0.003114054910838604
shuttleset_21_scene_0044 pair 204 [13, 9] combined 0 players 0 retained 0 seconds 0.0030986578203737736
shuttleset_21_scene_0044 pair 207 [13, 12] combined 192 players 0 retained 0 seconds 0.005167805589735508
shuttleset_21_scene_0044 pair 211 [14, 1] combined 1008 players 198 retained 99 seconds 0.02785374503582716
shuttleset_21_scene_0044 pair 215 [14, 5] combined 0 players 0 retained 0 seconds 0.0033759912475943565
shuttleset_21_scene_0044 pair 217 [14, 7] combined 0 players 0 retained 0 seconds 0.0038811760023236275
shuttleset_21_scene_0044 pair 219 [14, 9] combined 0 players 0 retained 0 seconds 0.0030932719819247723
shuttleset_21_scene_0044 pair 220 [14, 10] combined 1824 players 34 retained 17 seconds 0.02419367805123329
shuttleset_21_scene_0044 pair 225 [15, 0] combined 2048 players 52 retained 26 seconds 0.07518761418759823
shuttleset_21_scene_0044 pair 226 [15, 1] combined 1472 players 128 retained 64 seconds 0.024799433071166277
shuttleset_21_scene_0044 pair 228 [15, 3] combined 0 players 0 retained 0 seconds 0.009656869806349277
shuttleset_21_scene_0044 pair 229 [15, 4] combined 0 players 0 retained 0 seconds 0.002748624887317419
shuttleset_21_scene_0044 pair 230 [15, 5] combined 0 players 0 retained 0 seconds 0.0020284028723835945
shuttleset_21_scene_0044 pair 237 [15, 12] combined 84 players 0 retained 0 seconds 0.004147039260715246
[shuttleset_21_scene_0044 +0s] loading view and candidate populations
[shuttleset_21_scene_0044] line-template: preparing rectangles
[shuttleset_21_scene_0044 +15s] measuring 768 parents (G0=256, G1=256, line_template=256; conflicting geometry groups=0)
[shuttleset_21_scene_0044 +21s] parents 250/768
[shuttleset_21_scene_0044 +29s] parents 500/768
[shuttleset_21_scene_0044 +37s] parents 750/768
[shuttleset_21_scene_0044 +37s] refitting 768 parents
[shuttleset_21_scene_0044 +52s] refits 250/768; valid children=246
[shuttleset_21_scene_0044 +67s] refits 500/768; valid children=494
[shuttleset_21_scene_0044 +81s] refits 750/768; valid children=738
[shuttleset_21_scene_0044 +82s] ranking sensitivity thresholds
[shuttleset_21_scene_0044 +82s] saving evidence and arrays
[shuttleset_21_scene_0044 +100s] saved
{"case_id": "shuttleset_21_scene_0044", "direction_budget": 16, "run_wall_s": 237.85830439906567, "phases_s": {"prepare_view": 0.8223210549913347, "populations": 129.9843308259733, "w5_record": 100.05185651266947, "net_choice": 3.213464668020606, "stripe_polarity_refit": 2.3782020206563175}, "bounded": "G0:1:2039/child"}
