[am2_window_01_frame_28019] generating G0
am2_window_01_frame_28019 pair 0 [0, 1] combined 262144 players 11456 retained 256 seconds 2.0768561488948762
am2_window_01_frame_28019 pair 4 [0, 5] combined 51200 players 1146 retained 256 seconds 0.9050532882101834
am2_window_01_frame_28019 pair 5 [0, 6] combined 44032 players 4522 retained 256 seconds 1.0742547060362995
am2_window_01_frame_28019 pair 10 [0, 11] combined 262144 players 7582 retained 256 seconds 1.7938927980139852
am2_window_01_frame_28019 pair 13 [0, 14] combined 6144 players 50 retained 25 seconds 0.7220945870503783
am2_window_01_frame_28019 pair 15 [1, 0] combined 262144 players 6876 retained 256 seconds 1.8119279677048326
am2_window_01_frame_28019 pair 16 [1, 2] combined 262144 players 7188 retained 256 seconds 1.6528972331434488
am2_window_01_frame_28019 pair 18 [1, 4] combined 262144 players 5796 retained 256 seconds 1.4973232056945562
am2_window_01_frame_28019 pair 19 [1, 5] combined 34816 players 7856 retained 256 seconds 0.7445613369345665
am2_window_01_frame_28019 pair 20 [1, 6] combined 34816 players 5054 retained 256 seconds 0.6152609633281827
am2_window_01_frame_28019 pair 21 [1, 7] combined 262144 players 2532 retained 256 seconds 1.2790554789826274
am2_window_01_frame_28019 pair 22 [1, 8] combined 204800 players 56356 retained 256 seconds 3.2047042842023075
am2_window_01_frame_28019 pair 24 [1, 10] combined 49152 players 9786 retained 256 seconds 0.799222111236304
am2_window_01_frame_28019 pair 27 [1, 13] combined 6144 players 616 retained 232 seconds 0.35364874079823494
am2_window_01_frame_28019 pair 31 [2, 1] combined 262144 players 12508 retained 256 seconds 1.9777908539399505
am2_window_01_frame_28019 pair 34 [2, 5] combined 39936 players 2426 retained 256 seconds 0.737800742033869
am2_window_01_frame_28019 pair 35 [2, 6] combined 41984 players 10434 retained 256 seconds 1.0557322748936713
am2_window_01_frame_28019 pair 40 [2, 11] combined 262144 players 10475 retained 256 seconds 1.7453842423856258
am2_window_01_frame_28019 pair 43 [2, 14] combined 4096 players 238 retained 114 seconds 0.5262641459703445
am2_window_01_frame_28019 pair 48 [3, 4] combined 138240 players 8748 retained 256 seconds 0.9072450948879123
am2_window_01_frame_28019 pair 49 [3, 5] combined 21600 players 3054 retained 256 seconds 0.2840280141681433
am2_window_01_frame_28019 pair 50 [3, 6] combined 18400 players 978 retained 256 seconds 0.19130344782024622
am2_window_01_frame_28019 pair 52 [3, 8] combined 89088 players 6862 retained 256 seconds 0.6495514512062073
am2_window_01_frame_28019 pair 54 [3, 10] combined 37440 players 3000 retained 256 seconds 0.33085519867017865
am2_window_01_frame_28019 pair 57 [3, 13] combined 2136 players 238 retained 117 seconds 0.14790074480697513
am2_window_01_frame_28019 pair 61 [4, 1] combined 262144 players 5110 retained 256 seconds 1.334372229874134
am2_window_01_frame_28019 pair 63 [4, 3] combined 160768 players 8468 retained 256 seconds 0.9906584811396897
am2_window_01_frame_28019 pair 64 [4, 5] combined 26624 players 6834 retained 256 seconds 0.5643533347174525
am2_window_01_frame_28019 pair 65 [4, 6] combined 23552 players 3744 retained 256 seconds 0.4159205215983093
am2_window_01_frame_28019 pair 68 [4, 9] combined 262144 players 27564 retained 256 seconds 2.1031188117340207
am2_window_01_frame_28019 pair 70 [4, 11] combined 262144 players 8658 retained 256 seconds 1.3593281880021095
am2_window_01_frame_28019 pair 71 [4, 12] combined 251904 players 4566 retained 256 seconds 1.187677402049303
am2_window_01_frame_28019 pair 73 [4, 14] combined 5120 players 536 retained 256 seconds 0.24046452902257442
am2_window_01_frame_28019 pair 75 [5, 0] combined 103424 players 15108 retained 256 seconds 1.444698337931186
am2_window_01_frame_28019 pair 76 [5, 1] combined 71680 players 22204 retained 256 seconds 1.2717451020143926
am2_window_01_frame_28019 pair 77 [5, 2] combined 48128 players 13974 retained 256 seconds 0.978489815723151
am2_window_01_frame_28019 pair 78 [5, 3] combined 20064 players 3144 retained 256 seconds 0.2820996348746121
am2_window_01_frame_28019 pair 79 [5, 4] combined 56320 players 18718 retained 256 seconds 1.1022442732937634
am2_window_01_frame_28019 pair 81 [5, 7] combined 101376 players 10998 retained 256 seconds 0.8628516439348459
am2_window_01_frame_28019 pair 82 [5, 8] combined 58984 players 20778 retained 256 seconds 1.0991234220564365
am2_window_01_frame_28019 pair 83 [5, 9] combined 82944 players 8836 retained 256 seconds 0.7323593832552433
am2_window_01_frame_28019 pair 85 [5, 11] combined 44604 players 3306 retained 256 seconds 0.3876916468143463
am2_window_01_frame_28019 pair 86 [5, 12] combined 44156 players 4738 retained 256 seconds 0.5119231007993221
am2_window_01_frame_28019 pair 89 [5, 15] combined 2944 players 264 retained 132 seconds 0.09697118634358048
am2_window_01_frame_28019 pair 90 [6, 0] combined 70656 players 19952 retained 256 seconds 1.4550392678938806
am2_window_01_frame_28019 pair 91 [6, 1] combined 58368 players 15336 retained 256 seconds 0.9819627390243113
am2_window_01_frame_28019 pair 92 [6, 2] combined 60416 players 16764 retained 256 seconds 1.1339623960666358
am2_window_01_frame_28019 pair 93 [6, 3] combined 24480 players 616 retained 256 seconds 0.19554419489577413
am2_window_01_frame_28019 pair 94 [6, 4] combined 56320 players 19946 retained 256 seconds 1.1307565202005208
am2_window_01_frame_28019 pair 96 [6, 7] combined 30720 players 12136 retained 256 seconds 0.665746530983597
am2_window_01_frame_28019 pair 97 [6, 8] combined 31652 players 12178 retained 256 seconds 0.6480574198067188
am2_window_01_frame_28019 pair 98 [6, 9] combined 66560 players 1906 retained 256 seconds 0.4105722261592746
am2_window_01_frame_28019 pair 100 [6, 11] combined 41536 players 2210 retained 256 seconds 0.31858882680535316
am2_window_01_frame_28019 pair 101 [6, 12] combined 36432 players 1528 retained 256 seconds 0.27817117469385266
am2_window_01_frame_28019 pair 104 [6, 15] combined 640 players 56 retained 28 seconds 0.06575254490599036
am2_window_01_frame_28019 pair 106 [7, 1] combined 262144 players 2480 retained 256 seconds 1.2028724821284413
am2_window_01_frame_28019 pair 110 [7, 5] combined 52224 players 956 retained 256 seconds 0.3492356832139194
am2_window_01_frame_28019 pair 111 [7, 6] combined 49152 players 8390 retained 256 seconds 0.60273128002882
am2_window_01_frame_28019 pair 115 [7, 11] combined 224256 players 17586 retained 256 seconds 1.5967723079957068
am2_window_01_frame_28019 pair 121 [8, 1] combined 200704 players 54438 retained 256 seconds 2.9071812108159065
am2_window_01_frame_28019 pair 123 [8, 3] combined 96624 players 18166 retained 256 seconds 1.2443560878746212
am2_window_01_frame_28019 pair 125 [8, 5] combined 33264 players 9118 retained 256 seconds 0.6272834660485387
am2_window_01_frame_28019 pair 126 [8, 6] combined 24576 players 2178 retained 256 seconds 0.31283318204805255
am2_window_01_frame_28019 pair 130 [8, 11] combined 130032 players 23718 retained 256 seconds 1.4279785621911287
am2_window_01_frame_28019 pair 132 [8, 13] combined 4180 players 552 retained 256 seconds 0.16795189771801233
am2_window_01_frame_28019 pair 133 [8, 14] combined 2048 players 0 retained 0 seconds 0.09405514178797603
am2_window_01_frame_28019 pair 139 [9, 4] combined 262144 players 26526 retained 256 seconds 1.9642882281914353
am2_window_01_frame_28019 pair 140 [9, 5] combined 36864 players 1414 retained 256 seconds 0.33381351782009006
am2_window_01_frame_28019 pair 141 [9, 6] combined 54272 players 1720 retained 256 seconds 0.39101220900192857
am2_window_01_frame_28019 pair 144 [9, 10] combined 64512 players 420 retained 210 seconds 0.36950948974117637
am2_window_01_frame_28019 pair 147 [9, 13] combined 2048 players 612 retained 256 seconds 0.2866623601876199
am2_window_01_frame_28019 pair 151 [10, 1] combined 59392 players 14102 retained 256 seconds 0.9453402231447399
am2_window_01_frame_28019 pair 153 [10, 3] combined 50176 players 1566 retained 256 seconds 0.3196425433270633
am2_window_01_frame_28019 pair 159 [10, 9] combined 124928 players 2250 retained 256 seconds 0.6023982800543308
am2_window_01_frame_28019 pair 160 [10, 11] combined 54668 players 2378 retained 256 seconds 0.3709627450443804
am2_window_01_frame_28019 pair 161 [10, 12] combined 45292 players 1974 retained 256 seconds 0.3246393781155348
am2_window_01_frame_28019 pair 164 [10, 15] combined 2424 players 188 retained 94 seconds 0.09024121798574924
am2_window_01_frame_28019 pair 165 [11, 0] combined 186368 players 452 retained 190 seconds 1.0571124930866063
am2_window_01_frame_28019 pair 167 [11, 2] combined 225280 players 3072 retained 256 seconds 1.1702998117543757
am2_window_01_frame_28019 pair 169 [11, 4] combined 195584 players 6740 retained 256 seconds 1.0154255786910653
am2_window_01_frame_28019 pair 170 [11, 5] combined 20592 players 4934 retained 256 seconds 0.37666176492348313
am2_window_01_frame_28019 pair 171 [11, 6] combined 22940 players 3018 retained 256 seconds 0.3101893439888954
am2_window_01_frame_28019 pair 172 [11, 7] combined 262144 players 32576 retained 256 seconds 2.173684568144381
am2_window_01_frame_28019 pair 173 [11, 8] combined 108072 players 23850 retained 256 seconds 1.2978305821307003
am2_window_01_frame_28019 pair 175 [11, 10] combined 23564 players 6858 retained 256 seconds 0.44241028605028987
am2_window_01_frame_28019 pair 177 [11, 13] combined 3552 players 0 retained 0 seconds 0.07316477410495281
am2_window_01_frame_28019 pair 184 [12, 4] combined 262144 players 3560 retained 256 seconds 1.1202212828211486
am2_window_01_frame_28019 pair 185 [12, 5] combined 38456 players 1492 retained 256 seconds 0.2941897721029818
am2_window_01_frame_28019 pair 186 [12, 6] combined 41768 players 206 retained 85 seconds 0.23794951289892197
am2_window_01_frame_28019 pair 190 [12, 10] combined 35496 players 518 retained 245 seconds 0.24126230692490935
am2_window_01_frame_28019 pair 196 [13, 1] combined 12288 players 3060 retained 256 seconds 0.37964027700945735
am2_window_01_frame_28019 pair 198 [13, 3] combined 2816 players 198 retained 98 seconds 0.07874188711866736
am2_window_01_frame_28019 pair 203 [13, 8] combined 13608 players 1648 retained 256 seconds 0.2165071638301015
am2_window_01_frame_28019 pair 204 [13, 9] combined 12288 players 1972 retained 256 seconds 0.22917542327195406
am2_window_01_frame_28019 pair 206 [13, 11] combined 7524 players 178 retained 89 seconds 0.10426827194169164
am2_window_01_frame_28019 pair 209 [13, 15] combined 80 players 0 retained 0 seconds 0.013066239655017853
am2_window_01_frame_28019 pair 210 [14, 0] combined 6144 players 76 retained 40 seconds 0.4412132687866688
am2_window_01_frame_28019 pair 212 [14, 2] combined 7168 players 140 retained 71 seconds 0.3252795380540192
am2_window_01_frame_28019 pair 214 [14, 4] combined 3072 players 766 retained 256 seconds 0.18626978294923902
am2_window_01_frame_28019 pair 218 [14, 8] combined 1712 players 68 retained 34 seconds 0.09631754690781236
am2_window_01_frame_28019 pair 230 [15, 5] combined 2736 players 0 retained 0 seconds 0.037593788001686335
am2_window_01_frame_28019 pair 231 [15, 6] combined 2520 players 40 retained 20 seconds 0.06206831522285938
am2_window_01_frame_28019 pair 235 [15, 10] combined 960 players 0 retained 0 seconds 0.03201520582661033
am2_window_01_frame_28019 pair 238 [15, 13] combined 224 players 0 retained 0 seconds 0.012801111210137606
[am2_window_01_frame_28019] generating G1
am2_window_01_frame_28019 pair 0 [0, 1] combined 262144 players 19376 retained 256 seconds 1.8709548725746572
am2_window_01_frame_28019 pair 4 [0, 5] combined 6112 players 8 retained 4 seconds 0.13631066074594855
am2_window_01_frame_28019 pair 5 [0, 6] combined 6768 players 676 retained 256 seconds 0.18373339204117656
am2_window_01_frame_28019 pair 10 [0, 11] combined 70336 players 2244 retained 256 seconds 0.43379607889801264
am2_window_01_frame_28019 pair 13 [0, 14] combined 0 players 0 retained 0 seconds 0.08531328989192843
am2_window_01_frame_28019 pair 15 [1, 0] combined 150528 players 9890 retained 256 seconds 0.9761204379610717
am2_window_01_frame_28019 pair 16 [1, 2] combined 262144 players 12740 retained 256 seconds 1.4010804551653564
am2_window_01_frame_28019 pair 18 [1, 4] combined 25600 players 274 retained 137 seconds 0.2055883053690195
am2_window_01_frame_28019 pair 19 [1, 5] combined 1480 players 0 retained 0 seconds 0.07503465889021754
am2_window_01_frame_28019 pair 20 [1, 6] combined 728 players 184 retained 91 seconds 0.1109342323616147
am2_window_01_frame_28019 pair 21 [1, 7] combined 0 players 0 retained 0 seconds 0.07706978498026729
am2_window_01_frame_28019 pair 22 [1, 8] combined 9000 players 1718 retained 256 seconds 0.21751014422625303
am2_window_01_frame_28019 pair 24 [1, 10] combined 8320 players 602 retained 256 seconds 0.17134901089593768
am2_window_01_frame_28019 pair 27 [1, 13] combined 0 players 0 retained 0 seconds 0.06871691532433033
am2_window_01_frame_28019 pair 31 [2, 1] combined 262144 players 15988 retained 256 seconds 1.5332786510698497
am2_window_01_frame_28019 pair 34 [2, 5] combined 4096 players 498 retained 245 seconds 0.17778542172163725
am2_window_01_frame_28019 pair 35 [2, 6] combined 6144 players 1364 retained 256 seconds 0.2207545442506671
am2_window_01_frame_28019 pair 40 [2, 11] combined 125952 players 3578 retained 256 seconds 0.6618208531290293
am2_window_01_frame_28019 pair 43 [2, 14] combined 0 players 0 retained 0 seconds 0.09327615518122911
am2_window_01_frame_28019 pair 48 [3, 4] combined 3240 players 130 retained 65 seconds 0.06942056491971016
am2_window_01_frame_28019 pair 49 [3, 5] combined 16 players 0 retained 0 seconds 0.011894158087670803
am2_window_01_frame_28019 pair 50 [3, 6] combined 0 players 0 retained 0 seconds 0.01250805426388979
am2_window_01_frame_28019 pair 52 [3, 8] combined 224 players 6 retained 3 seconds 0.039769952185451984
am2_window_01_frame_28019 pair 54 [3, 10] combined 468 players 24 retained 12 seconds 0.04431672301143408
am2_window_01_frame_28019 pair 57 [3, 13] combined 16 players 4 retained 2 seconds 0.036262139212340117
am2_window_01_frame_28019 pair 61 [4, 1] combined 40960 players 3434 retained 256 seconds 0.35553599102422595
am2_window_01_frame_28019 pair 63 [4, 3] combined 352 players 8 retained 4 seconds 0.05146864801645279
am2_window_01_frame_28019 pair 64 [4, 5] combined 420 players 136 retained 66 seconds 0.05424016295000911
am2_window_01_frame_28019 pair 65 [4, 6] combined 144 players 26 retained 13 seconds 0.04852503491565585
am2_window_01_frame_28019 pair 68 [4, 9] combined 5152 players 406 retained 212 seconds 0.10814208025112748
am2_window_01_frame_28019 pair 70 [4, 11] combined 5136 players 96 retained 48 seconds 0.27807885501533747
am2_window_01_frame_28019 pair 71 [4, 12] combined 1120 players 0 retained 0 seconds 0.023415172938257456
am2_window_01_frame_28019 pair 73 [4, 14] combined 0 players 0 retained 0 seconds 0.016744131688028574
am2_window_01_frame_28019 pair 75 [5, 0] combined 5024 players 0 retained 0 seconds 0.06734560383483768
am2_window_01_frame_28019 pair 76 [5, 1] combined 4760 players 1336 retained 256 seconds 0.16188754327595234
am2_window_01_frame_28019 pair 77 [5, 2] combined 2048 players 0 retained 0 seconds 0.07004464883357286
am2_window_01_frame_28019 pair 78 [5, 3] combined 64 players 8 retained 4 seconds 0.03728931909427047
am2_window_01_frame_28019 pair 79 [5, 4] combined 816 players 200 retained 100 seconds 0.057776533998548985
am2_window_01_frame_28019 pair 81 [5, 7] combined 48 players 2 retained 1 seconds 0.03442980907857418
am2_window_01_frame_28019 pair 82 [5, 8] combined 84 players 14 retained 7 seconds 0.03782313782721758
am2_window_01_frame_28019 pair 83 [5, 9] combined 828 players 224 retained 112 seconds 0.06497610732913017
am2_window_01_frame_28019 pair 85 [5, 11] combined 1148 players 262 retained 131 seconds 0.06665278924629092
am2_window_01_frame_28019 pair 86 [5, 12] combined 12 players 0 retained 0 seconds 0.008500540163367987
am2_window_01_frame_28019 pair 89 [5, 15] combined 0 players 0 retained 0 seconds 0.006505010649561882
am2_window_01_frame_28019 pair 90 [6, 0] combined 7020 players 1358 retained 256 seconds 0.17657740181311965
am2_window_01_frame_28019 pair 91 [6, 1] combined 680 players 268 retained 134 seconds 0.09924454614520073
am2_window_01_frame_28019 pair 92 [6, 2] combined 10240 players 182 retained 79 seconds 0.13492366299033165
am2_window_01_frame_28019 pair 93 [6, 3] combined 32 players 0 retained 0 seconds 0.01338288001716137
am2_window_01_frame_28019 pair 94 [6, 4] combined 528 players 120 retained 60 seconds 0.05269916960969567
am2_window_01_frame_28019 pair 96 [6, 7] combined 0 players 0 retained 0 seconds 0.010488918982446194
am2_window_01_frame_28019 pair 97 [6, 8] combined 32 players 16 retained 8 seconds 0.039227515924721956
am2_window_01_frame_28019 pair 98 [6, 9] combined 0 players 0 retained 0 seconds 0.024504027795046568
am2_window_01_frame_28019 pair 100 [6, 11] combined 328 players 24 retained 12 seconds 0.04851407231763005
am2_window_01_frame_28019 pair 101 [6, 12] combined 16 players 0 retained 0 seconds 0.010795291047543287
am2_window_01_frame_28019 pair 104 [6, 15] combined 0 players 0 retained 0 seconds 0.008894380182027817
am2_window_01_frame_28019 pair 106 [7, 1] combined 0 players 0 retained 0 seconds 0.0490497793070972
am2_window_01_frame_28019 pair 110 [7, 5] combined 36 players 0 retained 0 seconds 0.007653709035366774
am2_window_01_frame_28019 pair 111 [7, 6] combined 96 players 24 retained 12 seconds 0.03640023712068796
am2_window_01_frame_28019 pair 115 [7, 11] combined 0 players 0 retained 0 seconds 0.017451927065849304
am2_window_01_frame_28019 pair 121 [8, 1] combined 5264 players 732 retained 256 seconds 0.14212214294821024
am2_window_01_frame_28019 pair 123 [8, 3] combined 240 players 16 retained 8 seconds 0.04063650593161583
am2_window_01_frame_28019 pair 125 [8, 5] combined 80 players 20 retained 10 seconds 0.0383362858556211
am2_window_01_frame_28019 pair 126 [8, 6] combined 0 players 0 retained 0 seconds 0.01250380277633667
am2_window_01_frame_28019 pair 130 [8, 11] combined 720 players 122 retained 61 seconds 0.05512351216748357
am2_window_01_frame_28019 pair 132 [8, 13] combined 0 players 0 retained 0 seconds 0.00986853800714016
am2_window_01_frame_28019 pair 133 [8, 14] combined 0 players 0 retained 0 seconds 0.008799648378044367
am2_window_01_frame_28019 pair 139 [9, 4] combined 33012 players 1800 retained 256 seconds 0.2542610219679773
am2_window_01_frame_28019 pair 140 [9, 5] combined 440 players 0 retained 0 seconds 0.028607501182705164
am2_window_01_frame_28019 pair 141 [9, 6] combined 464 players 208 retained 104 seconds 0.06878141593188047
am2_window_01_frame_28019 pair 144 [9, 10] combined 4224 players 124 retained 62 seconds 0.07814674219116569
am2_window_01_frame_28019 pair 147 [9, 13] combined 0 players 0 retained 0 seconds 0.027085858397185802
am2_window_01_frame_28019 pair 151 [10, 1] combined 11088 players 2334 retained 256 seconds 0.22224691603332758
am2_window_01_frame_28019 pair 153 [10, 3] combined 448 players 64 retained 32 seconds 0.04811517708003521
am2_window_01_frame_28019 pair 159 [10, 9] combined 3944 players 534 retained 256 seconds 0.10715779475867748
am2_window_01_frame_28019 pair 160 [10, 11] combined 2296 players 434 retained 217 seconds 0.08980801980942488
am2_window_01_frame_28019 pair 161 [10, 12] combined 68 players 0 retained 0 seconds 0.01469850493595004
am2_window_01_frame_28019 pair 164 [10, 15] combined 0 players 0 retained 0 seconds 0.012654461432248354
am2_window_01_frame_28019 pair 165 [11, 0] combined 54752 players 180 retained 90 seconds 0.2685558036901057
am2_window_01_frame_28019 pair 167 [11, 2] combined 67584 players 0 retained 0 seconds 0.27608440071344376
am2_window_01_frame_28019 pair 169 [11, 4] combined 15732 players 256 retained 130 seconds 0.11843692185357213
am2_window_01_frame_28019 pair 170 [11, 5] combined 264 players 0 retained 0 seconds 0.023092014249414206
am2_window_01_frame_28019 pair 171 [11, 6] combined 396 players 106 retained 53 seconds 0.05636535305529833
am2_window_01_frame_28019 pair 172 [11, 7] combined 348 players 0 retained 0 seconds 0.025736042764037848
am2_window_01_frame_28019 pair 173 [11, 8] combined 480 players 192 retained 96 seconds 0.06294305296614766
am2_window_01_frame_28019 pair 175 [11, 10] combined 1280 players 104 retained 50 seconds 0.06159446109086275
am2_window_01_frame_28019 pair 177 [11, 13] combined 0 players 0 retained 0 seconds 0.021497215144336224
am2_window_01_frame_28019 pair 184 [12, 4] combined 600 players 0 retained 0 seconds 0.017827101983129978
am2_window_01_frame_28019 pair 185 [12, 5] combined 8 players 0 retained 0 seconds 0.007445653900504112
am2_window_01_frame_28019 pair 186 [12, 6] combined 8 players 0 retained 0 seconds 0.008937965147197247
am2_window_01_frame_28019 pair 190 [12, 10] combined 48 players 0 retained 0 seconds 0.0110596832819283
am2_window_01_frame_28019 pair 196 [13, 1] combined 1956 players 694 retained 256 seconds 0.1261011972092092
am2_window_01_frame_28019 pair 198 [13, 3] combined 32 players 0 retained 0 seconds 0.009388098027557135
am2_window_01_frame_28019 pair 203 [13, 8] combined 0 players 0 retained 0 seconds 0.009054361842572689
am2_window_01_frame_28019 pair 204 [13, 9] combined 0 players 0 retained 0 seconds 0.018802770879119635
am2_window_01_frame_28019 pair 206 [13, 11] combined 320 players 16 retained 8 seconds 0.04383514681831002
am2_window_01_frame_28019 pair 209 [13, 15] combined 0 players 0 retained 0 seconds 0.004985011648386717
am2_window_01_frame_28019 pair 210 [14, 0] combined 0 players 0 retained 0 seconds 0.046241890639066696
am2_window_01_frame_28019 pair 212 [14, 2] combined 0 players 0 retained 0 seconds 0.055586366914212704
am2_window_01_frame_28019 pair 214 [14, 4] combined 0 players 0 retained 0 seconds 0.010974446777254343
am2_window_01_frame_28019 pair 218 [14, 8] combined 0 players 0 retained 0 seconds 0.0063782427459955215
am2_window_01_frame_28019 pair 230 [15, 5] combined 0 players 0 retained 0 seconds 0.0054186079651117325
am2_window_01_frame_28019 pair 231 [15, 6] combined 0 players 0 retained 0 seconds 0.006339561194181442
am2_window_01_frame_28019 pair 235 [15, 10] combined 0 players 0 retained 0 seconds 0.008391961921006441
am2_window_01_frame_28019 pair 238 [15, 13] combined 0 players 0 retained 0 seconds 0.00413797190412879
[am2_window_01_frame_28019 +0s] loading view and candidate populations
[am2_window_01_frame_28019] line-template: preparing rectangles
[am2_window_01_frame_28019 +11s] measuring 764 parents (G0=256, G1=256, line_template=256; conflicting geometry groups=0)
[am2_window_01_frame_28019 +25s] parents 250/764
[am2_window_01_frame_28019 +39s] parents 500/764
[am2_window_01_frame_28019 +52s] parents 750/764
[am2_window_01_frame_28019 +53s] refitting 764 parents
[am2_window_01_frame_28019 +73s] refits 250/764; valid children=163
[am2_window_01_frame_28019 +91s] refits 500/764; valid children=347
[am2_window_01_frame_28019 +107s] refits 750/764; valid children=451
[am2_window_01_frame_28019 +109s] ranking sensitivity thresholds
[am2_window_01_frame_28019 +110s] saving evidence and arrays
[am2_window_01_frame_28019 +122s] saved
{"case_id": "am2_window_01_frame_28019", "direction_budget": 16, "run_wall_s": 243.66091261198744, "phases_s": {"prepare_view": 0.7471476187929511, "populations": 111.18820909876376, "w5_record": 122.01418473292142, "net_choice": 1.5500659151002765, "stripe_polarity_refit": 1.9392506959848106}, "bounded": "G1:15:0/child"}
