[am2_window_00_frame_150] generating G0
am2_window_00_frame_150 pair 0 [0, 1] combined 210944 players 23782 retained 256 seconds 2.048180262092501
am2_window_00_frame_150 pair 1 [0, 2] combined 262144 players 6902 retained 256 seconds 1.6207629078999162
am2_window_00_frame_150 pair 4 [0, 5] combined 95232 players 508 retained 248 seconds 0.7690425170585513
am2_window_00_frame_150 pair 6 [0, 7] combined 243712 players 5772 retained 256 seconds 1.3621118781156838
am2_window_00_frame_150 pair 7 [0, 8] combined 38912 players 1578 retained 256 seconds 0.5663167578168213
am2_window_00_frame_150 pair 8 [0, 9] combined 7168 players 38 retained 19 seconds 0.4339037388563156
am2_window_00_frame_150 pair 12 [0, 13] combined 107520 players 1276 retained 256 seconds 0.7891373801976442
am2_window_00_frame_150 pair 13 [0, 14] combined 117760 players 752 retained 256 seconds 0.7968030446209013
am2_window_00_frame_150 pair 15 [1, 0] combined 262144 players 82942 retained 256 seconds 4.250645536929369
am2_window_00_frame_150 pair 16 [1, 2] combined 262144 players 70460 retained 256 seconds 3.6810749666765332
am2_window_00_frame_150 pair 17 [1, 3] combined 262144 players 74148 retained 256 seconds 4.135789149906486
am2_window_00_frame_150 pair 18 [1, 4] combined 262144 players 83990 retained 256 seconds 4.060418775770813
am2_window_00_frame_150 pair 19 [1, 5] combined 65536 players 16764 retained 256 seconds 1.0753138442523777
am2_window_00_frame_150 pair 20 [1, 6] combined 83968 players 16308 retained 256 seconds 0.9870149712078273
am2_window_00_frame_150 pair 21 [1, 7] combined 211968 players 66424 retained 256 seconds 3.2061930503696203
am2_window_00_frame_150 pair 24 [1, 10] combined 60416 players 19558 retained 256 seconds 1.015277607832104
am2_window_00_frame_150 pair 26 [1, 12] combined 262144 players 70054 retained 256 seconds 3.624923788011074
am2_window_00_frame_150 pair 27 [1, 13] combined 45056 players 2846 retained 256 seconds 0.40231495164334774
am2_window_00_frame_150 pair 28 [1, 14] combined 66560 players 8458 retained 256 seconds 0.6477548237890005
am2_window_00_frame_150 pair 30 [2, 0] combined 262144 players 11464 retained 256 seconds 1.7183034280315042
am2_window_00_frame_150 pair 31 [2, 1] combined 242688 players 59734 retained 256 seconds 3.2573713790625334
am2_window_00_frame_150 pair 32 [2, 3] combined 262144 players 8180 retained 256 seconds 1.5554540469311178
am2_window_00_frame_150 pair 33 [2, 4] combined 262144 players 830 retained 256 seconds 1.1677500428631902
am2_window_00_frame_150 pair 35 [2, 6] combined 77824 players 10576 retained 256 seconds 0.900403194129467
am2_window_00_frame_150 pair 37 [2, 8] combined 18432 players 5962 retained 256 seconds 0.5380201167427003
am2_window_00_frame_150 pair 38 [2, 9] combined 4096 players 602 retained 208 seconds 0.2936065657995641
am2_window_00_frame_150 pair 39 [2, 10] combined 33792 players 6082 retained 256 seconds 0.6484429519623518
am2_window_00_frame_150 pair 41 [2, 12] combined 262144 players 4044 retained 256 seconds 1.2686757370829582
am2_window_00_frame_150 pair 44 [2, 15] combined 0 players 0 retained 0 seconds 0.2123926691710949
am2_window_00_frame_150 pair 46 [3, 1] combined 226304 players 16962 retained 256 seconds 1.7886321959085763
am2_window_00_frame_150 pair 47 [3, 2] combined 262144 players 15442 retained 256 seconds 1.8480042247101665
am2_window_00_frame_150 pair 49 [3, 5] combined 86016 players 2344 retained 256 seconds 0.7909200461581349
am2_window_00_frame_150 pair 51 [3, 7] combined 262144 players 2974 retained 256 seconds 1.3321380726993084
am2_window_00_frame_150 pair 52 [3, 8] combined 19456 players 2038 retained 256 seconds 0.5415984760038555
am2_window_00_frame_150 pair 53 [3, 9] combined 5120 players 20 retained 10 seconds 0.38968244194984436
am2_window_00_frame_150 pair 57 [3, 13] combined 107520 players 3902 retained 256 seconds 0.8456120938062668
am2_window_00_frame_150 pair 58 [3, 14] combined 21504 players 298 retained 137 seconds 0.48431945126503706
am2_window_00_frame_150 pair 61 [4, 1] combined 207872 players 12996 retained 256 seconds 1.3422227250412107
am2_window_00_frame_150 pair 62 [4, 2] combined 262144 players 3650 retained 256 seconds 1.2202354180626571
am2_window_00_frame_150 pair 64 [4, 5] combined 54272 players 1100 retained 256 seconds 0.38780788518488407
am2_window_00_frame_150 pair 66 [4, 7] combined 262144 players 10196 retained 256 seconds 1.4497593566775322
am2_window_00_frame_150 pair 67 [4, 8] combined 33792 players 4208 retained 256 seconds 0.43718951009213924
am2_window_00_frame_150 pair 68 [4, 9] combined 2048 players 0 retained 0 seconds 0.12978314980864525
am2_window_00_frame_150 pair 72 [4, 13] combined 110592 players 1240 retained 256 seconds 0.5406768880784512
am2_window_00_frame_150 pair 73 [4, 14] combined 117760 players 3610 retained 256 seconds 0.6422063601203263
am2_window_00_frame_150 pair 75 [5, 0] combined 74752 players 0 retained 0 seconds 0.45233856700360775
am2_window_00_frame_150 pair 76 [5, 1] combined 56896 players 15262 retained 256 seconds 0.8995595169253647
am2_window_00_frame_150 pair 78 [5, 3] combined 45056 players 648 retained 256 seconds 0.4213252020999789
am2_window_00_frame_150 pair 79 [5, 4] combined 100352 players 4136 retained 256 seconds 0.5751324347220361
am2_window_00_frame_150 pair 80 [5, 6] combined 8584 players 790 retained 256 seconds 0.23707992490381002
am2_window_00_frame_150 pair 82 [5, 8] combined 2964 players 1076 retained 256 seconds 0.13555399421602488
am2_window_00_frame_150 pair 83 [5, 9] combined 1140 players 342 retained 144 seconds 0.07913244608789682
am2_window_00_frame_150 pair 84 [5, 10] combined 10560 players 1104 retained 256 seconds 0.15186877315863967
am2_window_00_frame_150 pair 86 [5, 12] combined 121856 players 2412 retained 256 seconds 0.5584220099262893
am2_window_00_frame_150 pair 89 [5, 15] combined 0 players 0 retained 0 seconds 0.024979957845062017
am2_window_00_frame_150 pair 91 [6, 1] combined 62532 players 7114 retained 256 seconds 0.5766151612624526
am2_window_00_frame_150 pair 92 [6, 2] combined 74752 players 23298 retained 256 seconds 1.3152156779542565
am2_window_00_frame_150 pair 95 [6, 5] combined 23432 players 1310 retained 256 seconds 0.20780020812526345
am2_window_00_frame_150 pair 96 [6, 7] combined 88064 players 15266 retained 256 seconds 0.9142653369344771
am2_window_00_frame_150 pair 97 [6, 8] combined 1540 players 152 retained 76 seconds 0.07453210093080997
am2_window_00_frame_150 pair 98 [6, 9] combined 2632 players 560 retained 256 seconds 0.21366704534739256
am2_window_00_frame_150 pair 102 [6, 13] combined 14784 players 3902 retained 256 seconds 0.2795664081349969
am2_window_00_frame_150 pair 103 [6, 14] combined 40392 players 5864 retained 256 seconds 0.4182320679537952
am2_window_00_frame_150 pair 105 [7, 0] combined 262144 players 2178 retained 256 seconds 1.1621888191439211
am2_window_00_frame_150 pair 106 [7, 1] combined 186208 players 34446 retained 256 seconds 1.985651738010347
am2_window_00_frame_150 pair 108 [7, 3] combined 262144 players 1942 retained 256 seconds 1.1768233529292047
am2_window_00_frame_150 pair 109 [7, 4] combined 262144 players 12082 retained 256 seconds 1.4299114281311631
am2_window_00_frame_150 pair 111 [7, 6] combined 69632 players 4464 retained 256 seconds 0.47497679106891155
am2_window_00_frame_150 pair 112 [7, 8] combined 9568 players 2314 retained 256 seconds 0.33360040886327624
am2_window_00_frame_150 pair 114 [7, 10] combined 41984 players 3178 retained 256 seconds 0.3510763109661639
am2_window_00_frame_150 pair 116 [7, 12] combined 262144 players 9196 retained 256 seconds 1.2720421152189374
am2_window_00_frame_150 pair 119 [7, 15] combined 0 players 0 retained 0 seconds 0.050115926656872034
am2_window_00_frame_150 pair 120 [8, 0] combined 29696 players 4398 retained 256 seconds 0.5489119389094412
am2_window_00_frame_150 pair 122 [8, 2] combined 32768 players 10770 retained 256 seconds 0.6894614808261395
am2_window_00_frame_150 pair 123 [8, 3] combined 13312 players 2706 retained 256 seconds 0.42406973987817764
am2_window_00_frame_150 pair 124 [8, 4] combined 27648 players 5586 retained 256 seconds 0.4202775373123586
am2_window_00_frame_150 pair 125 [8, 5] combined 6944 players 1742 retained 256 seconds 0.16995427291840315
am2_window_00_frame_150 pair 126 [8, 6] combined 5092 players 1436 retained 256 seconds 0.1442473870702088
am2_window_00_frame_150 pair 127 [8, 7] combined 25916 players 8868 retained 256 seconds 0.5199357499368489
am2_window_00_frame_150 pair 129 [8, 10] combined 7440 players 998 retained 256 seconds 0.13853457802906632
am2_window_00_frame_150 pair 131 [8, 12] combined 25600 players 1562 retained 256 seconds 0.2480919468216598
am2_window_00_frame_150 pair 132 [8, 13] combined 3000 players 208 retained 100 seconds 0.07565182773396373
am2_window_00_frame_150 pair 133 [8, 14] combined 2928 players 418 retained 208 seconds 0.09147201804444194
am2_window_00_frame_150 pair 135 [9, 0] combined 14336 players 502 retained 243 seconds 0.4472141517326236
am2_window_00_frame_150 pair 137 [9, 2] combined 4096 players 1066 retained 256 seconds 0.24456422124058008
am2_window_00_frame_150 pair 138 [9, 3] combined 7168 players 430 retained 206 seconds 0.30542396381497383
am2_window_00_frame_150 pair 139 [9, 4] combined 10240 players 276 retained 138 seconds 0.1524962899275124
am2_window_00_frame_150 pair 140 [9, 5] combined 1464 players 458 retained 192 seconds 0.08641333179548383
am2_window_00_frame_150 pair 141 [9, 6] combined 3132 players 210 retained 105 seconds 0.07599940709769726
am2_window_00_frame_150 pair 144 [9, 10] combined 756 players 100 retained 50 seconds 0.055279781110584736
am2_window_00_frame_150 pair 146 [9, 12] combined 10240 players 114 retained 57 seconds 0.12931922217831016
am2_window_00_frame_150 pair 147 [9, 13] combined 2912 players 612 retained 256 seconds 0.101212112698704
am2_window_00_frame_150 pair 151 [10, 1] combined 46360 players 4182 retained 256 seconds 0.4205513601191342
am2_window_00_frame_150 pair 152 [10, 2] combined 69632 players 15710 retained 256 seconds 0.9892544941976666
am2_window_00_frame_150 pair 155 [10, 5] combined 22176 players 808 retained 256 seconds 0.17817230615764856
am2_window_00_frame_150 pair 157 [10, 7] combined 54272 players 5282 retained 256 seconds 0.4540765839628875
am2_window_00_frame_150 pair 158 [10, 8] combined 7920 players 1638 retained 256 seconds 0.16657025692984462
am2_window_00_frame_150 pair 159 [10, 9] combined 2412 players 406 retained 203 seconds 0.08823044784367085
am2_window_00_frame_150 pair 162 [10, 13] combined 13144 players 1866 retained 256 seconds 0.18381098099052906
am2_window_00_frame_150 pair 163 [10, 14] combined 12240 players 974 retained 256 seconds 0.14585123676806688
am2_window_00_frame_150 pair 181 [12, 1] combined 233472 players 29364 retained 256 seconds 2.0175759699195623
am2_window_00_frame_150 pair 182 [12, 2] combined 262144 players 5828 retained 256 seconds 1.382787805981934
am2_window_00_frame_150 pair 185 [12, 5] combined 57344 players 712 retained 256 seconds 0.3324616579338908
am2_window_00_frame_150 pair 187 [12, 7] combined 262144 players 10114 retained 256 seconds 1.2765780398622155
am2_window_00_frame_150 pair 188 [12, 8] combined 19456 players 498 retained 243 seconds 0.20088394219055772
am2_window_00_frame_150 pair 189 [12, 9] combined 12288 players 2 retained 1 seconds 0.15365909924730659
am2_window_00_frame_150 pair 195 [13, 0] combined 125952 players 2258 retained 256 seconds 0.7427498968318105
am2_window_00_frame_150 pair 196 [13, 1] combined 61440 players 10514 retained 256 seconds 0.6965829022228718
am2_window_00_frame_150 pair 198 [13, 3] combined 137216 players 2408 retained 256 seconds 0.7962883687578142
am2_window_00_frame_150 pair 199 [13, 4] combined 145408 players 1224 retained 256 seconds 0.6190533651970327
am2_window_00_frame_150 pair 201 [13, 6] combined 19596 players 2144 retained 256 seconds 0.2220639050938189
am2_window_00_frame_150 pair 203 [13, 8] combined 6448 players 236 retained 118 seconds 0.09156701480969787
am2_window_00_frame_150 pair 204 [13, 9] combined 1220 players 198 retained 97 seconds 0.06789065897464752
am2_window_00_frame_150 pair 205 [13, 10] combined 12596 players 1526 retained 256 seconds 0.17063197493553162
am2_window_00_frame_150 pair 209 [13, 15] combined 0 players 0 retained 0 seconds 0.020663465838879347
am2_window_00_frame_150 pair 210 [14, 0] combined 117760 players 140 retained 56 seconds 0.6093900706619024
am2_window_00_frame_150 pair 211 [14, 1] combined 65536 players 6498 retained 256 seconds 0.5500755053944886
am2_window_00_frame_150 pair 213 [14, 3] combined 19456 players 24 retained 6 seconds 0.2997309099882841
am2_window_00_frame_150 pair 214 [14, 4] combined 159744 players 3832 retained 256 seconds 0.7344515779986978
am2_window_00_frame_150 pair 216 [14, 6] combined 53136 players 4194 retained 256 seconds 0.3922480600886047
am2_window_00_frame_150 pair 218 [14, 8] combined 5376 players 174 retained 87 seconds 0.07991139311343431
am2_window_00_frame_150 pair 220 [14, 10] combined 12936 players 228 retained 106 seconds 0.10315949190407991
am2_window_00_frame_150 pair 224 [14, 15] combined 0 players 0 retained 0 seconds 0.017316313926130533
am2_window_00_frame_150 pair 227 [15, 2] combined 0 players 0 retained 0 seconds 0.1275941119529307
am2_window_00_frame_150 pair 230 [15, 5] combined 0 players 0 retained 0 seconds 0.016781263053417206
am2_window_00_frame_150 pair 232 [15, 7] combined 0 players 0 retained 0 seconds 0.03340037213638425
am2_window_00_frame_150 pair 238 [15, 13] combined 0 players 0 retained 0 seconds 0.01495426194742322
am2_window_00_frame_150 pair 239 [15, 14] combined 0 players 0 retained 0 seconds 0.014269290957599878
[am2_window_00_frame_150] generating G1
am2_window_00_frame_150 pair 0 [0, 1] combined 2048 players 0 retained 0 seconds 0.09565927926450968
am2_window_00_frame_150 pair 1 [0, 2] combined 262144 players 9792 retained 256 seconds 1.5185878751799464
am2_window_00_frame_150 pair 4 [0, 5] combined 0 players 0 retained 0 seconds 0.09641638677567244
am2_window_00_frame_150 pair 6 [0, 7] combined 50176 players 634 retained 256 seconds 0.3267088630236685
am2_window_00_frame_150 pair 7 [0, 8] combined 0 players 0 retained 0 seconds 0.08466621674597263
am2_window_00_frame_150 pair 8 [0, 9] combined 0 players 0 retained 0 seconds 0.08766900468617678
am2_window_00_frame_150 pair 12 [0, 13] combined 14336 players 212 retained 106 seconds 0.17496526194736362
am2_window_00_frame_150 pair 13 [0, 14] combined 64512 players 400 retained 200 seconds 0.33749740896746516
am2_window_00_frame_150 pair 15 [1, 0] combined 10240 players 616 retained 256 seconds 0.16480835294350982
am2_window_00_frame_150 pair 16 [1, 2] combined 4096 players 1330 retained 256 seconds 0.1707147886045277
am2_window_00_frame_150 pair 17 [1, 3] combined 3072 players 518 retained 256 seconds 0.13069813000038266
am2_window_00_frame_150 pair 18 [1, 4] combined 5696 players 1598 retained 256 seconds 0.1548131089657545
am2_window_00_frame_150 pair 19 [1, 5] combined 0 players 0 retained 0 seconds 0.011984745040535927
am2_window_00_frame_150 pair 20 [1, 6] combined 160 players 16 retained 8 seconds 0.03860226785764098
am2_window_00_frame_150 pair 21 [1, 7] combined 304 players 144 retained 72 seconds 0.05217815795913339
am2_window_00_frame_150 pair 24 [1, 10] combined 72 players 26 retained 13 seconds 0.03926965408027172
am2_window_00_frame_150 pair 26 [1, 12] combined 3672 players 140 retained 57 seconds 0.06704147486016154
am2_window_00_frame_150 pair 27 [1, 13] combined 880 players 22 retained 11 seconds 0.04286054661497474
am2_window_00_frame_150 pair 28 [1, 14] combined 3276 players 178 retained 89 seconds 0.06185407191514969
am2_window_00_frame_150 pair 30 [2, 0] combined 262144 players 15100 retained 256 seconds 1.5033766590058804
am2_window_00_frame_150 pair 31 [2, 1] combined 4096 players 998 retained 256 seconds 0.17612775415182114
am2_window_00_frame_150 pair 32 [2, 3] combined 262144 players 4604 retained 256 seconds 1.1016869354061782
am2_window_00_frame_150 pair 33 [2, 4] combined 262144 players 2748 retained 256 seconds 1.008051814045757
am2_window_00_frame_150 pair 35 [2, 6] combined 0 players 0 retained 0 seconds 0.08290314394980669
am2_window_00_frame_150 pair 37 [2, 8] combined 0 players 0 retained 0 seconds 0.0764324851334095
am2_window_00_frame_150 pair 38 [2, 9] combined 0 players 0 retained 0 seconds 0.0742764389142394
am2_window_00_frame_150 pair 39 [2, 10] combined 2048 players 244 retained 120 seconds 0.12450398970395327
am2_window_00_frame_150 pair 41 [2, 12] combined 203776 players 1316 retained 256 seconds 0.7831759741529822
am2_window_00_frame_150 pair 44 [2, 15] combined 0 players 0 retained 0 seconds 0.07326018530875444
am2_window_00_frame_150 pair 46 [3, 1] combined 1024 players 124 retained 62 seconds 0.11224718391895294
am2_window_00_frame_150 pair 47 [3, 2] combined 262144 players 17032 retained 256 seconds 1.552148179616779
am2_window_00_frame_150 pair 49 [3, 5] combined 0 players 0 retained 0 seconds 0.0631818468682468
am2_window_00_frame_150 pair 51 [3, 7] combined 57344 players 444 retained 222 seconds 0.3095844918861985
am2_window_00_frame_150 pair 52 [3, 8] combined 0 players 0 retained 0 seconds 0.07408946799114347
am2_window_00_frame_150 pair 53 [3, 9] combined 0 players 0 retained 0 seconds 0.07169943489134312
am2_window_00_frame_150 pair 57 [3, 13] combined 17408 players 240 retained 120 seconds 0.1686482923105359
am2_window_00_frame_150 pair 58 [3, 14] combined 10240 players 108 retained 58 seconds 0.13959103915840387
am2_window_00_frame_150 pair 61 [4, 1] combined 864 players 34 retained 17 seconds 0.07027619099244475
am2_window_00_frame_150 pair 62 [4, 2] combined 262144 players 3888 retained 256 seconds 1.2799644502811134
am2_window_00_frame_150 pair 64 [4, 5] combined 0 players 0 retained 0 seconds 0.03894815081730485
am2_window_00_frame_150 pair 66 [4, 7] combined 48128 players 3346 retained 256 seconds 0.35873282328248024
am2_window_00_frame_150 pair 67 [4, 8] combined 0 players 0 retained 0 seconds 0.035863307770341635
am2_window_00_frame_150 pair 68 [4, 9] combined 0 players 0 retained 0 seconds 0.035122890025377274
am2_window_00_frame_150 pair 72 [4, 13] combined 4888 players 396 retained 147 seconds 0.09594070399180055
am2_window_00_frame_150 pair 73 [4, 14] combined 69632 players 516 retained 256 seconds 0.31170484283939004
am2_window_00_frame_150 pair 75 [5, 0] combined 0 players 0 retained 0 seconds 0.060498095117509365
am2_window_00_frame_150 pair 76 [5, 1] combined 40 players 12 retained 6 seconds 0.03574164118617773
am2_window_00_frame_150 pair 78 [5, 3] combined 0 players 0 retained 0 seconds 0.041520227678120136
am2_window_00_frame_150 pair 79 [5, 4] combined 0 players 0 retained 0 seconds 0.028917935211211443
am2_window_00_frame_150 pair 80 [5, 6] combined 0 players 0 retained 0 seconds 0.007390154991298914
am2_window_00_frame_150 pair 82 [5, 8] combined 0 players 0 retained 0 seconds 0.006145135033875704
am2_window_00_frame_150 pair 83 [5, 9] combined 0 players 0 retained 0 seconds 0.006295525003224611
am2_window_00_frame_150 pair 84 [5, 10] combined 0 players 0 retained 0 seconds 0.006976960692554712
am2_window_00_frame_150 pair 86 [5, 12] combined 0 players 0 retained 0 seconds 0.019744701217859983
am2_window_00_frame_150 pair 89 [5, 15] combined 0 players 0 retained 0 seconds 0.005307442042976618
am2_window_00_frame_150 pair 91 [6, 1] combined 48 players 24 retained 12 seconds 0.03697697911411524
am2_window_00_frame_150 pair 92 [6, 2] combined 0 players 0 retained 0 seconds 0.05530720204114914
am2_window_00_frame_150 pair 95 [6, 5] combined 0 players 0 retained 0 seconds 0.0071550048887729645
am2_window_00_frame_150 pair 96 [6, 7] combined 352 players 0 retained 0 seconds 0.013852664269506931
am2_window_00_frame_150 pair 97 [6, 8] combined 0 players 0 retained 0 seconds 0.006223667878657579
am2_window_00_frame_150 pair 98 [6, 9] combined 0 players 0 retained 0 seconds 0.005971801932901144
am2_window_00_frame_150 pair 102 [6, 13] combined 0 players 0 retained 0 seconds 0.008226846810430288
am2_window_00_frame_150 pair 103 [6, 14] combined 928 players 96 retained 48 seconds 0.045648995321244
am2_window_00_frame_150 pair 105 [7, 0] combined 34816 players 78 retained 37 seconds 0.19900996191427112
am2_window_00_frame_150 pair 106 [7, 1] combined 280 players 56 retained 28 seconds 0.04687460884451866
am2_window_00_frame_150 pair 108 [7, 3] combined 90112 players 120 retained 60 seconds 0.3605237202718854
am2_window_00_frame_150 pair 109 [7, 4] combined 64584 players 5182 retained 256 seconds 0.4591495771892369
am2_window_00_frame_150 pair 111 [7, 6] combined 0 players 0 retained 0 seconds 0.01749358093366027
am2_window_00_frame_150 pair 112 [7, 8] combined 0 players 0 retained 0 seconds 0.013771814294159412
am2_window_00_frame_150 pair 114 [7, 10] combined 960 players 0 retained 0 seconds 0.02046813815832138
am2_window_00_frame_150 pair 116 [7, 12] combined 55200 players 4076 retained 256 seconds 0.38383352383971214
am2_window_00_frame_150 pair 119 [7, 15] combined 0 players 0 retained 0 seconds 0.013329057022929192
am2_window_00_frame_150 pair 120 [8, 0] combined 0 players 0 retained 0 seconds 0.05709338327869773
am2_window_00_frame_150 pair 122 [8, 2] combined 0 players 0 retained 0 seconds 0.05073115974664688
am2_window_00_frame_150 pair 123 [8, 3] combined 0 players 0 retained 0 seconds 0.04685599822551012
am2_window_00_frame_150 pair 124 [8, 4] combined 0 players 0 retained 0 seconds 0.02354248007759452
am2_window_00_frame_150 pair 125 [8, 5] combined 0 players 0 retained 0 seconds 0.004914786200970411
am2_window_00_frame_150 pair 126 [8, 6] combined 0 players 0 retained 0 seconds 0.005433856975287199
am2_window_00_frame_150 pair 127 [8, 7] combined 0 players 0 retained 0 seconds 0.009921099990606308
am2_window_00_frame_150 pair 129 [8, 10] combined 0 players 0 retained 0 seconds 0.0048666419461369514
am2_window_00_frame_150 pair 131 [8, 12] combined 0 players 0 retained 0 seconds 0.015722379088401794
am2_window_00_frame_150 pair 132 [8, 13] combined 0 players 0 retained 0 seconds 0.00607477780431509
am2_window_00_frame_150 pair 133 [8, 14] combined 0 players 0 retained 0 seconds 0.00813954696059227
am2_window_00_frame_150 pair 135 [9, 0] combined 0 players 0 retained 0 seconds 0.05750064505264163
am2_window_00_frame_150 pair 137 [9, 2] combined 0 players 0 retained 0 seconds 0.050952084828168154
am2_window_00_frame_150 pair 138 [9, 3] combined 0 players 0 retained 0 seconds 0.04729285929352045
am2_window_00_frame_150 pair 139 [9, 4] combined 0 players 0 retained 0 seconds 0.024537600111216307
am2_window_00_frame_150 pair 140 [9, 5] combined 0 players 0 retained 0 seconds 0.005287474021315575
am2_window_00_frame_150 pair 141 [9, 6] combined 0 players 0 retained 0 seconds 0.00490011228248477
am2_window_00_frame_150 pair 144 [9, 10] combined 0 players 0 retained 0 seconds 0.005011532921344042
am2_window_00_frame_150 pair 146 [9, 12] combined 0 players 0 retained 0 seconds 0.01626686891540885
am2_window_00_frame_150 pair 147 [9, 13] combined 0 players 0 retained 0 seconds 0.006296118721365929
am2_window_00_frame_150 pair 151 [10, 1] combined 20 players 0 retained 0 seconds 0.009674668312072754
am2_window_00_frame_150 pair 152 [10, 2] combined 5120 players 728 retained 256 seconds 0.14567033480852842
am2_window_00_frame_150 pair 155 [10, 5] combined 0 players 0 retained 0 seconds 0.007686599623411894
am2_window_00_frame_150 pair 157 [10, 7] combined 592 players 0 retained 0 seconds 0.015312604140490294
am2_window_00_frame_150 pair 158 [10, 8] combined 0 players 0 retained 0 seconds 0.0062577202916145325
am2_window_00_frame_150 pair 159 [10, 9] combined 0 players 0 retained 0 seconds 0.006141290068626404
am2_window_00_frame_150 pair 162 [10, 13] combined 0 players 0 retained 0 seconds 0.007222527172416449
am2_window_00_frame_150 pair 163 [10, 14] combined 0 players 0 retained 0 seconds 0.010218254756182432
am2_window_00_frame_150 pair 181 [12, 1] combined 1164 players 74 retained 32 seconds 0.057114153169095516
am2_window_00_frame_150 pair 182 [12, 2] combined 121856 players 1622 retained 256 seconds 0.530160834081471
am2_window_00_frame_150 pair 185 [12, 5] combined 0 players 0 retained 0 seconds 0.026746273040771484
am2_window_00_frame_150 pair 187 [12, 7] combined 47104 players 4190 retained 256 seconds 0.3649404738098383
am2_window_00_frame_150 pair 188 [12, 8] combined 0 players 0 retained 0 seconds 0.020716217812150717
am2_window_00_frame_150 pair 189 [12, 9] combined 0 players 0 retained 0 seconds 0.020320457872003317
am2_window_00_frame_150 pair 195 [13, 0] combined 18432 players 16 retained 8 seconds 0.14098482159897685
am2_window_00_frame_150 pair 196 [13, 1] combined 360 players 120 retained 60 seconds 0.04501644102856517
am2_window_00_frame_150 pair 198 [13, 3] combined 22528 players 0 retained 0 seconds 0.11679891124367714
am2_window_00_frame_150 pair 199 [13, 4] combined 2660 players 70 retained 35 seconds 0.06004552682861686
am2_window_00_frame_150 pair 201 [13, 6] combined 0 players 0 retained 0 seconds 0.008491093758493662
am2_window_00_frame_150 pair 203 [13, 8] combined 0 players 0 retained 0 seconds 0.007609836291521788
am2_window_00_frame_150 pair 204 [13, 9] combined 0 players 0 retained 0 seconds 0.007345314137637615
am2_window_00_frame_150 pair 205 [13, 10] combined 0 players 0 retained 0 seconds 0.0072196610271930695
am2_window_00_frame_150 pair 209 [13, 15] combined 0 players 0 retained 0 seconds 0.005683731287717819
am2_window_00_frame_150 pair 210 [14, 0] combined 64512 players 204 retained 97 seconds 0.28749271109700203
am2_window_00_frame_150 pair 211 [14, 1] combined 620 players 196 retained 98 seconds 0.053512128069996834
am2_window_00_frame_150 pair 213 [14, 3] combined 4096 players 0 retained 0 seconds 0.06389309838414192
am2_window_00_frame_150 pair 214 [14, 4] combined 78120 players 678 retained 256 seconds 0.32882657879963517
am2_window_00_frame_150 pair 216 [14, 6] combined 0 players 0 retained 0 seconds 0.014738322235643864
am2_window_00_frame_150 pair 218 [14, 8] combined 0 players 0 retained 0 seconds 0.010639328975230455
am2_window_00_frame_150 pair 220 [14, 10] combined 0 players 0 retained 0 seconds 0.013383086770772934
am2_window_00_frame_150 pair 224 [14, 15] combined 0 players 0 retained 0 seconds 0.009537538047879934
am2_window_00_frame_150 pair 227 [15, 2] combined 0 players 0 retained 0 seconds 0.050505322869867086
am2_window_00_frame_150 pair 230 [15, 5] combined 0 players 0 retained 0 seconds 0.004240949172526598
am2_window_00_frame_150 pair 232 [15, 7] combined 0 players 0 retained 0 seconds 0.010829936247318983
am2_window_00_frame_150 pair 238 [15, 13] combined 0 players 0 retained 0 seconds 0.004651590716093779
am2_window_00_frame_150 pair 239 [15, 14] combined 0 players 0 retained 0 seconds 0.006985607091337442
[am2_window_00_frame_150 +0s] loading view and candidate populations
[am2_window_00_frame_150] line-template: preparing rectangles
[am2_window_00_frame_150 +11s] measuring 767 parents (G0=256, G1=256, line_template=256; conflicting geometry groups=0)
[am2_window_00_frame_150 +23s] parents 250/767
[am2_window_00_frame_150 +35s] parents 500/767
[am2_window_00_frame_150 +47s] parents 750/767
[am2_window_00_frame_150 +48s] refitting 767 parents
[am2_window_00_frame_150 +66s] refits 250/767; valid children=151
[am2_window_00_frame_150 +82s] refits 500/767; valid children=242
[am2_window_00_frame_150 +94s] refits 750/767; valid children=321
[am2_window_00_frame_150 +97s] ranking sensitivity thresholds
[am2_window_00_frame_150 +98s] saving evidence and arrays
[am2_window_00_frame_150 +108s] saved
{"case_id": "am2_window_00_frame_150", "direction_budget": 16, "run_wall_s": 256.0730363209732, "phases_s": {"prepare_view": 0.6339779980480671, "populations": 132.7963507580571, "w5_record": 108.03731774073094, "net_choice": 1.1322987293824553, "stripe_polarity_refit": 1.7441558768041432}, "bounded": "G1:30:137/child"}
