[shuttleset_03_scene_0034] generating G0
shuttleset_03_scene_0034 pair 0 [0, 1] combined 262144 players 55874 retained 256 seconds 3.8239555517211556
shuttleset_03_scene_0034 pair 1 [0, 2] combined 262144 players 49498 retained 256 seconds 3.645340844988823
shuttleset_03_scene_0034 pair 2 [0, 3] combined 262144 players 66236 retained 256 seconds 4.005005558021367
shuttleset_03_scene_0034 pair 4 [0, 5] combined 103424 players 23670 retained 256 seconds 2.231915280688554
shuttleset_03_scene_0034 pair 5 [0, 6] combined 262144 players 60294 retained 256 seconds 3.942122624255717
shuttleset_03_scene_0034 pair 8 [0, 9] combined 262144 players 54861 retained 256 seconds 3.9063467578962445
shuttleset_03_scene_0034 pair 10 [0, 11] combined 223232 players 24258 retained 256 seconds 2.6297337180003524
shuttleset_03_scene_0034 pair 11 [0, 12] combined 226304 players 30840 retained 256 seconds 2.8031997489742935
shuttleset_03_scene_0034 pair 12 [0, 13] combined 262144 players 60092 retained 256 seconds 3.9868864282034338
shuttleset_03_scene_0034 pair 13 [0, 14] combined 240640 players 40356 retained 256 seconds 3.200723284855485
shuttleset_03_scene_0034 pair 14 [0, 15] combined 5120 players 1022 retained 256 seconds 1.1064452989958227
shuttleset_03_scene_0034 pair 15 [1, 0] combined 262144 players 55778 retained 256 seconds 3.7565079000778496
shuttleset_03_scene_0034 pair 16 [1, 2] combined 262144 players 3164 retained 256 seconds 1.271193562541157
shuttleset_03_scene_0034 pair 18 [1, 4] combined 262144 players 64754 retained 256 seconds 3.526229599956423
shuttleset_03_scene_0034 pair 21 [1, 7] combined 262144 players 25998 retained 256 seconds 2.231119805946946
shuttleset_03_scene_0034 pair 22 [1, 8] combined 184320 players 41610 retained 256 seconds 2.3205870478414
shuttleset_03_scene_0034 pair 23 [1, 9] combined 262144 players 10122 retained 256 seconds 1.4865254419855773
shuttleset_03_scene_0034 pair 24 [1, 10] combined 11264 players 1370 retained 256 seconds 0.41626631282269955
shuttleset_03_scene_0034 pair 26 [1, 12] combined 108544 players 17448 retained 256 seconds 1.2633726419880986
shuttleset_03_scene_0034 pair 28 [1, 14] combined 108544 players 7802 retained 256 seconds 0.9597556428052485
shuttleset_03_scene_0034 pair 29 [1, 15] combined 7168 players 358 retained 165 seconds 0.3652659519575536
shuttleset_03_scene_0034 pair 30 [2, 0] combined 262144 players 65348 retained 256 seconds 3.8317896518856287
shuttleset_03_scene_0034 pair 31 [2, 1] combined 262144 players 2028 retained 256 seconds 1.1746678738854825
shuttleset_03_scene_0034 pair 32 [2, 3] combined 262144 players 2598 retained 256 seconds 1.1387283010408282
shuttleset_03_scene_0034 pair 34 [2, 5] combined 165888 players 826 retained 256 seconds 0.7193057322874665
shuttleset_03_scene_0034 pair 35 [2, 6] combined 262144 players 7944 retained 256 seconds 1.2674866789020598
shuttleset_03_scene_0034 pair 40 [2, 11] combined 262144 players 1124 retained 256 seconds 1.0177598032169044
shuttleset_03_scene_0034 pair 45 [3, 0] combined 262144 players 70742 retained 256 seconds 3.833328959066421
shuttleset_03_scene_0034 pair 47 [3, 2] combined 262144 players 17864 retained 256 seconds 1.7205295260064304
shuttleset_03_scene_0034 pair 48 [3, 4] combined 262144 players 84418 retained 256 seconds 3.90672466205433
shuttleset_03_scene_0034 pair 51 [3, 7] combined 262144 players 35180 retained 256 seconds 2.265751300845295
shuttleset_03_scene_0034 pair 52 [3, 8] combined 146432 players 25446 retained 256 seconds 1.5400703991763294
shuttleset_03_scene_0034 pair 53 [3, 9] combined 262144 players 10856 retained 256 seconds 1.3561576339416206
shuttleset_03_scene_0034 pair 54 [3, 10] combined 10240 players 528 retained 256 seconds 0.24929819209501147
shuttleset_03_scene_0034 pair 56 [3, 12] combined 110592 players 28010 retained 256 seconds 1.4628496482037008
shuttleset_03_scene_0034 pair 58 [3, 14] combined 115712 players 20792 retained 256 seconds 1.2404741146601737
shuttleset_03_scene_0034 pair 59 [3, 15] combined 7168 players 572 retained 256 seconds 0.32991353888064623
shuttleset_03_scene_0034 pair 61 [4, 1] combined 262144 players 65378 retained 256 seconds 3.419807734899223
shuttleset_03_scene_0034 pair 63 [4, 3] combined 262144 players 82056 retained 256 seconds 4.0019298028200865
shuttleset_03_scene_0034 pair 64 [4, 5] combined 93184 players 30134 retained 256 seconds 1.6367737231776118
shuttleset_03_scene_0034 pair 67 [4, 8] combined 262144 players 3318 retained 256 seconds 1.033259174786508
shuttleset_03_scene_0034 pair 69 [4, 10] combined 7168 players 2562 retained 256 seconds 0.26394479209557176
shuttleset_03_scene_0034 pair 70 [4, 11] combined 246784 players 36438 retained 256 seconds 2.140430232975632
shuttleset_03_scene_0034 pair 72 [4, 13] combined 262144 players 64320 retained 256 seconds 3.22661982383579
shuttleset_03_scene_0034 pair 75 [5, 0] combined 152576 players 42418 retained 256 seconds 2.450920504052192
shuttleset_03_scene_0034 pair 77 [5, 2] combined 155648 players 3698 retained 256 seconds 0.7187952161766589
shuttleset_03_scene_0034 pair 79 [5, 4] combined 129024 players 42772 retained 256 seconds 2.0303534949198365
shuttleset_03_scene_0034 pair 81 [5, 7] combined 134144 players 17492 retained 256 seconds 1.2168765752576292
shuttleset_03_scene_0034 pair 83 [5, 9] combined 134144 players 4594 retained 256 seconds 0.6773746460676193
shuttleset_03_scene_0034 pair 84 [5, 10] combined 6732 players 224 retained 112 seconds 0.10680517368018627
shuttleset_03_scene_0034 pair 86 [5, 12] combined 66000 players 10360 retained 256 seconds 0.6511610089801252
shuttleset_03_scene_0034 pair 87 [5, 13] combined 173056 players 7514 retained 256 seconds 0.9273819243535399
shuttleset_03_scene_0034 pair 88 [5, 14] combined 43524 players 2630 retained 256 seconds 0.3192050904035568
shuttleset_03_scene_0034 pair 90 [6, 0] combined 262144 players 60144 retained 256 seconds 3.6912474799901247
shuttleset_03_scene_0034 pair 92 [6, 2] combined 262144 players 20650 retained 256 seconds 1.6549971280619502
shuttleset_03_scene_0034 pair 97 [6, 8] combined 176128 players 27914 retained 256 seconds 1.563600841909647
shuttleset_03_scene_0034 pair 98 [6, 9] combined 262144 players 7944 retained 256 seconds 1.1780005251057446
shuttleset_03_scene_0034 pair 99 [6, 10] combined 8192 players 1114 retained 256 seconds 0.18961209384724498
shuttleset_03_scene_0034 pair 102 [6, 13] combined 262144 players 24448 retained 256 seconds 1.905904239974916
shuttleset_03_scene_0034 pair 103 [6, 14] combined 106496 players 2174 retained 256 seconds 0.5047570909373462
shuttleset_03_scene_0034 pair 106 [7, 1] combined 262144 players 21842 retained 256 seconds 1.9596727923490107
shuttleset_03_scene_0034 pair 108 [7, 3] combined 262144 players 29112 retained 256 seconds 2.083653664216399
shuttleset_03_scene_0034 pair 110 [7, 5] combined 93184 players 10378 retained 256 seconds 0.9236269309185445
shuttleset_03_scene_0034 pair 112 [7, 8] combined 221184 players 9406 retained 256 seconds 1.3828862537629902
shuttleset_03_scene_0034 pair 114 [7, 10] combined 6144 players 354 retained 129 seconds 0.31504607293754816
shuttleset_03_scene_0034 pair 115 [7, 11] combined 244736 players 14540 retained 256 seconds 1.5238169273361564
shuttleset_03_scene_0034 pair 117 [7, 13] combined 262144 players 23320 retained 256 seconds 1.9237347319722176
shuttleset_03_scene_0034 pair 121 [8, 1] combined 201728 players 41376 retained 256 seconds 2.2948888670653105
shuttleset_03_scene_0034 pair 123 [8, 3] combined 183296 players 57158 retained 256 seconds 2.860004977788776
shuttleset_03_scene_0034 pair 124 [8, 4] combined 254976 players 5516 retained 256 seconds 1.074195556808263
shuttleset_03_scene_0034 pair 126 [8, 6] combined 257024 players 50036 retained 256 seconds 2.5015824818983674
shuttleset_03_scene_0034 pair 127 [8, 7] combined 262144 players 6200 retained 256 seconds 1.2032880783081055
shuttleset_03_scene_0034 pair 131 [8, 12] combined 132096 players 1504 retained 256 seconds 0.5222542770206928
shuttleset_03_scene_0034 pair 132 [8, 13] combined 185344 players 36398 retained 256 seconds 2.0622631781734526
shuttleset_03_scene_0034 pair 133 [8, 14] combined 131072 players 712 retained 256 seconds 0.49950805120170116
shuttleset_03_scene_0034 pair 135 [9, 0] combined 262144 players 56712 retained 256 seconds 3.4634027779102325
shuttleset_03_scene_0034 pair 136 [9, 1] combined 262144 players 4066 retained 256 seconds 1.1784887979738414
shuttleset_03_scene_0034 pair 138 [9, 3] combined 262144 players 9368 retained 256 seconds 1.283227032981813
shuttleset_03_scene_0034 pair 140 [9, 5] combined 110592 players 356 retained 179 seconds 0.45071475114673376
shuttleset_03_scene_0034 pair 141 [9, 6] combined 262144 players 5302 retained 256 seconds 1.09646324114874
shuttleset_03_scene_0034 pair 145 [9, 11] combined 262144 players 1926 retained 256 seconds 0.9685296160168946
shuttleset_03_scene_0034 pair 151 [10, 1] combined 4096 players 100 retained 48 seconds 0.21580685814842582
shuttleset_03_scene_0034 pair 153 [10, 3] combined 5120 players 232 retained 99 seconds 0.30109197087585926
shuttleset_03_scene_0034 pair 154 [10, 4] combined 8192 players 3250 retained 256 seconds 0.2556980322115123
shuttleset_03_scene_0034 pair 155 [10, 5] combined 4152 players 204 retained 99 seconds 0.08848037291318178
shuttleset_03_scene_0034 pair 156 [10, 6] combined 14336 players 1342 retained 256 seconds 0.18490633089095354
shuttleset_03_scene_0034 pair 157 [10, 7] combined 12288 players 2816 retained 256 seconds 0.3457253728993237
shuttleset_03_scene_0034 pair 160 [10, 11] combined 7168 players 510 retained 226 seconds 0.12374573992565274
shuttleset_03_scene_0034 pair 165 [11, 0] combined 262144 players 40060 retained 256 seconds 2.857346935197711
shuttleset_03_scene_0034 pair 167 [11, 2] combined 262144 players 1144 retained 256 seconds 0.9739222656935453
shuttleset_03_scene_0034 pair 169 [11, 4] combined 262144 players 42982 retained 256 seconds 2.371585375163704
shuttleset_03_scene_0034 pair 172 [11, 7] combined 262144 players 17816 retained 256 seconds 1.753749102819711
shuttleset_03_scene_0034 pair 174 [11, 9] combined 262144 players 1278 retained 256 seconds 0.9370426391251385
shuttleset_03_scene_0034 pair 175 [11, 10] combined 10240 players 408 retained 202 seconds 0.14357153791934252
shuttleset_03_scene_0034 pair 176 [11, 12] combined 111616 players 12036 retained 256 seconds 0.8230435578152537
shuttleset_03_scene_0034 pair 177 [11, 13] combined 262144 players 3276 retained 256 seconds 1.0467480812221766
shuttleset_03_scene_0034 pair 178 [11, 14] combined 111616 players 8576 retained 256 seconds 0.7039551017805934
shuttleset_03_scene_0034 pair 180 [12, 0] combined 71680 players 3660 retained 256 seconds 1.0951202595606446
shuttleset_03_scene_0034 pair 181 [12, 1] combined 174080 players 41938 retained 256 seconds 2.2381844790652394
shuttleset_03_scene_0034 pair 183 [12, 3] combined 180224 players 59912 retained 256 seconds 2.7744284621439874
shuttleset_03_scene_0034 pair 185 [12, 5] combined 57316 players 16638 retained 256 seconds 1.0469021303579211
shuttleset_03_scene_0034 pair 188 [12, 8] combined 117468 players 404 retained 202 seconds 0.4453029162250459
shuttleset_03_scene_0034 pair 191 [12, 11] combined 136528 players 15746 retained 256 seconds 1.0239006532356143
shuttleset_03_scene_0034 pair 195 [13, 0] combined 262144 players 61988 retained 256 seconds 3.630529230926186
shuttleset_03_scene_0034 pair 199 [13, 4] combined 262144 players 61630 retained 256 seconds 3.1102783819660544
shuttleset_03_scene_0034 pair 200 [13, 5] combined 124928 players 4246 retained 256 seconds 0.7146116369403899
shuttleset_03_scene_0034 pair 201 [13, 6] combined 262144 players 21194 retained 256 seconds 1.8196045020595193
shuttleset_03_scene_0034 pair 202 [13, 7] combined 262144 players 30864 retained 256 seconds 2.1050344849936664
shuttleset_03_scene_0034 pair 203 [13, 8] combined 181248 players 26316 retained 256 seconds 1.5007324549369514
shuttleset_03_scene_0034 pair 206 [13, 11] combined 262144 players 9524 retained 256 seconds 1.2999271545559168
shuttleset_03_scene_0034 pair 209 [13, 15] combined 6144 players 244 retained 117 seconds 0.21320011280477047
shuttleset_03_scene_0034 pair 210 [14, 0] combined 227328 players 6832 retained 256 seconds 1.5771310632117093
shuttleset_03_scene_0034 pair 211 [14, 1] combined 166912 players 25952 retained 256 seconds 1.5839243647642434
shuttleset_03_scene_0034 pair 213 [14, 3] combined 158720 players 29856 retained 256 seconds 1.653919146861881
shuttleset_03_scene_0034 pair 215 [14, 5] combined 56700 players 2074 retained 256 seconds 0.5141465179622173
shuttleset_03_scene_0034 pair 216 [14, 6] combined 152576 players 10120 retained 256 seconds 0.88177510490641
shuttleset_03_scene_0034 pair 218 [14, 8] combined 155052 players 206 retained 104 seconds 0.5197408213280141
shuttleset_03_scene_0034 pair 221 [14, 11] combined 131580 players 8214 retained 256 seconds 0.7458176435902715
shuttleset_03_scene_0034 pair 225 [15, 0] combined 3072 players 42 retained 21 seconds 0.7334475228562951
shuttleset_03_scene_0034 pair 226 [15, 1] combined 6144 players 364 retained 146 seconds 0.238937521353364
shuttleset_03_scene_0034 pair 228 [15, 3] combined 6144 players 578 retained 256 seconds 0.1923309052363038
shuttleset_03_scene_0034 pair 238 [15, 13] combined 8192 players 1914 retained 256 seconds 0.2294270321726799
[shuttleset_03_scene_0034] generating G1
shuttleset_03_scene_0034 pair 0 [0, 1] combined 262144 players 49692 retained 256 seconds 3.2694262638688087
shuttleset_03_scene_0034 pair 1 [0, 2] combined 133120 players 29576 retained 256 seconds 2.1271405136212707
shuttleset_03_scene_0034 pair 2 [0, 3] combined 67584 players 14096 retained 256 seconds 1.4031691779382527
shuttleset_03_scene_0034 pair 4 [0, 5] combined 0 players 0 retained 0 seconds 0.680776976980269
shuttleset_03_scene_0034 pair 5 [0, 6] combined 12288 players 3216 retained 256 seconds 0.8636457840912044
shuttleset_03_scene_0034 pair 8 [0, 9] combined 7168 players 2052 retained 256 seconds 0.8575684949755669
shuttleset_03_scene_0034 pair 10 [0, 11] combined 40960 players 2772 retained 256 seconds 0.9430931620299816
shuttleset_03_scene_0034 pair 11 [0, 12] combined 29696 players 2576 retained 256 seconds 0.8603466087952256
shuttleset_03_scene_0034 pair 12 [0, 13] combined 256000 players 41386 retained 256 seconds 3.143736064899713
shuttleset_03_scene_0034 pair 13 [0, 14] combined 101376 players 10894 retained 256 seconds 1.363300092983991
shuttleset_03_scene_0034 pair 14 [0, 15] combined 1024 players 200 retained 98 seconds 0.6856539468280971
shuttleset_03_scene_0034 pair 15 [1, 0] combined 262144 players 61920 retained 256 seconds 3.2600799188949168
shuttleset_03_scene_0034 pair 16 [1, 2] combined 231424 players 7600 retained 256 seconds 1.0927505502477288
shuttleset_03_scene_0034 pair 18 [1, 4] combined 82944 players 16968 retained 256 seconds 0.9643245111219585
shuttleset_03_scene_0034 pair 21 [1, 7] combined 262144 players 32662 retained 256 seconds 2.03340705903247
shuttleset_03_scene_0034 pair 22 [1, 8] combined 2048 players 896 retained 256 seconds 0.17603548103943467
shuttleset_03_scene_0034 pair 23 [1, 9] combined 15360 players 190 retained 95 seconds 0.437074963003397
shuttleset_03_scene_0034 pair 24 [1, 10] combined 2048 players 426 retained 218 seconds 0.146442957688123
shuttleset_03_scene_0034 pair 26 [1, 12] combined 19456 players 4488 retained 256 seconds 0.3500957749783993
shuttleset_03_scene_0034 pair 28 [1, 14] combined 62464 players 6664 retained 256 seconds 0.5360547862946987
shuttleset_03_scene_0034 pair 29 [1, 15] combined 0 players 0 retained 0 seconds 0.09285495616495609
shuttleset_03_scene_0034 pair 30 [2, 0] combined 164864 players 41136 retained 256 seconds 2.327314764726907
shuttleset_03_scene_0034 pair 31 [2, 1] combined 225280 players 3244 retained 256 seconds 0.8871212629601359
shuttleset_03_scene_0034 pair 32 [2, 3] combined 99840 players 1840 retained 256 seconds 0.44081523222848773
shuttleset_03_scene_0034 pair 34 [2, 5] combined 0 players 0 retained 0 seconds 0.05137389758601785
shuttleset_03_scene_0034 pair 35 [2, 6] combined 19456 players 1344 retained 256 seconds 0.1946741919964552
shuttleset_03_scene_0034 pair 40 [2, 11] combined 54864 players 318 retained 157 seconds 0.2507401150651276
shuttleset_03_scene_0034 pair 45 [3, 0] combined 117760 players 29726 retained 256 seconds 1.851774726063013
shuttleset_03_scene_0034 pair 47 [3, 2] combined 93632 players 3054 retained 256 seconds 0.4692071992903948
shuttleset_03_scene_0034 pair 48 [3, 4] combined 40176 players 8154 retained 256 seconds 0.44747348967939615
shuttleset_03_scene_0034 pair 51 [3, 7] combined 131072 players 16220 retained 256 seconds 1.0636276719160378
shuttleset_03_scene_0034 pair 52 [3, 8] combined 904 players 428 retained 215 seconds 0.08986205188557506
shuttleset_03_scene_0034 pair 53 [3, 9] combined 5348 players 196 retained 98 seconds 0.08963119704276323
shuttleset_03_scene_0034 pair 54 [3, 10] combined 864 players 158 retained 80 seconds 0.06662591639906168
shuttleset_03_scene_0034 pair 56 [3, 12] combined 9956 players 2178 retained 256 seconds 0.1799077009782195
shuttleset_03_scene_0034 pair 58 [3, 14] combined 26400 players 1730 retained 256 seconds 0.2101507531479001
shuttleset_03_scene_0034 pair 59 [3, 15] combined 0 players 0 retained 0 seconds 0.03259937325492501
shuttleset_03_scene_0034 pair 61 [4, 1] combined 80896 players 19432 retained 256 seconds 1.2629263419657946
shuttleset_03_scene_0034 pair 63 [4, 3] combined 24016 players 5362 retained 256 seconds 0.31716404389590025
shuttleset_03_scene_0034 pair 64 [4, 5] combined 0 players 0 retained 0 seconds 0.023577366024255753
shuttleset_03_scene_0034 pair 67 [4, 8] combined 876 players 76 retained 38 seconds 0.05433582095429301
shuttleset_03_scene_0034 pair 69 [4, 10] combined 308 players 74 retained 36 seconds 0.05278996471315622
shuttleset_03_scene_0034 pair 70 [4, 11] combined 12464 players 876 retained 256 seconds 0.1382856210693717
shuttleset_03_scene_0034 pair 72 [4, 13] combined 81648 players 21228 retained 256 seconds 1.0057550827041268
shuttleset_03_scene_0034 pair 75 [5, 0] combined 0 players 0 retained 0 seconds 0.4531947751529515
shuttleset_03_scene_0034 pair 77 [5, 2] combined 0 players 0 retained 0 seconds 0.03171373484656215
shuttleset_03_scene_0034 pair 79 [5, 4] combined 0 players 0 retained 0 seconds 0.016495859250426292
shuttleset_03_scene_0034 pair 81 [5, 7] combined 0 players 0 retained 0 seconds 0.09548944793641567
shuttleset_03_scene_0034 pair 83 [5, 9] combined 0 players 0 retained 0 seconds 0.010621258988976479
shuttleset_03_scene_0034 pair 84 [5, 10] combined 0 players 0 retained 0 seconds 0.005665573291480541
shuttleset_03_scene_0034 pair 86 [5, 12] combined 0 players 0 retained 0 seconds 0.00864713080227375
shuttleset_03_scene_0034 pair 87 [5, 13] combined 0 players 0 retained 0 seconds 0.044460640754550695
shuttleset_03_scene_0034 pair 88 [5, 14] combined 0 players 0 retained 0 seconds 0.012177980970591307
shuttleset_03_scene_0034 pair 90 [6, 0] combined 16384 players 4912 retained 256 seconds 0.707430618815124
shuttleset_03_scene_0034 pair 92 [6, 2] combined 14100 players 798 retained 256 seconds 0.15236481791362166
shuttleset_03_scene_0034 pair 97 [6, 8] combined 240 players 56 retained 28 seconds 0.041251990012824535
shuttleset_03_scene_0034 pair 98 [6, 9] combined 1568 players 168 retained 84 seconds 0.0562964859418571
shuttleset_03_scene_0034 pair 99 [6, 10] combined 48 players 0 retained 0 seconds 0.014129725750535727
shuttleset_03_scene_0034 pair 102 [6, 13] combined 36864 players 3640 retained 256 seconds 0.31256498023867607
shuttleset_03_scene_0034 pair 103 [6, 14] combined 5104 players 0 retained 0 seconds 0.03647511312738061
shuttleset_03_scene_0034 pair 106 [7, 1] combined 262144 players 19426 retained 256 seconds 1.627847523894161
shuttleset_03_scene_0034 pair 108 [7, 3] combined 73728 players 6964 retained 256 seconds 0.6432443172670901
shuttleset_03_scene_0034 pair 110 [7, 5] combined 0 players 0 retained 0 seconds 0.1567120193503797
shuttleset_03_scene_0034 pair 112 [7, 8] combined 0 players 0 retained 0 seconds 0.14816988026723266
shuttleset_03_scene_0034 pair 114 [7, 10] combined 3072 players 136 retained 58 seconds 0.19155185762792826
shuttleset_03_scene_0034 pair 115 [7, 11] combined 41984 players 1098 retained 256 seconds 0.3717745849862695
shuttleset_03_scene_0034 pair 117 [7, 13] combined 238592 players 17666 retained 256 seconds 1.4707963499240577
shuttleset_03_scene_0034 pair 121 [8, 1] combined 4096 players 742 retained 256 seconds 0.14439900778234005
shuttleset_03_scene_0034 pair 123 [8, 3] combined 840 players 236 retained 118 seconds 0.06261984305456281
shuttleset_03_scene_0034 pair 124 [8, 4] combined 1360 players 146 retained 74 seconds 0.05412500258535147
shuttleset_03_scene_0034 pair 126 [8, 6] combined 288 players 30 retained 16 seconds 0.0371959307231009
shuttleset_03_scene_0034 pair 127 [8, 7] combined 2048 players 478 retained 239 seconds 0.16093169711530209
shuttleset_03_scene_0034 pair 131 [8, 12] combined 252 players 2 retained 1 seconds 0.03501511085778475
shuttleset_03_scene_0034 pair 132 [8, 13] combined 2048 players 714 retained 256 seconds 0.12046284601092339
shuttleset_03_scene_0034 pair 133 [8, 14] combined 784 players 0 retained 0 seconds 0.016176520381122828
shuttleset_03_scene_0034 pair 135 [9, 0] combined 25600 players 5554 retained 256 seconds 0.7465130290947855
shuttleset_03_scene_0034 pair 136 [9, 1] combined 21504 players 394 retained 197 seconds 0.17908418085426092
shuttleset_03_scene_0034 pair 138 [9, 3] combined 14768 players 268 retained 134 seconds 0.11147842509672046
shuttleset_03_scene_0034 pair 140 [9, 5] combined 0 players 0 retained 0 seconds 0.013908947817981243
shuttleset_03_scene_0034 pair 141 [9, 6] combined 2160 players 454 retained 227 seconds 0.08005965640768409
shuttleset_03_scene_0034 pair 145 [9, 11] combined 5040 players 0 retained 0 seconds 0.033941695000976324
shuttleset_03_scene_0034 pair 151 [10, 1] combined 0 players 0 retained 0 seconds 0.06010181084275246
shuttleset_03_scene_0034 pair 153 [10, 3] combined 0 players 0 retained 0 seconds 0.022824764251708984
shuttleset_03_scene_0034 pair 154 [10, 4] combined 256 players 74 retained 37 seconds 0.04487386904656887
shuttleset_03_scene_0034 pair 155 [10, 5] combined 0 players 0 retained 0 seconds 0.006064769811928272
shuttleset_03_scene_0034 pair 156 [10, 6] combined 48 players 16 retained 8 seconds 0.03400369640439749
shuttleset_03_scene_0034 pair 157 [10, 7] combined 4096 players 978 retained 256 seconds 0.190062936861068
shuttleset_03_scene_0034 pair 160 [10, 11] combined 224 players 50 retained 25 seconds 0.04325272887945175
shuttleset_03_scene_0034 pair 165 [11, 0] combined 83968 players 9218 retained 256 seconds 1.0345428357832134
shuttleset_03_scene_0034 pair 167 [11, 2] combined 83032 players 8 retained 4 seconds 0.30644193990156054
shuttleset_03_scene_0034 pair 169 [11, 4] combined 24300 players 2040 retained 256 seconds 0.2014420940540731
shuttleset_03_scene_0034 pair 172 [11, 7] combined 82944 players 4362 retained 256 seconds 0.5245712208561599
shuttleset_03_scene_0034 pair 174 [11, 9] combined 3840 players 0 retained 0 seconds 0.03201359882950783
shuttleset_03_scene_0034 pair 175 [11, 10] combined 368 players 0 retained 0 seconds 0.017359508201479912
shuttleset_03_scene_0034 pair 176 [11, 12] combined 5848 players 428 retained 214 seconds 0.09106243727728724
shuttleset_03_scene_0034 pair 177 [11, 13] combined 69632 players 536 retained 256 seconds 0.31004965491592884
shuttleset_03_scene_0034 pair 178 [11, 14] combined 18328 players 1052 retained 256 seconds 0.1523987059481442
shuttleset_03_scene_0034 pair 180 [12, 0] combined 7168 players 0 retained 0 seconds 0.7823255592957139
shuttleset_03_scene_0034 pair 181 [12, 1] combined 28672 players 5944 retained 256 seconds 0.36457917699590325
shuttleset_03_scene_0034 pair 183 [12, 3] combined 8960 players 2030 retained 256 seconds 0.16476989584043622
shuttleset_03_scene_0034 pair 185 [12, 5] combined 0 players 0 retained 0 seconds 0.011601170059293509
shuttleset_03_scene_0034 pair 188 [12, 8] combined 152 players 0 retained 0 seconds 0.011818108148872852
shuttleset_03_scene_0034 pair 191 [12, 11] combined 4872 players 268 retained 134 seconds 0.07228006096556783
shuttleset_03_scene_0034 pair 195 [13, 0] combined 262144 players 59262 retained 256 seconds 3.052832217887044
shuttleset_03_scene_0034 pair 199 [13, 4] combined 79872 players 17858 retained 256 seconds 0.8934174804016948
shuttleset_03_scene_0034 pair 200 [13, 5] combined 0 players 0 retained 0 seconds 0.06798874912783504
shuttleset_03_scene_0034 pair 201 [13, 6] combined 28672 players 4372 retained 256 seconds 0.32666800264269114
shuttleset_03_scene_0034 pair 202 [13, 7] combined 262144 players 35926 retained 256 seconds 2.0839819591492414
shuttleset_03_scene_0034 pair 203 [13, 8] combined 1920 players 784 retained 256 seconds 0.1485558981075883
shuttleset_03_scene_0034 pair 206 [13, 11] combined 56320 players 710 retained 256 seconds 0.2952334638684988
shuttleset_03_scene_0034 pair 209 [13, 15] combined 0 players 0 retained 0 seconds 0.06890442920848727
shuttleset_03_scene_0034 pair 210 [14, 0] combined 96256 players 2070 retained 256 seconds 0.8328235601074994
shuttleset_03_scene_0034 pair 211 [14, 1] combined 95232 players 11170 retained 256 seconds 0.7415322782471776
shuttleset_03_scene_0034 pair 213 [14, 3] combined 31620 players 4278 retained 256 seconds 0.3149705599062145
shuttleset_03_scene_0034 pair 215 [14, 5] combined 0 players 0 retained 0 seconds 0.019589154049754143
shuttleset_03_scene_0034 pair 216 [14, 6] combined 8832 players 670 retained 256 seconds 0.11269430629909039
shuttleset_03_scene_0034 pair 218 [14, 8] combined 972 players 0 retained 0 seconds 0.018684545066207647
shuttleset_03_scene_0034 pair 221 [14, 11] combined 16016 players 806 retained 256 seconds 0.14195783575996757
shuttleset_03_scene_0034 pair 225 [15, 0] combined 1024 players 166 retained 83 seconds 0.47815325204283
shuttleset_03_scene_0034 pair 226 [15, 1] combined 0 players 0 retained 0 seconds 0.05813587084412575
shuttleset_03_scene_0034 pair 228 [15, 3] combined 0 players 0 retained 0 seconds 0.021627075038850307
shuttleset_03_scene_0034 pair 238 [15, 13] combined 0 players 0 retained 0 seconds 0.04440370434895158
[shuttleset_03_scene_0034 +0s] loading view and candidate populations
[shuttleset_03_scene_0034] line-template: preparing rectangles
[shuttleset_03_scene_0034 +21s] measuring 761 parents (G0=256, G1=256, line_template=256; conflicting geometry groups=0)
[shuttleset_03_scene_0034 +34s] parents 250/761
[shuttleset_03_scene_0034 +47s] parents 500/761
[shuttleset_03_scene_0034 +59s] parents 750/761
[shuttleset_03_scene_0034 +59s] refitting 761 parents
[shuttleset_03_scene_0034 +77s] refits 250/761; valid children=249
[shuttleset_03_scene_0034 +94s] refits 500/761; valid children=486
[shuttleset_03_scene_0034 +109s] refits 750/761; valid children=678
[shuttleset_03_scene_0034 +110s] ranking sensitivity thresholds
[shuttleset_03_scene_0034 +110s] saving evidence and arrays
[shuttleset_03_scene_0034 +129s] saved
{"case_id": "shuttleset_03_scene_0034", "direction_budget": 16, "run_wall_s": 417.765257911291, "phases_s": {"prepare_view": 1.120659661013633, "populations": 280.5395507910289, "w5_record": 129.3512697359547, "net_choice": 2.682499916292727, "stripe_polarity_refit": 3.1889269170351326}, "bounded": "G1:1:2005"}
