[sset_21_gloiZ_gTJaE_frame_00000300] generating G0
sset_21_gloiZ_gTJaE_frame_00000300 pair 0 [0, 1] combined 0 players 0 retained 0 seconds 0.17120708292350173
sset_21_gloiZ_gTJaE_frame_00000300 pair 1 [0, 2] combined 0 players 0 retained 0 seconds 0.16444982308894396
sset_21_gloiZ_gTJaE_frame_00000300 pair 3 [0, 4] combined 0 players 0 retained 0 seconds 0.15231500612571836
sset_21_gloiZ_gTJaE_frame_00000300 pair 4 [0, 5] combined 0 players 0 retained 0 seconds 0.17002857802435756
sset_21_gloiZ_gTJaE_frame_00000300 pair 5 [0, 6] combined 0 players 0 retained 0 seconds 0.1567010749131441
sset_21_gloiZ_gTJaE_frame_00000300 pair 6 [0, 7] combined 0 players 0 retained 0 seconds 0.1583810723386705
sset_21_gloiZ_gTJaE_frame_00000300 pair 8 [0, 9] combined 0 players 0 retained 0 seconds 0.15475301817059517
sset_21_gloiZ_gTJaE_frame_00000300 pair 10 [0, 11] combined 0 players 0 retained 0 seconds 0.14658667100593448
sset_21_gloiZ_gTJaE_frame_00000300 pair 13 [0, 14] combined 0 players 0 retained 0 seconds 0.13685160363093019
sset_21_gloiZ_gTJaE_frame_00000300 pair 15 [1, 0] combined 0 players 0 retained 0 seconds 0.1059427703730762
sset_21_gloiZ_gTJaE_frame_00000300 pair 16 [1, 2] combined 0 players 0 retained 0 seconds 0.06218595802783966
sset_21_gloiZ_gTJaE_frame_00000300 pair 17 [1, 3] combined 0 players 0 retained 0 seconds 0.07516602519899607
sset_21_gloiZ_gTJaE_frame_00000300 pair 18 [1, 4] combined 0 players 0 retained 0 seconds 0.0485817757435143
sset_21_gloiZ_gTJaE_frame_00000300 pair 21 [1, 7] combined 0 players 0 retained 0 seconds 0.055435210932046175
sset_21_gloiZ_gTJaE_frame_00000300 pair 22 [1, 8] combined 0 players 0 retained 0 seconds 0.049289533868432045
sset_21_gloiZ_gTJaE_frame_00000300 pair 24 [1, 10] combined 0 players 0 retained 0 seconds 0.04793157894164324
sset_21_gloiZ_gTJaE_frame_00000300 pair 25 [1, 11] combined 0 players 0 retained 0 seconds 0.04964624485000968
sset_21_gloiZ_gTJaE_frame_00000300 pair 26 [1, 12] combined 0 players 0 retained 0 seconds 0.056169216986745596
sset_21_gloiZ_gTJaE_frame_00000300 pair 28 [1, 14] combined 0 players 0 retained 0 seconds 0.04715075297281146
sset_21_gloiZ_gTJaE_frame_00000300 pair 29 [1, 15] combined 0 players 0 retained 0 seconds 0.048559683840721846
sset_21_gloiZ_gTJaE_frame_00000300 pair 30 [2, 0] combined 0 players 0 retained 0 seconds 0.0761315580457449
sset_21_gloiZ_gTJaE_frame_00000300 pair 31 [2, 1] combined 0 players 0 retained 0 seconds 0.042716366704553366
sset_21_gloiZ_gTJaE_frame_00000300 pair 32 [2, 3] combined 0 players 0 retained 0 seconds 0.06327028293162584
sset_21_gloiZ_gTJaE_frame_00000300 pair 34 [2, 5] combined 0 players 0 retained 0 seconds 0.04803520627319813
sset_21_gloiZ_gTJaE_frame_00000300 pair 35 [2, 6] combined 0 players 0 retained 0 seconds 0.03539845300838351
sset_21_gloiZ_gTJaE_frame_00000300 pair 38 [2, 9] combined 0 players 0 retained 0 seconds 0.035403072368353605
sset_21_gloiZ_gTJaE_frame_00000300 pair 41 [2, 12] combined 0 players 0 retained 0 seconds 0.04068365320563316
sset_21_gloiZ_gTJaE_frame_00000300 pair 42 [2, 13] combined 0 players 0 retained 0 seconds 0.03329315176233649
sset_21_gloiZ_gTJaE_frame_00000300 pair 46 [3, 1] combined 0 players 0 retained 0 seconds 0.1055921670049429
sset_21_gloiZ_gTJaE_frame_00000300 pair 47 [3, 2] combined 0 players 0 retained 0 seconds 0.11487246630713344
sset_21_gloiZ_gTJaE_frame_00000300 pair 48 [3, 4] combined 0 players 0 retained 0 seconds 0.09574086964130402
sset_21_gloiZ_gTJaE_frame_00000300 pair 49 [3, 5] combined 0 players 0 retained 0 seconds 0.10523456614464521
sset_21_gloiZ_gTJaE_frame_00000300 pair 50 [3, 6] combined 0 players 0 retained 0 seconds 0.10055266693234444
sset_21_gloiZ_gTJaE_frame_00000300 pair 51 [3, 7] combined 0 players 0 retained 0 seconds 0.0976181561127305
sset_21_gloiZ_gTJaE_frame_00000300 pair 53 [3, 9] combined 0 players 0 retained 0 seconds 0.09676494635641575
sset_21_gloiZ_gTJaE_frame_00000300 pair 55 [3, 11] combined 0 players 0 retained 0 seconds 0.09839810011908412
sset_21_gloiZ_gTJaE_frame_00000300 pair 58 [3, 14] combined 0 players 0 retained 0 seconds 0.0954458829946816
sset_21_gloiZ_gTJaE_frame_00000300 pair 60 [4, 0] combined 0 players 0 retained 0 seconds 0.06948819616809487
sset_21_gloiZ_gTJaE_frame_00000300 pair 61 [4, 1] combined 0 players 0 retained 0 seconds 0.023523917887359858
sset_21_gloiZ_gTJaE_frame_00000300 pair 63 [4, 3] combined 0 players 0 retained 0 seconds 0.04181620478630066
sset_21_gloiZ_gTJaE_frame_00000300 pair 64 [4, 5] combined 0 players 0 retained 0 seconds 0.019738006871193647
sset_21_gloiZ_gTJaE_frame_00000300 pair 65 [4, 6] combined 0 players 0 retained 0 seconds 0.016288006212562323
sset_21_gloiZ_gTJaE_frame_00000300 pair 68 [4, 9] combined 0 players 0 retained 0 seconds 0.014344471972435713
sset_21_gloiZ_gTJaE_frame_00000300 pair 71 [4, 12] combined 0 players 0 retained 0 seconds 0.020187370013445616
sset_21_gloiZ_gTJaE_frame_00000300 pair 75 [5, 0] combined 0 players 0 retained 0 seconds 0.0728258527815342
sset_21_gloiZ_gTJaE_frame_00000300 pair 77 [5, 2] combined 0 players 0 retained 0 seconds 0.03274671221151948
sset_21_gloiZ_gTJaE_frame_00000300 pair 78 [5, 3] combined 0 players 0 retained 0 seconds 0.05378784239292145
sset_21_gloiZ_gTJaE_frame_00000300 pair 79 [5, 4] combined 0 players 0 retained 0 seconds 0.026944412849843502
sset_21_gloiZ_gTJaE_frame_00000300 pair 81 [5, 7] combined 0 players 0 retained 0 seconds 0.028238316997885704
sset_21_gloiZ_gTJaE_frame_00000300 pair 82 [5, 8] combined 0 players 0 retained 0 seconds 0.02786855911836028
sset_21_gloiZ_gTJaE_frame_00000300 pair 84 [5, 10] combined 0 players 0 retained 0 seconds 0.027046764735132456
sset_21_gloiZ_gTJaE_frame_00000300 pair 85 [5, 11] combined 0 players 0 retained 0 seconds 0.0256047360599041
sset_21_gloiZ_gTJaE_frame_00000300 pair 88 [5, 14] combined 0 players 0 retained 0 seconds 0.027053782250732183
sset_21_gloiZ_gTJaE_frame_00000300 pair 89 [5, 15] combined 0 players 0 retained 0 seconds 0.027304423972964287
sset_21_gloiZ_gTJaE_frame_00000300 pair 90 [6, 0] combined 0 players 0 retained 0 seconds 0.06182774715125561
sset_21_gloiZ_gTJaE_frame_00000300 pair 92 [6, 2] combined 0 players 0 retained 0 seconds 0.026218770071864128
sset_21_gloiZ_gTJaE_frame_00000300 pair 93 [6, 3] combined 0 players 0 retained 0 seconds 0.04800240322947502
sset_21_gloiZ_gTJaE_frame_00000300 pair 94 [6, 4] combined 0 players 0 retained 0 seconds 0.01957126660272479
sset_21_gloiZ_gTJaE_frame_00000300 pair 96 [6, 7] combined 0 players 0 retained 0 seconds 0.02076553599908948
sset_21_gloiZ_gTJaE_frame_00000300 pair 97 [6, 8] combined 0 players 0 retained 0 seconds 0.01965895900502801
sset_21_gloiZ_gTJaE_frame_00000300 pair 99 [6, 10] combined 0 players 0 retained 0 seconds 0.018988947849720716
sset_21_gloiZ_gTJaE_frame_00000300 pair 100 [6, 11] combined 0 players 0 retained 0 seconds 0.016734863165766
sset_21_gloiZ_gTJaE_frame_00000300 pair 101 [6, 12] combined 0 players 0 retained 0 seconds 0.025180695112794638
sset_21_gloiZ_gTJaE_frame_00000300 pair 103 [6, 14] combined 0 players 0 retained 0 seconds 0.01795340282842517
sset_21_gloiZ_gTJaE_frame_00000300 pair 104 [6, 15] combined 0 players 0 retained 0 seconds 0.017829061020165682
sset_21_gloiZ_gTJaE_frame_00000300 pair 105 [7, 0] combined 0 players 0 retained 0 seconds 0.06162198493257165
sset_21_gloiZ_gTJaE_frame_00000300 pair 106 [7, 1] combined 0 players 0 retained 0 seconds 0.02917347475886345
sset_21_gloiZ_gTJaE_frame_00000300 pair 108 [7, 3] combined 0 players 0 retained 0 seconds 0.048291875049471855
sset_21_gloiZ_gTJaE_frame_00000300 pair 110 [7, 5] combined 0 players 0 retained 0 seconds 0.021420373115688562
sset_21_gloiZ_gTJaE_frame_00000300 pair 111 [7, 6] combined 0 players 0 retained 0 seconds 0.019309119787067175
sset_21_gloiZ_gTJaE_frame_00000300 pair 113 [7, 9] combined 0 players 0 retained 0 seconds 0.01938079111278057
sset_21_gloiZ_gTJaE_frame_00000300 pair 116 [7, 12] combined 0 players 0 retained 0 seconds 0.026342560071498156
sset_21_gloiZ_gTJaE_frame_00000300 pair 117 [7, 13] combined 0 players 0 retained 0 seconds 0.017882976215332747
sset_21_gloiZ_gTJaE_frame_00000300 pair 121 [8, 1] combined 0 players 0 retained 0 seconds 0.025032078847289085
sset_21_gloiZ_gTJaE_frame_00000300 pair 125 [8, 5] combined 0 players 0 retained 0 seconds 0.018249317072331905
sset_21_gloiZ_gTJaE_frame_00000300 pair 126 [8, 6] combined 0 players 0 retained 0 seconds 0.015903429128229618
sset_21_gloiZ_gTJaE_frame_00000300 pair 128 [8, 9] combined 0 players 0 retained 0 seconds 0.012705400586128235
sset_21_gloiZ_gTJaE_frame_00000300 pair 135 [9, 0] combined 0 players 0 retained 0 seconds 0.057017366867512465
sset_21_gloiZ_gTJaE_frame_00000300 pair 137 [9, 2] combined 0 players 0 retained 0 seconds 0.021136049181222916
sset_21_gloiZ_gTJaE_frame_00000300 pair 138 [9, 3] combined 0 players 0 retained 0 seconds 0.04159625479951501
sset_21_gloiZ_gTJaE_frame_00000300 pair 139 [9, 4] combined 0 players 0 retained 0 seconds 0.01414539571851492
sset_21_gloiZ_gTJaE_frame_00000300 pair 142 [9, 7] combined 0 players 0 retained 0 seconds 0.015880576334893703
sset_21_gloiZ_gTJaE_frame_00000300 pair 143 [9, 8] combined 0 players 0 retained 0 seconds 0.012792392168194056
sset_21_gloiZ_gTJaE_frame_00000300 pair 144 [9, 10] combined 0 players 0 retained 0 seconds 0.014030351769179106
sset_21_gloiZ_gTJaE_frame_00000300 pair 145 [9, 11] combined 0 players 0 retained 0 seconds 0.012957870028913021
sset_21_gloiZ_gTJaE_frame_00000300 pair 148 [9, 14] combined 0 players 0 retained 0 seconds 0.013179493602365255
sset_21_gloiZ_gTJaE_frame_00000300 pair 149 [9, 15] combined 0 players 0 retained 0 seconds 0.012934767175465822
sset_21_gloiZ_gTJaE_frame_00000300 pair 151 [10, 1] combined 0 players 0 retained 0 seconds 0.024908644147217274
sset_21_gloiZ_gTJaE_frame_00000300 pair 155 [10, 5] combined 0 players 0 retained 0 seconds 0.01743989996612072
sset_21_gloiZ_gTJaE_frame_00000300 pair 156 [10, 6] combined 0 players 0 retained 0 seconds 0.014714744873344898
sset_21_gloiZ_gTJaE_frame_00000300 pair 159 [10, 9] combined 0 players 0 retained 0 seconds 0.013010889291763306
sset_21_gloiZ_gTJaE_frame_00000300 pair 165 [11, 0] combined 0 players 0 retained 0 seconds 0.044922188855707645
sset_21_gloiZ_gTJaE_frame_00000300 pair 166 [11, 1] combined 0 players 0 retained 0 seconds 0.02027214504778385
sset_21_gloiZ_gTJaE_frame_00000300 pair 168 [11, 3] combined 0 players 0 retained 0 seconds 0.03555881092324853
sset_21_gloiZ_gTJaE_frame_00000300 pair 170 [11, 5] combined 0 players 0 retained 0 seconds 0.011328964959830046
sset_21_gloiZ_gTJaE_frame_00000300 pair 171 [11, 6] combined 0 players 0 retained 0 seconds 0.009004130028188229
sset_21_gloiZ_gTJaE_frame_00000300 pair 174 [11, 9] combined 0 players 0 retained 0 seconds 0.009293995331972837
sset_21_gloiZ_gTJaE_frame_00000300 pair 176 [11, 12] combined 0 players 0 retained 0 seconds 0.014279463794082403
sset_21_gloiZ_gTJaE_frame_00000300 pair 181 [12, 1] combined 0 players 0 retained 0 seconds 0.04178959969431162
sset_21_gloiZ_gTJaE_frame_00000300 pair 182 [12, 2] combined 0 players 0 retained 0 seconds 0.03950862493366003
sset_21_gloiZ_gTJaE_frame_00000300 pair 184 [12, 4] combined 0 players 0 retained 0 seconds 0.03770756023004651
sset_21_gloiZ_gTJaE_frame_00000300 pair 186 [12, 6] combined 0 players 0 retained 0 seconds 0.03648000909015536
sset_21_gloiZ_gTJaE_frame_00000300 pair 187 [12, 7] combined 0 players 0 retained 0 seconds 0.0349554056301713
sset_21_gloiZ_gTJaE_frame_00000300 pair 191 [12, 11] combined 0 players 0 retained 0 seconds 0.03220362076535821
sset_21_gloiZ_gTJaE_frame_00000300 pair 193 [12, 14] combined 0 players 0 retained 0 seconds 0.03641536692157388
sset_21_gloiZ_gTJaE_frame_00000300 pair 197 [13, 2] combined 0 players 0 retained 0 seconds 0.017520965076982975
sset_21_gloiZ_gTJaE_frame_00000300 pair 202 [13, 7] combined 0 players 0 retained 0 seconds 0.01307496102526784
sset_21_gloiZ_gTJaE_frame_00000300 pair 210 [14, 0] combined 0 players 0 retained 0 seconds 0.056145248003304005
sset_21_gloiZ_gTJaE_frame_00000300 pair 211 [14, 1] combined 0 players 0 retained 0 seconds 0.023284500930458307
sset_21_gloiZ_gTJaE_frame_00000300 pair 213 [14, 3] combined 0 players 0 retained 0 seconds 0.03680691681802273
sset_21_gloiZ_gTJaE_frame_00000300 pair 215 [14, 5] combined 0 players 0 retained 0 seconds 0.01306117931380868
sset_21_gloiZ_gTJaE_frame_00000300 pair 216 [14, 6] combined 0 players 0 retained 0 seconds 0.011637315154075623
sset_21_gloiZ_gTJaE_frame_00000300 pair 219 [14, 9] combined 0 players 0 retained 0 seconds 0.009535589721053839
sset_21_gloiZ_gTJaE_frame_00000300 pair 222 [14, 12] combined 0 players 0 retained 0 seconds 0.016314237378537655
sset_21_gloiZ_gTJaE_frame_00000300 pair 226 [15, 1] combined 0 players 0 retained 0 seconds 0.020319805946201086
sset_21_gloiZ_gTJaE_frame_00000300 pair 230 [15, 5] combined 0 players 0 retained 0 seconds 0.015410789288580418
sset_21_gloiZ_gTJaE_frame_00000300 pair 231 [15, 6] combined 0 players 0 retained 0 seconds 0.013649065047502518
sset_21_gloiZ_gTJaE_frame_00000300 pair 234 [15, 9] combined 0 players 0 retained 0 seconds 0.009775592014193535
[sset_21_gloiZ_gTJaE_frame_00000300] generating G1
sset_21_gloiZ_gTJaE_frame_00000300 pair 0 [0, 1] combined 0 players 0 retained 0 seconds 0.06280132383108139
sset_21_gloiZ_gTJaE_frame_00000300 pair 1 [0, 2] combined 0 players 0 retained 0 seconds 0.060345056001096964
sset_21_gloiZ_gTJaE_frame_00000300 pair 3 [0, 4] combined 0 players 0 retained 0 seconds 0.05884449789300561
sset_21_gloiZ_gTJaE_frame_00000300 pair 4 [0, 5] combined 0 players 0 retained 0 seconds 0.06146891135722399
sset_21_gloiZ_gTJaE_frame_00000300 pair 5 [0, 6] combined 0 players 0 retained 0 seconds 0.07247289502993226
sset_21_gloiZ_gTJaE_frame_00000300 pair 6 [0, 7] combined 0 players 0 retained 0 seconds 0.06295314524322748
sset_21_gloiZ_gTJaE_frame_00000300 pair 8 [0, 9] combined 0 players 0 retained 0 seconds 0.0693528070114553
sset_21_gloiZ_gTJaE_frame_00000300 pair 10 [0, 11] combined 0 players 0 retained 0 seconds 0.07116324314847589
sset_21_gloiZ_gTJaE_frame_00000300 pair 13 [0, 14] combined 0 players 0 retained 0 seconds 0.06925837928429246
sset_21_gloiZ_gTJaE_frame_00000300 pair 15 [1, 0] combined 0 players 0 retained 0 seconds 0.028822633903473616
sset_21_gloiZ_gTJaE_frame_00000300 pair 16 [1, 2] combined 0 players 0 retained 0 seconds 0.010131072718650103
sset_21_gloiZ_gTJaE_frame_00000300 pair 17 [1, 3] combined 0 players 0 retained 0 seconds 0.015417953953146935
sset_21_gloiZ_gTJaE_frame_00000300 pair 18 [1, 4] combined 0 players 0 retained 0 seconds 0.00870725093409419
sset_21_gloiZ_gTJaE_frame_00000300 pair 21 [1, 7] combined 0 players 0 retained 0 seconds 0.009159406647086143
sset_21_gloiZ_gTJaE_frame_00000300 pair 22 [1, 8] combined 0 players 0 retained 0 seconds 0.0091060153208673
sset_21_gloiZ_gTJaE_frame_00000300 pair 24 [1, 10] combined 0 players 0 retained 0 seconds 0.008878498338162899
sset_21_gloiZ_gTJaE_frame_00000300 pair 25 [1, 11] combined 0 players 0 retained 0 seconds 0.00871261116117239
sset_21_gloiZ_gTJaE_frame_00000300 pair 26 [1, 12] combined 0 players 0 retained 0 seconds 0.01253362512215972
sset_21_gloiZ_gTJaE_frame_00000300 pair 28 [1, 14] combined 0 players 0 retained 0 seconds 0.008894464001059532
sset_21_gloiZ_gTJaE_frame_00000300 pair 29 [1, 15] combined 0 players 0 retained 0 seconds 0.00884304940700531
sset_21_gloiZ_gTJaE_frame_00000300 pair 30 [2, 0] combined 0 players 0 retained 0 seconds 0.025304615031927824
sset_21_gloiZ_gTJaE_frame_00000300 pair 31 [2, 1] combined 0 players 0 retained 0 seconds 0.007276623044162989
sset_21_gloiZ_gTJaE_frame_00000300 pair 32 [2, 3] combined 0 players 0 retained 0 seconds 0.011649729683995247
sset_21_gloiZ_gTJaE_frame_00000300 pair 34 [2, 5] combined 0 players 0 retained 0 seconds 0.006348018068820238
sset_21_gloiZ_gTJaE_frame_00000300 pair 35 [2, 6] combined 0 players 0 retained 0 seconds 0.0058943540789186954
sset_21_gloiZ_gTJaE_frame_00000300 pair 38 [2, 9] combined 0 players 0 retained 0 seconds 0.005814567673951387
sset_21_gloiZ_gTJaE_frame_00000300 pair 41 [2, 12] combined 0 players 0 retained 0 seconds 0.008744862861931324
sset_21_gloiZ_gTJaE_frame_00000300 pair 42 [2, 13] combined 0 players 0 retained 0 seconds 0.0057262941263616085
sset_21_gloiZ_gTJaE_frame_00000300 pair 46 [3, 1] combined 0 players 0 retained 0 seconds 0.02480354206636548
sset_21_gloiZ_gTJaE_frame_00000300 pair 47 [3, 2] combined 0 players 0 retained 0 seconds 0.023629285860806704
sset_21_gloiZ_gTJaE_frame_00000300 pair 48 [3, 4] combined 0 players 0 retained 0 seconds 0.02257271995767951
sset_21_gloiZ_gTJaE_frame_00000300 pair 49 [3, 5] combined 0 players 0 retained 0 seconds 0.023360525723546743
sset_21_gloiZ_gTJaE_frame_00000300 pair 50 [3, 6] combined 0 players 0 retained 0 seconds 0.02290624799206853
sset_21_gloiZ_gTJaE_frame_00000300 pair 51 [3, 7] combined 0 players 0 retained 0 seconds 0.023215957917273045
sset_21_gloiZ_gTJaE_frame_00000300 pair 53 [3, 9] combined 0 players 0 retained 0 seconds 0.022462408989667892
sset_21_gloiZ_gTJaE_frame_00000300 pair 55 [3, 11] combined 0 players 0 retained 0 seconds 0.022410620003938675
sset_21_gloiZ_gTJaE_frame_00000300 pair 58 [3, 14] combined 0 players 0 retained 0 seconds 0.022739072795957327
sset_21_gloiZ_gTJaE_frame_00000300 pair 60 [4, 0] combined 0 players 0 retained 0 seconds 0.02257278887555003
sset_21_gloiZ_gTJaE_frame_00000300 pair 61 [4, 1] combined 0 players 0 retained 0 seconds 0.004682408180087805
sset_21_gloiZ_gTJaE_frame_00000300 pair 63 [4, 3] combined 0 players 0 retained 0 seconds 0.009010650683194399
sset_21_gloiZ_gTJaE_frame_00000300 pair 64 [4, 5] combined 0 players 0 retained 0 seconds 0.00337168388068676
sset_21_gloiZ_gTJaE_frame_00000300 pair 65 [4, 6] combined 0 players 0 retained 0 seconds 0.003403246868401766
sset_21_gloiZ_gTJaE_frame_00000300 pair 68 [4, 9] combined 0 players 0 retained 0 seconds 0.002772172912955284
sset_21_gloiZ_gTJaE_frame_00000300 pair 71 [4, 12] combined 0 players 0 retained 0 seconds 0.005867025814950466
sset_21_gloiZ_gTJaE_frame_00000300 pair 75 [5, 0] combined 0 players 0 retained 0 seconds 0.02548722503706813
sset_21_gloiZ_gTJaE_frame_00000300 pair 77 [5, 2] combined 0 players 0 retained 0 seconds 0.006326006725430489
sset_21_gloiZ_gTJaE_frame_00000300 pair 78 [5, 3] combined 0 players 0 retained 0 seconds 0.011853280942887068
sset_21_gloiZ_gTJaE_frame_00000300 pair 79 [5, 4] combined 0 players 0 retained 0 seconds 0.005379701033234596
sset_21_gloiZ_gTJaE_frame_00000300 pair 81 [5, 7] combined 0 players 0 retained 0 seconds 0.005625040736049414
sset_21_gloiZ_gTJaE_frame_00000300 pair 82 [5, 8] combined 0 players 0 retained 0 seconds 0.005688206758350134
sset_21_gloiZ_gTJaE_frame_00000300 pair 84 [5, 10] combined 0 players 0 retained 0 seconds 0.0054594529792666435
sset_21_gloiZ_gTJaE_frame_00000300 pair 85 [5, 11] combined 0 players 0 retained 0 seconds 0.00516936369240284
sset_21_gloiZ_gTJaE_frame_00000300 pair 88 [5, 14] combined 0 players 0 retained 0 seconds 0.005271199159324169
sset_21_gloiZ_gTJaE_frame_00000300 pair 89 [5, 15] combined 0 players 0 retained 0 seconds 0.005496138706803322
sset_21_gloiZ_gTJaE_frame_00000300 pair 90 [6, 0] combined 0 players 0 retained 0 seconds 0.02388025587424636
sset_21_gloiZ_gTJaE_frame_00000300 pair 92 [6, 2] combined 0 players 0 retained 0 seconds 0.005301420111209154
sset_21_gloiZ_gTJaE_frame_00000300 pair 93 [6, 3] combined 0 players 0 retained 0 seconds 0.010237336624413729
sset_21_gloiZ_gTJaE_frame_00000300 pair 94 [6, 4] combined 0 players 0 retained 0 seconds 0.004303107038140297
sset_21_gloiZ_gTJaE_frame_00000300 pair 96 [6, 7] combined 0 players 0 retained 0 seconds 0.004493214190006256
sset_21_gloiZ_gTJaE_frame_00000300 pair 97 [6, 8] combined 0 players 0 retained 0 seconds 0.004203672055155039
sset_21_gloiZ_gTJaE_frame_00000300 pair 99 [6, 10] combined 0 players 0 retained 0 seconds 0.004219410941004753
sset_21_gloiZ_gTJaE_frame_00000300 pair 100 [6, 11] combined 0 players 0 retained 0 seconds 0.004059794824570417
sset_21_gloiZ_gTJaE_frame_00000300 pair 101 [6, 12] combined 0 players 0 retained 0 seconds 0.007516467012465
sset_21_gloiZ_gTJaE_frame_00000300 pair 103 [6, 14] combined 0 players 0 retained 0 seconds 0.004239527974277735
sset_21_gloiZ_gTJaE_frame_00000300 pair 104 [6, 15] combined 0 players 0 retained 0 seconds 0.004081521183252335
sset_21_gloiZ_gTJaE_frame_00000300 pair 105 [7, 0] combined 0 players 0 retained 0 seconds 0.023769766092300415
sset_21_gloiZ_gTJaE_frame_00000300 pair 106 [7, 1] combined 0 players 0 retained 0 seconds 0.00495103606954217
sset_21_gloiZ_gTJaE_frame_00000300 pair 108 [7, 3] combined 0 players 0 retained 0 seconds 0.009700692258775234
sset_21_gloiZ_gTJaE_frame_00000300 pair 110 [7, 5] combined 0 players 0 retained 0 seconds 0.003968240227550268
sset_21_gloiZ_gTJaE_frame_00000300 pair 111 [7, 6] combined 0 players 0 retained 0 seconds 0.003693615086376667
sset_21_gloiZ_gTJaE_frame_00000300 pair 113 [7, 9] combined 0 players 0 retained 0 seconds 0.0034914002753794193
sset_21_gloiZ_gTJaE_frame_00000300 pair 116 [7, 12] combined 0 players 0 retained 0 seconds 0.0067293718457221985
sset_21_gloiZ_gTJaE_frame_00000300 pair 117 [7, 13] combined 0 players 0 retained 0 seconds 0.003617744892835617
sset_21_gloiZ_gTJaE_frame_00000300 pair 121 [8, 1] combined 0 players 0 retained 0 seconds 0.00531742861494422
sset_21_gloiZ_gTJaE_frame_00000300 pair 125 [8, 5] combined 0 players 0 retained 0 seconds 0.004019818734377623
sset_21_gloiZ_gTJaE_frame_00000300 pair 126 [8, 6] combined 0 players 0 retained 0 seconds 0.0038850707933306694
sset_21_gloiZ_gTJaE_frame_00000300 pair 128 [8, 9] combined 0 players 0 retained 0 seconds 0.003083700779825449
sset_21_gloiZ_gTJaE_frame_00000300 pair 135 [9, 0] combined 0 players 0 retained 0 seconds 0.023510097060352564
sset_21_gloiZ_gTJaE_frame_00000300 pair 137 [9, 2] combined 0 players 0 retained 0 seconds 0.004399099852889776
sset_21_gloiZ_gTJaE_frame_00000300 pair 138 [9, 3] combined 0 players 0 retained 0 seconds 0.009518915321677923
sset_21_gloiZ_gTJaE_frame_00000300 pair 139 [9, 4] combined 0 players 0 retained 0 seconds 0.0035347607918083668
sset_21_gloiZ_gTJaE_frame_00000300 pair 142 [9, 7] combined 0 players 0 retained 0 seconds 0.003595312125980854
sset_21_gloiZ_gTJaE_frame_00000300 pair 143 [9, 8] combined 0 players 0 retained 0 seconds 0.0030874647200107574
sset_21_gloiZ_gTJaE_frame_00000300 pair 144 [9, 10] combined 0 players 0 retained 0 seconds 0.00339510478079319
sset_21_gloiZ_gTJaE_frame_00000300 pair 145 [9, 11] combined 0 players 0 retained 0 seconds 0.003239917103201151
sset_21_gloiZ_gTJaE_frame_00000300 pair 148 [9, 14] combined 0 players 0 retained 0 seconds 0.003477121237665415
sset_21_gloiZ_gTJaE_frame_00000300 pair 149 [9, 15] combined 0 players 0 retained 0 seconds 0.0033384221605956554
sset_21_gloiZ_gTJaE_frame_00000300 pair 151 [10, 1] combined 0 players 0 retained 0 seconds 0.004606727045029402
sset_21_gloiZ_gTJaE_frame_00000300 pair 155 [10, 5] combined 0 players 0 retained 0 seconds 0.0034189950674772263
sset_21_gloiZ_gTJaE_frame_00000300 pair 156 [10, 6] combined 0 players 0 retained 0 seconds 0.002972843125462532
sset_21_gloiZ_gTJaE_frame_00000300 pair 159 [10, 9] combined 0 players 0 retained 0 seconds 0.002796088345348835
sset_21_gloiZ_gTJaE_frame_00000300 pair 165 [11, 0] combined 0 players 0 retained 0 seconds 0.02308621210977435
sset_21_gloiZ_gTJaE_frame_00000300 pair 166 [11, 1] combined 0 players 0 retained 0 seconds 0.004440457094460726
sset_21_gloiZ_gTJaE_frame_00000300 pair 168 [11, 3] combined 0 players 0 retained 0 seconds 0.008611113764345646
sset_21_gloiZ_gTJaE_frame_00000300 pair 170 [11, 5] combined 0 players 0 retained 0 seconds 0.0034610750153660774
sset_21_gloiZ_gTJaE_frame_00000300 pair 171 [11, 6] combined 0 players 0 retained 0 seconds 0.00274931313470006
sset_21_gloiZ_gTJaE_frame_00000300 pair 174 [11, 9] combined 0 players 0 retained 0 seconds 0.0028740759007632732
sset_21_gloiZ_gTJaE_frame_00000300 pair 176 [11, 12] combined 0 players 0 retained 0 seconds 0.005868439096957445
sset_21_gloiZ_gTJaE_frame_00000300 pair 181 [12, 1] combined 0 players 0 retained 0 seconds 0.01545270811766386
sset_21_gloiZ_gTJaE_frame_00000300 pair 182 [12, 2] combined 0 players 0 retained 0 seconds 0.014624434057623148
sset_21_gloiZ_gTJaE_frame_00000300 pair 184 [12, 4] combined 0 players 0 retained 0 seconds 0.013553618919104338
sset_21_gloiZ_gTJaE_frame_00000300 pair 186 [12, 6] combined 0 players 0 retained 0 seconds 0.01383141428232193
sset_21_gloiZ_gTJaE_frame_00000300 pair 187 [12, 7] combined 0 players 0 retained 0 seconds 0.014370360411703587
sset_21_gloiZ_gTJaE_frame_00000300 pair 191 [12, 11] combined 0 players 0 retained 0 seconds 0.01415739580988884
sset_21_gloiZ_gTJaE_frame_00000300 pair 193 [12, 14] combined 0 players 0 retained 0 seconds 0.014262574724853039
sset_21_gloiZ_gTJaE_frame_00000300 pair 197 [13, 2] combined 0 players 0 retained 0 seconds 0.004656169097870588
sset_21_gloiZ_gTJaE_frame_00000300 pair 202 [13, 7] combined 0 players 0 retained 0 seconds 0.0037608607672154903
sset_21_gloiZ_gTJaE_frame_00000300 pair 210 [14, 0] combined 0 players 0 retained 0 seconds 0.023849122691899538
sset_21_gloiZ_gTJaE_frame_00000300 pair 211 [14, 1] combined 0 players 0 retained 0 seconds 0.004768773913383484
sset_21_gloiZ_gTJaE_frame_00000300 pair 213 [14, 3] combined 0 players 0 retained 0 seconds 0.009682931005954742
sset_21_gloiZ_gTJaE_frame_00000300 pair 215 [14, 5] combined 0 players 0 retained 0 seconds 0.0035122777335345745
sset_21_gloiZ_gTJaE_frame_00000300 pair 216 [14, 6] combined 0 players 0 retained 0 seconds 0.0034391251392662525
sset_21_gloiZ_gTJaE_frame_00000300 pair 219 [14, 9] combined 0 players 0 retained 0 seconds 0.0027749263681471348
sset_21_gloiZ_gTJaE_frame_00000300 pair 222 [14, 12] combined 0 players 0 retained 0 seconds 0.0066594770178198814
sset_21_gloiZ_gTJaE_frame_00000300 pair 226 [15, 1] combined 0 players 0 retained 0 seconds 0.005489726085215807
sset_21_gloiZ_gTJaE_frame_00000300 pair 230 [15, 5] combined 0 players 0 retained 0 seconds 0.004416702780872583
sset_21_gloiZ_gTJaE_frame_00000300 pair 231 [15, 6] combined 0 players 0 retained 0 seconds 0.003588551189750433
sset_21_gloiZ_gTJaE_frame_00000300 pair 234 [15, 9] combined 0 players 0 retained 0 seconds 0.003601450938731432
[sset_21_gloiZ_gTJaE_frame_00000300 +0s] loading view and candidate populations
[sset_21_gloiZ_gTJaE_frame_00000300] line-template: preparing rectangles
[sset_21_gloiZ_gTJaE_frame_00000300 +18s] measuring 256 parents (G0=0, G1=0, line_template=256; conflicting geometry groups=0)
[sset_21_gloiZ_gTJaE_frame_00000300 +28s] parents 250/256
[sset_21_gloiZ_gTJaE_frame_00000300 +28s] refitting 256 parents
[sset_21_gloiZ_gTJaE_frame_00000300 +42s] refits 250/256; valid children=186
[sset_21_gloiZ_gTJaE_frame_00000300 +43s] ranking sensitivity thresholds
[sset_21_gloiZ_gTJaE_frame_00000300 +43s] saving evidence and arrays
[sset_21_gloiZ_gTJaE_frame_00000300 +49s] saved
{"case_id": "sset_21_gloiZ_gTJaE_frame_00000300", "direction_budget": 16, "run_wall_s": 59.25269249966368, "phases_s": {"prepare_view": 1.0418365262448788, "populations": 8.321957987733185, "w5_record": 48.51819227496162, "net_choice": 0.42238230304792523, "stripe_polarity_refit": 3.962777554988861e-07}, "bounded": null}
