[shuttleset_21_scene_0034] generating G0
shuttleset_21_scene_0034 pair 0 [0, 1] combined 262144 players 95024 retained 256 seconds 4.524391945917159
shuttleset_21_scene_0034 pair 1 [0, 2] combined 262144 players 101420 retained 256 seconds 4.5498828729614615
shuttleset_21_scene_0034 pair 6 [0, 7] combined 113664 players 14358 retained 256 seconds 1.2061932068318129
shuttleset_21_scene_0034 pair 8 [0, 9] combined 262144 players 46446 retained 256 seconds 2.6761519350111485
shuttleset_21_scene_0034 pair 9 [0, 10] combined 129024 players 45552 retained 256 seconds 2.300261797849089
shuttleset_21_scene_0034 pair 11 [0, 12] combined 262144 players 94350 retained 256 seconds 4.333758809138089
shuttleset_21_scene_0034 pair 12 [0, 13] combined 96256 players 38298 retained 256 seconds 2.0355043611489236
shuttleset_21_scene_0034 pair 13 [0, 14] combined 226304 players 37320 retained 256 seconds 2.192348215728998
shuttleset_21_scene_0034 pair 15 [1, 0] combined 262144 players 110906 retained 256 seconds 5.021751223132014
shuttleset_21_scene_0034 pair 16 [1, 2] combined 262144 players 4124 retained 256 seconds 1.132335758768022
shuttleset_21_scene_0034 pair 17 [1, 3] combined 244736 players 99550 retained 256 seconds 4.48042915109545
shuttleset_21_scene_0034 pair 18 [1, 4] combined 262144 players 98244 retained 256 seconds 4.633651108946651
shuttleset_21_scene_0034 pair 21 [1, 7] combined 100352 players 33650 retained 256 seconds 1.5244789640419185
shuttleset_21_scene_0034 pair 27 [1, 13] combined 205824 players 2906 retained 256 seconds 0.8696587248705328
shuttleset_21_scene_0034 pair 30 [2, 0] combined 262144 players 116336 retained 256 seconds 4.924115026369691
shuttleset_21_scene_0034 pair 31 [2, 1] combined 262144 players 6182 retained 256 seconds 1.2728167972527444
shuttleset_21_scene_0034 pair 32 [2, 3] combined 243712 players 100530 retained 256 seconds 4.354169522412121
shuttleset_21_scene_0034 pair 33 [2, 4] combined 262144 players 109844 retained 256 seconds 4.872563621029258
shuttleset_21_scene_0034 pair 35 [2, 6] combined 104448 players 2592 retained 256 seconds 0.47784107318148017
shuttleset_21_scene_0034 pair 39 [2, 10] combined 228352 players 6974 retained 256 seconds 0.5873154629953206
shuttleset_21_scene_0034 pair 40 [2, 11] combined 9216 players 546 retained 256 seconds 0.10123109305277467
shuttleset_21_scene_0034 pair 41 [2, 12] combined 262144 players 8034 retained 256 seconds 0.6806932906620204
shuttleset_21_scene_0034 pair 46 [3, 1] combined 262144 players 91292 retained 256 seconds 2.4297702009789646
shuttleset_21_scene_0034 pair 47 [3, 2] combined 262144 players 92170 retained 256 seconds 2.4127155859023333
shuttleset_21_scene_0034 pair 51 [3, 7] combined 96256 players 3416 retained 256 seconds 0.3404433927498758
shuttleset_21_scene_0034 pair 53 [3, 9] combined 262144 players 31332 retained 256 seconds 1.0870847320184112
shuttleset_21_scene_0034 pair 54 [3, 10] combined 142336 players 52772 retained 256 seconds 1.4581862092018127
shuttleset_21_scene_0034 pair 56 [3, 12] combined 262144 players 93720 retained 256 seconds 3.178890109062195
shuttleset_21_scene_0034 pair 57 [3, 13] combined 92160 players 32500 retained 256 seconds 1.4823812181130052
shuttleset_21_scene_0034 pair 58 [3, 14] combined 207872 players 22670 retained 256 seconds 1.4592002080753446
shuttleset_21_scene_0034 pair 61 [4, 1] combined 262144 players 88156 retained 256 seconds 3.9829019070602953
shuttleset_21_scene_0034 pair 62 [4, 2] combined 262144 players 90220 retained 256 seconds 4.107401761692017
shuttleset_21_scene_0034 pair 68 [4, 9] combined 262144 players 28986 retained 256 seconds 1.8264115899801254
shuttleset_21_scene_0034 pair 69 [4, 10] combined 124928 players 46430 retained 256 seconds 2.10004693409428
shuttleset_21_scene_0034 pair 70 [4, 11] combined 6144 players 1600 retained 256 seconds 0.17634989507496357
shuttleset_21_scene_0034 pair 71 [4, 12] combined 262144 players 92164 retained 256 seconds 3.9031311022117734
shuttleset_21_scene_0034 pair 72 [4, 13] combined 91136 players 29594 retained 256 seconds 1.4266870869323611
shuttleset_21_scene_0034 pair 81 [5, 7] combined 39184 players 18372 retained 256 seconds 0.7765226638875902
shuttleset_21_scene_0034 pair 82 [5, 8] combined 64512 players 11776 retained 256 seconds 0.6459448407404125
shuttleset_21_scene_0034 pair 83 [5, 9] combined 65056 players 27798 retained 256 seconds 1.0695009981282055
shuttleset_21_scene_0034 pair 88 [5, 14] combined 55120 players 17610 retained 256 seconds 0.8579503130167723
shuttleset_21_scene_0034 pair 92 [6, 2] combined 59392 players 6172 retained 256 seconds 0.4821081915870309
shuttleset_21_scene_0034 pair 96 [6, 7] combined 92232 players 4114 retained 256 seconds 0.44122173823416233
shuttleset_21_scene_0034 pair 98 [6, 9] combined 104016 players 3082 retained 256 seconds 0.43114662915468216
shuttleset_21_scene_0034 pair 102 [6, 13] combined 22472 players 3562 retained 256 seconds 0.23484899662435055
shuttleset_21_scene_0034 pair 103 [6, 14] combined 27216 players 1796 retained 256 seconds 0.20171276573091745
shuttleset_21_scene_0034 pair 104 [6, 15] combined 324 players 122 retained 61 seconds 0.05344801675528288
shuttleset_21_scene_0034 pair 105 [7, 0] combined 60416 players 2384 retained 256 seconds 0.5275599882006645
shuttleset_21_scene_0034 pair 106 [7, 1] combined 56320 players 7594 retained 256 seconds 0.545881858561188
shuttleset_21_scene_0034 pair 108 [7, 3] combined 105472 players 9592 retained 256 seconds 0.6534644551575184
shuttleset_21_scene_0034 pair 110 [7, 5] combined 35360 players 2094 retained 256 seconds 0.23285239282995462
shuttleset_21_scene_0034 pair 111 [7, 6] combined 42016 players 852 retained 256 seconds 0.205061761662364
shuttleset_21_scene_0034 pair 112 [7, 8] combined 61440 players 20 retained 10 seconds 0.29884564923122525
shuttleset_21_scene_0034 pair 114 [7, 10] combined 46136 players 3216 retained 256 seconds 0.3026472479104996
shuttleset_21_scene_0034 pair 115 [7, 11] combined 1720 players 118 retained 59 seconds 0.050572800915688276
shuttleset_21_scene_0034 pair 116 [7, 12] combined 58368 players 7092 retained 256 seconds 0.4791515348479152
shuttleset_21_scene_0034 pair 125 [8, 5] combined 262144 players 33952 retained 256 seconds 1.8529624920338392
shuttleset_21_scene_0034 pair 127 [8, 7] combined 73728 players 422 retained 204 seconds 0.26903370721265674
shuttleset_21_scene_0034 pair 133 [8, 14] combined 231424 players 15060 retained 256 seconds 1.1649343590252101
shuttleset_21_scene_0034 pair 135 [9, 0] combined 147456 players 15350 retained 256 seconds 1.2423253231681883
shuttleset_21_scene_0034 pair 138 [9, 3] combined 152576 players 20162 retained 256 seconds 1.070164019241929
shuttleset_21_scene_0034 pair 139 [9, 4] combined 194560 players 13990 retained 256 seconds 1.0030916947871447
shuttleset_21_scene_0034 pair 140 [9, 5] combined 53336 players 9334 retained 256 seconds 0.4885638477280736
shuttleset_21_scene_0034 pair 141 [9, 6] combined 80800 players 2468 retained 256 seconds 0.352546539157629
shuttleset_21_scene_0034 pair 149 [9, 15] combined 928 players 372 retained 186 seconds 0.0669428869150579
shuttleset_21_scene_0034 pair 150 [10, 0] combined 161792 players 73754 retained 256 seconds 3.3216666937805712
shuttleset_21_scene_0034 pair 152 [10, 2] combined 110592 players 1860 retained 256 seconds 0.4776163501664996
shuttleset_21_scene_0034 pair 153 [10, 3] combined 153576 players 67276 retained 256 seconds 2.6256972406990826
shuttleset_21_scene_0034 pair 154 [10, 4] combined 164864 players 71540 retained 256 seconds 3.1272088699042797
shuttleset_21_scene_0034 pair 157 [10, 7] combined 70416 players 5650 retained 256 seconds 0.46938827307894826
shuttleset_21_scene_0034 pair 162 [10, 13] combined 74404 players 844 retained 256 seconds 0.3106638491153717
shuttleset_21_scene_0034 pair 164 [10, 15] combined 1240 players 0 retained 0 seconds 0.03852539509534836
shuttleset_21_scene_0034 pair 167 [11, 2] combined 7168 players 0 retained 0 seconds 0.0882268650457263
shuttleset_21_scene_0034 pair 169 [11, 4] combined 8192 players 3706 retained 256 seconds 0.22230819007381797
shuttleset_21_scene_0034 pair 172 [11, 7] combined 1760 players 378 retained 189 seconds 0.07084035268053412
shuttleset_21_scene_0034 pair 177 [11, 13] combined 4200 players 0 retained 0 seconds 0.03641677973791957
shuttleset_21_scene_0034 pair 178 [11, 14] combined 1792 players 624 retained 256 seconds 0.08728781575337052
shuttleset_21_scene_0034 pair 179 [11, 15] combined 32 players 16 retained 8 seconds 0.03178299078717828
shuttleset_21_scene_0034 pair 180 [12, 0] combined 262144 players 116342 retained 256 seconds 5.234130041208118
shuttleset_21_scene_0034 pair 182 [12, 2] combined 262144 players 4016 retained 256 seconds 0.9885459216311574
shuttleset_21_scene_0034 pair 183 [12, 3] combined 234496 players 97738 retained 256 seconds 4.268944044131786
shuttleset_21_scene_0034 pair 184 [12, 4] combined 262144 players 108130 retained 256 seconds 4.447819118853658
shuttleset_21_scene_0034 pair 187 [12, 7] combined 106496 players 29702 retained 256 seconds 1.5652435272932053
shuttleset_21_scene_0034 pair 192 [12, 13] combined 189440 players 1586 retained 256 seconds 0.6513216630555689
shuttleset_21_scene_0034 pair 195 [13, 0] combined 154624 players 66802 retained 256 seconds 2.9566958732903004
shuttleset_21_scene_0034 pair 196 [13, 1] combined 108544 players 3936 retained 256 seconds 0.6038115960545838
shuttleset_21_scene_0034 pair 198 [13, 3] combined 120560 players 48248 retained 256 seconds 2.113447764888406
shuttleset_21_scene_0034 pair 199 [13, 4] combined 163840 players 65370 retained 256 seconds 2.8998155519366264
shuttleset_21_scene_0034 pair 201 [13, 6] combined 42900 players 1080 retained 256 seconds 0.24535108590498567
shuttleset_21_scene_0034 pair 205 [13, 10] combined 136192 players 4490 retained 256 seconds 0.6169860130175948
shuttleset_21_scene_0034 pair 206 [13, 11] combined 5040 players 0 retained 0 seconds 0.048837234266102314
shuttleset_21_scene_0034 pair 207 [13, 12] combined 94208 players 2192 retained 256 seconds 0.434550988022238
shuttleset_21_scene_0034 pair 210 [14, 0] combined 108544 players 6276 retained 256 seconds 0.8131251754239202
shuttleset_21_scene_0034 pair 213 [14, 3] combined 87040 players 11048 retained 256 seconds 0.7013369449414313
shuttleset_21_scene_0034 pair 215 [14, 5] combined 24400 players 4830 retained 256 seconds 0.31973191630095243
shuttleset_21_scene_0034 pair 216 [14, 6] combined 59584 players 7128 retained 256 seconds 0.4750408371910453
shuttleset_21_scene_0034 pair 218 [14, 8] combined 108544 players 4676 retained 256 seconds 0.5591077040880919
shuttleset_21_scene_0034 pair 221 [14, 11] combined 1600 players 326 retained 163 seconds 0.07239128928631544
shuttleset_21_scene_0034 pair 224 [14, 15] combined 244 players 0 retained 0 seconds 0.01742700394243002
shuttleset_21_scene_0034 pair 231 [15, 6] combined 600 players 184 retained 92 seconds 0.05144141474738717
shuttleset_21_scene_0034 pair 234 [15, 9] combined 1764 players 316 retained 155 seconds 0.07708368171006441
shuttleset_21_scene_0034 pair 235 [15, 10] combined 2640 players 0 retained 0 seconds 0.03199697798117995
shuttleset_21_scene_0034 pair 236 [15, 11] combined 144 players 6 retained 3 seconds 0.03027919912710786
shuttleset_21_scene_0034 pair 239 [15, 14] combined 848 players 0 retained 0 seconds 0.01813600677996874
[shuttleset_21_scene_0034] generating G1
shuttleset_21_scene_0034 pair 0 [0, 1] combined 25600 players 5748 retained 256 seconds 0.4942543627694249
shuttleset_21_scene_0034 pair 1 [0, 2] combined 56320 players 24056 retained 256 seconds 1.3526272629387677
shuttleset_21_scene_0034 pair 6 [0, 7] combined 56320 players 6942 retained 256 seconds 0.5539746670983732
shuttleset_21_scene_0034 pair 8 [0, 9] combined 0 players 0 retained 0 seconds 0.14246089337393641
shuttleset_21_scene_0034 pair 9 [0, 10] combined 4096 players 1864 retained 256 seconds 0.26807397324591875
shuttleset_21_scene_0034 pair 11 [0, 12] combined 7168 players 2048 retained 256 seconds 0.280357092153281
shuttleset_21_scene_0034 pair 12 [0, 13] combined 7168 players 2308 retained 256 seconds 0.27284899167716503
shuttleset_21_scene_0034 pair 13 [0, 14] combined 0 players 0 retained 0 seconds 0.13373100105673075
shuttleset_21_scene_0034 pair 15 [1, 0] combined 24576 players 9020 retained 256 seconds 0.5243112929165363
shuttleset_21_scene_0034 pair 16 [1, 2] combined 7548 players 0 retained 0 seconds 0.0454040439799428
shuttleset_21_scene_0034 pair 17 [1, 3] combined 2100 players 684 retained 256 seconds 0.09006197657436132
shuttleset_21_scene_0034 pair 18 [1, 4] combined 3680 players 1450 retained 256 seconds 0.12589868111535907
shuttleset_21_scene_0034 pair 21 [1, 7] combined 2552 players 1038 retained 256 seconds 0.11379862716421485
shuttleset_21_scene_0034 pair 27 [1, 13] combined 1188 players 0 retained 0 seconds 0.016746545676141977
shuttleset_21_scene_0034 pair 30 [2, 0] combined 93184 players 39908 retained 256 seconds 1.777991944923997
shuttleset_21_scene_0034 pair 31 [2, 1] combined 13440 players 588 retained 256 seconds 0.12748544104397297
shuttleset_21_scene_0034 pair 32 [2, 3] combined 7520 players 3054 retained 256 seconds 0.20486247912049294
shuttleset_21_scene_0034 pair 33 [2, 4] combined 16600 players 7590 retained 256 seconds 0.38904426619410515
shuttleset_21_scene_0034 pair 35 [2, 6] combined 1376 players 204 retained 102 seconds 0.06224441807717085
shuttleset_21_scene_0034 pair 39 [2, 10] combined 1160 players 6 retained 3 seconds 0.04873730009421706
shuttleset_21_scene_0034 pair 40 [2, 11] combined 0 players 0 retained 0 seconds 0.01933835493400693
shuttleset_21_scene_0034 pair 41 [2, 12] combined 7480 players 30 retained 15 seconds 0.06504088779911399
shuttleset_21_scene_0034 pair 46 [3, 1] combined 3224 players 740 retained 256 seconds 0.09251106763258576
shuttleset_21_scene_0034 pair 47 [3, 2] combined 6372 players 2584 retained 256 seconds 0.17716359999030828
shuttleset_21_scene_0034 pair 51 [3, 7] combined 10388 players 834 retained 256 seconds 0.1093484521843493
shuttleset_21_scene_0034 pair 53 [3, 9] combined 0 players 0 retained 0 seconds 0.009636530186980963
shuttleset_21_scene_0034 pair 54 [3, 10] combined 416 players 200 retained 100 seconds 0.04396424675360322
shuttleset_21_scene_0034 pair 56 [3, 12] combined 840 players 236 retained 118 seconds 0.05067078210413456
shuttleset_21_scene_0034 pair 57 [3, 13] combined 928 players 208 retained 102 seconds 0.046744180377572775
shuttleset_21_scene_0034 pair 58 [3, 14] combined 0 players 0 retained 0 seconds 0.009898035321384668
shuttleset_21_scene_0034 pair 61 [4, 1] combined 6500 players 1430 retained 256 seconds 0.3531658397987485
shuttleset_21_scene_0034 pair 62 [4, 2] combined 15576 players 6372 retained 256 seconds 0.34356016805395484
shuttleset_21_scene_0034 pair 68 [4, 9] combined 0 players 0 retained 0 seconds 0.015918128192424774
shuttleset_21_scene_0034 pair 69 [4, 10] combined 944 players 430 retained 215 seconds 0.0701789720915258
shuttleset_21_scene_0034 pair 70 [4, 11] combined 0 players 0 retained 0 seconds 0.013276460114866495
shuttleset_21_scene_0034 pair 71 [4, 12] combined 1792 players 546 retained 256 seconds 0.0870649591088295
shuttleset_21_scene_0034 pair 72 [4, 13] combined 1540 players 288 retained 144 seconds 0.06267536338418722
shuttleset_21_scene_0034 pair 81 [5, 7] combined 2240 players 1060 retained 256 seconds 0.09592306986451149
shuttleset_21_scene_0034 pair 82 [5, 8] combined 40 players 20 retained 10 seconds 0.031064351089298725
shuttleset_21_scene_0034 pair 83 [5, 9] combined 0 players 0 retained 0 seconds 0.008316205814480782
shuttleset_21_scene_0034 pair 88 [5, 14] combined 380 players 190 retained 95 seconds 0.04213442374020815
shuttleset_21_scene_0034 pair 92 [6, 2] combined 0 players 0 retained 0 seconds 0.01701649511232972
shuttleset_21_scene_0034 pair 96 [6, 7] combined 580 players 210 retained 105 seconds 0.04814886301755905
shuttleset_21_scene_0034 pair 98 [6, 9] combined 0 players 0 retained 0 seconds 0.005317178089171648
shuttleset_21_scene_0034 pair 102 [6, 13] combined 16 players 0 retained 0 seconds 0.006815022323280573
shuttleset_21_scene_0034 pair 103 [6, 14] combined 40 players 20 retained 10 seconds 0.02779022930189967
shuttleset_21_scene_0034 pair 104 [6, 15] combined 0 players 0 retained 0 seconds 0.005531354807317257
shuttleset_21_scene_0034 pair 105 [7, 0] combined 26624 players 264 retained 106 seconds 0.20100326603278518
shuttleset_21_scene_0034 pair 106 [7, 1] combined 4816 players 620 retained 256 seconds 0.09039421286433935
shuttleset_21_scene_0034 pair 108 [7, 3] combined 4300 players 160 retained 80 seconds 0.05396562768146396
shuttleset_21_scene_0034 pair 110 [7, 5] combined 2744 players 268 retained 134 seconds 0.05182425398379564
shuttleset_21_scene_0034 pair 111 [7, 6] combined 552 players 136 retained 68 seconds 0.04693970317021012
shuttleset_21_scene_0034 pair 112 [7, 8] combined 0 players 0 retained 0 seconds 0.009621656034141779
shuttleset_21_scene_0034 pair 114 [7, 10] combined 0 players 0 retained 0 seconds 0.009724247734993696
shuttleset_21_scene_0034 pair 115 [7, 11] combined 0 players 0 retained 0 seconds 0.008455056231468916
shuttleset_21_scene_0034 pair 116 [7, 12] combined 2016 players 420 retained 210 seconds 0.0704180127941072
shuttleset_21_scene_0034 pair 125 [8, 5] combined 248 players 68 retained 22 seconds 0.03326317295432091
shuttleset_21_scene_0034 pair 127 [8, 7] combined 108 players 0 retained 0 seconds 0.008798813913017511
shuttleset_21_scene_0034 pair 133 [8, 14] combined 0 players 0 retained 0 seconds 0.004882945213466883
shuttleset_21_scene_0034 pair 135 [9, 0] combined 0 players 0 retained 0 seconds 0.09132185112684965
shuttleset_21_scene_0034 pair 138 [9, 3] combined 0 players 0 retained 0 seconds 0.008152064867317677
shuttleset_21_scene_0034 pair 139 [9, 4] combined 0 players 0 retained 0 seconds 0.010064464993774891
shuttleset_21_scene_0034 pair 140 [9, 5] combined 0 players 0 retained 0 seconds 0.006364837754517794
shuttleset_21_scene_0034 pair 141 [9, 6] combined 0 players 0 retained 0 seconds 0.00438438868150115
shuttleset_21_scene_0034 pair 149 [9, 15] combined 0 players 0 retained 0 seconds 0.002936126198619604
shuttleset_21_scene_0034 pair 150 [10, 0] combined 1024 players 488 retained 211 seconds 0.15313511807471514
shuttleset_21_scene_0034 pair 152 [10, 2] combined 744 players 0 retained 0 seconds 0.019430655986070633
shuttleset_21_scene_0034 pair 153 [10, 3] combined 208 players 100 retained 50 seconds 0.0367360208183527
shuttleset_21_scene_0034 pair 154 [10, 4] combined 296 players 148 retained 74 seconds 0.04023558693006635
shuttleset_21_scene_0034 pair 157 [10, 7] combined 88 players 34 retained 17 seconds 0.033331990242004395
shuttleset_21_scene_0034 pair 162 [10, 13] combined 0 players 0 retained 0 seconds 0.006965524051338434
shuttleset_21_scene_0034 pair 164 [10, 15] combined 0 players 0 retained 0 seconds 0.004944868851453066
shuttleset_21_scene_0034 pair 167 [11, 2] combined 0 players 0 retained 0 seconds 0.013498839922249317
shuttleset_21_scene_0034 pair 169 [11, 4] combined 0 players 0 retained 0 seconds 0.008851367980241776
shuttleset_21_scene_0034 pair 172 [11, 7] combined 0 players 0 retained 0 seconds 0.007403839845210314
shuttleset_21_scene_0034 pair 177 [11, 13] combined 0 players 0 retained 0 seconds 0.004952929448336363
shuttleset_21_scene_0034 pair 178 [11, 14] combined 0 players 0 retained 0 seconds 0.003023094031959772
shuttleset_21_scene_0034 pair 179 [11, 15] combined 0 players 0 retained 0 seconds 0.002671285066753626
shuttleset_21_scene_0034 pair 180 [12, 0] combined 4096 players 1686 retained 256 seconds 0.20914738485589623
shuttleset_21_scene_0034 pair 182 [12, 2] combined 3608 players 0 retained 0 seconds 0.030036394950002432
shuttleset_21_scene_0034 pair 183 [12, 3] combined 480 players 186 retained 89 seconds 0.04575739614665508
shuttleset_21_scene_0034 pair 184 [12, 4] combined 640 players 292 retained 142 seconds 0.0562270637601614
shuttleset_21_scene_0034 pair 187 [12, 7] combined 1568 players 636 retained 256 seconds 0.08062354708090425
shuttleset_21_scene_0034 pair 192 [12, 13] combined 32 players 0 retained 0 seconds 0.008973703254014254
shuttleset_21_scene_0034 pair 195 [13, 0] combined 4096 players 1774 retained 256 seconds 0.21438314393162727
shuttleset_21_scene_0034 pair 196 [13, 1] combined 3744 players 170 retained 85 seconds 0.054417611099779606
shuttleset_21_scene_0034 pair 198 [13, 3] combined 384 players 160 retained 80 seconds 0.042221060022711754
shuttleset_21_scene_0034 pair 199 [13, 4] combined 928 players 446 retained 223 seconds 0.07151741441339254
shuttleset_21_scene_0034 pair 201 [13, 6] combined 44 players 0 retained 0 seconds 0.008797519840300083
shuttleset_21_scene_0034 pair 205 [13, 10] combined 120 players 0 retained 0 seconds 0.008580757305026054
shuttleset_21_scene_0034 pair 206 [13, 11] combined 0 players 0 retained 0 seconds 0.006618485786020756
shuttleset_21_scene_0034 pair 207 [13, 12] combined 720 players 20 retained 10 seconds 0.03261473122984171
shuttleset_21_scene_0034 pair 210 [14, 0] combined 0 players 0 retained 0 seconds 0.09506475692614913
shuttleset_21_scene_0034 pair 213 [14, 3] combined 0 players 0 retained 0 seconds 0.00878398772329092
shuttleset_21_scene_0034 pair 215 [14, 5] combined 0 players 0 retained 0 seconds 0.0073072947561740875
shuttleset_21_scene_0034 pair 216 [14, 6] combined 72 players 0 retained 0 seconds 0.0055527291260659695
shuttleset_21_scene_0034 pair 218 [14, 8] combined 0 players 0 retained 0 seconds 0.004740634001791477
shuttleset_21_scene_0034 pair 221 [14, 11] combined 0 players 0 retained 0 seconds 0.0038527250289916992
shuttleset_21_scene_0034 pair 224 [14, 15] combined 0 players 0 retained 0 seconds 0.003967758733779192
shuttleset_21_scene_0034 pair 231 [15, 6] combined 0 players 0 retained 0 seconds 0.004885402973741293
shuttleset_21_scene_0034 pair 234 [15, 9] combined 0 players 0 retained 0 seconds 0.003559405915439129
shuttleset_21_scene_0034 pair 235 [15, 10] combined 0 players 0 retained 0 seconds 0.0040529994294047356
shuttleset_21_scene_0034 pair 236 [15, 11] combined 0 players 0 retained 0 seconds 0.0030318591743707657
shuttleset_21_scene_0034 pair 239 [15, 14] combined 0 players 0 retained 0 seconds 0.00394870201125741
[shuttleset_21_scene_0034 +0s] loading view and candidate populations
[shuttleset_21_scene_0034] line-template: preparing rectangles
[shuttleset_21_scene_0034 +22s] measuring 701 parents (G0=256, G1=256, line_template=256; conflicting geometry groups=0)
[shuttleset_21_scene_0034 +32s] parents 250/701
[shuttleset_21_scene_0034 +42s] parents 500/701
[shuttleset_21_scene_0034 +49s] refitting 701 parents
[shuttleset_21_scene_0034 +64s] refits 250/701; valid children=247
[shuttleset_21_scene_0034 +78s] refits 500/701; valid children=494
[shuttleset_21_scene_0034 +88s] ranking sensitivity thresholds
[shuttleset_21_scene_0034 +89s] saving evidence and arrays
[shuttleset_21_scene_0034 +105s] saved
{"case_id": "shuttleset_21_scene_0034", "direction_budget": 16, "run_wall_s": 292.60472448170185, "phases_s": {"prepare_view": 0.8309367280453444, "populations": 180.11278921877965, "w5_record": 104.99922737013549, "net_choice": 3.15824133483693, "stripe_polarity_refit": 2.195783903822303}, "bounded": "G0:1:63649/child"}
