[sset_21_gloiZ_gTJaE_frame_00100347] generating G0
sset_21_gloiZ_gTJaE_frame_00100347 pair 0 [0, 1] combined 109568 players 45080 retained 256 seconds 2.745913716033101
sset_21_gloiZ_gTJaE_frame_00100347 pair 1 [0, 2] combined 143360 players 52904 retained 256 seconds 3.0504598636180162
sset_21_gloiZ_gTJaE_frame_00100347 pair 3 [0, 4] combined 84992 players 32320 retained 256 seconds 2.0142221339046955
sset_21_gloiZ_gTJaE_frame_00100347 pair 8 [0, 9] combined 0 players 0 retained 0 seconds 0.25008579576388
sset_21_gloiZ_gTJaE_frame_00100347 pair 12 [0, 13] combined 0 players 0 retained 0 seconds 0.09485726011916995
sset_21_gloiZ_gTJaE_frame_00100347 pair 13 [0, 14] combined 0 players 0 retained 0 seconds 0.09467787109315395
sset_21_gloiZ_gTJaE_frame_00100347 pair 14 [0, 15] combined 181248 players 0 retained 0 seconds 0.8739941152743995
sset_21_gloiZ_gTJaE_frame_00100347 pair 15 [1, 0] combined 44032 players 21414 retained 256 seconds 1.4366687149740756
sset_21_gloiZ_gTJaE_frame_00100347 pair 17 [1, 3] combined 38700 players 18900 retained 256 seconds 1.16348399175331
sset_21_gloiZ_gTJaE_frame_00100347 pair 19 [1, 5] combined 15136 players 7216 retained 256 seconds 0.47572990506887436
sset_21_gloiZ_gTJaE_frame_00100347 pair 20 [1, 6] combined 4096 players 0 retained 0 seconds 0.03679558960720897
sset_21_gloiZ_gTJaE_frame_00100347 pair 21 [1, 7] combined 0 players 0 retained 0 seconds 0.012605202849954367
sset_21_gloiZ_gTJaE_frame_00100347 pair 25 [1, 11] combined 0 players 0 retained 0 seconds 0.019046179950237274
sset_21_gloiZ_gTJaE_frame_00100347 pair 26 [1, 12] combined 992 players 496 retained 202 seconds 0.09090899769216776
sset_21_gloiZ_gTJaE_frame_00100347 pair 27 [1, 13] combined 1008 players 14 retained 7 seconds 0.04641667101532221
sset_21_gloiZ_gTJaE_frame_00100347 pair 30 [2, 0] combined 27648 players 13608 retained 256 seconds 1.0507171140052378
sset_21_gloiZ_gTJaE_frame_00100347 pair 32 [2, 3] combined 25600 players 12600 retained 256 seconds 0.7439621509984136
sset_21_gloiZ_gTJaE_frame_00100347 pair 34 [2, 5] combined 9200 players 4300 retained 256 seconds 0.33592765778303146
sset_21_gloiZ_gTJaE_frame_00100347 pair 35 [2, 6] combined 8192 players 0 retained 0 seconds 0.05406140722334385
sset_21_gloiZ_gTJaE_frame_00100347 pair 36 [2, 7] combined 0 players 0 retained 0 seconds 0.014181267935782671
sset_21_gloiZ_gTJaE_frame_00100347 pair 40 [2, 11] combined 0 players 0 retained 0 seconds 0.02434268919751048
sset_21_gloiZ_gTJaE_frame_00100347 pair 41 [2, 12] combined 160 players 80 retained 40 seconds 0.05189628014340997
sset_21_gloiZ_gTJaE_frame_00100347 pair 42 [2, 13] combined 792 players 26 retained 14 seconds 0.04895286401733756
sset_21_gloiZ_gTJaE_frame_00100347 pair 46 [3, 1] combined 105472 players 43086 retained 256 seconds 2.480073741171509
sset_21_gloiZ_gTJaE_frame_00100347 pair 47 [3, 2] combined 147456 players 54440 retained 256 seconds 3.1265399144031107
sset_21_gloiZ_gTJaE_frame_00100347 pair 48 [3, 4] combined 78848 players 30348 retained 256 seconds 1.7392877070233226
sset_21_gloiZ_gTJaE_frame_00100347 pair 53 [3, 9] combined 0 players 0 retained 0 seconds 0.07465378800407052
sset_21_gloiZ_gTJaE_frame_00100347 pair 57 [3, 13] combined 0 players 0 retained 0 seconds 0.03206499293446541
sset_21_gloiZ_gTJaE_frame_00100347 pair 58 [3, 14] combined 0 players 0 retained 0 seconds 0.03198815416544676
sset_21_gloiZ_gTJaE_frame_00100347 pair 59 [3, 15] combined 124928 players 0 retained 0 seconds 0.4489336400292814
sset_21_gloiZ_gTJaE_frame_00100347 pair 60 [4, 0] combined 41984 players 19844 retained 256 seconds 1.3470243620686233
sset_21_gloiZ_gTJaE_frame_00100347 pair 63 [4, 3] combined 29484 players 14664 retained 256 seconds 0.8867767099291086
sset_21_gloiZ_gTJaE_frame_00100347 pair 64 [4, 5] combined 14112 players 6636 retained 256 seconds 0.44078540289774537
sset_21_gloiZ_gTJaE_frame_00100347 pair 65 [4, 6] combined 0 players 0 retained 0 seconds 0.023700281977653503
sset_21_gloiZ_gTJaE_frame_00100347 pair 66 [4, 7] combined 72912 players 0 retained 0 seconds 0.23843073099851608
sset_21_gloiZ_gTJaE_frame_00100347 pair 70 [4, 11] combined 0 players 0 retained 0 seconds 0.02009874302893877
sset_21_gloiZ_gTJaE_frame_00100347 pair 71 [4, 12] combined 156 players 78 retained 39 seconds 0.05321270227432251
sset_21_gloiZ_gTJaE_frame_00100347 pair 72 [4, 13] combined 312 players 0 retained 0 seconds 0.015419167000800371
sset_21_gloiZ_gTJaE_frame_00100347 pair 76 [5, 1] combined 65920 players 26880 retained 256 seconds 1.5084937787614763
sset_21_gloiZ_gTJaE_frame_00100347 pair 77 [5, 2] combined 102672 players 37572 retained 256 seconds 2.1098633110523224
sset_21_gloiZ_gTJaE_frame_00100347 pair 79 [5, 4] combined 52164 players 19642 retained 256 seconds 1.0649979673326015
sset_21_gloiZ_gTJaE_frame_00100347 pair 83 [5, 9] combined 0 players 0 retained 0 seconds 0.053737377282232046
sset_21_gloiZ_gTJaE_frame_00100347 pair 87 [5, 13] combined 0 players 0 retained 0 seconds 0.02733571780845523
sset_21_gloiZ_gTJaE_frame_00100347 pair 88 [5, 14] combined 0 players 0 retained 0 seconds 0.02956803422421217
sset_21_gloiZ_gTJaE_frame_00100347 pair 89 [5, 15] combined 90112 players 0 retained 0 seconds 0.3150782440789044
sset_21_gloiZ_gTJaE_frame_00100347 pair 91 [6, 1] combined 35672 players 0 retained 0 seconds 0.1240882440470159
sset_21_gloiZ_gTJaE_frame_00100347 pair 92 [6, 2] combined 68608 players 4202 retained 256 seconds 0.46894332068040967
sset_21_gloiZ_gTJaE_frame_00100347 pair 94 [6, 4] combined 0 players 0 retained 0 seconds 0.01926171313971281
sset_21_gloiZ_gTJaE_frame_00100347 pair 97 [6, 8] combined 0 players 0 retained 0 seconds 0.009454925078898668
sset_21_gloiZ_gTJaE_frame_00100347 pair 98 [6, 9] combined 0 players 0 retained 0 seconds 0.008223654236644506
sset_21_gloiZ_gTJaE_frame_00100347 pair 99 [6, 10] combined 29008 players 0 retained 0 seconds 0.1030658190138638
sset_21_gloiZ_gTJaE_frame_00100347 pair 103 [6, 14] combined 0 players 0 retained 0 seconds 0.013740149792283773
sset_21_gloiZ_gTJaE_frame_00100347 pair 104 [6, 15] combined 0 players 0 retained 0 seconds 0.0086224265396595
sset_21_gloiZ_gTJaE_frame_00100347 pair 106 [7, 1] combined 0 players 0 retained 0 seconds 0.012899830006062984
sset_21_gloiZ_gTJaE_frame_00100347 pair 107 [7, 2] combined 0 players 0 retained 0 seconds 0.010380397085100412
sset_21_gloiZ_gTJaE_frame_00100347 pair 109 [7, 4] combined 12288 players 504 retained 246 seconds 0.14332108106464148
sset_21_gloiZ_gTJaE_frame_00100347 pair 112 [7, 8] combined 0 players 0 retained 0 seconds 0.008905114140361547
sset_21_gloiZ_gTJaE_frame_00100347 pair 113 [7, 9] combined 0 players 0 retained 0 seconds 0.006785938981920481
sset_21_gloiZ_gTJaE_frame_00100347 pair 114 [7, 10] combined 4324 players 0 retained 0 seconds 0.026089387014508247
sset_21_gloiZ_gTJaE_frame_00100347 pair 118 [7, 14] combined 0 players 0 retained 0 seconds 0.010284441988915205
sset_21_gloiZ_gTJaE_frame_00100347 pair 119 [7, 15] combined 0 players 0 retained 0 seconds 0.0069962977431714535
sset_21_gloiZ_gTJaE_frame_00100347 pair 126 [8, 6] combined 0 players 0 retained 0 seconds 0.0068749720230698586
sset_21_gloiZ_gTJaE_frame_00100347 pair 127 [8, 7] combined 0 players 0 retained 0 seconds 0.00586243299767375
sset_21_gloiZ_gTJaE_frame_00100347 pair 130 [8, 11] combined 0 players 0 retained 0 seconds 0.0050208778120577335
sset_21_gloiZ_gTJaE_frame_00100347 pair 132 [8, 13] combined 0 players 0 retained 0 seconds 0.004771017003804445
sset_21_gloiZ_gTJaE_frame_00100347 pair 135 [9, 0] combined 0 players 0 retained 0 seconds 0.22649068292230368
sset_21_gloiZ_gTJaE_frame_00100347 pair 138 [9, 3] combined 848 players 418 retained 205 seconds 0.12471687328070402
sset_21_gloiZ_gTJaE_frame_00100347 pair 140 [9, 5] combined 332 players 158 retained 75 seconds 0.07940358994528651
sset_21_gloiZ_gTJaE_frame_00100347 pair 141 [9, 6] combined 0 players 0 retained 0 seconds 0.01401823665946722
sset_21_gloiZ_gTJaE_frame_00100347 pair 142 [9, 7] combined 0 players 0 retained 0 seconds 0.007270152680575848
sset_21_gloiZ_gTJaE_frame_00100347 pair 145 [9, 11] combined 0 players 0 retained 0 seconds 0.007262685336172581
sset_21_gloiZ_gTJaE_frame_00100347 pair 146 [9, 12] combined 0 players 0 retained 0 seconds 0.005610053893178701
sset_21_gloiZ_gTJaE_frame_00100347 pair 147 [9, 13] combined 0 players 0 retained 0 seconds 0.005887940060347319
sset_21_gloiZ_gTJaE_frame_00100347 pair 156 [10, 6] combined 0 players 0 retained 0 seconds 0.019370368216186762
sset_21_gloiZ_gTJaE_frame_00100347 pair 157 [10, 7] combined 1976 players 0 retained 0 seconds 0.017626955173909664
sset_21_gloiZ_gTJaE_frame_00100347 pair 160 [10, 11] combined 0 players 0 retained 0 seconds 0.10831131879240274
sset_21_gloiZ_gTJaE_frame_00100347 pair 161 [10, 12] combined 12 players 6 retained 3 seconds 0.03789395885542035
sset_21_gloiZ_gTJaE_frame_00100347 pair 162 [10, 13] combined 56 players 0 retained 0 seconds 0.009138684254139662
sset_21_gloiZ_gTJaE_frame_00100347 pair 166 [11, 1] combined 22528 players 286 retained 146 seconds 0.1418900121934712
sset_21_gloiZ_gTJaE_frame_00100347 pair 167 [11, 2] combined 14336 players 28 retained 14 seconds 0.10072880191728473
sset_21_gloiZ_gTJaE_frame_00100347 pair 169 [11, 4] combined 3072 players 48 retained 25 seconds 0.06504308804869652
sset_21_gloiZ_gTJaE_frame_00100347 pair 173 [11, 8] combined 0 players 0 retained 0 seconds 0.007195022888481617
sset_21_gloiZ_gTJaE_frame_00100347 pair 174 [11, 9] combined 0 players 0 retained 0 seconds 0.0070382230915129185
sset_21_gloiZ_gTJaE_frame_00100347 pair 175 [11, 10] combined 8284 players 134 retained 67 seconds 0.07582248607650399
sset_21_gloiZ_gTJaE_frame_00100347 pair 178 [11, 14] combined 736 players 0 retained 0 seconds 0.014183295890688896
sset_21_gloiZ_gTJaE_frame_00100347 pair 179 [11, 15] combined 0 players 0 retained 0 seconds 0.0063882009126245975
sset_21_gloiZ_gTJaE_frame_00100347 pair 181 [12, 1] combined 2160 players 930 retained 256 seconds 0.12080258084461093
sset_21_gloiZ_gTJaE_frame_00100347 pair 182 [12, 2] combined 1020 players 264 retained 132 seconds 0.07529422687366605
sset_21_gloiZ_gTJaE_frame_00100347 pair 184 [12, 4] combined 232 players 36 retained 18 seconds 0.04948523407801986
sset_21_gloiZ_gTJaE_frame_00100347 pair 189 [12, 9] combined 0 players 0 retained 0 seconds 0.0070707667618989944
sset_21_gloiZ_gTJaE_frame_00100347 pair 190 [12, 10] combined 372 players 180 retained 87 seconds 0.05248753586784005
sset_21_gloiZ_gTJaE_frame_00100347 pair 193 [12, 14] combined 160 players 0 retained 0 seconds 0.01075555058196187
sset_21_gloiZ_gTJaE_frame_00100347 pair 194 [12, 15] combined 0 players 0 retained 0 seconds 0.007071387954056263
sset_21_gloiZ_gTJaE_frame_00100347 pair 195 [13, 0] combined 0 players 0 retained 0 seconds 0.361658429261297
sset_21_gloiZ_gTJaE_frame_00100347 pair 196 [13, 1] combined 2048 players 246 retained 119 seconds 0.0822909721173346
sset_21_gloiZ_gTJaE_frame_00100347 pair 197 [13, 2] combined 3072 players 426 retained 208 seconds 0.11489333724603057
sset_21_gloiZ_gTJaE_frame_00100347 pair 198 [13, 3] combined 0 players 0 retained 0 seconds 0.07634868938475847
sset_21_gloiZ_gTJaE_frame_00100347 pair 199 [13, 4] combined 3072 players 120 retained 59 seconds 0.07720410590991378
sset_21_gloiZ_gTJaE_frame_00100347 pair 200 [13, 5] combined 0 players 0 retained 0 seconds 0.08368077594786882
sset_21_gloiZ_gTJaE_frame_00100347 pair 203 [13, 8] combined 0 players 0 retained 0 seconds 0.006907586939632893
sset_21_gloiZ_gTJaE_frame_00100347 pair 204 [13, 9] combined 16 players 0 retained 0 seconds 0.00584853021427989
sset_21_gloiZ_gTJaE_frame_00100347 pair 205 [13, 10] combined 3168 players 0 retained 0 seconds 0.022022834978997707
sset_21_gloiZ_gTJaE_frame_00100347 pair 210 [14, 0] combined 0 players 0 retained 0 seconds 0.04477165499702096
sset_21_gloiZ_gTJaE_frame_00100347 pair 213 [14, 3] combined 0 players 0 retained 0 seconds 0.01908961869776249
sset_21_gloiZ_gTJaE_frame_00100347 pair 215 [14, 5] combined 0 players 0 retained 0 seconds 0.018152818083763123
sset_21_gloiZ_gTJaE_frame_00100347 pair 216 [14, 6] combined 0 players 0 retained 0 seconds 0.017079920042306185
sset_21_gloiZ_gTJaE_frame_00100347 pair 217 [14, 7] combined 0 players 0 retained 0 seconds 0.00974245322868228
sset_21_gloiZ_gTJaE_frame_00100347 pair 221 [14, 11] combined 0 players 0 retained 0 seconds 0.012543994002044201
sset_21_gloiZ_gTJaE_frame_00100347 pair 222 [14, 12] combined 480 players 0 retained 0 seconds 0.012996665202081203
sset_21_gloiZ_gTJaE_frame_00100347 pair 225 [15, 0] combined 5120 players 20 retained 10 seconds 0.6637685033492744
sset_21_gloiZ_gTJaE_frame_00100347 pair 228 [15, 3] combined 3072 players 6 retained 3 seconds 0.12173705315217376
sset_21_gloiZ_gTJaE_frame_00100347 pair 230 [15, 5] combined 3072 players 20 retained 10 seconds 0.12336493702605367
sset_21_gloiZ_gTJaE_frame_00100347 pair 231 [15, 6] combined 0 players 0 retained 0 seconds 0.013235870283097029
sset_21_gloiZ_gTJaE_frame_00100347 pair 232 [15, 7] combined 0 players 0 retained 0 seconds 0.009504281915724277
sset_21_gloiZ_gTJaE_frame_00100347 pair 236 [15, 11] combined 0 players 0 retained 0 seconds 0.006611005403101444
sset_21_gloiZ_gTJaE_frame_00100347 pair 237 [15, 12] combined 0 players 0 retained 0 seconds 0.008363417815417051
[sset_21_gloiZ_gTJaE_frame_00100347] generating G1
sset_21_gloiZ_gTJaE_frame_00100347 pair 0 [0, 1] combined 0 players 0 retained 0 seconds 0.02120625600218773
sset_21_gloiZ_gTJaE_frame_00100347 pair 1 [0, 2] combined 0 players 0 retained 0 seconds 0.02335910778492689
sset_21_gloiZ_gTJaE_frame_00100347 pair 3 [0, 4] combined 0 players 0 retained 0 seconds 0.022851590998470783
sset_21_gloiZ_gTJaE_frame_00100347 pair 8 [0, 9] combined 0 players 0 retained 0 seconds 0.0218163481913507
sset_21_gloiZ_gTJaE_frame_00100347 pair 12 [0, 13] combined 0 players 0 retained 0 seconds 0.012905549723654985
sset_21_gloiZ_gTJaE_frame_00100347 pair 13 [0, 14] combined 0 players 0 retained 0 seconds 0.013155216816812754
sset_21_gloiZ_gTJaE_frame_00100347 pair 14 [0, 15] combined 29184 players 0 retained 0 seconds 0.26105904299765825
sset_21_gloiZ_gTJaE_frame_00100347 pair 15 [1, 0] combined 0 players 0 retained 0 seconds 0.016617026180028915
sset_21_gloiZ_gTJaE_frame_00100347 pair 17 [1, 3] combined 0 players 0 retained 0 seconds 0.007121461909264326
sset_21_gloiZ_gTJaE_frame_00100347 pair 19 [1, 5] combined 0 players 0 retained 0 seconds 0.007162529043853283
sset_21_gloiZ_gTJaE_frame_00100347 pair 20 [1, 6] combined 0 players 0 retained 0 seconds 0.004076823592185974
sset_21_gloiZ_gTJaE_frame_00100347 pair 21 [1, 7] combined 0 players 0 retained 0 seconds 0.0038566850125789642
sset_21_gloiZ_gTJaE_frame_00100347 pair 25 [1, 11] combined 0 players 0 retained 0 seconds 0.004290150012820959
sset_21_gloiZ_gTJaE_frame_00100347 pair 26 [1, 12] combined 0 players 0 retained 0 seconds 0.0030256472527980804
sset_21_gloiZ_gTJaE_frame_00100347 pair 27 [1, 13] combined 0 players 0 retained 0 seconds 0.0028392206877470016
sset_21_gloiZ_gTJaE_frame_00100347 pair 30 [2, 0] combined 0 players 0 retained 0 seconds 0.016709121875464916
sset_21_gloiZ_gTJaE_frame_00100347 pair 32 [2, 3] combined 0 players 0 retained 0 seconds 0.007589555811136961
sset_21_gloiZ_gTJaE_frame_00100347 pair 34 [2, 5] combined 0 players 0 retained 0 seconds 0.006876237224787474
sset_21_gloiZ_gTJaE_frame_00100347 pair 35 [2, 6] combined 0 players 0 retained 0 seconds 0.0038457848131656647
sset_21_gloiZ_gTJaE_frame_00100347 pair 36 [2, 7] combined 0 players 0 retained 0 seconds 0.0033248472027480602
sset_21_gloiZ_gTJaE_frame_00100347 pair 40 [2, 11] combined 0 players 0 retained 0 seconds 0.007127771154046059
sset_21_gloiZ_gTJaE_frame_00100347 pair 41 [2, 12] combined 0 players 0 retained 0 seconds 0.0032970719039440155
sset_21_gloiZ_gTJaE_frame_00100347 pair 42 [2, 13] combined 0 players 0 retained 0 seconds 0.002836689818650484
sset_21_gloiZ_gTJaE_frame_00100347 pair 46 [3, 1] combined 0 players 0 retained 0 seconds 0.00803811801597476
sset_21_gloiZ_gTJaE_frame_00100347 pair 47 [3, 2] combined 0 players 0 retained 0 seconds 0.008690990041941404
sset_21_gloiZ_gTJaE_frame_00100347 pair 48 [3, 4] combined 0 players 0 retained 0 seconds 0.008634977042675018
sset_21_gloiZ_gTJaE_frame_00100347 pair 53 [3, 9] combined 0 players 0 retained 0 seconds 0.008351219817996025
sset_21_gloiZ_gTJaE_frame_00100347 pair 57 [3, 13] combined 0 players 0 retained 0 seconds 0.0051239533349871635
sset_21_gloiZ_gTJaE_frame_00100347 pair 58 [3, 14] combined 0 players 0 retained 0 seconds 0.005512121133506298
sset_21_gloiZ_gTJaE_frame_00100347 pair 59 [3, 15] combined 1044 players 0 retained 0 seconds 0.012691298965364695
sset_21_gloiZ_gTJaE_frame_00100347 pair 60 [4, 0] combined 0 players 0 retained 0 seconds 0.01626746729016304
sset_21_gloiZ_gTJaE_frame_00100347 pair 63 [4, 3] combined 0 players 0 retained 0 seconds 0.0072534335777163506
sset_21_gloiZ_gTJaE_frame_00100347 pair 64 [4, 5] combined 0 players 0 retained 0 seconds 0.006845860276371241
sset_21_gloiZ_gTJaE_frame_00100347 pair 65 [4, 6] combined 0 players 0 retained 0 seconds 0.005022114142775536
sset_21_gloiZ_gTJaE_frame_00100347 pair 66 [4, 7] combined 656 players 0 retained 0 seconds 0.008671198040246964
sset_21_gloiZ_gTJaE_frame_00100347 pair 70 [4, 11] combined 0 players 0 retained 0 seconds 0.0059576500207185745
sset_21_gloiZ_gTJaE_frame_00100347 pair 71 [4, 12] combined 0 players 0 retained 0 seconds 0.004097265191376209
sset_21_gloiZ_gTJaE_frame_00100347 pair 72 [4, 13] combined 0 players 0 retained 0 seconds 0.0034365030005574226
sset_21_gloiZ_gTJaE_frame_00100347 pair 76 [5, 1] combined 0 players 0 retained 0 seconds 0.008570845238864422
sset_21_gloiZ_gTJaE_frame_00100347 pair 77 [5, 2] combined 0 players 0 retained 0 seconds 0.009568313136696815
sset_21_gloiZ_gTJaE_frame_00100347 pair 79 [5, 4] combined 0 players 0 retained 0 seconds 0.008955278899520636
sset_21_gloiZ_gTJaE_frame_00100347 pair 83 [5, 9] combined 0 players 0 retained 0 seconds 0.008388342801481485
sset_21_gloiZ_gTJaE_frame_00100347 pair 87 [5, 13] combined 0 players 0 retained 0 seconds 0.006061872933059931
sset_21_gloiZ_gTJaE_frame_00100347 pair 88 [5, 14] combined 0 players 0 retained 0 seconds 0.00546757597476244
sset_21_gloiZ_gTJaE_frame_00100347 pair 89 [5, 15] combined 672 players 0 retained 0 seconds 0.012973247095942497
sset_21_gloiZ_gTJaE_frame_00100347 pair 91 [6, 1] combined 0 players 0 retained 0 seconds 0.00411490723490715
sset_21_gloiZ_gTJaE_frame_00100347 pair 92 [6, 2] combined 128 players 24 retained 12 seconds 0.035050061997026205
sset_21_gloiZ_gTJaE_frame_00100347 pair 94 [6, 4] combined 0 players 0 retained 0 seconds 0.004877856932580471
sset_21_gloiZ_gTJaE_frame_00100347 pair 97 [6, 8] combined 0 players 0 retained 0 seconds 0.002918209880590439
sset_21_gloiZ_gTJaE_frame_00100347 pair 98 [6, 9] combined 0 players 0 retained 0 seconds 0.0033398857340216637
sset_21_gloiZ_gTJaE_frame_00100347 pair 99 [6, 10] combined 0 players 0 retained 0 seconds 0.0031327041797339916
sset_21_gloiZ_gTJaE_frame_00100347 pair 103 [6, 14] combined 0 players 0 retained 0 seconds 0.0036129476502537727
sset_21_gloiZ_gTJaE_frame_00100347 pair 104 [6, 15] combined 0 players 0 retained 0 seconds 0.003962020855396986
sset_21_gloiZ_gTJaE_frame_00100347 pair 106 [7, 1] combined 0 players 0 retained 0 seconds 0.003916374407708645
sset_21_gloiZ_gTJaE_frame_00100347 pair 107 [7, 2] combined 0 players 0 retained 0 seconds 0.0035708751529455185
sset_21_gloiZ_gTJaE_frame_00100347 pair 109 [7, 4] combined 432 players 4 retained 2 seconds 0.03564997762441635
sset_21_gloiZ_gTJaE_frame_00100347 pair 112 [7, 8] combined 0 players 0 retained 0 seconds 0.003933228086680174
sset_21_gloiZ_gTJaE_frame_00100347 pair 113 [7, 9] combined 0 players 0 retained 0 seconds 0.003909658174961805
sset_21_gloiZ_gTJaE_frame_00100347 pair 114 [7, 10] combined 0 players 0 retained 0 seconds 0.0038530402816832066
sset_21_gloiZ_gTJaE_frame_00100347 pair 118 [7, 14] combined 0 players 0 retained 0 seconds 0.004432920832186937
sset_21_gloiZ_gTJaE_frame_00100347 pair 119 [7, 15] combined 0 players 0 retained 0 seconds 0.004042312037199736
sset_21_gloiZ_gTJaE_frame_00100347 pair 126 [8, 6] combined 0 players 0 retained 0 seconds 0.0026107910089194775
sset_21_gloiZ_gTJaE_frame_00100347 pair 127 [8, 7] combined 0 players 0 retained 0 seconds 0.002695057075470686
sset_21_gloiZ_gTJaE_frame_00100347 pair 130 [8, 11] combined 0 players 0 retained 0 seconds 0.0027359831146895885
sset_21_gloiZ_gTJaE_frame_00100347 pair 132 [8, 13] combined 0 players 0 retained 0 seconds 0.002258440013974905
sset_21_gloiZ_gTJaE_frame_00100347 pair 135 [9, 0] combined 0 players 0 retained 0 seconds 0.014968524686992168
sset_21_gloiZ_gTJaE_frame_00100347 pair 138 [9, 3] combined 20 players 10 retained 5 seconds 0.03578780498355627
sset_21_gloiZ_gTJaE_frame_00100347 pair 140 [9, 5] combined 0 players 0 retained 0 seconds 0.006617560051381588
sset_21_gloiZ_gTJaE_frame_00100347 pair 141 [9, 6] combined 0 players 0 retained 0 seconds 0.004133192356675863
sset_21_gloiZ_gTJaE_frame_00100347 pair 142 [9, 7] combined 0 players 0 retained 0 seconds 0.004183538258075714
sset_21_gloiZ_gTJaE_frame_00100347 pair 145 [9, 11] combined 0 players 0 retained 0 seconds 0.0035555781796574593
sset_21_gloiZ_gTJaE_frame_00100347 pair 146 [9, 12] combined 0 players 0 retained 0 seconds 0.0026926379650831223
sset_21_gloiZ_gTJaE_frame_00100347 pair 147 [9, 13] combined 0 players 0 retained 0 seconds 0.0025969999842345715
sset_21_gloiZ_gTJaE_frame_00100347 pair 156 [10, 6] combined 0 players 0 retained 0 seconds 0.0030182087793946266
sset_21_gloiZ_gTJaE_frame_00100347 pair 157 [10, 7] combined 0 players 0 retained 0 seconds 0.003762301057577133
sset_21_gloiZ_gTJaE_frame_00100347 pair 160 [10, 11] combined 0 players 0 retained 0 seconds 0.003829927183687687
sset_21_gloiZ_gTJaE_frame_00100347 pair 161 [10, 12] combined 0 players 0 retained 0 seconds 0.0022146818228065968
sset_21_gloiZ_gTJaE_frame_00100347 pair 162 [10, 13] combined 0 players 0 retained 0 seconds 0.0020248028449714184
sset_21_gloiZ_gTJaE_frame_00100347 pair 166 [11, 1] combined 12 players 0 retained 0 seconds 0.0043808529153466225
sset_21_gloiZ_gTJaE_frame_00100347 pair 167 [11, 2] combined 120 players 0 retained 0 seconds 0.005468813702464104
sset_21_gloiZ_gTJaE_frame_00100347 pair 169 [11, 4] combined 0 players 0 retained 0 seconds 0.0051445309072732925
sset_21_gloiZ_gTJaE_frame_00100347 pair 173 [11, 8] combined 0 players 0 retained 0 seconds 0.0032881656661629677
sset_21_gloiZ_gTJaE_frame_00100347 pair 174 [11, 9] combined 4 players 0 retained 0 seconds 0.0037100710906088352
sset_21_gloiZ_gTJaE_frame_00100347 pair 175 [11, 10] combined 0 players 0 retained 0 seconds 0.003555022645741701
sset_21_gloiZ_gTJaE_frame_00100347 pair 178 [11, 14] combined 4 players 0 retained 0 seconds 0.004188094288110733
sset_21_gloiZ_gTJaE_frame_00100347 pair 179 [11, 15] combined 0 players 0 retained 0 seconds 0.003535127267241478
sset_21_gloiZ_gTJaE_frame_00100347 pair 181 [12, 1] combined 0 players 0 retained 0 seconds 0.0030470583587884903
sset_21_gloiZ_gTJaE_frame_00100347 pair 182 [12, 2] combined 0 players 0 retained 0 seconds 0.003120895940810442
sset_21_gloiZ_gTJaE_frame_00100347 pair 184 [12, 4] combined 0 players 0 retained 0 seconds 0.0032442668452858925
sset_21_gloiZ_gTJaE_frame_00100347 pair 189 [12, 9] combined 0 players 0 retained 0 seconds 0.002675276715308428
sset_21_gloiZ_gTJaE_frame_00100347 pair 190 [12, 10] combined 0 players 0 retained 0 seconds 0.0024386150762438774
sset_21_gloiZ_gTJaE_frame_00100347 pair 193 [12, 14] combined 0 players 0 retained 0 seconds 0.002960211131721735
sset_21_gloiZ_gTJaE_frame_00100347 pair 194 [12, 15] combined 0 players 0 retained 0 seconds 0.0030329101718962193
sset_21_gloiZ_gTJaE_frame_00100347 pair 195 [13, 0] combined 0 players 0 retained 0 seconds 0.014306562952697277
sset_21_gloiZ_gTJaE_frame_00100347 pair 196 [13, 1] combined 0 players 0 retained 0 seconds 0.0038284561596810818
sset_21_gloiZ_gTJaE_frame_00100347 pair 197 [13, 2] combined 0 players 0 retained 0 seconds 0.0034198127686977386
sset_21_gloiZ_gTJaE_frame_00100347 pair 198 [13, 3] combined 0 players 0 retained 0 seconds 0.00591882411390543
sset_21_gloiZ_gTJaE_frame_00100347 pair 199 [13, 4] combined 0 players 0 retained 0 seconds 0.004151561763137579
sset_21_gloiZ_gTJaE_frame_00100347 pair 200 [13, 5] combined 0 players 0 retained 0 seconds 0.007728012278676033
sset_21_gloiZ_gTJaE_frame_00100347 pair 203 [13, 8] combined 0 players 0 retained 0 seconds 0.002424906939268112
sset_21_gloiZ_gTJaE_frame_00100347 pair 204 [13, 9] combined 0 players 0 retained 0 seconds 0.0026420769281685352
sset_21_gloiZ_gTJaE_frame_00100347 pair 205 [13, 10] combined 0 players 0 retained 0 seconds 0.0019942070357501507
sset_21_gloiZ_gTJaE_frame_00100347 pair 210 [14, 0] combined 0 players 0 retained 0 seconds 0.007092712912708521
sset_21_gloiZ_gTJaE_frame_00100347 pair 213 [14, 3] combined 0 players 0 retained 0 seconds 0.004438731819391251
sset_21_gloiZ_gTJaE_frame_00100347 pair 215 [14, 5] combined 0 players 0 retained 0 seconds 0.003769837785512209
sset_21_gloiZ_gTJaE_frame_00100347 pair 216 [14, 6] combined 0 players 0 retained 0 seconds 0.004145119339227676
sset_21_gloiZ_gTJaE_frame_00100347 pair 217 [14, 7] combined 0 players 0 retained 0 seconds 0.003432109020650387
sset_21_gloiZ_gTJaE_frame_00100347 pair 221 [14, 11] combined 0 players 0 retained 0 seconds 0.004070798866450787
sset_21_gloiZ_gTJaE_frame_00100347 pair 222 [14, 12] combined 0 players 0 retained 0 seconds 0.0029057683423161507
sset_21_gloiZ_gTJaE_frame_00100347 pair 225 [15, 0] combined 0 players 0 retained 0 seconds 0.04623602982610464
sset_21_gloiZ_gTJaE_frame_00100347 pair 228 [15, 3] combined 0 players 0 retained 0 seconds 0.012150518130511045
sset_21_gloiZ_gTJaE_frame_00100347 pair 230 [15, 5] combined 0 players 0 retained 0 seconds 0.012181583791971207
sset_21_gloiZ_gTJaE_frame_00100347 pair 231 [15, 6] combined 0 players 0 retained 0 seconds 0.003834126051515341
sset_21_gloiZ_gTJaE_frame_00100347 pair 232 [15, 7] combined 0 players 0 retained 0 seconds 0.004594640806317329
sset_21_gloiZ_gTJaE_frame_00100347 pair 236 [15, 11] combined 0 players 0 retained 0 seconds 0.0038712569512426853
sset_21_gloiZ_gTJaE_frame_00100347 pair 237 [15, 12] combined 0 players 0 retained 0 seconds 0.003356382716447115
[sset_21_gloiZ_gTJaE_frame_00100347 +0s] loading view and candidate populations
[sset_21_gloiZ_gTJaE_frame_00100347] line-template: preparing rectangles
[sset_21_gloiZ_gTJaE_frame_00100347 +24s] measuring 531 parents (G0=256, G1=19, line_template=256; conflicting geometry groups=0)
[sset_21_gloiZ_gTJaE_frame_00100347 +32s] parents 250/531
[sset_21_gloiZ_gTJaE_frame_00100347 +41s] parents 500/531
[sset_21_gloiZ_gTJaE_frame_00100347 +42s] refitting 531 parents
[sset_21_gloiZ_gTJaE_frame_00100347 +54s] refits 250/531; valid children=250
[sset_21_gloiZ_gTJaE_frame_00100347 +67s] refits 500/531; valid children=476
[sset_21_gloiZ_gTJaE_frame_00100347 +69s] ranking sensitivity thresholds
[sset_21_gloiZ_gTJaE_frame_00100347 +69s] saving evidence and arrays
[sset_21_gloiZ_gTJaE_frame_00100347 +81s] saved
{"case_id": "sset_21_gloiZ_gTJaE_frame_00100347", "direction_budget": 16, "run_wall_s": 133.52081902511418, "phases_s": {"prepare_view": 0.8413989492692053, "populations": 47.84933618409559, "w5_record": 80.76035764673725, "net_choice": 0.9832869288511574, "stripe_polarity_refit": 1.970126158092171}, "bounded": "G0:47:12538/child"}
