[sset_21_gloiZ_gTJaE_frame_00023893] generating G0
sset_21_gloiZ_gTJaE_frame_00023893 pair 0 [0, 1] combined 0 players 0 retained 0 seconds 0.021804087329655886
sset_21_gloiZ_gTJaE_frame_00023893 pair 1 [0, 2] combined 0 players 0 retained 0 seconds 0.01906384900212288
sset_21_gloiZ_gTJaE_frame_00023893 pair 2 [0, 3] combined 0 players 0 retained 0 seconds 0.01684297528117895
sset_21_gloiZ_gTJaE_frame_00023893 pair 3 [0, 4] combined 0 players 0 retained 0 seconds 0.016364785842597485
sset_21_gloiZ_gTJaE_frame_00023893 pair 4 [0, 5] combined 0 players 0 retained 0 seconds 0.01693816017359495
sset_21_gloiZ_gTJaE_frame_00023893 pair 5 [0, 6] combined 0 players 0 retained 0 seconds 0.016556382179260254
sset_21_gloiZ_gTJaE_frame_00023893 pair 6 [0, 7] combined 0 players 0 retained 0 seconds 0.017414873000234365
sset_21_gloiZ_gTJaE_frame_00023893 pair 7 [0, 8] combined 0 players 0 retained 0 seconds 0.0163132818415761
sset_21_gloiZ_gTJaE_frame_00023893 pair 8 [0, 9] combined 0 players 0 retained 0 seconds 0.016304431948810816
sset_21_gloiZ_gTJaE_frame_00023893 pair 9 [0, 10] combined 0 players 0 retained 0 seconds 0.0163176991045475
sset_21_gloiZ_gTJaE_frame_00023893 pair 11 [0, 12] combined 0 players 0 retained 0 seconds 0.01669700676575303
sset_21_gloiZ_gTJaE_frame_00023893 pair 13 [0, 14] combined 0 players 0 retained 0 seconds 0.01626622909680009
sset_21_gloiZ_gTJaE_frame_00023893 pair 15 [1, 0] combined 0 players 0 retained 0 seconds 0.016046817880123854
sset_21_gloiZ_gTJaE_frame_00023893 pair 18 [1, 4] combined 0 players 0 retained 0 seconds 0.009609505999833345
sset_21_gloiZ_gTJaE_frame_00023893 pair 19 [1, 5] combined 0 players 0 retained 0 seconds 0.009994528256356716
sset_21_gloiZ_gTJaE_frame_00023893 pair 20 [1, 6] combined 0 players 0 retained 0 seconds 0.00962670473381877
sset_21_gloiZ_gTJaE_frame_00023893 pair 22 [1, 8] combined 0 players 0 retained 0 seconds 0.009580397047102451
sset_21_gloiZ_gTJaE_frame_00023893 pair 23 [1, 9] combined 0 players 0 retained 0 seconds 0.009529467672109604
sset_21_gloiZ_gTJaE_frame_00023893 pair 24 [1, 10] combined 0 players 0 retained 0 seconds 0.009374960791319609
sset_21_gloiZ_gTJaE_frame_00023893 pair 25 [1, 11] combined 0 players 0 retained 0 seconds 0.009996018838137388
sset_21_gloiZ_gTJaE_frame_00023893 pair 27 [1, 13] combined 0 players 0 retained 0 seconds 0.009580628015100956
sset_21_gloiZ_gTJaE_frame_00023893 pair 28 [1, 14] combined 0 players 0 retained 0 seconds 0.009588507935404778
sset_21_gloiZ_gTJaE_frame_00023893 pair 30 [2, 0] combined 0 players 0 retained 0 seconds 0.0107462746091187
sset_21_gloiZ_gTJaE_frame_00023893 pair 35 [2, 6] combined 0 players 0 retained 0 seconds 0.004497300833463669
sset_21_gloiZ_gTJaE_frame_00023893 pair 36 [2, 7] combined 0 players 0 retained 0 seconds 0.004888070747256279
sset_21_gloiZ_gTJaE_frame_00023893 pair 41 [2, 12] combined 0 players 0 retained 0 seconds 0.00470672408118844
sset_21_gloiZ_gTJaE_frame_00023893 pair 42 [2, 13] combined 0 players 0 retained 0 seconds 0.004228648263961077
sset_21_gloiZ_gTJaE_frame_00023893 pair 43 [2, 14] combined 0 players 0 retained 0 seconds 0.004088922869414091
sset_21_gloiZ_gTJaE_frame_00023893 pair 45 [3, 0] combined 0 players 0 retained 0 seconds 0.011069058906286955
sset_21_gloiZ_gTJaE_frame_00023893 pair 50 [3, 6] combined 0 players 0 retained 0 seconds 0.0044271512888371944
sset_21_gloiZ_gTJaE_frame_00023893 pair 51 [3, 7] combined 0 players 0 retained 0 seconds 0.00483839912340045
sset_21_gloiZ_gTJaE_frame_00023893 pair 56 [3, 12] combined 0 players 0 retained 0 seconds 0.0050371866673231125
sset_21_gloiZ_gTJaE_frame_00023893 pair 57 [3, 13] combined 0 players 0 retained 0 seconds 0.004348006099462509
sset_21_gloiZ_gTJaE_frame_00023893 pair 58 [3, 14] combined 0 players 0 retained 0 seconds 0.004014408215880394
sset_21_gloiZ_gTJaE_frame_00023893 pair 60 [4, 0] combined 0 players 0 retained 0 seconds 0.010033757891505957
sset_21_gloiZ_gTJaE_frame_00023893 pair 61 [4, 1] combined 0 players 0 retained 0 seconds 0.007168544922024012
sset_21_gloiZ_gTJaE_frame_00023893 pair 66 [4, 7] combined 0 players 0 retained 0 seconds 0.004254733677953482
sset_21_gloiZ_gTJaE_frame_00023893 pair 71 [4, 12] combined 0 players 0 retained 0 seconds 0.004006386734545231
sset_21_gloiZ_gTJaE_frame_00023893 pair 75 [5, 0] combined 0 players 0 retained 0 seconds 0.010433895979076624
sset_21_gloiZ_gTJaE_frame_00023893 pair 76 [5, 1] combined 0 players 0 retained 0 seconds 0.006796734873205423
sset_21_gloiZ_gTJaE_frame_00023893 pair 85 [5, 11] combined 0 players 0 retained 0 seconds 0.004116108641028404
sset_21_gloiZ_gTJaE_frame_00023893 pair 90 [6, 0] combined 0 players 0 retained 0 seconds 0.010265248827636242
sset_21_gloiZ_gTJaE_frame_00023893 pair 91 [6, 1] combined 0 players 0 retained 0 seconds 0.006677260622382164
sset_21_gloiZ_gTJaE_frame_00023893 pair 92 [6, 2] combined 0 players 0 retained 0 seconds 0.004051151219755411
sset_21_gloiZ_gTJaE_frame_00023893 pair 93 [6, 3] combined 0 players 0 retained 0 seconds 0.003869184758514166
sset_21_gloiZ_gTJaE_frame_00023893 pair 105 [7, 0] combined 0 players 0 retained 0 seconds 0.011101409327238798
sset_21_gloiZ_gTJaE_frame_00023893 pair 107 [7, 2] combined 0 players 0 retained 0 seconds 0.004884839989244938
sset_21_gloiZ_gTJaE_frame_00023893 pair 108 [7, 3] combined 0 players 0 retained 0 seconds 0.004755367990583181
sset_21_gloiZ_gTJaE_frame_00023893 pair 109 [7, 4] combined 0 players 0 retained 0 seconds 0.004630259238183498
sset_21_gloiZ_gTJaE_frame_00023893 pair 113 [7, 9] combined 0 players 0 retained 0 seconds 0.004411240108311176
sset_21_gloiZ_gTJaE_frame_00023893 pair 114 [7, 10] combined 0 players 0 retained 0 seconds 0.0042310054413974285
sset_21_gloiZ_gTJaE_frame_00023893 pair 115 [7, 11] combined 0 players 0 retained 0 seconds 0.004493298940360546
sset_21_gloiZ_gTJaE_frame_00023893 pair 119 [7, 15] combined 0 players 0 retained 0 seconds 0.004606550093740225
sset_21_gloiZ_gTJaE_frame_00023893 pair 120 [8, 0] combined 0 players 0 retained 0 seconds 0.00962152425199747
sset_21_gloiZ_gTJaE_frame_00023893 pair 121 [8, 1] combined 0 players 0 retained 0 seconds 0.0061902450397610664
sset_21_gloiZ_gTJaE_frame_00023893 pair 135 [9, 0] combined 0 players 0 retained 0 seconds 0.009988236706703901
sset_21_gloiZ_gTJaE_frame_00023893 pair 136 [9, 1] combined 0 players 0 retained 0 seconds 0.006375920958817005
sset_21_gloiZ_gTJaE_frame_00023893 pair 142 [9, 7] combined 0 players 0 retained 0 seconds 0.003729000221937895
sset_21_gloiZ_gTJaE_frame_00023893 pair 150 [10, 0] combined 0 players 0 retained 0 seconds 0.009866813197731972
sset_21_gloiZ_gTJaE_frame_00023893 pair 151 [10, 1] combined 0 players 0 retained 0 seconds 0.006669346243143082
sset_21_gloiZ_gTJaE_frame_00023893 pair 157 [10, 7] combined 0 players 0 retained 0 seconds 0.003740822896361351
sset_21_gloiZ_gTJaE_frame_00023893 pair 161 [10, 12] combined 0 players 0 retained 0 seconds 0.0036103641614317894
sset_21_gloiZ_gTJaE_frame_00023893 pair 166 [11, 1] combined 0 players 0 retained 0 seconds 0.007281389087438583
sset_21_gloiZ_gTJaE_frame_00023893 pair 170 [11, 5] combined 0 players 0 retained 0 seconds 0.004133687820285559
sset_21_gloiZ_gTJaE_frame_00023893 pair 172 [11, 7] combined 0 players 0 retained 0 seconds 0.004476300906389952
sset_21_gloiZ_gTJaE_frame_00023893 pair 179 [11, 15] combined 0 players 0 retained 0 seconds 0.004067010246217251
sset_21_gloiZ_gTJaE_frame_00023893 pair 180 [12, 0] combined 0 players 0 retained 0 seconds 0.010722503066062927
sset_21_gloiZ_gTJaE_frame_00023893 pair 182 [12, 2] combined 0 players 0 retained 0 seconds 0.004710842855274677
sset_21_gloiZ_gTJaE_frame_00023893 pair 183 [12, 3] combined 0 players 0 retained 0 seconds 0.004472640808671713
sset_21_gloiZ_gTJaE_frame_00023893 pair 184 [12, 4] combined 0 players 0 retained 0 seconds 0.004339272156357765
sset_21_gloiZ_gTJaE_frame_00023893 pair 190 [12, 10] combined 0 players 0 retained 0 seconds 0.004118722397834063
sset_21_gloiZ_gTJaE_frame_00023893 pair 194 [12, 15] combined 0 players 0 retained 0 seconds 0.004276404157280922
sset_21_gloiZ_gTJaE_frame_00023893 pair 196 [13, 1] combined 0 players 0 retained 0 seconds 0.006381126120686531
sset_21_gloiZ_gTJaE_frame_00023893 pair 197 [13, 2] combined 0 players 0 retained 0 seconds 0.003916900139302015
sset_21_gloiZ_gTJaE_frame_00023893 pair 198 [13, 3] combined 0 players 0 retained 0 seconds 0.0039233253337442875
sset_21_gloiZ_gTJaE_frame_00023893 pair 209 [13, 15] combined 0 players 0 retained 0 seconds 0.0036651068367064
sset_21_gloiZ_gTJaE_frame_00023893 pair 210 [14, 0] combined 0 players 0 retained 0 seconds 0.00935223326086998
sset_21_gloiZ_gTJaE_frame_00023893 pair 211 [14, 1] combined 0 players 0 retained 0 seconds 0.006443896796554327
sset_21_gloiZ_gTJaE_frame_00023893 pair 212 [14, 2] combined 0 players 0 retained 0 seconds 0.0037030051462352276
sset_21_gloiZ_gTJaE_frame_00023893 pair 213 [14, 3] combined 0 players 0 retained 0 seconds 0.003593157045543194
sset_21_gloiZ_gTJaE_frame_00023893 pair 224 [14, 15] combined 0 players 0 retained 0 seconds 0.003245985135436058
sset_21_gloiZ_gTJaE_frame_00023893 pair 232 [15, 7] combined 0 players 0 retained 0 seconds 0.0041465298272669315
sset_21_gloiZ_gTJaE_frame_00023893 pair 236 [15, 11] combined 0 players 0 retained 0 seconds 0.004207216668874025
sset_21_gloiZ_gTJaE_frame_00023893 pair 237 [15, 12] combined 0 players 0 retained 0 seconds 0.004141179844737053
sset_21_gloiZ_gTJaE_frame_00023893 pair 238 [15, 13] combined 0 players 0 retained 0 seconds 0.003638824913650751
sset_21_gloiZ_gTJaE_frame_00023893 pair 239 [15, 14] combined 0 players 0 retained 0 seconds 0.003596239723265171
[sset_21_gloiZ_gTJaE_frame_00023893] generating G1
sset_21_gloiZ_gTJaE_frame_00023893 pair 0 [0, 1] combined 0 players 0 retained 0 seconds 0.003393037710338831
sset_21_gloiZ_gTJaE_frame_00023893 pair 1 [0, 2] combined 0 players 0 retained 0 seconds 0.0027376492507755756
sset_21_gloiZ_gTJaE_frame_00023893 pair 2 [0, 3] combined 0 players 0 retained 0 seconds 0.0025454657152295113
sset_21_gloiZ_gTJaE_frame_00023893 pair 3 [0, 4] combined 0 players 0 retained 0 seconds 0.002522306051105261
sset_21_gloiZ_gTJaE_frame_00023893 pair 4 [0, 5] combined 0 players 0 retained 0 seconds 0.002540498971939087
sset_21_gloiZ_gTJaE_frame_00023893 pair 5 [0, 6] combined 0 players 0 retained 0 seconds 0.0025121867656707764
sset_21_gloiZ_gTJaE_frame_00023893 pair 6 [0, 7] combined 0 players 0 retained 0 seconds 0.0026077148504555225
sset_21_gloiZ_gTJaE_frame_00023893 pair 7 [0, 8] combined 0 players 0 retained 0 seconds 0.002663412131369114
sset_21_gloiZ_gTJaE_frame_00023893 pair 8 [0, 9] combined 0 players 0 retained 0 seconds 0.0026826118119060993
sset_21_gloiZ_gTJaE_frame_00023893 pair 9 [0, 10] combined 0 players 0 retained 0 seconds 0.0026947208680212498
sset_21_gloiZ_gTJaE_frame_00023893 pair 11 [0, 12] combined 0 players 0 retained 0 seconds 0.002600042149424553
sset_21_gloiZ_gTJaE_frame_00023893 pair 13 [0, 14] combined 0 players 0 retained 0 seconds 0.0024971170350909233
sset_21_gloiZ_gTJaE_frame_00023893 pair 15 [1, 0] combined 0 players 0 retained 0 seconds 0.0029891757294535637
sset_21_gloiZ_gTJaE_frame_00023893 pair 18 [1, 4] combined 0 players 0 retained 0 seconds 0.002761349081993103
sset_21_gloiZ_gTJaE_frame_00023893 pair 19 [1, 5] combined 0 players 0 retained 0 seconds 0.00280207023024559
sset_21_gloiZ_gTJaE_frame_00023893 pair 20 [1, 6] combined 0 players 0 retained 0 seconds 0.0028872182592749596
sset_21_gloiZ_gTJaE_frame_00023893 pair 22 [1, 8] combined 0 players 0 retained 0 seconds 0.0028599686920642853
sset_21_gloiZ_gTJaE_frame_00023893 pair 23 [1, 9] combined 0 players 0 retained 0 seconds 0.0027628159150481224
sset_21_gloiZ_gTJaE_frame_00023893 pair 24 [1, 10] combined 0 players 0 retained 0 seconds 0.002728740219026804
sset_21_gloiZ_gTJaE_frame_00023893 pair 25 [1, 11] combined 0 players 0 retained 0 seconds 0.0027597430162131786
sset_21_gloiZ_gTJaE_frame_00023893 pair 27 [1, 13] combined 0 players 0 retained 0 seconds 0.0028116521425545216
sset_21_gloiZ_gTJaE_frame_00023893 pair 28 [1, 14] combined 0 players 0 retained 0 seconds 0.002718931995332241
sset_21_gloiZ_gTJaE_frame_00023893 pair 30 [2, 0] combined 0 players 0 retained 0 seconds 0.0026377737522125244
sset_21_gloiZ_gTJaE_frame_00023893 pair 35 [2, 6] combined 0 players 0 retained 0 seconds 0.002329065930098295
sset_21_gloiZ_gTJaE_frame_00023893 pair 36 [2, 7] combined 0 players 0 retained 0 seconds 0.0023200479336082935
sset_21_gloiZ_gTJaE_frame_00023893 pair 41 [2, 12] combined 0 players 0 retained 0 seconds 0.002397637814283371
sset_21_gloiZ_gTJaE_frame_00023893 pair 42 [2, 13] combined 0 players 0 retained 0 seconds 0.002196758985519409
sset_21_gloiZ_gTJaE_frame_00023893 pair 43 [2, 14] combined 0 players 0 retained 0 seconds 0.002140230964869261
sset_21_gloiZ_gTJaE_frame_00023893 pair 45 [3, 0] combined 0 players 0 retained 0 seconds 0.0024417489767074585
sset_21_gloiZ_gTJaE_frame_00023893 pair 50 [3, 6] combined 0 players 0 retained 0 seconds 0.0023173722438514233
sset_21_gloiZ_gTJaE_frame_00023893 pair 51 [3, 7] combined 0 players 0 retained 0 seconds 0.0037570027634501457
sset_21_gloiZ_gTJaE_frame_00023893 pair 56 [3, 12] combined 0 players 0 retained 0 seconds 0.002329516690224409
sset_21_gloiZ_gTJaE_frame_00023893 pair 57 [3, 13] combined 0 players 0 retained 0 seconds 0.0021970602683722973
sset_21_gloiZ_gTJaE_frame_00023893 pair 58 [3, 14] combined 0 players 0 retained 0 seconds 0.0022737160325050354
sset_21_gloiZ_gTJaE_frame_00023893 pair 60 [4, 0] combined 0 players 0 retained 0 seconds 0.0024069943465292454
sset_21_gloiZ_gTJaE_frame_00023893 pair 61 [4, 1] combined 0 players 0 retained 0 seconds 0.0023993058130145073
sset_21_gloiZ_gTJaE_frame_00023893 pair 66 [4, 7] combined 0 players 0 retained 0 seconds 0.002308764960616827
sset_21_gloiZ_gTJaE_frame_00023893 pair 71 [4, 12] combined 0 players 0 retained 0 seconds 0.0024355771020054817
sset_21_gloiZ_gTJaE_frame_00023893 pair 75 [5, 0] combined 0 players 0 retained 0 seconds 0.0025481698103249073
sset_21_gloiZ_gTJaE_frame_00023893 pair 76 [5, 1] combined 0 players 0 retained 0 seconds 0.002503069117665291
sset_21_gloiZ_gTJaE_frame_00023893 pair 85 [5, 11] combined 0 players 0 retained 0 seconds 0.0021937591955065727
sset_21_gloiZ_gTJaE_frame_00023893 pair 90 [6, 0] combined 0 players 0 retained 0 seconds 0.002190668135881424
sset_21_gloiZ_gTJaE_frame_00023893 pair 91 [6, 1] combined 0 players 0 retained 0 seconds 0.0022778278216719627
sset_21_gloiZ_gTJaE_frame_00023893 pair 92 [6, 2] combined 0 players 0 retained 0 seconds 0.002030470874160528
sset_21_gloiZ_gTJaE_frame_00023893 pair 93 [6, 3] combined 0 players 0 retained 0 seconds 0.0020735953003168106
sset_21_gloiZ_gTJaE_frame_00023893 pair 105 [7, 0] combined 0 players 0 retained 0 seconds 0.002829361241310835
sset_21_gloiZ_gTJaE_frame_00023893 pair 107 [7, 2] combined 0 players 0 retained 0 seconds 0.002483134623616934
sset_21_gloiZ_gTJaE_frame_00023893 pair 108 [7, 3] combined 0 players 0 retained 0 seconds 0.0023883660323917866
sset_21_gloiZ_gTJaE_frame_00023893 pair 109 [7, 4] combined 0 players 0 retained 0 seconds 0.002373192925006151
sset_21_gloiZ_gTJaE_frame_00023893 pair 113 [7, 9] combined 0 players 0 retained 0 seconds 0.0022881291806697845
sset_21_gloiZ_gTJaE_frame_00023893 pair 114 [7, 10] combined 0 players 0 retained 0 seconds 0.0022605890408158302
sset_21_gloiZ_gTJaE_frame_00023893 pair 115 [7, 11] combined 0 players 0 retained 0 seconds 0.0023089610040187836
sset_21_gloiZ_gTJaE_frame_00023893 pair 119 [7, 15] combined 0 players 0 retained 0 seconds 0.0027850819751620293
sset_21_gloiZ_gTJaE_frame_00023893 pair 120 [8, 0] combined 0 players 0 retained 0 seconds 0.0023679430596530437
sset_21_gloiZ_gTJaE_frame_00023893 pair 121 [8, 1] combined 0 players 0 retained 0 seconds 0.002413528971374035
sset_21_gloiZ_gTJaE_frame_00023893 pair 135 [9, 0] combined 0 players 0 retained 0 seconds 0.002338958904147148
sset_21_gloiZ_gTJaE_frame_00023893 pair 136 [9, 1] combined 0 players 0 retained 0 seconds 0.002266126684844494
sset_21_gloiZ_gTJaE_frame_00023893 pair 142 [9, 7] combined 0 players 0 retained 0 seconds 0.0021497895941138268
sset_21_gloiZ_gTJaE_frame_00023893 pair 150 [10, 0] combined 0 players 0 retained 0 seconds 0.0023561841808259487
sset_21_gloiZ_gTJaE_frame_00023893 pair 151 [10, 1] combined 0 players 0 retained 0 seconds 0.0025990833528339863
sset_21_gloiZ_gTJaE_frame_00023893 pair 157 [10, 7] combined 0 players 0 retained 0 seconds 0.0023178248666226864
sset_21_gloiZ_gTJaE_frame_00023893 pair 161 [10, 12] combined 0 players 0 retained 0 seconds 0.002125595696270466
sset_21_gloiZ_gTJaE_frame_00023893 pair 166 [11, 1] combined 0 players 0 retained 0 seconds 0.002552686259150505
sset_21_gloiZ_gTJaE_frame_00023893 pair 170 [11, 5] combined 0 players 0 retained 0 seconds 0.0021228520199656487
sset_21_gloiZ_gTJaE_frame_00023893 pair 172 [11, 7] combined 0 players 0 retained 0 seconds 0.002149667125195265
sset_21_gloiZ_gTJaE_frame_00023893 pair 179 [11, 15] combined 0 players 0 retained 0 seconds 0.002061242703348398
sset_21_gloiZ_gTJaE_frame_00023893 pair 180 [12, 0] combined 0 players 0 retained 0 seconds 0.002589951269328594
sset_21_gloiZ_gTJaE_frame_00023893 pair 182 [12, 2] combined 0 players 0 retained 0 seconds 0.0025077853351831436
sset_21_gloiZ_gTJaE_frame_00023893 pair 183 [12, 3] combined 0 players 0 retained 0 seconds 0.002341025974601507
sset_21_gloiZ_gTJaE_frame_00023893 pair 184 [12, 4] combined 0 players 0 retained 0 seconds 0.0021955440752208233
sset_21_gloiZ_gTJaE_frame_00023893 pair 190 [12, 10] combined 0 players 0 retained 0 seconds 0.0024664420634508133
sset_21_gloiZ_gTJaE_frame_00023893 pair 194 [12, 15] combined 0 players 0 retained 0 seconds 0.002225056290626526
sset_21_gloiZ_gTJaE_frame_00023893 pair 196 [13, 1] combined 0 players 0 retained 0 seconds 0.002462970092892647
sset_21_gloiZ_gTJaE_frame_00023893 pair 197 [13, 2] combined 0 players 0 retained 0 seconds 0.0021571610122919083
sset_21_gloiZ_gTJaE_frame_00023893 pair 198 [13, 3] combined 0 players 0 retained 0 seconds 0.002399540040642023
sset_21_gloiZ_gTJaE_frame_00023893 pair 209 [13, 15] combined 0 players 0 retained 0 seconds 0.002329702954739332
sset_21_gloiZ_gTJaE_frame_00023893 pair 210 [14, 0] combined 0 players 0 retained 0 seconds 0.002257151994854212
sset_21_gloiZ_gTJaE_frame_00023893 pair 211 [14, 1] combined 0 players 0 retained 0 seconds 0.0023708799853920937
sset_21_gloiZ_gTJaE_frame_00023893 pair 212 [14, 2] combined 0 players 0 retained 0 seconds 0.0020452351309359074
sset_21_gloiZ_gTJaE_frame_00023893 pair 213 [14, 3] combined 0 players 0 retained 0 seconds 0.0019220616668462753
sset_21_gloiZ_gTJaE_frame_00023893 pair 224 [14, 15] combined 0 players 0 retained 0 seconds 0.0021042218431830406
sset_21_gloiZ_gTJaE_frame_00023893 pair 232 [15, 7] combined 0 players 0 retained 0 seconds 0.002310718409717083
sset_21_gloiZ_gTJaE_frame_00023893 pair 236 [15, 11] combined 0 players 0 retained 0 seconds 0.002335880883038044
sset_21_gloiZ_gTJaE_frame_00023893 pair 237 [15, 12] combined 0 players 0 retained 0 seconds 0.002228721044957638
sset_21_gloiZ_gTJaE_frame_00023893 pair 238 [15, 13] combined 0 players 0 retained 0 seconds 0.0021103019826114178
sset_21_gloiZ_gTJaE_frame_00023893 pair 239 [15, 14] combined 0 players 0 retained 0 seconds 0.0020938687957823277
[sset_21_gloiZ_gTJaE_frame_00023893 +0s] loading view and candidate populations
[sset_21_gloiZ_gTJaE_frame_00023893] line-template: preparing rectangles
[sset_21_gloiZ_gTJaE_frame_00023893 +23s] measuring 256 parents (G0=0, G1=0, line_template=256; conflicting geometry groups=0)
[sset_21_gloiZ_gTJaE_frame_00023893 +30s] parents 250/256
[sset_21_gloiZ_gTJaE_frame_00023893 +30s] refitting 256 parents
[sset_21_gloiZ_gTJaE_frame_00023893 +42s] refits 250/256; valid children=206
[sset_21_gloiZ_gTJaE_frame_00023893 +42s] ranking sensitivity thresholds
[sset_21_gloiZ_gTJaE_frame_00023893 +42s] saving evidence and arrays
[sset_21_gloiZ_gTJaE_frame_00023893 +46s] saved
{"case_id": "sset_21_gloiZ_gTJaE_frame_00023893", "direction_budget": 16, "run_wall_s": 50.28364118607715, "phases_s": {"prepare_view": 0.8155992408283055, "populations": 2.009793344885111, "w5_record": 46.18367528403178, "net_choice": 0.3217815263196826, "stripe_polarity_refit": 4.1443854570388794e-07}, "bounded": null}
