[letterboxed_short_frame_78] generating G0
letterboxed_short_frame_78 pair 0 [0, 1] combined 222208 players 69848 retained 256 seconds 3.0224723680876195
letterboxed_short_frame_78 pair 1 [0, 2] combined 203776 players 88576 retained 256 seconds 3.7662365660071373
letterboxed_short_frame_78 pair 2 [0, 3] combined 182272 players 0 retained 0 seconds 0.6419744500890374
letterboxed_short_frame_78 pair 3 [0, 4] combined 24576 players 12224 retained 256 seconds 0.6247239466756582
letterboxed_short_frame_78 pair 5 [0, 6] combined 25600 players 0 retained 0 seconds 0.14472432900220156
letterboxed_short_frame_78 pair 8 [0, 9] combined 1140 players 0 retained 0 seconds 0.06673542503267527
letterboxed_short_frame_78 pair 9 [0, 10] combined 7168 players 0 retained 0 seconds 0.09260145714506507
letterboxed_short_frame_78 pair 11 [0, 12] combined 2048 players 1004 retained 256 seconds 0.17149239126592875
letterboxed_short_frame_78 pair 12 [0, 13] combined 23552 players 228 retained 116 seconds 0.17979426542297006
letterboxed_short_frame_78 pair 13 [0, 14] combined 6144 players 234 retained 118 seconds 0.13336882274597883
letterboxed_short_frame_78 pair 14 [0, 15] combined 20480 players 304 retained 160 seconds 0.17740158224478364
letterboxed_short_frame_78 pair 15 [1, 0] combined 61440 players 18272 retained 256 seconds 0.9469531802460551
letterboxed_short_frame_78 pair 18 [1, 4] combined 5600 players 0 retained 0 seconds 0.05778644885867834
letterboxed_short_frame_78 pair 19 [1, 5] combined 2704 players 588 retained 256 seconds 0.12276298366487026
letterboxed_short_frame_78 pair 24 [1, 10] combined 1488 players 484 retained 229 seconds 0.109912252984941
letterboxed_short_frame_78 pair 25 [1, 11] combined 1152 players 432 retained 216 seconds 0.10705324867740273
letterboxed_short_frame_78 pair 30 [2, 0] combined 105472 players 10450 retained 256 seconds 0.7923966869711876
letterboxed_short_frame_78 pair 32 [2, 3] combined 6248 players 224 retained 112 seconds 0.09846943011507392
letterboxed_short_frame_78 pair 34 [2, 5] combined 4068 players 452 retained 224 seconds 0.11105087818577886
letterboxed_short_frame_78 pair 35 [2, 6] combined 1716 players 0 retained 0 seconds 0.034905260894447565
letterboxed_short_frame_78 pair 36 [2, 7] combined 5520 players 0 retained 0 seconds 0.04712469317018986
letterboxed_short_frame_78 pair 38 [2, 9] combined 644 players 0 retained 0 seconds 0.030445391312241554
letterboxed_short_frame_78 pair 39 [2, 10] combined 1072 players 134 retained 67 seconds 0.07451963098719716
letterboxed_short_frame_78 pair 40 [2, 11] combined 2352 players 0 retained 0 seconds 0.0403161090798676
letterboxed_short_frame_78 pair 42 [2, 13] combined 108 players 18 retained 9 seconds 0.06199347786605358
letterboxed_short_frame_78 pair 45 [3, 0] combined 96256 players 1750 retained 256 seconds 0.4479351984336972
letterboxed_short_frame_78 pair 47 [3, 2] combined 20480 players 1320 retained 256 seconds 0.18868586979806423
letterboxed_short_frame_78 pair 55 [3, 11] combined 3024 players 0 retained 0 seconds 0.021556129679083824
letterboxed_short_frame_78 pair 60 [4, 0] combined 20480 players 2114 retained 256 seconds 0.24736413871869445
letterboxed_short_frame_78 pair 61 [4, 1] combined 0 players 0 retained 0 seconds 0.02924601687118411
letterboxed_short_frame_78 pair 67 [4, 8] combined 1332 players 0 retained 0 seconds 0.015336118172854185
letterboxed_short_frame_78 pair 70 [4, 11] combined 504 players 36 retained 18 seconds 0.04666771134361625
letterboxed_short_frame_78 pair 71 [4, 12] combined 440 players 22 retained 11 seconds 0.04610388120636344
letterboxed_short_frame_78 pair 72 [4, 13] combined 28 players 0 retained 0 seconds 0.009600420016795397
letterboxed_short_frame_78 pair 73 [4, 14] combined 0 players 0 retained 0 seconds 0.009588900953531265
letterboxed_short_frame_78 pair 74 [4, 15] combined 240 players 78 retained 39 seconds 0.04692501202225685
letterboxed_short_frame_78 pair 76 [5, 1] combined 1872 players 0 retained 0 seconds 0.0915394532494247
letterboxed_short_frame_78 pair 77 [5, 2] combined 1568 players 672 retained 256 seconds 0.11277922382578254
letterboxed_short_frame_78 pair 81 [5, 7] combined 0 players 0 retained 0 seconds 0.010089588351547718
letterboxed_short_frame_78 pair 82 [5, 8] combined 108 players 54 retained 27 seconds 0.04465781711041927
letterboxed_short_frame_78 pair 83 [5, 9] combined 0 players 0 retained 0 seconds 0.006556980777531862
letterboxed_short_frame_78 pair 90 [6, 0] combined 3072 players 6 retained 3 seconds 0.11013971315696836
letterboxed_short_frame_78 pair 92 [6, 2] combined 2048 players 212 retained 106 seconds 0.08524217223748565
letterboxed_short_frame_78 pair 100 [6, 11] combined 36 players 0 retained 0 seconds 0.008558209985494614
letterboxed_short_frame_78 pair 107 [7, 2] combined 6144 players 576 retained 256 seconds 0.1256554862484336
letterboxed_short_frame_78 pair 110 [7, 5] combined 2772 players 0 retained 0 seconds 0.017195886000990868
letterboxed_short_frame_78 pair 114 [7, 10] combined 360 players 0 retained 0 seconds 0.009800188709050417
letterboxed_short_frame_78 pair 116 [7, 12] combined 276 players 78 retained 32 seconds 0.04843412293121219
letterboxed_short_frame_78 pair 119 [7, 15] combined 0 players 0 retained 0 seconds 0.008453118149191141
letterboxed_short_frame_78 pair 124 [8, 4] combined 112 players 0 retained 0 seconds 0.010512258391827345
letterboxed_short_frame_78 pair 125 [8, 5] combined 480 players 32 retained 16 seconds 0.04463371587917209
letterboxed_short_frame_78 pair 129 [8, 10] combined 56 players 4 retained 2 seconds 0.041246214881539345
letterboxed_short_frame_78 pair 135 [9, 0] combined 0 players 0 retained 0 seconds 0.06719300989061594
letterboxed_short_frame_78 pair 137 [9, 2] combined 224 players 0 retained 0 seconds 0.017531281802803278
letterboxed_short_frame_78 pair 140 [9, 5] combined 0 players 0 retained 0 seconds 0.006594846956431866
letterboxed_short_frame_78 pair 145 [9, 11] combined 104 players 0 retained 0 seconds 0.006487326230853796
letterboxed_short_frame_78 pair 146 [9, 12] combined 0 players 0 retained 0 seconds 0.006499561946839094
letterboxed_short_frame_78 pair 150 [10, 0] combined 0 players 0 retained 0 seconds 0.06748098880052567
letterboxed_short_frame_78 pair 151 [10, 1] combined 2048 players 0 retained 0 seconds 0.043023649137467146
letterboxed_short_frame_78 pair 152 [10, 2] combined 0 players 0 retained 0 seconds 0.028930879198014736
letterboxed_short_frame_78 pair 157 [10, 7] combined 0 players 0 retained 0 seconds 0.008661863394081593
letterboxed_short_frame_78 pair 158 [10, 8] combined 40 players 0 retained 0 seconds 0.007537151221185923
letterboxed_short_frame_78 pair 160 [10, 11] combined 0 players 0 retained 0 seconds 0.00650858273729682
letterboxed_short_frame_78 pair 161 [10, 12] combined 0 players 0 retained 0 seconds 0.00682861590757966
letterboxed_short_frame_78 pair 166 [11, 1] combined 6832 players 2842 retained 256 seconds 0.2080164677463472
letterboxed_short_frame_78 pair 167 [11, 2] combined 2520 players 1098 retained 256 seconds 0.12913498608395457
letterboxed_short_frame_78 pair 168 [11, 3] combined 5152 players 0 retained 0 seconds 0.028342108242213726
letterboxed_short_frame_78 pair 169 [11, 4] combined 520 players 256 retained 128 seconds 0.06048114504665136
letterboxed_short_frame_78 pair 171 [11, 6] combined 968 players 0 retained 0 seconds 0.010784886311739683
letterboxed_short_frame_78 pair 174 [11, 9] combined 20 players 0 retained 0 seconds 0.005688439588993788
letterboxed_short_frame_78 pair 175 [11, 10] combined 56 players 0 retained 0 seconds 0.006627626717090607
letterboxed_short_frame_78 pair 176 [11, 12] combined 16 players 8 retained 4 seconds 0.04093697387725115
letterboxed_short_frame_78 pair 177 [11, 13] combined 288 players 0 retained 0 seconds 0.007468919735401869
letterboxed_short_frame_78 pair 178 [11, 14] combined 80 players 4 retained 2 seconds 0.04005030682310462
letterboxed_short_frame_78 pair 179 [11, 15] combined 192 players 24 retained 14 seconds 0.04064894886687398
letterboxed_short_frame_78 pair 180 [12, 0] combined 3072 players 370 retained 170 seconds 0.13850776106119156
letterboxed_short_frame_78 pair 184 [12, 4] combined 320 players 40 retained 20 seconds 0.04644713597372174
letterboxed_short_frame_78 pair 187 [12, 7] combined 1624 players 48 retained 18 seconds 0.0506756161339581
letterboxed_short_frame_78 pair 189 [12, 9] combined 180 players 0 retained 0 seconds 0.007654928136616945
letterboxed_short_frame_78 pair 190 [12, 10] combined 96 players 0 retained 0 seconds 0.007309518288820982
letterboxed_short_frame_78 pair 191 [12, 11] combined 128 players 24 retained 12 seconds 0.042005619034171104
letterboxed_short_frame_78 pair 195 [13, 0] combined 2048 players 160 retained 78 seconds 0.12727665482088923
letterboxed_short_frame_78 pair 197 [13, 2] combined 0 players 0 retained 0 seconds 0.03176116710528731
letterboxed_short_frame_78 pair 199 [13, 4] combined 0 players 0 retained 0 seconds 0.00928164878860116
letterboxed_short_frame_78 pair 206 [13, 11] combined 168 players 14 retained 7 seconds 0.04099780600517988
letterboxed_short_frame_78 pair 210 [14, 0] combined 2048 players 160 retained 78 seconds 0.12767676496878266
letterboxed_short_frame_78 pair 214 [14, 4] combined 0 players 0 retained 0 seconds 0.010543274227529764
letterboxed_short_frame_78 pair 221 [14, 11] combined 80 players 36 retained 18 seconds 0.04180809110403061
letterboxed_short_frame_78 pair 225 [15, 0] combined 0 players 0 retained 0 seconds 0.07929476909339428
letterboxed_short_frame_78 pair 229 [15, 4] combined 1400 players 140 retained 70 seconds 0.05334427300840616
letterboxed_short_frame_78 pair 232 [15, 7] combined 0 players 0 retained 0 seconds 0.0087813101708889
letterboxed_short_frame_78 pair 236 [15, 11] combined 0 players 0 retained 0 seconds 0.00553619721904397
[letterboxed_short_frame_78] generating G1
letterboxed_short_frame_78 pair 0 [0, 1] combined 288 players 0 retained 0 seconds 0.012141614686697721
letterboxed_short_frame_78 pair 1 [0, 2] combined 0 players 0 retained 0 seconds 0.007303336169570684
letterboxed_short_frame_78 pair 2 [0, 3] combined 0 players 0 retained 0 seconds 0.004836351610720158
letterboxed_short_frame_78 pair 3 [0, 4] combined 0 players 0 retained 0 seconds 0.00418442115187645
letterboxed_short_frame_78 pair 5 [0, 6] combined 0 players 0 retained 0 seconds 0.00434992928057909
letterboxed_short_frame_78 pair 8 [0, 9] combined 0 players 0 retained 0 seconds 0.004092670977115631
letterboxed_short_frame_78 pair 9 [0, 10] combined 0 players 0 retained 0 seconds 0.004031701944768429
letterboxed_short_frame_78 pair 11 [0, 12] combined 0 players 0 retained 0 seconds 0.003943319898098707
letterboxed_short_frame_78 pair 12 [0, 13] combined 0 players 0 retained 0 seconds 0.004241955000907183
letterboxed_short_frame_78 pair 13 [0, 14] combined 0 players 0 retained 0 seconds 0.003935414832085371
letterboxed_short_frame_78 pair 14 [0, 15] combined 0 players 0 retained 0 seconds 0.003300426062196493
letterboxed_short_frame_78 pair 15 [1, 0] combined 56 players 8 retained 4 seconds 0.04629948502406478
letterboxed_short_frame_78 pair 18 [1, 4] combined 0 players 0 retained 0 seconds 0.010128165129572153
letterboxed_short_frame_78 pair 19 [1, 5] combined 0 players 0 retained 0 seconds 0.01008914364501834
letterboxed_short_frame_78 pair 24 [1, 10] combined 0 players 0 retained 0 seconds 0.010080943815410137
letterboxed_short_frame_78 pair 25 [1, 11] combined 0 players 0 retained 0 seconds 0.010304559022188187
letterboxed_short_frame_78 pair 30 [2, 0] combined 40 players 0 retained 0 seconds 0.007668471895158291
letterboxed_short_frame_78 pair 32 [2, 3] combined 0 players 0 retained 0 seconds 0.0060219899751245975
letterboxed_short_frame_78 pair 34 [2, 5] combined 0 players 0 retained 0 seconds 0.005927978083491325
letterboxed_short_frame_78 pair 35 [2, 6] combined 0 players 0 retained 0 seconds 0.005908512044698
letterboxed_short_frame_78 pair 36 [2, 7] combined 0 players 0 retained 0 seconds 0.006003714632242918
letterboxed_short_frame_78 pair 38 [2, 9] combined 0 players 0 retained 0 seconds 0.005455933045595884
letterboxed_short_frame_78 pair 39 [2, 10] combined 0 players 0 retained 0 seconds 0.005434043705463409
letterboxed_short_frame_78 pair 40 [2, 11] combined 0 players 0 retained 0 seconds 0.006132802926003933
letterboxed_short_frame_78 pair 42 [2, 13] combined 0 players 0 retained 0 seconds 0.00594289181753993
letterboxed_short_frame_78 pair 45 [3, 0] combined 32 players 8 retained 4 seconds 0.03791580721735954
letterboxed_short_frame_78 pair 47 [3, 2] combined 0 players 0 retained 0 seconds 0.00557080889120698
letterboxed_short_frame_78 pair 55 [3, 11] combined 0 players 0 retained 0 seconds 0.0030365008860826492
letterboxed_short_frame_78 pair 60 [4, 0] combined 0 players 0 retained 0 seconds 0.003908601123839617
letterboxed_short_frame_78 pair 61 [4, 1] combined 0 players 0 retained 0 seconds 0.007845924235880375
letterboxed_short_frame_78 pair 67 [4, 8] combined 0 players 0 retained 0 seconds 0.0031331973150372505
letterboxed_short_frame_78 pair 70 [4, 11] combined 0 players 0 retained 0 seconds 0.0028453608974814415
letterboxed_short_frame_78 pair 71 [4, 12] combined 0 players 0 retained 0 seconds 0.002499240916222334
letterboxed_short_frame_78 pair 72 [4, 13] combined 0 players 0 retained 0 seconds 0.0024724388495087624
letterboxed_short_frame_78 pair 73 [4, 14] combined 0 players 0 retained 0 seconds 0.0020747240632772446
letterboxed_short_frame_78 pair 74 [4, 15] combined 0 players 0 retained 0 seconds 0.0025923941284418106
letterboxed_short_frame_78 pair 76 [5, 1] combined 0 players 0 retained 0 seconds 0.008920994121581316
letterboxed_short_frame_78 pair 77 [5, 2] combined 0 players 0 retained 0 seconds 0.005134986247867346
letterboxed_short_frame_78 pair 81 [5, 7] combined 0 players 0 retained 0 seconds 0.002108394168317318
letterboxed_short_frame_78 pair 82 [5, 8] combined 0 players 0 retained 0 seconds 0.0024355011992156506
letterboxed_short_frame_78 pair 83 [5, 9] combined 0 players 0 retained 0 seconds 0.0017360569909214973
letterboxed_short_frame_78 pair 90 [6, 0] combined 0 players 0 retained 0 seconds 0.0036673927679657936
letterboxed_short_frame_78 pair 92 [6, 2] combined 0 players 0 retained 0 seconds 0.005406854208558798
letterboxed_short_frame_78 pair 100 [6, 11] combined 0 players 0 retained 0 seconds 0.002689552027732134
letterboxed_short_frame_78 pair 107 [7, 2] combined 0 players 0 retained 0 seconds 0.005629354156553745
letterboxed_short_frame_78 pair 110 [7, 5] combined 0 players 0 retained 0 seconds 0.002195982728153467
letterboxed_short_frame_78 pair 114 [7, 10] combined 0 players 0 retained 0 seconds 0.0021528019569814205
letterboxed_short_frame_78 pair 116 [7, 12] combined 0 players 0 retained 0 seconds 0.00258807186037302
letterboxed_short_frame_78 pair 119 [7, 15] combined 0 players 0 retained 0 seconds 0.002380420919507742
letterboxed_short_frame_78 pair 124 [8, 4] combined 0 players 0 retained 0 seconds 0.0032271090894937515
letterboxed_short_frame_78 pair 125 [8, 5] combined 0 players 0 retained 0 seconds 0.002741130068898201
letterboxed_short_frame_78 pair 129 [8, 10] combined 0 players 0 retained 0 seconds 0.0027614645659923553
letterboxed_short_frame_78 pair 135 [9, 0] combined 0 players 0 retained 0 seconds 0.003157933708280325
letterboxed_short_frame_78 pair 137 [9, 2] combined 0 players 0 retained 0 seconds 0.0036849090829491615
letterboxed_short_frame_78 pair 140 [9, 5] combined 0 players 0 retained 0 seconds 0.0017732302658259869
letterboxed_short_frame_78 pair 145 [9, 11] combined 0 players 0 retained 0 seconds 0.0022338801063597202
letterboxed_short_frame_78 pair 146 [9, 12] combined 0 players 0 retained 0 seconds 0.0017868820577859879
letterboxed_short_frame_78 pair 150 [10, 0] combined 0 players 0 retained 0 seconds 0.003121290821582079
letterboxed_short_frame_78 pair 151 [10, 1] combined 0 players 0 retained 0 seconds 0.008106767665594816
letterboxed_short_frame_78 pair 152 [10, 2] combined 0 players 0 retained 0 seconds 0.004889979958534241
letterboxed_short_frame_78 pair 157 [10, 7] combined 0 players 0 retained 0 seconds 0.0023461729288101196
letterboxed_short_frame_78 pair 158 [10, 8] combined 0 players 0 retained 0 seconds 0.0025121942162513733
letterboxed_short_frame_78 pair 160 [10, 11] combined 0 players 0 retained 0 seconds 0.002045790199190378
letterboxed_short_frame_78 pair 161 [10, 12] combined 0 players 0 retained 0 seconds 0.0017092758789658546
letterboxed_short_frame_78 pair 166 [11, 1] combined 0 players 0 retained 0 seconds 0.008972164243459702
letterboxed_short_frame_78 pair 167 [11, 2] combined 0 players 0 retained 0 seconds 0.005362893920391798
letterboxed_short_frame_78 pair 168 [11, 3] combined 0 players 0 retained 0 seconds 0.0027021970599889755
letterboxed_short_frame_78 pair 169 [11, 4] combined 0 players 0 retained 0 seconds 0.002281258814036846
letterboxed_short_frame_78 pair 171 [11, 6] combined 0 players 0 retained 0 seconds 0.0025413157418370247
letterboxed_short_frame_78 pair 174 [11, 9] combined 0 players 0 retained 0 seconds 0.0021402263082563877
letterboxed_short_frame_78 pair 175 [11, 10] combined 0 players 0 retained 0 seconds 0.0020643342286348343
letterboxed_short_frame_78 pair 176 [11, 12] combined 0 players 0 retained 0 seconds 0.0019237138330936432
letterboxed_short_frame_78 pair 177 [11, 13] combined 0 players 0 retained 0 seconds 0.0024000070989131927
letterboxed_short_frame_78 pair 178 [11, 14] combined 0 players 0 retained 0 seconds 0.0022681490518152714
letterboxed_short_frame_78 pair 179 [11, 15] combined 0 players 0 retained 0 seconds 0.0022258274257183075
letterboxed_short_frame_78 pair 180 [12, 0] combined 0 players 0 retained 0 seconds 0.0034581469371914864
letterboxed_short_frame_78 pair 184 [12, 4] combined 0 players 0 retained 0 seconds 0.002339437138289213
letterboxed_short_frame_78 pair 187 [12, 7] combined 0 players 0 retained 0 seconds 0.0022131120786070824
letterboxed_short_frame_78 pair 189 [12, 9] combined 0 players 0 retained 0 seconds 0.0018747029826045036
letterboxed_short_frame_78 pair 190 [12, 10] combined 0 players 0 retained 0 seconds 0.0018243188969790936
letterboxed_short_frame_78 pair 191 [12, 11] combined 0 players 0 retained 0 seconds 0.0021407422609627247
letterboxed_short_frame_78 pair 195 [13, 0] combined 0 players 0 retained 0 seconds 0.0038386108353734016
letterboxed_short_frame_78 pair 197 [13, 2] combined 0 players 0 retained 0 seconds 0.00500661414116621
letterboxed_short_frame_78 pair 199 [13, 4] combined 0 players 0 retained 0 seconds 0.0023603723384439945
letterboxed_short_frame_78 pair 206 [13, 11] combined 0 players 0 retained 0 seconds 0.0024630380794405937
letterboxed_short_frame_78 pair 210 [14, 0] combined 0 players 0 retained 0 seconds 0.0036193043924868107
letterboxed_short_frame_78 pair 214 [14, 4] combined 0 players 0 retained 0 seconds 0.0021244194358587265
letterboxed_short_frame_78 pair 221 [14, 11] combined 0 players 0 retained 0 seconds 0.002249176148325205
letterboxed_short_frame_78 pair 225 [15, 0] combined 0 players 0 retained 0 seconds 0.0031113307923078537
letterboxed_short_frame_78 pair 229 [15, 4] combined 0 players 0 retained 0 seconds 0.002524931915104389
letterboxed_short_frame_78 pair 232 [15, 7] combined 0 players 0 retained 0 seconds 0.002262204885482788
letterboxed_short_frame_78 pair 236 [15, 11] combined 0 players 0 retained 0 seconds 0.0020741932094097137
[letterboxed_short_frame_78 +0s] loading view and candidate populations
[letterboxed_short_frame_78] line-template: preparing rectangles
[letterboxed_short_frame_78 +19s] measuring 520 parents (G0=256, G1=8, line_template=256; conflicting geometry groups=0)
[letterboxed_short_frame_78 +27s] parents 250/520
[letterboxed_short_frame_78 +35s] parents 500/520
[letterboxed_short_frame_78 +36s] refitting 520 parents
[letterboxed_short_frame_78 +49s] refits 250/520; valid children=250
[letterboxed_short_frame_78 +61s] refits 500/520; valid children=484
[letterboxed_short_frame_78 +61s] ranking sensitivity thresholds
[letterboxed_short_frame_78 +62s] saving evidence and arrays
[letterboxed_short_frame_78 +70s] saved
{"case_id": "letterboxed_short_frame_78", "direction_budget": 16, "run_wall_s": 97.84626532485709, "phases_s": {"prepare_view": 0.3531521409749985, "populations": 23.515486621763557, "w5_record": 70.30969538306817, "net_choice": 1.5776274600066245, "stripe_polarity_refit": 1.2128596510738134}, "bounded": "G0:0:21/child"}
