[sset_21_gloiZ_gTJaE_frame_00038228] generating G0
sset_21_gloiZ_gTJaE_frame_00038228 pair 8 [0, 9] combined 348 players 60 retained 30 seconds 0.03796382434666157
sset_21_gloiZ_gTJaE_frame_00038228 pair 12 [0, 13] combined 48 players 0 retained 0 seconds 0.00437750993296504
sset_21_gloiZ_gTJaE_frame_00038228 pair 13 [0, 14] combined 0 players 0 retained 0 seconds 0.0059993029572069645
sset_21_gloiZ_gTJaE_frame_00038228 pair 27 [1, 13] combined 64 players 8 retained 4 seconds 0.02958928793668747
sset_21_gloiZ_gTJaE_frame_00038228 pair 28 [1, 14] combined 6840 players 30 retained 15 seconds 0.05349774286150932
sset_21_gloiZ_gTJaE_frame_00038228 pair 39 [2, 10] combined 200 players 50 retained 25 seconds 0.03298245323821902
sset_21_gloiZ_gTJaE_frame_00038228 pair 40 [2, 11] combined 32 players 0 retained 0 seconds 0.003976431675255299
sset_21_gloiZ_gTJaE_frame_00038228 pair 42 [2, 13] combined 0 players 0 retained 0 seconds 0.0034876251593232155
sset_21_gloiZ_gTJaE_frame_00038228 pair 53 [3, 9] combined 120 players 4 retained 2 seconds 0.030656893271952868
sset_21_gloiZ_gTJaE_frame_00038228 pair 57 [3, 13] combined 0 players 0 retained 0 seconds 0.0036923629231750965
sset_21_gloiZ_gTJaE_frame_00038228 pair 58 [3, 14] combined 0 players 0 retained 0 seconds 0.005004252772778273
sset_21_gloiZ_gTJaE_frame_00038228 pair 70 [4, 11] combined 0 players 0 retained 0 seconds 0.003469778224825859
sset_21_gloiZ_gTJaE_frame_00038228 pair 71 [4, 12] combined 0 players 0 retained 0 seconds 0.0036927377805113792
sset_21_gloiZ_gTJaE_frame_00038228 pair 73 [4, 14] combined 200 players 92 retained 46 seconds 0.03753759199753404
sset_21_gloiZ_gTJaE_frame_00038228 pair 83 [5, 9] combined 0 players 0 retained 0 seconds 0.005014636088162661
sset_21_gloiZ_gTJaE_frame_00038228 pair 87 [5, 13] combined 0 players 0 retained 0 seconds 0.0036990423686802387
sset_21_gloiZ_gTJaE_frame_00038228 pair 88 [5, 14] combined 0 players 0 retained 0 seconds 0.004622029140591621
sset_21_gloiZ_gTJaE_frame_00038228 pair 98 [6, 9] combined 0 players 0 retained 0 seconds 0.004206976853311062
sset_21_gloiZ_gTJaE_frame_00038228 pair 99 [6, 10] combined 0 players 0 retained 0 seconds 0.00422853184863925
sset_21_gloiZ_gTJaE_frame_00038228 pair 100 [6, 11] combined 16 players 6 retained 3 seconds 0.029375923331826925
sset_21_gloiZ_gTJaE_frame_00038228 pair 102 [6, 13] combined 0 players 0 retained 0 seconds 0.0035016140900552273
sset_21_gloiZ_gTJaE_frame_00038228 pair 117 [7, 13] combined 0 players 0 retained 0 seconds 0.003836351912468672
sset_21_gloiZ_gTJaE_frame_00038228 pair 118 [7, 14] combined 0 players 0 retained 0 seconds 0.006050350144505501
sset_21_gloiZ_gTJaE_frame_00038228 pair 128 [8, 9] combined 136 players 0 retained 0 seconds 0.0055223312228918076
sset_21_gloiZ_gTJaE_frame_00038228 pair 132 [8, 13] combined 0 players 0 retained 0 seconds 0.0033372333273291588
sset_21_gloiZ_gTJaE_frame_00038228 pair 133 [8, 14] combined 0 players 0 retained 0 seconds 0.005484814755618572
sset_21_gloiZ_gTJaE_frame_00038228 pair 135 [9, 0] combined 0 players 0 retained 0 seconds 0.008707837667316198
sset_21_gloiZ_gTJaE_frame_00038228 pair 138 [9, 3] combined 0 players 0 retained 0 seconds 0.005228486843407154
sset_21_gloiZ_gTJaE_frame_00038228 pair 140 [9, 5] combined 0 players 0 retained 0 seconds 0.004357640631496906
sset_21_gloiZ_gTJaE_frame_00038228 pair 141 [9, 6] combined 0 players 0 retained 0 seconds 0.004362971056252718
sset_21_gloiZ_gTJaE_frame_00038228 pair 143 [9, 8] combined 272 players 0 retained 0 seconds 0.006449191365391016
sset_21_gloiZ_gTJaE_frame_00038228 pair 145 [9, 11] combined 4 players 0 retained 0 seconds 0.003824334591627121
sset_21_gloiZ_gTJaE_frame_00038228 pair 146 [9, 12] combined 0 players 0 retained 0 seconds 0.003413107246160507
sset_21_gloiZ_gTJaE_frame_00038228 pair 148 [9, 14] combined 0 players 0 retained 0 seconds 0.005975209642201662
sset_21_gloiZ_gTJaE_frame_00038228 pair 152 [10, 2] combined 164 players 6 retained 3 seconds 0.0316697359085083
sset_21_gloiZ_gTJaE_frame_00038228 pair 156 [10, 6] combined 116 players 4 retained 2 seconds 0.03123129764571786
sset_21_gloiZ_gTJaE_frame_00038228 pair 161 [10, 12] combined 8 players 0 retained 0 seconds 0.0040010130032896996
sset_21_gloiZ_gTJaE_frame_00038228 pair 167 [11, 2] combined 76 players 0 retained 0 seconds 0.00505972420796752
sset_21_gloiZ_gTJaE_frame_00038228 pair 169 [11, 4] combined 36 players 0 retained 0 seconds 0.004503855016082525
sset_21_gloiZ_gTJaE_frame_00038228 pair 171 [11, 6] combined 0 players 0 retained 0 seconds 0.00408231932669878
sset_21_gloiZ_gTJaE_frame_00038228 pair 174 [11, 9] combined 0 players 0 retained 0 seconds 0.003964825998991728
sset_21_gloiZ_gTJaE_frame_00038228 pair 177 [11, 13] combined 0 players 0 retained 0 seconds 0.002996089868247509
sset_21_gloiZ_gTJaE_frame_00038228 pair 178 [11, 14] combined 68 players 34 retained 17 seconds 0.03204924799501896
sset_21_gloiZ_gTJaE_frame_00038228 pair 184 [12, 4] combined 0 players 0 retained 0 seconds 0.0052786641754209995
sset_21_gloiZ_gTJaE_frame_00038228 pair 189 [12, 9] combined 0 players 0 retained 0 seconds 0.005294016096740961
sset_21_gloiZ_gTJaE_frame_00038228 pair 190 [12, 10] combined 0 players 0 retained 0 seconds 0.00420919107273221
sset_21_gloiZ_gTJaE_frame_00038228 pair 192 [12, 13] combined 0 players 0 retained 0 seconds 0.003148152958601713
sset_21_gloiZ_gTJaE_frame_00038228 pair 193 [12, 14] combined 60 players 30 retained 15 seconds 0.032010195311158895
sset_21_gloiZ_gTJaE_frame_00038228 pair 194 [12, 15] combined 0 players 0 retained 0 seconds 0.004300433211028576
sset_21_gloiZ_gTJaE_frame_00038228 pair 195 [13, 0] combined 200 players 0 retained 0 seconds 0.005524519830942154
sset_21_gloiZ_gTJaE_frame_00038228 pair 196 [13, 1] combined 168 players 0 retained 0 seconds 0.0056048110127449036
sset_21_gloiZ_gTJaE_frame_00038228 pair 197 [13, 2] combined 0 players 0 retained 0 seconds 0.004885280039161444
sset_21_gloiZ_gTJaE_frame_00038228 pair 198 [13, 3] combined 0 players 0 retained 0 seconds 0.0035564308054745197
sset_21_gloiZ_gTJaE_frame_00038228 pair 200 [13, 5] combined 0 players 0 retained 0 seconds 0.0036036050878465176
sset_21_gloiZ_gTJaE_frame_00038228 pair 201 [13, 6] combined 0 players 0 retained 0 seconds 0.004022859036922455
sset_21_gloiZ_gTJaE_frame_00038228 pair 202 [13, 7] combined 0 players 0 retained 0 seconds 0.0042634992860257626
sset_21_gloiZ_gTJaE_frame_00038228 pair 203 [13, 8] combined 120 players 0 retained 0 seconds 0.003935833927243948
sset_21_gloiZ_gTJaE_frame_00038228 pair 206 [13, 11] combined 0 players 0 retained 0 seconds 0.0031063398346304893
sset_21_gloiZ_gTJaE_frame_00038228 pair 207 [13, 12] combined 0 players 0 retained 0 seconds 0.0031480430625379086
sset_21_gloiZ_gTJaE_frame_00038228 pair 210 [14, 0] combined 0 players 0 retained 0 seconds 0.004388171248137951
sset_21_gloiZ_gTJaE_frame_00038228 pair 211 [14, 1] combined 0 players 0 retained 0 seconds 0.005581045988947153
sset_21_gloiZ_gTJaE_frame_00038228 pair 213 [14, 3] combined 0 players 0 retained 0 seconds 0.003950241953134537
sset_21_gloiZ_gTJaE_frame_00038228 pair 214 [14, 4] combined 0 players 0 retained 0 seconds 0.005099941976368427
sset_21_gloiZ_gTJaE_frame_00038228 pair 215 [14, 5] combined 0 players 0 retained 0 seconds 0.003422571811825037
sset_21_gloiZ_gTJaE_frame_00038228 pair 217 [14, 7] combined 0 players 0 retained 0 seconds 0.0035565681755542755
sset_21_gloiZ_gTJaE_frame_00038228 pair 218 [14, 8] combined 0 players 0 retained 0 seconds 0.0033973311074078083
sset_21_gloiZ_gTJaE_frame_00038228 pair 219 [14, 9] combined 0 players 0 retained 0 seconds 0.004191369283944368
sset_21_gloiZ_gTJaE_frame_00038228 pair 221 [14, 11] combined 0 players 0 retained 0 seconds 0.0041985101997852325
sset_21_gloiZ_gTJaE_frame_00038228 pair 222 [14, 12] combined 0 players 0 retained 0 seconds 0.0036250511184334755
sset_21_gloiZ_gTJaE_frame_00038228 pair 224 [14, 15] combined 0 players 0 retained 0 seconds 0.0037464783526957035
sset_21_gloiZ_gTJaE_frame_00038228 pair 237 [15, 12] combined 0 players 0 retained 0 seconds 0.0034306379966437817
sset_21_gloiZ_gTJaE_frame_00038228 pair 239 [15, 14] combined 0 players 0 retained 0 seconds 0.006472747307270765
[sset_21_gloiZ_gTJaE_frame_00038228] generating G1
sset_21_gloiZ_gTJaE_frame_00038228 pair 8 [0, 9] combined 0 players 0 retained 0 seconds 0.0025473670102655888
sset_21_gloiZ_gTJaE_frame_00038228 pair 12 [0, 13] combined 0 players 0 retained 0 seconds 0.002251827158033848
sset_21_gloiZ_gTJaE_frame_00038228 pair 13 [0, 14] combined 0 players 0 retained 0 seconds 0.003975787665694952
sset_21_gloiZ_gTJaE_frame_00038228 pair 27 [1, 13] combined 0 players 0 retained 0 seconds 0.002185502089560032
sset_21_gloiZ_gTJaE_frame_00038228 pair 28 [1, 14] combined 0 players 0 retained 0 seconds 0.00345854414626956
sset_21_gloiZ_gTJaE_frame_00038228 pair 39 [2, 10] combined 0 players 0 retained 0 seconds 0.0021092197857797146
sset_21_gloiZ_gTJaE_frame_00038228 pair 40 [2, 11] combined 0 players 0 retained 0 seconds 0.0018712538294494152
sset_21_gloiZ_gTJaE_frame_00038228 pair 42 [2, 13] combined 0 players 0 retained 0 seconds 0.002210371196269989
sset_21_gloiZ_gTJaE_frame_00038228 pair 53 [3, 9] combined 0 players 0 retained 0 seconds 0.0026386179961264133
sset_21_gloiZ_gTJaE_frame_00038228 pair 57 [3, 13] combined 0 players 0 retained 0 seconds 0.0019800602458417416
sset_21_gloiZ_gTJaE_frame_00038228 pair 58 [3, 14] combined 0 players 0 retained 0 seconds 0.002756852190941572
sset_21_gloiZ_gTJaE_frame_00038228 pair 70 [4, 11] combined 0 players 0 retained 0 seconds 0.0019365930929780006
sset_21_gloiZ_gTJaE_frame_00038228 pair 71 [4, 12] combined 0 players 0 retained 0 seconds 0.001746205147355795
sset_21_gloiZ_gTJaE_frame_00038228 pair 73 [4, 14] combined 0 players 0 retained 0 seconds 0.0032912781462073326
sset_21_gloiZ_gTJaE_frame_00038228 pair 83 [5, 9] combined 0 players 0 retained 0 seconds 0.0026353560388088226
sset_21_gloiZ_gTJaE_frame_00038228 pair 87 [5, 13] combined 0 players 0 retained 0 seconds 0.002202250063419342
sset_21_gloiZ_gTJaE_frame_00038228 pair 88 [5, 14] combined 0 players 0 retained 0 seconds 0.002602724824100733
sset_21_gloiZ_gTJaE_frame_00038228 pair 98 [6, 9] combined 0 players 0 retained 0 seconds 0.002231540624052286
sset_21_gloiZ_gTJaE_frame_00038228 pair 99 [6, 10] combined 0 players 0 retained 0 seconds 0.001827492844313383
sset_21_gloiZ_gTJaE_frame_00038228 pair 100 [6, 11] combined 0 players 0 retained 0 seconds 0.0019198721274733543
sset_21_gloiZ_gTJaE_frame_00038228 pair 102 [6, 13] combined 0 players 0 retained 0 seconds 0.0018341951072216034
sset_21_gloiZ_gTJaE_frame_00038228 pair 117 [7, 13] combined 0 players 0 retained 0 seconds 0.0022020237520337105
sset_21_gloiZ_gTJaE_frame_00038228 pair 118 [7, 14] combined 0 players 0 retained 0 seconds 0.003212680108845234
sset_21_gloiZ_gTJaE_frame_00038228 pair 128 [8, 9] combined 0 players 0 retained 0 seconds 0.0023883404210209846
sset_21_gloiZ_gTJaE_frame_00038228 pair 132 [8, 13] combined 0 players 0 retained 0 seconds 0.0020066858269274235
sset_21_gloiZ_gTJaE_frame_00038228 pair 133 [8, 14] combined 0 players 0 retained 0 seconds 0.003732629120349884
sset_21_gloiZ_gTJaE_frame_00038228 pair 135 [9, 0] combined 0 players 0 retained 0 seconds 0.0021800841204822063
sset_21_gloiZ_gTJaE_frame_00038228 pair 138 [9, 3] combined 0 players 0 retained 0 seconds 0.001954402308911085
sset_21_gloiZ_gTJaE_frame_00038228 pair 140 [9, 5] combined 0 players 0 retained 0 seconds 0.0026025651022791862
sset_21_gloiZ_gTJaE_frame_00038228 pair 141 [9, 6] combined 0 players 0 retained 0 seconds 0.002267632633447647
sset_21_gloiZ_gTJaE_frame_00038228 pair 143 [9, 8] combined 0 players 0 retained 0 seconds 0.0025481414049863815
sset_21_gloiZ_gTJaE_frame_00038228 pair 145 [9, 11] combined 0 players 0 retained 0 seconds 0.0019129491411149502
sset_21_gloiZ_gTJaE_frame_00038228 pair 146 [9, 12] combined 0 players 0 retained 0 seconds 0.0018002986907958984
sset_21_gloiZ_gTJaE_frame_00038228 pair 148 [9, 14] combined 0 players 0 retained 0 seconds 0.003377203829586506
sset_21_gloiZ_gTJaE_frame_00038228 pair 152 [10, 2] combined 0 players 0 retained 0 seconds 0.002068132162094116
sset_21_gloiZ_gTJaE_frame_00038228 pair 156 [10, 6] combined 0 players 0 retained 0 seconds 0.0021302001550793648
sset_21_gloiZ_gTJaE_frame_00038228 pair 161 [10, 12] combined 0 players 0 retained 0 seconds 0.002029011957347393
sset_21_gloiZ_gTJaE_frame_00038228 pair 167 [11, 2] combined 0 players 0 retained 0 seconds 0.0022888300009071827
sset_21_gloiZ_gTJaE_frame_00038228 pair 169 [11, 4] combined 0 players 0 retained 0 seconds 0.0018261056393384933
sset_21_gloiZ_gTJaE_frame_00038228 pair 171 [11, 6] combined 0 players 0 retained 0 seconds 0.0020493799820542336
sset_21_gloiZ_gTJaE_frame_00038228 pair 174 [11, 9] combined 0 players 0 retained 0 seconds 0.0020712590776383877
sset_21_gloiZ_gTJaE_frame_00038228 pair 177 [11, 13] combined 0 players 0 retained 0 seconds 0.0017497716471552849
sset_21_gloiZ_gTJaE_frame_00038228 pair 178 [11, 14] combined 0 players 0 retained 0 seconds 0.003135769162327051
sset_21_gloiZ_gTJaE_frame_00038228 pair 184 [12, 4] combined 0 players 0 retained 0 seconds 0.0018520159646868706
sset_21_gloiZ_gTJaE_frame_00038228 pair 189 [12, 9] combined 0 players 0 retained 0 seconds 0.002556208986788988
sset_21_gloiZ_gTJaE_frame_00038228 pair 190 [12, 10] combined 0 players 0 retained 0 seconds 0.0018772808834910393
sset_21_gloiZ_gTJaE_frame_00038228 pair 192 [12, 13] combined 0 players 0 retained 0 seconds 0.0018970351666212082
sset_21_gloiZ_gTJaE_frame_00038228 pair 193 [12, 14] combined 0 players 0 retained 0 seconds 0.0031049512326717377
sset_21_gloiZ_gTJaE_frame_00038228 pair 194 [12, 15] combined 0 players 0 retained 0 seconds 0.0018228539265692234
sset_21_gloiZ_gTJaE_frame_00038228 pair 195 [13, 0] combined 0 players 0 retained 0 seconds 0.002258933149278164
sset_21_gloiZ_gTJaE_frame_00038228 pair 196 [13, 1] combined 0 players 0 retained 0 seconds 0.001890706829726696
sset_21_gloiZ_gTJaE_frame_00038228 pair 197 [13, 2] combined 0 players 0 retained 0 seconds 0.0021318700164556503
sset_21_gloiZ_gTJaE_frame_00038228 pair 198 [13, 3] combined 0 players 0 retained 0 seconds 0.00184614397585392
sset_21_gloiZ_gTJaE_frame_00038228 pair 200 [13, 5] combined 0 players 0 retained 0 seconds 0.0022671720944344997
sset_21_gloiZ_gTJaE_frame_00038228 pair 201 [13, 6] combined 0 players 0 retained 0 seconds 0.002135996241122484
sset_21_gloiZ_gTJaE_frame_00038228 pair 202 [13, 7] combined 0 players 0 retained 0 seconds 0.001808488741517067
sset_21_gloiZ_gTJaE_frame_00038228 pair 203 [13, 8] combined 0 players 0 retained 0 seconds 0.0022860406897962093
sset_21_gloiZ_gTJaE_frame_00038228 pair 206 [13, 11] combined 0 players 0 retained 0 seconds 0.0019071931019425392
sset_21_gloiZ_gTJaE_frame_00038228 pair 207 [13, 12] combined 0 players 0 retained 0 seconds 0.0018975972197949886
sset_21_gloiZ_gTJaE_frame_00038228 pair 210 [14, 0] combined 0 players 0 retained 0 seconds 0.002507220022380352
sset_21_gloiZ_gTJaE_frame_00038228 pair 211 [14, 1] combined 0 players 0 retained 0 seconds 0.002145892009139061
sset_21_gloiZ_gTJaE_frame_00038228 pair 213 [14, 3] combined 0 players 0 retained 0 seconds 0.0026005608960986137
sset_21_gloiZ_gTJaE_frame_00038228 pair 214 [14, 4] combined 0 players 0 retained 0 seconds 0.0024369778111577034
sset_21_gloiZ_gTJaE_frame_00038228 pair 215 [14, 5] combined 0 players 0 retained 0 seconds 0.002312832046300173
sset_21_gloiZ_gTJaE_frame_00038228 pair 217 [14, 7] combined 0 players 0 retained 0 seconds 0.0021723518148064613
sset_21_gloiZ_gTJaE_frame_00038228 pair 218 [14, 8] combined 0 players 0 retained 0 seconds 0.002485227771103382
sset_21_gloiZ_gTJaE_frame_00038228 pair 219 [14, 9] combined 0 players 0 retained 0 seconds 0.0028018206357955933
sset_21_gloiZ_gTJaE_frame_00038228 pair 221 [14, 11] combined 0 players 0 retained 0 seconds 0.0022414098493754864
sset_21_gloiZ_gTJaE_frame_00038228 pair 222 [14, 12] combined 0 players 0 retained 0 seconds 0.0020949728786945343
sset_21_gloiZ_gTJaE_frame_00038228 pair 224 [14, 15] combined 0 players 0 retained 0 seconds 0.002210476901382208
sset_21_gloiZ_gTJaE_frame_00038228 pair 237 [15, 12] combined 0 players 0 retained 0 seconds 0.0020713447593152523
sset_21_gloiZ_gTJaE_frame_00038228 pair 239 [15, 14] combined 0 players 0 retained 0 seconds 0.003862992860376835
[sset_21_gloiZ_gTJaE_frame_00038228 +0s] loading view and candidate populations
[sset_21_gloiZ_gTJaE_frame_00038228] line-template: preparing rectangles
[sset_21_gloiZ_gTJaE_frame_00038228 +9s] measuring 418 parents (G0=162, G1=0, line_template=256; conflicting geometry groups=0)
[sset_21_gloiZ_gTJaE_frame_00038228 +14s] parents 250/418
[sset_21_gloiZ_gTJaE_frame_00038228 +18s] refitting 418 parents
[sset_21_gloiZ_gTJaE_frame_00038228 +27s] refits 250/418; valid children=87
[sset_21_gloiZ_gTJaE_frame_00038228 +33s] ranking sensitivity thresholds
[sset_21_gloiZ_gTJaE_frame_00038228 +34s] saving evidence and arrays
[sset_21_gloiZ_gTJaE_frame_00038228 +37s] saved
{"case_id": "sset_21_gloiZ_gTJaE_frame_00038228", "direction_budget": 16, "run_wall_s": 41.6299785845913, "phases_s": {"prepare_view": 0.1860772641375661, "populations": 3.748869170434773, "w5_record": 36.55091899400577, "net_choice": 0.22144187381491065, "stripe_polarity_refit": 5.350448191165924e-07}, "bounded": null}
