[shuttleset_03_scene_0032] generating G0
shuttleset_03_scene_0032 pair 0 [0, 1] combined 262144 players 75364 retained 256 seconds 5.144981404300779
shuttleset_03_scene_0032 pair 1 [0, 2] combined 262144 players 72862 retained 256 seconds 4.6678409348241985
shuttleset_03_scene_0032 pair 2 [0, 3] combined 250880 players 68812 retained 256 seconds 4.66622217791155
shuttleset_03_scene_0032 pair 5 [0, 6] combined 262144 players 51006 retained 256 seconds 4.17557266401127
shuttleset_03_scene_0032 pair 7 [0, 8] combined 159744 players 17776 retained 256 seconds 2.5588136557489634
shuttleset_03_scene_0032 pair 12 [0, 13] combined 228352 players 37296 retained 256 seconds 3.46104343701154
shuttleset_03_scene_0032 pair 14 [0, 15] combined 55296 players 3524 retained 256 seconds 1.7955086440779269
shuttleset_03_scene_0032 pair 15 [1, 0] combined 262144 players 81802 retained 256 seconds 4.928074789233506
shuttleset_03_scene_0032 pair 16 [1, 2] combined 262144 players 11142 retained 256 seconds 1.7735568317584693
shuttleset_03_scene_0032 pair 18 [1, 4] combined 262144 players 72540 retained 256 seconds 3.887633136007935
shuttleset_03_scene_0032 pair 19 [1, 5] combined 262144 players 73378 retained 256 seconds 3.8279959680512547
shuttleset_03_scene_0032 pair 21 [1, 7] combined 262144 players 31490 retained 256 seconds 2.2961768228560686
shuttleset_03_scene_0032 pair 22 [1, 8] combined 224256 players 42866 retained 256 seconds 2.661247991025448
shuttleset_03_scene_0032 pair 23 [1, 9] combined 37888 players 11672 retained 256 seconds 0.9433259866200387
shuttleset_03_scene_0032 pair 24 [1, 10] combined 134144 players 17926 retained 256 seconds 1.4961192309856415
shuttleset_03_scene_0032 pair 26 [1, 12] combined 114688 players 7154 retained 256 seconds 1.0151960728690028
shuttleset_03_scene_0032 pair 30 [2, 0] combined 262144 players 71608 retained 256 seconds 4.326027038041502
shuttleset_03_scene_0032 pair 31 [2, 1] combined 262144 players 1370 retained 256 seconds 1.2596907299011946
shuttleset_03_scene_0032 pair 32 [2, 3] combined 262144 players 1388 retained 256 seconds 1.05406522937119
shuttleset_03_scene_0032 pair 40 [2, 11] combined 28672 players 11360 retained 256 seconds 0.7600583941675723
shuttleset_03_scene_0032 pair 43 [2, 14] combined 178176 players 4612 retained 256 seconds 0.8877680310979486
shuttleset_03_scene_0032 pair 44 [2, 15] combined 60416 players 1116 retained 256 seconds 0.411901964340359
shuttleset_03_scene_0032 pair 45 [3, 0] combined 262144 players 75344 retained 256 seconds 4.365334985777736
shuttleset_03_scene_0032 pair 47 [3, 2] combined 262144 players 5982 retained 256 seconds 1.2036291491240263
shuttleset_03_scene_0032 pair 48 [3, 4] combined 262144 players 65134 retained 256 seconds 3.2191958646290004
shuttleset_03_scene_0032 pair 49 [3, 5] combined 262144 players 68770 retained 256 seconds 3.367145943455398
shuttleset_03_scene_0032 pair 50 [3, 6] combined 262144 players 6848 retained 256 seconds 1.249994923826307
shuttleset_03_scene_0032 pair 51 [3, 7] combined 256000 players 5970 retained 256 seconds 1.2077486971393228
shuttleset_03_scene_0032 pair 52 [3, 8] combined 195584 players 4850 retained 256 seconds 0.9079776559956372
shuttleset_03_scene_0032 pair 53 [3, 9] combined 26624 players 386 retained 189 seconds 0.24183089891448617
shuttleset_03_scene_0032 pair 54 [3, 10] combined 55296 players 4728 retained 256 seconds 0.4972812868654728
shuttleset_03_scene_0032 pair 56 [3, 12] combined 108544 players 2800 retained 256 seconds 0.5689518419094384
shuttleset_03_scene_0032 pair 61 [4, 1] combined 262144 players 53976 retained 256 seconds 3.4092884860001504
shuttleset_03_scene_0032 pair 63 [4, 3] combined 220160 players 39070 retained 256 seconds 2.450232625938952
shuttleset_03_scene_0032 pair 64 [4, 5] combined 262144 players 6178 retained 256 seconds 1.5026305159553885
shuttleset_03_scene_0032 pair 65 [4, 6] combined 262144 players 37378 retained 256 seconds 2.64751205034554
shuttleset_03_scene_0032 pair 67 [4, 8] combined 162816 players 2658 retained 256 seconds 0.946652271784842
shuttleset_03_scene_0032 pair 72 [4, 13] combined 254976 players 19730 retained 256 seconds 1.7634090390056372
shuttleset_03_scene_0032 pair 74 [4, 15] combined 58368 players 3928 retained 256 seconds 0.8307634675875306
shuttleset_03_scene_0032 pair 76 [5, 1] combined 262144 players 89120 retained 256 seconds 4.431110243778676
shuttleset_03_scene_0032 pair 78 [5, 3] combined 248832 players 76072 retained 256 seconds 3.689487021882087
shuttleset_03_scene_0032 pair 79 [5, 4] combined 262144 players 5760 retained 256 seconds 1.4021459817886353
shuttleset_03_scene_0032 pair 80 [5, 6] combined 262144 players 57664 retained 256 seconds 3.2168666650541127
shuttleset_03_scene_0032 pair 81 [5, 7] combined 198656 players 56110 retained 256 seconds 2.7458007899113
shuttleset_03_scene_0032 pair 83 [5, 9] combined 23552 players 1122 retained 256 seconds 0.32492238003760576
shuttleset_03_scene_0032 pair 84 [5, 10] combined 177152 players 3464 retained 256 seconds 0.8537688828073442
shuttleset_03_scene_0032 pair 85 [5, 11] combined 96256 players 1108 retained 256 seconds 0.5678568040020764
shuttleset_03_scene_0032 pair 86 [5, 12] combined 76800 players 18926 retained 256 seconds 1.1073966189287603
shuttleset_03_scene_0032 pair 88 [5, 14] combined 145408 players 44166 retained 256 seconds 2.192137983161956
shuttleset_03_scene_0032 pair 90 [6, 0] combined 262144 players 57838 retained 256 seconds 4.088910099118948
shuttleset_03_scene_0032 pair 93 [6, 3] combined 262144 players 10184 retained 256 seconds 1.4472402660176158
shuttleset_03_scene_0032 pair 94 [6, 4] combined 262144 players 51330 retained 256 seconds 3.0251518678851426
shuttleset_03_scene_0032 pair 95 [6, 5] combined 262144 players 51128 retained 256 seconds 3.02995537687093
shuttleset_03_scene_0032 pair 98 [6, 9] combined 31744 players 8328 retained 256 seconds 0.6505001010373235
shuttleset_03_scene_0032 pair 100 [6, 11] combined 40960 players 9368 retained 256 seconds 0.735345259308815
shuttleset_03_scene_0032 pair 102 [6, 13] combined 262144 players 64542 retained 256 seconds 3.3697417909279466
shuttleset_03_scene_0032 pair 103 [6, 14] combined 219136 players 13908 retained 256 seconds 1.4331892123445868
shuttleset_03_scene_0032 pair 104 [6, 15] combined 60416 players 3120 retained 256 seconds 0.5681568062864244
shuttleset_03_scene_0032 pair 106 [7, 1] combined 262144 players 8636 retained 256 seconds 1.4207036676816642
shuttleset_03_scene_0032 pair 108 [7, 3] combined 257024 players 1582 retained 256 seconds 0.9874447006732225
shuttleset_03_scene_0032 pair 110 [7, 5] combined 262144 players 66740 retained 256 seconds 3.418478803243488
shuttleset_03_scene_0032 pair 117 [7, 13] combined 262144 players 13866 retained 256 seconds 1.4223482948727906
shuttleset_03_scene_0032 pair 118 [7, 14] combined 259072 players 4038 retained 256 seconds 1.0897992942482233
shuttleset_03_scene_0032 pair 119 [7, 15] combined 54272 players 186 retained 93 seconds 0.2904049176722765
shuttleset_03_scene_0032 pair 120 [8, 0] combined 187392 players 5492 retained 256 seconds 1.7456503808498383
shuttleset_03_scene_0032 pair 121 [8, 1] combined 247808 players 28342 retained 256 seconds 2.1374885961413383
shuttleset_03_scene_0032 pair 123 [8, 3] combined 237568 players 8498 retained 256 seconds 1.1618502819910645
shuttleset_03_scene_0032 pair 124 [8, 4] combined 193536 players 4364 retained 256 seconds 1.1357052931562066
shuttleset_03_scene_0032 pair 130 [8, 11] combined 12288 players 88 retained 44 seconds 0.13861186988651752
shuttleset_03_scene_0032 pair 133 [8, 14] combined 134160 players 28272 retained 256 seconds 1.5190539280883968
shuttleset_03_scene_0032 pair 136 [9, 1] combined 20480 players 2826 retained 256 seconds 0.4574588732793927
shuttleset_03_scene_0032 pair 138 [9, 3] combined 21504 players 306 retained 154 seconds 0.18185558822005987
shuttleset_03_scene_0032 pair 140 [9, 5] combined 12288 players 948 retained 256 seconds 0.24222851637750864
shuttleset_03_scene_0032 pair 141 [9, 6] combined 27648 players 1068 retained 256 seconds 0.31073128525167704
shuttleset_03_scene_0032 pair 147 [9, 13] combined 11376 players 358 retained 180 seconds 0.130665916018188
shuttleset_03_scene_0032 pair 151 [10, 1] combined 175104 players 30648 retained 256 seconds 1.9625542457215488
shuttleset_03_scene_0032 pair 153 [10, 3] combined 49152 players 2856 retained 256 seconds 0.37493798788636923
shuttleset_03_scene_0032 pair 155 [10, 5] combined 49152 players 1352 retained 256 seconds 0.38599622435867786
shuttleset_03_scene_0032 pair 162 [10, 13] combined 94208 players 2876 retained 256 seconds 0.47164502227678895
shuttleset_03_scene_0032 pair 163 [10, 14] combined 173056 players 14287 retained 256 seconds 1.3070121640339494
shuttleset_03_scene_0032 pair 164 [10, 15] combined 12240 players 578 retained 256 seconds 0.14926550723612309
shuttleset_03_scene_0032 pair 167 [11, 2] combined 61440 players 15910 retained 256 seconds 0.9204808021895587
shuttleset_03_scene_0032 pair 170 [11, 5] combined 31744 players 20 retained 11 seconds 0.2584141376428306
shuttleset_03_scene_0032 pair 171 [11, 6] combined 75776 players 23098 retained 256 seconds 1.2629462941549718
shuttleset_03_scene_0032 pair 173 [11, 8] combined 18432 players 670 retained 256 seconds 0.20402188319712877
shuttleset_03_scene_0032 pair 177 [11, 13] combined 58368 players 0 retained 0 seconds 0.24540172470733523
shuttleset_03_scene_0032 pair 179 [11, 15] combined 18700 players 1230 retained 256 seconds 0.20318964682519436
shuttleset_03_scene_0032 pair 181 [12, 1] combined 97280 players 2904 retained 256 seconds 0.6944133872166276
shuttleset_03_scene_0032 pair 183 [12, 3] combined 135168 players 2276 retained 256 seconds 0.6299626510590315
shuttleset_03_scene_0032 pair 185 [12, 5] combined 108544 players 26034 retained 256 seconds 1.490193011239171
shuttleset_03_scene_0032 pair 193 [12, 14] combined 60736 players 736 retained 256 seconds 0.3444744679145515
shuttleset_03_scene_0032 pair 194 [12, 15] combined 24408 players 616 retained 256 seconds 0.19148921594023705
shuttleset_03_scene_0032 pair 195 [13, 0] combined 262144 players 39534 retained 256 seconds 3.5358340623788536
shuttleset_03_scene_0032 pair 199 [13, 4] combined 262144 players 31866 retained 256 seconds 2.2436895216815174
shuttleset_03_scene_0032 pair 201 [13, 6] combined 262144 players 43296 retained 256 seconds 2.550639433786273
shuttleset_03_scene_0032 pair 202 [13, 7] combined 262144 players 4506 retained 256 seconds 1.1072687786072493
shuttleset_03_scene_0032 pair 204 [13, 9] combined 21504 players 326 retained 163 seconds 0.17169173108413815
shuttleset_03_scene_0032 pair 205 [13, 10] combined 77824 players 2876 retained 256 seconds 0.44716681027784944
shuttleset_03_scene_0032 pair 206 [13, 11] combined 86016 players 1674 retained 256 seconds 0.4532630289904773
shuttleset_03_scene_0032 pair 212 [14, 2] combined 228352 players 27182 retained 256 seconds 2.025279283989221
shuttleset_03_scene_0032 pair 215 [14, 5] combined 248832 players 73730 retained 256 seconds 3.5427113412879407
shuttleset_03_scene_0032 pair 216 [14, 6] combined 262144 players 9018 retained 256 seconds 1.3645889647305012
shuttleset_03_scene_0032 pair 217 [14, 7] combined 177152 players 1910 retained 256 seconds 0.7571887345984578
shuttleset_03_scene_0032 pair 218 [14, 8] combined 180648 players 37678 retained 256 seconds 1.9693233710713685
shuttleset_03_scene_0032 pair 220 [14, 10] combined 121044 players 1138 retained 256 seconds 0.5381671348586679
shuttleset_03_scene_0032 pair 222 [14, 12] combined 100064 players 956 retained 256 seconds 0.4592309892177582
shuttleset_03_scene_0032 pair 225 [15, 0] combined 111616 players 16342 retained 256 seconds 2.0266784853301942
shuttleset_03_scene_0032 pair 227 [15, 2] combined 111616 players 4844 retained 256 seconds 0.834158344194293
shuttleset_03_scene_0032 pair 229 [15, 4] combined 104448 players 12434 retained 256 seconds 1.075037355069071
shuttleset_03_scene_0032 pair 231 [15, 6] combined 76800 players 848 retained 256 seconds 0.4552244720980525
shuttleset_03_scene_0032 pair 232 [15, 7] combined 87792 players 648 retained 256 seconds 0.3965014792047441
shuttleset_03_scene_0032 pair 235 [15, 10] combined 23852 players 2518 retained 256 seconds 0.24657039297744632
shuttleset_03_scene_0032 pair 236 [15, 11] combined 28840 players 4344 retained 256 seconds 0.34058889374136925
shuttleset_03_scene_0032 pair 237 [15, 12] combined 35640 players 1030 retained 256 seconds 0.23420294979587197
[shuttleset_03_scene_0032] generating G1
shuttleset_03_scene_0032 pair 0 [0, 1] combined 262144 players 56782 retained 256 seconds 3.534421476069838
shuttleset_03_scene_0032 pair 1 [0, 2] combined 199680 players 52010 retained 256 seconds 3.2294856188818812
shuttleset_03_scene_0032 pair 2 [0, 3] combined 36864 players 7036 retained 256 seconds 1.166337689384818
shuttleset_03_scene_0032 pair 5 [0, 6] combined 246784 players 50268 retained 256 seconds 3.3252238826826215
shuttleset_03_scene_0032 pair 7 [0, 8] combined 43008 players 976 retained 256 seconds 0.9276231178082526
shuttleset_03_scene_0032 pair 12 [0, 13] combined 5120 players 630 retained 256 seconds 0.7751075429841876
shuttleset_03_scene_0032 pair 14 [0, 15] combined 12288 players 94 retained 32 seconds 0.7666213200427592
shuttleset_03_scene_0032 pair 15 [1, 0] combined 262144 players 64840 retained 256 seconds 3.2319682431407273
shuttleset_03_scene_0032 pair 16 [1, 2] combined 262144 players 6684 retained 256 seconds 1.1088220030069351
shuttleset_03_scene_0032 pair 18 [1, 4] combined 262144 players 50152 retained 256 seconds 2.657196318730712
shuttleset_03_scene_0032 pair 19 [1, 5] combined 262144 players 70546 retained 256 seconds 3.0273404181934893
shuttleset_03_scene_0032 pair 21 [1, 7] combined 95232 players 7480 retained 256 seconds 0.7084864927455783
shuttleset_03_scene_0032 pair 22 [1, 8] combined 71680 players 12064 retained 256 seconds 0.741564366966486
shuttleset_03_scene_0032 pair 23 [1, 9] combined 14336 players 2948 retained 256 seconds 0.307133792899549
shuttleset_03_scene_0032 pair 24 [1, 10] combined 136192 players 12884 retained 256 seconds 0.9775011138990521
shuttleset_03_scene_0032 pair 26 [1, 12] combined 0 players 0 retained 0 seconds 0.10938292881473899
shuttleset_03_scene_0032 pair 30 [2, 0] combined 227328 players 64468 retained 256 seconds 3.2956179892644286
shuttleset_03_scene_0032 pair 31 [2, 1] combined 262144 players 3988 retained 256 seconds 1.2793696969747543
shuttleset_03_scene_0032 pair 32 [2, 3] combined 50176 players 1058 retained 256 seconds 0.29207328287884593
shuttleset_03_scene_0032 pair 40 [2, 11] combined 5184 players 1364 retained 256 seconds 0.1791748460382223
shuttleset_03_scene_0032 pair 43 [2, 14] combined 23552 players 174 retained 87 seconds 0.17035026475787163
shuttleset_03_scene_0032 pair 44 [2, 15] combined 10240 players 56 retained 28 seconds 0.11903778603300452
shuttleset_03_scene_0032 pair 45 [3, 0] combined 68608 players 19558 retained 256 seconds 1.3757684119045734
shuttleset_03_scene_0032 pair 47 [3, 2] combined 87040 players 2498 retained 256 seconds 0.42365485103800893
shuttleset_03_scene_0032 pair 48 [3, 4] combined 78848 players 17398 retained 256 seconds 0.9397344221360981
shuttleset_03_scene_0032 pair 49 [3, 5] combined 58368 players 15732 retained 256 seconds 0.8257145448587835
shuttleset_03_scene_0032 pair 50 [3, 6] combined 102400 players 3010 retained 256 seconds 0.4978868733160198
shuttleset_03_scene_0032 pair 51 [3, 7] combined 12972 players 12 retained 6 seconds 0.10198771581053734
shuttleset_03_scene_0032 pair 52 [3, 8] combined 33120 players 690 retained 256 seconds 0.19183083390817046
shuttleset_03_scene_0032 pair 53 [3, 9] combined 5724 players 210 retained 106 seconds 0.0812714658677578
shuttleset_03_scene_0032 pair 54 [3, 10] combined 14352 players 956 retained 256 seconds 0.16509131388738751
shuttleset_03_scene_0032 pair 56 [3, 12] combined 272 players 4 retained 2 seconds 0.05407608998939395
shuttleset_03_scene_0032 pair 61 [4, 1] combined 262144 players 25452 retained 256 seconds 1.7820656578987837
shuttleset_03_scene_0032 pair 63 [4, 3] combined 44032 players 6292 retained 256 seconds 0.5083675528876483
shuttleset_03_scene_0032 pair 64 [4, 5] combined 262144 players 5820 retained 256 seconds 1.1275983396917582
shuttleset_03_scene_0032 pair 65 [4, 6] combined 234496 players 25566 retained 256 seconds 1.7314026742242277
shuttleset_03_scene_0032 pair 67 [4, 8] combined 45056 players 524 retained 256 seconds 0.2862844290211797
shuttleset_03_scene_0032 pair 72 [4, 13] combined 9216 players 494 retained 247 seconds 0.1786980303004384
shuttleset_03_scene_0032 pair 74 [4, 15] combined 11264 players 116 retained 52 seconds 0.16007586801424623
shuttleset_03_scene_0032 pair 76 [5, 1] combined 262144 players 55332 retained 256 seconds 3.051688097883016
shuttleset_03_scene_0032 pair 78 [5, 3] combined 39936 players 9412 retained 256 seconds 0.5647766920737922
shuttleset_03_scene_0032 pair 79 [5, 4] combined 262144 players 4290 retained 256 seconds 1.0493512339890003
shuttleset_03_scene_0032 pair 80 [5, 6] combined 224256 players 38982 retained 256 seconds 2.0122279059141874
shuttleset_03_scene_0032 pair 81 [5, 7] combined 43008 players 7052 retained 256 seconds 0.4727975931018591
shuttleset_03_scene_0032 pair 83 [5, 9] combined 12288 players 514 retained 256 seconds 0.17238914035260677
shuttleset_03_scene_0032 pair 84 [5, 10] combined 103424 players 1294 retained 256 seconds 0.44879554491490126
shuttleset_03_scene_0032 pair 85 [5, 11] combined 23712 players 2 retained 1 seconds 0.1691830917261541
shuttleset_03_scene_0032 pair 86 [5, 12] combined 0 players 0 retained 0 seconds 0.08031278988346457
shuttleset_03_scene_0032 pair 88 [5, 14] combined 22528 players 5334 retained 256 seconds 0.35486064478755
shuttleset_03_scene_0032 pair 90 [6, 0] combined 262144 players 51772 retained 256 seconds 2.840229257941246
shuttleset_03_scene_0032 pair 93 [6, 3] combined 60416 players 1760 retained 256 seconds 0.36376867024227977
shuttleset_03_scene_0032 pair 94 [6, 4] combined 262144 players 47212 retained 256 seconds 2.6460852050222456
shuttleset_03_scene_0032 pair 95 [6, 5] combined 262144 players 52918 retained 256 seconds 2.6127311466261744
shuttleset_03_scene_0032 pair 98 [6, 9] combined 20480 players 5014 retained 256 seconds 0.34372219629585743
shuttleset_03_scene_0032 pair 100 [6, 11] combined 16384 players 4058 retained 256 seconds 0.3228990761563182
shuttleset_03_scene_0032 pair 102 [6, 13] combined 14112 players 3068 retained 256 seconds 0.25572002306580544
shuttleset_03_scene_0032 pair 103 [6, 14] combined 32768 players 464 retained 233 seconds 0.2390601597726345
shuttleset_03_scene_0032 pair 104 [6, 15] combined 6144 players 0 retained 0 seconds 0.1022573709487915
shuttleset_03_scene_0032 pair 106 [7, 1] combined 50176 players 2 retained 1 seconds 0.2457419470883906
shuttleset_03_scene_0032 pair 108 [7, 3] combined 13992 players 22 retained 11 seconds 0.10264831595122814
shuttleset_03_scene_0032 pair 110 [7, 5] combined 67584 players 12680 retained 256 seconds 0.730713561642915
shuttleset_03_scene_0032 pair 117 [7, 13] combined 3864 players 394 retained 187 seconds 0.08509969525039196
shuttleset_03_scene_0032 pair 118 [7, 14] combined 11256 players 0 retained 0 seconds 0.06747473124414682
shuttleset_03_scene_0032 pair 119 [7, 15] combined 2948 players 0 retained 0 seconds 0.03847814071923494
shuttleset_03_scene_0032 pair 120 [8, 0] combined 43008 players 198 retained 99 seconds 0.6266417088918388
shuttleset_03_scene_0032 pair 121 [8, 1] combined 103424 players 21224 retained 256 seconds 1.1136654112488031
shuttleset_03_scene_0032 pair 123 [8, 3] combined 33368 players 1202 retained 256 seconds 0.22082341881468892
shuttleset_03_scene_0032 pair 124 [8, 4] combined 45056 players 436 retained 218 seconds 0.25005935598164797
shuttleset_03_scene_0032 pair 130 [8, 11] combined 1264 players 24 retained 12 seconds 0.05741344811394811
shuttleset_03_scene_0032 pair 133 [8, 14] combined 11252 players 1740 retained 256 seconds 0.15796358231455088
shuttleset_03_scene_0032 pair 136 [9, 1] combined 2048 players 546 retained 256 seconds 0.13758083106949925
shuttleset_03_scene_0032 pair 138 [9, 3] combined 936 players 34 retained 18 seconds 0.05129915615543723
shuttleset_03_scene_0032 pair 140 [9, 5] combined 4096 players 672 retained 256 seconds 0.13536534691229463
shuttleset_03_scene_0032 pair 141 [9, 6] combined 7264 players 418 retained 209 seconds 0.12947397911921144
shuttleset_03_scene_0032 pair 147 [9, 13] combined 288 players 20 retained 10 seconds 0.03393491683527827
shuttleset_03_scene_0032 pair 151 [10, 1] combined 181248 players 18276 retained 256 seconds 1.2988201300613582
shuttleset_03_scene_0032 pair 153 [10, 3] combined 8800 players 672 retained 256 seconds 0.14282580884173512
shuttleset_03_scene_0032 pair 155 [10, 5] combined 13312 players 1028 retained 256 seconds 0.49106997484341264
shuttleset_03_scene_0032 pair 162 [10, 13] combined 1792 players 0 retained 0 seconds 0.039504480082541704
shuttleset_03_scene_0032 pair 163 [10, 14] combined 29356 players 1360 retained 256 seconds 0.2301057386212051
shuttleset_03_scene_0032 pair 164 [10, 15] combined 2640 players 82 retained 39 seconds 0.06625929940491915
shuttleset_03_scene_0032 pair 167 [11, 2] combined 10560 players 3356 retained 256 seconds 0.2552440748549998
shuttleset_03_scene_0032 pair 170 [11, 5] combined 0 players 0 retained 0 seconds 0.08054997865110636
shuttleset_03_scene_0032 pair 171 [11, 6] combined 14824 players 4636 retained 256 seconds 0.3384990249760449
shuttleset_03_scene_0032 pair 173 [11, 8] combined 4080 players 112 retained 63 seconds 0.08114252611994743
shuttleset_03_scene_0032 pair 177 [11, 13] combined 1144 players 0 retained 0 seconds 0.03400217788293958
shuttleset_03_scene_0032 pair 179 [11, 15] combined 1012 players 0 retained 0 seconds 0.03480717679485679
shuttleset_03_scene_0032 pair 181 [12, 1] combined 1024 players 14 retained 7 seconds 0.09692161390557885
shuttleset_03_scene_0032 pair 183 [12, 3] combined 1024 players 80 retained 40 seconds 0.055090026929974556
shuttleset_03_scene_0032 pair 185 [12, 5] combined 2048 players 652 retained 256 seconds 0.13374916790053248
shuttleset_03_scene_0032 pair 193 [12, 14] combined 0 players 0 retained 0 seconds 0.018095278181135654
shuttleset_03_scene_0032 pair 194 [12, 15] combined 0 players 0 retained 0 seconds 0.010741215199232101
shuttleset_03_scene_0032 pair 195 [13, 0] combined 9216 players 2178 retained 256 seconds 0.6829985231161118
shuttleset_03_scene_0032 pair 199 [13, 4] combined 12288 players 2056 retained 256 seconds 0.22646613605320454
shuttleset_03_scene_0032 pair 201 [13, 6] combined 23040 players 3236 retained 256 seconds 0.2825629818253219
shuttleset_03_scene_0032 pair 202 [13, 7] combined 3432 players 112 retained 55 seconds 0.05863544903695583
shuttleset_03_scene_0032 pair 204 [13, 9] combined 528 players 12 retained 6 seconds 0.03460186393931508
shuttleset_03_scene_0032 pair 205 [13, 10] combined 2016 players 0 retained 0 seconds 0.028836709912866354
shuttleset_03_scene_0032 pair 206 [13, 11] combined 1560 players 0 retained 0 seconds 0.026954461820423603
shuttleset_03_scene_0032 pair 212 [14, 2] combined 25212 players 1068 retained 256 seconds 0.21556648099794984
shuttleset_03_scene_0032 pair 215 [14, 5] combined 34816 players 9602 retained 256 seconds 0.5466194287873805
shuttleset_03_scene_0032 pair 216 [14, 6] combined 54648 players 0 retained 0 seconds 0.23873998690396547
shuttleset_03_scene_0032 pair 217 [14, 7] combined 5512 players 86 retained 43 seconds 0.07689878530800343
shuttleset_03_scene_0032 pair 218 [14, 8] combined 9248 players 1934 retained 256 seconds 0.16103071020916104
shuttleset_03_scene_0032 pair 220 [14, 10] combined 21760 players 20 retained 10 seconds 0.12439497420564294
shuttleset_03_scene_0032 pair 222 [14, 12] combined 0 players 0 retained 0 seconds 0.022647442296147346
shuttleset_03_scene_0032 pair 225 [15, 0] combined 23552 players 1192 retained 256 seconds 0.7155259069986641
shuttleset_03_scene_0032 pair 227 [15, 2] combined 13500 players 244 retained 122 seconds 0.1264711320400238
shuttleset_03_scene_0032 pair 229 [15, 4] combined 21504 players 596 retained 256 seconds 0.19945604307577014
shuttleset_03_scene_0032 pair 231 [15, 6] combined 9216 players 0 retained 0 seconds 0.0891634039580822
shuttleset_03_scene_0032 pair 232 [15, 7] combined 5060 players 0 retained 0 seconds 0.03811928490176797
shuttleset_03_scene_0032 pair 235 [15, 10] combined 4876 players 128 retained 64 seconds 0.06763090519234538
shuttleset_03_scene_0032 pair 236 [15, 11] combined 1848 players 230 retained 115 seconds 0.06268471106886864
shuttleset_03_scene_0032 pair 237 [15, 12] combined 228 players 0 retained 0 seconds 0.013186549302190542
[shuttleset_03_scene_0032 +0s] loading view and candidate populations
[shuttleset_03_scene_0032] line-template: preparing rectangles
[shuttleset_03_scene_0032 +21s] measuring 728 parents (G0=256, G1=256, line_template=256; conflicting geometry groups=0)
[shuttleset_03_scene_0032 +37s] parents 250/728
[shuttleset_03_scene_0032 +54s] parents 500/728
[shuttleset_03_scene_0032 +68s] refitting 728 parents
[shuttleset_03_scene_0032 +92s] refits 250/728; valid children=228
[shuttleset_03_scene_0032 +114s] refits 500/728; valid children=457
[shuttleset_03_scene_0032 +131s] ranking sensitivity thresholds
[shuttleset_03_scene_0032 +132s] saving evidence and arrays
[shuttleset_03_scene_0032 +153s] saved
{"case_id": "shuttleset_03_scene_0032", "direction_budget": 16, "run_wall_s": 445.54645030386746, "phases_s": {"prepare_view": 1.1965538812801242, "populations": 284.45388672780246, "w5_record": 152.9451484652236, "net_choice": 3.495301472954452, "stripe_polarity_refit": 2.585111113730818}, "bounded": "G1:1:3627/child"}
