[sset_21_gloiZ_gTJaE_frame_00062120] generating G0
sset_21_gloiZ_gTJaE_frame_00062120 pair 0 [0, 1] combined 0 players 0 retained 0 seconds 0.1127819730900228
sset_21_gloiZ_gTJaE_frame_00062120 pair 1 [0, 2] combined 0 players 0 retained 0 seconds 0.10323226312175393
sset_21_gloiZ_gTJaE_frame_00062120 pair 10 [0, 11] combined 0 players 0 retained 0 seconds 0.0926357083953917
sset_21_gloiZ_gTJaE_frame_00062120 pair 15 [1, 0] combined 0 players 0 retained 0 seconds 0.07642116909846663
sset_21_gloiZ_gTJaE_frame_00062120 pair 18 [1, 4] combined 0 players 0 retained 0 seconds 0.04965533595532179
sset_21_gloiZ_gTJaE_frame_00062120 pair 19 [1, 5] combined 0 players 0 retained 0 seconds 0.048210594803094864
sset_21_gloiZ_gTJaE_frame_00062120 pair 20 [1, 6] combined 0 players 0 retained 0 seconds 0.04841044917702675
sset_21_gloiZ_gTJaE_frame_00062120 pair 21 [1, 7] combined 0 players 0 retained 0 seconds 0.047868814785033464
sset_21_gloiZ_gTJaE_frame_00062120 pair 23 [1, 9] combined 0 players 0 retained 0 seconds 0.047159049194306135
sset_21_gloiZ_gTJaE_frame_00062120 pair 24 [1, 10] combined 0 players 0 retained 0 seconds 0.04848411912098527
sset_21_gloiZ_gTJaE_frame_00062120 pair 25 [1, 11] combined 0 players 0 retained 0 seconds 0.0509286317974329
sset_21_gloiZ_gTJaE_frame_00062120 pair 26 [1, 12] combined 0 players 0 retained 0 seconds 0.04880649922415614
sset_21_gloiZ_gTJaE_frame_00062120 pair 27 [1, 13] combined 0 players 0 retained 0 seconds 0.05013297498226166
sset_21_gloiZ_gTJaE_frame_00062120 pair 28 [1, 14] combined 0 players 0 retained 0 seconds 0.04613335523754358
sset_21_gloiZ_gTJaE_frame_00062120 pair 29 [1, 15] combined 0 players 0 retained 0 seconds 0.04884088737890124
sset_21_gloiZ_gTJaE_frame_00062120 pair 30 [2, 0] combined 0 players 0 retained 0 seconds 0.060769890900701284
sset_21_gloiZ_gTJaE_frame_00062120 pair 33 [2, 4] combined 0 players 0 retained 0 seconds 0.030719030648469925
sset_21_gloiZ_gTJaE_frame_00062120 pair 34 [2, 5] combined 0 players 0 retained 0 seconds 0.0298776482231915
sset_21_gloiZ_gTJaE_frame_00062120 pair 35 [2, 6] combined 0 players 0 retained 0 seconds 0.029870346188545227
sset_21_gloiZ_gTJaE_frame_00062120 pair 36 [2, 7] combined 0 players 0 retained 0 seconds 0.030798538122326136
sset_21_gloiZ_gTJaE_frame_00062120 pair 38 [2, 9] combined 0 players 0 retained 0 seconds 0.029975793790072203
sset_21_gloiZ_gTJaE_frame_00062120 pair 39 [2, 10] combined 0 players 0 retained 0 seconds 0.029864215292036533
sset_21_gloiZ_gTJaE_frame_00062120 pair 40 [2, 11] combined 0 players 0 retained 0 seconds 0.032567135989665985
sset_21_gloiZ_gTJaE_frame_00062120 pair 41 [2, 12] combined 0 players 0 retained 0 seconds 0.03061638865619898
sset_21_gloiZ_gTJaE_frame_00062120 pair 42 [2, 13] combined 0 players 0 retained 0 seconds 0.030823680106550455
sset_21_gloiZ_gTJaE_frame_00062120 pair 43 [2, 14] combined 0 players 0 retained 0 seconds 0.030107129830867052
sset_21_gloiZ_gTJaE_frame_00062120 pair 44 [2, 15] combined 0 players 0 retained 0 seconds 0.030904975719749928
sset_21_gloiZ_gTJaE_frame_00062120 pair 55 [3, 11] combined 0 players 0 retained 0 seconds 0.008197367191314697
sset_21_gloiZ_gTJaE_frame_00062120 pair 61 [4, 1] combined 0 players 0 retained 0 seconds 0.022243496030569077
sset_21_gloiZ_gTJaE_frame_00062120 pair 62 [4, 2] combined 0 players 0 retained 0 seconds 0.016371899750083685
sset_21_gloiZ_gTJaE_frame_00062120 pair 76 [5, 1] combined 0 players 0 retained 0 seconds 0.021256293170154095
sset_21_gloiZ_gTJaE_frame_00062120 pair 77 [5, 2] combined 0 players 0 retained 0 seconds 0.014462071936577559
sset_21_gloiZ_gTJaE_frame_00062120 pair 91 [6, 1] combined 0 players 0 retained 0 seconds 0.02052632812410593
sset_21_gloiZ_gTJaE_frame_00062120 pair 92 [6, 2] combined 0 players 0 retained 0 seconds 0.013014717027544975
sset_21_gloiZ_gTJaE_frame_00062120 pair 106 [7, 1] combined 0 players 0 retained 0 seconds 0.02204134687781334
sset_21_gloiZ_gTJaE_frame_00062120 pair 107 [7, 2] combined 0 players 0 retained 0 seconds 0.015835093799978495
sset_21_gloiZ_gTJaE_frame_00062120 pair 130 [8, 11] combined 0 players 0 retained 0 seconds 0.011370073072612286
sset_21_gloiZ_gTJaE_frame_00062120 pair 136 [9, 1] combined 0 players 0 retained 0 seconds 0.019559155218303204
sset_21_gloiZ_gTJaE_frame_00062120 pair 137 [9, 2] combined 0 players 0 retained 0 seconds 0.013015555683523417
sset_21_gloiZ_gTJaE_frame_00062120 pair 151 [10, 1] combined 0 players 0 retained 0 seconds 0.02043717773631215
sset_21_gloiZ_gTJaE_frame_00062120 pair 152 [10, 2] combined 0 players 0 retained 0 seconds 0.014386894181370735
sset_21_gloiZ_gTJaE_frame_00062120 pair 165 [11, 0] combined 0 players 0 retained 0 seconds 0.042008545249700546
sset_21_gloiZ_gTJaE_frame_00062120 pair 166 [11, 1] combined 0 players 0 retained 0 seconds 0.027009474113583565
sset_21_gloiZ_gTJaE_frame_00062120 pair 167 [11, 2] combined 0 players 0 retained 0 seconds 0.02079429803416133
sset_21_gloiZ_gTJaE_frame_00062120 pair 168 [11, 3] combined 0 players 0 retained 0 seconds 0.012046762742102146
sset_21_gloiZ_gTJaE_frame_00062120 pair 173 [11, 8] combined 0 players 0 retained 0 seconds 0.013368621002882719
sset_21_gloiZ_gTJaE_frame_00062120 pair 181 [12, 1] combined 0 players 0 retained 0 seconds 0.022135797888040543
sset_21_gloiZ_gTJaE_frame_00062120 pair 182 [12, 2] combined 0 players 0 retained 0 seconds 0.015598707366734743
sset_21_gloiZ_gTJaE_frame_00062120 pair 196 [13, 1] combined 0 players 0 retained 0 seconds 0.02412657579407096
sset_21_gloiZ_gTJaE_frame_00062120 pair 197 [13, 2] combined 0 players 0 retained 0 seconds 0.01732681505382061
sset_21_gloiZ_gTJaE_frame_00062120 pair 211 [14, 1] combined 0 players 0 retained 0 seconds 0.02064083982259035
sset_21_gloiZ_gTJaE_frame_00062120 pair 212 [14, 2] combined 0 players 0 retained 0 seconds 0.015175603795796633
sset_21_gloiZ_gTJaE_frame_00062120 pair 226 [15, 1] combined 0 players 0 retained 0 seconds 0.02239477029070258
sset_21_gloiZ_gTJaE_frame_00062120 pair 227 [15, 2] combined 0 players 0 retained 0 seconds 0.01668972335755825
[sset_21_gloiZ_gTJaE_frame_00062120] generating G1
sset_21_gloiZ_gTJaE_frame_00062120 pair 0 [0, 1] combined 0 players 0 retained 0 seconds 0.015036157332360744
sset_21_gloiZ_gTJaE_frame_00062120 pair 1 [0, 2] combined 0 players 0 retained 0 seconds 0.016101475805044174
sset_21_gloiZ_gTJaE_frame_00062120 pair 10 [0, 11] combined 0 players 0 retained 0 seconds 0.013011399656534195
sset_21_gloiZ_gTJaE_frame_00062120 pair 15 [1, 0] combined 0 players 0 retained 0 seconds 0.01210627518594265
sset_21_gloiZ_gTJaE_frame_00062120 pair 18 [1, 4] combined 0 players 0 retained 0 seconds 0.009137189947068691
sset_21_gloiZ_gTJaE_frame_00062120 pair 19 [1, 5] combined 0 players 0 retained 0 seconds 0.008939735125750303
sset_21_gloiZ_gTJaE_frame_00062120 pair 20 [1, 6] combined 0 players 0 retained 0 seconds 0.008354317862540483
sset_21_gloiZ_gTJaE_frame_00062120 pair 21 [1, 7] combined 0 players 0 retained 0 seconds 0.008885273709893227
sset_21_gloiZ_gTJaE_frame_00062120 pair 23 [1, 9] combined 0 players 0 retained 0 seconds 0.00836084596812725
sset_21_gloiZ_gTJaE_frame_00062120 pair 24 [1, 10] combined 0 players 0 retained 0 seconds 0.00872843898832798
sset_21_gloiZ_gTJaE_frame_00062120 pair 25 [1, 11] combined 0 players 0 retained 0 seconds 0.009346734266728163
sset_21_gloiZ_gTJaE_frame_00062120 pair 26 [1, 12] combined 0 players 0 retained 0 seconds 0.008213411085307598
sset_21_gloiZ_gTJaE_frame_00062120 pair 27 [1, 13] combined 0 players 0 retained 0 seconds 0.01023933943361044
sset_21_gloiZ_gTJaE_frame_00062120 pair 28 [1, 14] combined 0 players 0 retained 0 seconds 0.008700671140104532
sset_21_gloiZ_gTJaE_frame_00062120 pair 29 [1, 15] combined 0 players 0 retained 0 seconds 0.008545531891286373
sset_21_gloiZ_gTJaE_frame_00062120 pair 30 [2, 0] combined 0 players 0 retained 0 seconds 0.01615869114175439
sset_21_gloiZ_gTJaE_frame_00062120 pair 33 [2, 4] combined 0 players 0 retained 0 seconds 0.012961192056536674
sset_21_gloiZ_gTJaE_frame_00062120 pair 34 [2, 5] combined 0 players 0 retained 0 seconds 0.012640420813113451
sset_21_gloiZ_gTJaE_frame_00062120 pair 35 [2, 6] combined 0 players 0 retained 0 seconds 0.012621655128896236
sset_21_gloiZ_gTJaE_frame_00062120 pair 36 [2, 7] combined 0 players 0 retained 0 seconds 0.01291474886238575
sset_21_gloiZ_gTJaE_frame_00062120 pair 38 [2, 9] combined 0 players 0 retained 0 seconds 0.012534272857010365
sset_21_gloiZ_gTJaE_frame_00062120 pair 39 [2, 10] combined 0 players 0 retained 0 seconds 0.012774326838552952
sset_21_gloiZ_gTJaE_frame_00062120 pair 40 [2, 11] combined 0 players 0 retained 0 seconds 0.012678555212914944
sset_21_gloiZ_gTJaE_frame_00062120 pair 41 [2, 12] combined 0 players 0 retained 0 seconds 0.012451209127902985
sset_21_gloiZ_gTJaE_frame_00062120 pair 42 [2, 13] combined 0 players 0 retained 0 seconds 0.013775910716503859
sset_21_gloiZ_gTJaE_frame_00062120 pair 43 [2, 14] combined 0 players 0 retained 0 seconds 0.012554504908621311
sset_21_gloiZ_gTJaE_frame_00062120 pair 44 [2, 15] combined 0 players 0 retained 0 seconds 0.01284594601020217
sset_21_gloiZ_gTJaE_frame_00062120 pair 55 [3, 11] combined 0 players 0 retained 0 seconds 0.003696850035339594
sset_21_gloiZ_gTJaE_frame_00062120 pair 61 [4, 1] combined 0 players 0 retained 0 seconds 0.005471351090818644
sset_21_gloiZ_gTJaE_frame_00062120 pair 62 [4, 2] combined 0 players 0 retained 0 seconds 0.007057350128889084
sset_21_gloiZ_gTJaE_frame_00062120 pair 76 [5, 1] combined 0 players 0 retained 0 seconds 0.005396183114498854
sset_21_gloiZ_gTJaE_frame_00062120 pair 77 [5, 2] combined 0 players 0 retained 0 seconds 0.006024109665304422
sset_21_gloiZ_gTJaE_frame_00062120 pair 91 [6, 1] combined 0 players 0 retained 0 seconds 0.004815650172531605
sset_21_gloiZ_gTJaE_frame_00062120 pair 92 [6, 2] combined 0 players 0 retained 0 seconds 0.006303191184997559
sset_21_gloiZ_gTJaE_frame_00062120 pair 106 [7, 1] combined 0 players 0 retained 0 seconds 0.00516282394528389
sset_21_gloiZ_gTJaE_frame_00062120 pair 107 [7, 2] combined 0 players 0 retained 0 seconds 0.006136269308626652
sset_21_gloiZ_gTJaE_frame_00062120 pair 130 [8, 11] combined 0 players 0 retained 0 seconds 0.004394815769046545
sset_21_gloiZ_gTJaE_frame_00062120 pair 136 [9, 1] combined 0 players 0 retained 0 seconds 0.0048843552358448505
sset_21_gloiZ_gTJaE_frame_00062120 pair 137 [9, 2] combined 0 players 0 retained 0 seconds 0.006390853319317102
sset_21_gloiZ_gTJaE_frame_00062120 pair 151 [10, 1] combined 0 players 0 retained 0 seconds 0.005447084084153175
sset_21_gloiZ_gTJaE_frame_00062120 pair 152 [10, 2] combined 0 players 0 retained 0 seconds 0.00651869410648942
sset_21_gloiZ_gTJaE_frame_00062120 pair 165 [11, 0] combined 0 players 0 retained 0 seconds 0.007410338148474693
sset_21_gloiZ_gTJaE_frame_00062120 pair 166 [11, 1] combined 0 players 0 retained 0 seconds 0.006446388084441423
sset_21_gloiZ_gTJaE_frame_00062120 pair 167 [11, 2] combined 0 players 0 retained 0 seconds 0.008919373154640198
sset_21_gloiZ_gTJaE_frame_00062120 pair 168 [11, 3] combined 0 players 0 retained 0 seconds 0.004038836807012558
sset_21_gloiZ_gTJaE_frame_00062120 pair 173 [11, 8] combined 0 players 0 retained 0 seconds 0.004223340190947056
sset_21_gloiZ_gTJaE_frame_00062120 pair 181 [12, 1] combined 0 players 0 retained 0 seconds 0.004779973067343235
sset_21_gloiZ_gTJaE_frame_00062120 pair 182 [12, 2] combined 0 players 0 retained 0 seconds 0.005928299855440855
sset_21_gloiZ_gTJaE_frame_00062120 pair 196 [13, 1] combined 0 players 0 retained 0 seconds 0.008151921909302473
sset_21_gloiZ_gTJaE_frame_00062120 pair 197 [13, 2] combined 0 players 0 retained 0 seconds 0.009278502315282822
sset_21_gloiZ_gTJaE_frame_00062120 pair 211 [14, 1] combined 0 players 0 retained 0 seconds 0.00533714983612299
sset_21_gloiZ_gTJaE_frame_00062120 pair 212 [14, 2] combined 0 players 0 retained 0 seconds 0.006781604140996933
sset_21_gloiZ_gTJaE_frame_00062120 pair 226 [15, 1] combined 0 players 0 retained 0 seconds 0.0052788169123232365
sset_21_gloiZ_gTJaE_frame_00062120 pair 227 [15, 2] combined 0 players 0 retained 0 seconds 0.006181179080158472
[sset_21_gloiZ_gTJaE_frame_00062120 +0s] loading view and candidate populations
[sset_21_gloiZ_gTJaE_frame_00062120] line-template: preparing rectangles
[sset_21_gloiZ_gTJaE_frame_00062120 +22s] measuring 256 parents (G0=0, G1=0, line_template=256; conflicting geometry groups=0)
[sset_21_gloiZ_gTJaE_frame_00062120 +37s] parents 250/256
[sset_21_gloiZ_gTJaE_frame_00062120 +37s] refitting 256 parents
[sset_21_gloiZ_gTJaE_frame_00062120 +53s] refits 250/256; valid children=204
[sset_21_gloiZ_gTJaE_frame_00062120 +53s] ranking sensitivity thresholds
[sset_21_gloiZ_gTJaE_frame_00062120 +53s] saving evidence and arrays
[sset_21_gloiZ_gTJaE_frame_00062120 +57s] saved
{"case_id": "sset_21_gloiZ_gTJaE_frame_00062120", "direction_budget": 16, "run_wall_s": 64.15601172391325, "phases_s": {"prepare_view": 1.2030817288905382, "populations": 3.6715389718301594, "w5_record": 57.329108281992376, "net_choice": 0.3391903447918594, "stripe_polarity_refit": 4.279427230358124e-07}, "bounded": null}
