decoded <remote>/paint_geometry_20260909/gx_extension/videos/gxBQ_HwdgN4.mp4 to frame 180 in 1s
decoded /scratch/cmarti/issue103_ad8da4f/external/shuttleset-sources/3 Kento_MOMOTA_CHOU_Tien_Chen_KOREA_OPEN_2019_Final.mp4 to frame 41025 in 250s
gxBQ_window_00_frame_0 pair 0 [0, 1] combined 262144 players 84282 retained 256 seconds 3.53535250807181
gxBQ_window_00_frame_0 pair 2 [0, 3] combined 262144 players 86766 retained 256 seconds 3.812103242147714
gxBQ_window_00_frame_0 pair 3 [0, 4] combined 3072 players 144 retained 66 seconds 1.7628050353378057
gxBQ_window_00_frame_0 pair 5 [0, 6] combined 229376 players 67522 retained 256 seconds 3.2916386537253857
gxBQ_window_00_frame_0 pair 7 [0, 8] combined 262144 players 94586 retained 256 seconds 3.823230649344623
gxBQ_window_00_frame_0 pair 8 [0, 9] combined 262144 players 89844 retained 256 seconds 3.633866291027516
gxBQ_window_00_frame_0 pair 9 [0, 10] combined 262144 players 2754 retained 256 seconds 1.8004274126142263
gxBQ_window_00_frame_0 pair 11 [0, 12] combined 37888 players 132 retained 66 seconds 1.728272041771561
gxBQ_window_00_frame_0 pair 15 [1, 0] combined 262144 players 69118 retained 256 seconds 3.6688891439698637
gxBQ_window_00_frame_0 pair 16 [1, 2] combined 262144 players 62262 retained 256 seconds 1.996052986010909
gxBQ_window_00_frame_0 pair 17 [1, 3] combined 262144 players 3336 retained 256 seconds 0.6276065120473504
gxBQ_window_00_frame_0 pair 18 [1, 4] combined 23552 players 4 retained 2 seconds 0.12325680488720536
gxBQ_window_00_frame_0 pair 19 [1, 5] combined 262144 players 15794 retained 256 seconds 1.297830792143941
gxBQ_window_00_frame_0 pair 21 [1, 7] combined 262144 players 18760 retained 256 seconds 1.1315587889403105
gxBQ_window_00_frame_0 pair 22 [1, 8] combined 262144 players 8210 retained 256 seconds 0.721384281758219
gxBQ_window_00_frame_0 pair 25 [1, 11] combined 134144 players 3320 retained 256 seconds 0.39108806336298585
gxBQ_window_00_frame_0 pair 27 [1, 13] combined 262144 players 70564 retained 256 seconds 3.700955663342029
gxBQ_window_00_frame_0 pair 28 [1, 14] combined 262144 players 57198 retained 256 seconds 3.518054318148643
gxBQ_window_00_frame_0 pair 29 [1, 15] combined 262144 players 75970 retained 256 seconds 3.5265311980620027
gxBQ_window_00_frame_0 pair 31 [2, 1] combined 262144 players 49452 retained 256 seconds 1.665692700073123
gxBQ_window_00_frame_0 pair 32 [2, 3] combined 262144 players 76076 retained 256 seconds 2.22341819293797
gxBQ_window_00_frame_0 pair 33 [2, 4] combined 7168 players 2578 retained 256 seconds 0.30211147014051676
gxBQ_window_00_frame_0 pair 35 [2, 6] combined 220160 players 35200 retained 256 seconds 1.277577948756516
gxBQ_window_00_frame_0 pair 37 [2, 8] combined 262144 players 66580 retained 256 seconds 2.0483881728723645
gxBQ_window_00_frame_0 pair 38 [2, 9] combined 262144 players 57664 retained 256 seconds 1.8986154645681381
gxBQ_window_00_frame_0 pair 39 [2, 10] combined 262144 players 13600 retained 256 seconds 0.9025236829183996
gxBQ_window_00_frame_0 pair 41 [2, 12] combined 1024 players 302 retained 146 seconds 0.2293786872178316
gxBQ_window_00_frame_0 pair 45 [3, 0] combined 124928 players 38660 retained 256 seconds 2.684565714094788
gxBQ_window_00_frame_0 pair 46 [3, 1] combined 262144 players 3330 retained 256 seconds 0.7138071586377919
gxBQ_window_00_frame_0 pair 47 [3, 2] combined 125952 players 43268 retained 256 seconds 1.3006507470272481
gxBQ_window_00_frame_0 pair 49 [3, 5] combined 124928 players 24546 retained 256 seconds 1.2544603408314288
gxBQ_window_00_frame_0 pair 50 [3, 6] combined 262144 players 1684 retained 256 seconds 0.5507886568084359
gxBQ_window_00_frame_0 pair 51 [3, 7] combined 122880 players 17474 retained 256 seconds 0.902333308942616
gxBQ_window_00_frame_0 pair 53 [3, 9] combined 262144 players 2378 retained 256 seconds 0.6096186856739223
gxBQ_window_00_frame_0 pair 54 [3, 10] combined 24336 players 2044 retained 256 seconds 0.1462827268987894
gxBQ_window_00_frame_0 pair 57 [3, 13] combined 124928 players 38224 retained 256 seconds 2.690621041227132
gxBQ_window_00_frame_0 pair 58 [3, 14] combined 123904 players 37128 retained 256 seconds 2.7229297473095357
gxBQ_window_00_frame_0 pair 59 [3, 15] combined 124928 players 37266 retained 256 seconds 2.3667374667711556
gxBQ_window_00_frame_0 pair 60 [4, 0] combined 1024 players 18 retained 9 seconds 1.5247165858745575
gxBQ_window_00_frame_0 pair 61 [4, 1] combined 1024 players 0 retained 0 seconds 0.0675595891661942
gxBQ_window_00_frame_0 pair 62 [4, 2] combined 4096 players 0 retained 0 seconds 0.15111811086535454
gxBQ_window_00_frame_0 pair 64 [4, 5] combined 1024 players 28 retained 13 seconds 0.4876636336557567
gxBQ_window_00_frame_0 pair 65 [4, 6] combined 1024 players 14 retained 7 seconds 0.0336184436455369
gxBQ_window_00_frame_0 pair 68 [4, 9] combined 1024 players 0 retained 0 seconds 0.06183384684845805
gxBQ_window_00_frame_0 pair 72 [4, 13] combined 1024 players 28 retained 14 seconds 1.6006500227376819
gxBQ_window_00_frame_0 pair 73 [4, 14] combined 1024 players 28 retained 14 seconds 1.5382502749562263
gxBQ_window_00_frame_0 pair 74 [4, 15] combined 1024 players 20 retained 10 seconds 1.3270219592377543
gxBQ_window_00_frame_0 pair 76 [5, 1] combined 262144 players 100166 retained 256 seconds 3.141584411729127
gxBQ_window_00_frame_0 pair 78 [5, 3] combined 262144 players 39040 retained 256 seconds 1.7148293019272387
gxBQ_window_00_frame_0 pair 79 [5, 4] combined 3072 players 18 retained 9 seconds 0.5651206178590655
gxBQ_window_00_frame_0 pair 80 [5, 6] combined 218112 players 88960 retained 256 seconds 2.7916029463522136
gxBQ_window_00_frame_0 pair 82 [5, 8] combined 262144 players 94690 retained 256 seconds 2.781411183066666
gxBQ_window_00_frame_0 pair 83 [5, 9] combined 262144 players 87716 retained 256 seconds 2.7036593011580408
gxBQ_window_00_frame_0 pair 84 [5, 10] combined 262144 players 50 retained 25 seconds 1.0964628397487104
gxBQ_window_00_frame_0 pair 86 [5, 12] combined 21504 players 402 retained 201 seconds 0.6091358000412583
gxBQ_window_00_frame_0 pair 90 [6, 0] combined 132096 players 33932 retained 256 seconds 2.531654146965593
gxBQ_window_00_frame_0 pair 92 [6, 2] combined 132096 players 48154 retained 256 seconds 1.3052062848582864
gxBQ_window_00_frame_0 pair 93 [6, 3] combined 149504 players 4440 retained 256 seconds 0.39098042994737625
gxBQ_window_00_frame_0 pair 94 [6, 4] combined 7636 players 64 retained 32 seconds 0.04623630503192544
gxBQ_window_00_frame_0 pair 95 [6, 5] combined 133120 players 11750 retained 256 seconds 0.9393833293579519
gxBQ_window_00_frame_0 pair 96 [6, 7] combined 125952 players 13250 retained 256 seconds 0.7413542768917978
gxBQ_window_00_frame_0 pair 97 [6, 8] combined 115712 players 1182 retained 256 seconds 0.28269852278754115
gxBQ_window_00_frame_0 pair 100 [6, 11] combined 70656 players 8264 retained 256 seconds 0.31877340422943234
gxBQ_window_00_frame_0 pair 101 [6, 12] combined 1116 players 0 retained 0 seconds 0.020538507029414177
gxBQ_window_00_frame_0 pair 102 [6, 13] combined 131072 players 37614 retained 256 seconds 2.6292152130044997
gxBQ_window_00_frame_0 pair 103 [6, 14] combined 132096 players 36804 retained 256 seconds 2.5778047968633473
gxBQ_window_00_frame_0 pair 104 [6, 15] combined 134144 players 32264 retained 256 seconds 2.200861289165914
gxBQ_window_00_frame_0 pair 106 [7, 1] combined 262144 players 110148 retained 256 seconds 2.931662737391889
gxBQ_window_00_frame_0 pair 108 [7, 3] combined 262144 players 13192 retained 256 seconds 0.9777603521943092
gxBQ_window_00_frame_0 pair 111 [7, 6] combined 220160 players 89560 retained 256 seconds 2.4086319082416594
gxBQ_window_00_frame_0 pair 112 [7, 8] combined 262144 players 31534 retained 256 seconds 1.3044339288026094
gxBQ_window_00_frame_0 pair 113 [7, 9] combined 262144 players 113146 retained 256 seconds 2.9762359489686787
gxBQ_window_00_frame_0 pair 115 [7, 11] combined 86016 players 800 retained 256 seconds 0.4557782830670476
gxBQ_window_00_frame_0 pair 120 [8, 0] combined 262144 players 85744 retained 256 seconds 3.7013042978942394
gxBQ_window_00_frame_0 pair 121 [8, 1] combined 262144 players 3736 retained 256 seconds 0.6560318320989609
gxBQ_window_00_frame_0 pair 122 [8, 2] combined 262144 players 80230 retained 256 seconds 2.32848685933277
gxBQ_window_00_frame_0 pair 125 [8, 5] combined 262144 players 62298 retained 256 seconds 2.1819803221151233
gxBQ_window_00_frame_0 pair 126 [8, 6] combined 205824 players 1282 retained 256 seconds 0.4826619136147201
gxBQ_window_00_frame_0 pair 127 [8, 7] combined 262144 players 45942 retained 256 seconds 1.5596138569526374
gxBQ_window_00_frame_0 pair 128 [8, 9] combined 262144 players 4350 retained 256 seconds 0.6547771999612451
gxBQ_window_00_frame_0 pair 129 [8, 10] combined 48128 players 5200 retained 256 seconds 0.25418642722070217
gxBQ_window_00_frame_0 pair 132 [8, 13] combined 262144 players 87820 retained 256 seconds 6.326671541202813
gxBQ_window_00_frame_0 pair 133 [8, 14] combined 262144 players 90458 retained 256 seconds 7.46529836114496
gxBQ_window_00_frame_0 pair 134 [8, 15] combined 262144 players 84564 retained 256 seconds 6.732910532969981
gxBQ_window_00_frame_0 pair 135 [9, 0] combined 262144 players 66888 retained 256 seconds 6.181262146215886
gxBQ_window_00_frame_0 pair 137 [9, 2] combined 262144 players 40976 retained 256 seconds 2.9659039662219584
gxBQ_window_00_frame_0 pair 138 [9, 3] combined 262144 players 1488 retained 256 seconds 1.0537219122052193
gxBQ_window_00_frame_0 pair 139 [9, 4] combined 19456 players 0 retained 0 seconds 0.16059748316183686
gxBQ_window_00_frame_0 pair 140 [9, 5] combined 262144 players 13236 retained 256 seconds 2.2744583021849394
gxBQ_window_00_frame_0 pair 142 [9, 7] combined 262144 players 13100 retained 256 seconds 1.820118622854352
gxBQ_window_00_frame_0 pair 143 [9, 8] combined 262144 players 4646 retained 256 seconds 1.158323041163385
gxBQ_window_00_frame_0 pair 145 [9, 11] combined 142336 players 3434 retained 256 seconds 0.7004967359825969
gxBQ_window_00_frame_0 pair 147 [9, 13] combined 262144 players 78404 retained 256 seconds 7.214992967899889
gxBQ_window_00_frame_0 pair 148 [9, 14] combined 262144 players 73480 retained 256 seconds 6.291331347078085
gxBQ_window_00_frame_0 pair 149 [9, 15] combined 262144 players 72000 retained 256 seconds 5.23457871703431
gxBQ_window_00_frame_0 pair 150 [10, 0] combined 22528 players 426 retained 213 seconds 2.6426173667423427
gxBQ_window_00_frame_0 pair 152 [10, 2] combined 13312 players 214 retained 108 seconds 0.3696536449715495
gxBQ_window_00_frame_0 pair 153 [10, 3] combined 20480 players 6760 retained 256 seconds 0.3634073920547962
gxBQ_window_00_frame_0 pair 155 [10, 5] combined 23552 players 24 retained 12 seconds 0.8545664069242775
gxBQ_window_00_frame_0 pair 158 [10, 8] combined 22528 players 6194 retained 256 seconds 0.37467901315540075
gxBQ_window_00_frame_0 pair 160 [10, 11] combined 4284 players 1138 retained 256 seconds 0.13032499607652426
gxBQ_window_00_frame_0 pair 162 [10, 13] combined 23552 players 642 retained 256 seconds 2.5757420579902828
gxBQ_window_00_frame_0 pair 163 [10, 14] combined 20480 players 498 retained 249 seconds 2.6179019659757614
gxBQ_window_00_frame_0 pair 164 [10, 15] combined 17408 players 456 retained 228 seconds 1.4865586217492819
gxBQ_window_00_frame_0 pair 166 [11, 1] combined 62464 players 206 retained 104 seconds 0.1806506160646677
gxBQ_window_00_frame_0 pair 171 [11, 6] combined 43560 players 3696 retained 256 seconds 0.18630295805633068
gxBQ_window_00_frame_0 pair 172 [11, 7] combined 45056 players 904 retained 256 seconds 0.3869333900511265
gxBQ_window_00_frame_0 pair 174 [11, 9] combined 88064 players 254 retained 128 seconds 0.22276017628610134
gxBQ_window_00_frame_0 pair 175 [11, 10] combined 4480 players 190 retained 95 seconds 0.04483034182339907
gxBQ_window_00_frame_0 pair 180 [12, 0] combined 2048 players 0 retained 0 seconds 1.6661160849034786
gxBQ_window_00_frame_0 pair 182 [12, 2] combined 0 players 0 retained 0 seconds 0.1448560538701713
gxBQ_window_00_frame_0 pair 185 [12, 5] combined 0 players 0 retained 0 seconds 0.5253585372120142
gxBQ_window_00_frame_0 pair 186 [12, 6] combined 2048 players 568 retained 256 seconds 0.05922520672902465
gxBQ_window_00_frame_0 pair 192 [12, 13] combined 1024 players 0 retained 0 seconds 1.641425424721092
gxBQ_window_00_frame_0 pair 193 [12, 14] combined 0 players 0 retained 0 seconds 1.627274819649756
gxBQ_window_00_frame_0 pair 194 [12, 15] combined 2048 players 0 retained 0 seconds 1.3686279389075935
gxBQ_window_00_frame_0 pair 196 [13, 1] combined 262144 players 103584 retained 256 seconds 3.9844671268947423
gxBQ_window_00_frame_0 pair 198 [13, 3] combined 262144 players 88972 retained 256 seconds 3.7566204192116857
gxBQ_window_00_frame_0 pair 199 [13, 4] combined 3072 players 114 retained 51 seconds 1.8089767252095044
gxBQ_window_00_frame_0 pair 201 [13, 6] combined 219136 players 70043 retained 256 seconds 3.4938261047936976
gxBQ_window_00_frame_0 pair 203 [13, 8] combined 262144 players 95116 retained 256 seconds 3.7678181203082204
gxBQ_window_00_frame_0 pair 204 [13, 9] combined 262144 players 95786 retained 256 seconds 3.917358375620097
gxBQ_window_00_frame_0 pair 205 [13, 10] combined 262144 players 4242 retained 256 seconds 1.915535727981478
gxBQ_window_00_frame_0 pair 207 [13, 12] combined 38912 players 206 retained 103 seconds 1.8126938957720995
gxBQ_window_00_frame_0 pair 211 [14, 1] combined 262144 players 81392 retained 256 seconds 3.459434639662504
gxBQ_window_00_frame_0 pair 213 [14, 3] combined 262144 players 61526 retained 256 seconds 3.180712399072945
gxBQ_window_00_frame_0 pair 214 [14, 4] combined 3072 players 102 retained 48 seconds 1.7992449793964624
gxBQ_window_00_frame_0 pair 216 [14, 6] combined 223232 players 64140 retained 256 seconds 3.2932887012138963
gxBQ_window_00_frame_0 pair 218 [14, 8] combined 262144 players 97958 retained 256 seconds 3.8468634649179876
gxBQ_window_00_frame_0 pair 219 [14, 9] combined 262144 players 73820 retained 256 seconds 3.2544921818189323
gxBQ_window_00_frame_0 pair 220 [14, 10] combined 262144 players 2800 retained 256 seconds 1.8136210720986128
gxBQ_window_00_frame_0 pair 222 [14, 12] combined 17408 players 492 retained 240 seconds 1.7790198540315032
gxBQ_window_00_frame_0 pair 226 [15, 1] combined 262144 players 79198 retained 256 seconds 3.410071403719485
gxBQ_window_00_frame_0 pair 228 [15, 3] combined 262144 players 86226 retained 256 seconds 3.3944599800743163
gxBQ_window_00_frame_0 pair 229 [15, 4] combined 4096 players 628 retained 256 seconds 1.550455607008189
gxBQ_window_00_frame_0 pair 231 [15, 6] combined 228352 players 62230 retained 256 seconds 2.9350312426686287
gxBQ_window_00_frame_0 pair 233 [15, 8] combined 262144 players 95486 retained 256 seconds 3.7699597268365324
gxBQ_window_00_frame_0 pair 234 [15, 9] combined 262144 players 80306 retained 256 seconds 3.2535891979932785
gxBQ_window_00_frame_0 pair 235 [15, 10] combined 262144 players 2000 retained 256 seconds 1.7394414790906012
gxBQ_window_00_frame_0 pair 237 [15, 12] combined 46080 players 294 retained 139 seconds 1.5265268040820956
gxBQ_window_00_frame_0 pair 0 [0, 1] combined 205824 players 86274 retained 256 seconds 2.1067809173837304
gxBQ_window_00_frame_0 pair 2 [0, 3] combined 10240 players 3974 retained 256 seconds 0.46282944781705737
gxBQ_window_00_frame_0 pair 3 [0, 4] combined 0 players 0 retained 0 seconds 0.13606328517198563
gxBQ_window_00_frame_0 pair 5 [0, 6] combined 16384 players 6832 retained 256 seconds 0.3202597131021321
gxBQ_window_00_frame_0 pair 7 [0, 8] combined 34816 players 12004 retained 256 seconds 0.45266098994761705
gxBQ_window_00_frame_0 pair 8 [0, 9] combined 152576 players 61992 retained 256 seconds 1.634157419204712
gxBQ_window_00_frame_0 pair 9 [0, 10] combined 10240 players 0 retained 0 seconds 0.14259228017181158
gxBQ_window_00_frame_0 pair 11 [0, 12] combined 0 players 0 retained 0 seconds 0.12346330983564258
gxBQ_window_00_frame_0 pair 15 [1, 0] combined 151552 players 34100 retained 256 seconds 1.1277647442184389
gxBQ_window_00_frame_0 pair 16 [1, 2] combined 147456 players 51554 retained 256 seconds 1.2651521591469646
gxBQ_window_00_frame_0 pair 17 [1, 3] combined 3120 players 48 retained 24 seconds 0.04127032309770584
gxBQ_window_00_frame_0 pair 18 [1, 4] combined 2700 players 0 retained 0 seconds 0.022281300742179155
gxBQ_window_00_frame_0 pair 19 [1, 5] combined 149504 players 25054 retained 256 seconds 0.8423779779113829
gxBQ_window_00_frame_0 pair 21 [1, 7] combined 104676 players 8910 retained 256 seconds 0.6284783901646733
gxBQ_window_00_frame_0 pair 22 [1, 8] combined 19920 players 178 retained 89 seconds 0.06822751415893435
gxBQ_window_00_frame_0 pair 25 [1, 11] combined 18832 players 342 retained 154 seconds 0.07427355600520968
gxBQ_window_00_frame_0 pair 27 [1, 13] combined 147456 players 47128 retained 256 seconds 1.3244755039922893
gxBQ_window_00_frame_0 pair 28 [1, 14] combined 153600 players 33160 retained 256 seconds 1.0378548079170287
gxBQ_window_00_frame_0 pair 29 [1, 15] combined 150528 players 28758 retained 256 seconds 0.9086301578208804
gxBQ_window_00_frame_0 pair 31 [2, 1] combined 95500 players 28662 retained 256 seconds 0.751180802937597
gxBQ_window_00_frame_0 pair 32 [2, 3] combined 11220 players 3732 retained 256 seconds 0.14717382425442338
gxBQ_window_00_frame_0 pair 33 [2, 4] combined 0 players 0 retained 0 seconds 0.030300721060484648
gxBQ_window_00_frame_0 pair 35 [2, 6] combined 9216 players 2710 retained 256 seconds 0.12113894009962678
gxBQ_window_00_frame_0 pair 37 [2, 8] combined 36864 players 14018 retained 256 seconds 0.38849699404090643
gxBQ_window_00_frame_0 pair 38 [2, 9] combined 76752 players 20714 retained 256 seconds 0.5835262048058212
gxBQ_window_00_frame_0 pair 39 [2, 10] combined 0 players 0 retained 0 seconds 0.025849909987300634
gxBQ_window_00_frame_0 pair 41 [2, 12] combined 0 players 0 retained 0 seconds 0.028356453869491816
gxBQ_window_00_frame_0 pair 45 [3, 0] combined 0 players 0 retained 0 seconds 0.10478106001392007
gxBQ_window_00_frame_0 pair 46 [3, 1] combined 4096 players 6 retained 3 seconds 0.03591932216659188
gxBQ_window_00_frame_0 pair 47 [3, 2] combined 736 players 0 retained 0 seconds 0.022079830057919025
gxBQ_window_00_frame_0 pair 49 [3, 5] combined 1024 players 402 retained 171 seconds 0.09731304179877043
gxBQ_window_00_frame_0 pair 50 [3, 6] combined 144 players 0 retained 0 seconds 0.005829466041177511
gxBQ_window_00_frame_0 pair 51 [3, 7] combined 1024 players 314 retained 131 seconds 0.048895944841206074
gxBQ_window_00_frame_0 pair 53 [3, 9] combined 4096 players 0 retained 0 seconds 0.02200711192563176
gxBQ_window_00_frame_0 pair 54 [3, 10] combined 0 players 0 retained 0 seconds 0.0038294782862067223
gxBQ_window_00_frame_0 pair 57 [3, 13] combined 0 players 0 retained 0 seconds 0.12129432102665305
gxBQ_window_00_frame_0 pair 58 [3, 14] combined 1024 players 462 retained 181 seconds 0.1285815150476992
gxBQ_window_00_frame_0 pair 59 [3, 15] combined 0 players 0 retained 0 seconds 0.3171817888505757
gxBQ_window_00_frame_0 pair 60 [4, 0] combined 0 players 0 retained 0 seconds 0.09773604990914464
gxBQ_window_00_frame_0 pair 61 [4, 1] combined 0 players 0 retained 0 seconds 0.014923019800335169
gxBQ_window_00_frame_0 pair 62 [4, 2] combined 0 players 0 retained 0 seconds 0.01826360309496522
gxBQ_window_00_frame_0 pair 64 [4, 5] combined 0 players 0 retained 0 seconds 0.06108734663575888
gxBQ_window_00_frame_0 pair 65 [4, 6] combined 0 players 0 retained 0 seconds 0.004201686009764671
gxBQ_window_00_frame_0 pair 68 [4, 9] combined 0 players 0 retained 0 seconds 0.014835040085017681
gxBQ_window_00_frame_0 pair 72 [4, 13] combined 0 players 0 retained 0 seconds 0.1203308361582458
gxBQ_window_00_frame_0 pair 73 [4, 14] combined 0 players 0 retained 0 seconds 0.09009919594973326
gxBQ_window_00_frame_0 pair 74 [4, 15] combined 0 players 0 retained 0 seconds 0.0780596500262618
gxBQ_window_00_frame_0 pair 76 [5, 1] combined 206848 players 86684 retained 256 seconds 2.0862197880633175
gxBQ_window_00_frame_0 pair 78 [5, 3] combined 10240 players 3798 retained 256 seconds 0.20044366782531142
gxBQ_window_00_frame_0 pair 79 [5, 4] combined 0 players 0 retained 0 seconds 0.0823635971173644
gxBQ_window_00_frame_0 pair 80 [5, 6] combined 14336 players 5970 retained 256 seconds 0.2534409868530929
gxBQ_window_00_frame_0 pair 82 [5, 8] combined 34816 players 12414 retained 256 seconds 0.39455610467121005
gxBQ_window_00_frame_0 pair 83 [5, 9] combined 154624 players 61394 retained 256 seconds 1.5227945647202432
gxBQ_window_00_frame_0 pair 84 [5, 10] combined 0 players 0 retained 0 seconds 0.09786880202591419
gxBQ_window_00_frame_0 pair 86 [5, 12] combined 0 players 0 retained 0 seconds 0.0785528770647943
gxBQ_window_00_frame_0 pair 90 [6, 0] combined 10240 players 2978 retained 256 seconds 0.20729182288050652
gxBQ_window_00_frame_0 pair 92 [6, 2] combined 10240 players 3660 retained 256 seconds 0.13932378590106964
gxBQ_window_00_frame_0 pair 93 [6, 3] combined 0 players 0 retained 0 seconds 0.005924225319176912
gxBQ_window_00_frame_0 pair 94 [6, 4] combined 48 players 0 retained 0 seconds 0.0043858252465724945
gxBQ_window_00_frame_0 pair 95 [6, 5] combined 10240 players 2404 retained 256 seconds 0.15775130782276392
gxBQ_window_00_frame_0 pair 96 [6, 7] combined 7520 players 1250 retained 256 seconds 0.08532308507710695
gxBQ_window_00_frame_0 pair 97 [6, 8] combined 876 players 0 retained 0 seconds 0.010014428291469812
gxBQ_window_00_frame_0 pair 100 [6, 11] combined 0 players 0 retained 0 seconds 0.005063280928879976
gxBQ_window_00_frame_0 pair 101 [6, 12] combined 0 players 0 retained 0 seconds 0.00381957134231925
gxBQ_window_00_frame_0 pair 102 [6, 13] combined 10240 players 3080 retained 256 seconds 0.22126550087705255
gxBQ_window_00_frame_0 pair 103 [6, 14] combined 10240 players 3078 retained 256 seconds 0.19219113420695066
gxBQ_window_00_frame_0 pair 104 [6, 15] combined 9216 players 2494 retained 256 seconds 0.16212708596140146
gxBQ_window_00_frame_0 pair 106 [7, 1] combined 119460 players 53134 retained 256 seconds 1.4983778349123895
gxBQ_window_00_frame_0 pair 108 [7, 3] combined 5360 players 1148 retained 256 seconds 0.08752864925190806
gxBQ_window_00_frame_0 pair 111 [7, 6] combined 11256 players 4942 retained 256 seconds 0.16416984796524048
gxBQ_window_00_frame_0 pair 112 [7, 8] combined 16864 players 4024 retained 256 seconds 0.15768521185964346
gxBQ_window_00_frame_0 pair 113 [7, 9] combined 89804 players 40792 retained 256 seconds 0.9440362127497792
gxBQ_window_00_frame_0 pair 115 [7, 11] combined 30720 players 740 retained 256 seconds 0.11861734697595239
gxBQ_window_00_frame_0 pair 120 [8, 0] combined 20480 players 8342 retained 256 seconds 0.31430846313014627
gxBQ_window_00_frame_0 pair 121 [8, 1] combined 15360 players 184 retained 92 seconds 0.0610218970105052
gxBQ_window_00_frame_0 pair 122 [8, 2] combined 15540 players 5486 retained 256 seconds 0.18286879500374198
gxBQ_window_00_frame_0 pair 125 [8, 5] combined 20480 players 5970 retained 256 seconds 0.23880640789866447
gxBQ_window_00_frame_0 pair 126 [8, 6] combined 1288 players 0 retained 0 seconds 0.01162284892052412
gxBQ_window_00_frame_0 pair 127 [8, 7] combined 20480 players 5526 retained 256 seconds 0.18659302173182368
gxBQ_window_00_frame_0 pair 128 [8, 9] combined 16384 players 64 retained 30 seconds 0.057998071890324354
gxBQ_window_00_frame_0 pair 129 [8, 10] combined 0 players 0 retained 0 seconds 0.0077252802439033985
gxBQ_window_00_frame_0 pair 132 [8, 13] combined 20480 players 8074 retained 256 seconds 0.32641461305320263
gxBQ_window_00_frame_0 pair 133 [8, 14] combined 20480 players 7250 retained 256 seconds 0.2939419150352478
gxBQ_window_00_frame_0 pair 134 [8, 15] combined 20480 players 7618 retained 256 seconds 0.28677543392404914
gxBQ_window_00_frame_0 pair 135 [9, 0] combined 134144 players 26184 retained 256 seconds 0.8637842913158238
gxBQ_window_00_frame_0 pair 137 [9, 2] combined 142336 players 52778 retained 256 seconds 1.3133548996411264
gxBQ_window_00_frame_0 pair 138 [9, 3] combined 2328 players 24 retained 12 seconds 0.03793050488457084
gxBQ_window_00_frame_0 pair 139 [9, 4] combined 2448 players 0 retained 0 seconds 0.27010246412828565
gxBQ_window_00_frame_0 pair 140 [9, 5] combined 133120 players 21556 retained 256 seconds 0.7604396450333297
gxBQ_window_00_frame_0 pair 142 [9, 7] combined 101672 players 8924 retained 256 seconds 0.38205159129574895
gxBQ_window_00_frame_0 pair 143 [9, 8] combined 28944 players 70 retained 34 seconds 0.07949424395337701
gxBQ_window_00_frame_0 pair 145 [9, 11] combined 9900 players 238 retained 108 seconds 0.05337939318269491
gxBQ_window_00_frame_0 pair 147 [9, 13] combined 138240 players 44496 retained 256 seconds 1.2156873778440058
gxBQ_window_00_frame_0 pair 148 [9, 14] combined 135168 players 25444 retained 256 seconds 0.7839376400224864
gxBQ_window_00_frame_0 pair 149 [9, 15] combined 138240 players 29432 retained 256 seconds 0.9362291959114373
gxBQ_window_00_frame_0 pair 150 [10, 0] combined 0 players 0 retained 0 seconds 0.10980269033461809
gxBQ_window_00_frame_0 pair 152 [10, 2] combined 0 players 0 retained 0 seconds 0.020789147820323706
gxBQ_window_00_frame_0 pair 153 [10, 3] combined 0 players 0 retained 0 seconds 0.003706200048327446
gxBQ_window_00_frame_0 pair 155 [10, 5] combined 0 players 0 retained 0 seconds 0.06142744282260537
gxBQ_window_00_frame_0 pair 158 [10, 8] combined 0 players 0 retained 0 seconds 0.007302809972316027
gxBQ_window_00_frame_0 pair 160 [10, 11] combined 0 players 0 retained 0 seconds 0.0040323371067643166
gxBQ_window_00_frame_0 pair 162 [10, 13] combined 1024 players 0 retained 0 seconds 0.1251478879712522
gxBQ_window_00_frame_0 pair 163 [10, 14] combined 1024 players 0 retained 0 seconds 0.09461582498624921
gxBQ_window_00_frame_0 pair 164 [10, 15] combined 0 players 0 retained 0 seconds 0.07559323031455278
gxBQ_window_00_frame_0 pair 166 [11, 1] combined 16008 players 0 retained 0 seconds 0.03993841866031289
gxBQ_window_00_frame_0 pair 171 [11, 6] combined 192 players 0 retained 0 seconds 0.005052827298641205
gxBQ_window_00_frame_0 pair 172 [11, 7] combined 13312 players 398 retained 184 seconds 0.07535321870818734
gxBQ_window_00_frame_0 pair 174 [11, 9] combined 13716 players 0 retained 0 seconds 0.03482114989310503
gxBQ_window_00_frame_0 pair 175 [11, 10] combined 0 players 0 retained 0 seconds 0.004196102265268564
gxBQ_window_00_frame_0 pair 180 [12, 0] combined 0 players 0 retained 0 seconds 0.10773266106843948
gxBQ_window_00_frame_0 pair 182 [12, 2] combined 0 players 0 retained 0 seconds 0.018807892221957445
gxBQ_window_00_frame_0 pair 185 [12, 5] combined 0 players 0 retained 0 seconds 0.06740750512108207
gxBQ_window_00_frame_0 pair 186 [12, 6] combined 0 players 0 retained 0 seconds 0.003702061716467142
gxBQ_window_00_frame_0 pair 192 [12, 13] combined 0 players 0 retained 0 seconds 0.11883225897327065
gxBQ_window_00_frame_0 pair 193 [12, 14] combined 0 players 0 retained 0 seconds 0.09634987078607082
gxBQ_window_00_frame_0 pair 194 [12, 15] combined 0 players 0 retained 0 seconds 0.08426967123523355
gxBQ_window_00_frame_0 pair 196 [13, 1] combined 197632 players 83788 retained 256 seconds 2.051976799033582
gxBQ_window_00_frame_0 pair 198 [13, 3] combined 10240 players 4160 retained 256 seconds 0.2853944096714258
gxBQ_window_00_frame_0 pair 199 [13, 4] combined 0 players 0 retained 0 seconds 0.1600998630747199
gxBQ_window_00_frame_0 pair 201 [13, 6] combined 16384 players 6462 retained 256 seconds 0.3094688947312534
gxBQ_window_00_frame_0 pair 203 [13, 8] combined 34816 players 12400 retained 256 seconds 0.4623431982472539
gxBQ_window_00_frame_0 pair 204 [13, 9] combined 159744 players 65254 retained 256 seconds 2.0184625419788063
gxBQ_window_00_frame_0 pair 205 [13, 10] combined 7168 players 0 retained 0 seconds 0.15489899180829525
gxBQ_window_00_frame_0 pair 207 [13, 12] combined 0 players 0 retained 0 seconds 0.13323097210377455
gxBQ_window_00_frame_0 pair 211 [14, 1] combined 203776 players 85940 retained 256 seconds 2.155195035971701
gxBQ_window_00_frame_0 pair 213 [14, 3] combined 10240 players 4214 retained 256 seconds 0.24317072983831167
gxBQ_window_00_frame_0 pair 214 [14, 4] combined 0 players 0 retained 0 seconds 0.12062710803002119
gxBQ_window_00_frame_0 pair 216 [14, 6] combined 16384 players 6786 retained 256 seconds 0.29529187735170126
gxBQ_window_00_frame_0 pair 218 [14, 8] combined 34816 players 12092 retained 256 seconds 0.4333836887963116
gxBQ_window_00_frame_0 pair 219 [14, 9] combined 153600 players 64618 retained 256 seconds 1.5763102089986205
gxBQ_window_00_frame_0 pair 220 [14, 10] combined 10240 players 0 retained 0 seconds 0.12467957567423582
gxBQ_window_00_frame_0 pair 222 [14, 12] combined 0 players 0 retained 0 seconds 0.10577435279265046
gxBQ_window_00_frame_0 pair 226 [15, 1] combined 200704 players 82420 retained 256 seconds 2.3740730229765177
gxBQ_window_00_frame_0 pair 228 [15, 3] combined 10240 players 3786 retained 256 seconds 0.2185847470536828
gxBQ_window_00_frame_0 pair 229 [15, 4] combined 0 players 0 retained 0 seconds 0.10480868024751544
gxBQ_window_00_frame_0 pair 231 [15, 6] combined 14336 players 5930 retained 256 seconds 0.262243983335793
gxBQ_window_00_frame_0 pair 233 [15, 8] combined 34816 players 11806 retained 256 seconds 0.4084675209596753
gxBQ_window_00_frame_0 pair 234 [15, 9] combined 159744 players 63222 retained 256 seconds 1.5744073130190372
gxBQ_window_00_frame_0 pair 235 [15, 10] combined 14336 players 0 retained 0 seconds 0.12607622100040317
gxBQ_window_00_frame_0 pair 237 [15, 12] combined 0 players 0 retained 0 seconds 0.09441971080377698
[gxBQ_window_00_frame_0] line-template: preparing rectangles
[gxBQ_window_00_frame_0] measuring 768 parents (G0=256, G1=256, line_template=256; conflicting geometry groups=0)
[gxBQ_window_00_frame_0] parents 250/768
[gxBQ_window_00_frame_0] parents 500/768
[gxBQ_window_00_frame_0] parents 750/768
[gxBQ_window_00_frame_0] refitting 768 parents
[gxBQ_window_00_frame_0] refits 250/768; valid children=241
[gxBQ_window_00_frame_0] refits 500/768; valid children=466
[gxBQ_window_00_frame_0] refits 750/768; valid children=697
{"view_id": "gxBQ_window_00_frame_0", "chosen_key": "G0:22:5046/child", "no_court_reason": null, "all_checks_equal": true, "error": null}
shuttleset_03_scene_0019 pair 0 [0, 1] combined 262144 players 69820 retained 256 seconds 2.842717489693314
shuttleset_03_scene_0019 pair 1 [0, 2] combined 262144 players 63286 retained 256 seconds 2.635664352681488
shuttleset_03_scene_0019 pair 2 [0, 3] combined 223232 players 68940 retained 256 seconds 2.7766444608569145
shuttleset_03_scene_0019 pair 4 [0, 5] combined 262144 players 68980 retained 256 seconds 2.8219381319358945
shuttleset_03_scene_0019 pair 6 [0, 7] combined 142336 players 41158 retained 256 seconds 1.923363204114139
shuttleset_03_scene_0019 pair 7 [0, 8] combined 262144 players 20006 retained 256 seconds 1.7466545500792563
shuttleset_03_scene_0019 pair 8 [0, 9] combined 208896 players 55182 retained 256 seconds 2.4418709790334105
shuttleset_03_scene_0019 pair 9 [0, 10] combined 262144 players 73274 retained 256 seconds 2.980183179024607
shuttleset_03_scene_0019 pair 10 [0, 11] combined 262144 players 112382 retained 256 seconds 3.58033914770931
shuttleset_03_scene_0019 pair 11 [0, 12] combined 22528 players 1266 retained 256 seconds 1.0706660049036145
shuttleset_03_scene_0019 pair 12 [0, 13] combined 1024 players 4 retained 2 seconds 0.9871442317962646
shuttleset_03_scene_0019 pair 13 [0, 14] combined 74752 players 15724 retained 256 seconds 1.380662681069225
shuttleset_03_scene_0019 pair 14 [0, 15] combined 43008 players 9672 retained 256 seconds 1.2119242418557405
shuttleset_03_scene_0019 pair 15 [1, 0] combined 262144 players 85890 retained 256 seconds 2.928915151860565
shuttleset_03_scene_0019 pair 16 [1, 2] combined 262144 players 23276 retained 256 seconds 1.037877975963056
shuttleset_03_scene_0019 pair 18 [1, 4] combined 262144 players 66348 retained 256 seconds 1.9937821011990309
shuttleset_03_scene_0019 pair 20 [1, 6] combined 173056 players 41502 retained 256 seconds 1.2112024021334946
shuttleset_03_scene_0019 pair 21 [1, 7] combined 231424 players 17890 retained 256 seconds 1.0347302919253707
shuttleset_03_scene_0019 pair 22 [1, 8] combined 172032 players 35638 retained 256 seconds 1.093909788876772
shuttleset_03_scene_0019 pair 25 [1, 11] combined 212992 players 22216 retained 256 seconds 0.9043249650858343
shuttleset_03_scene_0019 pair 26 [1, 12] combined 33792 players 5176 retained 256 seconds 0.3250339669175446
shuttleset_03_scene_0019 pair 27 [1, 13] combined 5120 players 1280 retained 256 seconds 0.1853826381266117
shuttleset_03_scene_0019 pair 30 [2, 0] combined 262144 players 87318 retained 256 seconds 2.8338215979747474
shuttleset_03_scene_0019 pair 31 [2, 1] combined 262144 players 3006 retained 256 seconds 0.6479951799847186
shuttleset_03_scene_0019 pair 32 [2, 3] combined 262144 players 1392 retained 256 seconds 0.5749106341972947
shuttleset_03_scene_0019 pair 33 [2, 4] combined 262144 players 65550 retained 256 seconds 1.9266201280988753
shuttleset_03_scene_0019 pair 38 [2, 9] combined 241664 players 3250 retained 256 seconds 0.5934360567480326
shuttleset_03_scene_0019 pair 43 [2, 14] combined 77824 players 2964 retained 256 seconds 0.2956566568464041
shuttleset_03_scene_0019 pair 45 [3, 0] combined 262144 players 95192 retained 256 seconds 2.9666781867854297
shuttleset_03_scene_0019 pair 47 [3, 2] combined 262144 players 7258 retained 256 seconds 0.6971688573248684
shuttleset_03_scene_0019 pair 49 [3, 5] combined 262144 players 20156 retained 256 seconds 0.9331200607120991
shuttleset_03_scene_0019 pair 51 [3, 7] combined 256000 players 9284 retained 256 seconds 0.7031285921111703
shuttleset_03_scene_0019 pair 52 [3, 8] combined 176616 players 16564 retained 256 seconds 0.6886342759244144
shuttleset_03_scene_0019 pair 56 [3, 12] combined 26624 players 1200 retained 256 seconds 0.15345952613279223
shuttleset_03_scene_0019 pair 57 [3, 13] combined 3072 players 16 retained 8 seconds 0.07356320321559906
shuttleset_03_scene_0019 pair 59 [3, 15] combined 106496 players 1812 retained 256 seconds 0.44283718382939696
shuttleset_03_scene_0019 pair 61 [4, 1] combined 262144 players 71430 retained 256 seconds 1.9756964147090912
shuttleset_03_scene_0019 pair 62 [4, 2] combined 262144 players 52118 retained 256 seconds 1.7434469740837812
shuttleset_03_scene_0019 pair 64 [4, 5] combined 262144 players 70960 retained 256 seconds 1.9320326251909137
shuttleset_03_scene_0019 pair 66 [4, 7] combined 145408 players 41394 retained 256 seconds 1.1403782833367586
shuttleset_03_scene_0019 pair 69 [4, 10] combined 262144 players 64454 retained 256 seconds 1.991070424206555
shuttleset_03_scene_0019 pair 71 [4, 12] combined 16384 players 2254 retained 256 seconds 0.18882525200024247
shuttleset_03_scene_0019 pair 73 [4, 14] combined 74752 players 17510 retained 256 seconds 0.5953738931566477
shuttleset_03_scene_0019 pair 75 [5, 0] combined 262144 players 76852 retained 256 seconds 2.572771785315126
shuttleset_03_scene_0019 pair 78 [5, 3] combined 262144 players 35546 retained 256 seconds 1.413832597900182
shuttleset_03_scene_0019 pair 79 [5, 4] combined 262144 players 73728 retained 256 seconds 2.0090540908277035
shuttleset_03_scene_0019 pair 80 [5, 6] combined 176128 players 55288 retained 256 seconds 1.6011051321402192
shuttleset_03_scene_0019 pair 85 [5, 11] combined 199680 players 50868 retained 256 seconds 1.3769580898806453
shuttleset_03_scene_0019 pair 88 [5, 14] combined 103424 players 5232 retained 256 seconds 0.40440516686066985
shuttleset_03_scene_0019 pair 91 [6, 1] combined 258048 players 74742 retained 256 seconds 2.0435430579818785
shuttleset_03_scene_0019 pair 95 [6, 5] combined 259072 players 51416 retained 256 seconds 1.6751859881915152
shuttleset_03_scene_0019 pair 99 [6, 10] combined 256000 players 72788 retained 256 seconds 1.870846090838313
shuttleset_03_scene_0019 pair 105 [7, 0] combined 260096 players 82132 retained 256 seconds 2.7598239830695093
shuttleset_03_scene_0019 pair 106 [7, 1] combined 262144 players 8690 retained 256 seconds 0.7423550612293184
shuttleset_03_scene_0019 pair 108 [7, 3] combined 236544 players 1374 retained 256 seconds 0.4842796162702143
shuttleset_03_scene_0019 pair 109 [7, 4] combined 262144 players 60606 retained 256 seconds 1.712586413603276
shuttleset_03_scene_0019 pair 113 [7, 9] combined 225900 players 786 retained 256 seconds 0.469861235935241
shuttleset_03_scene_0019 pair 118 [7, 14] combined 65000 players 1574 retained 256 seconds 0.1955969757400453
shuttleset_03_scene_0019 pair 120 [8, 0] combined 262144 players 3888 retained 256 seconds 1.1203486719168723
shuttleset_03_scene_0019 pair 121 [8, 1] combined 251904 players 22694 retained 256 seconds 0.9655748731456697
shuttleset_03_scene_0019 pair 123 [8, 3] combined 233472 players 23630 retained 256 seconds 1.0906295799650252
shuttleset_03_scene_0019 pair 128 [8, 9] combined 262144 players 12296 retained 256 seconds 0.7351203067228198
shuttleset_03_scene_0019 pair 133 [8, 14] combined 67584 players 6994 retained 256 seconds 0.30160944117233157
shuttleset_03_scene_0019 pair 135 [9, 0] combined 262144 players 88060 retained 256 seconds 2.6871063327416778
shuttleset_03_scene_0019 pair 137 [9, 2] combined 262144 players 8392 retained 256 seconds 0.7012665099464357
shuttleset_03_scene_0019 pair 142 [9, 7] combined 257024 players 16876 retained 256 seconds 0.9988411604426801
shuttleset_03_scene_0019 pair 143 [9, 8] combined 189440 players 3754 retained 256 seconds 0.45884330943226814
shuttleset_03_scene_0019 pair 146 [9, 12] combined 25792 players 2676 retained 256 seconds 0.17037790082395077
shuttleset_03_scene_0019 pair 147 [9, 13] combined 3072 players 30 retained 15 seconds 0.06795354001224041
shuttleset_03_scene_0019 pair 149 [9, 15] combined 64512 players 1766 retained 256 seconds 0.21385313803330064
shuttleset_03_scene_0019 pair 150 [10, 0] combined 262144 players 85036 retained 256 seconds 2.6346282646991313
shuttleset_03_scene_0019 pair 154 [10, 4] combined 262144 players 67026 retained 256 seconds 2.0091787902638316
shuttleset_03_scene_0019 pair 156 [10, 6] combined 176128 players 31092 retained 256 seconds 0.9527520728297532
shuttleset_03_scene_0019 pair 160 [10, 11] combined 220160 players 9390 retained 256 seconds 0.6483903271146119
shuttleset_03_scene_0019 pair 163 [10, 14] combined 77824 players 9822 retained 256 seconds 0.4034332251176238
shuttleset_03_scene_0019 pair 165 [11, 0] combined 219136 players 11780 retained 256 seconds 1.237793150357902
shuttleset_03_scene_0019 pair 166 [11, 1] combined 262144 players 35692 retained 256 seconds 1.206880679819733
shuttleset_03_scene_0019 pair 170 [11, 5] combined 262144 players 42448 retained 256 seconds 1.3201138102449477
shuttleset_03_scene_0019 pair 175 [11, 10] combined 262144 players 10156 retained 256 seconds 0.7232641926966608
shuttleset_03_scene_0019 pair 180 [12, 0] combined 32768 players 1030 retained 256 seconds 0.6893400126136839
shuttleset_03_scene_0019 pair 181 [12, 1] combined 12288 players 652 retained 256 seconds 0.14706835383549333
shuttleset_03_scene_0019 pair 183 [12, 3] combined 38912 players 382 retained 172 seconds 0.328682032879442
shuttleset_03_scene_0019 pair 184 [12, 4] combined 24576 players 2404 retained 256 seconds 0.16222354909405112
shuttleset_03_scene_0019 pair 189 [12, 9] combined 30100 players 434 retained 219 seconds 0.11449758196249604
shuttleset_03_scene_0019 pair 195 [13, 0] combined 5120 players 36 retained 18 seconds 0.6283596009016037
shuttleset_03_scene_0019 pair 196 [13, 1] combined 2048 players 396 retained 174 seconds 0.11797568574547768
shuttleset_03_scene_0019 pair 198 [13, 3] combined 3072 players 192 retained 95 seconds 0.06506071891635656
shuttleset_03_scene_0019 pair 204 [13, 9] combined 2048 players 110 retained 50 seconds 0.05511739011853933
shuttleset_03_scene_0019 pair 208 [13, 14] combined 2016 players 0 retained 0 seconds 0.01957406336441636
shuttleset_03_scene_0019 pair 210 [14, 0] combined 135168 players 40620 retained 256 seconds 1.5885940599255264
shuttleset_03_scene_0019 pair 212 [14, 2] combined 120832 players 10380 retained 256 seconds 0.4798825238831341
shuttleset_03_scene_0019 pair 214 [14, 4] combined 128000 players 36490 retained 256 seconds 0.988298837095499
shuttleset_03_scene_0019 pair 215 [14, 5] combined 112640 players 5894 retained 256 seconds 0.3962975861504674
shuttleset_03_scene_0019 pair 217 [14, 7] combined 85432 players 1588 retained 256 seconds 0.22861997922882438
shuttleset_03_scene_0019 pair 218 [14, 8] combined 82960 players 14852 retained 256 seconds 0.4620798318646848
shuttleset_03_scene_0019 pair 220 [14, 10] combined 107520 players 4140 retained 256 seconds 0.3400157131254673
shuttleset_03_scene_0019 pair 223 [14, 13] combined 0 players 0 retained 0 seconds 0.02491076197475195
shuttleset_03_scene_0019 pair 224 [14, 15] combined 50592 players 624 retained 256 seconds 0.1438767248764634
shuttleset_03_scene_0019 pair 225 [15, 0] combined 70656 players 21954 retained 256 seconds 1.3505348609760404
shuttleset_03_scene_0019 pair 228 [15, 3] combined 43008 players 1124 retained 256 seconds 0.1696861577220261
shuttleset_03_scene_0019 pair 234 [15, 9] combined 81920 players 3214 retained 256 seconds 0.26426382595673203
shuttleset_03_scene_0019 pair 239 [15, 14] combined 25740 players 380 retained 166 seconds 0.09851320693269372
shuttleset_03_scene_0019 pair 0 [0, 1] combined 114688 players 26038 retained 256 seconds 1.2609834922477603
shuttleset_03_scene_0019 pair 1 [0, 2] combined 67584 players 20618 retained 256 seconds 1.0882970779202878
shuttleset_03_scene_0019 pair 2 [0, 3] combined 1024 players 332 retained 111 seconds 0.568433784879744
shuttleset_03_scene_0019 pair 4 [0, 5] combined 94208 players 20224 retained 256 seconds 1.1107596443034708
shuttleset_03_scene_0019 pair 6 [0, 7] combined 23552 players 6172 retained 256 seconds 0.7418715879321098
shuttleset_03_scene_0019 pair 7 [0, 8] combined 46080 players 1548 retained 256 seconds 0.689597518183291
shuttleset_03_scene_0019 pair 8 [0, 9] combined 4096 players 1290 retained 256 seconds 0.6164078149013221
shuttleset_03_scene_0019 pair 9 [0, 10] combined 43008 players 11056 retained 256 seconds 0.8517788331955671
shuttleset_03_scene_0019 pair 10 [0, 11] combined 8192 players 2942 retained 256 seconds 0.6252489937469363
shuttleset_03_scene_0019 pair 11 [0, 12] combined 44032 players 2316 retained 256 seconds 0.7102811308577657
shuttleset_03_scene_0019 pair 12 [0, 13] combined 0 players 0 retained 0 seconds 0.5555424140766263
shuttleset_03_scene_0019 pair 13 [0, 14] combined 28672 players 5930 retained 256 seconds 0.743194118142128
shuttleset_03_scene_0019 pair 14 [0, 15] combined 8192 players 1988 retained 256 seconds 0.626826073974371
shuttleset_03_scene_0019 pair 15 [1, 0] combined 215040 players 57344 retained 256 seconds 2.032043724320829
shuttleset_03_scene_0019 pair 16 [1, 2] combined 140160 players 10420 retained 256 seconds 0.4801080315373838
shuttleset_03_scene_0019 pair 18 [1, 4] combined 101016 players 25520 retained 256 seconds 0.7009510523639619
shuttleset_03_scene_0019 pair 20 [1, 6] combined 0 players 0 retained 0 seconds 0.03736146818846464
shuttleset_03_scene_0019 pair 21 [1, 7] combined 24000 players 452 retained 228 seconds 0.10680328216403723
shuttleset_03_scene_0019 pair 22 [1, 8] combined 15916 players 4970 retained 256 seconds 0.1772267511114478
shuttleset_03_scene_0019 pair 25 [1, 11] combined 3576 players 76 retained 38 seconds 0.052708505652844906
shuttleset_03_scene_0019 pair 26 [1, 12] combined 40320 players 5246 retained 256 seconds 0.2278142492286861
shuttleset_03_scene_0019 pair 27 [1, 13] combined 0 players 0 retained 0 seconds 0.0338232540525496
shuttleset_03_scene_0019 pair 30 [2, 0] combined 96256 players 30958 retained 256 seconds 1.1024461779743433
shuttleset_03_scene_0019 pair 31 [2, 1] combined 87292 players 3418 retained 256 seconds 0.27925123600289226
shuttleset_03_scene_0019 pair 32 [2, 3] combined 1380 players 0 retained 0 seconds 0.033971103839576244
shuttleset_03_scene_0019 pair 33 [2, 4] combined 39516 players 12070 retained 256 seconds 0.3546694740653038
shuttleset_03_scene_0019 pair 38 [2, 9] combined 4160 players 44 retained 22 seconds 0.05085292086005211
shuttleset_03_scene_0019 pair 43 [2, 14] combined 13520 players 192 retained 96 seconds 0.07254023989662528
shuttleset_03_scene_0019 pair 45 [3, 0] combined 5120 players 1838 retained 256 seconds 0.44074141699820757
shuttleset_03_scene_0019 pair 47 [3, 2] combined 3264 players 0 retained 0 seconds 0.028542375192046165
shuttleset_03_scene_0019 pair 49 [3, 5] combined 4004 players 204 retained 102 seconds 0.04721320979297161
shuttleset_03_scene_0019 pair 51 [3, 7] combined 828 players 84 retained 42 seconds 0.027456673327833414
shuttleset_03_scene_0019 pair 52 [3, 8] combined 240 players 0 retained 0 seconds 0.010637029074132442
shuttleset_03_scene_0019 pair 56 [3, 12] combined 320 players 0 retained 0 seconds 0.012350716162472963
shuttleset_03_scene_0019 pair 57 [3, 13] combined 0 players 0 retained 0 seconds 0.007200176827609539
shuttleset_03_scene_0019 pair 59 [3, 15] combined 304 players 0 retained 0 seconds 0.011410385835915804
shuttleset_03_scene_0019 pair 61 [4, 1] combined 70620 players 20988 retained 256 seconds 0.5902064619585872
shuttleset_03_scene_0019 pair 62 [4, 2] combined 45292 players 15380 retained 256 seconds 0.425305166747421
shuttleset_03_scene_0019 pair 64 [4, 5] combined 61200 players 18058 retained 256 seconds 0.8053048378787935
shuttleset_03_scene_0019 pair 66 [4, 7] combined 16848 players 4756 retained 256 seconds 0.17851916514337063
shuttleset_03_scene_0019 pair 69 [4, 10] combined 29624 players 10890 retained 256 seconds 0.31314159324392676
shuttleset_03_scene_0019 pair 71 [4, 12] combined 29256 players 5262 retained 256 seconds 0.21922352584078908
shuttleset_03_scene_0019 pair 73 [4, 14] combined 20400 players 4840 retained 256 seconds 0.19212640402838588
shuttleset_03_scene_0019 pair 75 [5, 0] combined 171008 players 44574 retained 256 seconds 1.5216553062200546
shuttleset_03_scene_0019 pair 78 [5, 3] combined 4060 players 710 retained 256 seconds 0.0831730468198657
shuttleset_03_scene_0019 pair 79 [5, 4] combined 73476 players 22286 retained 256 seconds 0.6074865241535008
shuttleset_03_scene_0019 pair 80 [5, 6] combined 0 players 0 retained 0 seconds 0.033133366610854864
shuttleset_03_scene_0019 pair 85 [5, 11] combined 4008 players 630 retained 256 seconds 0.07467614486813545
shuttleset_03_scene_0019 pair 88 [5, 14] combined 19376 players 236 retained 118 seconds 0.08395869005471468
shuttleset_03_scene_0019 pair 91 [6, 1] combined 0 players 0 retained 0 seconds 0.021041702944785357
shuttleset_03_scene_0019 pair 95 [6, 5] combined 0 players 0 retained 0 seconds 0.01780776586383581
shuttleset_03_scene_0019 pair 99 [6, 10] combined 0 players 0 retained 0 seconds 0.011462811846286058
shuttleset_03_scene_0019 pair 105 [7, 0] combined 40960 players 12602 retained 256 seconds 0.6857685260474682
shuttleset_03_scene_0019 pair 106 [7, 1] combined 14600 players 128 retained 64 seconds 0.07046517636626959
shuttleset_03_scene_0019 pair 108 [7, 3] combined 624 players 170 retained 85 seconds 0.03187398985028267
shuttleset_03_scene_0019 pair 109 [7, 4] combined 19680 players 5636 retained 256 seconds 0.19355908827856183
shuttleset_03_scene_0019 pair 113 [7, 9] combined 1204 players 88 retained 44 seconds 0.030795037746429443
shuttleset_03_scene_0019 pair 118 [7, 14] combined 1836 players 170 retained 85 seconds 0.03423982299864292
shuttleset_03_scene_0019 pair 120 [8, 0] combined 48128 players 298 retained 149 seconds 0.4579937909729779
shuttleset_03_scene_0019 pair 121 [8, 1] combined 15096 players 3754 retained 256 seconds 0.1423817379400134
shuttleset_03_scene_0019 pair 123 [8, 3] combined 1320 players 378 retained 189 seconds 0.04004020430147648
shuttleset_03_scene_0019 pair 128 [8, 9] combined 740 players 224 retained 112 seconds 0.031995662953704596
shuttleset_03_scene_0019 pair 133 [8, 14] combined 3360 players 528 retained 256 seconds 0.05200959788635373
shuttleset_03_scene_0019 pair 135 [9, 0] combined 6144 players 2044 retained 256 seconds 0.43798457318916917
shuttleset_03_scene_0019 pair 137 [9, 2] combined 3528 players 226 retained 113 seconds 0.0490881372243166
shuttleset_03_scene_0019 pair 142 [9, 7] combined 1248 players 144 retained 72 seconds 0.030567027162760496
shuttleset_03_scene_0019 pair 143 [9, 8] combined 384 players 168 retained 84 seconds 0.02859359933063388
shuttleset_03_scene_0019 pair 146 [9, 12] combined 1148 players 62 retained 31 seconds 0.027405594009906054
shuttleset_03_scene_0019 pair 147 [9, 13] combined 0 players 0 retained 0 seconds 0.007941621821373701
shuttleset_03_scene_0019 pair 149 [9, 15] combined 720 players 80 retained 40 seconds 0.02675451012328267
shuttleset_03_scene_0019 pair 150 [10, 0] combined 76800 players 18932 retained 256 seconds 0.8672089311294258
shuttleset_03_scene_0019 pair 154 [10, 4] combined 37440 players 10360 retained 256 seconds 0.325357882771641
shuttleset_03_scene_0019 pair 156 [10, 6] combined 0 players 0 retained 0 seconds 0.0179932601749897
shuttleset_03_scene_0019 pair 160 [10, 11] combined 1560 players 108 retained 54 seconds 0.035147983115166426
shuttleset_03_scene_0019 pair 163 [10, 14] combined 4392 players 24 retained 12 seconds 0.04035625187680125
shuttleset_03_scene_0019 pair 165 [11, 0] combined 4096 players 212 retained 106 seconds 0.38716064812615514
shuttleset_03_scene_0019 pair 166 [11, 1] combined 7072 players 1308 retained 256 seconds 0.08356943307444453
shuttleset_03_scene_0019 pair 170 [11, 5] combined 5252 players 1140 retained 256 seconds 0.3661298449151218
shuttleset_03_scene_0019 pair 175 [11, 10] combined 2340 players 194 retained 97 seconds 0.03653579205274582
shuttleset_03_scene_0019 pair 180 [12, 0] combined 69632 players 218 retained 105 seconds 0.4948553880676627
shuttleset_03_scene_0019 pair 181 [12, 1] combined 16576 players 644 retained 256 seconds 0.08876977674663067
shuttleset_03_scene_0019 pair 183 [12, 3] combined 1584 players 0 retained 0 seconds 0.015582043211907148
shuttleset_03_scene_0019 pair 184 [12, 4] combined 39072 players 3372 retained 256 seconds 0.17898577312007546
shuttleset_03_scene_0019 pair 189 [12, 9] combined 1512 players 0 retained 0 seconds 0.016078910790383816
shuttleset_03_scene_0019 pair 195 [13, 0] combined 0 players 0 retained 0 seconds 0.34433656791225076
shuttleset_03_scene_0019 pair 196 [13, 1] combined 920 players 284 retained 136 seconds 0.04461175436154008
shuttleset_03_scene_0019 pair 198 [13, 3] combined 96 players 0 retained 0 seconds 0.006857713684439659
shuttleset_03_scene_0019 pair 204 [13, 9] combined 48 players 16 retained 8 seconds 0.01798046426847577
shuttleset_03_scene_0019 pair 208 [13, 14] combined 0 players 0 retained 0 seconds 0.007491452153772116
shuttleset_03_scene_0019 pair 210 [14, 0] combined 47104 players 13750 retained 256 seconds 0.6962008229456842
shuttleset_03_scene_0019 pair 212 [14, 2] combined 15792 players 1482 retained 256 seconds 0.1088147908449173
shuttleset_03_scene_0019 pair 214 [14, 4] combined 29440 players 10800 retained 256 seconds 0.30483293114230037
shuttleset_03_scene_0019 pair 215 [14, 5] combined 26316 players 1660 retained 256 seconds 0.12694502715021372
shuttleset_03_scene_0019 pair 217 [14, 7] combined 3400 players 144 retained 72 seconds 0.036380660720169544
shuttleset_03_scene_0019 pair 218 [14, 8] combined 4560 players 1062 retained 256 seconds 0.0661446787416935
shuttleset_03_scene_0019 pair 220 [14, 10] combined 6256 players 112 retained 56 seconds 0.04328634683042765
shuttleset_03_scene_0019 pair 223 [14, 13] combined 0 players 0 retained 0 seconds 0.010485788341611624
shuttleset_03_scene_0019 pair 224 [14, 15] combined 2964 players 0 retained 0 seconds 0.018491906113922596
shuttleset_03_scene_0019 pair 225 [15, 0] combined 12288 players 3776 retained 256 seconds 0.4742670920677483
shuttleset_03_scene_0019 pair 228 [15, 3] combined 384 players 0 retained 0 seconds 0.01230381103232503
shuttleset_03_scene_0019 pair 234 [15, 9] combined 828 players 72 retained 36 seconds 0.02597466018050909
shuttleset_03_scene_0019 pair 239 [15, 14] combined 1152 players 0 retained 0 seconds 0.01455375598743558
[shuttleset_03_scene_0019] line-template: preparing rectangles
[shuttleset_03_scene_0019] measuring 768 parents (G0=256, G1=256, line_template=256; conflicting geometry groups=0)
[shuttleset_03_scene_0019] parents 250/768
[shuttleset_03_scene_0019] parents 500/768
[shuttleset_03_scene_0019] parents 750/768
[shuttleset_03_scene_0019] refitting 768 parents
[shuttleset_03_scene_0019] refits 250/768; valid children=150
[shuttleset_03_scene_0019] refits 500/768; valid children=397
[shuttleset_03_scene_0019] refits 750/768; valid children=619
{"view_id": "shuttleset_03_scene_0019", "chosen_key": "G1:1:11599/child", "no_court_reason": null, "all_checks_equal": true, "error": null}
{"views": ["gxBQ_window_00_frame_0", "shuttleset_03_scene_0019"], "startup_seconds": 0.03713738406077027, "wall_seconds": 934.2938975999132, "peak_rss_mb": 2268.640625, "failed": []}
