decoded <remote>/paint_geometry_20260909/gx_extension/videos/gxBQ_HwdgN4.mp4 to frame 185 in 1s
decoded /scratch/cmarti/issue103_ad8da4f/external/shuttleset-sources/3 Kento_MOMOTA_CHOU_Tien_Chen_KOREA_OPEN_2019_Final.mp4 to frame 67712 in 470s
decoded <remote>/player_guided_20260908/videos/Cb-xs5rPyxI_gameplay.mp4 to frame 90 in 0s
gxBQ_window_00_frame_5 pair 0 [0, 1] combined 262144 players 61034 retained 256 seconds 5.051956102717668
gxBQ_window_00_frame_5 pair 2 [0, 3] combined 262144 players 83224 retained 256 seconds 5.850571241229773
gxBQ_window_00_frame_5 pair 4 [0, 5] combined 87040 players 25588 retained 256 seconds 4.350197148974985
gxBQ_window_00_frame_5 pair 6 [0, 7] combined 199680 players 30162 retained 256 seconds 3.6010266011580825
gxBQ_window_00_frame_5 pair 7 [0, 8] combined 35840 players 8074 retained 256 seconds 2.451715236995369
gxBQ_window_00_frame_5 pair 9 [0, 10] combined 29696 players 12064 retained 256 seconds 3.5176128218881786
gxBQ_window_00_frame_5 pair 10 [0, 11] combined 262144 players 22982 retained 256 seconds 4.182487244717777
gxBQ_window_00_frame_5 pair 15 [1, 0] combined 262144 players 50320 retained 256 seconds 5.588990193326026
gxBQ_window_00_frame_5 pair 16 [1, 2] combined 262144 players 78012 retained 256 seconds 4.492571530863643
gxBQ_window_00_frame_5 pair 17 [1, 3] combined 262144 players 4598 retained 256 seconds 1.0963829709216952
gxBQ_window_00_frame_5 pair 18 [1, 4] combined 262144 players 88650 retained 256 seconds 4.408642869908363
gxBQ_window_00_frame_5 pair 19 [1, 5] combined 155648 players 7900 retained 256 seconds 0.8533213939517736
gxBQ_window_00_frame_5 pair 20 [1, 6] combined 262144 players 23954 retained 256 seconds 1.6433465462177992
gxBQ_window_00_frame_5 pair 24 [1, 10] combined 40960 players 466 retained 229 seconds 0.29142680717632174
gxBQ_window_00_frame_5 pair 25 [1, 11] combined 262144 players 3588 retained 256 seconds 1.0389372068457305
gxBQ_window_00_frame_5 pair 26 [1, 12] combined 262144 players 54304 retained 256 seconds 5.763585853390396
gxBQ_window_00_frame_5 pair 27 [1, 13] combined 262144 players 75402 retained 256 seconds 6.393133278936148
gxBQ_window_00_frame_5 pair 28 [1, 14] combined 262144 players 68056 retained 256 seconds 6.270636821631342
gxBQ_window_00_frame_5 pair 29 [1, 15] combined 262144 players 82628 retained 256 seconds 6.010163512080908
gxBQ_window_00_frame_5 pair 31 [2, 1] combined 262144 players 90850 retained 256 seconds 4.5036397580988705
gxBQ_window_00_frame_5 pair 32 [2, 3] combined 262144 players 80176 retained 256 seconds 4.266567960381508
gxBQ_window_00_frame_5 pair 34 [2, 5] combined 90112 players 33602 retained 256 seconds 2.406775414943695
gxBQ_window_00_frame_5 pair 36 [2, 7] combined 200704 players 47630 retained 256 seconds 2.8744559790939093
gxBQ_window_00_frame_5 pair 37 [2, 8] combined 49152 players 9798 retained 256 seconds 1.1734180632047355
gxBQ_window_00_frame_5 pair 39 [2, 10] combined 23552 players 10582 retained 256 seconds 1.505257367156446
gxBQ_window_00_frame_5 pair 40 [2, 11] combined 262144 players 43288 retained 256 seconds 3.112305029761046
gxBQ_window_00_frame_5 pair 45 [3, 0] combined 262144 players 79308 retained 256 seconds 6.224115964025259
gxBQ_window_00_frame_5 pair 46 [3, 1] combined 262144 players 2968 retained 256 seconds 1.0423343940638006
gxBQ_window_00_frame_5 pair 47 [3, 2] combined 262144 players 94000 retained 256 seconds 4.7385946130380034
gxBQ_window_00_frame_5 pair 48 [3, 4] combined 262144 players 76828 retained 256 seconds 3.9711653641425073
gxBQ_window_00_frame_5 pair 51 [3, 7] combined 212992 players 4786 retained 256 seconds 0.871386875398457
gxBQ_window_00_frame_5 pair 53 [3, 9] combined 168960 players 17686 retained 256 seconds 1.2270137127488852
gxBQ_window_00_frame_5 pair 56 [3, 12] combined 262144 players 75472 retained 256 seconds 5.820153546985239
gxBQ_window_00_frame_5 pair 57 [3, 13] combined 262144 players 84966 retained 256 seconds 6.405584845691919
gxBQ_window_00_frame_5 pair 58 [3, 14] combined 262144 players 77038 retained 256 seconds 6.230718401260674
gxBQ_window_00_frame_5 pair 59 [3, 15] combined 262144 players 96676 retained 256 seconds 6.327771175187081
gxBQ_window_00_frame_5 pair 61 [4, 1] combined 262144 players 34748 retained 256 seconds 2.463295350316912
gxBQ_window_00_frame_5 pair 63 [4, 3] combined 262144 players 83788 retained 256 seconds 4.347608821932226
gxBQ_window_00_frame_5 pair 64 [4, 5] combined 100352 players 39374 retained 256 seconds 2.429978871718049
gxBQ_window_00_frame_5 pair 66 [4, 7] combined 200704 players 15970 retained 256 seconds 1.5353150311857462
gxBQ_window_00_frame_5 pair 67 [4, 8] combined 38912 players 488 retained 240 seconds 0.5703085088171065
gxBQ_window_00_frame_5 pair 69 [4, 10] combined 26624 players 13004 retained 256 seconds 1.1330529036931694
gxBQ_window_00_frame_5 pair 70 [4, 11] combined 262144 players 72292 retained 256 seconds 3.521836042869836
gxBQ_window_00_frame_5 pair 75 [5, 0] combined 44032 players 12510 retained 256 seconds 3.0588998473249376
gxBQ_window_00_frame_5 pair 76 [5, 1] combined 23552 players 6004 retained 256 seconds 0.4464843566529453
gxBQ_window_00_frame_5 pair 77 [5, 2] combined 45056 players 13306 retained 256 seconds 1.3149889963679016
gxBQ_window_00_frame_5 pair 79 [5, 4] combined 44032 players 11930 retained 256 seconds 1.013223041780293
gxBQ_window_00_frame_5 pair 81 [5, 7] combined 48608 players 3230 retained 256 seconds 0.3196517191827297
gxBQ_window_00_frame_5 pair 82 [5, 8] combined 4480 players 664 retained 256 seconds 0.102218400221318
gxBQ_window_00_frame_5 pair 83 [5, 9] combined 42400 players 5768 retained 256 seconds 0.41366581805050373
gxBQ_window_00_frame_5 pair 86 [5, 12] combined 46080 players 11640 retained 256 seconds 3.2291003079153597
gxBQ_window_00_frame_5 pair 87 [5, 13] combined 44032 players 12788 retained 256 seconds 3.1914261640049517
gxBQ_window_00_frame_5 pair 88 [5, 14] combined 44032 players 11482 retained 256 seconds 3.2531250710599124
gxBQ_window_00_frame_5 pair 89 [5, 15] combined 45056 players 13746 retained 256 seconds 2.6322262887842953
gxBQ_window_00_frame_5 pair 91 [6, 1] combined 262144 players 26052 retained 256 seconds 1.8739348771050572
gxBQ_window_00_frame_5 pair 105 [7, 0] combined 94208 players 11424 retained 256 seconds 3.65435426030308
gxBQ_window_00_frame_5 pair 107 [7, 2] combined 96256 players 852 retained 256 seconds 1.185545314103365
gxBQ_window_00_frame_5 pair 108 [7, 3] combined 168960 players 4034 retained 256 seconds 0.7092956248670816
gxBQ_window_00_frame_5 pair 109 [7, 4] combined 98304 players 4820 retained 256 seconds 1.0087838149629533
gxBQ_window_00_frame_5 pair 110 [7, 5] combined 111936 players 3012 retained 256 seconds 0.49150213599205017
gxBQ_window_00_frame_5 pair 114 [7, 10] combined 38272 players 370 retained 187 seconds 0.18124145967885852
gxBQ_window_00_frame_5 pair 116 [7, 12] combined 95232 players 7294 retained 256 seconds 3.5005335421301425
gxBQ_window_00_frame_5 pair 117 [7, 13] combined 96256 players 9886 retained 256 seconds 3.5013493192382157
gxBQ_window_00_frame_5 pair 118 [7, 14] combined 97280 players 7212 retained 256 seconds 3.5227244263514876
gxBQ_window_00_frame_5 pair 119 [7, 15] combined 95232 players 3490 retained 256 seconds 2.686918801162392
gxBQ_window_00_frame_5 pair 120 [8, 0] combined 2048 players 56 retained 28 seconds 3.0196219328790903
gxBQ_window_00_frame_5 pair 122 [8, 2] combined 2048 players 156 retained 70 seconds 0.8290589009411633
gxBQ_window_00_frame_5 pair 124 [8, 4] combined 2048 players 84 retained 38 seconds 0.52169358311221
gxBQ_window_00_frame_5 pair 125 [8, 5] combined 15900 players 1446 retained 256 seconds 0.16165766306221485
gxBQ_window_00_frame_5 pair 129 [8, 10] combined 4284 players 60 retained 30 seconds 0.05437854211777449
gxBQ_window_00_frame_5 pair 131 [8, 12] combined 2048 players 132 retained 60 seconds 2.9747967696748674
gxBQ_window_00_frame_5 pair 132 [8, 13] combined 2048 players 96 retained 48 seconds 2.7852645027451217
gxBQ_window_00_frame_5 pair 133 [8, 14] combined 2048 players 104 retained 52 seconds 2.9566760221496224
gxBQ_window_00_frame_5 pair 134 [8, 15] combined 2048 players 60 retained 30 seconds 2.232943791896105
gxBQ_window_00_frame_5 pair 138 [9, 3] combined 91136 players 26270 retained 256 seconds 1.2773014889098704
gxBQ_window_00_frame_5 pair 140 [9, 5] combined 60976 players 21298 retained 256 seconds 1.0152548477053642
gxBQ_window_00_frame_5 pair 144 [9, 10] combined 11676 players 5026 retained 256 seconds 0.3190579912625253
gxBQ_window_00_frame_5 pair 150 [10, 0] combined 19456 players 5076 retained 256 seconds 2.895030693616718
gxBQ_window_00_frame_5 pair 151 [10, 1] combined 13312 players 1268 retained 256 seconds 0.2478458951227367
gxBQ_window_00_frame_5 pair 152 [10, 2] combined 16384 players 3914 retained 256 seconds 0.9450304568745196
gxBQ_window_00_frame_5 pair 154 [10, 4] combined 18432 players 2772 retained 256 seconds 0.598240477964282
gxBQ_window_00_frame_5 pair 157 [10, 7] combined 18396 players 412 retained 205 seconds 0.13312454521656036
gxBQ_window_00_frame_5 pair 158 [10, 8] combined 1476 players 48 retained 24 seconds 0.046835610177367926
gxBQ_window_00_frame_5 pair 159 [10, 9] combined 25800 players 2344 retained 256 seconds 0.24650496803224087
gxBQ_window_00_frame_5 pair 161 [10, 12] combined 17408 players 3588 retained 256 seconds 2.633271637838334
gxBQ_window_00_frame_5 pair 162 [10, 13] combined 15360 players 3486 retained 256 seconds 3.006931920070201
gxBQ_window_00_frame_5 pair 163 [10, 14] combined 16384 players 3718 retained 256 seconds 2.726442919112742
gxBQ_window_00_frame_5 pair 164 [10, 15] combined 15360 players 4062 retained 256 seconds 2.2103828079998493
gxBQ_window_00_frame_5 pair 165 [11, 0] combined 262144 players 22522 retained 256 seconds 4.328135089017451
gxBQ_window_00_frame_5 pair 166 [11, 1] combined 262144 players 822 retained 256 seconds 0.9516814388334751
gxBQ_window_00_frame_5 pair 167 [11, 2] combined 262144 players 41814 retained 256 seconds 3.028584860265255
gxBQ_window_00_frame_5 pair 169 [11, 4] combined 262144 players 56096 retained 256 seconds 3.012297426816076
gxBQ_window_00_frame_5 pair 176 [11, 12] combined 262144 players 20836 retained 256 seconds 4.433916935231537
gxBQ_window_00_frame_5 pair 177 [11, 13] combined 262144 players 31496 retained 256 seconds 4.543547396082431
gxBQ_window_00_frame_5 pair 178 [11, 14] combined 262144 players 29320 retained 256 seconds 4.684946435038
gxBQ_window_00_frame_5 pair 179 [11, 15] combined 262144 players 18548 retained 256 seconds 3.440904903691262
gxBQ_window_00_frame_5 pair 181 [12, 1] combined 262144 players 84116 retained 256 seconds 5.941935714799911
gxBQ_window_00_frame_5 pair 183 [12, 3] combined 262144 players 86708 retained 256 seconds 6.0203658998943865
gxBQ_window_00_frame_5 pair 185 [12, 5] combined 89088 players 26992 retained 256 seconds 4.415436829905957
gxBQ_window_00_frame_5 pair 187 [12, 7] combined 198656 players 59352 retained 256 seconds 4.53542243828997
gxBQ_window_00_frame_5 pair 188 [12, 8] combined 37888 players 11678 retained 256 seconds 2.657843711785972
gxBQ_window_00_frame_5 pair 190 [12, 10] combined 29696 players 11974 retained 256 seconds 4.066517616156489
gxBQ_window_00_frame_5 pair 191 [12, 11] combined 262144 players 26048 retained 256 seconds 4.365605493076146
gxBQ_window_00_frame_5 pair 196 [13, 1] combined 262144 players 77616 retained 256 seconds 5.605659349821508
gxBQ_window_00_frame_5 pair 198 [13, 3] combined 262144 players 85988 retained 256 seconds 6.245872515253723
gxBQ_window_00_frame_5 pair 200 [13, 5] combined 91136 players 32796 retained 256 seconds 4.648037902079523
gxBQ_window_00_frame_5 pair 202 [13, 7] combined 200704 players 33700 retained 256 seconds 3.673433625139296
gxBQ_window_00_frame_5 pair 203 [13, 8] combined 38912 players 7322 retained 256 seconds 2.5041607511229813
gxBQ_window_00_frame_5 pair 205 [13, 10] combined 23552 players 10546 retained 256 seconds 3.7876247582025826
gxBQ_window_00_frame_5 pair 206 [13, 11] combined 262144 players 46800 retained 256 seconds 4.918010205030441
gxBQ_window_00_frame_5 pair 211 [14, 1] combined 262144 players 75552 retained 256 seconds 5.841488967183977
gxBQ_window_00_frame_5 pair 213 [14, 3] combined 262144 players 86296 retained 256 seconds 6.22264166502282
gxBQ_window_00_frame_5 pair 215 [14, 5] combined 91136 players 28696 retained 256 seconds 4.6968935639597476
gxBQ_window_00_frame_5 pair 217 [14, 7] combined 200704 players 50376 retained 256 seconds 4.469936485402286
gxBQ_window_00_frame_5 pair 218 [14, 8] combined 40960 players 8982 retained 256 seconds 2.586594774853438
gxBQ_window_00_frame_5 pair 220 [14, 10] combined 26624 players 11200 retained 256 seconds 3.853358262218535
gxBQ_window_00_frame_5 pair 221 [14, 11] combined 262144 players 26034 retained 256 seconds 4.598435301799327
gxBQ_window_00_frame_5 pair 226 [15, 1] combined 262144 players 80914 retained 256 seconds 5.284833728801459
gxBQ_window_00_frame_5 pair 228 [15, 3] combined 262144 players 85946 retained 256 seconds 5.704889599233866
gxBQ_window_00_frame_5 pair 230 [15, 5] combined 90112 players 32480 retained 256 seconds 3.962652589660138
gxBQ_window_00_frame_5 pair 232 [15, 7] combined 198656 players 37800 retained 256 seconds 3.619237007573247
gxBQ_window_00_frame_5 pair 233 [15, 8] combined 41984 players 7418 retained 256 seconds 2.042314561083913
gxBQ_window_00_frame_5 pair 235 [15, 10] combined 25600 players 11112 retained 256 seconds 3.0408843578770757
gxBQ_window_00_frame_5 pair 236 [15, 11] combined 262144 players 25374 retained 256 seconds 3.690640825778246
gxBQ_window_00_frame_5 pair 0 [0, 1] combined 106496 players 41142 retained 256 seconds 1.9032481638714671
gxBQ_window_00_frame_5 pair 2 [0, 3] combined 37888 players 15960 retained 256 seconds 0.8983210320584476
gxBQ_window_00_frame_5 pair 4 [0, 5] combined 2048 players 960 retained 256 seconds 0.35978770395740867
gxBQ_window_00_frame_5 pair 6 [0, 7] combined 1024 players 416 retained 194 seconds 0.2537769456394017
gxBQ_window_00_frame_5 pair 7 [0, 8] combined 0 players 0 retained 0 seconds 0.20557773811742663
gxBQ_window_00_frame_5 pair 9 [0, 10] combined 0 players 0 retained 0 seconds 0.2520172158256173
gxBQ_window_00_frame_5 pair 10 [0, 11] combined 17408 players 4364 retained 256 seconds 0.445021681021899
gxBQ_window_00_frame_5 pair 15 [1, 0] combined 74752 players 15898 retained 256 seconds 0.9895602911710739
gxBQ_window_00_frame_5 pair 16 [1, 2] combined 64512 players 19872 retained 256 seconds 0.9845140520483255
gxBQ_window_00_frame_5 pair 17 [1, 3] combined 7120 players 290 retained 145 seconds 0.09281809581443667
gxBQ_window_00_frame_5 pair 18 [1, 4] combined 61776 players 22872 retained 256 seconds 1.3123412542045116
gxBQ_window_00_frame_5 pair 19 [1, 5] combined 236 players 0 retained 0 seconds 0.025078605860471725
gxBQ_window_00_frame_5 pair 20 [1, 6] combined 9108 players 518 retained 256 seconds 0.11247068690136075
gxBQ_window_00_frame_5 pair 24 [1, 10] combined 204 players 0 retained 0 seconds 0.021604751236736774
gxBQ_window_00_frame_5 pair 25 [1, 11] combined 5400 players 68 retained 32 seconds 0.0701867020688951
gxBQ_window_00_frame_5 pair 26 [1, 12] combined 69632 players 18040 retained 256 seconds 1.0480386554263532
gxBQ_window_00_frame_5 pair 27 [1, 13] combined 70656 players 21024 retained 256 seconds 1.1727197738364339
gxBQ_window_00_frame_5 pair 28 [1, 14] combined 68608 players 18072 retained 256 seconds 1.040397326927632
gxBQ_window_00_frame_5 pair 29 [1, 15] combined 68608 players 21812 retained 256 seconds 1.1393190752714872
gxBQ_window_00_frame_5 pair 31 [2, 1] combined 104448 players 36290 retained 256 seconds 1.5806718720123172
gxBQ_window_00_frame_5 pair 32 [2, 3] combined 37888 players 12868 retained 256 seconds 0.6402647811919451
gxBQ_window_00_frame_5 pair 34 [2, 5] combined 2048 players 892 retained 256 seconds 0.18028189707547426
gxBQ_window_00_frame_5 pair 36 [2, 7] combined 1024 players 440 retained 218 seconds 0.12302908208221197
gxBQ_window_00_frame_5 pair 37 [2, 8] combined 0 players 0 retained 0 seconds 0.06182774296030402
gxBQ_window_00_frame_5 pair 39 [2, 10] combined 0 players 0 retained 0 seconds 0.07848993316292763
gxBQ_window_00_frame_5 pair 40 [2, 11] combined 17408 players 3334 retained 256 seconds 0.2704804972745478
gxBQ_window_00_frame_5 pair 45 [3, 0] combined 17408 players 5464 retained 256 seconds 0.4693532953970134
gxBQ_window_00_frame_5 pair 46 [3, 1] combined 8908 players 140 retained 65 seconds 0.08389581693336368
gxBQ_window_00_frame_5 pair 47 [3, 2] combined 17408 players 4992 retained 256 seconds 0.31301318388432264
gxBQ_window_00_frame_5 pair 48 [3, 4] combined 13984 players 3092 retained 256 seconds 0.21715189795941114
gxBQ_window_00_frame_5 pair 51 [3, 7] combined 176 players 22 retained 11 seconds 0.035939550027251244
gxBQ_window_00_frame_5 pair 53 [3, 9] combined 0 players 0 retained 0 seconds 0.008729685097932816
gxBQ_window_00_frame_5 pair 56 [3, 12] combined 17408 players 4738 retained 256 seconds 0.4537118887528777
gxBQ_window_00_frame_5 pair 57 [3, 13] combined 17408 players 5528 retained 256 seconds 0.7250445559620857
gxBQ_window_00_frame_5 pair 58 [3, 14] combined 17408 players 4604 retained 256 seconds 0.46063479920849204
gxBQ_window_00_frame_5 pair 59 [3, 15] combined 17408 players 5130 retained 256 seconds 0.38879574509337544
gxBQ_window_00_frame_5 pair 61 [4, 1] combined 75480 players 23312 retained 256 seconds 1.021918089594692
gxBQ_window_00_frame_5 pair 63 [4, 3] combined 31680 players 10224 retained 256 seconds 0.4838192919269204
gxBQ_window_00_frame_5 pair 64 [4, 5] combined 2048 players 934 retained 256 seconds 0.13017608504742384
gxBQ_window_00_frame_5 pair 66 [4, 7] combined 520 players 182 retained 91 seconds 0.06916807405650616
gxBQ_window_00_frame_5 pair 67 [4, 8] combined 0 players 0 retained 0 seconds 0.029282632749527693
gxBQ_window_00_frame_5 pair 69 [4, 10] combined 0 players 0 retained 0 seconds 0.03840033710002899
gxBQ_window_00_frame_5 pair 70 [4, 11] combined 13736 players 3942 retained 256 seconds 0.2522764038294554
gxBQ_window_00_frame_5 pair 75 [5, 0] combined 0 players 0 retained 0 seconds 0.17193574784323573
gxBQ_window_00_frame_5 pair 76 [5, 1] combined 0 players 0 retained 0 seconds 0.019692406989634037
gxBQ_window_00_frame_5 pair 77 [5, 2] combined 0 players 0 retained 0 seconds 0.05354176089167595
gxBQ_window_00_frame_5 pair 79 [5, 4] combined 0 players 0 retained 0 seconds 0.027503902092576027
gxBQ_window_00_frame_5 pair 81 [5, 7] combined 0 players 0 retained 0 seconds 0.004217865876853466
gxBQ_window_00_frame_5 pair 82 [5, 8] combined 0 players 0 retained 0 seconds 0.0028051170520484447
gxBQ_window_00_frame_5 pair 83 [5, 9] combined 0 players 0 retained 0 seconds 0.0041826688684523106
gxBQ_window_00_frame_5 pair 86 [5, 12] combined 0 players 0 retained 0 seconds 0.18107236409559846
gxBQ_window_00_frame_5 pair 87 [5, 13] combined 0 players 0 retained 0 seconds 0.16574947070330381
gxBQ_window_00_frame_5 pair 88 [5, 14] combined 0 players 0 retained 0 seconds 0.1849814341403544
gxBQ_window_00_frame_5 pair 89 [5, 15] combined 0 players 0 retained 0 seconds 0.11327618081122637
gxBQ_window_00_frame_5 pair 91 [6, 1] combined 10488 players 592 retained 256 seconds 0.11846320889890194
gxBQ_window_00_frame_5 pair 105 [7, 0] combined 0 players 0 retained 0 seconds 0.18304474232718349
gxBQ_window_00_frame_5 pair 107 [7, 2] combined 0 players 0 retained 0 seconds 0.05624954076483846
gxBQ_window_00_frame_5 pair 108 [7, 3] combined 160 players 4 retained 2 seconds 0.03569590440019965
gxBQ_window_00_frame_5 pair 109 [7, 4] combined 0 players 0 retained 0 seconds 0.03117145085707307
gxBQ_window_00_frame_5 pair 110 [7, 5] combined 12 players 0 retained 0 seconds 0.004705488681793213
gxBQ_window_00_frame_5 pair 114 [7, 10] combined 0 players 0 retained 0 seconds 0.00414366414770484
gxBQ_window_00_frame_5 pair 116 [7, 12] combined 0 players 0 retained 0 seconds 0.18956034071743488
gxBQ_window_00_frame_5 pair 117 [7, 13] combined 0 players 0 retained 0 seconds 0.1728143710643053
gxBQ_window_00_frame_5 pair 118 [7, 14] combined 0 players 0 retained 0 seconds 0.19904073793441057
gxBQ_window_00_frame_5 pair 119 [7, 15] combined 0 players 0 retained 0 seconds 0.11818557698279619
gxBQ_window_00_frame_5 pair 120 [8, 0] combined 0 players 0 retained 0 seconds 0.18743732199072838
gxBQ_window_00_frame_5 pair 122 [8, 2] combined 0 players 0 retained 0 seconds 0.055176372174173594
gxBQ_window_00_frame_5 pair 124 [8, 4] combined 0 players 0 retained 0 seconds 0.028118211310356855
gxBQ_window_00_frame_5 pair 125 [8, 5] combined 0 players 0 retained 0 seconds 0.003180537838488817
gxBQ_window_00_frame_5 pair 129 [8, 10] combined 0 players 0 retained 0 seconds 0.0032386472448706627
gxBQ_window_00_frame_5 pair 131 [8, 12] combined 0 players 0 retained 0 seconds 0.19633843889459968
gxBQ_window_00_frame_5 pair 132 [8, 13] combined 0 players 0 retained 0 seconds 0.1603232561610639
gxBQ_window_00_frame_5 pair 133 [8, 14] combined 0 players 0 retained 0 seconds 0.20526850689202547
gxBQ_window_00_frame_5 pair 134 [8, 15] combined 0 players 0 retained 0 seconds 0.11679382901638746
gxBQ_window_00_frame_5 pair 138 [9, 3] combined 0 players 0 retained 0 seconds 0.0083932438865304
gxBQ_window_00_frame_5 pair 140 [9, 5] combined 0 players 0 retained 0 seconds 0.004647002089768648
gxBQ_window_00_frame_5 pair 144 [9, 10] combined 0 players 0 retained 0 seconds 0.004482623189687729
gxBQ_window_00_frame_5 pair 150 [10, 0] combined 0 players 0 retained 0 seconds 0.1727337148040533
gxBQ_window_00_frame_5 pair 151 [10, 1] combined 0 players 0 retained 0 seconds 0.01984097668901086
gxBQ_window_00_frame_5 pair 152 [10, 2] combined 0 players 0 retained 0 seconds 0.05158582702279091
gxBQ_window_00_frame_5 pair 154 [10, 4] combined 780 players 294 retained 146 seconds 0.07267287001013756
gxBQ_window_00_frame_5 pair 157 [10, 7] combined 0 players 0 retained 0 seconds 0.004543253220617771
gxBQ_window_00_frame_5 pair 158 [10, 8] combined 0 players 0 retained 0 seconds 0.003390632104128599
gxBQ_window_00_frame_5 pair 159 [10, 9] combined 0 players 0 retained 0 seconds 0.004163939971476793
gxBQ_window_00_frame_5 pair 161 [10, 12] combined 0 players 0 retained 0 seconds 0.1852376782335341
gxBQ_window_00_frame_5 pair 162 [10, 13] combined 0 players 0 retained 0 seconds 0.15166857279837132
gxBQ_window_00_frame_5 pair 163 [10, 14] combined 0 players 0 retained 0 seconds 0.19445235189050436
gxBQ_window_00_frame_5 pair 164 [10, 15] combined 0 players 0 retained 0 seconds 0.10779039096087217
gxBQ_window_00_frame_5 pair 165 [11, 0] combined 19456 players 4334 retained 256 seconds 0.4070101249963045
gxBQ_window_00_frame_5 pair 166 [11, 1] combined 10240 players 138 retained 63 seconds 0.08571441611275077
gxBQ_window_00_frame_5 pair 167 [11, 2] combined 20480 players 3884 retained 256 seconds 0.27915510116145015
gxBQ_window_00_frame_5 pair 169 [11, 4] combined 15540 players 3152 retained 256 seconds 0.21006249403581023
gxBQ_window_00_frame_5 pair 176 [11, 12] combined 19456 players 3928 retained 256 seconds 0.4080968517810106
gxBQ_window_00_frame_5 pair 177 [11, 13] combined 19456 players 4908 retained 256 seconds 0.41992105869576335
gxBQ_window_00_frame_5 pair 178 [11, 14] combined 19456 players 3988 retained 256 seconds 0.43740748800337315
gxBQ_window_00_frame_5 pair 179 [11, 15] combined 19456 players 3784 retained 256 seconds 0.3357408242300153
gxBQ_window_00_frame_5 pair 181 [12, 1] combined 104448 players 40990 retained 256 seconds 2.1738216429948807
gxBQ_window_00_frame_5 pair 183 [12, 3] combined 37888 players 15846 retained 256 seconds 0.8746956191025674
gxBQ_window_00_frame_5 pair 185 [12, 5] combined 2048 players 972 retained 256 seconds 0.35632653487846255
gxBQ_window_00_frame_5 pair 187 [12, 7] combined 1024 players 440 retained 201 seconds 0.2628242550417781
gxBQ_window_00_frame_5 pair 188 [12, 8] combined 0 players 0 retained 0 seconds 0.2126989820972085
gxBQ_window_00_frame_5 pair 190 [12, 10] combined 0 players 0 retained 0 seconds 0.26647079223766923
gxBQ_window_00_frame_5 pair 191 [12, 11] combined 17408 players 4454 retained 256 seconds 0.45662451162934303
gxBQ_window_00_frame_5 pair 196 [13, 1] combined 109568 players 43172 retained 256 seconds 2.0809113471768796
gxBQ_window_00_frame_5 pair 198 [13, 3] combined 37888 players 14626 retained 256 seconds 0.8761031739413738
gxBQ_window_00_frame_5 pair 200 [13, 5] combined 2048 players 950 retained 256 seconds 0.3341811881400645
gxBQ_window_00_frame_5 pair 202 [13, 7] combined 1024 players 424 retained 200 seconds 0.26148292189463973
gxBQ_window_00_frame_5 pair 203 [13, 8] combined 0 players 0 retained 0 seconds 0.18910348182544112
gxBQ_window_00_frame_5 pair 205 [13, 10] combined 0 players 0 retained 0 seconds 0.24856686033308506
gxBQ_window_00_frame_5 pair 206 [13, 11] combined 17408 players 3866 retained 256 seconds 0.4390921122394502
gxBQ_window_00_frame_5 pair 211 [14, 1] combined 110592 players 44424 retained 256 seconds 2.169067917857319
gxBQ_window_00_frame_5 pair 213 [14, 3] combined 37888 players 15982 retained 256 seconds 0.9543039980344474
gxBQ_window_00_frame_5 pair 215 [14, 5] combined 2048 players 972 retained 256 seconds 0.38084245612844825
gxBQ_window_00_frame_5 pair 217 [14, 7] combined 1024 players 462 retained 214 seconds 0.3166832928545773
gxBQ_window_00_frame_5 pair 218 [14, 8] combined 0 players 0 retained 0 seconds 0.24157070787623525
gxBQ_window_00_frame_5 pair 220 [14, 10] combined 0 players 0 retained 0 seconds 0.3067892645485699
gxBQ_window_00_frame_5 pair 221 [14, 11] combined 17408 players 3970 retained 256 seconds 0.48142165085300803
gxBQ_window_00_frame_5 pair 226 [15, 1] combined 104448 players 38784 retained 256 seconds 1.8115311120636761
gxBQ_window_00_frame_5 pair 228 [15, 3] combined 37888 players 13340 retained 256 seconds 0.7429384081624448
gxBQ_window_00_frame_5 pair 230 [15, 5] combined 2048 players 894 retained 256 seconds 0.2581829340197146
gxBQ_window_00_frame_5 pair 232 [15, 7] combined 1024 players 338 retained 163 seconds 0.5482184709981084
gxBQ_window_00_frame_5 pair 233 [15, 8] combined 0 players 0 retained 0 seconds 0.12690502405166626
gxBQ_window_00_frame_5 pair 235 [15, 10] combined 0 players 0 retained 0 seconds 0.16382158966735005
gxBQ_window_00_frame_5 pair 236 [15, 11] combined 17408 players 3558 retained 256 seconds 0.35605516005307436
[gxBQ_window_00_frame_5] line-template: preparing rectangles
[gxBQ_window_00_frame_5] measuring 768 parents (G0=256, G1=256, line_template=256; conflicting geometry groups=0)
[gxBQ_window_00_frame_5] parents 250/768
[gxBQ_window_00_frame_5] parents 500/768
[gxBQ_window_00_frame_5] parents 750/768
[gxBQ_window_00_frame_5] refitting 768 parents
[gxBQ_window_00_frame_5] refits 250/768; valid children=224
[gxBQ_window_00_frame_5] refits 500/768; valid children=462
[gxBQ_window_00_frame_5] refits 750/768; valid children=656
{"view_id": "gxBQ_window_00_frame_5", "chosen_key": "line_template:rectangle_85795:template_72/child", "no_court_reason": null, "all_checks_equal": true, "error": null}
shuttleset_03_scene_0034 pair 0 [0, 1] combined 262144 players 55874 retained 256 seconds 4.548583949916065
shuttleset_03_scene_0034 pair 1 [0, 2] combined 262144 players 49498 retained 256 seconds 4.063684302847832
shuttleset_03_scene_0034 pair 2 [0, 3] combined 262144 players 66236 retained 256 seconds 4.824833035003394
shuttleset_03_scene_0034 pair 4 [0, 5] combined 103424 players 23670 retained 256 seconds 2.5403583771549165
shuttleset_03_scene_0034 pair 5 [0, 6] combined 262144 players 60294 retained 256 seconds 4.512576899956912
shuttleset_03_scene_0034 pair 8 [0, 9] combined 262144 players 54861 retained 256 seconds 4.323197224643081
shuttleset_03_scene_0034 pair 10 [0, 11] combined 223232 players 24258 retained 256 seconds 2.811980613041669
shuttleset_03_scene_0034 pair 11 [0, 12] combined 226304 players 30840 retained 256 seconds 3.1928731063380837
shuttleset_03_scene_0034 pair 12 [0, 13] combined 262144 players 60092 retained 256 seconds 4.231823249720037
shuttleset_03_scene_0034 pair 13 [0, 14] combined 240640 players 40356 retained 256 seconds 3.5558410678058863
shuttleset_03_scene_0034 pair 14 [0, 15] combined 5120 players 1022 retained 256 seconds 1.2756818467751145
shuttleset_03_scene_0034 pair 15 [1, 0] combined 262144 players 55778 retained 256 seconds 3.9163958253338933
shuttleset_03_scene_0034 pair 16 [1, 2] combined 262144 players 3164 retained 256 seconds 1.3717094962485135
shuttleset_03_scene_0034 pair 18 [1, 4] combined 262144 players 64754 retained 256 seconds 3.7753244270570576
shuttleset_03_scene_0034 pair 21 [1, 7] combined 262144 players 25998 retained 256 seconds 2.4949254137463868
shuttleset_03_scene_0034 pair 22 [1, 8] combined 184320 players 41610 retained 256 seconds 2.3633900796994567
shuttleset_03_scene_0034 pair 23 [1, 9] combined 262144 players 10122 retained 256 seconds 1.6133032888174057
shuttleset_03_scene_0034 pair 24 [1, 10] combined 11264 players 1370 retained 256 seconds 0.4735283781774342
shuttleset_03_scene_0034 pair 26 [1, 12] combined 108544 players 17448 retained 256 seconds 1.3982961322180927
shuttleset_03_scene_0034 pair 28 [1, 14] combined 108544 players 7802 retained 256 seconds 1.0137545787729323
shuttleset_03_scene_0034 pair 29 [1, 15] combined 7168 players 358 retained 165 seconds 0.6211353950202465
shuttleset_03_scene_0034 pair 30 [2, 0] combined 262144 players 65348 retained 256 seconds 4.23823546199128
shuttleset_03_scene_0034 pair 31 [2, 1] combined 262144 players 2028 retained 256 seconds 1.2747946185991168
shuttleset_03_scene_0034 pair 32 [2, 3] combined 262144 players 2598 retained 256 seconds 1.200849159155041
shuttleset_03_scene_0034 pair 34 [2, 5] combined 165888 players 826 retained 256 seconds 0.7723470372147858
shuttleset_03_scene_0034 pair 35 [2, 6] combined 262144 players 7944 retained 256 seconds 1.5754681308753788
shuttleset_03_scene_0034 pair 40 [2, 11] combined 262144 players 1124 retained 256 seconds 1.0673243473283947
shuttleset_03_scene_0034 pair 45 [3, 0] combined 262144 players 70742 retained 256 seconds 4.333706817124039
shuttleset_03_scene_0034 pair 47 [3, 2] combined 262144 players 17864 retained 256 seconds 1.7609378220513463
shuttleset_03_scene_0034 pair 48 [3, 4] combined 262144 players 84418 retained 256 seconds 4.3936284808442
shuttleset_03_scene_0034 pair 51 [3, 7] combined 262144 players 35180 retained 256 seconds 2.717726936098188
shuttleset_03_scene_0034 pair 52 [3, 8] combined 146432 players 25446 retained 256 seconds 1.609417271334678
shuttleset_03_scene_0034 pair 53 [3, 9] combined 262144 players 10856 retained 256 seconds 1.46299205487594
shuttleset_03_scene_0034 pair 54 [3, 10] combined 10240 players 528 retained 256 seconds 0.29035369399935007
shuttleset_03_scene_0034 pair 56 [3, 12] combined 110592 players 28010 retained 256 seconds 1.613416648004204
shuttleset_03_scene_0034 pair 58 [3, 14] combined 115712 players 20792 retained 256 seconds 1.3567629978060722
shuttleset_03_scene_0034 pair 59 [3, 15] combined 7168 players 572 retained 256 seconds 0.2871714257635176
shuttleset_03_scene_0034 pair 61 [4, 1] combined 262144 players 65378 retained 256 seconds 3.942607969045639
shuttleset_03_scene_0034 pair 63 [4, 3] combined 262144 players 82056 retained 256 seconds 4.565066185314208
shuttleset_03_scene_0034 pair 64 [4, 5] combined 93184 players 30134 retained 256 seconds 1.672662498895079
shuttleset_03_scene_0034 pair 67 [4, 8] combined 262144 players 3318 retained 256 seconds 1.114095717202872
shuttleset_03_scene_0034 pair 69 [4, 10] combined 7168 players 2562 retained 256 seconds 0.3133580512367189
shuttleset_03_scene_0034 pair 70 [4, 11] combined 246784 players 36438 retained 256 seconds 2.353174564894289
shuttleset_03_scene_0034 pair 72 [4, 13] combined 262144 players 64320 retained 256 seconds 3.5200783698819578
shuttleset_03_scene_0034 pair 75 [5, 0] combined 152576 players 42418 retained 256 seconds 3.119795090984553
shuttleset_03_scene_0034 pair 77 [5, 2] combined 155648 players 3698 retained 256 seconds 0.8039200319908559
shuttleset_03_scene_0034 pair 79 [5, 4] combined 129024 players 42772 retained 256 seconds 2.163242124952376
shuttleset_03_scene_0034 pair 81 [5, 7] combined 134144 players 17492 retained 256 seconds 1.3032075939700007
shuttleset_03_scene_0034 pair 83 [5, 9] combined 134144 players 4594 retained 256 seconds 0.7160766031593084
shuttleset_03_scene_0034 pair 84 [5, 10] combined 6732 players 224 retained 112 seconds 0.11850442783907056
shuttleset_03_scene_0034 pair 86 [5, 12] combined 66000 players 10360 retained 256 seconds 0.7303915079683065
shuttleset_03_scene_0034 pair 87 [5, 13] combined 173056 players 7514 retained 256 seconds 1.2447906117886305
shuttleset_03_scene_0034 pair 88 [5, 14] combined 43524 players 2630 retained 256 seconds 0.35099582094699144
shuttleset_03_scene_0034 pair 90 [6, 0] combined 262144 players 60144 retained 256 seconds 3.9600492571480572
shuttleset_03_scene_0034 pair 92 [6, 2] combined 262144 players 20650 retained 256 seconds 1.7887187730520964
shuttleset_03_scene_0034 pair 97 [6, 8] combined 176128 players 27914 retained 256 seconds 1.6366315111517906
shuttleset_03_scene_0034 pair 98 [6, 9] combined 262144 players 7944 retained 256 seconds 1.541541364043951
shuttleset_03_scene_0034 pair 99 [6, 10] combined 8192 players 1114 retained 256 seconds 0.21774185309186578
shuttleset_03_scene_0034 pair 102 [6, 13] combined 262144 players 24448 retained 256 seconds 1.9519947851076722
shuttleset_03_scene_0034 pair 103 [6, 14] combined 106496 players 2174 retained 256 seconds 0.554768571164459
shuttleset_03_scene_0034 pair 106 [7, 1] combined 262144 players 21842 retained 256 seconds 2.166976171080023
shuttleset_03_scene_0034 pair 108 [7, 3] combined 262144 players 29112 retained 256 seconds 2.310958869289607
shuttleset_03_scene_0034 pair 110 [7, 5] combined 93184 players 10378 retained 256 seconds 1.0224339086562395
shuttleset_03_scene_0034 pair 112 [7, 8] combined 221184 players 9406 retained 256 seconds 1.373739852104336
shuttleset_03_scene_0034 pair 114 [7, 10] combined 6144 players 354 retained 129 seconds 0.37020269967615604
shuttleset_03_scene_0034 pair 115 [7, 11] combined 244736 players 14540 retained 256 seconds 1.6672617997974157
shuttleset_03_scene_0034 pair 117 [7, 13] combined 262144 players 23320 retained 256 seconds 2.3966705021448433
shuttleset_03_scene_0034 pair 121 [8, 1] combined 201728 players 41376 retained 256 seconds 2.5067996201105416
shuttleset_03_scene_0034 pair 123 [8, 3] combined 183296 players 57158 retained 256 seconds 2.9790006508119404
shuttleset_03_scene_0034 pair 124 [8, 4] combined 254976 players 5516 retained 256 seconds 1.1744695319794118
shuttleset_03_scene_0034 pair 126 [8, 6] combined 257024 players 50036 retained 256 seconds 3.112525015603751
shuttleset_03_scene_0034 pair 127 [8, 7] combined 262144 players 6200 retained 256 seconds 1.2927148109301925
shuttleset_03_scene_0034 pair 131 [8, 12] combined 132096 players 1504 retained 256 seconds 0.5686469632200897
shuttleset_03_scene_0034 pair 132 [8, 13] combined 185344 players 36398 retained 256 seconds 2.0921734939329326
shuttleset_03_scene_0034 pair 133 [8, 14] combined 131072 players 712 retained 256 seconds 0.5365471220575273
shuttleset_03_scene_0034 pair 135 [9, 0] combined 262144 players 56712 retained 256 seconds 3.742500860709697
shuttleset_03_scene_0034 pair 136 [9, 1] combined 262144 players 4066 retained 256 seconds 1.2626375621184707
shuttleset_03_scene_0034 pair 138 [9, 3] combined 262144 players 9368 retained 256 seconds 1.3660710379481316
shuttleset_03_scene_0034 pair 140 [9, 5] combined 110592 players 356 retained 179 seconds 0.48724602023139596
shuttleset_03_scene_0034 pair 141 [9, 6] combined 262144 players 5302 retained 256 seconds 1.4543326497077942
shuttleset_03_scene_0034 pair 145 [9, 11] combined 262144 players 1926 retained 256 seconds 1.0306666637770832
shuttleset_03_scene_0034 pair 151 [10, 1] combined 4096 players 100 retained 48 seconds 0.2327685751952231
shuttleset_03_scene_0034 pair 153 [10, 3] combined 5120 players 232 retained 99 seconds 0.16859106998890638
shuttleset_03_scene_0034 pair 154 [10, 4] combined 8192 players 3250 retained 256 seconds 0.28358605364337564
shuttleset_03_scene_0034 pair 155 [10, 5] combined 4152 players 204 retained 99 seconds 0.09113201359286904
shuttleset_03_scene_0034 pair 156 [10, 6] combined 14336 players 1342 retained 256 seconds 0.20096066081896424
shuttleset_03_scene_0034 pair 157 [10, 7] combined 12288 players 2816 retained 256 seconds 0.36299053486436605
shuttleset_03_scene_0034 pair 160 [10, 11] combined 7168 players 510 retained 226 seconds 0.13547549955546856
shuttleset_03_scene_0034 pair 165 [11, 0] combined 262144 players 40060 retained 256 seconds 3.133291562087834
shuttleset_03_scene_0034 pair 167 [11, 2] combined 262144 players 1144 retained 256 seconds 1.043389264959842
shuttleset_03_scene_0034 pair 169 [11, 4] combined 262144 players 42982 retained 256 seconds 2.6131299189291894
shuttleset_03_scene_0034 pair 172 [11, 7] combined 262144 players 17816 retained 256 seconds 1.749632413033396
shuttleset_03_scene_0034 pair 174 [11, 9] combined 262144 players 1278 retained 256 seconds 1.0061687249690294
shuttleset_03_scene_0034 pair 175 [11, 10] combined 10240 players 408 retained 202 seconds 0.15500921895727515
shuttleset_03_scene_0034 pair 176 [11, 12] combined 111616 players 12036 retained 256 seconds 1.2311264080926776
shuttleset_03_scene_0034 pair 177 [11, 13] combined 262144 players 3276 retained 256 seconds 1.128671761136502
shuttleset_03_scene_0034 pair 178 [11, 14] combined 111616 players 8576 retained 256 seconds 0.7855126829817891
shuttleset_03_scene_0034 pair 180 [12, 0] combined 71680 players 3660 retained 256 seconds 1.2217183629982173
shuttleset_03_scene_0034 pair 181 [12, 1] combined 174080 players 41938 retained 256 seconds 2.400824279990047
shuttleset_03_scene_0034 pair 183 [12, 3] combined 180224 players 59912 retained 256 seconds 3.0811588717624545
shuttleset_03_scene_0034 pair 185 [12, 5] combined 57316 players 16638 retained 256 seconds 0.9645749600604177
shuttleset_03_scene_0034 pair 188 [12, 8] combined 117468 players 404 retained 202 seconds 0.47610045224428177
shuttleset_03_scene_0034 pair 191 [12, 11] combined 136528 players 15746 retained 256 seconds 1.149631345178932
shuttleset_03_scene_0034 pair 195 [13, 0] combined 262144 players 61988 retained 256 seconds 4.425212268251926
shuttleset_03_scene_0034 pair 199 [13, 4] combined 262144 players 61630 retained 256 seconds 3.359341361094266
shuttleset_03_scene_0034 pair 200 [13, 5] combined 124928 players 4246 retained 256 seconds 0.7722074408084154
shuttleset_03_scene_0034 pair 201 [13, 6] combined 262144 players 21194 retained 256 seconds 1.8629493149928749
shuttleset_03_scene_0034 pair 202 [13, 7] combined 262144 players 30864 retained 256 seconds 2.3350944449193776
shuttleset_03_scene_0034 pair 203 [13, 8] combined 181248 players 26316 retained 256 seconds 1.657876224257052
shuttleset_03_scene_0034 pair 206 [13, 11] combined 262144 players 9524 retained 256 seconds 1.7057334589771926
shuttleset_03_scene_0034 pair 209 [13, 15] combined 6144 players 244 retained 117 seconds 0.2406119741499424
shuttleset_03_scene_0034 pair 210 [14, 0] combined 227328 players 6832 retained 256 seconds 1.7193740890361369
shuttleset_03_scene_0034 pair 211 [14, 1] combined 166912 players 25952 retained 256 seconds 1.6849371790885925
shuttleset_03_scene_0034 pair 213 [14, 3] combined 158720 players 29856 retained 256 seconds 1.8414468779228628
shuttleset_03_scene_0034 pair 215 [14, 5] combined 56700 players 2074 retained 256 seconds 0.3629819727502763
shuttleset_03_scene_0034 pair 216 [14, 6] combined 152576 players 10120 retained 256 seconds 0.9586494970135391
shuttleset_03_scene_0034 pair 218 [14, 8] combined 155052 players 206 retained 104 seconds 0.5560082080774009
shuttleset_03_scene_0034 pair 221 [14, 11] combined 131580 players 8214 retained 256 seconds 0.8212425578385592
shuttleset_03_scene_0034 pair 225 [15, 0] combined 3072 players 42 retained 21 seconds 0.8268929277546704
shuttleset_03_scene_0034 pair 226 [15, 1] combined 6144 players 364 retained 146 seconds 0.2615811191499233
shuttleset_03_scene_0034 pair 228 [15, 3] combined 6144 players 578 retained 256 seconds 0.20370230730623007
shuttleset_03_scene_0034 pair 238 [15, 13] combined 8192 players 1914 retained 256 seconds 0.2559545491822064
shuttleset_03_scene_0034 pair 0 [0, 1] combined 262144 players 49692 retained 256 seconds 3.604233688209206
shuttleset_03_scene_0034 pair 1 [0, 2] combined 133120 players 29576 retained 256 seconds 2.4092419552616775
shuttleset_03_scene_0034 pair 2 [0, 3] combined 67584 players 14096 retained 256 seconds 2.012064195238054
shuttleset_03_scene_0034 pair 4 [0, 5] combined 0 players 0 retained 0 seconds 0.7837515128776431
shuttleset_03_scene_0034 pair 5 [0, 6] combined 12288 players 3216 retained 256 seconds 1.0287019447423518
shuttleset_03_scene_0034 pair 8 [0, 9] combined 7168 players 2052 retained 256 seconds 0.9620561506599188
shuttleset_03_scene_0034 pair 10 [0, 11] combined 40960 players 2772 retained 256 seconds 1.0580829018726945
shuttleset_03_scene_0034 pair 11 [0, 12] combined 29696 players 2576 retained 256 seconds 0.9774226262234151
shuttleset_03_scene_0034 pair 12 [0, 13] combined 256000 players 41386 retained 256 seconds 3.145163718611002
shuttleset_03_scene_0034 pair 13 [0, 14] combined 101376 players 10894 retained 256 seconds 1.543973856139928
shuttleset_03_scene_0034 pair 14 [0, 15] combined 1024 players 200 retained 98 seconds 0.8855042322538793
shuttleset_03_scene_0034 pair 15 [1, 0] combined 262144 players 61920 retained 256 seconds 3.898623409215361
shuttleset_03_scene_0034 pair 16 [1, 2] combined 231424 players 7600 retained 256 seconds 1.1813989733345807
shuttleset_03_scene_0034 pair 18 [1, 4] combined 82944 players 16968 retained 256 seconds 1.0453981598839164
shuttleset_03_scene_0034 pair 21 [1, 7] combined 262144 players 32662 retained 256 seconds 2.2959485817700624
shuttleset_03_scene_0034 pair 22 [1, 8] combined 2048 players 896 retained 256 seconds 0.20756670599803329
shuttleset_03_scene_0034 pair 23 [1, 9] combined 15360 players 190 retained 95 seconds 0.6266125882975757
shuttleset_03_scene_0034 pair 24 [1, 10] combined 2048 players 426 retained 218 seconds 0.17698567174375057
shuttleset_03_scene_0034 pair 26 [1, 12] combined 19456 players 4488 retained 256 seconds 0.39168536802753806
shuttleset_03_scene_0034 pair 28 [1, 14] combined 62464 players 6664 retained 256 seconds 0.5958032552152872
shuttleset_03_scene_0034 pair 29 [1, 15] combined 0 players 0 retained 0 seconds 0.11346229678019881
shuttleset_03_scene_0034 pair 30 [2, 0] combined 164864 players 41136 retained 256 seconds 2.5418892200104892
shuttleset_03_scene_0034 pair 31 [2, 1] combined 225280 players 3244 retained 256 seconds 0.9605266219004989
shuttleset_03_scene_0034 pair 32 [2, 3] combined 99840 players 1840 retained 256 seconds 0.4896146273240447
shuttleset_03_scene_0034 pair 34 [2, 5] combined 0 players 0 retained 0 seconds 0.06010505184531212
shuttleset_03_scene_0034 pair 35 [2, 6] combined 19456 players 1344 retained 256 seconds 0.22559125581756234
shuttleset_03_scene_0034 pair 40 [2, 11] combined 54864 players 318 retained 157 seconds 0.27832926576957107
shuttleset_03_scene_0034 pair 45 [3, 0] combined 117760 players 29726 retained 256 seconds 2.09031017171219
shuttleset_03_scene_0034 pair 47 [3, 2] combined 93632 players 3054 retained 256 seconds 0.5156125901266932
shuttleset_03_scene_0034 pair 48 [3, 4] combined 40176 players 8154 retained 256 seconds 0.5213978211395442
shuttleset_03_scene_0034 pair 51 [3, 7] combined 131072 players 16220 retained 256 seconds 1.2163112410344183
shuttleset_03_scene_0034 pair 52 [3, 8] combined 904 players 428 retained 215 seconds 0.10516324499621987
shuttleset_03_scene_0034 pair 53 [3, 9] combined 5348 players 196 retained 98 seconds 0.10300545999780297
shuttleset_03_scene_0034 pair 54 [3, 10] combined 864 players 158 retained 80 seconds 0.07693501375615597
shuttleset_03_scene_0034 pair 56 [3, 12] combined 9956 players 2178 retained 256 seconds 0.20387577405199409
shuttleset_03_scene_0034 pair 58 [3, 14] combined 26400 players 1730 retained 256 seconds 0.23911089729517698
shuttleset_03_scene_0034 pair 59 [3, 15] combined 0 players 0 retained 0 seconds 0.039499131962656975
shuttleset_03_scene_0034 pair 61 [4, 1] combined 80896 players 19432 retained 256 seconds 1.1191109106875956
shuttleset_03_scene_0034 pair 63 [4, 3] combined 24016 players 5362 retained 256 seconds 0.3793114307336509
shuttleset_03_scene_0034 pair 64 [4, 5] combined 0 players 0 retained 0 seconds 0.027754767797887325
shuttleset_03_scene_0034 pair 67 [4, 8] combined 876 players 76 retained 38 seconds 0.06070491624996066
shuttleset_03_scene_0034 pair 69 [4, 10] combined 308 players 74 retained 36 seconds 0.059114397037774324
shuttleset_03_scene_0034 pair 70 [4, 11] combined 12464 players 876 retained 256 seconds 0.15367342997342348
shuttleset_03_scene_0034 pair 72 [4, 13] combined 81648 players 21228 retained 256 seconds 1.604900726582855
shuttleset_03_scene_0034 pair 75 [5, 0] combined 0 players 0 retained 0 seconds 0.5483233910053968
shuttleset_03_scene_0034 pair 77 [5, 2] combined 0 players 0 retained 0 seconds 0.03693063883110881
shuttleset_03_scene_0034 pair 79 [5, 4] combined 0 players 0 retained 0 seconds 0.018561372067779303
shuttleset_03_scene_0034 pair 81 [5, 7] combined 0 players 0 retained 0 seconds 0.1147892358712852
shuttleset_03_scene_0034 pair 83 [5, 9] combined 0 players 0 retained 0 seconds 0.012165507301688194
shuttleset_03_scene_0034 pair 84 [5, 10] combined 0 players 0 retained 0 seconds 0.006601554807275534
shuttleset_03_scene_0034 pair 86 [5, 12] combined 0 players 0 retained 0 seconds 0.010084611363708973
shuttleset_03_scene_0034 pair 87 [5, 13] combined 0 players 0 retained 0 seconds 0.05298569845035672
shuttleset_03_scene_0034 pair 88 [5, 14] combined 0 players 0 retained 0 seconds 0.01440134597942233
shuttleset_03_scene_0034 pair 90 [6, 0] combined 16384 players 4912 retained 256 seconds 0.8442829176783562
shuttleset_03_scene_0034 pair 92 [6, 2] combined 14100 players 798 retained 256 seconds 0.163832972291857
shuttleset_03_scene_0034 pair 97 [6, 8] combined 240 players 56 retained 28 seconds 0.04415699979290366
shuttleset_03_scene_0034 pair 98 [6, 9] combined 1568 players 168 retained 84 seconds 0.06035029515624046
shuttleset_03_scene_0034 pair 99 [6, 10] combined 48 players 0 retained 0 seconds 0.015010769944638014
shuttleset_03_scene_0034 pair 102 [6, 13] combined 36864 players 3640 retained 256 seconds 0.3452195976860821
shuttleset_03_scene_0034 pair 103 [6, 14] combined 5104 players 0 retained 0 seconds 0.03830884909257293
shuttleset_03_scene_0034 pair 106 [7, 1] combined 262144 players 19426 retained 256 seconds 1.7829840099439025
shuttleset_03_scene_0034 pair 108 [7, 3] combined 73728 players 6964 retained 256 seconds 0.7395355659537017
shuttleset_03_scene_0034 pair 110 [7, 5] combined 0 players 0 retained 0 seconds 0.1838612537831068
shuttleset_03_scene_0034 pair 112 [7, 8] combined 0 players 0 retained 0 seconds 0.17637436697259545
shuttleset_03_scene_0034 pair 114 [7, 10] combined 3072 players 136 retained 58 seconds 0.22627966897562146
shuttleset_03_scene_0034 pair 115 [7, 11] combined 41984 players 1098 retained 256 seconds 0.4184398902580142
shuttleset_03_scene_0034 pair 117 [7, 13] combined 238592 players 17666 retained 256 seconds 1.6783222309313715
shuttleset_03_scene_0034 pair 121 [8, 1] combined 4096 players 742 retained 256 seconds 0.15994175802916288
shuttleset_03_scene_0034 pair 123 [8, 3] combined 840 players 236 retained 118 seconds 0.06817946583032608
shuttleset_03_scene_0034 pair 124 [8, 4] combined 1360 players 146 retained 74 seconds 0.0582709782756865
shuttleset_03_scene_0034 pair 126 [8, 6] combined 288 players 30 retained 16 seconds 0.04077669186517596
shuttleset_03_scene_0034 pair 127 [8, 7] combined 2048 players 478 retained 239 seconds 0.18081289995461702
shuttleset_03_scene_0034 pair 131 [8, 12] combined 252 players 2 retained 1 seconds 0.037918000016361475
shuttleset_03_scene_0034 pair 132 [8, 13] combined 2048 players 714 retained 256 seconds 0.13429129496216774
shuttleset_03_scene_0034 pair 133 [8, 14] combined 784 players 0 retained 0 seconds 0.01663643680512905
shuttleset_03_scene_0034 pair 135 [9, 0] combined 25600 players 5554 retained 256 seconds 0.855456321965903
shuttleset_03_scene_0034 pair 136 [9, 1] combined 21504 players 394 retained 197 seconds 0.19224511133506894
shuttleset_03_scene_0034 pair 138 [9, 3] combined 14768 players 268 retained 134 seconds 0.11995082581415772
shuttleset_03_scene_0034 pair 140 [9, 5] combined 0 players 0 retained 0 seconds 0.015020133927464485
shuttleset_03_scene_0034 pair 141 [9, 6] combined 2160 players 454 retained 227 seconds 0.0868877749890089
shuttleset_03_scene_0034 pair 145 [9, 11] combined 5040 players 0 retained 0 seconds 0.037518653087317944
shuttleset_03_scene_0034 pair 151 [10, 1] combined 0 players 0 retained 0 seconds 0.06662638485431671
shuttleset_03_scene_0034 pair 153 [10, 3] combined 0 players 0 retained 0 seconds 0.025336046237498522
shuttleset_03_scene_0034 pair 154 [10, 4] combined 256 players 74 retained 37 seconds 0.049569147638976574
shuttleset_03_scene_0034 pair 155 [10, 5] combined 0 players 0 retained 0 seconds 0.007385647855699062
shuttleset_03_scene_0034 pair 156 [10, 6] combined 48 players 16 retained 8 seconds 0.038052288349717855
shuttleset_03_scene_0034 pair 157 [10, 7] combined 4096 players 978 retained 256 seconds 0.20647653797641397
shuttleset_03_scene_0034 pair 160 [10, 11] combined 224 players 50 retained 25 seconds 0.044216403272002935
shuttleset_03_scene_0034 pair 165 [11, 0] combined 83968 players 9218 retained 256 seconds 1.180943212006241
shuttleset_03_scene_0034 pair 167 [11, 2] combined 83032 players 8 retained 4 seconds 0.3253629640676081
shuttleset_03_scene_0034 pair 169 [11, 4] combined 24300 players 2040 retained 256 seconds 0.22214183118194342
shuttleset_03_scene_0034 pair 172 [11, 7] combined 82944 players 4362 retained 256 seconds 0.5809216820634902
shuttleset_03_scene_0034 pair 174 [11, 9] combined 3840 players 0 retained 0 seconds 0.03542524529621005
shuttleset_03_scene_0034 pair 175 [11, 10] combined 368 players 0 retained 0 seconds 0.01968180714175105
shuttleset_03_scene_0034 pair 176 [11, 12] combined 5848 players 428 retained 214 seconds 0.09911996498703957
shuttleset_03_scene_0034 pair 177 [11, 13] combined 69632 players 536 retained 256 seconds 0.33511824905872345
shuttleset_03_scene_0034 pair 178 [11, 14] combined 18328 players 1052 retained 256 seconds 0.16526709590107203
shuttleset_03_scene_0034 pair 180 [12, 0] combined 7168 players 0 retained 0 seconds 0.5437034419737756
shuttleset_03_scene_0034 pair 181 [12, 1] combined 28672 players 5944 retained 256 seconds 0.43404395366087556
shuttleset_03_scene_0034 pair 183 [12, 3] combined 8960 players 2030 retained 256 seconds 0.18366240710020065
shuttleset_03_scene_0034 pair 185 [12, 5] combined 0 players 0 retained 0 seconds 0.013057372998446226
shuttleset_03_scene_0034 pair 188 [12, 8] combined 152 players 0 retained 0 seconds 0.012385396752506495
shuttleset_03_scene_0034 pair 191 [12, 11] combined 4872 players 268 retained 134 seconds 0.07777474168688059
shuttleset_03_scene_0034 pair 195 [13, 0] combined 262144 players 59262 retained 256 seconds 3.4693168979138136
shuttleset_03_scene_0034 pair 199 [13, 4] combined 79872 players 17858 retained 256 seconds 1.5362185421399772
shuttleset_03_scene_0034 pair 200 [13, 5] combined 0 players 0 retained 0 seconds 0.0793792619369924
shuttleset_03_scene_0034 pair 201 [13, 6] combined 28672 players 4372 retained 256 seconds 0.37143963389098644
shuttleset_03_scene_0034 pair 202 [13, 7] combined 262144 players 35926 retained 256 seconds 2.329900954850018
shuttleset_03_scene_0034 pair 203 [13, 8] combined 1920 players 784 retained 256 seconds 0.1661520036868751
shuttleset_03_scene_0034 pair 206 [13, 11] combined 56320 players 710 retained 256 seconds 0.3252112693153322
shuttleset_03_scene_0034 pair 209 [13, 15] combined 0 players 0 retained 0 seconds 0.08228056179359555
shuttleset_03_scene_0034 pair 210 [14, 0] combined 96256 players 2070 retained 256 seconds 0.9469602010212839
shuttleset_03_scene_0034 pair 211 [14, 1] combined 95232 players 11170 retained 256 seconds 0.8364039091393352
shuttleset_03_scene_0034 pair 213 [14, 3] combined 31620 players 4278 retained 256 seconds 0.33769147703424096
shuttleset_03_scene_0034 pair 215 [14, 5] combined 0 players 0 retained 0 seconds 0.021469442173838615
shuttleset_03_scene_0034 pair 216 [14, 6] combined 8832 players 670 retained 256 seconds 0.12715971004217863
shuttleset_03_scene_0034 pair 218 [14, 8] combined 972 players 0 retained 0 seconds 0.021123322192579508
shuttleset_03_scene_0034 pair 221 [14, 11] combined 16016 players 806 retained 256 seconds 0.15704547613859177
shuttleset_03_scene_0034 pair 225 [15, 0] combined 1024 players 166 retained 83 seconds 0.5563589711673558
shuttleset_03_scene_0034 pair 226 [15, 1] combined 0 players 0 retained 0 seconds 0.06717842072248459
shuttleset_03_scene_0034 pair 228 [15, 3] combined 0 players 0 retained 0 seconds 0.02540944330394268
shuttleset_03_scene_0034 pair 238 [15, 13] combined 0 players 0 retained 0 seconds 0.05125083588063717
[shuttleset_03_scene_0034] line-template: preparing rectangles
[shuttleset_03_scene_0034] measuring 761 parents (G0=256, G1=256, line_template=256; conflicting geometry groups=0)
[shuttleset_03_scene_0034] parents 250/761
[shuttleset_03_scene_0034] parents 500/761
[shuttleset_03_scene_0034] parents 750/761
[shuttleset_03_scene_0034] refitting 761 parents
[shuttleset_03_scene_0034] refits 250/761; valid children=249
[shuttleset_03_scene_0034] refits 500/761; valid children=486
[shuttleset_03_scene_0034] refits 750/761; valid children=678
{"view_id": "shuttleset_03_scene_0034", "chosen_key": "G1:1:2005", "no_court_reason": null, "all_checks_equal": true, "error": null}
letterboxed_short_frame_78 pair 0 [0, 1] combined 222208 players 69848 retained 256 seconds 3.605966530740261
letterboxed_short_frame_78 pair 1 [0, 2] combined 203776 players 88576 retained 256 seconds 4.347448975313455
letterboxed_short_frame_78 pair 2 [0, 3] combined 182272 players 0 retained 0 seconds 0.6092071328312159
letterboxed_short_frame_78 pair 3 [0, 4] combined 24576 players 12224 retained 256 seconds 0.6939691687002778
letterboxed_short_frame_78 pair 5 [0, 6] combined 25600 players 0 retained 0 seconds 0.15502071985974908
letterboxed_short_frame_78 pair 8 [0, 9] combined 1140 players 0 retained 0 seconds 0.07205795496702194
letterboxed_short_frame_78 pair 9 [0, 10] combined 7168 players 0 retained 0 seconds 0.10123298596590757
letterboxed_short_frame_78 pair 11 [0, 12] combined 2048 players 1004 retained 256 seconds 0.1872260058298707
letterboxed_short_frame_78 pair 12 [0, 13] combined 23552 players 228 retained 116 seconds 0.18935309583321214
letterboxed_short_frame_78 pair 13 [0, 14] combined 6144 players 234 retained 118 seconds 0.1420007413253188
letterboxed_short_frame_78 pair 14 [0, 15] combined 20480 players 304 retained 160 seconds 0.18999992543831468
letterboxed_short_frame_78 pair 15 [1, 0] combined 61440 players 18272 retained 256 seconds 1.2122061578556895
letterboxed_short_frame_78 pair 18 [1, 4] combined 5600 players 0 retained 0 seconds 0.0615557786077261
letterboxed_short_frame_78 pair 19 [1, 5] combined 2704 players 588 retained 256 seconds 0.13263574801385403
letterboxed_short_frame_78 pair 24 [1, 10] combined 1488 players 484 retained 229 seconds 0.11925606243312359
letterboxed_short_frame_78 pair 25 [1, 11] combined 1152 players 432 retained 216 seconds 0.1155570917762816
letterboxed_short_frame_78 pair 30 [2, 0] combined 105472 players 10450 retained 256 seconds 0.839096826966852
letterboxed_short_frame_78 pair 32 [2, 3] combined 6248 players 224 retained 112 seconds 0.10549123911187053
letterboxed_short_frame_78 pair 34 [2, 5] combined 4068 players 452 retained 224 seconds 0.12104537663981318
letterboxed_short_frame_78 pair 35 [2, 6] combined 1716 players 0 retained 0 seconds 0.03852382022887468
letterboxed_short_frame_78 pair 36 [2, 7] combined 5520 players 0 retained 0 seconds 0.051271684002131224
letterboxed_short_frame_78 pair 38 [2, 9] combined 644 players 0 retained 0 seconds 0.03316881461068988
letterboxed_short_frame_78 pair 39 [2, 10] combined 1072 players 134 retained 67 seconds 0.0800013467669487
letterboxed_short_frame_78 pair 40 [2, 11] combined 2352 players 0 retained 0 seconds 0.044003447983413935
letterboxed_short_frame_78 pair 42 [2, 13] combined 108 players 18 retained 9 seconds 0.06597686791792512
letterboxed_short_frame_78 pair 45 [3, 0] combined 96256 players 1750 retained 256 seconds 0.47156612342223525
letterboxed_short_frame_78 pair 47 [3, 2] combined 20480 players 1320 retained 256 seconds 0.20313397515565157
letterboxed_short_frame_78 pair 55 [3, 11] combined 3024 players 0 retained 0 seconds 0.02338181808590889
letterboxed_short_frame_78 pair 60 [4, 0] combined 20480 players 2114 retained 256 seconds 0.26621971698477864
letterboxed_short_frame_78 pair 61 [4, 1] combined 0 players 0 retained 0 seconds 0.031558847054839134
letterboxed_short_frame_78 pair 67 [4, 8] combined 1332 players 0 retained 0 seconds 0.017010518349707127
letterboxed_short_frame_78 pair 70 [4, 11] combined 504 players 36 retained 18 seconds 0.04905841872096062
letterboxed_short_frame_78 pair 71 [4, 12] combined 440 players 22 retained 11 seconds 0.048314159736037254
letterboxed_short_frame_78 pair 72 [4, 13] combined 28 players 0 retained 0 seconds 0.010826519224792719
letterboxed_short_frame_78 pair 73 [4, 14] combined 0 players 0 retained 0 seconds 0.0109536899253726
letterboxed_short_frame_78 pair 74 [4, 15] combined 240 players 78 retained 39 seconds 0.04936600895598531
letterboxed_short_frame_78 pair 76 [5, 1] combined 1872 players 0 retained 0 seconds 0.04718138510361314
letterboxed_short_frame_78 pair 77 [5, 2] combined 1568 players 672 retained 256 seconds 0.2977417130023241
letterboxed_short_frame_78 pair 81 [5, 7] combined 0 players 0 retained 0 seconds 0.010899818036705256
letterboxed_short_frame_78 pair 82 [5, 8] combined 108 players 54 retained 27 seconds 0.04611310688778758
letterboxed_short_frame_78 pair 83 [5, 9] combined 0 players 0 retained 0 seconds 0.007117137778550386
letterboxed_short_frame_78 pair 90 [6, 0] combined 3072 players 6 retained 3 seconds 0.11252692807465792
letterboxed_short_frame_78 pair 92 [6, 2] combined 2048 players 212 retained 106 seconds 0.08785112388432026
letterboxed_short_frame_78 pair 100 [6, 11] combined 36 players 0 retained 0 seconds 0.009479169268161058
letterboxed_short_frame_78 pair 107 [7, 2] combined 6144 players 576 retained 256 seconds 0.13434374937787652
letterboxed_short_frame_78 pair 110 [7, 5] combined 2772 players 0 retained 0 seconds 0.019112812820822
letterboxed_short_frame_78 pair 114 [7, 10] combined 360 players 0 retained 0 seconds 0.011069295927882195
letterboxed_short_frame_78 pair 116 [7, 12] combined 276 players 78 retained 32 seconds 0.05075134104117751
letterboxed_short_frame_78 pair 119 [7, 15] combined 0 players 0 retained 0 seconds 0.00903692003339529
letterboxed_short_frame_78 pair 124 [8, 4] combined 112 players 0 retained 0 seconds 0.011921463999897242
letterboxed_short_frame_78 pair 125 [8, 5] combined 480 players 32 retained 16 seconds 0.046367422211915255
letterboxed_short_frame_78 pair 129 [8, 10] combined 56 players 4 retained 2 seconds 0.042632586788386106
letterboxed_short_frame_78 pair 135 [9, 0] combined 0 players 0 retained 0 seconds 0.06870211893692613
letterboxed_short_frame_78 pair 137 [9, 2] combined 224 players 0 retained 0 seconds 0.019002392888069153
letterboxed_short_frame_78 pair 140 [9, 5] combined 0 players 0 retained 0 seconds 0.0075143431313335896
letterboxed_short_frame_78 pair 145 [9, 11] combined 104 players 0 retained 0 seconds 0.007327974773943424
letterboxed_short_frame_78 pair 146 [9, 12] combined 0 players 0 retained 0 seconds 0.007243783678859472
letterboxed_short_frame_78 pair 150 [10, 0] combined 0 players 0 retained 0 seconds 0.06886024214327335
letterboxed_short_frame_78 pair 151 [10, 1] combined 2048 players 0 retained 0 seconds 0.04752893093973398
letterboxed_short_frame_78 pair 152 [10, 2] combined 0 players 0 retained 0 seconds 0.031164835207164288
letterboxed_short_frame_78 pair 157 [10, 7] combined 0 players 0 retained 0 seconds 0.00962471216917038
letterboxed_short_frame_78 pair 158 [10, 8] combined 40 players 0 retained 0 seconds 0.00861569494009018
letterboxed_short_frame_78 pair 160 [10, 11] combined 0 players 0 retained 0 seconds 0.007810317911207676
letterboxed_short_frame_78 pair 161 [10, 12] combined 0 players 0 retained 0 seconds 0.007866782136261463
letterboxed_short_frame_78 pair 166 [11, 1] combined 6832 players 2842 retained 256 seconds 0.23047595331445336
letterboxed_short_frame_78 pair 167 [11, 2] combined 2520 players 1098 retained 256 seconds 0.14009277801960707
letterboxed_short_frame_78 pair 168 [11, 3] combined 5152 players 0 retained 0 seconds 0.030644613783806562
letterboxed_short_frame_78 pair 169 [11, 4] combined 520 players 256 retained 128 seconds 0.06308978796005249
letterboxed_short_frame_78 pair 171 [11, 6] combined 968 players 0 retained 0 seconds 0.012139131780713797
letterboxed_short_frame_78 pair 174 [11, 9] combined 20 players 0 retained 0 seconds 0.0065461089834570885
letterboxed_short_frame_78 pair 175 [11, 10] combined 56 players 0 retained 0 seconds 0.007528570014983416
letterboxed_short_frame_78 pair 176 [11, 12] combined 16 players 8 retained 4 seconds 0.04254338098689914
letterboxed_short_frame_78 pair 177 [11, 13] combined 288 players 0 retained 0 seconds 0.008585136849433184
letterboxed_short_frame_78 pair 178 [11, 14] combined 80 players 4 retained 2 seconds 0.04180013108998537
letterboxed_short_frame_78 pair 179 [11, 15] combined 192 players 24 retained 14 seconds 0.04158003116026521
letterboxed_short_frame_78 pair 180 [12, 0] combined 3072 players 370 retained 170 seconds 0.14148712810128927
letterboxed_short_frame_78 pair 184 [12, 4] combined 320 players 40 retained 20 seconds 0.048299587331712246
letterboxed_short_frame_78 pair 187 [12, 7] combined 1624 players 48 retained 18 seconds 0.052890495862811804
letterboxed_short_frame_78 pair 189 [12, 9] combined 180 players 0 retained 0 seconds 0.008282301016151905
letterboxed_short_frame_78 pair 190 [12, 10] combined 96 players 0 retained 0 seconds 0.008334686979651451
letterboxed_short_frame_78 pair 191 [12, 11] combined 128 players 24 retained 12 seconds 0.0437193033285439
letterboxed_short_frame_78 pair 195 [13, 0] combined 2048 players 160 retained 78 seconds 0.12865866301581264
letterboxed_short_frame_78 pair 197 [13, 2] combined 0 players 0 retained 0 seconds 0.03447495074942708
letterboxed_short_frame_78 pair 199 [13, 4] combined 0 players 0 retained 0 seconds 0.010019271168857813
letterboxed_short_frame_78 pair 206 [13, 11] combined 168 players 14 retained 7 seconds 0.04214929509907961
letterboxed_short_frame_78 pair 210 [14, 0] combined 2048 players 160 retained 78 seconds 0.12996211741119623
letterboxed_short_frame_78 pair 214 [14, 4] combined 0 players 0 retained 0 seconds 0.012048647738993168
letterboxed_short_frame_78 pair 221 [14, 11] combined 80 players 36 retained 18 seconds 0.0439338912256062
letterboxed_short_frame_78 pair 225 [15, 0] combined 0 players 0 retained 0 seconds 0.0804101899266243
letterboxed_short_frame_78 pair 229 [15, 4] combined 1400 players 140 retained 70 seconds 0.057189431972801685
letterboxed_short_frame_78 pair 232 [15, 7] combined 0 players 0 retained 0 seconds 0.009565258398652077
letterboxed_short_frame_78 pair 236 [15, 11] combined 0 players 0 retained 0 seconds 0.006236429791897535
letterboxed_short_frame_78 pair 0 [0, 1] combined 288 players 0 retained 0 seconds 0.013668526895344257
letterboxed_short_frame_78 pair 1 [0, 2] combined 0 players 0 retained 0 seconds 0.008121451828628778
letterboxed_short_frame_78 pair 2 [0, 3] combined 0 players 0 retained 0 seconds 0.00528766680508852
letterboxed_short_frame_78 pair 3 [0, 4] combined 0 players 0 retained 0 seconds 0.004727353807538748
letterboxed_short_frame_78 pair 5 [0, 6] combined 0 players 0 retained 0 seconds 0.005115860141813755
letterboxed_short_frame_78 pair 8 [0, 9] combined 0 players 0 retained 0 seconds 0.004482794087380171
letterboxed_short_frame_78 pair 9 [0, 10] combined 0 players 0 retained 0 seconds 0.004193386062979698
letterboxed_short_frame_78 pair 11 [0, 12] combined 0 players 0 retained 0 seconds 0.004449617117643356
letterboxed_short_frame_78 pair 12 [0, 13] combined 0 players 0 retained 0 seconds 0.0070884451270103455
letterboxed_short_frame_78 pair 13 [0, 14] combined 0 players 0 retained 0 seconds 0.004555138759315014
letterboxed_short_frame_78 pair 14 [0, 15] combined 0 players 0 retained 0 seconds 0.00361059932038188
letterboxed_short_frame_78 pair 15 [1, 0] combined 56 players 8 retained 4 seconds 0.04808672517538071
letterboxed_short_frame_78 pair 18 [1, 4] combined 0 players 0 retained 0 seconds 0.010939534287899733
letterboxed_short_frame_78 pair 19 [1, 5] combined 0 players 0 retained 0 seconds 0.01154808234423399
letterboxed_short_frame_78 pair 24 [1, 10] combined 0 players 0 retained 0 seconds 0.010764828883111477
letterboxed_short_frame_78 pair 25 [1, 11] combined 0 players 0 retained 0 seconds 0.011707762256264687
letterboxed_short_frame_78 pair 30 [2, 0] combined 40 players 0 retained 0 seconds 0.008532412815839052
letterboxed_short_frame_78 pair 32 [2, 3] combined 0 players 0 retained 0 seconds 0.006862543988972902
letterboxed_short_frame_78 pair 34 [2, 5] combined 0 players 0 retained 0 seconds 0.00679786317050457
letterboxed_short_frame_78 pair 35 [2, 6] combined 0 players 0 retained 0 seconds 0.0065906657837331295
letterboxed_short_frame_78 pair 36 [2, 7] combined 0 players 0 retained 0 seconds 0.006582767702639103
letterboxed_short_frame_78 pair 38 [2, 9] combined 0 players 0 retained 0 seconds 0.0064118183217942715
letterboxed_short_frame_78 pair 39 [2, 10] combined 0 players 0 retained 0 seconds 0.0060363351367414
letterboxed_short_frame_78 pair 40 [2, 11] combined 0 players 0 retained 0 seconds 0.006864861119538546
letterboxed_short_frame_78 pair 42 [2, 13] combined 0 players 0 retained 0 seconds 0.006550910882651806
letterboxed_short_frame_78 pair 45 [3, 0] combined 32 players 8 retained 4 seconds 0.03912079706788063
letterboxed_short_frame_78 pair 47 [3, 2] combined 0 players 0 retained 0 seconds 0.006309945601969957
letterboxed_short_frame_78 pair 55 [3, 11] combined 0 players 0 retained 0 seconds 0.0032953438349068165
letterboxed_short_frame_78 pair 60 [4, 0] combined 0 players 0 retained 0 seconds 0.004455834161490202
letterboxed_short_frame_78 pair 61 [4, 1] combined 0 players 0 retained 0 seconds 0.008574457839131355
letterboxed_short_frame_78 pair 67 [4, 8] combined 0 players 0 retained 0 seconds 0.0035229013301432133
letterboxed_short_frame_78 pair 70 [4, 11] combined 0 players 0 retained 0 seconds 0.003267754800617695
letterboxed_short_frame_78 pair 71 [4, 12] combined 0 players 0 retained 0 seconds 0.00268442090600729
letterboxed_short_frame_78 pair 72 [4, 13] combined 0 players 0 retained 0 seconds 0.002611069008708
letterboxed_short_frame_78 pair 73 [4, 14] combined 0 players 0 retained 0 seconds 0.002223860938102007
letterboxed_short_frame_78 pair 74 [4, 15] combined 0 players 0 retained 0 seconds 0.0027117780409753323
letterboxed_short_frame_78 pair 76 [5, 1] combined 0 players 0 retained 0 seconds 0.009963918011635542
letterboxed_short_frame_78 pair 77 [5, 2] combined 0 players 0 retained 0 seconds 0.005597796756774187
letterboxed_short_frame_78 pair 81 [5, 7] combined 0 players 0 retained 0 seconds 0.0022839163430035114
letterboxed_short_frame_78 pair 82 [5, 8] combined 0 players 0 retained 0 seconds 0.0025886730290949345
letterboxed_short_frame_78 pair 83 [5, 9] combined 0 players 0 retained 0 seconds 0.0016732895746827126
letterboxed_short_frame_78 pair 90 [6, 0] combined 0 players 0 retained 0 seconds 0.0039800307713449
letterboxed_short_frame_78 pair 92 [6, 2] combined 0 players 0 retained 0 seconds 0.006077811121940613
letterboxed_short_frame_78 pair 100 [6, 11] combined 0 players 0 retained 0 seconds 0.002947375178337097
letterboxed_short_frame_78 pair 107 [7, 2] combined 0 players 0 retained 0 seconds 0.00628740293905139
letterboxed_short_frame_78 pair 110 [7, 5] combined 0 players 0 retained 0 seconds 0.0022927429527044296
letterboxed_short_frame_78 pair 114 [7, 10] combined 0 players 0 retained 0 seconds 0.002042921259999275
letterboxed_short_frame_78 pair 116 [7, 12] combined 0 players 0 retained 0 seconds 0.002679749857634306
letterboxed_short_frame_78 pair 119 [7, 15] combined 0 players 0 retained 0 seconds 0.002489279955625534
letterboxed_short_frame_78 pair 124 [8, 4] combined 0 players 0 retained 0 seconds 0.0034404858015477657
letterboxed_short_frame_78 pair 125 [8, 5] combined 0 players 0 retained 0 seconds 0.0029731090180575848
letterboxed_short_frame_78 pair 129 [8, 10] combined 0 players 0 retained 0 seconds 0.0029633003287017345
letterboxed_short_frame_78 pair 135 [9, 0] combined 0 players 0 retained 0 seconds 0.003447890281677246
letterboxed_short_frame_78 pair 137 [9, 2] combined 0 players 0 retained 0 seconds 0.0043511600233614445
letterboxed_short_frame_78 pair 140 [9, 5] combined 0 players 0 retained 0 seconds 0.0018631950952112675
letterboxed_short_frame_78 pair 145 [9, 11] combined 0 players 0 retained 0 seconds 0.0020652669481933117
letterboxed_short_frame_78 pair 146 [9, 12] combined 0 players 0 retained 0 seconds 0.0017413431778550148
letterboxed_short_frame_78 pair 150 [10, 0] combined 0 players 0 retained 0 seconds 0.0034325732849538326
letterboxed_short_frame_78 pair 151 [10, 1] combined 0 players 0 retained 0 seconds 0.009113284759223461
letterboxed_short_frame_78 pair 152 [10, 2] combined 0 players 0 retained 0 seconds 0.005603959783911705
letterboxed_short_frame_78 pair 157 [10, 7] combined 0 players 0 retained 0 seconds 0.002240153029561043
letterboxed_short_frame_78 pair 158 [10, 8] combined 0 players 0 retained 0 seconds 0.0025929021649062634
letterboxed_short_frame_78 pair 160 [10, 11] combined 0 players 0 retained 0 seconds 0.0021223723888397217
letterboxed_short_frame_78 pair 161 [10, 12] combined 0 players 0 retained 0 seconds 0.001748042181134224
letterboxed_short_frame_78 pair 166 [11, 1] combined 0 players 0 retained 0 seconds 0.01035076193511486
letterboxed_short_frame_78 pair 167 [11, 2] combined 0 players 0 retained 0 seconds 0.005625487770885229
letterboxed_short_frame_78 pair 168 [11, 3] combined 0 players 0 retained 0 seconds 0.0029426300898194313
letterboxed_short_frame_78 pair 169 [11, 4] combined 0 players 0 retained 0 seconds 0.0023933839984238148
letterboxed_short_frame_78 pair 171 [11, 6] combined 0 players 0 retained 0 seconds 0.002640283666551113
letterboxed_short_frame_78 pair 174 [11, 9] combined 0 players 0 retained 0 seconds 0.002129369881004095
letterboxed_short_frame_78 pair 175 [11, 10] combined 0 players 0 retained 0 seconds 0.002085639163851738
letterboxed_short_frame_78 pair 176 [11, 12] combined 0 players 0 retained 0 seconds 0.0022109393030405045
letterboxed_short_frame_78 pair 177 [11, 13] combined 0 players 0 retained 0 seconds 0.0025233831256628036
letterboxed_short_frame_78 pair 178 [11, 14] combined 0 players 0 retained 0 seconds 0.0022044028155505657
letterboxed_short_frame_78 pair 179 [11, 15] combined 0 players 0 retained 0 seconds 0.0020955512300133705
letterboxed_short_frame_78 pair 180 [12, 0] combined 0 players 0 retained 0 seconds 0.0036022202111780643
letterboxed_short_frame_78 pair 184 [12, 4] combined 0 players 0 retained 0 seconds 0.002491591963917017
letterboxed_short_frame_78 pair 187 [12, 7] combined 0 players 0 retained 0 seconds 0.0022841980680823326
letterboxed_short_frame_78 pair 189 [12, 9] combined 0 players 0 retained 0 seconds 0.0020581409335136414
letterboxed_short_frame_78 pair 190 [12, 10] combined 0 players 0 retained 0 seconds 0.002095562871545553
letterboxed_short_frame_78 pair 191 [12, 11] combined 0 players 0 retained 0 seconds 0.0024460861459374428
letterboxed_short_frame_78 pair 195 [13, 0] combined 0 players 0 retained 0 seconds 0.004057964775711298
letterboxed_short_frame_78 pair 197 [13, 2] combined 0 players 0 retained 0 seconds 0.005357719957828522
letterboxed_short_frame_78 pair 199 [13, 4] combined 0 players 0 retained 0 seconds 0.0024655801244080067
letterboxed_short_frame_78 pair 206 [13, 11] combined 0 players 0 retained 0 seconds 0.002547746989876032
letterboxed_short_frame_78 pair 210 [14, 0] combined 0 players 0 retained 0 seconds 0.004164570942521095
letterboxed_short_frame_78 pair 214 [14, 4] combined 0 players 0 retained 0 seconds 0.0021041380241513252
letterboxed_short_frame_78 pair 221 [14, 11] combined 0 players 0 retained 0 seconds 0.0021480261348187923
letterboxed_short_frame_78 pair 225 [15, 0] combined 0 players 0 retained 0 seconds 0.0032701105810701847
letterboxed_short_frame_78 pair 229 [15, 4] combined 0 players 0 retained 0 seconds 0.0027048042975366116
letterboxed_short_frame_78 pair 232 [15, 7] combined 0 players 0 retained 0 seconds 0.0022992389276623726
letterboxed_short_frame_78 pair 236 [15, 11] combined 0 players 0 retained 0 seconds 0.002255667932331562
[letterboxed_short_frame_78] line-template: preparing rectangles
[letterboxed_short_frame_78] measuring 520 parents (G0=256, G1=8, line_template=256; conflicting geometry groups=0)
[letterboxed_short_frame_78] parents 250/520
[letterboxed_short_frame_78] parents 500/520
[letterboxed_short_frame_78] refitting 520 parents
[letterboxed_short_frame_78] refits 250/520; valid children=250
[letterboxed_short_frame_78] refits 500/520; valid children=484
{"view_id": "letterboxed_short_frame_78", "chosen_key": "G0:0:21/child", "no_court_reason": null, "all_checks_equal": true, "error": null}
{"views": ["gxBQ_window_00_frame_5", "shuttleset_03_scene_0034", "letterboxed_short_frame_78"], "startup_seconds": 0.03334588510915637, "wall_seconds": 1605.5517229940742, "peak_rss_mb": 2342.453125, "failed": []}
