decoded /scratch/cmarti/issue103_ad8da4f/external/shuttleset-sources/3 Kento_MOMOTA_CHOU_Tien_Chen_KOREA_OPEN_2019_Final.mp4 to frame 66072 in 436s
decoded <remote>/player_guided_20260908/videos/am2_h264.mp4 to frame 240 in 2s
shuttleset_03_scene_0017 pair 0 [0, 1] combined 262144 players 61876 retained 256 seconds 5.066493772901595
shuttleset_03_scene_0017 pair 1 [0, 2] combined 262144 players 66450 retained 256 seconds 4.658808249980211
shuttleset_03_scene_0017 pair 2 [0, 3] combined 262144 players 54066 retained 256 seconds 4.2236708691343665
shuttleset_03_scene_0017 pair 4 [0, 5] combined 256000 players 55484 retained 256 seconds 4.207745999097824
shuttleset_03_scene_0017 pair 5 [0, 6] combined 262144 players 61272 retained 256 seconds 4.7568912878632545
shuttleset_03_scene_0017 pair 9 [0, 10] combined 249856 players 58664 retained 256 seconds 4.354326812084764
shuttleset_03_scene_0017 pair 11 [0, 12] combined 72704 players 17510 retained 256 seconds 2.133936159312725
shuttleset_03_scene_0017 pair 13 [0, 14] combined 26624 players 4566 retained 256 seconds 1.4226269628852606
shuttleset_03_scene_0017 pair 14 [0, 15] combined 5120 players 780 retained 256 seconds 1.1819491130299866
shuttleset_03_scene_0017 pair 15 [1, 0] combined 262144 players 68282 retained 256 seconds 4.8706683330237865
shuttleset_03_scene_0017 pair 16 [1, 2] combined 262144 players 8258 retained 256 seconds 1.890175572130829
shuttleset_03_scene_0017 pair 18 [1, 4] combined 262144 players 74572 retained 256 seconds 4.58496465627104
shuttleset_03_scene_0017 pair 21 [1, 7] combined 262144 players 61895 retained 256 seconds 3.9691348308697343
shuttleset_03_scene_0017 pair 22 [1, 8] combined 63488 players 12028 retained 256 seconds 1.3104612408205867
shuttleset_03_scene_0017 pair 25 [1, 11] combined 104448 players 11796 retained 256 seconds 1.4736277959309518
shuttleset_03_scene_0017 pair 26 [1, 12] combined 95232 players 6950 retained 256 seconds 1.1715969243086874
shuttleset_03_scene_0017 pair 29 [1, 15] combined 37888 players 3548 retained 256 seconds 0.819599648937583
shuttleset_03_scene_0017 pair 30 [2, 0] combined 262144 players 82116 retained 256 seconds 4.6355320191942155
shuttleset_03_scene_0017 pair 31 [2, 1] combined 262144 players 6394 retained 256 seconds 1.6051109246909618
shuttleset_03_scene_0017 pair 33 [2, 4] combined 262144 players 73506 retained 256 seconds 3.7632153439335525
shuttleset_03_scene_0017 pair 34 [2, 5] combined 262144 players 1002 retained 256 seconds 1.2187781520187855
shuttleset_03_scene_0017 pair 35 [2, 6] combined 262144 players 6686 retained 256 seconds 1.30694812675938
shuttleset_03_scene_0017 pair 39 [2, 10] combined 262144 players 6202 retained 256 seconds 1.2627492928877473
shuttleset_03_scene_0017 pair 42 [2, 13] combined 70656 players 16280 retained 256 seconds 1.0197470309212804
shuttleset_03_scene_0017 pair 45 [3, 0] combined 262144 players 58794 retained 256 seconds 3.874562161974609
shuttleset_03_scene_0017 pair 48 [3, 4] combined 262144 players 61632 retained 256 seconds 3.262537850998342
shuttleset_03_scene_0017 pair 49 [3, 5] combined 262144 players 13146 retained 256 seconds 1.5706969681195915
shuttleset_03_scene_0017 pair 50 [3, 6] combined 262144 players 2780 retained 256 seconds 1.2435225071385503
shuttleset_03_scene_0017 pair 51 [3, 7] combined 262144 players 45980 retained 256 seconds 2.931379293091595
shuttleset_03_scene_0017 pair 53 [3, 9] combined 91136 players 10450 retained 256 seconds 0.9331682818010449
shuttleset_03_scene_0017 pair 54 [3, 10] combined 262144 players 4362 retained 256 seconds 1.276816891040653
shuttleset_03_scene_0017 pair 57 [3, 13] combined 81920 players 18542 retained 256 seconds 1.2078497130423784
shuttleset_03_scene_0017 pair 61 [4, 1] combined 262144 players 72594 retained 256 seconds 4.142672608606517
shuttleset_03_scene_0017 pair 62 [4, 2] combined 262144 players 67562 retained 256 seconds 3.637300278991461
shuttleset_03_scene_0017 pair 63 [4, 3] combined 262144 players 71884 retained 256 seconds 4.063773749861866
shuttleset_03_scene_0017 pair 64 [4, 5] combined 262144 players 68784 retained 256 seconds 3.6672370960004628
shuttleset_03_scene_0017 pair 65 [4, 6] combined 262144 players 66156 retained 256 seconds 3.813755927141756
shuttleset_03_scene_0017 pair 66 [4, 7] combined 262144 players 7086 retained 256 seconds 1.4545712820254266
shuttleset_03_scene_0017 pair 68 [4, 9] combined 166912 players 10962 retained 256 seconds 1.2605392117984593
shuttleset_03_scene_0017 pair 69 [4, 10] combined 240640 players 55790 retained 256 seconds 3.378838153090328
shuttleset_03_scene_0017 pair 72 [4, 13] combined 110592 players 4750 retained 256 seconds 0.8649569898843765
shuttleset_03_scene_0017 pair 73 [4, 14] combined 25600 players 5226 retained 256 seconds 0.6518785832449794
shuttleset_03_scene_0017 pair 74 [4, 15] combined 8192 players 2208 retained 256 seconds 0.4853518451564014
shuttleset_03_scene_0017 pair 75 [5, 0] combined 262144 players 63174 retained 256 seconds 3.9463544958271086
shuttleset_03_scene_0017 pair 77 [5, 2] combined 262144 players 8078 retained 256 seconds 1.3309324299916625
shuttleset_03_scene_0017 pair 78 [5, 3] combined 262144 players 5942 retained 256 seconds 1.4464606340043247
shuttleset_03_scene_0017 pair 79 [5, 4] combined 262144 players 75934 retained 256 seconds 3.973468028008938
shuttleset_03_scene_0017 pair 82 [5, 8] combined 47104 players 2286 retained 256 seconds 0.3840676280669868
shuttleset_03_scene_0017 pair 85 [5, 11] combined 120832 players 13258 retained 256 seconds 0.9898523087613285
shuttleset_03_scene_0017 pair 86 [5, 12] combined 94208 players 1852 retained 256 seconds 0.507608596701175
shuttleset_03_scene_0017 pair 88 [5, 14] combined 71680 players 1334 retained 256 seconds 0.4058602689765394
shuttleset_03_scene_0017 pair 89 [5, 15] combined 25600 players 588 retained 256 seconds 0.23997255600988865
shuttleset_03_scene_0017 pair 90 [6, 0] combined 262144 players 66226 retained 256 seconds 4.358632422052324
shuttleset_03_scene_0017 pair 92 [6, 2] combined 262144 players 1830 retained 256 seconds 1.1312024118378758
shuttleset_03_scene_0017 pair 93 [6, 3] combined 262144 players 1272 retained 256 seconds 1.139404839836061
shuttleset_03_scene_0017 pair 94 [6, 4] combined 262144 players 71092 retained 256 seconds 4.007994394283742
shuttleset_03_scene_0017 pair 96 [6, 7] combined 262144 players 54476 retained 256 seconds 3.4479187158867717
shuttleset_03_scene_0017 pair 97 [6, 8] combined 65536 players 4676 retained 256 seconds 0.5681752869859338
shuttleset_03_scene_0017 pair 100 [6, 11] combined 109568 players 20884 retained 256 seconds 1.2895583799108863
shuttleset_03_scene_0017 pair 101 [6, 12] combined 99328 players 1348 retained 256 seconds 0.5338597525842488
shuttleset_03_scene_0017 pair 103 [6, 14] combined 36864 players 188 retained 94 seconds 0.27682441007345915
shuttleset_03_scene_0017 pair 104 [6, 15] combined 34816 players 672 retained 256 seconds 0.29966268315911293
shuttleset_03_scene_0017 pair 106 [7, 1] combined 262144 players 73034 retained 256 seconds 4.667182138189673
shuttleset_03_scene_0017 pair 108 [7, 3] combined 262144 players 64142 retained 256 seconds 3.8394756568595767
shuttleset_03_scene_0017 pair 109 [7, 4] combined 262144 players 1820 retained 256 seconds 1.196584670804441
shuttleset_03_scene_0017 pair 111 [7, 6] combined 262144 players 65082 retained 256 seconds 3.821628454141319
shuttleset_03_scene_0017 pair 112 [7, 8] combined 54272 players 7916 retained 256 seconds 0.6416558870114386
shuttleset_03_scene_0017 pair 114 [7, 10] combined 257024 players 63720 retained 256 seconds 3.744353680871427
shuttleset_03_scene_0017 pair 115 [7, 11] combined 262144 players 12844 retained 256 seconds 1.4472616109997034
shuttleset_03_scene_0017 pair 116 [7, 12] combined 70656 players 21782 retained 256 seconds 1.2940275948494673
shuttleset_03_scene_0017 pair 121 [8, 1] combined 77824 players 17620 retained 256 seconds 1.3893978828564286
shuttleset_03_scene_0017 pair 125 [8, 5] combined 122880 players 4632 retained 256 seconds 0.6790300346910954
shuttleset_03_scene_0017 pair 126 [8, 6] combined 107520 players 8122 retained 256 seconds 0.798341722227633
shuttleset_03_scene_0017 pair 127 [8, 7] combined 73728 players 19152 retained 256 seconds 1.3435736801475286
shuttleset_03_scene_0017 pair 128 [8, 9] combined 38916 players 496 retained 243 seconds 0.231585294008255
shuttleset_03_scene_0017 pair 129 [8, 10] combined 36864 players 6652 retained 256 seconds 0.5019774031825364
shuttleset_03_scene_0017 pair 132 [8, 13] combined 18600 players 2710 retained 256 seconds 0.27080357214435935
shuttleset_03_scene_0017 pair 138 [9, 3] combined 146432 players 39842 retained 256 seconds 2.35510575491935
shuttleset_03_scene_0017 pair 139 [9, 4] combined 133120 players 2364 retained 256 seconds 0.7746602213010192
shuttleset_03_scene_0017 pair 143 [9, 8] combined 41760 players 10244 retained 256 seconds 0.6382316187955439
shuttleset_03_scene_0017 pair 145 [9, 11] combined 82656 players 2366 retained 256 seconds 0.43136663595214486
shuttleset_03_scene_0017 pair 146 [9, 12] combined 33480 players 9718 retained 256 seconds 0.6220296379178762
shuttleset_03_scene_0017 pair 148 [9, 14] combined 18876 players 1552 retained 256 seconds 0.2069221711717546
shuttleset_03_scene_0017 pair 150 [10, 0] combined 262144 players 59664 retained 256 seconds 4.2555843302980065
shuttleset_03_scene_0017 pair 152 [10, 2] combined 262144 players 5068 retained 256 seconds 1.2227141978219151
shuttleset_03_scene_0017 pair 153 [10, 3] combined 262144 players 2162 retained 256 seconds 1.1428070990368724
shuttleset_03_scene_0017 pair 154 [10, 4] combined 262144 players 58686 retained 256 seconds 3.5243404139764607
shuttleset_03_scene_0017 pair 157 [10, 7] combined 262144 players 62080 retained 256 seconds 3.3566881748847663
shuttleset_03_scene_0017 pair 158 [10, 8] combined 69632 players 12466 retained 256 seconds 0.8487359848804772
shuttleset_03_scene_0017 pair 160 [10, 11] combined 105472 players 5102 retained 256 seconds 0.6750448644161224
shuttleset_03_scene_0017 pair 161 [10, 12] combined 91136 players 1800 retained 256 seconds 0.4873051242902875
shuttleset_03_scene_0017 pair 163 [10, 14] combined 31744 players 0 retained 0 seconds 0.18807167559862137
shuttleset_03_scene_0017 pair 164 [10, 15] combined 30720 players 188 retained 94 seconds 0.22150052897632122
shuttleset_03_scene_0017 pair 166 [11, 1] combined 172032 players 48408 retained 256 seconds 3.1821059868671
shuttleset_03_scene_0017 pair 170 [11, 5] combined 207872 players 14400 retained 256 seconds 1.3673188341781497
shuttleset_03_scene_0017 pair 171 [11, 6] combined 169984 players 51834 retained 256 seconds 2.887847041711211
shuttleset_03_scene_0017 pair 172 [11, 7] combined 262144 players 6856 retained 256 seconds 1.2356588100083172
shuttleset_03_scene_0017 pair 174 [11, 9] combined 74460 players 442 retained 225 seconds 0.3413298260420561
shuttleset_03_scene_0017 pair 175 [11, 10] combined 171008 players 42740 retained 256 seconds 2.360395949333906
shuttleset_03_scene_0017 pair 177 [11, 13] combined 67392 players 790 retained 256 seconds 0.3621664270758629
shuttleset_03_scene_0017 pair 180 [12, 0] combined 126976 players 28788 retained 256 seconds 2.2222053823061287
shuttleset_03_scene_0017 pair 181 [12, 1] combined 132096 players 3768 retained 256 seconds 1.2526763658970594
shuttleset_03_scene_0017 pair 185 [12, 5] combined 160768 players 608 retained 256 seconds 0.64408222399652
shuttleset_03_scene_0017 pair 186 [12, 6] combined 94208 players 1750 retained 256 seconds 0.5130175990052521
shuttleset_03_scene_0017 pair 187 [12, 7] combined 123904 players 26406 retained 256 seconds 1.5392144960351288
shuttleset_03_scene_0017 pair 189 [12, 9] combined 37740 players 5062 retained 256 seconds 0.43296100897714496
shuttleset_03_scene_0017 pair 190 [12, 10] combined 131072 players 3022 retained 256 seconds 0.6541821011342108
shuttleset_03_scene_0017 pair 192 [12, 13] combined 38064 players 9912 retained 256 seconds 0.6310802921652794
shuttleset_03_scene_0017 pair 197 [13, 2] combined 120832 players 39362 retained 256 seconds 2.2125421008095145
shuttleset_03_scene_0017 pair 198 [13, 3] combined 130048 players 45670 retained 256 seconds 2.572320288978517
shuttleset_03_scene_0017 pair 199 [13, 4] combined 83968 players 2774 retained 256 seconds 0.6680905846878886
shuttleset_03_scene_0017 pair 203 [13, 8] combined 28304 players 4660 retained 256 seconds 0.4079645099118352
shuttleset_03_scene_0017 pair 206 [13, 11] combined 94248 players 2790 retained 256 seconds 0.5103110037744045
shuttleset_03_scene_0017 pair 207 [13, 12] combined 30208 players 10442 retained 256 seconds 0.6471597771160305
shuttleset_03_scene_0017 pair 208 [13, 14] combined 14640 players 3284 retained 256 seconds 0.29369034012779593
shuttleset_03_scene_0017 pair 210 [14, 0] combined 31744 players 7888 retained 256 seconds 1.3543008221313357
shuttleset_03_scene_0017 pair 214 [14, 4] combined 39936 players 11984 retained 256 seconds 0.8526225369423628
shuttleset_03_scene_0017 pair 215 [14, 5] combined 30720 players 42 retained 21 seconds 0.19804044486954808
shuttleset_03_scene_0017 pair 216 [14, 6] combined 39936 players 176 retained 90 seconds 0.24932531313970685
shuttleset_03_scene_0017 pair 219 [14, 9] combined 13172 players 530 retained 255 seconds 0.14823015313595533
shuttleset_03_scene_0017 pair 220 [14, 10] combined 38912 players 28 retained 14 seconds 0.2129028970375657
shuttleset_03_scene_0017 pair 223 [14, 13] combined 10880 players 2142 retained 256 seconds 0.2122444869019091
shuttleset_03_scene_0017 pair 225 [15, 0] combined 8192 players 2446 retained 256 seconds 0.8060039752162993
shuttleset_03_scene_0017 pair 226 [15, 1] combined 13312 players 0 retained 0 seconds 0.3927433048374951
shuttleset_03_scene_0017 pair 229 [15, 4] combined 3072 players 910 retained 256 seconds 0.2973152259364724
shuttleset_03_scene_0017 pair 230 [15, 5] combined 6144 players 2 retained 2 seconds 0.11051185708492994
shuttleset_03_scene_0017 pair 231 [15, 6] combined 16384 players 56 retained 28 seconds 0.16003183042630553
shuttleset_03_scene_0017 pair 235 [15, 10] combined 17408 players 0 retained 0 seconds 0.11031865980476141
shuttleset_03_scene_0017 pair 0 [0, 1] combined 262144 players 62446 retained 256 seconds 4.039207910187542
shuttleset_03_scene_0017 pair 1 [0, 2] combined 123904 players 31930 retained 256 seconds 2.305699826683849
shuttleset_03_scene_0017 pair 2 [0, 3] combined 262144 players 60676 retained 256 seconds 4.468519893009216
shuttleset_03_scene_0017 pair 4 [0, 5] combined 24576 players 4072 retained 256 seconds 0.9285488361492753
shuttleset_03_scene_0017 pair 5 [0, 6] combined 93184 players 22138 retained 256 seconds 1.8196289422921836
shuttleset_03_scene_0017 pair 9 [0, 10] combined 104448 players 20632 retained 256 seconds 1.8620612872764468
shuttleset_03_scene_0017 pair 11 [0, 12] combined 6144 players 1522 retained 256 seconds 0.7901597837917507
shuttleset_03_scene_0017 pair 13 [0, 14] combined 3072 players 900 retained 256 seconds 0.718820234760642
shuttleset_03_scene_0017 pair 14 [0, 15] combined 0 players 0 retained 0 seconds 0.624717019032687
shuttleset_03_scene_0017 pair 15 [1, 0] combined 262144 players 65788 retained 256 seconds 3.796076586935669
shuttleset_03_scene_0017 pair 16 [1, 2] combined 205824 players 11726 retained 256 seconds 1.2933121928945184
shuttleset_03_scene_0017 pair 18 [1, 4] combined 262144 players 59190 retained 256 seconds 3.147379511035979
shuttleset_03_scene_0017 pair 21 [1, 7] combined 100352 players 19386 retained 256 seconds 1.369281454011798
shuttleset_03_scene_0017 pair 22 [1, 8] combined 14336 players 1596 retained 256 seconds 0.2821321142837405
shuttleset_03_scene_0017 pair 25 [1, 11] combined 69632 players 3242 retained 256 seconds 0.9105996456928551
shuttleset_03_scene_0017 pair 26 [1, 12] combined 11264 players 1096 retained 256 seconds 0.24231710098683834
shuttleset_03_scene_0017 pair 29 [1, 15] combined 0 players 0 retained 0 seconds 0.1172417695634067
shuttleset_03_scene_0017 pair 30 [2, 0] combined 178176 players 52266 retained 256 seconds 2.8960922420956194
shuttleset_03_scene_0017 pair 31 [2, 1] combined 203776 players 6194 retained 256 seconds 1.0201675086282194
shuttleset_03_scene_0017 pair 33 [2, 4] combined 187392 players 39512 retained 256 seconds 2.3267572629265487
shuttleset_03_scene_0017 pair 34 [2, 5] combined 27540 players 368 retained 188 seconds 0.2048146086744964
shuttleset_03_scene_0017 pair 35 [2, 6] combined 197152 players 5670 retained 256 seconds 0.9264598870649934
shuttleset_03_scene_0017 pair 39 [2, 10] combined 123500 players 1810 retained 256 seconds 0.559515368193388
shuttleset_03_scene_0017 pair 42 [2, 13] combined 34028 players 8322 retained 256 seconds 0.521304318215698
shuttleset_03_scene_0017 pair 45 [3, 0] combined 262144 players 66192 retained 256 seconds 3.7100299070589244
shuttleset_03_scene_0017 pair 48 [3, 4] combined 262144 players 57494 retained 256 seconds 3.750247510150075
shuttleset_03_scene_0017 pair 49 [3, 5] combined 52224 players 3102 retained 256 seconds 0.4555646157823503
shuttleset_03_scene_0017 pair 50 [3, 6] combined 188416 players 2204 retained 256 seconds 0.8189933197572827
shuttleset_03_scene_0017 pair 51 [3, 7] combined 98304 players 15626 retained 256 seconds 1.056337734684348
shuttleset_03_scene_0017 pair 53 [3, 9] combined 12288 players 2586 retained 256 seconds 0.30451328214257956
shuttleset_03_scene_0017 pair 54 [3, 10] combined 191488 players 1948 retained 256 seconds 0.822604195214808
shuttleset_03_scene_0017 pair 57 [3, 13] combined 58368 players 14690 retained 256 seconds 0.9251746363006532
shuttleset_03_scene_0017 pair 61 [4, 1] combined 262144 players 62462 retained 256 seconds 3.5356251602061093
shuttleset_03_scene_0017 pair 62 [4, 2] combined 122880 players 22386 retained 256 seconds 1.4594029020518064
shuttleset_03_scene_0017 pair 63 [4, 3] combined 262144 players 62040 retained 256 seconds 3.4369256258942187
shuttleset_03_scene_0017 pair 64 [4, 5] combined 28672 players 6366 retained 256 seconds 0.47111449390649796
shuttleset_03_scene_0017 pair 65 [4, 6] combined 92160 players 20212 retained 256 seconds 1.7000603331252933
shuttleset_03_scene_0017 pair 66 [4, 7] combined 149504 players 3592 retained 256 seconds 0.7133938018232584
shuttleset_03_scene_0017 pair 68 [4, 9] combined 27648 players 1110 retained 256 seconds 0.2559495996683836
shuttleset_03_scene_0017 pair 69 [4, 10] combined 102400 players 16292 retained 256 seconds 1.0643579019233584
shuttleset_03_scene_0017 pair 72 [4, 13] combined 73728 players 2274 retained 256 seconds 0.4503987580537796
shuttleset_03_scene_0017 pair 73 [4, 14] combined 0 players 0 retained 0 seconds 0.0898623475804925
shuttleset_03_scene_0017 pair 74 [4, 15] combined 0 players 0 retained 0 seconds 0.08176021696999669
shuttleset_03_scene_0017 pair 75 [5, 0] combined 30720 players 8954 retained 256 seconds 0.8743188139051199
shuttleset_03_scene_0017 pair 77 [5, 2] combined 31408 players 690 retained 256 seconds 0.21697328332811594
shuttleset_03_scene_0017 pair 78 [5, 3] combined 37888 players 686 retained 256 seconds 0.28701577987521887
shuttleset_03_scene_0017 pair 79 [5, 4] combined 26624 players 7588 retained 256 seconds 0.47432304732501507
shuttleset_03_scene_0017 pair 82 [5, 8] combined 1776 players 226 retained 113 seconds 0.07747303694486618
shuttleset_03_scene_0017 pair 85 [5, 11] combined 8736 players 1496 retained 256 seconds 0.17008662968873978
shuttleset_03_scene_0017 pair 86 [5, 12] combined 2352 players 0 retained 0 seconds 0.03546901838853955
shuttleset_03_scene_0017 pair 88 [5, 14] combined 620 players 0 retained 0 seconds 0.025435310788452625
shuttleset_03_scene_0017 pair 89 [5, 15] combined 0 players 0 retained 0 seconds 0.019749538972973824
shuttleset_03_scene_0017 pair 90 [6, 0] combined 177152 players 46160 retained 256 seconds 2.759622236713767
shuttleset_03_scene_0017 pair 92 [6, 2] combined 135720 players 1412 retained 256 seconds 0.5932859932072461
shuttleset_03_scene_0017 pair 93 [6, 3] combined 187392 players 2296 retained 256 seconds 0.8085487270727754
shuttleset_03_scene_0017 pair 94 [6, 4] combined 177152 players 40930 retained 256 seconds 2.131452973932028
shuttleset_03_scene_0017 pair 96 [6, 7] combined 59004 players 11968 retained 256 seconds 0.7580220708623528
shuttleset_03_scene_0017 pair 97 [6, 8] combined 11520 players 648 retained 256 seconds 0.15986373322084546
shuttleset_03_scene_0017 pair 100 [6, 11] combined 37204 players 2794 retained 256 seconds 0.31743913935497403
shuttleset_03_scene_0017 pair 101 [6, 12] combined 7448 players 34 retained 18 seconds 0.10194138577207923
shuttleset_03_scene_0017 pair 103 [6, 14] combined 3140 players 0 retained 0 seconds 0.05795347597450018
shuttleset_03_scene_0017 pair 104 [6, 15] combined 0 players 0 retained 0 seconds 0.04281394323334098
shuttleset_03_scene_0017 pair 106 [7, 1] combined 137216 players 37004 retained 256 seconds 2.134881848935038
shuttleset_03_scene_0017 pair 108 [7, 3] combined 131072 players 32834 retained 256 seconds 2.3966689463704824
shuttleset_03_scene_0017 pair 109 [7, 4] combined 153600 players 3228 retained 256 seconds 0.7038438422605395
shuttleset_03_scene_0017 pair 111 [7, 6] combined 46112 players 11700 retained 256 seconds 0.7268517483025789
shuttleset_03_scene_0017 pair 112 [7, 8] combined 7728 players 1348 retained 256 seconds 0.1658965703099966
shuttleset_03_scene_0017 pair 114 [7, 10] combined 52116 players 9096 retained 256 seconds 0.6276653450913727
shuttleset_03_scene_0017 pair 115 [7, 11] combined 79864 players 1744 retained 256 seconds 0.39092827402055264
shuttleset_03_scene_0017 pair 116 [7, 12] combined 3072 players 968 retained 256 seconds 0.13082945812493563
shuttleset_03_scene_0017 pair 121 [8, 1] combined 25600 players 3998 retained 256 seconds 0.35952778393402696
shuttleset_03_scene_0017 pair 125 [8, 5] combined 2904 players 256 retained 116 seconds 0.0835439576767385
shuttleset_03_scene_0017 pair 126 [8, 6] combined 12880 players 894 retained 256 seconds 0.16303471801802516
shuttleset_03_scene_0017 pair 127 [8, 7] combined 9776 players 2284 retained 256 seconds 0.2041335329413414
shuttleset_03_scene_0017 pair 128 [8, 9] combined 1280 players 16 retained 8 seconds 0.052591750863939524
shuttleset_03_scene_0017 pair 129 [8, 10] combined 6440 players 704 retained 256 seconds 0.1339810648933053
shuttleset_03_scene_0017 pair 132 [8, 13] combined 4416 players 720 retained 256 seconds 0.12223304901272058
shuttleset_03_scene_0017 pair 138 [9, 3] combined 23552 players 6002 retained 256 seconds 0.4398328438401222
shuttleset_03_scene_0017 pair 139 [9, 4] combined 36864 players 810 retained 256 seconds 0.2514560245908797
shuttleset_03_scene_0017 pair 143 [9, 8] combined 1680 players 202 retained 102 seconds 0.06359918368980289
shuttleset_03_scene_0017 pair 145 [9, 11] combined 17712 players 106 retained 53 seconds 0.1106327180750668
shuttleset_03_scene_0017 pair 146 [9, 12] combined 600 players 170 retained 85 seconds 0.05483434768393636
shuttleset_03_scene_0017 pair 148 [9, 14] combined 368 players 16 retained 6 seconds 0.0427193702198565
shuttleset_03_scene_0017 pair 150 [10, 0] combined 172032 players 41736 retained 256 seconds 2.514780030120164
shuttleset_03_scene_0017 pair 152 [10, 2] combined 130260 players 3252 retained 256 seconds 0.6407357342541218
shuttleset_03_scene_0017 pair 153 [10, 3] combined 169984 players 1810 retained 256 seconds 0.7340326239354908
shuttleset_03_scene_0017 pair 154 [10, 4] combined 165888 players 26930 retained 256 seconds 1.5993526899255812
shuttleset_03_scene_0017 pair 157 [10, 7] combined 64680 players 9788 retained 256 seconds 0.683243305888027
shuttleset_03_scene_0017 pair 158 [10, 8] combined 8684 players 1100 retained 256 seconds 0.16776257008314133
shuttleset_03_scene_0017 pair 160 [10, 11] combined 46760 players 1768 retained 256 seconds 0.30011144280433655
shuttleset_03_scene_0017 pair 161 [10, 12] combined 9196 players 294 retained 148 seconds 0.12041976721957326
shuttleset_03_scene_0017 pair 163 [10, 14] combined 1824 players 0 retained 0 seconds 0.04828136693686247
shuttleset_03_scene_0017 pair 164 [10, 15] combined 0 players 0 retained 0 seconds 0.03960672067478299
shuttleset_03_scene_0017 pair 166 [11, 1] combined 101376 players 20548 retained 256 seconds 1.1963179456070065
shuttleset_03_scene_0017 pair 170 [11, 5] combined 10560 players 1274 retained 256 seconds 0.17443607607856393
shuttleset_03_scene_0017 pair 171 [11, 6] combined 33660 players 8342 retained 256 seconds 0.5144254718907177
shuttleset_03_scene_0017 pair 172 [11, 7] combined 56144 players 60 retained 30 seconds 0.24063287395983934
shuttleset_03_scene_0017 pair 174 [11, 9] combined 18360 players 84 retained 42 seconds 0.12070529907941818
shuttleset_03_scene_0017 pair 175 [11, 10] combined 45384 players 7396 retained 256 seconds 0.4927939670160413
shuttleset_03_scene_0017 pair 177 [11, 13] combined 44520 players 358 retained 179 seconds 0.23082039318978786
shuttleset_03_scene_0017 pair 180 [12, 0] combined 12288 players 2768 retained 256 seconds 1.0745544070377946
shuttleset_03_scene_0017 pair 181 [12, 1] combined 14336 players 1080 retained 256 seconds 0.21318048471584916
shuttleset_03_scene_0017 pair 185 [12, 5] combined 1932 players 0 retained 0 seconds 0.029957488179206848
shuttleset_03_scene_0017 pair 186 [12, 6] combined 3388 players 44 retained 22 seconds 0.07591915084049106
shuttleset_03_scene_0017 pair 187 [12, 7] combined 4512 players 712 retained 256 seconds 0.11952396295964718
shuttleset_03_scene_0017 pair 189 [12, 9] combined 676 players 156 retained 78 seconds 0.055943049024790525
shuttleset_03_scene_0017 pair 190 [12, 10] combined 8960 players 184 retained 95 seconds 0.10217436775565147
shuttleset_03_scene_0017 pair 192 [12, 13] combined 2704 players 832 retained 256 seconds 0.11973206698894501
shuttleset_03_scene_0017 pair 197 [13, 2] combined 42828 players 15646 retained 256 seconds 0.844719844404608
shuttleset_03_scene_0017 pair 198 [13, 3] combined 100352 players 37394 retained 256 seconds 1.9647583328187466
shuttleset_03_scene_0017 pair 199 [13, 4] combined 53248 players 2722 retained 256 seconds 0.3817538423463702
shuttleset_03_scene_0017 pair 203 [13, 8] combined 2880 players 50 retained 25 seconds 0.07907853275537491
shuttleset_03_scene_0017 pair 206 [13, 11] combined 44440 players 368 retained 184 seconds 0.2347524673677981
shuttleset_03_scene_0017 pair 207 [13, 12] combined 2848 players 1162 retained 256 seconds 0.14380166726186872
shuttleset_03_scene_0017 pair 208 [13, 14] combined 1128 players 348 retained 170 seconds 0.09394561313092709
shuttleset_03_scene_0017 pair 210 [14, 0] combined 4096 players 1384 retained 256 seconds 0.5074186911806464
shuttleset_03_scene_0017 pair 214 [14, 4] combined 3072 players 1014 retained 256 seconds 0.15849793795496225
shuttleset_03_scene_0017 pair 215 [14, 5] combined 296 players 0 retained 0 seconds 0.021375042852014303
shuttleset_03_scene_0017 pair 216 [14, 6] combined 5060 players 82 retained 41 seconds 0.08273882418870926
shuttleset_03_scene_0017 pair 219 [14, 9] combined 240 players 0 retained 0 seconds 0.014143848791718483
shuttleset_03_scene_0017 pair 220 [14, 10] combined 2568 players 0 retained 0 seconds 0.038968862034380436
shuttleset_03_scene_0017 pair 223 [14, 13] combined 1320 players 336 retained 162 seconds 0.08248936990275979
shuttleset_03_scene_0017 pair 225 [15, 0] combined 0 players 0 retained 0 seconds 0.39394053211435676
shuttleset_03_scene_0017 pair 226 [15, 1] combined 0 players 0 retained 0 seconds 0.07290600286796689
shuttleset_03_scene_0017 pair 229 [15, 4] combined 0 players 0 retained 0 seconds 0.05578799964860082
shuttleset_03_scene_0017 pair 230 [15, 5] combined 0 players 0 retained 0 seconds 0.014629657380282879
shuttleset_03_scene_0017 pair 231 [15, 6] combined 0 players 0 retained 0 seconds 0.02952865418046713
shuttleset_03_scene_0017 pair 235 [15, 10] combined 0 players 0 retained 0 seconds 0.024809138849377632
[shuttleset_03_scene_0017] line-template: preparing rectangles
[shuttleset_03_scene_0017] measuring 762 parents (G0=256, G1=256, line_template=256; conflicting geometry groups=0)
[shuttleset_03_scene_0017] parents 250/762
[shuttleset_03_scene_0017] parents 500/762
[shuttleset_03_scene_0017] parents 750/762
[shuttleset_03_scene_0017] refitting 762 parents
[shuttleset_03_scene_0017] refits 250/762; valid children=204
[shuttleset_03_scene_0017] refits 500/762; valid children=408
[shuttleset_03_scene_0017] refits 750/762; valid children=626
{"view_id": "shuttleset_03_scene_0017", "chosen_key": "G1:1:3856", "no_court_reason": null, "all_checks_equal": true, "error": null}
shuttleset_03_scene_0032 pair 0 [0, 1] combined 262144 players 75364 retained 256 seconds 6.790831088088453
shuttleset_03_scene_0032 pair 1 [0, 2] combined 262144 players 72862 retained 256 seconds 6.523524887859821
shuttleset_03_scene_0032 pair 2 [0, 3] combined 250880 players 68812 retained 256 seconds 5.459562924224883
shuttleset_03_scene_0032 pair 5 [0, 6] combined 262144 players 51006 retained 256 seconds 5.247239706106484
shuttleset_03_scene_0032 pair 7 [0, 8] combined 159744 players 17776 retained 256 seconds 3.1905032992362976
shuttleset_03_scene_0032 pair 12 [0, 13] combined 228352 players 37296 retained 256 seconds 4.626876587048173
shuttleset_03_scene_0032 pair 14 [0, 15] combined 55296 players 3524 retained 256 seconds 2.442404004279524
shuttleset_03_scene_0032 pair 15 [1, 0] combined 262144 players 81802 retained 256 seconds 5.7816659840755165
shuttleset_03_scene_0032 pair 16 [1, 2] combined 262144 players 11142 retained 256 seconds 2.1657611071132123
shuttleset_03_scene_0032 pair 18 [1, 4] combined 262144 players 72540 retained 256 seconds 4.910128941759467
shuttleset_03_scene_0032 pair 19 [1, 5] combined 262144 players 73378 retained 256 seconds 4.600734089035541
shuttleset_03_scene_0032 pair 21 [1, 7] combined 262144 players 31490 retained 256 seconds 2.8006016979925334
shuttleset_03_scene_0032 pair 22 [1, 8] combined 224256 players 42866 retained 256 seconds 3.269715392962098
shuttleset_03_scene_0032 pair 23 [1, 9] combined 37888 players 11672 retained 256 seconds 1.1126731848344207
shuttleset_03_scene_0032 pair 24 [1, 10] combined 134144 players 17926 retained 256 seconds 1.699710178654641
shuttleset_03_scene_0032 pair 26 [1, 12] combined 114688 players 7154 retained 256 seconds 1.20638944581151
shuttleset_03_scene_0032 pair 30 [2, 0] combined 262144 players 71608 retained 256 seconds 5.665179644711316
shuttleset_03_scene_0032 pair 31 [2, 1] combined 262144 players 1370 retained 256 seconds 1.3524764268659055
shuttleset_03_scene_0032 pair 32 [2, 3] combined 262144 players 1388 retained 256 seconds 1.1358659220859408
shuttleset_03_scene_0032 pair 40 [2, 11] combined 28672 players 11360 retained 256 seconds 0.8361104284413159
shuttleset_03_scene_0032 pair 43 [2, 14] combined 178176 players 4612 retained 256 seconds 0.9791795299388468
shuttleset_03_scene_0032 pair 44 [2, 15] combined 60416 players 1116 retained 256 seconds 0.44522859808057547
shuttleset_03_scene_0032 pair 45 [3, 0] combined 262144 players 75344 retained 256 seconds 5.6947831329889596
shuttleset_03_scene_0032 pair 47 [3, 2] combined 262144 players 5982 retained 256 seconds 1.3866159501485527
shuttleset_03_scene_0032 pair 48 [3, 4] combined 262144 players 65134 retained 256 seconds 4.287455029319972
shuttleset_03_scene_0032 pair 49 [3, 5] combined 262144 players 68770 retained 256 seconds 4.036357639823109
shuttleset_03_scene_0032 pair 50 [3, 6] combined 262144 players 6848 retained 256 seconds 1.4612569897435606
shuttleset_03_scene_0032 pair 51 [3, 7] combined 256000 players 5970 retained 256 seconds 1.3023063116706908
shuttleset_03_scene_0032 pair 52 [3, 8] combined 195584 players 4850 retained 256 seconds 1.03110844315961
shuttleset_03_scene_0032 pair 53 [3, 9] combined 26624 players 386 retained 189 seconds 0.2844227529130876
shuttleset_03_scene_0032 pair 54 [3, 10] combined 55296 players 4728 retained 256 seconds 0.5813902709633112
shuttleset_03_scene_0032 pair 56 [3, 12] combined 108544 players 2800 retained 256 seconds 0.6702591511420906
shuttleset_03_scene_0032 pair 61 [4, 1] combined 262144 players 53976 retained 256 seconds 4.301959833595902
shuttleset_03_scene_0032 pair 63 [4, 3] combined 220160 players 39070 retained 256 seconds 3.0442145131528378
shuttleset_03_scene_0032 pair 64 [4, 5] combined 262144 players 6178 retained 256 seconds 1.7132472577504814
shuttleset_03_scene_0032 pair 65 [4, 6] combined 262144 players 37378 retained 256 seconds 3.4479199429042637
shuttleset_03_scene_0032 pair 67 [4, 8] combined 162816 players 2658 retained 256 seconds 1.1613998231478035
shuttleset_03_scene_0032 pair 72 [4, 13] combined 254976 players 19730 retained 256 seconds 2.1943171732127666
shuttleset_03_scene_0032 pair 74 [4, 15] combined 58368 players 3928 retained 256 seconds 0.9066482512280345
shuttleset_03_scene_0032 pair 76 [5, 1] combined 262144 players 89120 retained 256 seconds 5.929120616056025
shuttleset_03_scene_0032 pair 78 [5, 3] combined 248832 players 76072 retained 256 seconds 4.648255233187228
shuttleset_03_scene_0032 pair 79 [5, 4] combined 262144 players 5760 retained 256 seconds 1.5921256863512099
shuttleset_03_scene_0032 pair 80 [5, 6] combined 262144 players 57664 retained 256 seconds 3.768458246253431
shuttleset_03_scene_0032 pair 81 [5, 7] combined 198656 players 56110 retained 256 seconds 3.7026202040724456
shuttleset_03_scene_0032 pair 83 [5, 9] combined 23552 players 1122 retained 256 seconds 0.41990798572078347
shuttleset_03_scene_0032 pair 84 [5, 10] combined 177152 players 3464 retained 256 seconds 0.9931459608487785
shuttleset_03_scene_0032 pair 85 [5, 11] combined 96256 players 1108 retained 256 seconds 0.6457907841540873
shuttleset_03_scene_0032 pair 86 [5, 12] combined 76800 players 18926 retained 256 seconds 1.3607203899882734
shuttleset_03_scene_0032 pair 88 [5, 14] combined 145408 players 44166 retained 256 seconds 2.6622881703078747
shuttleset_03_scene_0032 pair 90 [6, 0] combined 262144 players 57838 retained 256 seconds 4.967741269618273
shuttleset_03_scene_0032 pair 93 [6, 3] combined 262144 players 10184 retained 256 seconds 1.5901090931147337
shuttleset_03_scene_0032 pair 94 [6, 4] combined 262144 players 51330 retained 256 seconds 3.509951530955732
shuttleset_03_scene_0032 pair 95 [6, 5] combined 262144 players 51128 retained 256 seconds 3.3109012441709638
shuttleset_03_scene_0032 pair 98 [6, 9] combined 31744 players 8328 retained 256 seconds 1.127151743043214
shuttleset_03_scene_0032 pair 100 [6, 11] combined 40960 players 9368 retained 256 seconds 0.8768049613572657
shuttleset_03_scene_0032 pair 102 [6, 13] combined 262144 players 64542 retained 256 seconds 3.5104984072968364
shuttleset_03_scene_0032 pair 103 [6, 14] combined 219136 players 13908 retained 256 seconds 1.611986949108541
shuttleset_03_scene_0032 pair 104 [6, 15] combined 60416 players 3120 retained 256 seconds 0.6551152328029275
shuttleset_03_scene_0032 pair 106 [7, 1] combined 262144 players 8636 retained 256 seconds 1.5655880821868777
shuttleset_03_scene_0032 pair 108 [7, 3] combined 257024 players 1582 retained 256 seconds 1.0896474570035934
shuttleset_03_scene_0032 pair 110 [7, 5] combined 262144 players 66740 retained 256 seconds 4.153498270083219
shuttleset_03_scene_0032 pair 117 [7, 13] combined 262144 players 13866 retained 256 seconds 1.6363128679804504
shuttleset_03_scene_0032 pair 118 [7, 14] combined 259072 players 4038 retained 256 seconds 1.1823992193676531
shuttleset_03_scene_0032 pair 119 [7, 15] combined 54272 players 186 retained 93 seconds 0.31631099712103605
shuttleset_03_scene_0032 pair 120 [8, 0] combined 187392 players 5492 retained 256 seconds 1.9196011638268828
shuttleset_03_scene_0032 pair 121 [8, 1] combined 247808 players 28342 retained 256 seconds 2.2961985799483955
shuttleset_03_scene_0032 pair 123 [8, 3] combined 237568 players 8498 retained 256 seconds 1.2875907137058675
shuttleset_03_scene_0032 pair 124 [8, 4] combined 193536 players 4364 retained 256 seconds 1.1025399547070265
shuttleset_03_scene_0032 pair 130 [8, 11] combined 12288 players 88 retained 44 seconds 0.14978987397626042
shuttleset_03_scene_0032 pair 133 [8, 14] combined 134160 players 28272 retained 256 seconds 1.7873824061825871
shuttleset_03_scene_0032 pair 136 [9, 1] combined 20480 players 2826 retained 256 seconds 0.5494118649512529
shuttleset_03_scene_0032 pair 138 [9, 3] combined 21504 players 306 retained 154 seconds 0.19999301806092262
shuttleset_03_scene_0032 pair 140 [9, 5] combined 12288 players 948 retained 256 seconds 0.6161363390274346
shuttleset_03_scene_0032 pair 141 [9, 6] combined 27648 players 1068 retained 256 seconds 0.33653031196445227
shuttleset_03_scene_0032 pair 147 [9, 13] combined 11376 players 358 retained 180 seconds 0.1435041008517146
shuttleset_03_scene_0032 pair 151 [10, 1] combined 175104 players 30648 retained 256 seconds 2.235401907004416
shuttleset_03_scene_0032 pair 153 [10, 3] combined 49152 players 2856 retained 256 seconds 0.42508795531466603
shuttleset_03_scene_0032 pair 155 [10, 5] combined 49152 players 1352 retained 256 seconds 0.42352141020819545
shuttleset_03_scene_0032 pair 162 [10, 13] combined 94208 players 2876 retained 256 seconds 0.5284606860950589
shuttleset_03_scene_0032 pair 163 [10, 14] combined 173056 players 14287 retained 256 seconds 1.2949372800067067
shuttleset_03_scene_0032 pair 164 [10, 15] combined 12240 players 578 retained 256 seconds 0.1725848470814526
shuttleset_03_scene_0032 pair 167 [11, 2] combined 61440 players 15910 retained 256 seconds 1.1168049671687186
shuttleset_03_scene_0032 pair 170 [11, 5] combined 31744 players 20 retained 11 seconds 0.3069296879693866
shuttleset_03_scene_0032 pair 171 [11, 6] combined 75776 players 23098 retained 256 seconds 1.4951772070489824
shuttleset_03_scene_0032 pair 173 [11, 8] combined 18432 players 670 retained 256 seconds 0.2319867559708655
shuttleset_03_scene_0032 pair 177 [11, 13] combined 58368 players 0 retained 0 seconds 0.2824856578372419
shuttleset_03_scene_0032 pair 179 [11, 15] combined 18700 players 1230 retained 256 seconds 0.23721372708678246
shuttleset_03_scene_0032 pair 181 [12, 1] combined 97280 players 2904 retained 256 seconds 0.8083354700356722
shuttleset_03_scene_0032 pair 183 [12, 3] combined 135168 players 2276 retained 256 seconds 0.6833321452140808
shuttleset_03_scene_0032 pair 185 [12, 5] combined 108544 players 26034 retained 256 seconds 2.012554420158267
shuttleset_03_scene_0032 pair 193 [12, 14] combined 60736 players 736 retained 256 seconds 0.3626455971971154
shuttleset_03_scene_0032 pair 194 [12, 15] combined 24408 players 616 retained 256 seconds 0.2099220920354128
shuttleset_03_scene_0032 pair 195 [13, 0] combined 262144 players 39534 retained 256 seconds 3.7260538549162447
shuttleset_03_scene_0032 pair 199 [13, 4] combined 262144 players 31866 retained 256 seconds 2.4320060862228274
shuttleset_03_scene_0032 pair 201 [13, 6] combined 262144 players 43296 retained 256 seconds 2.904513983055949
shuttleset_03_scene_0032 pair 202 [13, 7] combined 262144 players 4506 retained 256 seconds 1.2411545161157846
shuttleset_03_scene_0032 pair 204 [13, 9] combined 21504 players 326 retained 163 seconds 0.1933769197203219
shuttleset_03_scene_0032 pair 205 [13, 10] combined 77824 players 2876 retained 256 seconds 0.4993680017068982
shuttleset_03_scene_0032 pair 206 [13, 11] combined 86016 players 1674 retained 256 seconds 0.48195725213736296
shuttleset_03_scene_0032 pair 212 [14, 2] combined 228352 players 27182 retained 256 seconds 2.072064161300659
shuttleset_03_scene_0032 pair 215 [14, 5] combined 248832 players 73730 retained 256 seconds 4.353603930212557
shuttleset_03_scene_0032 pair 216 [14, 6] combined 262144 players 9018 retained 256 seconds 1.4528707289136946
shuttleset_03_scene_0032 pair 217 [14, 7] combined 177152 players 1910 retained 256 seconds 0.8145368746481836
shuttleset_03_scene_0032 pair 218 [14, 8] combined 180648 players 37678 retained 256 seconds 2.254198297858238
shuttleset_03_scene_0032 pair 220 [14, 10] combined 121044 players 1138 retained 256 seconds 0.5829478958621621
shuttleset_03_scene_0032 pair 222 [14, 12] combined 100064 players 956 retained 256 seconds 0.4988395692780614
shuttleset_03_scene_0032 pair 225 [15, 0] combined 111616 players 16342 retained 256 seconds 2.0483885649591684
shuttleset_03_scene_0032 pair 227 [15, 2] combined 111616 players 4844 retained 256 seconds 0.7578175286762416
shuttleset_03_scene_0032 pair 229 [15, 4] combined 104448 players 12434 retained 256 seconds 1.237753903027624
shuttleset_03_scene_0032 pair 231 [15, 6] combined 76800 players 848 retained 256 seconds 0.5198776563629508
shuttleset_03_scene_0032 pair 232 [15, 7] combined 87792 players 648 retained 256 seconds 0.44617045810446143
shuttleset_03_scene_0032 pair 235 [15, 10] combined 23852 players 2518 retained 256 seconds 0.2942523709498346
shuttleset_03_scene_0032 pair 236 [15, 11] combined 28840 players 4344 retained 256 seconds 0.40748280100524426
shuttleset_03_scene_0032 pair 237 [15, 12] combined 35640 players 1030 retained 256 seconds 0.269743321929127
shuttleset_03_scene_0032 pair 0 [0, 1] combined 262144 players 56782 retained 256 seconds 4.58258650591597
shuttleset_03_scene_0032 pair 1 [0, 2] combined 199680 players 52010 retained 256 seconds 3.9344613552093506
shuttleset_03_scene_0032 pair 2 [0, 3] combined 36864 players 7036 retained 256 seconds 1.5671931649558246
shuttleset_03_scene_0032 pair 5 [0, 6] combined 246784 players 50268 retained 256 seconds 4.010204177815467
shuttleset_03_scene_0032 pair 7 [0, 8] combined 43008 players 976 retained 256 seconds 1.1130318269133568
shuttleset_03_scene_0032 pair 12 [0, 13] combined 5120 players 630 retained 256 seconds 1.04845558013767
shuttleset_03_scene_0032 pair 14 [0, 15] combined 12288 players 94 retained 32 seconds 1.0448164972476661
shuttleset_03_scene_0032 pair 15 [1, 0] combined 262144 players 64840 retained 256 seconds 4.51972689665854
shuttleset_03_scene_0032 pair 16 [1, 2] combined 262144 players 6684 retained 256 seconds 1.3345416490919888
shuttleset_03_scene_0032 pair 18 [1, 4] combined 262144 players 50152 retained 256 seconds 3.12564303772524
shuttleset_03_scene_0032 pair 19 [1, 5] combined 262144 players 70546 retained 256 seconds 3.83744774479419
shuttleset_03_scene_0032 pair 21 [1, 7] combined 95232 players 7480 retained 256 seconds 0.7833311101421714
shuttleset_03_scene_0032 pair 22 [1, 8] combined 71680 players 12064 retained 256 seconds 0.9098344459198415
shuttleset_03_scene_0032 pair 23 [1, 9] combined 14336 players 2948 retained 256 seconds 0.3199522355571389
shuttleset_03_scene_0032 pair 24 [1, 10] combined 136192 players 12884 retained 256 seconds 1.067064676899463
shuttleset_03_scene_0032 pair 26 [1, 12] combined 0 players 0 retained 0 seconds 0.12993356166407466
shuttleset_03_scene_0032 pair 30 [2, 0] combined 227328 players 64468 retained 256 seconds 4.643735617864877
shuttleset_03_scene_0032 pair 31 [2, 1] combined 262144 players 3988 retained 256 seconds 1.2073520449921489
shuttleset_03_scene_0032 pair 32 [2, 3] combined 50176 players 1058 retained 256 seconds 0.35891300393268466
shuttleset_03_scene_0032 pair 40 [2, 11] combined 5184 players 1364 retained 256 seconds 0.21416829712688923
shuttleset_03_scene_0032 pair 43 [2, 14] combined 23552 players 174 retained 87 seconds 0.20139942271634936
shuttleset_03_scene_0032 pair 44 [2, 15] combined 10240 players 56 retained 28 seconds 0.1439784630201757
shuttleset_03_scene_0032 pair 45 [3, 0] combined 68608 players 19558 retained 256 seconds 1.5619072667323053
shuttleset_03_scene_0032 pair 47 [3, 2] combined 87040 players 2498 retained 256 seconds 0.5095362849533558
shuttleset_03_scene_0032 pair 48 [3, 4] combined 78848 players 17398 retained 256 seconds 1.072837877087295
shuttleset_03_scene_0032 pair 49 [3, 5] combined 58368 players 15732 retained 256 seconds 0.951602516695857
shuttleset_03_scene_0032 pair 50 [3, 6] combined 102400 players 3010 retained 256 seconds 0.5905887670814991
shuttleset_03_scene_0032 pair 51 [3, 7] combined 12972 players 12 retained 6 seconds 0.12778292829170823
shuttleset_03_scene_0032 pair 52 [3, 8] combined 33120 players 690 retained 256 seconds 0.235011775046587
shuttleset_03_scene_0032 pair 53 [3, 9] combined 5724 players 210 retained 106 seconds 0.09970456967130303
shuttleset_03_scene_0032 pair 54 [3, 10] combined 14352 players 956 retained 256 seconds 0.18959862366318703
shuttleset_03_scene_0032 pair 56 [3, 12] combined 272 players 4 retained 2 seconds 0.06914773397147655
shuttleset_03_scene_0032 pair 61 [4, 1] combined 262144 players 25452 retained 256 seconds 2.1266770120710135
shuttleset_03_scene_0032 pair 63 [4, 3] combined 44032 players 6292 retained 256 seconds 0.5761965070851147
shuttleset_03_scene_0032 pair 64 [4, 5] combined 262144 players 5820 retained 256 seconds 1.2929060435853899
shuttleset_03_scene_0032 pair 65 [4, 6] combined 234496 players 25566 retained 256 seconds 2.148080676328391
shuttleset_03_scene_0032 pair 67 [4, 8] combined 45056 players 524 retained 256 seconds 0.3416400193236768
shuttleset_03_scene_0032 pair 72 [4, 13] combined 9216 players 494 retained 247 seconds 0.22479491587728262
shuttleset_03_scene_0032 pair 74 [4, 15] combined 11264 players 116 retained 52 seconds 0.19791060080751777
shuttleset_03_scene_0032 pair 76 [5, 1] combined 262144 players 55332 retained 256 seconds 4.143067801836878
shuttleset_03_scene_0032 pair 78 [5, 3] combined 39936 players 9412 retained 256 seconds 0.7469663927331567
shuttleset_03_scene_0032 pair 79 [5, 4] combined 262144 players 4290 retained 256 seconds 1.2461709547787905
shuttleset_03_scene_0032 pair 80 [5, 6] combined 224256 players 38982 retained 256 seconds 2.7294353721663356
shuttleset_03_scene_0032 pair 81 [5, 7] combined 43008 players 7052 retained 256 seconds 0.6147480397485197
shuttleset_03_scene_0032 pair 83 [5, 9] combined 12288 players 514 retained 256 seconds 0.21967078978195786
shuttleset_03_scene_0032 pair 84 [5, 10] combined 103424 players 1294 retained 256 seconds 0.5383446840569377
shuttleset_03_scene_0032 pair 85 [5, 11] combined 23712 players 2 retained 1 seconds 0.21467540599405766
shuttleset_03_scene_0032 pair 86 [5, 12] combined 0 players 0 retained 0 seconds 0.10484655993059278
shuttleset_03_scene_0032 pair 88 [5, 14] combined 22528 players 5334 retained 256 seconds 0.47060662508010864
shuttleset_03_scene_0032 pair 90 [6, 0] combined 262144 players 51772 retained 256 seconds 3.6111564422026277
shuttleset_03_scene_0032 pair 93 [6, 3] combined 60416 players 1760 retained 256 seconds 0.45613350765779614
shuttleset_03_scene_0032 pair 94 [6, 4] combined 262144 players 47212 retained 256 seconds 3.1238885200582445
shuttleset_03_scene_0032 pair 95 [6, 5] combined 262144 players 52918 retained 256 seconds 3.8306472171097994
shuttleset_03_scene_0032 pair 98 [6, 9] combined 20480 players 5014 retained 256 seconds 0.4558559306897223
shuttleset_03_scene_0032 pair 100 [6, 11] combined 16384 players 4058 retained 256 seconds 0.4326178231276572
shuttleset_03_scene_0032 pair 102 [6, 13] combined 14112 players 3068 retained 256 seconds 0.3483066810294986
shuttleset_03_scene_0032 pair 103 [6, 14] combined 32768 players 464 retained 233 seconds 0.3064458202570677
shuttleset_03_scene_0032 pair 104 [6, 15] combined 6144 players 0 retained 0 seconds 0.1430775481276214
shuttleset_03_scene_0032 pair 106 [7, 1] combined 50176 players 2 retained 1 seconds 0.305697123054415
shuttleset_03_scene_0032 pair 108 [7, 3] combined 13992 players 22 retained 11 seconds 0.13167293230071664
shuttleset_03_scene_0032 pair 110 [7, 5] combined 67584 players 12680 retained 256 seconds 0.8956753290258348
shuttleset_03_scene_0032 pair 117 [7, 13] combined 3864 players 394 retained 187 seconds 0.111658850684762
shuttleset_03_scene_0032 pair 118 [7, 14] combined 11256 players 0 retained 0 seconds 0.08192698890343308
shuttleset_03_scene_0032 pair 119 [7, 15] combined 2948 players 0 retained 0 seconds 0.048139226622879505
shuttleset_03_scene_0032 pair 120 [8, 0] combined 43008 players 198 retained 99 seconds 0.7982468320988119
shuttleset_03_scene_0032 pair 121 [8, 1] combined 103424 players 21224 retained 256 seconds 1.4109145482070744
shuttleset_03_scene_0032 pair 123 [8, 3] combined 33368 players 1202 retained 256 seconds 0.26848415611311793
shuttleset_03_scene_0032 pair 124 [8, 4] combined 45056 players 436 retained 218 seconds 0.2972718798555434
shuttleset_03_scene_0032 pair 130 [8, 11] combined 1264 players 24 retained 12 seconds 0.07002154132351279
shuttleset_03_scene_0032 pair 133 [8, 14] combined 11252 players 1740 retained 256 seconds 0.1909678434021771
shuttleset_03_scene_0032 pair 136 [9, 1] combined 2048 players 546 retained 256 seconds 0.15698778117075562
shuttleset_03_scene_0032 pair 138 [9, 3] combined 936 players 34 retained 18 seconds 0.06355888769030571
shuttleset_03_scene_0032 pair 140 [9, 5] combined 4096 players 672 retained 256 seconds 0.15655899932608008
shuttleset_03_scene_0032 pair 141 [9, 6] combined 7264 players 418 retained 209 seconds 0.15019733319059014
shuttleset_03_scene_0032 pair 147 [9, 13] combined 288 players 20 retained 10 seconds 0.04278316581621766
shuttleset_03_scene_0032 pair 151 [10, 1] combined 181248 players 18276 retained 256 seconds 1.5305412551388144
shuttleset_03_scene_0032 pair 153 [10, 3] combined 8800 players 672 retained 256 seconds 0.17697290610522032
shuttleset_03_scene_0032 pair 155 [10, 5] combined 13312 players 1028 retained 256 seconds 0.20944050000980496
shuttleset_03_scene_0032 pair 162 [10, 13] combined 1792 players 0 retained 0 seconds 0.0403578239493072
shuttleset_03_scene_0032 pair 163 [10, 14] combined 29356 players 1360 retained 256 seconds 0.2538226046599448
shuttleset_03_scene_0032 pair 164 [10, 15] combined 2640 players 82 retained 39 seconds 0.07667626906186342
shuttleset_03_scene_0032 pair 167 [11, 2] combined 10560 players 3356 retained 256 seconds 0.30482013802975416
shuttleset_03_scene_0032 pair 170 [11, 5] combined 0 players 0 retained 0 seconds 0.08035477297380567
shuttleset_03_scene_0032 pair 171 [11, 6] combined 14824 players 4636 retained 256 seconds 0.3860674421302974
shuttleset_03_scene_0032 pair 173 [11, 8] combined 4080 players 112 retained 63 seconds 0.09135109372437
shuttleset_03_scene_0032 pair 177 [11, 13] combined 1144 players 0 retained 0 seconds 0.03553380398079753
shuttleset_03_scene_0032 pair 179 [11, 15] combined 1012 players 0 retained 0 seconds 0.036304124630987644
shuttleset_03_scene_0032 pair 181 [12, 1] combined 1024 players 14 retained 7 seconds 0.10625628707930446
shuttleset_03_scene_0032 pair 183 [12, 3] combined 1024 players 80 retained 40 seconds 0.06432058336213231
shuttleset_03_scene_0032 pair 185 [12, 5] combined 2048 players 652 retained 256 seconds 0.1530078467912972
shuttleset_03_scene_0032 pair 193 [12, 14] combined 0 players 0 retained 0 seconds 0.01971412217244506
shuttleset_03_scene_0032 pair 194 [12, 15] combined 0 players 0 retained 0 seconds 0.012197019066661596
shuttleset_03_scene_0032 pair 195 [13, 0] combined 9216 players 2178 retained 256 seconds 0.7131903078407049
shuttleset_03_scene_0032 pair 199 [13, 4] combined 12288 players 2056 retained 256 seconds 0.2533710980787873
shuttleset_03_scene_0032 pair 201 [13, 6] combined 23040 players 3236 retained 256 seconds 0.3416992509737611
shuttleset_03_scene_0032 pair 202 [13, 7] combined 3432 players 112 retained 55 seconds 0.0723490291275084
shuttleset_03_scene_0032 pair 204 [13, 9] combined 528 players 12 retained 6 seconds 0.043795234989374876
shuttleset_03_scene_0032 pair 205 [13, 10] combined 2016 players 0 retained 0 seconds 0.033018967136740685
shuttleset_03_scene_0032 pair 206 [13, 11] combined 1560 players 0 retained 0 seconds 0.031020523980259895
shuttleset_03_scene_0032 pair 212 [14, 2] combined 25212 players 1068 retained 256 seconds 0.24358227010816336
shuttleset_03_scene_0032 pair 215 [14, 5] combined 34816 players 9602 retained 256 seconds 0.596932222135365
shuttleset_03_scene_0032 pair 216 [14, 6] combined 54648 players 0 retained 0 seconds 0.25567045621573925
shuttleset_03_scene_0032 pair 217 [14, 7] combined 5512 players 86 retained 43 seconds 0.09036765620112419
shuttleset_03_scene_0032 pair 218 [14, 8] combined 9248 players 1934 retained 256 seconds 0.19403766794130206
shuttleset_03_scene_0032 pair 220 [14, 10] combined 21760 players 20 retained 10 seconds 0.14549589063972235
shuttleset_03_scene_0032 pair 222 [14, 12] combined 0 players 0 retained 0 seconds 0.0289818006567657
shuttleset_03_scene_0032 pair 225 [15, 0] combined 23552 players 1192 retained 256 seconds 0.8133520721457899
shuttleset_03_scene_0032 pair 227 [15, 2] combined 13500 players 244 retained 122 seconds 0.15054668998345733
shuttleset_03_scene_0032 pair 229 [15, 4] combined 21504 players 596 retained 256 seconds 0.23155004996806383
shuttleset_03_scene_0032 pair 231 [15, 6] combined 9216 players 0 retained 0 seconds 0.10443937918171287
shuttleset_03_scene_0032 pair 232 [15, 7] combined 5060 players 0 retained 0 seconds 0.044314895290881395
shuttleset_03_scene_0032 pair 235 [15, 10] combined 4876 players 128 retained 64 seconds 0.08570319134742022
shuttleset_03_scene_0032 pair 236 [15, 11] combined 1848 players 230 retained 115 seconds 0.07812441093847156
shuttleset_03_scene_0032 pair 237 [15, 12] combined 228 players 0 retained 0 seconds 0.01629164908081293
[shuttleset_03_scene_0032] line-template: preparing rectangles
[shuttleset_03_scene_0032] measuring 728 parents (G0=256, G1=256, line_template=256; conflicting geometry groups=0)
[shuttleset_03_scene_0032] parents 250/728
[shuttleset_03_scene_0032] parents 500/728
[shuttleset_03_scene_0032] refitting 728 parents
[shuttleset_03_scene_0032] refits 250/728; valid children=228
[shuttleset_03_scene_0032] refits 500/728; valid children=457
{"view_id": "shuttleset_03_scene_0032", "chosen_key": "G1:1:3627/child", "no_court_reason": null, "all_checks_equal": true, "error": null}
am2_window_00_frame_150 pair 0 [0, 1] combined 210944 players 23782 retained 256 seconds 2.4250839380547404
am2_window_00_frame_150 pair 1 [0, 2] combined 262144 players 6902 retained 256 seconds 1.6384791801683605
am2_window_00_frame_150 pair 4 [0, 5] combined 95232 players 508 retained 248 seconds 0.7603721083141863
am2_window_00_frame_150 pair 6 [0, 7] combined 243712 players 5772 retained 256 seconds 1.4162721363827586
am2_window_00_frame_150 pair 7 [0, 8] combined 38912 players 1578 retained 256 seconds 0.6050255559384823
am2_window_00_frame_150 pair 8 [0, 9] combined 7168 players 38 retained 19 seconds 0.45156741980463266
am2_window_00_frame_150 pair 12 [0, 13] combined 107520 players 1276 retained 256 seconds 0.844758867751807
am2_window_00_frame_150 pair 13 [0, 14] combined 117760 players 752 retained 256 seconds 0.8584789200685918
am2_window_00_frame_150 pair 15 [1, 0] combined 262144 players 82942 retained 256 seconds 5.365727283991873
am2_window_00_frame_150 pair 16 [1, 2] combined 262144 players 70460 retained 256 seconds 4.399411998689175
am2_window_00_frame_150 pair 17 [1, 3] combined 262144 players 74148 retained 256 seconds 4.769424487836659
am2_window_00_frame_150 pair 18 [1, 4] combined 262144 players 83990 retained 256 seconds 4.8643091530539095
am2_window_00_frame_150 pair 19 [1, 5] combined 65536 players 16764 retained 256 seconds 1.4358068946748972
am2_window_00_frame_150 pair 20 [1, 6] combined 83968 players 16308 retained 256 seconds 1.199221882969141
am2_window_00_frame_150 pair 21 [1, 7] combined 211968 players 66424 retained 256 seconds 3.9262500288896263
am2_window_00_frame_150 pair 24 [1, 10] combined 60416 players 19558 retained 256 seconds 1.537236699834466
am2_window_00_frame_150 pair 26 [1, 12] combined 262144 players 70054 retained 256 seconds 4.249300408177078
am2_window_00_frame_150 pair 27 [1, 13] combined 45056 players 2846 retained 256 seconds 0.44948494900017977
am2_window_00_frame_150 pair 28 [1, 14] combined 66560 players 8458 retained 256 seconds 0.7647460815496743
am2_window_00_frame_150 pair 30 [2, 0] combined 262144 players 11464 retained 256 seconds 1.8093430236913264
am2_window_00_frame_150 pair 31 [2, 1] combined 242688 players 59734 retained 256 seconds 4.116047301795334
am2_window_00_frame_150 pair 32 [2, 3] combined 262144 players 8180 retained 256 seconds 1.6544485469348729
am2_window_00_frame_150 pair 33 [2, 4] combined 262144 players 830 retained 256 seconds 1.2030832599848509
am2_window_00_frame_150 pair 35 [2, 6] combined 77824 players 10576 retained 256 seconds 1.0045580160804093
am2_window_00_frame_150 pair 37 [2, 8] combined 18432 players 5962 retained 256 seconds 0.6376771070063114
am2_window_00_frame_150 pair 38 [2, 9] combined 4096 players 602 retained 208 seconds 0.3168654618784785
am2_window_00_frame_150 pair 39 [2, 10] combined 33792 players 6082 retained 256 seconds 0.9398847077973187
am2_window_00_frame_150 pair 41 [2, 12] combined 262144 players 4044 retained 256 seconds 1.3298029550351202
am2_window_00_frame_150 pair 44 [2, 15] combined 0 players 0 retained 0 seconds 0.21005955385044217
am2_window_00_frame_150 pair 46 [3, 1] combined 226304 players 16962 retained 256 seconds 1.9668882912956178
am2_window_00_frame_150 pair 47 [3, 2] combined 262144 players 15442 retained 256 seconds 2.034716662019491
am2_window_00_frame_150 pair 49 [3, 5] combined 86016 players 2344 retained 256 seconds 0.773780619725585
am2_window_00_frame_150 pair 51 [3, 7] combined 262144 players 2974 retained 256 seconds 1.39601263217628
am2_window_00_frame_150 pair 52 [3, 8] combined 19456 players 2038 retained 256 seconds 0.5820275600999594
am2_window_00_frame_150 pair 53 [3, 9] combined 5120 players 20 retained 10 seconds 0.4148033238016069
am2_window_00_frame_150 pair 57 [3, 13] combined 107520 players 3902 retained 256 seconds 0.9431613450869918
am2_window_00_frame_150 pair 58 [3, 14] combined 21504 players 298 retained 137 seconds 0.5139243751764297
am2_window_00_frame_150 pair 61 [4, 1] combined 207872 players 12996 retained 256 seconds 1.4597672782838345
am2_window_00_frame_150 pair 62 [4, 2] combined 262144 players 3650 retained 256 seconds 1.574213583022356
am2_window_00_frame_150 pair 64 [4, 5] combined 54272 players 1100 retained 256 seconds 0.4159806570969522
am2_window_00_frame_150 pair 66 [4, 7] combined 262144 players 10196 retained 256 seconds 1.4686589888297021
am2_window_00_frame_150 pair 67 [4, 8] combined 33792 players 4208 retained 256 seconds 0.4968688483349979
am2_window_00_frame_150 pair 68 [4, 9] combined 2048 players 0 retained 0 seconds 0.14096975792199373
am2_window_00_frame_150 pair 72 [4, 13] combined 110592 players 1240 retained 256 seconds 0.589696642011404
am2_window_00_frame_150 pair 73 [4, 14] combined 117760 players 3610 retained 256 seconds 0.7220044615678489
am2_window_00_frame_150 pair 75 [5, 0] combined 74752 players 0 retained 0 seconds 0.4753056080080569
am2_window_00_frame_150 pair 76 [5, 1] combined 56896 players 15262 retained 256 seconds 1.0472835628315806
am2_window_00_frame_150 pair 78 [5, 3] combined 45056 players 648 retained 256 seconds 0.4450484709814191
am2_window_00_frame_150 pair 79 [5, 4] combined 100352 players 4136 retained 256 seconds 0.6554700979031622
am2_window_00_frame_150 pair 80 [5, 6] combined 8584 players 790 retained 256 seconds 0.1601499067619443
am2_window_00_frame_150 pair 82 [5, 8] combined 2964 players 1076 retained 256 seconds 0.15888901567086577
am2_window_00_frame_150 pair 83 [5, 9] combined 1140 players 342 retained 144 seconds 0.09360894514247775
am2_window_00_frame_150 pair 84 [5, 10] combined 10560 players 1104 retained 256 seconds 0.17553952429443598
am2_window_00_frame_150 pair 86 [5, 12] combined 121856 players 2412 retained 256 seconds 0.6109595778398216
am2_window_00_frame_150 pair 89 [5, 15] combined 0 players 0 retained 0 seconds 0.030037291813641787
am2_window_00_frame_150 pair 91 [6, 1] combined 62532 players 7114 retained 256 seconds 0.6764915618114173
am2_window_00_frame_150 pair 92 [6, 2] combined 74752 players 23298 retained 256 seconds 1.814530765172094
am2_window_00_frame_150 pair 95 [6, 5] combined 23432 players 1310 retained 256 seconds 0.23735049599781632
am2_window_00_frame_150 pair 96 [6, 7] combined 88064 players 15266 retained 256 seconds 1.1003261068835855
am2_window_00_frame_150 pair 97 [6, 8] combined 1540 players 152 retained 76 seconds 0.08571892511099577
am2_window_00_frame_150 pair 98 [6, 9] combined 2632 players 560 retained 256 seconds 0.1285333982668817
am2_window_00_frame_150 pair 102 [6, 13] combined 14784 players 3902 retained 256 seconds 0.3255409188568592
am2_window_00_frame_150 pair 103 [6, 14] combined 40392 players 5864 retained 256 seconds 0.4919780311174691
am2_window_00_frame_150 pair 105 [7, 0] combined 262144 players 2178 retained 256 seconds 1.2153221261687577
am2_window_00_frame_150 pair 106 [7, 1] combined 186208 players 34446 retained 256 seconds 2.20882759289816
am2_window_00_frame_150 pair 108 [7, 3] combined 262144 players 1942 retained 256 seconds 1.2359160888008773
am2_window_00_frame_150 pair 109 [7, 4] combined 262144 players 12082 retained 256 seconds 1.5511080608703196
am2_window_00_frame_150 pair 111 [7, 6] combined 69632 players 4464 retained 256 seconds 0.544205519836396
am2_window_00_frame_150 pair 112 [7, 8] combined 9568 players 2314 retained 256 seconds 0.5839040279388428
am2_window_00_frame_150 pair 114 [7, 10] combined 41984 players 3178 retained 256 seconds 0.39207431906834245
am2_window_00_frame_150 pair 116 [7, 12] combined 262144 players 9196 retained 256 seconds 1.3655368438921869
am2_window_00_frame_150 pair 119 [7, 15] combined 0 players 0 retained 0 seconds 0.054162138141691685
am2_window_00_frame_150 pair 120 [8, 0] combined 29696 players 4398 retained 256 seconds 0.5795317809097469
am2_window_00_frame_150 pair 122 [8, 2] combined 32768 players 10770 retained 256 seconds 0.7629344589076936
am2_window_00_frame_150 pair 123 [8, 3] combined 13312 players 2706 retained 256 seconds 0.46520619885995984
am2_window_00_frame_150 pair 124 [8, 4] combined 27648 players 5586 retained 256 seconds 0.4683349309489131
am2_window_00_frame_150 pair 125 [8, 5] combined 6944 players 1742 retained 256 seconds 0.19181553507223725
am2_window_00_frame_150 pair 126 [8, 6] combined 5092 players 1436 retained 256 seconds 0.16676589008420706
am2_window_00_frame_150 pair 127 [8, 7] combined 25916 players 8868 retained 256 seconds 0.5527673922479153
am2_window_00_frame_150 pair 129 [8, 10] combined 7440 players 998 retained 256 seconds 0.15516170905902982
am2_window_00_frame_150 pair 131 [8, 12] combined 25600 players 1562 retained 256 seconds 0.2676226831972599
am2_window_00_frame_150 pair 132 [8, 13] combined 3000 players 208 retained 100 seconds 0.08307106699794531
am2_window_00_frame_150 pair 133 [8, 14] combined 2928 players 418 retained 208 seconds 0.10160632012411952
am2_window_00_frame_150 pair 135 [9, 0] combined 14336 players 502 retained 243 seconds 0.3323185588233173
am2_window_00_frame_150 pair 137 [9, 2] combined 4096 players 1066 retained 256 seconds 0.24727912014350295
am2_window_00_frame_150 pair 138 [9, 3] combined 7168 players 430 retained 206 seconds 0.30013360688462853
am2_window_00_frame_150 pair 139 [9, 4] combined 10240 players 276 retained 138 seconds 0.15917738480493426
am2_window_00_frame_150 pair 140 [9, 5] combined 1464 players 458 retained 192 seconds 0.09436359303072095
am2_window_00_frame_150 pair 141 [9, 6] combined 3132 players 210 retained 105 seconds 0.08180215116590261
am2_window_00_frame_150 pair 144 [9, 10] combined 756 players 100 retained 50 seconds 0.06032270099967718
am2_window_00_frame_150 pair 146 [9, 12] combined 10240 players 114 retained 57 seconds 0.13611928094178438
am2_window_00_frame_150 pair 147 [9, 13] combined 2912 players 612 retained 256 seconds 0.11090998211875558
am2_window_00_frame_150 pair 151 [10, 1] combined 46360 players 4182 retained 256 seconds 0.450382306240499
am2_window_00_frame_150 pair 152 [10, 2] combined 69632 players 15710 retained 256 seconds 1.0541361230425537
am2_window_00_frame_150 pair 155 [10, 5] combined 22176 players 808 retained 256 seconds 0.19336042180657387
am2_window_00_frame_150 pair 157 [10, 7] combined 54272 players 5282 retained 256 seconds 0.8357494850642979
am2_window_00_frame_150 pair 158 [10, 8] combined 7920 players 1638 retained 256 seconds 0.1887538661248982
am2_window_00_frame_150 pair 159 [10, 9] combined 2412 players 406 retained 203 seconds 0.09904365101829171
am2_window_00_frame_150 pair 162 [10, 13] combined 13144 players 1866 retained 256 seconds 0.2049615951254964
am2_window_00_frame_150 pair 163 [10, 14] combined 12240 players 974 retained 256 seconds 0.162021913100034
am2_window_00_frame_150 pair 181 [12, 1] combined 233472 players 29364 retained 256 seconds 2.2632560301572084
am2_window_00_frame_150 pair 182 [12, 2] combined 262144 players 5828 retained 256 seconds 1.3161640288308263
am2_window_00_frame_150 pair 185 [12, 5] combined 57344 players 712 retained 256 seconds 0.34797370806336403
am2_window_00_frame_150 pair 187 [12, 7] combined 262144 players 10114 retained 256 seconds 1.398317410144955
am2_window_00_frame_150 pair 188 [12, 8] combined 19456 players 498 retained 243 seconds 0.2194169028662145
am2_window_00_frame_150 pair 189 [12, 9] combined 12288 players 2 retained 1 seconds 0.15836666524410248
am2_window_00_frame_150 pair 195 [13, 0] combined 125952 players 2258 retained 256 seconds 0.7700113039463758
am2_window_00_frame_150 pair 196 [13, 1] combined 61440 players 10514 retained 256 seconds 0.7707330738194287
am2_window_00_frame_150 pair 198 [13, 3] combined 137216 players 2408 retained 256 seconds 0.8205599808134139
am2_window_00_frame_150 pair 199 [13, 4] combined 145408 players 1224 retained 256 seconds 0.6590533112175763
am2_window_00_frame_150 pair 201 [13, 6] combined 19596 players 2144 retained 256 seconds 0.24084489792585373
am2_window_00_frame_150 pair 203 [13, 8] combined 6448 players 236 retained 118 seconds 0.10207875771448016
am2_window_00_frame_150 pair 204 [13, 9] combined 1220 players 198 retained 97 seconds 0.07507221074774861
am2_window_00_frame_150 pair 205 [13, 10] combined 12596 players 1526 retained 256 seconds 0.18316886480897665
am2_window_00_frame_150 pair 209 [13, 15] combined 0 players 0 retained 0 seconds 0.022569534834474325
am2_window_00_frame_150 pair 210 [14, 0] combined 117760 players 140 retained 56 seconds 0.6284149908460677
am2_window_00_frame_150 pair 211 [14, 1] combined 65536 players 6498 retained 256 seconds 0.6213528029620647
am2_window_00_frame_150 pair 213 [14, 3] combined 19456 players 24 retained 6 seconds 0.30924611911177635
am2_window_00_frame_150 pair 214 [14, 4] combined 159744 players 3832 retained 256 seconds 0.796319305896759
am2_window_00_frame_150 pair 216 [14, 6] combined 53136 players 4194 retained 256 seconds 0.43210818618535995
am2_window_00_frame_150 pair 218 [14, 8] combined 5376 players 174 retained 87 seconds 0.0891261831857264
am2_window_00_frame_150 pair 220 [14, 10] combined 12936 players 228 retained 106 seconds 0.1148881078697741
am2_window_00_frame_150 pair 224 [14, 15] combined 0 players 0 retained 0 seconds 0.018553977832198143
am2_window_00_frame_150 pair 227 [15, 2] combined 0 players 0 retained 0 seconds 0.12718019215390086
am2_window_00_frame_150 pair 230 [15, 5] combined 0 players 0 retained 0 seconds 0.018623075913637877
am2_window_00_frame_150 pair 232 [15, 7] combined 0 players 0 retained 0 seconds 0.036166958045214415
am2_window_00_frame_150 pair 238 [15, 13] combined 0 players 0 retained 0 seconds 0.016194452065974474
am2_window_00_frame_150 pair 239 [15, 14] combined 0 players 0 retained 0 seconds 0.015759918838739395
am2_window_00_frame_150 pair 0 [0, 1] combined 2048 players 0 retained 0 seconds 0.10724831419065595
am2_window_00_frame_150 pair 1 [0, 2] combined 262144 players 9792 retained 256 seconds 1.4588089832104743
am2_window_00_frame_150 pair 4 [0, 5] combined 0 players 0 retained 0 seconds 0.09884558012709022
am2_window_00_frame_150 pair 6 [0, 7] combined 50176 players 634 retained 256 seconds 0.3536107297986746
am2_window_00_frame_150 pair 7 [0, 8] combined 0 players 0 retained 0 seconds 0.09042138466611505
am2_window_00_frame_150 pair 8 [0, 9] combined 0 players 0 retained 0 seconds 0.08990437211468816
am2_window_00_frame_150 pair 12 [0, 13] combined 14336 players 212 retained 106 seconds 0.1854371288791299
am2_window_00_frame_150 pair 13 [0, 14] combined 64512 players 400 retained 200 seconds 0.35620481986552477
am2_window_00_frame_150 pair 15 [1, 0] combined 10240 players 616 retained 256 seconds 0.18188776914030313
am2_window_00_frame_150 pair 16 [1, 2] combined 4096 players 1330 retained 256 seconds 0.18796027172356844
am2_window_00_frame_150 pair 17 [1, 3] combined 3072 players 518 retained 256 seconds 0.1426751702092588
am2_window_00_frame_150 pair 18 [1, 4] combined 5696 players 1598 retained 256 seconds 0.17491507483646274
am2_window_00_frame_150 pair 19 [1, 5] combined 0 players 0 retained 0 seconds 0.013298891950398684
am2_window_00_frame_150 pair 20 [1, 6] combined 160 players 16 retained 8 seconds 0.04260605201125145
am2_window_00_frame_150 pair 21 [1, 7] combined 304 players 144 retained 72 seconds 0.05904556391760707
am2_window_00_frame_150 pair 24 [1, 10] combined 72 players 26 retained 13 seconds 0.043497766833752394
am2_window_00_frame_150 pair 26 [1, 12] combined 3672 players 140 retained 57 seconds 0.07522761402651668
am2_window_00_frame_150 pair 27 [1, 13] combined 880 players 22 retained 11 seconds 0.04701919434592128
am2_window_00_frame_150 pair 28 [1, 14] combined 3276 players 178 retained 89 seconds 0.06680220412090421
am2_window_00_frame_150 pair 30 [2, 0] combined 262144 players 15100 retained 256 seconds 1.6873368811793625
am2_window_00_frame_150 pair 31 [2, 1] combined 4096 players 998 retained 256 seconds 0.19589251093566418
am2_window_00_frame_150 pair 32 [2, 3] combined 262144 players 4604 retained 256 seconds 1.2013091389089823
am2_window_00_frame_150 pair 33 [2, 4] combined 262144 players 2748 retained 256 seconds 1.09688536869362
am2_window_00_frame_150 pair 35 [2, 6] combined 0 players 0 retained 0 seconds 0.08380593080073595
am2_window_00_frame_150 pair 37 [2, 8] combined 0 players 0 retained 0 seconds 0.08039993094280362
am2_window_00_frame_150 pair 38 [2, 9] combined 0 players 0 retained 0 seconds 0.07991310302168131
am2_window_00_frame_150 pair 39 [2, 10] combined 2048 players 244 retained 120 seconds 0.13472583703696728
am2_window_00_frame_150 pair 41 [2, 12] combined 203776 players 1316 retained 256 seconds 0.847793944645673
am2_window_00_frame_150 pair 44 [2, 15] combined 0 players 0 retained 0 seconds 0.08383813360705972
am2_window_00_frame_150 pair 46 [3, 1] combined 1024 players 124 retained 62 seconds 0.12245733989402652
am2_window_00_frame_150 pair 47 [3, 2] combined 262144 players 17032 retained 256 seconds 1.7106528016738594
am2_window_00_frame_150 pair 49 [3, 5] combined 0 players 0 retained 0 seconds 0.07071786606684327
am2_window_00_frame_150 pair 51 [3, 7] combined 57344 players 444 retained 222 seconds 0.34443407505750656
am2_window_00_frame_150 pair 52 [3, 8] combined 0 players 0 retained 0 seconds 0.08123734407126904
am2_window_00_frame_150 pair 53 [3, 9] combined 0 players 0 retained 0 seconds 0.08115222491323948
am2_window_00_frame_150 pair 57 [3, 13] combined 17408 players 240 retained 120 seconds 0.18553283577784896
am2_window_00_frame_150 pair 58 [3, 14] combined 10240 players 108 retained 58 seconds 0.15640903497114778
am2_window_00_frame_150 pair 61 [4, 1] combined 864 players 34 retained 17 seconds 0.08109069894999266
am2_window_00_frame_150 pair 62 [4, 2] combined 262144 players 3888 retained 256 seconds 1.1528476276434958
am2_window_00_frame_150 pair 64 [4, 5] combined 0 players 0 retained 0 seconds 0.04600235726684332
am2_window_00_frame_150 pair 66 [4, 7] combined 48128 players 3346 retained 256 seconds 0.4137951680459082
am2_window_00_frame_150 pair 67 [4, 8] combined 0 players 0 retained 0 seconds 0.042378928046673536
am2_window_00_frame_150 pair 68 [4, 9] combined 0 players 0 retained 0 seconds 0.042371271178126335
am2_window_00_frame_150 pair 72 [4, 13] combined 4888 players 396 retained 147 seconds 0.10989067424088717
am2_window_00_frame_150 pair 73 [4, 14] combined 69632 players 516 retained 256 seconds 0.34451984288170934
am2_window_00_frame_150 pair 75 [5, 0] combined 0 players 0 retained 0 seconds 0.06914352718740702
am2_window_00_frame_150 pair 76 [5, 1] combined 40 players 12 retained 6 seconds 0.04179672198370099
am2_window_00_frame_150 pair 78 [5, 3] combined 0 players 0 retained 0 seconds 0.04663277370855212
am2_window_00_frame_150 pair 79 [5, 4] combined 0 players 0 retained 0 seconds 0.03333017695695162
am2_window_00_frame_150 pair 80 [5, 6] combined 0 players 0 retained 0 seconds 0.008918581064790487
am2_window_00_frame_150 pair 82 [5, 8] combined 0 players 0 retained 0 seconds 0.0067686038091778755
am2_window_00_frame_150 pair 83 [5, 9] combined 0 players 0 retained 0 seconds 0.0068941968493163586
am2_window_00_frame_150 pair 84 [5, 10] combined 0 players 0 retained 0 seconds 0.0082183419726789
am2_window_00_frame_150 pair 86 [5, 12] combined 0 players 0 retained 0 seconds 0.02410592371597886
am2_window_00_frame_150 pair 89 [5, 15] combined 0 players 0 retained 0 seconds 0.006348230876028538
am2_window_00_frame_150 pair 91 [6, 1] combined 48 players 24 retained 12 seconds 0.043116084299981594
am2_window_00_frame_150 pair 92 [6, 2] combined 0 players 0 retained 0 seconds 0.06188502674922347
am2_window_00_frame_150 pair 95 [6, 5] combined 0 players 0 retained 0 seconds 0.008882654830813408
am2_window_00_frame_150 pair 96 [6, 7] combined 352 players 0 retained 0 seconds 0.01705289026722312
am2_window_00_frame_150 pair 97 [6, 8] combined 0 players 0 retained 0 seconds 0.0070679220370948315
am2_window_00_frame_150 pair 98 [6, 9] combined 0 players 0 retained 0 seconds 0.007170693948864937
am2_window_00_frame_150 pair 102 [6, 13] combined 0 players 0 retained 0 seconds 0.009344315156340599
am2_window_00_frame_150 pair 103 [6, 14] combined 928 players 96 retained 48 seconds 0.05259542306885123
am2_window_00_frame_150 pair 105 [7, 0] combined 34816 players 78 retained 37 seconds 0.22234832681715488
am2_window_00_frame_150 pair 106 [7, 1] combined 280 players 56 retained 28 seconds 0.05774001404643059
am2_window_00_frame_150 pair 108 [7, 3] combined 90112 players 120 retained 60 seconds 0.3940837811678648
am2_window_00_frame_150 pair 109 [7, 4] combined 64584 players 5182 retained 256 seconds 1.054677055682987
am2_window_00_frame_150 pair 111 [7, 6] combined 0 players 0 retained 0 seconds 0.02109795482829213
am2_window_00_frame_150 pair 112 [7, 8] combined 0 players 0 retained 0 seconds 0.017542216926813126
am2_window_00_frame_150 pair 114 [7, 10] combined 960 players 0 retained 0 seconds 0.025262818206101656
am2_window_00_frame_150 pair 116 [7, 12] combined 55200 players 4076 retained 256 seconds 0.44442601408809423
am2_window_00_frame_150 pair 119 [7, 15] combined 0 players 0 retained 0 seconds 0.016121143009513617
am2_window_00_frame_150 pair 120 [8, 0] combined 0 players 0 retained 0 seconds 0.062451078090816736
am2_window_00_frame_150 pair 122 [8, 2] combined 0 players 0 retained 0 seconds 0.057142543606460094
am2_window_00_frame_150 pair 123 [8, 3] combined 0 players 0 retained 0 seconds 0.05208596773445606
am2_window_00_frame_150 pair 124 [8, 4] combined 0 players 0 retained 0 seconds 0.027241992764174938
am2_window_00_frame_150 pair 125 [8, 5] combined 0 players 0 retained 0 seconds 0.006105483043938875
am2_window_00_frame_150 pair 126 [8, 6] combined 0 players 0 retained 0 seconds 0.005876350682228804
am2_window_00_frame_150 pair 127 [8, 7] combined 0 players 0 retained 0 seconds 0.013175201136618853
am2_window_00_frame_150 pair 129 [8, 10] combined 0 players 0 retained 0 seconds 0.005644227843731642
am2_window_00_frame_150 pair 131 [8, 12] combined 0 players 0 retained 0 seconds 0.018386662006378174
am2_window_00_frame_150 pair 132 [8, 13] combined 0 players 0 retained 0 seconds 0.007709729950875044
am2_window_00_frame_150 pair 133 [8, 14] combined 0 players 0 retained 0 seconds 0.010243858210742474
am2_window_00_frame_150 pair 135 [9, 0] combined 0 players 0 retained 0 seconds 0.06271990528330207
am2_window_00_frame_150 pair 137 [9, 2] combined 0 players 0 retained 0 seconds 0.05616758717224002
am2_window_00_frame_150 pair 138 [9, 3] combined 0 players 0 retained 0 seconds 0.052184075117111206
am2_window_00_frame_150 pair 139 [9, 4] combined 0 players 0 retained 0 seconds 0.02620669500902295
am2_window_00_frame_150 pair 140 [9, 5] combined 0 players 0 retained 0 seconds 0.006361448206007481
am2_window_00_frame_150 pair 141 [9, 6] combined 0 players 0 retained 0 seconds 0.005577211268246174
am2_window_00_frame_150 pair 144 [9, 10] combined 0 players 0 retained 0 seconds 0.0055880979634821415
am2_window_00_frame_150 pair 146 [9, 12] combined 0 players 0 retained 0 seconds 0.018566211219877005
am2_window_00_frame_150 pair 147 [9, 13] combined 0 players 0 retained 0 seconds 0.007744123227894306
am2_window_00_frame_150 pair 151 [10, 1] combined 20 players 0 retained 0 seconds 0.011944441124796867
am2_window_00_frame_150 pair 152 [10, 2] combined 5120 players 728 retained 256 seconds 0.1651009190827608
am2_window_00_frame_150 pair 155 [10, 5] combined 0 players 0 retained 0 seconds 0.009454595856368542
am2_window_00_frame_150 pair 157 [10, 7] combined 592 players 0 retained 0 seconds 0.018157940357923508
am2_window_00_frame_150 pair 158 [10, 8] combined 0 players 0 retained 0 seconds 0.007158671971410513
am2_window_00_frame_150 pair 159 [10, 9] combined 0 players 0 retained 0 seconds 0.006815772037953138
am2_window_00_frame_150 pair 162 [10, 13] combined 0 players 0 retained 0 seconds 0.008761463686823845
am2_window_00_frame_150 pair 163 [10, 14] combined 0 players 0 retained 0 seconds 0.011985452845692635
am2_window_00_frame_150 pair 181 [12, 1] combined 1164 players 74 retained 32 seconds 0.06678536022081971
am2_window_00_frame_150 pair 182 [12, 2] combined 121856 players 1622 retained 256 seconds 0.5812734537757933
am2_window_00_frame_150 pair 185 [12, 5] combined 0 players 0 retained 0 seconds 0.032885913737118244
am2_window_00_frame_150 pair 187 [12, 7] combined 47104 players 4190 retained 256 seconds 0.42762621864676476
am2_window_00_frame_150 pair 188 [12, 8] combined 0 players 0 retained 0 seconds 0.023754609283059835
am2_window_00_frame_150 pair 189 [12, 9] combined 0 players 0 retained 0 seconds 0.02353008510544896
am2_window_00_frame_150 pair 195 [13, 0] combined 18432 players 16 retained 8 seconds 0.15535578783601522
am2_window_00_frame_150 pair 196 [13, 1] combined 360 players 120 retained 60 seconds 0.05309188785031438
am2_window_00_frame_150 pair 198 [13, 3] combined 22528 players 0 retained 0 seconds 0.13030354119837284
am2_window_00_frame_150 pair 199 [13, 4] combined 2660 players 70 retained 35 seconds 0.0694049121811986
am2_window_00_frame_150 pair 201 [13, 6] combined 0 players 0 retained 0 seconds 0.010441618040204048
am2_window_00_frame_150 pair 203 [13, 8] combined 0 players 0 retained 0 seconds 0.00953196780756116
am2_window_00_frame_150 pair 204 [13, 9] combined 0 players 0 retained 0 seconds 0.00895857997238636
am2_window_00_frame_150 pair 205 [13, 10] combined 0 players 0 retained 0 seconds 0.008811273146420717
am2_window_00_frame_150 pair 209 [13, 15] combined 0 players 0 retained 0 seconds 0.006476053036749363
am2_window_00_frame_150 pair 210 [14, 0] combined 64512 players 204 retained 97 seconds 0.31869702599942684
am2_window_00_frame_150 pair 211 [14, 1] combined 620 players 196 retained 98 seconds 0.06394756212830544
am2_window_00_frame_150 pair 213 [14, 3] combined 4096 players 0 retained 0 seconds 0.07535493187606335
am2_window_00_frame_150 pair 214 [14, 4] combined 78120 players 678 retained 256 seconds 0.36345966812223196
am2_window_00_frame_150 pair 216 [14, 6] combined 0 players 0 retained 0 seconds 0.017515433952212334
am2_window_00_frame_150 pair 218 [14, 8] combined 0 players 0 retained 0 seconds 0.012602020986378193
am2_window_00_frame_150 pair 220 [14, 10] combined 0 players 0 retained 0 seconds 0.016324372962117195
am2_window_00_frame_150 pair 224 [14, 15] combined 0 players 0 retained 0 seconds 0.012565246317535639
am2_window_00_frame_150 pair 227 [15, 2] combined 0 players 0 retained 0 seconds 0.056932666804641485
am2_window_00_frame_150 pair 230 [15, 5] combined 0 players 0 retained 0 seconds 0.0051034907810389996
am2_window_00_frame_150 pair 232 [15, 7] combined 0 players 0 retained 0 seconds 0.0128937060944736
am2_window_00_frame_150 pair 238 [15, 13] combined 0 players 0 retained 0 seconds 0.005519374739378691
am2_window_00_frame_150 pair 239 [15, 14] combined 0 players 0 retained 0 seconds 0.00867446605116129
[am2_window_00_frame_150] line-template: preparing rectangles
[am2_window_00_frame_150] measuring 767 parents (G0=256, G1=256, line_template=256; conflicting geometry groups=0)
[am2_window_00_frame_150] parents 250/767
[am2_window_00_frame_150] parents 500/767
[am2_window_00_frame_150] parents 750/767
[am2_window_00_frame_150] refitting 767 parents
[am2_window_00_frame_150] refits 250/767; valid children=151
[am2_window_00_frame_150] refits 500/767; valid children=242
[am2_window_00_frame_150] refits 750/767; valid children=321
{"view_id": "am2_window_00_frame_150", "chosen_key": "G1:30:137/child", "no_court_reason": null, "all_checks_equal": true, "error": null}
{"views": ["shuttleset_03_scene_0017", "shuttleset_03_scene_0032", "am2_window_00_frame_150"], "startup_seconds": 0.0464058481156826, "wall_seconds": 1639.7297544027679, "peak_rss_mb": 2224.69921875, "failed": []}
