gxBQ_window_00_frame_0
gxBQ_window_00_frame_5
gxBQ_window_00_frame_689
gxBQ_window_01_frame_5111
gxBQ_window_02_frame_5766
gxBQ_window_03_frame_77876
gxBQ_window_04_frame_86088
yellow_short_frame_14
yellow_short_frame_90
yellow_short_frame_156
letterboxed_short_frame_45
letterboxed_short_frame_58
letterboxed_short_frame_78
centre_short_frame_36
centre_short_frame_64
centre_short_frame_71
am1_window_00_frame_54
am1_window_01_frame_5352
am2_window_00_frame_150
am2_window_01_frame_28019
am3_window_00_frame_0
am3_window_01_frame_10514
am3_window_02_frame_17174
am3_window_03_frame_24515
am4_window_00_frame_0
am4_window_00_frame_319
am4_window_01_frame_13782
shuttleset_03_scene_0017
shuttleset_03_scene_0029
shuttleset_03_scene_0019
shuttleset_03_scene_0034
shuttleset_03_scene_0038
shuttleset_03_scene_0023
shuttleset_03_scene_0001
shuttleset_03_scene_0016
shuttleset_03_scene_0032
shuttleset_03_scene_0046
shuttleset_21_scene_0000
shuttleset_21_scene_0005
shuttleset_21_scene_0010
shuttleset_21_scene_0015
shuttleset_21_scene_0020
shuttleset_21_scene_0024
shuttleset_21_scene_0029
shuttleset_21_scene_0034
shuttleset_21_scene_0039
shuttleset_21_scene_0044
sset_21_gloiZ_gTJaE_frame_00000000
sset_21_gloiZ_gTJaE_frame_00000300
sset_21_gloiZ_gTJaE_frame_00000001
sset_21_gloiZ_gTJaE_frame_00004779
sset_21_gloiZ_gTJaE_frame_00009558
sset_21_gloiZ_gTJaE_frame_00014336
sset_21_gloiZ_gTJaE_frame_00019115
sset_21_gloiZ_gTJaE_frame_00023893
sset_21_gloiZ_gTJaE_frame_00028671
sset_21_gloiZ_gTJaE_frame_00033450
sset_21_gloiZ_gTJaE_frame_00038228
sset_21_gloiZ_gTJaE_frame_00043006
sset_21_gloiZ_gTJaE_frame_00047785
sset_21_gloiZ_gTJaE_frame_00052563
sset_21_gloiZ_gTJaE_frame_00057342
sset_21_gloiZ_gTJaE_frame_00062120
sset_21_gloiZ_gTJaE_frame_00066898
sset_21_gloiZ_gTJaE_frame_00071677
sset_21_gloiZ_gTJaE_frame_00076455
sset_21_gloiZ_gTJaE_frame_00081233
sset_21_gloiZ_gTJaE_frame_00086012
sset_21_gloiZ_gTJaE_frame_00090790
sset_21_gloiZ_gTJaE_frame_00095569
sset_21_gloiZ_gTJaE_frame_00100347
