run_automatic from /scratch/ahalperi/court_det_fix/paint_geometry_20260909/automatic_axes_20260914/run_automatic.py
shuttleset_03_scene_0016 pair 0 [0, 1] combined 262144 players 84656 retained 256 seconds 6.565763727994636
shuttleset_03_scene_0016 pair 1 [0, 2] combined 119808 players 38244 retained 256 seconds 2.594680131878704
shuttleset_03_scene_0016 pair 2 [0, 3] combined 16384 players 1204 retained 256 seconds 0.5798244511242956
shuttleset_03_scene_0016 pair 4 [0, 5] combined 153600 players 50488 retained 256 seconds 2.544759671902284
shuttleset_03_scene_0016 pair 5 [0, 6] combined 11264 players 584 retained 256 seconds 0.5444066831842065
shuttleset_03_scene_0016 pair 7 [0, 8] combined 185344 players 35066 retained 256 seconds 2.3322698317933828
shuttleset_03_scene_0016 pair 8 [0, 9] combined 2048 players 332 retained 160 seconds 0.48525814386084676
shuttleset_03_scene_0016 pair 9 [0, 10] combined 24576 players 5062 retained 256 seconds 0.7348663459997624
shuttleset_03_scene_0016 pair 10 [0, 11] combined 4096 players 1264 retained 256 seconds 0.5100421258248389
shuttleset_03_scene_0016 pair 11 [0, 12] combined 77824 players 24758 retained 256 seconds 1.5392454490065575
shuttleset_03_scene_0016 pair 12 [0, 13] combined 4096 players 128 retained 52 seconds 0.4774498678743839
shuttleset_03_scene_0016 pair 15 [1, 0] combined 262144 players 104960 retained 256 seconds 4.535375021165237
shuttleset_03_scene_0016 pair 16 [1, 2] combined 132096 players 2636 retained 256 seconds 0.7718122589867562
shuttleset_03_scene_0016 pair 18 [1, 4] combined 262144 players 105080 retained 256 seconds 4.155362203950062
shuttleset_03_scene_0016 pair 20 [1, 6] combined 9216 players 2300 retained 256 seconds 0.205736817792058
shuttleset_03_scene_0016 pair 21 [1, 7] combined 0 players 0 retained 0 seconds 0.051178955007344484
shuttleset_03_scene_0016 pair 26 [1, 12] combined 15360 players 1566 retained 256 seconds 0.17725356202572584
shuttleset_03_scene_0016 pair 27 [1, 13] combined 22528 players 364 retained 184 seconds 0.17356930091045797
shuttleset_03_scene_0016 pair 28 [1, 14] combined 112640 players 8102 retained 256 seconds 0.812441464047879
shuttleset_03_scene_0016 pair 29 [1, 15] combined 1024 players 452 retained 220 seconds 0.08907425403594971
shuttleset_03_scene_0016 pair 30 [2, 0] combined 136192 players 58016 retained 256 seconds 2.716599449981004
shuttleset_03_scene_0016 pair 31 [2, 1] combined 103424 players 1900 retained 256 seconds 0.5933386199176311
shuttleset_03_scene_0016 pair 32 [2, 3] combined 5664 players 140 retained 70 seconds 0.055752214044332504
shuttleset_03_scene_0016 pair 33 [2, 4] combined 135168 players 50756 retained 256 seconds 2.188716945005581
shuttleset_03_scene_0016 pair 37 [2, 8] combined 105472 players 4092 retained 256 seconds 0.7643793039023876
shuttleset_03_scene_0016 pair 45 [3, 0] combined 18432 players 6862 retained 256 seconds 0.49756669718772173
shuttleset_03_scene_0016 pair 47 [3, 2] combined 6240 players 0 retained 0 seconds 0.04213442886248231
shuttleset_03_scene_0016 pair 48 [3, 4] combined 20480 players 8666 retained 256 seconds 0.35475710802711546
shuttleset_03_scene_0016 pair 49 [3, 5] combined 13080 players 942 retained 256 seconds 0.1180950771085918
shuttleset_03_scene_0016 pair 51 [3, 7] combined 0 players 0 retained 0 seconds 0.004177086055278778
shuttleset_03_scene_0016 pair 54 [3, 10] combined 2048 players 272 retained 136 seconds 0.03605769504792988
shuttleset_03_scene_0016 pair 56 [3, 12] combined 896 players 170 retained 77 seconds 0.024789684917777777
shuttleset_03_scene_0016 pair 57 [3, 13] combined 1288 players 0 retained 0 seconds 0.009238814935088158
shuttleset_03_scene_0016 pair 58 [3, 14] combined 2360 players 0 retained 0 seconds 0.016108850948512554
shuttleset_03_scene_0016 pair 59 [3, 15] combined 92 players 46 retained 21 seconds 0.015360150020569563
shuttleset_03_scene_0016 pair 61 [4, 1] combined 262144 players 90598 retained 256 seconds 3.854365259874612
shuttleset_03_scene_0016 pair 62 [4, 2] combined 122880 players 42444 retained 256 seconds 2.1643522779922932
shuttleset_03_scene_0016 pair 63 [4, 3] combined 17408 players 2388 retained 256 seconds 0.24509841785766184
shuttleset_03_scene_0016 pair 64 [4, 5] combined 157696 players 54916 retained 256 seconds 2.3886242900043726
shuttleset_03_scene_0016 pair 65 [4, 6] combined 15360 players 1086 retained 256 seconds 0.21118375100195408
shuttleset_03_scene_0016 pair 67 [4, 8] combined 195584 players 44260 retained 256 seconds 2.2848168569616973
shuttleset_03_scene_0016 pair 68 [4, 9] combined 2048 players 344 retained 172 seconds 0.12879588082432747
shuttleset_03_scene_0016 pair 69 [4, 10] combined 24576 players 5764 retained 256 seconds 0.3316276741679758
shuttleset_03_scene_0016 pair 70 [4, 11] combined 4096 players 82 retained 42 seconds 0.10535917803645134
shuttleset_03_scene_0016 pair 71 [4, 12] combined 51528 players 10298 retained 256 seconds 0.5740003839600831
shuttleset_03_scene_0016 pair 72 [4, 13] combined 4096 players 86 retained 40 seconds 0.11065287096425891
shuttleset_03_scene_0016 pair 75 [5, 0] combined 208896 players 86680 retained 256 seconds 3.876979985041544
shuttleset_03_scene_0016 pair 78 [5, 3] combined 12288 players 722 retained 256 seconds 0.14972973405383527
shuttleset_03_scene_0016 pair 79 [5, 4] combined 210944 players 89688 retained 256 seconds 3.3021052461117506
shuttleset_03_scene_0016 pair 80 [5, 6] combined 3968 players 1152 retained 256 seconds 0.39736846811138093
shuttleset_03_scene_0016 pair 81 [5, 7] combined 0 players 0 retained 0 seconds 0.02013200893998146
shuttleset_03_scene_0016 pair 82 [5, 8] combined 169984 players 3200 retained 256 seconds 0.8884417950175703
shuttleset_03_scene_0016 pair 83 [5, 9] combined 1716 players 432 retained 216 seconds 0.05810131714679301
shuttleset_03_scene_0016 pair 85 [5, 11] combined 1032 players 0 retained 0 seconds 0.023609091993421316
shuttleset_03_scene_0016 pair 89 [5, 15] combined 744 players 304 retained 153 seconds 0.04556987201794982
shuttleset_03_scene_0016 pair 90 [6, 0] combined 27648 players 4540 retained 256 seconds 0.4806612469255924
shuttleset_03_scene_0016 pair 91 [6, 1] combined 9216 players 1490 retained 256 seconds 0.1274722940288484
shuttleset_03_scene_0016 pair 94 [6, 4] combined 19456 players 2606 retained 256 seconds 0.2045109251048416
shuttleset_03_scene_0016 pair 95 [6, 5] combined 5056 players 474 retained 235 seconds 0.0657243609894067
shuttleset_03_scene_0016 pair 96 [6, 7] combined 92 players 14 retained 7 seconds 0.013484835159033537
shuttleset_03_scene_0016 pair 103 [6, 14] combined 1248 players 30 retained 15 seconds 0.021271093981340528
shuttleset_03_scene_0016 pair 104 [6, 15] combined 184 players 84 retained 42 seconds 0.015518336091190577
shuttleset_03_scene_0016 pair 106 [7, 1] combined 0 players 0 retained 0 seconds 0.02984950807876885
shuttleset_03_scene_0016 pair 108 [7, 3] combined 0 players 0 retained 0 seconds 0.0026019359938800335
shuttleset_03_scene_0016 pair 110 [7, 5] combined 0 players 0 retained 0 seconds 0.011618827003985643
shuttleset_03_scene_0016 pair 111 [7, 6] combined 0 players 0 retained 0 seconds 0.0017733080312609673
shuttleset_03_scene_0016 pair 112 [7, 8] combined 0 players 0 retained 0 seconds 0.012065964052453637
shuttleset_03_scene_0016 pair 113 [7, 9] combined 0 players 0 retained 0 seconds 0.0017864690162241459
shuttleset_03_scene_0016 pair 114 [7, 10] combined 0 players 0 retained 0 seconds 0.0040421332232654095
shuttleset_03_scene_0016 pair 115 [7, 11] combined 12 players 0 retained 0 seconds 0.0015907089691609144
shuttleset_03_scene_0016 pair 117 [7, 13] combined 16 players 4 retained 2 seconds 0.011921874014660716
shuttleset_03_scene_0016 pair 120 [8, 0] combined 229376 players 80314 retained 256 seconds 3.7296256499830633
shuttleset_03_scene_0016 pair 122 [8, 2] combined 232664 players 3320 retained 256 seconds 1.2006491469219327
shuttleset_03_scene_0016 pair 124 [8, 4] combined 228352 players 79154 retained 256 seconds 3.3496374511159956
shuttleset_03_scene_0016 pair 125 [8, 5] combined 164736 players 4652 retained 256 seconds 0.9245301350019872
shuttleset_03_scene_0016 pair 127 [8, 7] combined 0 players 0 retained 0 seconds 0.020779638085514307
shuttleset_03_scene_0016 pair 129 [8, 10] combined 63488 players 3926 retained 256 seconds 0.48290360206738114
shuttleset_03_scene_0016 pair 131 [8, 12] combined 13048 players 2498 retained 256 seconds 0.15617350698448718
shuttleset_03_scene_0016 pair 132 [8, 13] combined 23552 players 0 retained 0 seconds 0.12214037193916738
shuttleset_03_scene_0016 pair 133 [8, 14] combined 66240 players 96 retained 49 seconds 0.32956357579678297
shuttleset_03_scene_0016 pair 134 [8, 15] combined 616 players 240 retained 119 seconds 0.04110282799229026
shuttleset_03_scene_0016 pair 135 [9, 0] combined 1024 players 252 retained 115 seconds 0.2644695860799402
shuttleset_03_scene_0016 pair 139 [9, 4] combined 3072 players 600 retained 256 seconds 0.08824923983775079
shuttleset_03_scene_0016 pair 140 [9, 5] combined 2280 players 436 retained 196 seconds 0.04993784404359758
shuttleset_03_scene_0016 pair 142 [9, 7] combined 0 players 0 retained 0 seconds 0.0021307070273905993
shuttleset_03_scene_0016 pair 144 [9, 10] combined 612 players 24 retained 12 seconds 0.01861493894830346
shuttleset_03_scene_0016 pair 148 [9, 14] combined 440 players 14 retained 7 seconds 0.018025666009634733
shuttleset_03_scene_0016 pair 149 [9, 15] combined 0 players 0 retained 0 seconds 0.001880160067230463
shuttleset_03_scene_0016 pair 150 [10, 0] combined 57344 players 23408 retained 256 seconds 1.2667849510908127
shuttleset_03_scene_0016 pair 153 [10, 3] combined 1456 players 0 retained 0 seconds 0.029580578906461596
shuttleset_03_scene_0016 pair 154 [10, 4] combined 56320 players 24432 retained 256 seconds 1.0374539410695434
shuttleset_03_scene_0016 pair 157 [10, 7] combined 0 players 0 retained 0 seconds 0.02294468809850514
shuttleset_03_scene_0016 pair 158 [10, 8] combined 69632 players 5276 retained 256 seconds 0.4719063260126859
shuttleset_03_scene_0016 pair 159 [10, 9] combined 444 players 120 retained 60 seconds 0.02651312784291804
shuttleset_03_scene_0016 pair 160 [10, 11] combined 0 players 0 retained 0 seconds 0.0065675179939717054
shuttleset_03_scene_0016 pair 164 [10, 15] combined 200 players 92 retained 46 seconds 0.020771480863913894
shuttleset_03_scene_0016 pair 165 [11, 0] combined 0 players 0 retained 0 seconds 0.23994257696904242
shuttleset_03_scene_0016 pair 169 [11, 4] combined 0 players 0 retained 0 seconds 0.13537744409404695
shuttleset_03_scene_0016 pair 170 [11, 5] combined 0 players 0 retained 0 seconds 0.012518998002633452
shuttleset_03_scene_0016 pair 172 [11, 7] combined 4 players 0 retained 0 seconds 0.0017985340673476458
shuttleset_03_scene_0016 pair 175 [11, 10] combined 0 players 0 retained 0 seconds 0.004550604149699211
shuttleset_03_scene_0016 pair 178 [11, 14] combined 0 players 0 retained 0 seconds 0.004515401786193252
shuttleset_03_scene_0016 pair 179 [11, 15] combined 16 players 0 retained 0 seconds 0.0017666451167315245
shuttleset_03_scene_0016 pair 180 [12, 0] combined 1024 players 104 retained 52 seconds 0.25286065810360014
shuttleset_03_scene_0016 pair 181 [12, 1] combined 18432 players 2784 retained 256 seconds 0.20268328581005335
shuttleset_03_scene_0016 pair 183 [12, 3] combined 504 players 22 retained 11 seconds 0.019117552088573575
shuttleset_03_scene_0016 pair 184 [12, 4] combined 1024 players 150 retained 67 seconds 0.06512638996355236
shuttleset_03_scene_0016 pair 188 [12, 8] combined 15360 players 2828 retained 256 seconds 0.16807300504297018
shuttleset_03_scene_0016 pair 195 [13, 0] combined 6144 players 744 retained 256 seconds 0.3089297169353813
shuttleset_03_scene_0016 pair 196 [13, 1] combined 10240 players 36 retained 18 seconds 0.08617304498329759
shuttleset_03_scene_0016 pair 198 [13, 3] combined 480 players 0 retained 0 seconds 0.005030513973906636
shuttleset_03_scene_0016 pair 199 [13, 4] combined 6144 players 876 retained 256 seconds 0.11135456804186106
shuttleset_03_scene_0016 pair 202 [13, 7] combined 0 players 0 retained 0 seconds 0.0023591029457747936
shuttleset_03_scene_0016 pair 203 [13, 8] combined 6076 players 0 retained 0 seconds 0.03843713901005685
shuttleset_03_scene_0016 pair 209 [13, 15] combined 0 players 0 retained 0 seconds 0.0019682759884744883
shuttleset_03_scene_0016 pair 211 [14, 1] combined 40960 players 188 retained 94 seconds 0.23455139296129346
shuttleset_03_scene_0016 pair 213 [14, 3] combined 4140 players 50 retained 25 seconds 0.037466777954250574
shuttleset_03_scene_0016 pair 216 [14, 6] combined 2592 players 256 retained 123 seconds 0.03708983096294105
shuttleset_03_scene_0016 pair 218 [14, 8] combined 73944 players 160 retained 80 seconds 0.36985854688100517
shuttleset_03_scene_0016 pair 219 [14, 9] combined 296 players 82 retained 41 seconds 0.0213816799223423
shuttleset_03_scene_0016 pair 221 [14, 11] combined 128 players 0 retained 0 seconds 0.007304483093321323
shuttleset_03_scene_0016 pair 226 [15, 1] combined 0 players 0 retained 0 seconds 0.029812230030074716
shuttleset_03_scene_0016 pair 228 [15, 3] combined 0 players 0 retained 0 seconds 0.0026271650567650795
shuttleset_03_scene_0016 pair 230 [15, 5] combined 0 players 0 retained 0 seconds 0.011804411886259913
shuttleset_03_scene_0016 pair 231 [15, 6] combined 0 players 0 retained 0 seconds 0.0017979349941015244
shuttleset_03_scene_0016 pair 233 [15, 8] combined 0 players 0 retained 0 seconds 0.01189754600636661
shuttleset_03_scene_0016 pair 234 [15, 9] combined 32 players 16 retained 8 seconds 0.01246328093111515
shuttleset_03_scene_0016 pair 235 [15, 10] combined 0 players 0 retained 0 seconds 0.004409188870340586
shuttleset_03_scene_0016 pair 236 [15, 11] combined 16 players 0 retained 0 seconds 0.0016981759108603
shuttleset_03_scene_0016 pair 238 [15, 13] combined 0 players 0 retained 0 seconds 0.0014719869941473007
shuttleset_03_scene_0016 paint_observations generated pooled 16279 entries 256 winners 1:20 1:13 seconds 93.0
shuttleset_03_scene_0016 exact final-evaluation replay passed
shuttleset_03_scene_0016 exact selection replay passed
shuttleset_03_scene_0016 exact final-evaluation replay passed
shuttleset_03_scene_0016 exact selection replay passed
shuttleset_03_scene_0016 full evidence 0 of 1701 seconds 6.814952939748764e-06
shuttleset_03_scene_0016 full evidence 512 of 1701 seconds 29.458661396056414
shuttleset_03_scene_0016 full evidence 1024 of 1701 seconds 56.96286142198369
shuttleset_03_scene_0016 full evidence 1536 of 1701 seconds 84.84344541700557
shuttleset_03_scene_0016 paint_observations complete {'case_id': 'shuttleset_03_scene_0016', 'arm': 'paint_observations', 'status': 'generated', 'generation_s': 92.98404389503412, 'camera_first_s': 17.36443429416977, 'all_camera_s': 109.03407885087654, 'winners': {'results': ('1:20', '1:13'), 'camera_first': ('1:20', '1:13'), 'all_camera': ('1:20', '1:13')}}
