run_automatic from /scratch/ahalperi/court_det_fix/paint_geometry_20260909/automatic_axes_20260914/run_automatic.py
shuttleset_03_scene_0019 pair 0 [0, 1] combined 262144 players 78816 retained 256 seconds 5.507198047125712
shuttleset_03_scene_0019 pair 2 [0, 3] combined 69632 players 22074 retained 256 seconds 1.1691983218770474
shuttleset_03_scene_0019 pair 4 [0, 5] combined 122880 players 40552 retained 256 seconds 1.8616919999476522
shuttleset_03_scene_0019 pair 6 [0, 7] combined 64512 players 8460 retained 256 seconds 0.6965484248939902
shuttleset_03_scene_0019 pair 7 [0, 8] combined 35840 players 11100 retained 256 seconds 0.6925169520545751
shuttleset_03_scene_0019 pair 8 [0, 9] combined 51200 players 1978 retained 256 seconds 0.49794587888754904
shuttleset_03_scene_0019 pair 9 [0, 10] combined 8192 players 3410 retained 256 seconds 0.3501568629872054
shuttleset_03_scene_0019 pair 10 [0, 11] combined 262144 players 54830 retained 256 seconds 2.9250591380987316
shuttleset_03_scene_0019 pair 15 [1, 0] combined 262144 players 93706 retained 256 seconds 4.216832319973037
shuttleset_03_scene_0019 pair 16 [1, 2] combined 262144 players 46578 retained 256 seconds 2.6261366470716894
shuttleset_03_scene_0019 pair 17 [1, 3] combined 205824 players 7148 retained 256 seconds 1.331640002084896
shuttleset_03_scene_0019 pair 18 [1, 4] combined 81920 players 26780 retained 256 seconds 1.1655571300070733
shuttleset_03_scene_0019 pair 21 [1, 7] combined 79872 players 34480 retained 256 seconds 1.403387886006385
shuttleset_03_scene_0019 pair 23 [1, 9] combined 33792 players 10924 retained 256 seconds 0.5903396811336279
shuttleset_03_scene_0019 pair 26 [1, 12] combined 130048 players 14280 retained 256 seconds 1.0611486148554832
shuttleset_03_scene_0019 pair 27 [1, 13] combined 19456 players 804 retained 256 seconds 0.25799739197827876
shuttleset_03_scene_0019 pair 31 [2, 1] combined 262144 players 19200 retained 256 seconds 1.7686096969991922
shuttleset_03_scene_0019 pair 35 [2, 6] combined 71680 players 0 retained 0 seconds 0.41136758401989937
shuttleset_03_scene_0019 pair 37 [2, 8] combined 39936 players 5576 retained 256 seconds 0.33264079014770687
shuttleset_03_scene_0019 pair 38 [2, 9] combined 35840 players 114 retained 58 seconds 0.19019489409402013
shuttleset_03_scene_0019 pair 39 [2, 10] combined 16384 players 1688 retained 256 seconds 0.1463777981698513
shuttleset_03_scene_0019 pair 40 [2, 11] combined 262144 players 26546 retained 256 seconds 1.9974055958446115
shuttleset_03_scene_0019 pair 44 [2, 15] combined 98304 players 2770 retained 256 seconds 0.5565383399371058
shuttleset_03_scene_0019 pair 45 [3, 0] combined 72704 players 28218 retained 256 seconds 1.178682274185121
shuttleset_03_scene_0019 pair 46 [3, 1] combined 104448 players 3304 retained 256 seconds 0.7227440939750522
shuttleset_03_scene_0019 pair 48 [3, 4] combined 33320 players 14418 retained 256 seconds 0.5481578928884119
shuttleset_03_scene_0019 pair 50 [3, 6] combined 34336 players 1880 retained 256 seconds 0.2401120529975742
shuttleset_03_scene_0019 pair 52 [3, 8] combined 45080 players 254 retained 127 seconds 0.2348583610728383
shuttleset_03_scene_0019 pair 54 [3, 10] combined 13728 players 264 retained 132 seconds 0.09194432781077921
shuttleset_03_scene_0019 pair 55 [3, 11] combined 89088 players 2060 retained 256 seconds 0.5031548868864775
shuttleset_03_scene_0019 pair 59 [3, 15] combined 66560 players 1762 retained 256 seconds 0.42619417305104434
shuttleset_03_scene_0019 pair 61 [4, 1] combined 52224 players 15650 retained 256 seconds 0.7145149440038949
shuttleset_03_scene_0019 pair 63 [4, 3] combined 11700 players 3428 retained 256 seconds 0.2851472629699856
shuttleset_03_scene_0019 pair 64 [4, 5] combined 25016 players 8720 retained 256 seconds 0.35018583107739687
shuttleset_03_scene_0019 pair 66 [4, 7] combined 15048 players 182 retained 91 seconds 0.10118690086528659
shuttleset_03_scene_0019 pair 67 [4, 8] combined 7788 players 2752 retained 256 seconds 0.17877049488015473
shuttleset_03_scene_0019 pair 68 [4, 9] combined 3700 players 982 retained 256 seconds 0.07307636388577521
shuttleset_03_scene_0019 pair 69 [4, 10] combined 1140 players 360 retained 176 seconds 0.03898751107044518
shuttleset_03_scene_0019 pair 70 [4, 11] combined 50176 players 13682 retained 256 seconds 0.6412425870075822
shuttleset_03_scene_0019 pair 74 [4, 15] combined 17712 players 5884 retained 256 seconds 0.34336249995976686
shuttleset_03_scene_0019 pair 75 [5, 0] combined 168960 players 62722 retained 256 seconds 2.738412201171741
shuttleset_03_scene_0019 pair 79 [5, 4] combined 53120 players 19352 retained 256 seconds 0.8140459940768778
shuttleset_03_scene_0019 pair 80 [5, 6] combined 39788 players 902 retained 256 seconds 0.24859831505455077
shuttleset_03_scene_0019 pair 82 [5, 8] combined 47520 players 802 retained 256 seconds 0.26933200401254
shuttleset_03_scene_0019 pair 83 [5, 9] combined 14976 players 4762 retained 256 seconds 0.2056658489163965
shuttleset_03_scene_0019 pair 85 [5, 11] combined 177152 players 8802 retained 256 seconds 1.172803127905354
shuttleset_03_scene_0019 pair 88 [5, 14] combined 1572 players 706 retained 256 seconds 0.07040893007069826
shuttleset_03_scene_0019 pair 89 [5, 15] combined 95120 players 2926 retained 256 seconds 0.544539603870362
shuttleset_03_scene_0019 pair 92 [6, 2] combined 36864 players 128 retained 64 seconds 0.19560604612343013
shuttleset_03_scene_0019 pair 93 [6, 3] combined 18144 players 456 retained 222 seconds 0.11894673481583595
shuttleset_03_scene_0019 pair 95 [6, 5] combined 41400 players 1452 retained 256 seconds 0.2529970910400152
shuttleset_03_scene_0019 pair 96 [6, 7] combined 8208 players 854 retained 256 seconds 0.15772207686677575
shuttleset_03_scene_0019 pair 98 [6, 9] combined 5760 players 1522 retained 256 seconds 0.08496225997805595
shuttleset_03_scene_0019 pair 101 [6, 12] combined 50304 players 476 retained 238 seconds 0.26864239713177085
shuttleset_03_scene_0019 pair 102 [6, 13] combined 4940 players 10 retained 5 seconds 0.038605564972385764
shuttleset_03_scene_0019 pair 105 [7, 0] combined 37888 players 694 retained 256 seconds 0.31896146899089217
shuttleset_03_scene_0019 pair 106 [7, 1] combined 22528 players 1134 retained 256 seconds 0.1924036459531635
shuttleset_03_scene_0019 pair 109 [7, 4] combined 8700 players 80 retained 40 seconds 0.060319012962281704
shuttleset_03_scene_0019 pair 111 [7, 6] combined 5916 players 280 retained 140 seconds 0.053116271970793605
shuttleset_03_scene_0019 pair 112 [7, 8] combined 5544 players 468 retained 208 seconds 0.060068028047680855
shuttleset_03_scene_0019 pair 114 [7, 10] combined 1008 players 10 retained 5 seconds 0.021715761860832572
shuttleset_03_scene_0019 pair 115 [7, 11] combined 15360 players 1452 retained 256 seconds 0.14544454286806285
shuttleset_03_scene_0019 pair 118 [7, 14] combined 2240 players 50 retained 24 seconds 0.028080080868676305
shuttleset_03_scene_0019 pair 119 [7, 15] combined 11532 players 336 retained 165 seconds 0.08342181309126318
shuttleset_03_scene_0019 pair 120 [8, 0] combined 59392 players 23702 retained 256 seconds 1.114100573118776
shuttleset_03_scene_0019 pair 122 [8, 2] combined 26624 players 6308 retained 256 seconds 0.44272052496671677
shuttleset_03_scene_0019 pair 123 [8, 3] combined 18204 players 24 retained 12 seconds 0.10606662998907268
shuttleset_03_scene_0019 pair 124 [8, 4] combined 17056 players 6442 retained 256 seconds 0.24291425105184317
shuttleset_03_scene_0019 pair 125 [8, 5] combined 30732 players 580 retained 256 seconds 0.18781402497552335
shuttleset_03_scene_0019 pair 127 [8, 7] combined 13824 players 2622 retained 256 seconds 0.14470520592294633
shuttleset_03_scene_0019 pair 131 [8, 12] combined 12320 players 2854 retained 256 seconds 0.14781890902668238
shuttleset_03_scene_0019 pair 132 [8, 13] combined 4232 players 160 retained 80 seconds 0.04154721600934863
shuttleset_03_scene_0019 pair 135 [9, 0] combined 70656 players 3080 retained 256 seconds 0.6131468040402979
shuttleset_03_scene_0019 pair 136 [9, 1] combined 35840 players 7894 retained 256 seconds 0.3965232130140066
shuttleset_03_scene_0019 pair 137 [9, 2] combined 52224 players 266 retained 132 seconds 0.2717328241560608
shuttleset_03_scene_0019 pair 139 [9, 4] combined 9984 players 456 retained 228 seconds 0.08115633204579353
shuttleset_03_scene_0019 pair 140 [9, 5] combined 16936 players 4388 retained 256 seconds 0.30830823304131627
shuttleset_03_scene_0019 pair 141 [9, 6] combined 4608 players 966 retained 256 seconds 0.0723553029820323
shuttleset_03_scene_0019 pair 146 [9, 12] combined 11904 players 174 retained 87 seconds 0.07294379197992384
shuttleset_03_scene_0019 pair 147 [9, 13] combined 2700 players 958 retained 256 seconds 0.0559351600240916
shuttleset_03_scene_0019 pair 148 [9, 14] combined 156 players 34 retained 17 seconds 0.016490713926032186
shuttleset_03_scene_0019 pair 149 [9, 15] combined 11520 players 3132 retained 256 seconds 0.14618886006064713
shuttleset_03_scene_0019 pair 150 [10, 0] combined 19456 players 8452 retained 256 seconds 0.5253635051194578
shuttleset_03_scene_0019 pair 152 [10, 2] combined 13312 players 902 retained 256 seconds 0.11448889109306037
shuttleset_03_scene_0019 pair 153 [10, 3] combined 11988 players 0 retained 0 seconds 0.06178091187030077
shuttleset_03_scene_0019 pair 154 [10, 4] combined 4740 players 1446 retained 256 seconds 0.0806882819160819
shuttleset_03_scene_0019 pair 157 [10, 7] combined 1280 players 520 retained 256 seconds 0.04371863999404013
shuttleset_03_scene_0019 pair 161 [10, 12] combined 13064 players 1232 retained 256 seconds 0.10808659694157541
shuttleset_03_scene_0019 pair 162 [10, 13] combined 440 players 12 retained 6 seconds 0.016801711870357394
shuttleset_03_scene_0019 pair 165 [11, 0] combined 262144 players 80724 retained 256 seconds 3.902540697949007
shuttleset_03_scene_0019 pair 167 [11, 2] combined 262144 players 67698 retained 256 seconds 3.1590037951245904
shuttleset_03_scene_0019 pair 168 [11, 3] combined 177152 players 1046 retained 256 seconds 0.9290462229400873
shuttleset_03_scene_0019 pair 169 [11, 4] combined 74752 players 24526 retained 256 seconds 1.2315680461470038
shuttleset_03_scene_0019 pair 170 [11, 5] combined 195584 players 7958 retained 256 seconds 1.1389522270765156
shuttleset_03_scene_0019 pair 172 [11, 7] combined 66560 players 11988 retained 256 seconds 0.6132080790121108
shuttleset_03_scene_0019 pair 176 [11, 12] combined 133120 players 29118 retained 256 seconds 1.6324332868680358
shuttleset_03_scene_0019 pair 177 [11, 13] combined 20480 players 1754 retained 256 seconds 0.20106707513332367
shuttleset_03_scene_0019 pair 181 [12, 1] combined 151552 players 11862 retained 256 seconds 1.0162283601239324
shuttleset_03_scene_0019 pair 186 [12, 6] combined 25944 players 142 retained 71 seconds 0.31166028301231563
shuttleset_03_scene_0019 pair 188 [12, 8] combined 19096 players 2310 retained 256 seconds 0.16377059114165604
shuttleset_03_scene_0019 pair 189 [12, 9] combined 13392 players 60 retained 30 seconds 0.07721355790272355
shuttleset_03_scene_0019 pair 190 [12, 10] combined 5400 players 168 retained 82 seconds 0.04547321912832558
shuttleset_03_scene_0019 pair 191 [12, 11] combined 157696 players 15558 retained 256 seconds 1.2856268770992756
shuttleset_03_scene_0019 pair 194 [12, 15] combined 57408 players 2766 retained 256 seconds 0.35714712692424655
shuttleset_03_scene_0019 pair 196 [13, 1] combined 14336 players 508 retained 239 seconds 0.13983231806196272
shuttleset_03_scene_0019 pair 201 [13, 6] combined 2704 players 0 retained 0 seconds 0.018408892210572958
shuttleset_03_scene_0019 pair 203 [13, 8] combined 3116 players 250 retained 125 seconds 0.03715460980311036
shuttleset_03_scene_0019 pair 204 [13, 9] combined 3456 players 34 retained 17 seconds 0.02980385604314506
shuttleset_03_scene_0019 pair 205 [13, 10] combined 184 players 0 retained 0 seconds 0.005006683059036732
shuttleset_03_scene_0019 pair 206 [13, 11] combined 29696 players 2034 retained 256 seconds 0.21850925404578447
shuttleset_03_scene_0019 pair 209 [13, 15] combined 6480 players 350 retained 175 seconds 0.06095272395759821
shuttleset_03_scene_0019 pair 215 [14, 5] combined 3528 players 924 retained 256 seconds 0.06359252706170082
shuttleset_03_scene_0019 pair 217 [14, 7] combined 2144 players 46 retained 22 seconds 0.024170747958123684
shuttleset_03_scene_0019 pair 219 [14, 9] combined 1160 players 236 retained 118 seconds 0.025455758208408952
shuttleset_03_scene_0019 pair 227 [15, 2] combined 59392 players 12880 retained 256 seconds 0.7548604789189994
shuttleset_03_scene_0019 pair 228 [15, 3] combined 56144 players 894 retained 256 seconds 0.32220640988089144
shuttleset_03_scene_0019 pair 229 [15, 4] combined 35392 players 10448 retained 256 seconds 0.41966266790404916
shuttleset_03_scene_0019 pair 230 [15, 5] combined 63040 players 2736 retained 256 seconds 0.38895383896306157
shuttleset_03_scene_0019 pair 232 [15, 7] combined 14152 players 2372 retained 256 seconds 0.1509544209111482
shuttleset_03_scene_0019 pair 234 [15, 9] combined 17440 players 5156 retained 256 seconds 0.3879783370066434
shuttleset_03_scene_0019 pair 237 [15, 12] combined 70740 players 5248 retained 256 seconds 0.47321907291188836
shuttleset_03_scene_0019 pair 238 [15, 13] combined 12144 players 438 retained 215 seconds 0.09492194699123502
shuttleset_03_scene_0019 paint generated pooled 25367 entries 256 winners 45:4862 45:4862 seconds 89.0
shuttleset_03_scene_0019 exact final-evaluation replay passed
shuttleset_03_scene_0019 exact selection replay passed
shuttleset_03_scene_0019 exact final-evaluation replay passed
shuttleset_03_scene_0019 exact selection replay passed
shuttleset_03_scene_0019 full evidence 0 of 1434 seconds 5.755806341767311e-06
shuttleset_03_scene_0019 full evidence 512 of 1434 seconds 25.698960536858067
shuttleset_03_scene_0019 full evidence 1024 of 1434 seconds 49.11794294998981
shuttleset_03_scene_0019 paint complete {'case_id': 'shuttleset_03_scene_0019', 'arm': 'paint', 'status': 'generated', 'generation_s': 89.01732864091173, 'camera_first_s': 31.55246184603311, 'all_camera_s': 82.84876005817205, 'winners': {'results': ('45:4862', '45:4862'), 'camera_first': ('45:16060', '45:13293'), 'all_camera': ('45:16060', '26:905')}}
