run_automatic from /scratch/ahalperi/court_det_fix/paint_geometry_20260909/automatic_axes_20260914/run_automatic.py
shuttleset_03_scene_0017 pair 0 [0, 1] combined 262144 players 88566 retained 256 seconds 6.858476970810443
shuttleset_03_scene_0017 pair 1 [0, 2] combined 139264 players 50364 retained 256 seconds 2.7373491269536316
shuttleset_03_scene_0017 pair 2 [0, 3] combined 262144 players 95978 retained 256 seconds 4.3548000869341195
shuttleset_03_scene_0017 pair 4 [0, 5] combined 20480 players 6042 retained 256 seconds 0.76950120809488
shuttleset_03_scene_0017 pair 5 [0, 6] combined 109568 players 33868 retained 256 seconds 1.9429157369304448
shuttleset_03_scene_0017 pair 9 [0, 10] combined 124928 players 30090 retained 256 seconds 1.9108387420419604
shuttleset_03_scene_0017 pair 11 [0, 12] combined 6144 players 2698 retained 256 seconds 0.6074767988175154
shuttleset_03_scene_0017 pair 13 [0, 14] combined 3072 players 1290 retained 256 seconds 0.553149149985984
shuttleset_03_scene_0017 pair 14 [0, 15] combined 0 players 0 retained 0 seconds 0.48037109593860805
shuttleset_03_scene_0017 pair 15 [1, 0] combined 262144 players 99006 retained 256 seconds 4.237552728969604
shuttleset_03_scene_0017 pair 16 [1, 2] combined 209920 players 10916 retained 256 seconds 1.5668102419003844
shuttleset_03_scene_0017 pair 18 [1, 4] combined 262144 players 71026 retained 256 seconds 3.3776629590429366
shuttleset_03_scene_0017 pair 21 [1, 7] combined 77824 players 23768 retained 256 seconds 1.232669087126851
shuttleset_03_scene_0017 pair 22 [1, 8] combined 10240 players 1450 retained 256 seconds 0.1619725590571761
shuttleset_03_scene_0017 pair 25 [1, 11] combined 69632 players 7824 retained 256 seconds 0.5631859737914056
shuttleset_03_scene_0017 pair 26 [1, 12] combined 11264 players 1124 retained 256 seconds 0.15137920901179314
shuttleset_03_scene_0017 pair 29 [1, 15] combined 0 players 0 retained 0 seconds 0.05105935991741717
shuttleset_03_scene_0017 pair 30 [2, 0] combined 175104 players 75412 retained 256 seconds 3.5168085631448776
shuttleset_03_scene_0017 pair 31 [2, 1] combined 143360 players 7186 retained 256 seconds 0.9225830889772624
shuttleset_03_scene_0017 pair 33 [2, 4] combined 182272 players 55556 retained 256 seconds 2.564934641122818
shuttleset_03_scene_0017 pair 34 [2, 5] combined 18768 players 196 retained 98 seconds 0.14595928904600441
shuttleset_03_scene_0017 pair 35 [2, 6] combined 127452 players 5926 retained 256 seconds 0.7478041891008615
shuttleset_03_scene_0017 pair 39 [2, 10] combined 96832 players 1466 retained 256 seconds 0.510902042966336
shuttleset_03_scene_0017 pair 42 [2, 13] combined 35000 players 9254 retained 256 seconds 0.451418518088758
shuttleset_03_scene_0017 pair 45 [3, 0] combined 262144 players 101332 retained 256 seconds 4.520947095006704
shuttleset_03_scene_0017 pair 48 [3, 4] combined 262144 players 74658 retained 256 seconds 3.542607286013663
shuttleset_03_scene_0017 pair 49 [3, 5] combined 52224 players 3194 retained 256 seconds 0.42120399908162653
shuttleset_03_scene_0017 pair 50 [3, 6] combined 188416 players 1606 retained 256 seconds 0.9792488331440836
shuttleset_03_scene_0017 pair 51 [3, 7] combined 75776 players 19910 retained 256 seconds 0.9894978471565992
shuttleset_03_scene_0017 pair 53 [3, 9] combined 12288 players 3468 retained 256 seconds 0.2228458859026432
shuttleset_03_scene_0017 pair 54 [3, 10] combined 197632 players 2148 retained 256 seconds 1.0354492058977485
shuttleset_03_scene_0017 pair 57 [3, 13] combined 62464 players 18670 retained 256 seconds 0.985338345868513
shuttleset_03_scene_0017 pair 61 [4, 1] combined 262144 players 63772 retained 256 seconds 3.3030506561044604
shuttleset_03_scene_0017 pair 62 [4, 2] combined 136192 players 34112 retained 256 seconds 1.7122042558621615
shuttleset_03_scene_0017 pair 63 [4, 3] combined 262144 players 65634 retained 256 seconds 3.263374977046624
shuttleset_03_scene_0017 pair 64 [4, 5] combined 23552 players 6854 retained 256 seconds 0.341664387146011
shuttleset_03_scene_0017 pair 65 [4, 6] combined 108544 players 22940 retained 256 seconds 1.1586298351176083
shuttleset_03_scene_0017 pair 66 [4, 7] combined 140288 players 2290 retained 256 seconds 0.7529112289194018
shuttleset_03_scene_0017 pair 68 [4, 9] combined 27648 players 764 retained 256 seconds 0.19037713785655797
shuttleset_03_scene_0017 pair 69 [4, 10] combined 123904 players 18082 retained 256 seconds 1.193234923062846
shuttleset_03_scene_0017 pair 72 [4, 13] combined 73728 players 1452 retained 256 seconds 0.4405627080705017
shuttleset_03_scene_0017 pair 73 [4, 14] combined 0 players 0 retained 0 seconds 0.03240887890569866
shuttleset_03_scene_0017 pair 74 [4, 15] combined 0 players 0 retained 0 seconds 0.030757747823372483
shuttleset_03_scene_0017 pair 75 [5, 0] combined 29696 players 12664 retained 256 seconds 0.8107900789473206
shuttleset_03_scene_0017 pair 77 [5, 2] combined 22608 players 250 retained 125 seconds 0.14209795207716525
shuttleset_03_scene_0017 pair 78 [5, 3] combined 37888 players 422 retained 211 seconds 0.23254680098034441
shuttleset_03_scene_0017 pair 79 [5, 4] combined 24576 players 8070 retained 256 seconds 0.4196323030628264
shuttleset_03_scene_0017 pair 82 [5, 8] combined 1184 players 10 retained 5 seconds 0.028741242131218314
shuttleset_03_scene_0017 pair 85 [5, 11] combined 8424 players 1634 retained 256 seconds 0.10523618501611054
shuttleset_03_scene_0017 pair 86 [5, 12] combined 2112 players 0 retained 0 seconds 0.016665139002725482
shuttleset_03_scene_0017 pair 88 [5, 14] combined 500 players 0 retained 0 seconds 0.007773572811856866
shuttleset_03_scene_0017 pair 89 [5, 15] combined 0 players 0 retained 0 seconds 0.004891544813290238
shuttleset_03_scene_0017 pair 90 [6, 0] combined 155648 players 57508 retained 256 seconds 2.8109489800408483
shuttleset_03_scene_0017 pair 92 [6, 2] combined 150444 players 2850 retained 256 seconds 0.8102604721207172
shuttleset_03_scene_0017 pair 93 [6, 3] combined 101376 players 1430 retained 256 seconds 0.5624992561060935
shuttleset_03_scene_0017 pair 94 [6, 4] combined 155648 players 41712 retained 256 seconds 2.1497907689772546
shuttleset_03_scene_0017 pair 96 [6, 7] combined 42196 players 12692 retained 256 seconds 0.5453801630064845
shuttleset_03_scene_0017 pair 97 [6, 8] combined 6336 players 420 retained 207 seconds 0.07566242711618543
shuttleset_03_scene_0017 pair 100 [6, 11] combined 28116 players 4704 retained 256 seconds 0.38218901795335114
shuttleset_03_scene_0017 pair 101 [6, 12] combined 6832 players 22 retained 12 seconds 0.06028708419762552
shuttleset_03_scene_0017 pair 103 [6, 14] combined 2960 players 0 retained 0 seconds 0.027401685947552323
shuttleset_03_scene_0017 pair 104 [6, 15] combined 0 players 0 retained 0 seconds 0.014082998037338257
shuttleset_03_scene_0017 pair 106 [7, 1] combined 101376 players 26940 retained 256 seconds 1.4481604658067226
shuttleset_03_scene_0017 pair 108 [7, 3] combined 96256 players 25478 retained 256 seconds 1.294378861086443
shuttleset_03_scene_0017 pair 109 [7, 4] combined 108544 players 1980 retained 256 seconds 0.5953040719032288
shuttleset_03_scene_0017 pair 111 [7, 6] combined 37492 players 9606 retained 256 seconds 0.5556080010719597
shuttleset_03_scene_0017 pair 112 [7, 8] combined 3720 players 900 retained 256 seconds 0.07257885788567364
shuttleset_03_scene_0017 pair 114 [7, 10] combined 44896 players 6798 retained 256 seconds 0.4017205119598657
shuttleset_03_scene_0017 pair 115 [7, 11] combined 58016 players 870 retained 256 seconds 0.3166960380040109
shuttleset_03_scene_0017 pair 116 [7, 12] combined 2208 players 656 retained 256 seconds 0.054225753992795944
shuttleset_03_scene_0017 pair 121 [8, 1] combined 22528 players 3280 retained 256 seconds 0.22812907118350267
shuttleset_03_scene_0017 pair 125 [8, 5] combined 1920 players 162 retained 81 seconds 0.0322234109044075
shuttleset_03_scene_0017 pair 126 [8, 6] combined 9984 players 622 retained 256 seconds 0.08935753209516406
shuttleset_03_scene_0017 pair 127 [8, 7] combined 6716 players 2248 retained 256 seconds 0.21634839102625847
shuttleset_03_scene_0017 pair 128 [8, 9] combined 768 players 16 retained 8 seconds 0.02034516609273851
shuttleset_03_scene_0017 pair 129 [8, 10] combined 5588 players 494 retained 240 seconds 0.06364048994146287
shuttleset_03_scene_0017 pair 132 [8, 13] combined 4080 players 656 retained 256 seconds 0.06166164297610521
shuttleset_03_scene_0017 pair 138 [9, 3] combined 18432 players 4648 retained 256 seconds 0.2465502079576254
shuttleset_03_scene_0017 pair 139 [9, 4] combined 21504 players 584 retained 256 seconds 0.15311689185909927
shuttleset_03_scene_0017 pair 143 [9, 8] combined 1292 players 182 retained 92 seconds 0.02760441484861076
shuttleset_03_scene_0017 pair 145 [9, 11] combined 15392 players 36 retained 18 seconds 0.08630928490310907
shuttleset_03_scene_0017 pair 146 [9, 12] combined 528 players 140 retained 70 seconds 0.021020257845520973
shuttleset_03_scene_0017 pair 148 [9, 14] combined 288 players 8 retained 4 seconds 0.014702800894156098
shuttleset_03_scene_0017 pair 150 [10, 0] combined 128000 players 49792 retained 256 seconds 2.441827056929469
shuttleset_03_scene_0017 pair 152 [10, 2] combined 93728 players 2066 retained 256 seconds 0.5367617481388152
shuttleset_03_scene_0017 pair 153 [10, 3] combined 136192 players 1414 retained 256 seconds 0.7250171990599483
shuttleset_03_scene_0017 pair 154 [10, 4] combined 117760 players 31686 retained 256 seconds 1.674243563786149
shuttleset_03_scene_0017 pair 157 [10, 7] combined 36900 players 10400 retained 256 seconds 0.47087738406844437
shuttleset_03_scene_0017 pair 158 [10, 8] combined 3276 players 536 retained 256 seconds 0.06580608105286956
shuttleset_03_scene_0017 pair 160 [10, 11] combined 26600 players 4012 retained 256 seconds 0.24825420905835927
shuttleset_03_scene_0017 pair 161 [10, 12] combined 8448 players 212 retained 106 seconds 0.07084279996342957
shuttleset_03_scene_0017 pair 163 [10, 14] combined 1476 players 0 retained 0 seconds 0.0189566679764539
shuttleset_03_scene_0017 pair 164 [10, 15] combined 0 players 0 retained 0 seconds 0.011812615906819701
shuttleset_03_scene_0017 pair 166 [11, 1] combined 51200 players 7464 retained 256 seconds 0.5846934670116752
shuttleset_03_scene_0017 pair 170 [11, 5] combined 5056 players 492 retained 235 seconds 0.06458051991648972
shuttleset_03_scene_0017 pair 171 [11, 6] combined 21312 players 3344 retained 256 seconds 0.2043260110076517
shuttleset_03_scene_0017 pair 172 [11, 7] combined 44352 players 44 retained 22 seconds 0.2242633020505309
shuttleset_03_scene_0017 pair 174 [11, 9] combined 14760 players 70 retained 35 seconds 0.08644731901586056
shuttleset_03_scene_0017 pair 175 [11, 10] combined 25872 players 3006 retained 256 seconds 0.21350332209840417
shuttleset_03_scene_0017 pair 177 [11, 13] combined 39200 players 156 retained 78 seconds 0.3374357938300818
shuttleset_03_scene_0017 pair 180 [12, 0] combined 13312 players 3516 retained 256 seconds 0.43379110004752874
shuttleset_03_scene_0017 pair 181 [12, 1] combined 14336 players 926 retained 256 seconds 0.13970774598419666
shuttleset_03_scene_0017 pair 185 [12, 5] combined 1440 players 0 retained 0 seconds 0.01171256392262876
shuttleset_03_scene_0017 pair 186 [12, 6] combined 3780 players 40 retained 20 seconds 0.037624625954777
shuttleset_03_scene_0017 pair 187 [12, 7] combined 3168 players 628 retained 256 seconds 0.05413986695930362
shuttleset_03_scene_0017 pair 189 [12, 9] combined 676 players 180 retained 90 seconds 0.02325240895152092
shuttleset_03_scene_0017 pair 190 [12, 10] combined 9296 players 148 retained 77 seconds 0.0647591499146074
shuttleset_03_scene_0017 pair 192 [12, 13] combined 2640 players 834 retained 256 seconds 0.057397694094106555
shuttleset_03_scene_0017 pair 197 [13, 2] combined 47232 players 16262 retained 256 seconds 0.7487916520331055
shuttleset_03_scene_0017 pair 198 [13, 3] combined 102400 players 33590 retained 256 seconds 1.4959384510293603
shuttleset_03_scene_0017 pair 199 [13, 4] combined 55296 players 1632 retained 256 seconds 0.3537300208117813
shuttleset_03_scene_0017 pair 203 [13, 8] combined 1620 players 50 retained 25 seconds 0.031503746984526515
shuttleset_03_scene_0017 pair 206 [13, 11] combined 33072 players 100 retained 50 seconds 0.17543036909773946
shuttleset_03_scene_0017 pair 207 [13, 12] combined 2784 players 904 retained 256 seconds 0.06682252907194197
shuttleset_03_scene_0017 pair 208 [13, 14] combined 1140 players 380 retained 186 seconds 0.042645636945962906
shuttleset_03_scene_0017 pair 210 [14, 0] combined 4096 players 1820 retained 256 seconds 0.5199288569856435
shuttleset_03_scene_0017 pair 214 [14, 4] combined 3072 players 1018 retained 256 seconds 0.08357253298163414
shuttleset_03_scene_0017 pair 215 [14, 5] combined 280 players 0 retained 0 seconds 0.00660787895321846
shuttleset_03_scene_0017 pair 216 [14, 6] combined 5764 players 82 retained 41 seconds 0.048453022027388215
shuttleset_03_scene_0017 pair 219 [14, 9] combined 0 players 0 retained 0 seconds 0.003069839905947447
shuttleset_03_scene_0017 pair 220 [14, 10] combined 2904 players 0 retained 0 seconds 0.021492158994078636
shuttleset_03_scene_0017 pair 223 [14, 13] combined 1392 players 336 retained 162 seconds 0.03820033697411418
shuttleset_03_scene_0017 pair 225 [15, 0] combined 0 players 0 retained 0 seconds 0.2760585928335786
shuttleset_03_scene_0017 pair 226 [15, 1] combined 0 players 0 retained 0 seconds 0.030061944155022502
shuttleset_03_scene_0017 pair 229 [15, 4] combined 0 players 0 retained 0 seconds 0.018959307810291648
shuttleset_03_scene_0017 pair 230 [15, 5] combined 0 players 0 retained 0 seconds 0.003420855849981308
shuttleset_03_scene_0017 pair 231 [15, 6] combined 0 players 0 retained 0 seconds 0.009207670111209154
shuttleset_03_scene_0017 pair 235 [15, 10] combined 0 players 0 retained 0 seconds 0.007294916082173586
shuttleset_03_scene_0017 paint_observations generated pooled 23034 entries 256 winners 1:16 1:71 seconds 111.4
shuttleset_03_scene_0017 exact final-evaluation replay passed
shuttleset_03_scene_0017 exact selection replay passed
shuttleset_03_scene_0017 exact final-evaluation replay passed
shuttleset_03_scene_0017 exact selection replay passed
shuttleset_03_scene_0017 full evidence 0 of 1728 seconds 5.716923624277115e-06
shuttleset_03_scene_0017 full evidence 512 of 1728 seconds 30.065751266898587
shuttleset_03_scene_0017 full evidence 1024 of 1728 seconds 56.52654034597799
shuttleset_03_scene_0017 full evidence 1536 of 1728 seconds 84.155854067998
shuttleset_03_scene_0017 paint_observations complete {'case_id': 'shuttleset_03_scene_0017', 'arm': 'paint_observations', 'status': 'generated', 'generation_s': 111.44961305707693, 'camera_first_s': 18.095918957842514, 'all_camera_s': 110.26225010980852, 'winners': {'results': ('1:16', '1:71'), 'camera_first': ('1:16', '1:71'), 'all_camera': ('1:16', '1:71')}}
