run_automatic from /scratch/ahalperi/court_det_fix/paint_geometry_20260909/automatic_axes_20260914/run_automatic.py
am3_window_00_frame_0 pair 0 [0, 1] combined 7168 players 522 retained 256 seconds 0.802116580074653
am3_window_00_frame_0 pair 1 [0, 2] combined 13312 players 2232 retained 256 seconds 1.470404078019783
am3_window_00_frame_0 pair 3 [0, 4] combined 696 players 30 retained 15 seconds 0.09986963006667793
am3_window_00_frame_0 pair 6 [0, 7] combined 0 players 0 retained 0 seconds 0.010404379107058048
am3_window_00_frame_0 pair 7 [0, 8] combined 0 players 0 retained 0 seconds 0.010694782016798854
am3_window_00_frame_0 pair 15 [1, 0] combined 5456 players 1958 retained 256 seconds 0.6771849689539522
am3_window_00_frame_0 pair 16 [1, 2] combined 57232 players 20510 retained 256 seconds 5.66831378499046
am3_window_00_frame_0 pair 17 [1, 3] combined 9600 players 2472 retained 256 seconds 0.6913449058774859
am3_window_00_frame_0 pair 19 [1, 5] combined 672 players 108 retained 54 seconds 0.07325642299838364
am3_window_00_frame_0 pair 20 [1, 6] combined 1624 players 316 retained 158 seconds 0.13784485193900764
am3_window_00_frame_0 pair 23 [1, 9] combined 0 players 0 retained 0 seconds 0.01844117813743651
am3_window_00_frame_0 pair 24 [1, 10] combined 0 players 0 retained 0 seconds 0.017637954093515873
am3_window_00_frame_0 pair 25 [1, 11] combined 0 players 0 retained 0 seconds 0.017805459909141064
am3_window_00_frame_0 pair 27 [1, 13] combined 14396 players 4340 retained 256 seconds 1.031927505042404
am3_window_00_frame_0 pair 28 [1, 14] combined 7936 players 1922 retained 256 seconds 0.573079357855022
am3_window_00_frame_0 pair 29 [1, 15] combined 13908 players 4466 retained 256 seconds 1.263283833861351
am3_window_00_frame_0 pair 30 [2, 0] combined 15300 players 1958 retained 256 seconds 1.6813610829412937
am3_window_00_frame_0 pair 31 [2, 1] combined 35620 players 12454 retained 256 seconds 2.953627947019413
am3_window_00_frame_0 pair 32 [2, 3] combined 40608 players 4892 retained 256 seconds 2.6796943570952863
am3_window_00_frame_0 pair 33 [2, 4] combined 2144 players 484 retained 176 seconds 0.19057460594922304
am3_window_00_frame_0 pair 34 [2, 5] combined 0 players 0 retained 0 seconds 0.02856207313016057
am3_window_00_frame_0 pair 35 [2, 6] combined 16560 players 190 retained 96 seconds 1.08657166804187
am3_window_00_frame_0 pair 36 [2, 7] combined 0 players 0 retained 0 seconds 0.02520009595900774
am3_window_00_frame_0 pair 39 [2, 10] combined 0 players 0 retained 0 seconds 0.02537031308747828
am3_window_00_frame_0 pair 41 [2, 12] combined 0 players 0 retained 0 seconds 0.025335226906463504
am3_window_00_frame_0 pair 42 [2, 13] combined 33824 players 6828 retained 256 seconds 2.3126473978627473
am3_window_00_frame_0 pair 43 [2, 14] combined 19140 players 3654 retained 256 seconds 1.3651799811050296
am3_window_00_frame_0 pair 44 [2, 15] combined 34884 players 7054 retained 256 seconds 2.4310256568714976
am3_window_00_frame_0 pair 46 [3, 1] combined 10584 players 1040 retained 256 seconds 0.7242210870608687
am3_window_00_frame_0 pair 47 [3, 2] combined 33792 players 4592 retained 256 seconds 2.2541764359921217
am3_window_00_frame_0 pair 48 [3, 4] combined 900 players 96 retained 42 seconds 0.08419586392119527
am3_window_00_frame_0 pair 51 [3, 7] combined 0 players 0 retained 0 seconds 0.010291506070643663
am3_window_00_frame_0 pair 52 [3, 8] combined 0 players 0 retained 0 seconds 0.010116992983967066
am3_window_00_frame_0 pair 60 [4, 0] combined 504 players 158 retained 79 seconds 0.05208457610569894
am3_window_00_frame_0 pair 62 [4, 2] combined 2368 players 458 retained 189 seconds 0.1888978818897158
am3_window_00_frame_0 pair 63 [4, 3] combined 1008 players 202 retained 76 seconds 0.08545396197587252
am3_window_00_frame_0 pair 64 [4, 5] combined 12 players 6 retained 3 seconds 0.015562833053991199
am3_window_00_frame_0 pair 68 [4, 9] combined 0 players 0 retained 0 seconds 0.003718598047271371
am3_window_00_frame_0 pair 70 [4, 11] combined 0 players 0 retained 0 seconds 0.0035102381370961666
am3_window_00_frame_0 pair 72 [4, 13] combined 1792 players 368 retained 180 seconds 0.14029822195880115
am3_window_00_frame_0 pair 73 [4, 14] combined 868 players 188 retained 90 seconds 0.0744144560303539
am3_window_00_frame_0 pair 74 [4, 15] combined 1512 players 272 retained 136 seconds 0.11927302507683635
am3_window_00_frame_0 pair 76 [5, 1] combined 0 players 0 retained 0 seconds 0.011976541019976139
am3_window_00_frame_0 pair 77 [5, 2] combined 0 players 0 retained 0 seconds 0.01574722700752318
am3_window_00_frame_0 pair 79 [5, 4] combined 0 players 0 retained 0 seconds 0.003943359013646841
am3_window_00_frame_0 pair 81 [5, 7] combined 0 players 0 retained 0 seconds 0.002505415817722678
am3_window_00_frame_0 pair 82 [5, 8] combined 0 players 0 retained 0 seconds 0.002843528985977173
am3_window_00_frame_0 pair 91 [6, 1] combined 1440 players 236 retained 118 seconds 0.11606854409910738
am3_window_00_frame_0 pair 92 [6, 2] combined 24576 players 214 retained 107 seconds 1.5654060430824757
am3_window_00_frame_0 pair 96 [6, 7] combined 0 players 0 retained 0 seconds 0.003176141995936632
am3_window_00_frame_0 pair 97 [6, 8] combined 0 players 0 retained 0 seconds 0.0023479750379920006
am3_window_00_frame_0 pair 105 [7, 0] combined 0 players 0 retained 0 seconds 0.003544845851138234
am3_window_00_frame_0 pair 107 [7, 2] combined 0 players 0 retained 0 seconds 0.013659537071362138
am3_window_00_frame_0 pair 108 [7, 3] combined 0 players 0 retained 0 seconds 0.005428605945780873
am3_window_00_frame_0 pair 110 [7, 5] combined 0 players 0 retained 0 seconds 0.001603391021490097
am3_window_00_frame_0 pair 111 [7, 6] combined 0 players 0 retained 0 seconds 0.001589643070474267
am3_window_00_frame_0 pair 113 [7, 9] combined 0 players 0 retained 0 seconds 0.0006873409729450941
am3_window_00_frame_0 pair 114 [7, 10] combined 0 players 0 retained 0 seconds 0.0006732118781656027
am3_window_00_frame_0 pair 115 [7, 11] combined 0 players 0 retained 0 seconds 0.0006469329819083214
am3_window_00_frame_0 pair 116 [7, 12] combined 0 players 0 retained 0 seconds 0.0006647808477282524
am3_window_00_frame_0 pair 117 [7, 13] combined 0 players 0 retained 0 seconds 0.005515479948371649
am3_window_00_frame_0 pair 118 [7, 14] combined 0 players 0 retained 0 seconds 0.003611660096794367
am3_window_00_frame_0 pair 119 [7, 15] combined 0 players 0 retained 0 seconds 0.0055128890089690685
am3_window_00_frame_0 pair 120 [8, 0] combined 0 players 0 retained 0 seconds 0.0040916260331869125
am3_window_00_frame_0 pair 123 [8, 3] combined 0 players 0 retained 0 seconds 0.0059454599395394325
am3_window_00_frame_0 pair 125 [8, 5] combined 0 players 0 retained 0 seconds 0.0021765378769487143
am3_window_00_frame_0 pair 126 [8, 6] combined 0 players 0 retained 0 seconds 0.001961560919880867
am3_window_00_frame_0 pair 129 [8, 10] combined 0 players 0 retained 0 seconds 0.0012648089323192835
am3_window_00_frame_0 pair 131 [8, 12] combined 0 players 0 retained 0 seconds 0.0012312079779803753
am3_window_00_frame_0 pair 132 [8, 13] combined 0 players 0 retained 0 seconds 0.005973411025479436
am3_window_00_frame_0 pair 133 [8, 14] combined 0 players 0 retained 0 seconds 0.004111804999411106
am3_window_00_frame_0 pair 134 [8, 15] combined 0 players 0 retained 0 seconds 0.005946672055870295
am3_window_00_frame_0 pair 136 [9, 1] combined 0 players 0 retained 0 seconds 0.00946714892052114
am3_window_00_frame_0 pair 139 [9, 4] combined 0 players 0 retained 0 seconds 0.0021777020301669836
am3_window_00_frame_0 pair 142 [9, 7] combined 0 players 0 retained 0 seconds 0.000692807137966156
am3_window_00_frame_0 pair 151 [10, 1] combined 0 players 0 retained 0 seconds 0.009547143941745162
am3_window_00_frame_0 pair 152 [10, 2] combined 0 players 0 retained 0 seconds 0.014555122936144471
am3_window_00_frame_0 pair 157 [10, 7] combined 0 players 0 retained 0 seconds 0.0008246430661529303
am3_window_00_frame_0 pair 158 [10, 8] combined 0 players 0 retained 0 seconds 0.0010684218723326921
am3_window_00_frame_0 pair 166 [11, 1] combined 0 players 0 retained 0 seconds 0.009593492839485407
am3_window_00_frame_0 pair 169 [11, 4] combined 0 players 0 retained 0 seconds 0.002133352914825082
am3_window_00_frame_0 pair 172 [11, 7] combined 0 players 0 retained 0 seconds 0.000697192968800664
am3_window_00_frame_0 pair 182 [12, 2] combined 0 players 0 retained 0 seconds 0.01392505900003016
am3_window_00_frame_0 pair 187 [12, 7] combined 0 players 0 retained 0 seconds 0.0007544530089944601
am3_window_00_frame_0 pair 188 [12, 8] combined 0 players 0 retained 0 seconds 0.0010733639355748892
am3_window_00_frame_0 pair 196 [13, 1] combined 13780 players 1640 retained 256 seconds 0.9160906560719013
am3_window_00_frame_0 pair 197 [13, 2] combined 53248 players 10216 retained 256 seconds 3.5855334710795432
am3_window_00_frame_0 pair 199 [13, 4] combined 1876 players 200 retained 100 seconds 0.1526264869607985
am3_window_00_frame_0 pair 202 [13, 7] combined 0 players 0 retained 0 seconds 0.010714698117226362
am3_window_00_frame_0 pair 203 [13, 8] combined 0 players 0 retained 0 seconds 0.01042983797378838
am3_window_00_frame_0 pair 211 [14, 1] combined 5824 players 560 retained 256 seconds 0.4080477689858526
am3_window_00_frame_0 pair 212 [14, 2] combined 33792 players 5244 retained 256 seconds 2.2399130230769515
am3_window_00_frame_0 pair 214 [14, 4] combined 624 players 60 retained 30 seconds 0.0608538540545851
am3_window_00_frame_0 pair 217 [14, 7] combined 0 players 0 retained 0 seconds 0.006366763962432742
am3_window_00_frame_0 pair 218 [14, 8] combined 0 players 0 retained 0 seconds 0.0063269371166825294
am3_window_00_frame_0 pair 226 [15, 1] combined 10176 players 1402 retained 256 seconds 0.6940409140661359
am3_window_00_frame_0 pair 227 [15, 2] combined 49152 players 9560 retained 256 seconds 3.3376077860593796
am3_window_00_frame_0 pair 229 [15, 4] combined 1944 players 288 retained 144 seconds 0.15556950611062348
am3_window_00_frame_0 pair 232 [15, 7] combined 0 players 0 retained 0 seconds 0.010333261918276548
am3_window_00_frame_0 pair 233 [15, 8] combined 0 players 0 retained 0 seconds 0.010181836085394025
am3_window_00_frame_0 paint_observations generated pooled 7425 entries 256 winners 43:296 43:296 seconds 50.8
am3_window_00_frame_0 exact final-evaluation replay passed
am3_window_00_frame_0 exact selection replay passed
am3_window_00_frame_0 exact final-evaluation replay passed
am3_window_00_frame_0 exact selection replay passed
am3_window_00_frame_0 full evidence 0 of 606 seconds 8.02287831902504e-06
am3_window_00_frame_0 full evidence 512 of 606 seconds 9.22066138498485
am3_window_00_frame_0 paint_observations complete {'case_id': 'am3_window_00_frame_0', 'arm': 'paint_observations', 'status': 'generated', 'generation_s': 50.818352356087416, 'camera_first_s': 9.651037138188258, 'all_camera_s': 17.10751799494028, 'winners': {'results': ('43:296', '43:296'), 'camera_first': ('43:296', '43:296'), 'all_camera': ('43:296', '43:296')}}
