run_automatic from /scratch/ahalperi/court_det_fix/paint_geometry_20260909/automatic_axes_20260914/run_automatic.py
gxBQ_window_00_frame_5 pair 0 [0, 1] combined 111616 players 33616 retained 256 seconds 12.252362702973187
gxBQ_window_00_frame_5 pair 2 [0, 3] combined 37888 players 15846 retained 256 seconds 3.640442823059857
gxBQ_window_00_frame_5 pair 4 [0, 5] combined 2048 players 936 retained 256 seconds 0.619125704979524
gxBQ_window_00_frame_5 pair 6 [0, 7] combined 1024 players 408 retained 186 seconds 0.516335756983608
gxBQ_window_00_frame_5 pair 7 [0, 8] combined 0 players 0 retained 0 seconds 0.4220574670471251
gxBQ_window_00_frame_5 pair 9 [0, 10] combined 0 players 0 retained 0 seconds 0.4236549190245569
gxBQ_window_00_frame_5 pair 10 [0, 11] combined 17408 players 4508 retained 256 seconds 1.7575938121881336
gxBQ_window_00_frame_5 pair 15 [1, 0] combined 100352 players 19194 retained 256 seconds 8.067457024008036
gxBQ_window_00_frame_5 pair 16 [1, 2] combined 90112 players 25142 retained 256 seconds 7.521368660032749
gxBQ_window_00_frame_5 pair 17 [1, 3] combined 8712 players 354 retained 177 seconds 0.6940122367814183
gxBQ_window_00_frame_5 pair 18 [1, 4] combined 92160 players 28392 retained 256 seconds 7.678069577086717
gxBQ_window_00_frame_5 pair 19 [1, 5] combined 296 players 0 retained 0 seconds 0.06331706908531487
gxBQ_window_00_frame_5 pair 20 [1, 6] combined 16632 players 556 retained 256 seconds 1.3168210310395807
gxBQ_window_00_frame_5 pair 24 [1, 10] combined 268 players 0 retained 0 seconds 0.04439673200249672
gxBQ_window_00_frame_5 pair 25 [1, 11] combined 6696 players 98 retained 47 seconds 0.5176746109500527
gxBQ_window_00_frame_5 pair 26 [1, 12] combined 96256 players 22370 retained 256 seconds 7.891368648968637
gxBQ_window_00_frame_5 pair 27 [1, 13] combined 97280 players 26182 retained 256 seconds 8.253599290037528
gxBQ_window_00_frame_5 pair 28 [1, 14] combined 94208 players 23670 retained 256 seconds 7.96139285992831
gxBQ_window_00_frame_5 pair 29 [1, 15] combined 95232 players 26418 retained 256 seconds 8.00739263300784
gxBQ_window_00_frame_5 pair 31 [2, 1] combined 109568 players 31026 retained 256 seconds 9.147748908028007
gxBQ_window_00_frame_5 pair 32 [2, 3] combined 37888 players 12852 retained 256 seconds 3.386438905959949
gxBQ_window_00_frame_5 pair 34 [2, 5] combined 2048 players 844 retained 256 seconds 0.30789624992758036
gxBQ_window_00_frame_5 pair 36 [2, 7] combined 1024 players 416 retained 194 seconds 0.21353694587014616
gxBQ_window_00_frame_5 pair 37 [2, 8] combined 0 players 0 retained 0 seconds 0.10202156915329397
gxBQ_window_00_frame_5 pair 39 [2, 10] combined 0 players 0 retained 0 seconds 0.10093190497718751
gxBQ_window_00_frame_5 pair 40 [2, 11] combined 17408 players 3340 retained 256 seconds 1.4501128839328885
gxBQ_window_00_frame_5 pair 45 [3, 0] combined 36864 players 10502 retained 256 seconds 3.2029190328903496
gxBQ_window_00_frame_5 pair 46 [3, 1] combined 20736 players 430 retained 200 seconds 1.5436263631563634
gxBQ_window_00_frame_5 pair 47 [3, 2] combined 35840 players 8778 retained 256 seconds 3.027259261114523
gxBQ_window_00_frame_5 pair 48 [3, 4] combined 36972 players 5698 retained 256 seconds 2.8600394329987466
gxBQ_window_00_frame_5 pair 51 [3, 7] combined 432 players 54 retained 27 seconds 0.05579695478081703
gxBQ_window_00_frame_5 pair 53 [3, 9] combined 680 players 0 retained 0 seconds 0.05722224386408925
gxBQ_window_00_frame_5 pair 56 [3, 12] combined 36864 players 8330 retained 256 seconds 3.1851570270955563
gxBQ_window_00_frame_5 pair 57 [3, 13] combined 36864 players 10126 retained 256 seconds 3.3869543930049986
gxBQ_window_00_frame_5 pair 58 [3, 14] combined 36864 players 8264 retained 256 seconds 3.170109261991456
gxBQ_window_00_frame_5 pair 59 [3, 15] combined 35840 players 9398 retained 256 seconds 3.158252390101552
gxBQ_window_00_frame_5 pair 61 [4, 1] combined 118784 players 33538 retained 256 seconds 9.72083622100763
gxBQ_window_00_frame_5 pair 63 [4, 3] combined 36864 players 12070 retained 256 seconds 3.329892161069438
gxBQ_window_00_frame_5 pair 64 [4, 5] combined 2048 players 876 retained 256 seconds 0.23883928800933063
gxBQ_window_00_frame_5 pair 66 [4, 7] combined 1024 players 310 retained 150 seconds 0.14043632405810058
gxBQ_window_00_frame_5 pair 67 [4, 8] combined 0 players 0 retained 0 seconds 0.04257976310327649
gxBQ_window_00_frame_5 pair 69 [4, 10] combined 0 players 0 retained 0 seconds 0.04112081904895604
gxBQ_window_00_frame_5 pair 70 [4, 11] combined 17408 players 4788 retained 256 seconds 1.5430001819040626
gxBQ_window_00_frame_5 pair 75 [5, 0] combined 0 players 0 retained 0 seconds 0.24076315201818943
gxBQ_window_00_frame_5 pair 76 [5, 1] combined 0 players 0 retained 0 seconds 0.016952886944636703
gxBQ_window_00_frame_5 pair 77 [5, 2] combined 0 players 0 retained 0 seconds 0.057462978875264525
gxBQ_window_00_frame_5 pair 79 [5, 4] combined 0 players 0 retained 0 seconds 0.024164858041331172
gxBQ_window_00_frame_5 pair 81 [5, 7] combined 0 players 0 retained 0 seconds 0.0025674779899418354
gxBQ_window_00_frame_5 pair 82 [5, 8] combined 0 players 0 retained 0 seconds 0.0016650829929858446
gxBQ_window_00_frame_5 pair 83 [5, 9] combined 0 players 0 retained 0 seconds 0.0027378948871046305
gxBQ_window_00_frame_5 pair 86 [5, 12] combined 0 players 0 retained 0 seconds 0.24831187212839723
gxBQ_window_00_frame_5 pair 87 [5, 13] combined 0 players 0 retained 0 seconds 0.22161162900738418
gxBQ_window_00_frame_5 pair 88 [5, 14] combined 0 players 0 retained 0 seconds 0.27324637491256
gxBQ_window_00_frame_5 pair 89 [5, 15] combined 0 players 0 retained 0 seconds 0.1370739759877324
gxBQ_window_00_frame_5 pair 91 [6, 1] combined 23712 players 848 retained 256 seconds 1.8004643460735679
gxBQ_window_00_frame_5 pair 105 [7, 0] combined 1024 players 0 retained 0 seconds 0.3057654278818518
gxBQ_window_00_frame_5 pair 107 [7, 2] combined 1024 players 44 retained 20 seconds 0.14507583109661937
gxBQ_window_00_frame_5 pair 108 [7, 3] combined 176 players 4 retained 2 seconds 0.030114971101284027
gxBQ_window_00_frame_5 pair 109 [7, 4] combined 1024 players 86 retained 33 seconds 0.11375963687896729
gxBQ_window_00_frame_5 pair 110 [7, 5] combined 12 players 0 retained 0 seconds 0.004113605013117194
gxBQ_window_00_frame_5 pair 114 [7, 10] combined 0 players 0 retained 0 seconds 0.0027897399850189686
gxBQ_window_00_frame_5 pair 116 [7, 12] combined 1024 players 0 retained 0 seconds 0.3370074429549277
gxBQ_window_00_frame_5 pair 117 [7, 13] combined 1024 players 90 retained 22 seconds 0.3060516300611198
gxBQ_window_00_frame_5 pair 118 [7, 14] combined 1024 players 82 retained 24 seconds 0.3680346719920635
gxBQ_window_00_frame_5 pair 119 [7, 15] combined 1024 players 10 retained 5 seconds 0.3174854649696499
gxBQ_window_00_frame_5 pair 120 [8, 0] combined 0 players 0 retained 0 seconds 0.23348268796689808
gxBQ_window_00_frame_5 pair 122 [8, 2] combined 0 players 0 retained 0 seconds 0.055494405096396804
gxBQ_window_00_frame_5 pair 124 [8, 4] combined 0 players 0 retained 0 seconds 0.023319039959460497
gxBQ_window_00_frame_5 pair 125 [8, 5] combined 0 players 0 retained 0 seconds 0.0017643149476498365
gxBQ_window_00_frame_5 pair 129 [8, 10] combined 0 players 0 retained 0 seconds 0.0018525130581110716
gxBQ_window_00_frame_5 pair 131 [8, 12] combined 0 players 0 retained 0 seconds 0.2519188958685845
gxBQ_window_00_frame_5 pair 132 [8, 13] combined 0 players 0 retained 0 seconds 0.22029437101446092
gxBQ_window_00_frame_5 pair 133 [8, 14] combined 0 players 0 retained 0 seconds 0.2790088658221066
gxBQ_window_00_frame_5 pair 134 [8, 15] combined 0 players 0 retained 0 seconds 0.140681381104514
gxBQ_window_00_frame_5 pair 138 [9, 3] combined 1480 players 314 retained 157 seconds 0.13507669093087316
gxBQ_window_00_frame_5 pair 140 [9, 5] combined 40 players 12 retained 6 seconds 0.01934401993639767
gxBQ_window_00_frame_5 pair 144 [9, 10] combined 0 players 0 retained 0 seconds 0.004303222056478262
gxBQ_window_00_frame_5 pair 150 [10, 0] combined 1024 players 224 retained 106 seconds 0.32297786488197744
gxBQ_window_00_frame_5 pair 151 [10, 1] combined 0 players 0 retained 0 seconds 0.01643160590901971
gxBQ_window_00_frame_5 pair 152 [10, 2] combined 1024 players 238 retained 113 seconds 0.14720138697884977
gxBQ_window_00_frame_5 pair 154 [10, 4] combined 964 players 380 retained 189 seconds 0.11753732711076736
gxBQ_window_00_frame_5 pair 157 [10, 7] combined 0 players 0 retained 0 seconds 0.00281552504748106
gxBQ_window_00_frame_5 pair 158 [10, 8] combined 0 players 0 retained 0 seconds 0.001887354999780655
gxBQ_window_00_frame_5 pair 159 [10, 9] combined 0 players 0 retained 0 seconds 0.0025218490045517683
gxBQ_window_00_frame_5 pair 161 [10, 12] combined 0 players 0 retained 0 seconds 0.2497259578667581
gxBQ_window_00_frame_5 pair 162 [10, 13] combined 1024 players 194 retained 91 seconds 0.3060520840808749
gxBQ_window_00_frame_5 pair 163 [10, 14] combined 1024 players 168 retained 78 seconds 0.36333338799886405
gxBQ_window_00_frame_5 pair 164 [10, 15] combined 1024 players 276 retained 130 seconds 0.22746348101645708
gxBQ_window_00_frame_5 pair 165 [11, 0] combined 26624 players 5674 retained 256 seconds 2.3746444031130522
gxBQ_window_00_frame_5 pair 166 [11, 1] combined 13984 players 226 retained 103 seconds 1.049931091023609
gxBQ_window_00_frame_5 pair 167 [11, 2] combined 27648 players 4592 retained 256 seconds 2.1610379051417112
gxBQ_window_00_frame_5 pair 169 [11, 4] combined 24648 players 4110 retained 256 seconds 2.093578099971637
gxBQ_window_00_frame_5 pair 176 [11, 12] combined 26624 players 5052 retained 256 seconds 2.3045399109832942
gxBQ_window_00_frame_5 pair 177 [11, 13] combined 26624 players 6260 retained 256 seconds 2.3755560040008277
gxBQ_window_00_frame_5 pair 178 [11, 14] combined 26624 players 5082 retained 256 seconds 2.3177976859733462
gxBQ_window_00_frame_5 pair 179 [11, 15] combined 26624 players 4660 retained 256 seconds 2.2868995869066566
gxBQ_window_00_frame_5 pair 181 [12, 1] combined 109568 players 38422 retained 256 seconds 9.863612218992785
gxBQ_window_00_frame_5 pair 183 [12, 3] combined 37888 players 15920 retained 256 seconds 3.739846906159073
gxBQ_window_00_frame_5 pair 185 [12, 5] combined 2048 players 952 retained 256 seconds 0.6585752659011632
gxBQ_window_00_frame_5 pair 187 [12, 7] combined 1024 players 434 retained 198 seconds 0.5589656771626323
gxBQ_window_00_frame_5 pair 188 [12, 8] combined 0 players 0 retained 0 seconds 0.45255017396993935
gxBQ_window_00_frame_5 pair 190 [12, 10] combined 0 players 0 retained 0 seconds 0.4560812460258603
gxBQ_window_00_frame_5 pair 191 [12, 11] combined 17408 players 4462 retained 256 seconds 1.7964962681289762
gxBQ_window_00_frame_5 pair 196 [13, 1] combined 114688 players 37990 retained 256 seconds 9.894876288017258
gxBQ_window_00_frame_5 pair 198 [13, 3] combined 37888 players 14828 retained 256 seconds 3.7367145819589496
gxBQ_window_00_frame_5 pair 200 [13, 5] combined 2048 players 950 retained 256 seconds 0.6047797619830817
gxBQ_window_00_frame_5 pair 202 [13, 7] combined 1024 players 414 retained 196 seconds 0.504074702039361
gxBQ_window_00_frame_5 pair 203 [13, 8] combined 0 players 0 retained 0 seconds 0.4085986861027777
gxBQ_window_00_frame_5 pair 205 [13, 10] combined 0 players 0 retained 0 seconds 0.4090173749718815
gxBQ_window_00_frame_5 pair 206 [13, 11] combined 17408 players 3810 retained 256 seconds 1.7360207049641758
gxBQ_window_00_frame_5 pair 211 [14, 1] combined 115712 players 40878 retained 256 seconds 10.218427991028875
gxBQ_window_00_frame_5 pair 213 [14, 3] combined 37888 players 15606 retained 256 seconds 3.889419808983803
gxBQ_window_00_frame_5 pair 215 [14, 5] combined 2048 players 962 retained 256 seconds 0.6996803279034793
gxBQ_window_00_frame_5 pair 217 [14, 7] combined 1024 players 444 retained 201 seconds 0.6170779708772898
gxBQ_window_00_frame_5 pair 218 [14, 8] combined 0 players 0 retained 0 seconds 0.5098464421462268
gxBQ_window_00_frame_5 pair 220 [14, 10] combined 0 players 0 retained 0 seconds 0.5072727410588413
gxBQ_window_00_frame_5 pair 221 [14, 11] combined 17408 players 3994 retained 256 seconds 1.8273850081022829
gxBQ_window_00_frame_5 pair 226 [15, 1] combined 109568 players 33248 retained 256 seconds 9.353395292069763
gxBQ_window_00_frame_5 pair 228 [15, 3] combined 37888 players 13658 retained 256 seconds 3.5920690870843828
gxBQ_window_00_frame_5 pair 230 [15, 5] combined 2048 players 872 retained 256 seconds 0.4536635640542954
gxBQ_window_00_frame_5 pair 232 [15, 7] combined 1024 players 352 retained 168 seconds 0.3491642358712852
gxBQ_window_00_frame_5 pair 233 [15, 8] combined 0 players 0 retained 0 seconds 0.25328025594353676
gxBQ_window_00_frame_5 pair 235 [15, 10] combined 0 players 0 retained 0 seconds 0.2507095199543983
gxBQ_window_00_frame_5 pair 236 [15, 11] combined 17408 players 3626 retained 256 seconds 1.5713322358205914
gxBQ_window_00_frame_5 paint_observations generated pooled 15879 entries 256 winners 31:1338 31:1338 seconds 235.2
gxBQ_window_00_frame_5 exact final-evaluation replay passed
gxBQ_window_00_frame_5 exact selection replay passed
gxBQ_window_00_frame_5 exact final-evaluation replay passed
gxBQ_window_00_frame_5 exact selection replay passed
gxBQ_window_00_frame_5 full evidence 0 of 1526 seconds 1.0641058906912804e-05
gxBQ_window_00_frame_5 full evidence 512 of 1526 seconds 15.79280195501633
gxBQ_window_00_frame_5 full evidence 1024 of 1526 seconds 31.973550158087164
gxBQ_window_00_frame_5 paint_observations complete {'case_id': 'gxBQ_window_00_frame_5', 'arm': 'paint_observations', 'status': 'generated', 'generation_s': 235.17934886878356, 'camera_first_s': 17.544022670947015, 'all_camera_s': 56.25462120398879, 'winners': {'results': ('31:1338', '31:1338'), 'camera_first': ('181:31655', '181:5333'), 'all_camera': ('181:31655', '181:5333')}}
