run_automatic from /scratch/ahalperi/court_det_fix/paint_geometry_20260909/automatic_axes_20260914/run_automatic.py
gxBQ_window_00_frame_0 pair 0 [0, 1] combined 214016 players 69940 retained 256 seconds 20.898449762025848
gxBQ_window_00_frame_0 pair 2 [0, 3] combined 10240 players 3992 retained 256 seconds 1.2765323899220675
gxBQ_window_00_frame_0 pair 3 [0, 4] combined 0 players 0 retained 0 seconds 0.4046654349658638
gxBQ_window_00_frame_0 pair 5 [0, 6] combined 16384 players 6330 retained 256 seconds 1.735365454107523
gxBQ_window_00_frame_0 pair 7 [0, 8] combined 35840 players 12788 retained 256 seconds 3.3302419800311327
gxBQ_window_00_frame_0 pair 8 [0, 9] combined 156672 players 30272 retained 256 seconds 12.711142326937988
gxBQ_window_00_frame_0 pair 9 [0, 10] combined 10240 players 0 retained 0 seconds 1.129763080039993
gxBQ_window_00_frame_0 pair 11 [0, 12] combined 0 players 0 retained 0 seconds 0.3988364990800619
gxBQ_window_00_frame_0 pair 15 [1, 0] combined 242688 players 51562 retained 256 seconds 18.99593669292517
gxBQ_window_00_frame_0 pair 16 [1, 2] combined 244224 players 68196 retained 256 seconds 19.63159149303101
gxBQ_window_00_frame_0 pair 17 [1, 3] combined 5536 players 132 retained 66 seconds 0.4766444228589535
gxBQ_window_00_frame_0 pair 18 [1, 4] combined 3420 players 0 retained 0 seconds 0.277053858153522
gxBQ_window_00_frame_0 pair 19 [1, 5] combined 237568 players 26520 retained 256 seconds 17.954593715956435
gxBQ_window_00_frame_0 pair 21 [1, 7] combined 167628 players 11658 retained 256 seconds 12.856852502096444
gxBQ_window_00_frame_0 pair 22 [1, 8] combined 28768 players 534 retained 256 seconds 2.101431011920795
gxBQ_window_00_frame_0 pair 25 [1, 11] combined 39960 players 782 retained 256 seconds 2.9485777891241014
gxBQ_window_00_frame_0 pair 27 [1, 13] combined 239616 players 68652 retained 256 seconds 19.70999390212819
gxBQ_window_00_frame_0 pair 28 [1, 14] combined 244736 players 50858 retained 256 seconds 19.373665766092017
gxBQ_window_00_frame_0 pair 29 [1, 15] combined 243712 players 35052 retained 256 seconds 18.780744886025786
gxBQ_window_00_frame_0 pair 31 [2, 1] combined 203776 players 50346 retained 256 seconds 16.320901707047597
gxBQ_window_00_frame_0 pair 32 [2, 3] combined 11264 players 3572 retained 256 seconds 0.9914695168845356
gxBQ_window_00_frame_0 pair 33 [2, 4] combined 0 players 0 retained 0 seconds 0.0640714280307293
gxBQ_window_00_frame_0 pair 35 [2, 6] combined 16384 players 5698 retained 256 seconds 1.3578283919487149
gxBQ_window_00_frame_0 pair 37 [2, 8] combined 37888 players 14300 retained 256 seconds 3.1853831289336085
gxBQ_window_00_frame_0 pair 38 [2, 9] combined 163840 players 28186 retained 256 seconds 12.696187476161867
gxBQ_window_00_frame_0 pair 39 [2, 10] combined 1024 players 0 retained 0 seconds 0.1432600358966738
gxBQ_window_00_frame_0 pair 41 [2, 12] combined 0 players 0 retained 0 seconds 0.0598092011641711
gxBQ_window_00_frame_0 pair 45 [3, 0] combined 8192 players 2626 retained 256 seconds 0.8838275440502912
gxBQ_window_00_frame_0 pair 46 [3, 1] combined 6144 players 40 retained 20 seconds 0.4692975028883666
gxBQ_window_00_frame_0 pair 47 [3, 2] combined 9216 players 1488 retained 256 seconds 0.7418980260845274
gxBQ_window_00_frame_0 pair 49 [3, 5] combined 9216 players 1922 retained 256 seconds 0.8359069970902056
gxBQ_window_00_frame_0 pair 50 [3, 6] combined 144 players 0 retained 0 seconds 0.017283549066632986
gxBQ_window_00_frame_0 pair 51 [3, 7] combined 9216 players 2196 retained 256 seconds 0.7539267581887543
gxBQ_window_00_frame_0 pair 53 [3, 9] combined 7168 players 32 retained 16 seconds 0.5440369329880923
gxBQ_window_00_frame_0 pair 54 [3, 10] combined 36 players 0 retained 0 seconds 0.0076507870107889175
gxBQ_window_00_frame_0 pair 57 [3, 13] combined 8192 players 2384 retained 256 seconds 1.0026538909878582
gxBQ_window_00_frame_0 pair 58 [3, 14] combined 9216 players 3240 retained 256 seconds 0.9444641468580812
gxBQ_window_00_frame_0 pair 59 [3, 15] combined 8192 players 2368 retained 256 seconds 0.8095459511969239
gxBQ_window_00_frame_0 pair 60 [4, 0] combined 0 players 0 retained 0 seconds 0.21765595604665577
gxBQ_window_00_frame_0 pair 61 [4, 1] combined 0 players 0 retained 0 seconds 0.021274741040542722
gxBQ_window_00_frame_0 pair 62 [4, 2] combined 0 players 0 retained 0 seconds 0.03335549985058606
gxBQ_window_00_frame_0 pair 64 [4, 5] combined 0 players 0 retained 0 seconds 0.1918859479483217
gxBQ_window_00_frame_0 pair 65 [4, 6] combined 0 players 0 retained 0 seconds 0.005109746009111404
gxBQ_window_00_frame_0 pair 68 [4, 9] combined 0 players 0 retained 0 seconds 0.018483924213796854
gxBQ_window_00_frame_0 pair 72 [4, 13] combined 0 players 0 retained 0 seconds 0.257329226937145
gxBQ_window_00_frame_0 pair 73 [4, 14] combined 0 players 0 retained 0 seconds 0.1900967590045184
gxBQ_window_00_frame_0 pair 74 [4, 15] combined 0 players 0 retained 0 seconds 0.15741734695620835
gxBQ_window_00_frame_0 pair 76 [5, 1] combined 215040 players 87020 retained 256 seconds 18.1946817971766
gxBQ_window_00_frame_0 pair 78 [5, 3] combined 10240 players 3760 retained 256 seconds 1.0825365190394223
gxBQ_window_00_frame_0 pair 79 [5, 4] combined 0 players 0 retained 0 seconds 0.2166300299577415
gxBQ_window_00_frame_0 pair 80 [5, 6] combined 14336 players 6164 retained 256 seconds 1.4601082759909332
gxBQ_window_00_frame_0 pair 82 [5, 8] combined 35840 players 12464 retained 256 seconds 3.1400790179613978
gxBQ_window_00_frame_0 pair 83 [5, 9] combined 158720 players 62992 retained 256 seconds 13.69968685391359
gxBQ_window_00_frame_0 pair 84 [5, 10] combined 3072 players 0 retained 0 seconds 0.469644428929314
gxBQ_window_00_frame_0 pair 86 [5, 12] combined 0 players 0 retained 0 seconds 0.21396977500990033
gxBQ_window_00_frame_0 pair 90 [6, 0] combined 10240 players 3004 retained 256 seconds 1.0243882038630545
gxBQ_window_00_frame_0 pair 92 [6, 2] combined 10240 players 3066 retained 256 seconds 0.8521816590800881
gxBQ_window_00_frame_0 pair 93 [6, 3] combined 44 players 0 retained 0 seconds 0.01197481993585825
gxBQ_window_00_frame_0 pair 94 [6, 4] combined 72 players 0 retained 0 seconds 0.009980801958590746
gxBQ_window_00_frame_0 pair 95 [6, 5] combined 10240 players 2482 retained 256 seconds 0.9186053639277816
gxBQ_window_00_frame_0 pair 96 [6, 7] combined 7520 players 1382 retained 256 seconds 0.62133201607503
gxBQ_window_00_frame_0 pair 97 [6, 8] combined 3040 players 0 retained 0 seconds 0.22320925304666162
gxBQ_window_00_frame_0 pair 100 [6, 11] combined 380 players 0 retained 0 seconds 0.032843854976817966
gxBQ_window_00_frame_0 pair 101 [6, 12] combined 0 players 0 retained 0 seconds 0.0059618300292640924
gxBQ_window_00_frame_0 pair 102 [6, 13] combined 10240 players 3086 retained 256 seconds 1.0739644931163639
gxBQ_window_00_frame_0 pair 103 [6, 14] combined 10240 players 3110 retained 256 seconds 1.0166490508709103
gxBQ_window_00_frame_0 pair 104 [6, 15] combined 9216 players 2564 retained 256 seconds 0.8940128488466144
gxBQ_window_00_frame_0 pair 106 [7, 1] combined 145152 players 61030 retained 256 seconds 12.555549775948748
gxBQ_window_00_frame_0 pair 108 [7, 3] combined 6080 players 1204 retained 256 seconds 0.567357838852331
gxBQ_window_00_frame_0 pair 111 [7, 6] combined 11872 players 5408 retained 256 seconds 1.0281899869441986
gxBQ_window_00_frame_0 pair 112 [7, 8] combined 18620 players 4158 retained 256 seconds 1.6222284859977663
gxBQ_window_00_frame_0 pair 113 [7, 9] combined 108192 players 46382 retained 256 seconds 9.622967378003523
gxBQ_window_00_frame_0 pair 115 [7, 11] combined 32768 players 826 retained 256 seconds 2.4284657910466194
gxBQ_window_00_frame_0 pair 120 [8, 0] combined 36864 players 13012 retained 256 seconds 3.177088474854827
gxBQ_window_00_frame_0 pair 121 [8, 1] combined 20480 players 348 retained 174 seconds 1.4958488559350371
gxBQ_window_00_frame_0 pair 122 [8, 2] combined 38912 players 8458 retained 256 seconds 3.204106983030215
gxBQ_window_00_frame_0 pair 125 [8, 5] combined 36864 players 7908 retained 256 seconds 3.1822791749145836
gxBQ_window_00_frame_0 pair 126 [8, 6] combined 2204 players 0 retained 0 seconds 0.17657206091098487
gxBQ_window_00_frame_0 pair 127 [8, 7] combined 38912 players 9522 retained 256 seconds 3.0161858468782157
gxBQ_window_00_frame_0 pair 128 [8, 9] combined 21504 players 112 retained 52 seconds 1.562024453887716
gxBQ_window_00_frame_0 pair 129 [8, 10] combined 208 players 0 retained 0 seconds 0.02532164892181754
gxBQ_window_00_frame_0 pair 132 [8, 13] combined 36864 players 12202 retained 256 seconds 3.255519591970369
gxBQ_window_00_frame_0 pair 133 [8, 14] combined 37888 players 11928 retained 256 seconds 3.333672447130084
gxBQ_window_00_frame_0 pair 134 [8, 15] combined 36864 players 11260 retained 256 seconds 3.2913634381256998
gxBQ_window_00_frame_0 pair 135 [9, 0] combined 211968 players 36754 retained 256 seconds 16.885201059980318
gxBQ_window_00_frame_0 pair 137 [9, 2] combined 216064 players 69238 retained 256 seconds 17.621049467939883
gxBQ_window_00_frame_0 pair 138 [9, 3] combined 4352 players 80 retained 40 seconds 0.4051466789096594
gxBQ_window_00_frame_0 pair 139 [9, 4] combined 3504 players 0 retained 0 seconds 0.2774686310440302
gxBQ_window_00_frame_0 pair 140 [9, 5] combined 211968 players 24334 retained 256 seconds 16.140803523128852
gxBQ_window_00_frame_0 pair 142 [9, 7] combined 152508 players 11532 retained 256 seconds 11.481815963052213
gxBQ_window_00_frame_0 pair 143 [9, 8] combined 41800 players 402 retained 200 seconds 3.0236470529343933
gxBQ_window_00_frame_0 pair 145 [9, 11] combined 34040 players 464 retained 218 seconds 2.4890358368866146
gxBQ_window_00_frame_0 pair 147 [9, 13] combined 215040 players 61934 retained 256 seconds 17.922813791083172
gxBQ_window_00_frame_0 pair 148 [9, 14] combined 215040 players 37486 retained 256 seconds 16.793786427006125
gxBQ_window_00_frame_0 pair 149 [9, 15] combined 220160 players 36390 retained 256 seconds 17.11957389093004
gxBQ_window_00_frame_0 pair 150 [10, 0] combined 6144 players 0 retained 0 seconds 0.6839366490021348
gxBQ_window_00_frame_0 pair 152 [10, 2] combined 0 players 0 retained 0 seconds 0.03148608794435859
gxBQ_window_00_frame_0 pair 153 [10, 3] combined 0 players 0 retained 0 seconds 0.004214575048536062
gxBQ_window_00_frame_0 pair 155 [10, 5] combined 0 players 0 retained 0 seconds 0.1204590278211981
gxBQ_window_00_frame_0 pair 158 [10, 8] combined 0 players 0 retained 0 seconds 0.007966522825881839
gxBQ_window_00_frame_0 pair 160 [10, 11] combined 0 players 0 retained 0 seconds 0.0040075830183923244
gxBQ_window_00_frame_0 pair 162 [10, 13] combined 6144 players 0 retained 0 seconds 0.6920752481091768
gxBQ_window_00_frame_0 pair 163 [10, 14] combined 4096 players 0 retained 0 seconds 0.4799745341297239
gxBQ_window_00_frame_0 pair 164 [10, 15] combined 4096 players 0 retained 0 seconds 0.4466456389054656
gxBQ_window_00_frame_0 pair 166 [11, 1] combined 56320 players 52 retained 21 seconds 4.075720350956544
gxBQ_window_00_frame_0 pair 171 [11, 6] combined 1188 players 0 retained 0 seconds 0.08844783110544086
gxBQ_window_00_frame_0 pair 172 [11, 7] combined 29696 players 810 retained 256 seconds 2.1779736501630396
gxBQ_window_00_frame_0 pair 174 [11, 9] combined 55932 players 24 retained 12 seconds 4.080603949027136
gxBQ_window_00_frame_0 pair 175 [11, 10] combined 84 players 0 retained 0 seconds 0.010300977854058146
gxBQ_window_00_frame_0 pair 180 [12, 0] combined 0 players 0 retained 0 seconds 0.21360279200598598
gxBQ_window_00_frame_0 pair 182 [12, 2] combined 0 players 0 retained 0 seconds 0.031536034075543284
gxBQ_window_00_frame_0 pair 185 [12, 5] combined 0 players 0 retained 0 seconds 0.11923164804466069
gxBQ_window_00_frame_0 pair 186 [12, 6] combined 0 players 0 retained 0 seconds 0.003629974089562893
gxBQ_window_00_frame_0 pair 192 [12, 13] combined 0 players 0 retained 0 seconds 0.2582526260521263
gxBQ_window_00_frame_0 pair 193 [12, 14] combined 0 players 0 retained 0 seconds 0.19151173206046224
gxBQ_window_00_frame_0 pair 194 [12, 15] combined 0 players 0 retained 0 seconds 0.16014736983925104
gxBQ_window_00_frame_0 pair 196 [13, 1] combined 205824 players 70456 retained 256 seconds 17.387645134003833
gxBQ_window_00_frame_0 pair 198 [13, 3] combined 10240 players 4162 retained 256 seconds 1.3499700578395277
gxBQ_window_00_frame_0 pair 199 [13, 4] combined 0 players 0 retained 0 seconds 0.47830909094773233
gxBQ_window_00_frame_0 pair 201 [13, 6] combined 16384 players 6868 retained 256 seconds 1.7979001230560243
gxBQ_window_00_frame_0 pair 203 [13, 8] combined 35840 players 13250 retained 256 seconds 3.4983913470059633
gxBQ_window_00_frame_0 pair 204 [13, 9] combined 163840 players 40374 retained 256 seconds 111.79139954503626
gxBQ_window_00_frame_0 pair 205 [13, 10] combined 8192 players 0 retained 0 seconds 1.0427736979909241
gxBQ_window_00_frame_0 pair 207 [13, 12] combined 0 players 0 retained 0 seconds 0.46589139802381396
gxBQ_window_00_frame_0 pair 211 [14, 1] combined 211968 players 63462 retained 256 seconds 16.59395954408683
gxBQ_window_00_frame_0 pair 213 [14, 3] combined 10240 players 4296 retained 256 seconds 1.1709390128962696
gxBQ_window_00_frame_0 pair 214 [14, 4] combined 0 players 0 retained 0 seconds 0.3418730809353292
gxBQ_window_00_frame_0 pair 216 [14, 6] combined 16384 players 5408 retained 256 seconds 1.5782770258374512
gxBQ_window_00_frame_0 pair 218 [14, 8] combined 35840 players 12542 retained 256 seconds 3.0633118969853967
gxBQ_window_00_frame_0 pair 219 [14, 9] combined 157696 players 33740 retained 256 seconds 12.164080083137378
gxBQ_window_00_frame_0 pair 220 [14, 10] combined 10240 players 0 retained 0 seconds 1.0455974489450455
gxBQ_window_00_frame_0 pair 222 [14, 12] combined 0 players 0 retained 0 seconds 0.3364130430854857
gxBQ_window_00_frame_0 pair 226 [15, 1] combined 208896 players 83916 retained 256 seconds 17.305662457132712
gxBQ_window_00_frame_0 pair 228 [15, 3] combined 10240 players 3798 retained 256 seconds 1.1157648521475494
gxBQ_window_00_frame_0 pair 229 [15, 4] combined 0 players 0 retained 0 seconds 0.2858724589459598
gxBQ_window_00_frame_0 pair 231 [15, 6] combined 14336 players 6282 retained 256 seconds 1.419431789079681
gxBQ_window_00_frame_0 pair 233 [15, 8] combined 35840 players 12136 retained 256 seconds 2.999756204895675
gxBQ_window_00_frame_0 pair 234 [15, 9] combined 163840 players 63666 retained 256 seconds 13.814425318036228
gxBQ_window_00_frame_0 pair 235 [15, 10] combined 14336 players 0 retained 0 seconds 1.3001714330166578
gxBQ_window_00_frame_0 pair 237 [15, 12] combined 0 players 0 retained 0 seconds 0.2835921919904649
gxBQ_window_00_frame_0 paint_observations generated pooled 19763 entries 256 winners 143:158 143:158 seconds 673.7
gxBQ_window_00_frame_0 exact final-evaluation replay passed
gxBQ_window_00_frame_0 exact selection replay passed
gxBQ_window_00_frame_0 exact final-evaluation replay passed
gxBQ_window_00_frame_0 exact selection replay passed
gxBQ_window_00_frame_0 full evidence 0 of 1765 seconds 7.534865289926529e-06
gxBQ_window_00_frame_0 full evidence 512 of 1765 seconds 13.890379043994471
gxBQ_window_00_frame_0 full evidence 1024 of 1765 seconds 27.157706203870475
gxBQ_window_00_frame_0 full evidence 1536 of 1765 seconds 41.96990592288785
gxBQ_window_00_frame_0 paint_observations complete {'case_id': 'gxBQ_window_00_frame_0', 'arm': 'paint_observations', 'status': 'generated', 'generation_s': 673.7071478830185, 'camera_first_s': 16.331301962025464, 'all_camera_s': 55.17248710989952, 'winners': {'results': ('143:158', '143:158'), 'camera_first': ('22:188', '143:168'), 'all_camera': ('22:188', '143:168')}}
