run_automatic from /scratch/ahalperi/court_det_fix/paint_geometry_20260909/automatic_axes_20260914/run_automatic.py
am2_window_00_frame_150 pair 0 [0, 1] combined 2048 players 0 retained 0 seconds 0.5394067878369242
am2_window_00_frame_150 pair 1 [0, 2] combined 262144 players 9918 retained 256 seconds 32.266527738189325
am2_window_00_frame_150 pair 4 [0, 5] combined 0 players 0 retained 0 seconds 0.0680691129527986
am2_window_00_frame_150 pair 6 [0, 7] combined 50176 players 628 retained 256 seconds 5.898845925927162
am2_window_00_frame_150 pair 7 [0, 8] combined 0 players 0 retained 0 seconds 0.06378515996038914
am2_window_00_frame_150 pair 8 [0, 9] combined 0 players 0 retained 0 seconds 0.06240399507805705
am2_window_00_frame_150 pair 12 [0, 13] combined 14336 players 212 retained 106 seconds 1.732937840046361
am2_window_00_frame_150 pair 13 [0, 14] combined 64512 players 400 retained 200 seconds 7.5506747958716005
am2_window_00_frame_150 pair 15 [1, 0] combined 10240 players 616 retained 256 seconds 1.2472660678904504
am2_window_00_frame_150 pair 16 [1, 2] combined 4096 players 1268 retained 256 seconds 0.5545866889879107
am2_window_00_frame_150 pair 17 [1, 3] combined 3072 players 510 retained 255 seconds 0.41859751706942916
am2_window_00_frame_150 pair 18 [1, 4] combined 6144 players 1620 retained 256 seconds 0.7969835081603378
am2_window_00_frame_150 pair 19 [1, 5] combined 0 players 0 retained 0 seconds 0.007512050215154886
am2_window_00_frame_150 pair 20 [1, 6] combined 160 players 16 retained 8 seconds 0.035024920012801886
am2_window_00_frame_150 pair 21 [1, 7] combined 304 players 144 retained 72 seconds 0.05933301104232669
am2_window_00_frame_150 pair 24 [1, 10] combined 72 players 26 retained 13 seconds 0.025852153077721596
am2_window_00_frame_150 pair 26 [1, 12] combined 3708 players 140 retained 57 seconds 0.4563695630058646
am2_window_00_frame_150 pair 27 [1, 13] combined 880 players 22 retained 11 seconds 0.11359473504126072
am2_window_00_frame_150 pair 28 [1, 14] combined 3276 players 178 retained 89 seconds 0.3959290368948132
am2_window_00_frame_150 pair 30 [2, 0] combined 262144 players 15024 retained 256 seconds 31.878312262007967
am2_window_00_frame_150 pair 31 [2, 1] combined 4096 players 998 retained 256 seconds 0.5716165581252426
am2_window_00_frame_150 pair 32 [2, 3] combined 262144 players 4551 retained 256 seconds 30.31645720405504
am2_window_00_frame_150 pair 33 [2, 4] combined 262144 players 2788 retained 256 seconds 30.667372022988275
am2_window_00_frame_150 pair 35 [2, 6] combined 0 players 0 retained 0 seconds 0.06038723699748516
am2_window_00_frame_150 pair 37 [2, 8] combined 0 players 0 retained 0 seconds 0.056173281045630574
am2_window_00_frame_150 pair 38 [2, 9] combined 0 players 0 retained 0 seconds 0.055954206036403775
am2_window_00_frame_150 pair 39 [2, 10] combined 2048 players 244 retained 120 seconds 0.31132018798962235
am2_window_00_frame_150 pair 41 [2, 12] combined 203776 players 1234 retained 256 seconds 23.540079104015604
am2_window_00_frame_150 pair 44 [2, 15] combined 0 players 0 retained 0 seconds 0.05642023705877364
am2_window_00_frame_150 pair 46 [3, 1] combined 1024 players 124 retained 62 seconds 0.18155814101919532
am2_window_00_frame_150 pair 47 [3, 2] combined 262144 players 17076 retained 256 seconds 31.178129570093006
am2_window_00_frame_150 pair 49 [3, 5] combined 0 players 0 retained 0 seconds 0.04543232801370323
am2_window_00_frame_150 pair 51 [3, 7] combined 57344 players 408 retained 204 seconds 6.752189154969528
am2_window_00_frame_150 pair 52 [3, 8] combined 0 players 0 retained 0 seconds 0.05026887101121247
am2_window_00_frame_150 pair 53 [3, 9] combined 0 players 0 retained 0 seconds 0.05013708909973502
am2_window_00_frame_150 pair 57 [3, 13] combined 17408 players 236 retained 118 seconds 2.003215576056391
am2_window_00_frame_150 pair 58 [3, 14] combined 10240 players 126 retained 68 seconds 1.258471872890368
am2_window_00_frame_150 pair 61 [4, 1] combined 980 players 34 retained 17 seconds 0.1446898621506989
am2_window_00_frame_150 pair 62 [4, 2] combined 262144 players 3580 retained 256 seconds 30.69296167208813
am2_window_00_frame_150 pair 64 [4, 5] combined 0 players 0 retained 0 seconds 0.023751476081088185
am2_window_00_frame_150 pair 66 [4, 7] combined 48128 players 3208 retained 256 seconds 5.803984596859664
am2_window_00_frame_150 pair 67 [4, 8] combined 0 players 0 retained 0 seconds 0.022856255993247032
am2_window_00_frame_150 pair 68 [4, 9] combined 0 players 0 retained 0 seconds 0.019430958898738027
am2_window_00_frame_150 pair 72 [4, 13] combined 5356 players 408 retained 153 seconds 0.6463887540157884
am2_window_00_frame_150 pair 73 [4, 14] combined 69632 players 464 retained 234 seconds 8.104776475811377
am2_window_00_frame_150 pair 75 [5, 0] combined 0 players 0 retained 0 seconds 0.036132117034867406
am2_window_00_frame_150 pair 76 [5, 1] combined 40 players 12 retained 6 seconds 0.01826207200065255
am2_window_00_frame_150 pair 78 [5, 3] combined 0 players 0 retained 0 seconds 0.022405397845432162
am2_window_00_frame_150 pair 79 [5, 4] combined 0 players 0 retained 0 seconds 0.013813366880640388
am2_window_00_frame_150 pair 80 [5, 6] combined 0 players 0 retained 0 seconds 0.003068209160119295
am2_window_00_frame_150 pair 82 [5, 8] combined 0 players 0 retained 0 seconds 0.0023822460789233446
am2_window_00_frame_150 pair 83 [5, 9] combined 0 players 0 retained 0 seconds 0.002347148023545742
am2_window_00_frame_150 pair 84 [5, 10] combined 0 players 0 retained 0 seconds 0.0027880300767719746
am2_window_00_frame_150 pair 86 [5, 12] combined 0 players 0 retained 0 seconds 0.007952922023832798
am2_window_00_frame_150 pair 89 [5, 15] combined 0 players 0 retained 0 seconds 0.002142858924344182
am2_window_00_frame_150 pair 91 [6, 1] combined 48 players 24 retained 12 seconds 0.019437457900494337
am2_window_00_frame_150 pair 92 [6, 2] combined 0 players 0 retained 0 seconds 0.03136805281974375
am2_window_00_frame_150 pair 95 [6, 5] combined 0 players 0 retained 0 seconds 0.0030070010107010603
am2_window_00_frame_150 pair 96 [6, 7] combined 352 players 0 retained 0 seconds 0.043250038055703044
am2_window_00_frame_150 pair 97 [6, 8] combined 0 players 0 retained 0 seconds 0.003021667944267392
am2_window_00_frame_150 pair 98 [6, 9] combined 0 players 0 retained 0 seconds 0.0024611069820821285
am2_window_00_frame_150 pair 102 [6, 13] combined 0 players 0 retained 0 seconds 0.003259408986195922
am2_window_00_frame_150 pair 103 [6, 14] combined 928 players 96 retained 48 seconds 0.12196613498963416
am2_window_00_frame_150 pair 105 [7, 0] combined 35840 players 86 retained 40 seconds 4.223920995136723
am2_window_00_frame_150 pair 106 [7, 1] combined 300 players 60 retained 30 seconds 0.06773403193801641
am2_window_00_frame_150 pair 108 [7, 3] combined 90112 players 120 retained 60 seconds 10.686792604159564
am2_window_00_frame_150 pair 109 [7, 4] combined 66792 players 6588 retained 256 seconds 9.074867547955364
am2_window_00_frame_150 pair 111 [7, 6] combined 0 players 0 retained 0 seconds 0.013294682838022709
am2_window_00_frame_150 pair 112 [7, 8] combined 0 players 0 retained 0 seconds 0.008928416995331645
am2_window_00_frame_150 pair 114 [7, 10] combined 960 players 0 retained 0 seconds 0.1166956250090152
am2_window_00_frame_150 pair 116 [7, 12] combined 55752 players 4240 retained 256 seconds 6.727064345031977
am2_window_00_frame_150 pair 119 [7, 15] combined 0 players 0 retained 0 seconds 0.01080165896564722
am2_window_00_frame_150 pair 120 [8, 0] combined 0 players 0 retained 0 seconds 0.03351404285058379
am2_window_00_frame_150 pair 122 [8, 2] combined 0 players 0 retained 0 seconds 0.030198475113138556
am2_window_00_frame_150 pair 123 [8, 3] combined 0 players 0 retained 0 seconds 0.026636454043909907
am2_window_00_frame_150 pair 124 [8, 4] combined 0 players 0 retained 0 seconds 0.011256691068410873
am2_window_00_frame_150 pair 125 [8, 5] combined 0 players 0 retained 0 seconds 0.0018982840701937675
am2_window_00_frame_150 pair 126 [8, 6] combined 0 players 0 retained 0 seconds 0.0017998889088630676
am2_window_00_frame_150 pair 127 [8, 7] combined 0 players 0 retained 0 seconds 0.004869766067713499
am2_window_00_frame_150 pair 129 [8, 10] combined 0 players 0 retained 0 seconds 0.0017915589269250631
am2_window_00_frame_150 pair 131 [8, 12] combined 0 players 0 retained 0 seconds 0.006124448962509632
am2_window_00_frame_150 pair 132 [8, 13] combined 0 players 0 retained 0 seconds 0.002269086893647909
am2_window_00_frame_150 pair 133 [8, 14] combined 0 players 0 retained 0 seconds 0.0031081719789654016
am2_window_00_frame_150 pair 135 [9, 0] combined 0 players 0 retained 0 seconds 0.03396281902678311
am2_window_00_frame_150 pair 137 [9, 2] combined 0 players 0 retained 0 seconds 0.030255935853347182
am2_window_00_frame_150 pair 138 [9, 3] combined 0 players 0 retained 0 seconds 0.026833114912733436
am2_window_00_frame_150 pair 139 [9, 4] combined 0 players 0 retained 0 seconds 0.011453642044216394
am2_window_00_frame_150 pair 140 [9, 5] combined 0 players 0 retained 0 seconds 0.001935511827468872
am2_window_00_frame_150 pair 141 [9, 6] combined 0 players 0 retained 0 seconds 0.001790457172319293
am2_window_00_frame_150 pair 144 [9, 10] combined 0 players 0 retained 0 seconds 0.001788260182365775
am2_window_00_frame_150 pair 146 [9, 12] combined 0 players 0 retained 0 seconds 0.00651282980106771
am2_window_00_frame_150 pair 147 [9, 13] combined 0 players 0 retained 0 seconds 0.002307866932824254
am2_window_00_frame_150 pair 151 [10, 1] combined 20 players 0 retained 0 seconds 0.0061578231398016214
am2_window_00_frame_150 pair 152 [10, 2] combined 5120 players 728 retained 256 seconds 0.6480035840068012
am2_window_00_frame_150 pair 155 [10, 5] combined 0 players 0 retained 0 seconds 0.00405628583393991
am2_window_00_frame_150 pair 157 [10, 7] combined 592 players 0 retained 0 seconds 0.07132803392596543
am2_window_00_frame_150 pair 158 [10, 8] combined 0 players 0 retained 0 seconds 0.0030966519843786955
am2_window_00_frame_150 pair 159 [10, 9] combined 0 players 0 retained 0 seconds 0.002534358063712716
am2_window_00_frame_150 pair 162 [10, 13] combined 0 players 0 retained 0 seconds 0.002925712149590254
am2_window_00_frame_150 pair 163 [10, 14] combined 0 players 0 retained 0 seconds 0.004122094018384814
am2_window_00_frame_150 pair 181 [12, 1] combined 1212 players 74 retained 32 seconds 0.16080512409098446
am2_window_00_frame_150 pair 182 [12, 2] combined 121856 players 1578 retained 256 seconds 14.213468940928578
am2_window_00_frame_150 pair 185 [12, 5] combined 0 players 0 retained 0 seconds 0.012941688997671008
am2_window_00_frame_150 pair 187 [12, 7] combined 47104 players 4218 retained 256 seconds 5.684175194008276
am2_window_00_frame_150 pair 188 [12, 8] combined 0 players 0 retained 0 seconds 0.012904033996164799
am2_window_00_frame_150 pair 189 [12, 9] combined 0 players 0 retained 0 seconds 0.010434217983856797
am2_window_00_frame_150 pair 195 [13, 0] combined 18432 players 16 retained 8 seconds 2.122590738115832
am2_window_00_frame_150 pair 196 [13, 1] combined 360 players 120 retained 60 seconds 0.059002775931730866
am2_window_00_frame_150 pair 198 [13, 3] combined 22528 players 0 retained 0 seconds 2.5891759539954364
am2_window_00_frame_150 pair 199 [13, 4] combined 2660 players 70 retained 35 seconds 0.3286180410068482
am2_window_00_frame_150 pair 201 [13, 6] combined 0 players 0 retained 0 seconds 0.004618552979081869
am2_window_00_frame_150 pair 203 [13, 8] combined 0 players 0 retained 0 seconds 0.00353652099147439
am2_window_00_frame_150 pair 204 [13, 9] combined 0 players 0 retained 0 seconds 0.0034291830379515886
am2_window_00_frame_150 pair 205 [13, 10] combined 0 players 0 retained 0 seconds 0.0028323489241302013
am2_window_00_frame_150 pair 209 [13, 15] combined 0 players 0 retained 0 seconds 0.002148892031982541
am2_window_00_frame_150 pair 210 [14, 0] combined 65536 players 208 retained 99 seconds 7.615381627110764
am2_window_00_frame_150 pair 211 [14, 1] combined 640 players 198 retained 99 seconds 0.09956823196262121
am2_window_00_frame_150 pair 213 [14, 3] combined 4096 players 0 retained 0 seconds 0.5082845150027424
am2_window_00_frame_150 pair 214 [14, 4] combined 80100 players 674 retained 256 seconds 9.324286928866059
am2_window_00_frame_150 pair 216 [14, 6] combined 0 players 0 retained 0 seconds 0.006553564919158816
am2_window_00_frame_150 pair 218 [14, 8] combined 0 players 0 retained 0 seconds 0.00480549898929894
am2_window_00_frame_150 pair 220 [14, 10] combined 0 players 0 retained 0 seconds 0.005165579030290246
am2_window_00_frame_150 pair 224 [14, 15] combined 0 players 0 retained 0 seconds 0.004352132091298699
am2_window_00_frame_150 pair 227 [15, 2] combined 0 players 0 retained 0 seconds 0.029483166988939047
am2_window_00_frame_150 pair 230 [15, 5] combined 0 players 0 retained 0 seconds 0.0018119588494300842
am2_window_00_frame_150 pair 232 [15, 7] combined 0 players 0 retained 0 seconds 0.0046659731306135654
am2_window_00_frame_150 pair 238 [15, 13] combined 0 players 0 retained 0 seconds 0.0016726888716220856
am2_window_00_frame_150 pair 239 [15, 14] combined 0 players 0 retained 0 seconds 0.002737509785220027
am2_window_00_frame_150 paint_observations generated pooled 7180 entries 256 winners 30:0 32:45 seconds 339.2
am2_window_00_frame_150 exact final-evaluation replay passed
am2_window_00_frame_150 exact selection replay passed
am2_window_00_frame_150 exact final-evaluation replay passed
am2_window_00_frame_150 exact selection replay passed
am2_window_00_frame_150 paint_observations complete {'case_id': 'am2_window_00_frame_150', 'arm': 'paint_observations', 'status': 'generated', 'generation_s': 339.24829529901035, 'camera_first_s': 12.189689561957493, 'all_camera_s': 5.553157644113526, 'winners': {'results': ('30:0', '32:45'), 'camera_first': ('30:0', '32:3309'), 'all_camera': ('30:0', '32:3309')}}
