run_automatic from /scratch/ahalperi/court_det_fix/paint_geometry_20260909/automatic_axes_20260914/run_automatic.py
shuttleset_21_scene_0020 pair 0 [0, 1] combined 80896 players 34892 retained 256 seconds 1.6716311799827963
shuttleset_21_scene_0020 pair 1 [0, 2] combined 25600 players 7014 retained 256 seconds 0.5978743389714509
shuttleset_21_scene_0020 pair 4 [0, 5] combined 21504 players 5782 retained 256 seconds 0.48807553411461413
shuttleset_21_scene_0020 pair 5 [0, 6] combined 0 players 0 retained 0 seconds 0.22349388082511723
shuttleset_21_scene_0020 pair 6 [0, 7] combined 262144 players 50278 retained 256 seconds 2.8780781778041273
shuttleset_21_scene_0020 pair 7 [0, 8] combined 12288 players 2266 retained 256 seconds 0.3781930501572788
shuttleset_21_scene_0020 pair 12 [0, 13] combined 0 players 0 retained 0 seconds 0.22270695702172816
shuttleset_21_scene_0020 pair 13 [0, 14] combined 0 players 0 retained 0 seconds 0.22168546495959163
shuttleset_21_scene_0020 pair 15 [1, 0] combined 107520 players 46380 retained 256 seconds 1.836526425089687
shuttleset_21_scene_0020 pair 16 [1, 2] combined 21172 players 1934 retained 256 seconds 0.30507582193240523
shuttleset_21_scene_0020 pair 17 [1, 3] combined 6300 players 2722 retained 256 seconds 0.13219222705811262
shuttleset_21_scene_0020 pair 19 [1, 5] combined 7360 players 192 retained 96 seconds 0.07326605287380517
shuttleset_21_scene_0020 pair 20 [1, 6] combined 0 players 0 retained 0 seconds 0.014917267020791769
shuttleset_21_scene_0020 pair 23 [1, 9] combined 21400 players 7676 retained 256 seconds 0.32086133281700313
shuttleset_21_scene_0020 pair 26 [1, 12] combined 0 players 0 retained 0 seconds 0.020125591196119785
shuttleset_21_scene_0020 pair 28 [1, 14] combined 0 players 0 retained 0 seconds 0.014764124993234873
shuttleset_21_scene_0020 pair 30 [2, 0] combined 33792 players 10136 retained 256 seconds 0.581508400849998
shuttleset_21_scene_0020 pair 31 [2, 1] combined 10212 players 352 retained 176 seconds 0.11268024612218142
shuttleset_21_scene_0020 pair 32 [2, 3] combined 1008 players 314 retained 157 seconds 0.03570295590907335
shuttleset_21_scene_0020 pair 36 [2, 7] combined 14152 players 5554 retained 256 seconds 0.21874278294853866
shuttleset_21_scene_0020 pair 38 [2, 9] combined 5848 players 1990 retained 256 seconds 0.10663347714580595
shuttleset_21_scene_0020 pair 39 [2, 10] combined 936 players 270 retained 130 seconds 0.03311766218394041
shuttleset_21_scene_0020 pair 40 [2, 11] combined 480 players 180 retained 90 seconds 0.026033936999738216
shuttleset_21_scene_0020 pair 44 [2, 15] combined 444 players 60 retained 30 seconds 0.020072740968316793
shuttleset_21_scene_0020 pair 46 [3, 1] combined 7968 players 3440 retained 256 seconds 0.17175532598048449
shuttleset_21_scene_0020 pair 47 [3, 2] combined 1248 players 392 retained 196 seconds 0.038987204898148775
shuttleset_21_scene_0020 pair 48 [3, 4] combined 0 players 0 retained 0 seconds 0.003238474950194359
shuttleset_21_scene_0020 pair 50 [3, 6] combined 0 players 0 retained 0 seconds 0.002949038054794073
shuttleset_21_scene_0020 pair 54 [3, 10] combined 960 players 0 retained 0 seconds 0.0071103270165622234
shuttleset_21_scene_0020 pair 55 [3, 11] combined 40 players 10 retained 5 seconds 0.014519738033413887
shuttleset_21_scene_0020 pair 56 [3, 12] combined 0 players 0 retained 0 seconds 0.002962603000923991
shuttleset_21_scene_0020 pair 59 [3, 15] combined 52 players 0 retained 0 seconds 0.003665155963972211
shuttleset_21_scene_0020 pair 63 [4, 3] combined 12 players 6 retained 3 seconds 0.012284207856282592
shuttleset_21_scene_0020 pair 66 [4, 7] combined 0 players 0 retained 0 seconds 0.006674508098512888
shuttleset_21_scene_0020 pair 72 [4, 13] combined 0 players 0 retained 0 seconds 0.0012912480160593987
shuttleset_21_scene_0020 pair 75 [5, 0] combined 19456 players 6614 retained 256 seconds 0.428721325006336
shuttleset_21_scene_0020 pair 76 [5, 1] combined 7480 players 0 retained 0 seconds 0.04951563710346818
shuttleset_21_scene_0020 pair 81 [5, 7] combined 7696 players 2288 retained 256 seconds 0.11446254095062613
shuttleset_21_scene_0020 pair 83 [5, 9] combined 3200 players 1106 retained 256 seconds 0.07204249105416238
shuttleset_21_scene_0020 pair 84 [5, 10] combined 80 players 0 retained 0 seconds 0.004387811059132218
shuttleset_21_scene_0020 pair 89 [5, 15] combined 112 players 0 retained 0 seconds 0.003992215963080525
shuttleset_21_scene_0020 pair 90 [6, 0] combined 0 players 0 retained 0 seconds 0.12447968521155417
shuttleset_21_scene_0020 pair 91 [6, 1] combined 0 players 0 retained 0 seconds 0.008826175006106496
shuttleset_21_scene_0020 pair 93 [6, 3] combined 0 players 0 retained 0 seconds 0.002469016006216407
shuttleset_21_scene_0020 pair 96 [6, 7] combined 0 players 0 retained 0 seconds 0.0074785551987588406
shuttleset_21_scene_0020 pair 99 [6, 10] combined 0 players 0 retained 0 seconds 0.001499632839113474
shuttleset_21_scene_0020 pair 104 [6, 15] combined 0 players 0 retained 0 seconds 0.0016252589412033558
shuttleset_21_scene_0020 pair 105 [7, 0] combined 65536 players 2376 retained 256 seconds 0.5773539051879197
shuttleset_21_scene_0020 pair 107 [7, 2] combined 16536 players 3294 retained 256 seconds 0.21836529788561165
shuttleset_21_scene_0020 pair 109 [7, 4] combined 0 players 0 retained 0 seconds 0.011593620991334319
shuttleset_21_scene_0020 pair 110 [7, 5] combined 6288 players 290 retained 146 seconds 0.060809622053056955
shuttleset_21_scene_0020 pair 111 [7, 6] combined 0 players 0 retained 0 seconds 0.012044125935062766
shuttleset_21_scene_0020 pair 113 [7, 9] combined 18564 players 30 retained 15 seconds 0.10665385005995631
shuttleset_21_scene_0020 pair 114 [7, 10] combined 0 players 0 retained 0 seconds 0.011550022987648845
shuttleset_21_scene_0020 pair 115 [7, 11] combined 1464 players 64 retained 32 seconds 0.02853452996350825
shuttleset_21_scene_0020 pair 116 [7, 12] combined 0 players 0 retained 0 seconds 0.011281053069978952
shuttleset_21_scene_0020 pair 118 [7, 14] combined 0 players 0 retained 0 seconds 0.011366730090230703
shuttleset_21_scene_0020 pair 119 [7, 15] combined 10556 players 60 retained 32 seconds 0.06931108213029802
shuttleset_21_scene_0020 pair 120 [8, 0] combined 1024 players 62 retained 31 seconds 0.1444628641474992
shuttleset_21_scene_0020 pair 128 [8, 9] combined 124 players 4 retained 2 seconds 0.015013075899332762
shuttleset_21_scene_0020 pair 130 [8, 11] combined 20 players 0 retained 0 seconds 0.0019338838756084442
shuttleset_21_scene_0020 pair 131 [8, 12] combined 0 players 0 retained 0 seconds 0.001384878996759653
shuttleset_21_scene_0020 pair 136 [9, 1] combined 14076 players 5606 retained 256 seconds 0.31314990506507456
shuttleset_21_scene_0020 pair 137 [9, 2] combined 6384 players 1704 retained 256 seconds 0.112187857972458
shuttleset_21_scene_0020 pair 140 [9, 5] combined 3384 players 814 retained 256 seconds 0.07442413014359772
shuttleset_21_scene_0020 pair 142 [9, 7] combined 53592 players 240 retained 120 seconds 0.290973603958264
shuttleset_21_scene_0020 pair 143 [9, 8] combined 0 players 0 retained 0 seconds 0.006889919983223081
shuttleset_21_scene_0020 pair 147 [9, 13] combined 0 players 0 retained 0 seconds 0.007802695967257023
shuttleset_21_scene_0020 pair 148 [9, 14] combined 0 players 0 retained 0 seconds 0.007864349987357855
shuttleset_21_scene_0020 pair 152 [10, 2] combined 416 players 0 retained 0 seconds 0.00591098889708519
shuttleset_21_scene_0020 pair 153 [10, 3] combined 676 players 0 retained 0 seconds 0.005775641882792115
shuttleset_21_scene_0020 pair 155 [10, 5] combined 0 players 0 retained 0 seconds 0.0026809978298842907
shuttleset_21_scene_0020 pair 156 [10, 6] combined 0 players 0 retained 0 seconds 0.001510778907686472
shuttleset_21_scene_0020 pair 157 [10, 7] combined 0 players 0 retained 0 seconds 0.008839466143399477
shuttleset_21_scene_0020 pair 161 [10, 12] combined 0 players 0 retained 0 seconds 0.0015042840968817472
shuttleset_21_scene_0020 pair 162 [10, 13] combined 0 players 0 retained 0 seconds 0.0015584139619022608
shuttleset_21_scene_0020 pair 163 [10, 14] combined 0 players 0 retained 0 seconds 0.0014506869483739138
shuttleset_21_scene_0020 pair 167 [11, 2] combined 256 players 84 retained 40 seconds 0.019697113893926144
shuttleset_21_scene_0020 pair 168 [11, 3] combined 288 players 0 retained 0 seconds 0.00442460086196661
shuttleset_21_scene_0020 pair 172 [11, 7] combined 2400 players 0 retained 0 seconds 0.01715016202069819
shuttleset_21_scene_0020 pair 173 [11, 8] combined 396 players 0 retained 0 seconds 0.003740485990419984
shuttleset_21_scene_0020 pair 177 [11, 13] combined 0 players 0 retained 0 seconds 0.001689824042841792
shuttleset_21_scene_0020 pair 178 [11, 14] combined 0 players 0 retained 0 seconds 0.0014594299718737602
shuttleset_21_scene_0020 pair 181 [12, 1] combined 0 players 0 retained 0 seconds 0.008411098970100284
shuttleset_21_scene_0020 pair 183 [12, 3] combined 0 players 0 retained 0 seconds 0.0021104859188199043
shuttleset_21_scene_0020 pair 187 [12, 7] combined 0 players 0 retained 0 seconds 0.007298726821318269
shuttleset_21_scene_0020 pair 188 [12, 8] combined 0 players 0 retained 0 seconds 0.001267842948436737
shuttleset_21_scene_0020 pair 190 [12, 10] combined 0 players 0 retained 0 seconds 0.0013254801742732525
shuttleset_21_scene_0020 pair 192 [12, 13] combined 0 players 0 retained 0 seconds 0.001047204015776515
shuttleset_21_scene_0020 pair 194 [12, 15] combined 0 players 0 retained 0 seconds 0.0014499351382255554
shuttleset_21_scene_0020 pair 195 [13, 0] combined 0 players 0 retained 0 seconds 0.12977651390247047
shuttleset_21_scene_0020 pair 199 [13, 4] combined 0 players 0 retained 0 seconds 0.001452161930501461
shuttleset_21_scene_0020 pair 204 [13, 9] combined 0 players 0 retained 0 seconds 0.005146579118445516
shuttleset_21_scene_0020 pair 205 [13, 10] combined 0 players 0 retained 0 seconds 0.0014581209979951382
shuttleset_21_scene_0020 pair 206 [13, 11] combined 0 players 0 retained 0 seconds 0.0014189539942890406
shuttleset_21_scene_0020 pair 207 [13, 12] combined 0 players 0 retained 0 seconds 0.0011016700882464647
shuttleset_21_scene_0020 pair 209 [13, 15] combined 0 players 0 retained 0 seconds 0.0016143058892339468
shuttleset_21_scene_0020 pair 210 [14, 0] combined 0 players 0 retained 0 seconds 0.1262154751457274
shuttleset_21_scene_0020 pair 211 [14, 1] combined 0 players 0 retained 0 seconds 0.008581934031099081
shuttleset_21_scene_0020 pair 217 [14, 7] combined 0 players 0 retained 0 seconds 0.007404556963592768
shuttleset_21_scene_0020 pair 219 [14, 9] combined 0 players 0 retained 0 seconds 0.004901914857327938
shuttleset_21_scene_0020 pair 220 [14, 10] combined 0 players 0 retained 0 seconds 0.001384455943480134
shuttleset_21_scene_0020 pair 221 [14, 11] combined 0 players 0 retained 0 seconds 0.001338392961770296
shuttleset_21_scene_0020 pair 224 [14, 15] combined 0 players 0 retained 0 seconds 0.0015349830500781536
shuttleset_21_scene_0020 pair 227 [15, 2] combined 0 players 0 retained 0 seconds 0.0038956250064074993
shuttleset_21_scene_0020 pair 228 [15, 3] combined 208 players 6 retained 3 seconds 0.015283887973055243
shuttleset_21_scene_0020 pair 230 [15, 5] combined 104 players 0 retained 0 seconds 0.003612603060901165
shuttleset_21_scene_0020 pair 231 [15, 6] combined 0 players 0 retained 0 seconds 0.0018698079511523247
shuttleset_21_scene_0020 pair 232 [15, 7] combined 5120 players 4 retained 2 seconds 0.04227597592398524
shuttleset_21_scene_0020 pair 237 [15, 12] combined 0 players 0 retained 0 seconds 0.0021783020347356796
shuttleset_21_scene_0020 pair 238 [15, 13] combined 0 players 0 retained 0 seconds 0.0019010240212082863
shuttleset_21_scene_0020 pair 239 [15, 14] combined 0 players 0 retained 0 seconds 0.0017978909891098738
shuttleset_21_scene_0020 paint_observations generated pooled 6682 entries 256 winners 0:2 0:2 seconds 25.1
shuttleset_21_scene_0020 exact final-evaluation replay passed
shuttleset_21_scene_0020 exact selection replay passed
shuttleset_21_scene_0020 exact final-evaluation replay passed
shuttleset_21_scene_0020 exact selection replay passed
shuttleset_21_scene_0020 full evidence 0 of 1009 seconds 9.455950930714607e-06
shuttleset_21_scene_0020 full evidence 512 of 1009 seconds 18.213098991895095
shuttleset_21_scene_0020 paint_observations complete {'case_id': 'shuttleset_21_scene_0020', 'arm': 'paint_observations', 'status': 'generated', 'generation_s': 25.057614566059783, 'camera_first_s': 10.60822766693309, 'all_camera_s': 43.94392089382745, 'winners': {'results': ('0:2', '0:2'), 'camera_first': ('0:2', '0:2'), 'all_camera': ('0:2', '0:2')}}
