run_automatic from /scratch/ahalperi/court_det_fix/paint_geometry_20260909/automatic_axes_20260914/run_automatic.py
am3_window_00_frame_0 pair 0 [0, 1] combined 84000 players 31542 retained 256 seconds 8.27255096891895
am3_window_00_frame_0 pair 1 [0, 2] combined 5824 players 1120 retained 256 seconds 0.43539496697485447
am3_window_00_frame_0 pair 3 [0, 4] combined 6188 players 276 retained 138 seconds 0.4181020020041615
am3_window_00_frame_0 pair 4 [0, 5] combined 3976 players 0 retained 0 seconds 0.2703995059709996
am3_window_00_frame_0 pair 5 [0, 6] combined 0 players 0 retained 0 seconds 0.02564826002344489
am3_window_00_frame_0 pair 6 [0, 7] combined 2844 players 532 retained 255 seconds 0.23193945409730077
am3_window_00_frame_0 pair 7 [0, 8] combined 5376 players 1546 retained 256 seconds 0.41684130812063813
am3_window_00_frame_0 pair 8 [0, 9] combined 3880 players 16 retained 8 seconds 0.2724163520615548
am3_window_00_frame_0 pair 15 [1, 0] combined 40880 players 13854 retained 256 seconds 2.847200349904597
am3_window_00_frame_0 pair 16 [1, 2] combined 26852 players 950 retained 256 seconds 1.7064862151164562
am3_window_00_frame_0 pair 17 [1, 3] combined 2064 players 636 retained 236 seconds 0.18588037183508277
am3_window_00_frame_0 pair 22 [1, 8] combined 20976 players 142 retained 62 seconds 1.3054036798421293
am3_window_00_frame_0 pair 25 [1, 11] combined 30024 players 9192 retained 256 seconds 2.082034735009074
am3_window_00_frame_0 pair 26 [1, 12] combined 17400 players 6726 retained 256 seconds 1.2771784628275782
am3_window_00_frame_0 pair 27 [1, 13] combined 11840 players 4080 retained 256 seconds 0.8535522520542145
am3_window_00_frame_0 pair 28 [1, 14] combined 12864 players 3454 retained 256 seconds 0.9306550030596554
am3_window_00_frame_0 pair 29 [1, 15] combined 13400 players 3588 retained 256 seconds 0.9410299591254443
am3_window_00_frame_0 pair 30 [2, 0] combined 7696 players 516 retained 250 seconds 0.5193348270840943
am3_window_00_frame_0 pair 31 [2, 1] combined 5120 players 774 retained 256 seconds 0.36738761491142213
am3_window_00_frame_0 pair 32 [2, 3] combined 176 players 4 retained 2 seconds 0.02807065285742283
am3_window_00_frame_0 pair 33 [2, 4] combined 320 players 0 retained 0 seconds 0.025593855185434222
am3_window_00_frame_0 pair 36 [2, 7] combined 1040 players 116 retained 58 seconds 0.08111268910579383
am3_window_00_frame_0 pair 40 [2, 11] combined 5856 players 416 retained 208 seconds 0.42198697198182344
am3_window_00_frame_0 pair 41 [2, 12] combined 3264 players 262 retained 124 seconds 0.22723326506093144
am3_window_00_frame_0 pair 42 [2, 13] combined 1320 players 120 retained 52 seconds 0.09970768098719418
am3_window_00_frame_0 pair 43 [2, 14] combined 2700 players 172 retained 85 seconds 0.19270460796542466
am3_window_00_frame_0 pair 44 [2, 15] combined 1976 players 108 retained 53 seconds 0.14876799401827157
am3_window_00_frame_0 pair 46 [3, 1] combined 2880 players 1078 retained 256 seconds 0.23648468195460737
am3_window_00_frame_0 pair 47 [3, 2] combined 660 players 270 retained 131 seconds 0.06461195508018136
am3_window_00_frame_0 pair 48 [3, 4] combined 64 players 0 retained 0 seconds 0.0080546741373837
am3_window_00_frame_0 pair 49 [3, 5] combined 140 players 0 retained 0 seconds 0.01126093091443181
am3_window_00_frame_0 pair 51 [3, 7] combined 0 players 0 retained 0 seconds 0.0035512589383870363
am3_window_00_frame_0 pair 53 [3, 9] combined 0 players 0 retained 0 seconds 0.003432326018810272
am3_window_00_frame_0 pair 60 [4, 0] combined 3744 players 300 retained 148 seconds 0.26460079895332456
am3_window_00_frame_0 pair 62 [4, 2] combined 1248 players 156 retained 78 seconds 0.09433714486658573
am3_window_00_frame_0 pair 63 [4, 3] combined 96 players 8 retained 4 seconds 0.019998389994725585
am3_window_00_frame_0 pair 70 [4, 11] combined 3708 players 188 retained 90 seconds 0.25340312509797513
am3_window_00_frame_0 pair 71 [4, 12] combined 1280 players 136 retained 66 seconds 0.09992744494229555
am3_window_00_frame_0 pair 72 [4, 13] combined 120 players 32 retained 16 seconds 0.02485447796061635
am3_window_00_frame_0 pair 73 [4, 14] combined 3420 players 172 retained 84 seconds 0.2319334140047431
am3_window_00_frame_0 pair 74 [4, 15] combined 3312 players 160 retained 78 seconds 0.22543265810236335
am3_window_00_frame_0 pair 75 [5, 0] combined 1960 players 10 retained 5 seconds 0.14831747813150287
am3_window_00_frame_0 pair 78 [5, 3] combined 60 players 0 retained 0 seconds 0.006497811991721392
am3_window_00_frame_0 pair 85 [5, 11] combined 1120 players 0 retained 0 seconds 0.07973438408225775
am3_window_00_frame_0 pair 86 [5, 12] combined 820 players 10 retained 5 seconds 0.067483841907233
am3_window_00_frame_0 pair 87 [5, 13] combined 280 players 40 retained 20 seconds 0.03421503398567438
am3_window_00_frame_0 pair 88 [5, 14] combined 660 players 0 retained 0 seconds 0.04854645882733166
am3_window_00_frame_0 pair 89 [5, 15] combined 760 players 0 retained 0 seconds 0.054733476135879755
am3_window_00_frame_0 pair 90 [6, 0] combined 0 players 0 retained 0 seconds 0.014460786944255233
am3_window_00_frame_0 pair 100 [6, 11] combined 0 players 0 retained 0 seconds 0.010080385953187943
am3_window_00_frame_0 pair 101 [6, 12] combined 0 players 0 retained 0 seconds 0.007047804072499275
am3_window_00_frame_0 pair 102 [6, 13] combined 0 players 0 retained 0 seconds 0.004646347835659981
am3_window_00_frame_0 pair 103 [6, 14] combined 0 players 0 retained 0 seconds 0.008250328013673425
am3_window_00_frame_0 pair 104 [6, 15] combined 0 players 0 retained 0 seconds 0.008288472890853882
am3_window_00_frame_0 pair 105 [7, 0] combined 5940 players 808 retained 256 seconds 0.4105916840489954
am3_window_00_frame_0 pair 107 [7, 2] combined 2856 players 116 retained 58 seconds 0.1858885670080781
am3_window_00_frame_0 pair 108 [7, 3] combined 40 players 2 retained 1 seconds 0.015153418062254786
am3_window_00_frame_0 pair 115 [7, 11] combined 4312 players 312 retained 153 seconds 0.2888579391874373
am3_window_00_frame_0 pair 116 [7, 12] combined 2080 players 494 retained 235 seconds 0.15922324010170996
am3_window_00_frame_0 pair 117 [7, 13] combined 468 players 140 retained 70 seconds 0.045088822953402996
am3_window_00_frame_0 pair 118 [7, 14] combined 3696 players 578 retained 256 seconds 0.26285204803571105
am3_window_00_frame_0 pair 119 [7, 15] combined 3560 players 420 retained 202 seconds 0.2749453717842698
am3_window_00_frame_0 pair 120 [8, 0] combined 10100 players 1024 retained 256 seconds 0.6678214939311147
am3_window_00_frame_0 pair 121 [8, 1] combined 30720 players 272 retained 134 seconds 1.9012645741458982
am3_window_00_frame_0 pair 130 [8, 11] combined 7696 players 1640 retained 256 seconds 0.5337237790226936
am3_window_00_frame_0 pair 131 [8, 12] combined 5200 players 396 retained 198 seconds 0.34287023288197815
am3_window_00_frame_0 pair 132 [8, 13] combined 4200 players 364 retained 182 seconds 0.2775688450783491
am3_window_00_frame_0 pair 133 [8, 14] combined 3400 players 64 retained 32 seconds 0.2242092981468886
am3_window_00_frame_0 pair 134 [8, 15] combined 4576 players 484 retained 242 seconds 0.315590692916885
am3_window_00_frame_0 pair 135 [9, 0] combined 0 players 0 retained 0 seconds 0.01608181302435696
am3_window_00_frame_0 pair 138 [9, 3] combined 0 players 0 retained 0 seconds 0.0034850980155169964
am3_window_00_frame_0 pair 145 [9, 11] combined 0 players 0 retained 0 seconds 0.04094484215602279
am3_window_00_frame_0 pair 146 [9, 12] combined 0 players 0 retained 0 seconds 0.008843987947329879
am3_window_00_frame_0 pair 147 [9, 13] combined 0 players 0 retained 0 seconds 0.006001516943797469
am3_window_00_frame_0 pair 148 [9, 14] combined 0 players 0 retained 0 seconds 0.009636014932766557
am3_window_00_frame_0 pair 149 [9, 15] combined 0 players 0 retained 0 seconds 0.009664257057011127
am3_window_00_frame_0 pair 162 [10, 13] combined 0 players 0 retained 0 seconds 0.004546889802441001
am3_window_00_frame_0 pair 166 [11, 1] combined 61200 players 21768 retained 256 seconds 4.310255593853071
am3_window_00_frame_0 pair 167 [11, 2] combined 4464 players 1070 retained 256 seconds 0.34212220599874854
am3_window_00_frame_0 pair 169 [11, 4] combined 6528 players 404 retained 202 seconds 0.4406230680178851
am3_window_00_frame_0 pair 170 [11, 5] combined 2548 players 0 retained 0 seconds 0.17549201007932425
am3_window_00_frame_0 pair 171 [11, 6] combined 0 players 0 retained 0 seconds 0.02126546809449792
am3_window_00_frame_0 pair 172 [11, 7] combined 2088 players 338 retained 157 seconds 0.16974134696647525
am3_window_00_frame_0 pair 173 [11, 8] combined 6384 players 1598 retained 256 seconds 0.46075483597815037
am3_window_00_frame_0 pair 174 [11, 9] combined 2880 players 24 retained 12 seconds 0.20324479206465185
am3_window_00_frame_0 pair 181 [12, 1] combined 34100 players 13162 retained 256 seconds 2.40794929000549
am3_window_00_frame_0 pair 182 [12, 2] combined 2460 players 538 retained 256 seconds 0.198223692830652
am3_window_00_frame_0 pair 184 [12, 4] combined 1332 players 144 retained 72 seconds 0.10280503216199577
am3_window_00_frame_0 pair 185 [12, 5] combined 1624 players 0 retained 0 seconds 0.10736560099758208
am3_window_00_frame_0 pair 186 [12, 6] combined 0 players 0 retained 0 seconds 0.012366469949483871
am3_window_00_frame_0 pair 187 [12, 7] combined 1512 players 360 retained 174 seconds 0.11963943718001246
am3_window_00_frame_0 pair 188 [12, 8] combined 1568 players 358 retained 177 seconds 0.16015868005342782
am3_window_00_frame_0 pair 189 [12, 9] combined 1008 players 18 retained 9 seconds 0.08168640616349876
am3_window_00_frame_0 pair 196 [13, 1] combined 13816 players 5604 retained 256 seconds 0.9993848500307649
am3_window_00_frame_0 pair 197 [13, 2] combined 1260 players 318 retained 159 seconds 0.11078303004615009
am3_window_00_frame_0 pair 199 [13, 4] combined 224 players 30 retained 15 seconds 0.03257633210159838
am3_window_00_frame_0 pair 200 [13, 5] combined 896 players 64 retained 32 seconds 0.07308920100331306
am3_window_00_frame_0 pair 201 [13, 6] combined 0 players 0 retained 0 seconds 0.007994096959009767
am3_window_00_frame_0 pair 202 [13, 7] combined 288 players 98 retained 49 seconds 0.0355877170804888
am3_window_00_frame_0 pair 203 [13, 8] combined 896 players 18 retained 7 seconds 0.07036747108213603
am3_window_00_frame_0 pair 204 [13, 9] combined 288 players 62 retained 31 seconds 0.036051468923687935
am3_window_00_frame_0 pair 205 [13, 10] combined 0 players 0 retained 0 seconds 0.007675142027437687
am3_window_00_frame_0 pair 211 [14, 1] combined 33824 players 12696 retained 256 seconds 2.3985437608789653
am3_window_00_frame_0 pair 212 [14, 2] combined 3200 players 568 retained 256 seconds 0.30899971118196845
am3_window_00_frame_0 pair 214 [14, 4] combined 4692 players 168 retained 84 seconds 0.31328336289152503
am3_window_00_frame_0 pair 215 [14, 5] combined 1876 players 0 retained 0 seconds 0.12876429595053196
am3_window_00_frame_0 pair 216 [14, 6] combined 0 players 0 retained 0 seconds 0.015131237916648388
am3_window_00_frame_0 pair 217 [14, 7] combined 1332 players 194 retained 96 seconds 0.11011687899008393
am3_window_00_frame_0 pair 218 [14, 8] combined 2016 players 610 retained 256 seconds 0.1685672679450363
am3_window_00_frame_0 pair 219 [14, 9] combined 2772 players 0 retained 0 seconds 0.18166513903997838
am3_window_00_frame_0 pair 226 [15, 1] combined 40528 players 14832 retained 256 seconds 2.898182190954685
am3_window_00_frame_0 pair 227 [15, 2] combined 3024 players 720 retained 256 seconds 0.24252100219018757
am3_window_00_frame_0 pair 229 [15, 4] combined 5168 players 216 retained 108 seconds 0.3431193381547928
am3_window_00_frame_0 pair 230 [15, 5] combined 1820 players 0 retained 0 seconds 0.12353850901126862
am3_window_00_frame_0 pair 231 [15, 6] combined 0 players 0 retained 0 seconds 0.015056723961606622
am3_window_00_frame_0 pair 232 [15, 7] combined 1476 players 214 retained 104 seconds 0.11660419311374426
am3_window_00_frame_0 pair 233 [15, 8] combined 1680 players 608 retained 256 seconds 0.14449256099760532
am3_window_00_frame_0 pair 234 [15, 9] combined 2816 players 0 retained 0 seconds 0.18523250403814018
am3_window_00_frame_0 paint generated pooled 12419 entries 256 winners 16:488 16:483 seconds 57.4
am3_window_00_frame_0 exact final-evaluation replay passed
am3_window_00_frame_0 exact selection replay passed
am3_window_00_frame_0 exact final-evaluation replay passed
am3_window_00_frame_0 exact selection replay passed
am3_window_00_frame_0 full evidence 0 of 1772 seconds 6.346032023429871e-06
am3_window_00_frame_0 full evidence 512 of 1772 seconds 8.909918094985187
am3_window_00_frame_0 full evidence 1024 of 1772 seconds 17.39309976482764
am3_window_00_frame_0 full evidence 1536 of 1772 seconds 26.453182933852077
am3_window_00_frame_0 paint complete {'case_id': 'am3_window_00_frame_0', 'arm': 'paint', 'status': 'generated', 'generation_s': 57.41874876595102, 'camera_first_s': 8.941245875088498, 'all_camera_s': 34.98553120600991, 'winners': {'results': ('16:488', '16:483'), 'camera_first': ('16:488', '16:483'), 'all_camera': ('16:488', '16:483')}}
