run_automatic from /scratch/ahalperi/court_det_fix/paint_geometry_20260909/automatic_axes_20260914/run_automatic.py
gxBQ_window_00_frame_0 pair 0 [0, 1] combined 154624 players 40264 retained 256 seconds 14.502412345958874
gxBQ_window_00_frame_0 pair 4 [0, 5] combined 36864 players 13690 retained 256 seconds 3.328272155020386
gxBQ_window_00_frame_0 pair 6 [0, 7] combined 3072 players 886 retained 256 seconds 0.7130298910196871
gxBQ_window_00_frame_0 pair 7 [0, 8] combined 0 players 0 retained 0 seconds 0.47750803898088634
gxBQ_window_00_frame_0 pair 8 [0, 9] combined 134144 players 6032 retained 256 seconds 9.567777425982058
gxBQ_window_00_frame_0 pair 11 [0, 12] combined 24576 players 280 retained 140 seconds 2.1344345761463046
gxBQ_window_00_frame_0 pair 15 [1, 0] combined 201728 players 52502 retained 256 seconds 15.191626672865823
gxBQ_window_00_frame_0 pair 16 [1, 2] combined 201728 players 35372 retained 256 seconds 14.728717254009098
gxBQ_window_00_frame_0 pair 17 [1, 3] combined 199680 players 41128 retained 256 seconds 14.442815324990079
gxBQ_window_00_frame_0 pair 18 [1, 4] combined 12888 players 636 retained 256 seconds 0.9760821280069649
gxBQ_window_00_frame_0 pair 19 [1, 5] combined 34648 players 302 retained 143 seconds 2.3540175349917263
gxBQ_window_00_frame_0 pair 21 [1, 7] combined 620 players 0 retained 0 seconds 0.0715525271371007
gxBQ_window_00_frame_0 pair 27 [1, 13] combined 199680 players 58822 retained 256 seconds 15.023606301983818
gxBQ_window_00_frame_0 pair 28 [1, 14] combined 198656 players 59204 retained 256 seconds 15.16608967888169
gxBQ_window_00_frame_0 pair 29 [1, 15] combined 190464 players 60036 retained 256 seconds 14.756890062009916
gxBQ_window_00_frame_0 pair 31 [2, 1] combined 147456 players 51022 retained 256 seconds 11.546038330998272
gxBQ_window_00_frame_0 pair 34 [2, 5] combined 35840 players 12326 retained 256 seconds 2.875311322044581
gxBQ_window_00_frame_0 pair 36 [2, 7] combined 3072 players 858 retained 256 seconds 0.44373599998652935
gxBQ_window_00_frame_0 pair 37 [2, 8] combined 0 players 0 retained 0 seconds 0.15847985399886966
gxBQ_window_00_frame_0 pair 38 [2, 9] combined 114688 players 982 retained 256 seconds 8.033946814015508
gxBQ_window_00_frame_0 pair 41 [2, 12] combined 24576 players 1762 retained 256 seconds 1.8638338290620595
gxBQ_window_00_frame_0 pair 46 [3, 1] combined 150528 players 19498 retained 256 seconds 10.735272326041013
gxBQ_window_00_frame_0 pair 49 [3, 5] combined 35840 players 11618 retained 256 seconds 2.8342590830288827
gxBQ_window_00_frame_0 pair 51 [3, 7] combined 3072 players 898 retained 256 seconds 0.33230105601251125
gxBQ_window_00_frame_0 pair 52 [3, 8] combined 0 players 0 retained 0 seconds 0.08203369891270995
gxBQ_window_00_frame_0 pair 53 [3, 9] combined 216064 players 4772 retained 256 seconds 14.672009992180392
gxBQ_window_00_frame_0 pair 56 [3, 12] combined 25600 players 3872 retained 256 seconds 1.9228099489118904
gxBQ_window_00_frame_0 pair 61 [4, 1] combined 14336 players 628 retained 256 seconds 1.0723641798831522
gxBQ_window_00_frame_0 pair 65 [4, 6] combined 24 players 12 retained 6 seconds 0.017742665018886328
gxBQ_window_00_frame_0 pair 67 [4, 8] combined 112 players 0 retained 0 seconds 0.013655724003911018
gxBQ_window_00_frame_0 pair 68 [4, 9] combined 224 players 0 retained 0 seconds 0.026527140056714416
gxBQ_window_00_frame_0 pair 72 [4, 13] combined 6144 players 1972 retained 256 seconds 0.5233199158683419
gxBQ_window_00_frame_0 pair 75 [5, 0] combined 34816 players 8536 retained 256 seconds 2.853504015132785
gxBQ_window_00_frame_0 pair 76 [5, 1] combined 15360 players 36 retained 18 seconds 1.061733747832477
gxBQ_window_00_frame_0 pair 77 [5, 2] combined 34816 players 5656 retained 256 seconds 2.6362222249154
gxBQ_window_00_frame_0 pair 78 [5, 3] combined 33792 players 6316 retained 256 seconds 2.481832795776427
gxBQ_window_00_frame_0 pair 80 [5, 6] combined 744 players 186 retained 91 seconds 0.12328550685197115
gxBQ_window_00_frame_0 pair 82 [5, 8] combined 1840 players 0 retained 0 seconds 0.1283927490003407
gxBQ_window_00_frame_0 pair 83 [5, 9] combined 9568 players 890 retained 256 seconds 0.6936549490783364
gxBQ_window_00_frame_0 pair 85 [5, 11] combined 384 players 0 retained 0 seconds 0.03358168597333133
gxBQ_window_00_frame_0 pair 87 [5, 13] combined 36864 players 6886 retained 256 seconds 2.7088476810604334
gxBQ_window_00_frame_0 pair 88 [5, 14] combined 34816 players 7196 retained 256 seconds 2.7853449990507215
gxBQ_window_00_frame_0 pair 89 [5, 15] combined 34816 players 7124 retained 256 seconds 2.800076268846169
gxBQ_window_00_frame_0 pair 94 [6, 4] combined 80 players 30 retained 15 seconds 0.026580050121992826
gxBQ_window_00_frame_0 pair 95 [6, 5] combined 1400 players 510 retained 253 seconds 0.13114760001190007
gxBQ_window_00_frame_0 pair 96 [6, 7] combined 80 players 24 retained 12 seconds 0.02183051989413798
gxBQ_window_00_frame_0 pair 97 [6, 8] combined 0 players 0 retained 0 seconds 0.004226217046380043
gxBQ_window_00_frame_0 pair 98 [6, 9] combined 1992 players 534 retained 256 seconds 0.17642570612952113
gxBQ_window_00_frame_0 pair 101 [6, 12] combined 276 players 22 retained 11 seconds 0.03378366492688656
gxBQ_window_00_frame_0 pair 105 [7, 0] combined 3072 players 858 retained 256 seconds 0.496419649804011
gxBQ_window_00_frame_0 pair 106 [7, 1] combined 0 players 0 retained 0 seconds 0.020922865020111203
gxBQ_window_00_frame_0 pair 107 [7, 2] combined 3072 players 276 retained 126 seconds 0.3123767289798707
gxBQ_window_00_frame_0 pair 108 [7, 3] combined 3072 players 744 retained 256 seconds 0.2889816160313785
gxBQ_window_00_frame_0 pair 111 [7, 6] combined 72 players 30 retained 15 seconds 0.02038613799959421
gxBQ_window_00_frame_0 pair 112 [7, 8] combined 168 players 0 retained 0 seconds 0.014663471141830087
gxBQ_window_00_frame_0 pair 113 [7, 9] combined 264 players 36 retained 18 seconds 0.038123511942103505
gxBQ_window_00_frame_0 pair 117 [7, 13] combined 3072 players 654 retained 256 seconds 0.2868293540086597
gxBQ_window_00_frame_0 pair 118 [7, 14] combined 3072 players 804 retained 256 seconds 0.444175620097667
gxBQ_window_00_frame_0 pair 119 [7, 15] combined 3072 players 1080 retained 256 seconds 0.5010110610164702
gxBQ_window_00_frame_0 pair 120 [8, 0] combined 0 players 0 retained 0 seconds 0.25629726611077785
gxBQ_window_00_frame_0 pair 122 [8, 2] combined 0 players 0 retained 0 seconds 0.08610892808064818
gxBQ_window_00_frame_0 pair 123 [8, 3] combined 0 players 0 retained 0 seconds 0.04512330121360719
gxBQ_window_00_frame_0 pair 124 [8, 4] combined 0 players 0 retained 0 seconds 0.00439815316349268
gxBQ_window_00_frame_0 pair 125 [8, 5] combined 992 players 0 retained 0 seconds 0.06964917597360909
gxBQ_window_00_frame_0 pair 126 [8, 6] combined 0 players 0 retained 0 seconds 0.0033852928318083286
gxBQ_window_00_frame_0 pair 127 [8, 7] combined 16 players 0 retained 0 seconds 0.004453316796571016
gxBQ_window_00_frame_0 pair 129 [8, 10] combined 0 players 0 retained 0 seconds 0.002916639903560281
gxBQ_window_00_frame_0 pair 132 [8, 13] combined 0 players 0 retained 0 seconds 0.04478897503577173
gxBQ_window_00_frame_0 pair 133 [8, 14] combined 0 players 0 retained 0 seconds 0.19875088287517428
gxBQ_window_00_frame_0 pair 134 [8, 15] combined 0 players 0 retained 0 seconds 0.18627985194325447
gxBQ_window_00_frame_0 pair 135 [9, 0] combined 83968 players 698 retained 256 seconds 5.953883650014177
gxBQ_window_00_frame_0 pair 137 [9, 2] combined 134144 players 1036 retained 256 seconds 9.360884896945208
gxBQ_window_00_frame_0 pair 138 [9, 3] combined 81920 players 874 retained 256 seconds 5.569527690997347
gxBQ_window_00_frame_0 pair 139 [9, 4] combined 1992 players 260 retained 130 seconds 0.17188060493208468
gxBQ_window_00_frame_0 pair 140 [9, 5] combined 9360 players 3020 retained 256 seconds 0.8046042879577726
gxBQ_window_00_frame_0 pair 141 [9, 6] combined 624 players 50 retained 26 seconds 0.07109503098763525
gxBQ_window_00_frame_0 pair 142 [9, 7] combined 416 players 0 retained 0 seconds 0.04292765399441123
gxBQ_window_00_frame_0 pair 144 [9, 10] combined 2752 players 280 retained 140 seconds 0.2212800499983132
gxBQ_window_00_frame_0 pair 158 [10, 8] combined 0 players 0 retained 0 seconds 0.004425091901794076
gxBQ_window_00_frame_0 pair 159 [10, 9] combined 2592 players 88 retained 44 seconds 0.1950632049702108
gxBQ_window_00_frame_0 pair 170 [11, 5] combined 880 players 0 retained 0 seconds 0.06339875306002796
gxBQ_window_00_frame_0 pair 177 [11, 13] combined 8192 players 238 retained 116 seconds 0.6169755728915334
gxBQ_window_00_frame_0 pair 180 [12, 0] combined 17408 players 332 retained 146 seconds 1.453924115980044
gxBQ_window_00_frame_0 pair 182 [12, 2] combined 18432 players 634 retained 256 seconds 1.363402663031593
gxBQ_window_00_frame_0 pair 183 [12, 3] combined 16384 players 1264 retained 256 seconds 1.205900965956971
gxBQ_window_00_frame_0 pair 186 [12, 6] combined 544 players 2 retained 1 seconds 0.050426753936335444
gxBQ_window_00_frame_0 pair 192 [12, 13] combined 17408 players 664 retained 256 seconds 1.2620571400038898
gxBQ_window_00_frame_0 pair 193 [12, 14] combined 17408 players 452 retained 85 seconds 1.4043665069621056
gxBQ_window_00_frame_0 pair 194 [12, 15] combined 17408 players 280 retained 122 seconds 1.399079417111352
gxBQ_window_00_frame_0 pair 196 [13, 1] combined 154624 players 30556 retained 256 seconds 11.397913214983419
gxBQ_window_00_frame_0 pair 199 [13, 4] combined 7168 players 1706 retained 256 seconds 0.6365199808496982
gxBQ_window_00_frame_0 pair 200 [13, 5] combined 33792 players 12690 retained 256 seconds 2.7255302569828928
gxBQ_window_00_frame_0 pair 202 [13, 7] combined 2048 players 394 retained 188 seconds 0.2507340149022639
gxBQ_window_00_frame_0 pair 203 [13, 8] combined 0 players 0 retained 0 seconds 0.08167891902849078
gxBQ_window_00_frame_0 pair 206 [13, 11] combined 2048 players 296 retained 144 seconds 0.24000514880754054
gxBQ_window_00_frame_0 pair 207 [13, 12] combined 24576 players 5372 retained 256 seconds 1.9733697168994695
gxBQ_window_00_frame_0 pair 211 [14, 1] combined 153600 players 41100 retained 256 seconds 11.870998973026872
gxBQ_window_00_frame_0 pair 215 [14, 5] combined 35840 players 13264 retained 256 seconds 3.2877783831208944
gxBQ_window_00_frame_0 pair 217 [14, 7] combined 3072 players 932 retained 256 seconds 0.6201407699845731
gxBQ_window_00_frame_0 pair 218 [14, 8] combined 0 players 0 retained 0 seconds 0.36686139297671616
gxBQ_window_00_frame_0 pair 222 [14, 12] combined 24576 players 958 retained 256 seconds 2.0625378089025617
gxBQ_window_00_frame_0 pair 226 [15, 1] combined 154624 players 36524 retained 256 seconds 11.823722327128053
gxBQ_window_00_frame_0 pair 230 [15, 5] combined 35840 players 13418 retained 256 seconds 3.09602606901899
gxBQ_window_00_frame_0 pair 232 [15, 7] combined 3072 players 840 retained 256 seconds 0.6152820761781186
gxBQ_window_00_frame_0 pair 233 [15, 8] combined 0 players 0 retained 0 seconds 0.3413189509883523
gxBQ_window_00_frame_0 pair 237 [15, 12] combined 24576 players 468 retained 228 seconds 2.0463621739763767
gxBQ_window_00_frame_0 paint generated pooled 16042 entries 256 winners 211:40455 211:40455 seconds 296.3
gxBQ_window_00_frame_0 exact final-evaluation replay passed
gxBQ_window_00_frame_0 exact selection replay passed
gxBQ_window_00_frame_0 exact final-evaluation replay passed
gxBQ_window_00_frame_0 exact selection replay passed
gxBQ_window_00_frame_0 full evidence 0 of 966 seconds 7.833121344447136e-06
gxBQ_window_00_frame_0 full evidence 512 of 966 seconds 14.337293290067464
gxBQ_window_00_frame_0 paint complete {'case_id': 'gxBQ_window_00_frame_0', 'arm': 'paint', 'status': 'generated', 'generation_s': 296.32975874701515, 'camera_first_s': 15.589843546040356, 'all_camera_s': 34.05389709491283, 'winners': {'results': ('211:40455', '211:40455'), 'camera_first': ('0:39556', '34:1411'), 'all_camera': ('0:39556', '200:2282')}}
