run_automatic from /scratch/ahalperi/court_det_fix/paint_geometry_20260909/automatic_axes_20260914/run_automatic.py
gxBQ_window_00_frame_5 pair 0 [0, 1] combined 178176 players 56002 retained 256 seconds 16.70261824200861
gxBQ_window_00_frame_5 pair 2 [0, 3] combined 68608 players 5460 retained 256 seconds 5.49969066795893
gxBQ_window_00_frame_5 pair 4 [0, 5] combined 76800 players 31710 retained 256 seconds 6.654402629006654
gxBQ_window_00_frame_5 pair 6 [0, 7] combined 39936 players 14402 retained 256 seconds 3.7368561688344926
gxBQ_window_00_frame_5 pair 8 [0, 9] combined 47104 players 2298 retained 256 seconds 3.9175646000076085
gxBQ_window_00_frame_5 pair 9 [0, 10] combined 0 players 0 retained 0 seconds 0.46672951988875866
gxBQ_window_00_frame_5 pair 12 [0, 13] combined 4096 players 1146 retained 256 seconds 0.8279537169728428
gxBQ_window_00_frame_5 pair 15 [1, 0] combined 154624 players 46710 retained 256 seconds 12.324382799910381
gxBQ_window_00_frame_5 pair 16 [1, 2] combined 154624 players 30172 retained 256 seconds 11.79005804285407
gxBQ_window_00_frame_5 pair 19 [1, 5] combined 43736 players 766 retained 256 seconds 3.1355345440097153
gxBQ_window_00_frame_5 pair 20 [1, 6] combined 163840 players 44824 retained 256 seconds 12.850299346027896
gxBQ_window_00_frame_5 pair 21 [1, 7] combined 20736 players 762 retained 256 seconds 1.548089810879901
gxBQ_window_00_frame_5 pair 24 [1, 10] combined 0 players 0 retained 0 seconds 0.036924781976267695
gxBQ_window_00_frame_5 pair 25 [1, 11] combined 33280 players 1876 retained 256 seconds 2.5038711219094694
gxBQ_window_00_frame_5 pair 28 [1, 14] combined 158720 players 12614 retained 256 seconds 11.70948207215406
gxBQ_window_00_frame_5 pair 29 [1, 15] combined 157696 players 38756 retained 256 seconds 12.328605154063553
gxBQ_window_00_frame_5 pair 31 [2, 1] combined 171008 players 25278 retained 256 seconds 12.853780817007646
gxBQ_window_00_frame_5 pair 32 [2, 3] combined 66560 players 12172 retained 256 seconds 5.15159871801734
gxBQ_window_00_frame_5 pair 34 [2, 5] combined 80896 players 23298 retained 256 seconds 6.41952327080071
gxBQ_window_00_frame_5 pair 36 [2, 7] combined 34816 players 9262 retained 256 seconds 2.80785771808587
gxBQ_window_00_frame_5 pair 38 [2, 9] combined 48128 players 1370 retained 256 seconds 3.8651440569665283
gxBQ_window_00_frame_5 pair 39 [2, 10] combined 4096 players 1840 retained 256 seconds 0.3996080202050507
gxBQ_window_00_frame_5 pair 42 [2, 13] combined 4096 players 632 retained 256 seconds 0.3971455870196223
gxBQ_window_00_frame_5 pair 45 [3, 0] combined 80896 players 7128 retained 256 seconds 6.23515358613804
gxBQ_window_00_frame_5 pair 47 [3, 2] combined 82944 players 12812 retained 256 seconds 6.778430107049644
gxBQ_window_00_frame_5 pair 48 [3, 4] combined 73728 players 9372 retained 256 seconds 5.641536267008632
gxBQ_window_00_frame_5 pair 50 [3, 6] combined 82944 players 16484 retained 256 seconds 6.34090266097337
gxBQ_window_00_frame_5 pair 52 [3, 8] combined 15604 players 1024 retained 256 seconds 1.1666336010675877
gxBQ_window_00_frame_5 pair 57 [3, 13] combined 2832 players 0 retained 0 seconds 0.20139718102291226
gxBQ_window_00_frame_5 pair 59 [3, 15] combined 81920 players 11480 retained 256 seconds 6.286906284047291
gxBQ_window_00_frame_5 pair 63 [4, 3] combined 67584 players 17622 retained 256 seconds 5.406472362810746
gxBQ_window_00_frame_5 pair 64 [4, 5] combined 80896 players 25270 retained 256 seconds 6.542398653924465
gxBQ_window_00_frame_5 pair 66 [4, 7] combined 35840 players 11622 retained 256 seconds 3.0107355879154056
gxBQ_window_00_frame_5 pair 70 [4, 11] combined 31744 players 7848 retained 256 seconds 2.530152242863551
gxBQ_window_00_frame_5 pair 71 [4, 12] combined 4096 players 548 retained 256 seconds 0.3923326039221138
gxBQ_window_00_frame_5 pair 75 [5, 0] combined 83968 players 17194 retained 256 seconds 6.706619872013107
gxBQ_window_00_frame_5 pair 76 [5, 1] combined 28672 players 150 retained 75 seconds 2.036479700822383
gxBQ_window_00_frame_5 pair 77 [5, 2] combined 84992 players 16496 retained 256 seconds 6.49428384215571
gxBQ_window_00_frame_5 pair 79 [5, 4] combined 83968 players 8760 retained 256 seconds 6.29632040602155
gxBQ_window_00_frame_5 pair 80 [5, 6] combined 86016 players 13062 retained 256 seconds 6.53927051788196
gxBQ_window_00_frame_5 pair 82 [5, 8] combined 16200 players 2186 retained 256 seconds 1.2330406471155584
gxBQ_window_00_frame_5 pair 87 [5, 13] combined 3124 players 0 retained 0 seconds 0.22452021017670631
gxBQ_window_00_frame_5 pair 88 [5, 14] combined 84992 players 11272 retained 256 seconds 6.4686794630251825
gxBQ_window_00_frame_5 pair 89 [5, 15] combined 83968 players 18880 retained 256 seconds 6.693933646194637
gxBQ_window_00_frame_5 pair 91 [6, 1] combined 185344 players 52134 retained 256 seconds 14.745849265018478
gxBQ_window_00_frame_5 pair 93 [6, 3] combined 68608 players 17804 retained 256 seconds 5.557177423033863
gxBQ_window_00_frame_5 pair 95 [6, 5] combined 75776 players 30036 retained 256 seconds 6.256346466951072
gxBQ_window_00_frame_5 pair 96 [6, 7] combined 36864 players 11848 retained 256 seconds 3.128459833096713
gxBQ_window_00_frame_5 pair 98 [6, 9] combined 47104 players 1526 retained 256 seconds 3.537216855911538
gxBQ_window_00_frame_5 pair 99 [6, 10] combined 0 players 0 retained 0 seconds 0.09064554306678474
gxBQ_window_00_frame_5 pair 102 [6, 13] combined 4096 players 1004 retained 256 seconds 0.4196548191830516
gxBQ_window_00_frame_5 pair 105 [7, 0] combined 30720 players 5406 retained 256 seconds 2.6449517130386084
gxBQ_window_00_frame_5 pair 106 [7, 1] combined 65536 players 238 retained 113 seconds 4.685429133940488
gxBQ_window_00_frame_5 pair 107 [7, 2] combined 25600 players 4410 retained 256 seconds 1.9646200079005212
gxBQ_window_00_frame_5 pair 109 [7, 4] combined 20480 players 3130 retained 256 seconds 1.5795844721142203
gxBQ_window_00_frame_5 pair 111 [7, 6] combined 26624 players 4446 retained 256 seconds 2.1641999180428684
gxBQ_window_00_frame_5 pair 112 [7, 8] combined 4116 players 434 retained 217 seconds 0.33633217704482377
gxBQ_window_00_frame_5 pair 117 [7, 13] combined 3024 players 0 retained 0 seconds 0.2175224870443344
gxBQ_window_00_frame_5 pair 118 [7, 14] combined 29696 players 3046 retained 256 seconds 2.2736983771901578
gxBQ_window_00_frame_5 pair 119 [7, 15] combined 29696 players 5710 retained 256 seconds 2.571238423930481
gxBQ_window_00_frame_5 pair 123 [8, 3] combined 16884 players 2238 retained 256 seconds 1.280405760044232
gxBQ_window_00_frame_5 pair 125 [8, 5] combined 21888 players 5158 retained 256 seconds 1.684759964933619
gxBQ_window_00_frame_5 pair 127 [8, 7] combined 10168 players 3038 retained 256 seconds 0.8236469840630889
gxBQ_window_00_frame_5 pair 129 [8, 10] combined 0 players 0 retained 0 seconds 0.0157107210252434
gxBQ_window_00_frame_5 pair 132 [8, 13] combined 1024 players 86 retained 43 seconds 0.09324377006851137
gxBQ_window_00_frame_5 pair 135 [9, 0] combined 28672 players 764 retained 256 seconds 2.336848139995709
gxBQ_window_00_frame_5 pair 137 [9, 2] combined 29696 players 608 retained 256 seconds 2.280274292919785
gxBQ_window_00_frame_5 pair 141 [9, 6] combined 28672 players 874 retained 256 seconds 2.124756265897304
gxBQ_window_00_frame_5 pair 148 [9, 14] combined 29696 players 2840 retained 256 seconds 2.3049233451019973
gxBQ_window_00_frame_5 pair 149 [9, 15] combined 28672 players 748 retained 256 seconds 2.303411863045767
gxBQ_window_00_frame_5 pair 150 [10, 0] combined 8192 players 1864 retained 256 seconds 0.89171814895235
gxBQ_window_00_frame_5 pair 151 [10, 1] combined 5448 players 1920 retained 256 seconds 0.46771722682751715
gxBQ_window_00_frame_5 pair 152 [10, 2] combined 0 players 0 retained 0 seconds 0.03048403188586235
gxBQ_window_00_frame_5 pair 156 [10, 6] combined 4096 players 188 retained 89 seconds 0.3497128419112414
gxBQ_window_00_frame_5 pair 158 [10, 8] combined 384 players 0 retained 0 seconds 0.03430324699729681
gxBQ_window_00_frame_5 pair 162 [10, 13] combined 144 players 48 retained 24 seconds 0.023629378993064165
gxBQ_window_00_frame_5 pair 163 [10, 14] combined 5120 players 842 retained 256 seconds 0.4850978080648929
gxBQ_window_00_frame_5 pair 164 [10, 15] combined 6144 players 1218 retained 256 seconds 0.7956738797947764
gxBQ_window_00_frame_5 pair 166 [11, 1] combined 46872 players 1666 retained 256 seconds 3.4828157818410546
gxBQ_window_00_frame_5 pair 169 [11, 4] combined 26624 players 2980 retained 256 seconds 2.039259450044483
gxBQ_window_00_frame_5 pair 177 [11, 13] combined 360 players 0 retained 0 seconds 0.02936391602270305
gxBQ_window_00_frame_5 pair 184 [12, 4] combined 3072 players 142 retained 70 seconds 0.26599538908340037
gxBQ_window_00_frame_5 pair 192 [12, 13] combined 368 players 0 retained 0 seconds 0.029153190087527037
gxBQ_window_00_frame_5 pair 195 [13, 0] combined 5120 players 1418 retained 256 seconds 0.6647363868542016
gxBQ_window_00_frame_5 pair 197 [13, 2] combined 5120 players 1554 retained 256 seconds 0.43786200205795467
gxBQ_window_00_frame_5 pair 198 [13, 3] combined 0 players 0 retained 0 seconds 0.008129345020279288
gxBQ_window_00_frame_5 pair 200 [13, 5] combined 1728 players 0 retained 0 seconds 0.12241588719189167
gxBQ_window_00_frame_5 pair 201 [13, 6] combined 7168 players 1934 retained 256 seconds 0.6215346399694681
gxBQ_window_00_frame_5 pair 202 [13, 7] combined 280 players 0 retained 0 seconds 0.026057912036776543
gxBQ_window_00_frame_5 pair 203 [13, 8] combined 1932 players 506 retained 246 seconds 0.1671189139597118
gxBQ_window_00_frame_5 pair 205 [13, 10] combined 16 players 0 retained 0 seconds 0.006426066858693957
gxBQ_window_00_frame_5 pair 206 [13, 11] combined 0 players 0 retained 0 seconds 0.005178237101063132
gxBQ_window_00_frame_5 pair 207 [13, 12] combined 160 players 0 retained 0 seconds 0.014040196780115366
gxBQ_window_00_frame_5 pair 208 [13, 14] combined 9216 players 706 retained 256 seconds 0.7822288649622351
gxBQ_window_00_frame_5 pair 209 [13, 15] combined 5120 players 1106 retained 256 seconds 0.741312958067283
gxBQ_window_00_frame_5 pair 211 [14, 1] combined 190464 players 75664 retained 256 seconds 15.83018496609293
gxBQ_window_00_frame_5 pair 215 [14, 5] combined 76800 players 30222 retained 256 seconds 6.619268234120682
gxBQ_window_00_frame_5 pair 217 [14, 7] combined 36864 players 12090 retained 256 seconds 3.118427008157596
gxBQ_window_00_frame_5 pair 219 [14, 9] combined 48128 players 6958 retained 256 seconds 3.789273859001696
gxBQ_window_00_frame_5 pair 220 [14, 10] combined 0 players 0 retained 0 seconds 0.17198845790699124
gxBQ_window_00_frame_5 pair 223 [14, 13] combined 4096 players 1416 retained 256 seconds 0.5092893620021641
gxBQ_window_00_frame_5 pair 226 [15, 1] combined 176128 players 59326 retained 256 seconds 14.673200630117208
gxBQ_window_00_frame_5 pair 228 [15, 3] combined 68608 players 3794 retained 256 seconds 5.372636626008898
gxBQ_window_00_frame_5 pair 230 [15, 5] combined 76800 players 32002 retained 256 seconds 6.873023285996169
gxBQ_window_00_frame_5 pair 232 [15, 7] combined 40960 players 14960 retained 256 seconds 3.653636938892305
gxBQ_window_00_frame_5 pair 234 [15, 9] combined 47104 players 3214 retained 256 seconds 4.111991876037791
gxBQ_window_00_frame_5 pair 235 [15, 10] combined 0 players 0 retained 0 seconds 0.41457965690642595
gxBQ_window_00_frame_5 pair 238 [15, 13] combined 4096 players 1238 retained 256 seconds 0.7523971130140126
gxBQ_window_00_frame_5 paint generated pooled 21613 entries 256 winners None None seconds 386.5
gxBQ_window_00_frame_5 exact final-evaluation replay passed
gxBQ_window_00_frame_5 exact selection replay passed
gxBQ_window_00_frame_5 exact final-evaluation replay passed
gxBQ_window_00_frame_5 exact selection replay passed
gxBQ_window_00_frame_5 full evidence 0 of 933 seconds 5.536014214158058e-06
gxBQ_window_00_frame_5 full evidence 512 of 933 seconds 15.051207185955718
gxBQ_window_00_frame_5 paint complete {'case_id': 'gxBQ_window_00_frame_5', 'arm': 'paint', 'status': 'generated', 'generation_s': 386.4609892750159, 'camera_first_s': 17.478822863893583, 'all_camera_s': 34.92490668292157, 'winners': {'results': (None, None), 'camera_first': ('21:8', '91:1935'), 'all_camera': ('21:8', '64:23157')}}
