run_automatic from /scratch/ahalperi/court_det_fix/paint_geometry_20260909/automatic_axes_20260914/run_automatic.py
am2_window_01_frame_28019 pair 0 [0, 1] combined 262144 players 18614 retained 256 seconds 47.431599935051054
am2_window_01_frame_28019 pair 4 [0, 5] combined 6400 players 10 retained 5 seconds 1.0836261729709804
am2_window_01_frame_28019 pair 5 [0, 6] combined 7308 players 784 retained 256 seconds 1.2349527759943157
am2_window_01_frame_28019 pair 10 [0, 11] combined 70336 players 2246 retained 256 seconds 11.426230910932645
am2_window_01_frame_28019 pair 13 [0, 14] combined 0 players 0 retained 0 seconds 0.0646811060141772
am2_window_01_frame_28019 pair 15 [1, 0] combined 152576 players 10164 retained 256 seconds 25.10166929010302
am2_window_01_frame_28019 pair 16 [1, 2] combined 262144 players 12570 retained 256 seconds 42.50982381403446
am2_window_01_frame_28019 pair 18 [1, 4] combined 25600 players 326 retained 163 seconds 4.232540624216199
am2_window_01_frame_28019 pair 19 [1, 5] combined 1600 players 0 retained 0 seconds 0.3121139721479267
am2_window_01_frame_28019 pair 20 [1, 6] combined 792 players 250 retained 124 seconds 0.18604312813840806
am2_window_01_frame_28019 pair 21 [1, 7] combined 0 players 0 retained 0 seconds 0.04082012199796736
am2_window_01_frame_28019 pair 22 [1, 8] combined 9216 players 1848 retained 256 seconds 1.5278845091816038
am2_window_01_frame_28019 pair 24 [1, 10] combined 9240 players 602 retained 256 seconds 1.5228028250858188
am2_window_01_frame_28019 pair 27 [1, 13] combined 0 players 0 retained 0 seconds 0.03956333012320101
am2_window_01_frame_28019 pair 31 [2, 1] combined 262144 players 7446 retained 256 seconds 42.01560195791535
am2_window_01_frame_28019 pair 34 [2, 5] combined 4096 players 480 retained 238 seconds 0.7331090199295431
am2_window_01_frame_28019 pair 35 [2, 6] combined 6144 players 1044 retained 256 seconds 1.0747556218411773
am2_window_01_frame_28019 pair 40 [2, 11] combined 125952 players 3484 retained 256 seconds 20.61579376505688
am2_window_01_frame_28019 pair 43 [2, 14] combined 0 players 0 retained 0 seconds 0.08689963398501277
am2_window_01_frame_28019 pair 48 [3, 4] combined 3240 players 130 retained 65 seconds 0.8145564179867506
am2_window_01_frame_28019 pair 49 [3, 5] combined 16 players 0 retained 0 seconds 0.011959349969401956
am2_window_01_frame_28019 pair 50 [3, 6] combined 0 players 0 retained 0 seconds 0.008746704086661339
am2_window_01_frame_28019 pair 52 [3, 8] combined 224 players 6 retained 3 seconds 0.07685930700972676
am2_window_01_frame_28019 pair 54 [3, 10] combined 468 players 24 retained 12 seconds 0.14340782701037824
am2_window_01_frame_28019 pair 57 [3, 13] combined 16 players 4 retained 2 seconds 0.0276214350014925
am2_window_01_frame_28019 pair 61 [4, 1] combined 43008 players 3906 retained 256 seconds 7.055676545016468
am2_window_01_frame_28019 pair 63 [4, 3] combined 352 players 8 retained 4 seconds 0.07381651713512838
am2_window_01_frame_28019 pair 64 [4, 5] combined 432 players 140 retained 70 seconds 0.08673043409362435
am2_window_01_frame_28019 pair 65 [4, 6] combined 148 players 32 retained 16 seconds 0.04189742892049253
am2_window_01_frame_28019 pair 68 [4, 9] combined 5796 players 410 retained 214 seconds 0.9027303878683597
am2_window_01_frame_28019 pair 70 [4, 11] combined 5668 players 96 retained 48 seconds 0.8649287768639624
am2_window_01_frame_28019 pair 71 [4, 12] combined 1180 players 88 retained 44 seconds 0.23585177795030177
am2_window_01_frame_28019 pair 73 [4, 14] combined 0 players 0 retained 0 seconds 0.008264129050076008
am2_window_01_frame_28019 pair 75 [5, 0] combined 5248 players 0 retained 0 seconds 0.8023106548935175
am2_window_01_frame_28019 pair 76 [5, 1] combined 4760 players 1336 retained 256 seconds 0.7816922629717737
am2_window_01_frame_28019 pair 77 [5, 2] combined 2048 players 0 retained 0 seconds 0.3409868960734457
am2_window_01_frame_28019 pair 78 [5, 3] combined 64 players 8 retained 4 seconds 0.022695243824273348
am2_window_01_frame_28019 pair 79 [5, 4] combined 888 players 214 retained 106 seconds 0.15368472691625357
am2_window_01_frame_28019 pair 81 [5, 7] combined 48 players 2 retained 1 seconds 0.01911027613095939
am2_window_01_frame_28019 pair 82 [5, 8] combined 140 players 42 retained 17 seconds 0.03374242107383907
am2_window_01_frame_28019 pair 83 [5, 9] combined 828 players 224 retained 112 seconds 0.1491136969998479
am2_window_01_frame_28019 pair 85 [5, 11] combined 1372 players 298 retained 149 seconds 0.23132642800919712
am2_window_01_frame_28019 pair 86 [5, 12] combined 12 players 0 retained 0 seconds 0.005089187994599342
am2_window_01_frame_28019 pair 89 [5, 15] combined 0 players 0 retained 0 seconds 0.002463460899889469
am2_window_01_frame_28019 pair 90 [6, 0] combined 7384 players 1358 retained 256 seconds 1.171767879044637
am2_window_01_frame_28019 pair 91 [6, 1] combined 680 players 268 retained 134 seconds 0.14226786606013775
am2_window_01_frame_28019 pair 92 [6, 2] combined 10240 players 168 retained 72 seconds 1.6026220510248095
am2_window_01_frame_28019 pair 93 [6, 3] combined 32 players 0 retained 0 seconds 0.010215493850409985
am2_window_01_frame_28019 pair 94 [6, 4] combined 544 players 220 retained 110 seconds 0.1035172960255295
am2_window_01_frame_28019 pair 96 [6, 7] combined 0 players 0 retained 0 seconds 0.004822922172024846
am2_window_01_frame_28019 pair 97 [6, 8] combined 32 players 16 retained 8 seconds 0.019305851077660918
am2_window_01_frame_28019 pair 98 [6, 9] combined 1536 players 12 retained 6 seconds 0.24964311392977834
am2_window_01_frame_28019 pair 100 [6, 11] combined 392 players 24 retained 12 seconds 0.07465258310548961
am2_window_01_frame_28019 pair 101 [6, 12] combined 16 players 0 retained 0 seconds 0.007053284905850887
am2_window_01_frame_28019 pair 104 [6, 15] combined 0 players 0 retained 0 seconds 0.004096274031326175
am2_window_01_frame_28019 pair 106 [7, 1] combined 1024 players 26 retained 11 seconds 0.18846681201830506
am2_window_01_frame_28019 pair 110 [7, 5] combined 48 players 0 retained 0 seconds 0.009619072079658508
am2_window_01_frame_28019 pair 111 [7, 6] combined 192 players 48 retained 24 seconds 0.04265686101280153
am2_window_01_frame_28019 pair 115 [7, 11] combined 584 players 4 retained 2 seconds 0.1079259340185672
am2_window_01_frame_28019 pair 121 [8, 1] combined 5264 players 732 retained 256 seconds 0.841384912841022
am2_window_01_frame_28019 pair 123 [8, 3] combined 240 players 16 retained 8 seconds 0.05153497587889433
am2_window_01_frame_28019 pair 125 [8, 5] combined 272 players 68 retained 26 seconds 0.05677382810972631
am2_window_01_frame_28019 pair 126 [8, 6] combined 0 players 0 retained 0 seconds 0.005902399076148868
am2_window_01_frame_28019 pair 130 [8, 11] combined 848 players 126 retained 63 seconds 0.14822368300519884
am2_window_01_frame_28019 pair 132 [8, 13] combined 0 players 0 retained 0 seconds 0.004963447107002139
am2_window_01_frame_28019 pair 133 [8, 14] combined 0 players 0 retained 0 seconds 0.003935462096706033
am2_window_01_frame_28019 pair 139 [9, 4] combined 38304 players 2250 retained 256 seconds 5.82430284190923
am2_window_01_frame_28019 pair 140 [9, 5] combined 480 players 0 retained 0 seconds 0.08647397509776056
am2_window_01_frame_28019 pair 141 [9, 6] combined 472 players 212 retained 106 seconds 0.09928145189769566
am2_window_01_frame_28019 pair 144 [9, 10] combined 4224 players 128 retained 64 seconds 0.6847195539157838
am2_window_01_frame_28019 pair 147 [9, 13] combined 0 players 0 retained 0 seconds 0.01326366188004613
am2_window_01_frame_28019 pair 151 [10, 1] combined 14168 players 2368 retained 256 seconds 2.2330321059562266
am2_window_01_frame_28019 pair 153 [10, 3] combined 532 players 64 retained 32 seconds 0.09963954705744982
am2_window_01_frame_28019 pair 159 [10, 9] combined 4408 players 556 retained 256 seconds 0.7701331661082804
am2_window_01_frame_28019 pair 160 [10, 11] combined 3600 players 562 retained 256 seconds 0.5835239780135453
am2_window_01_frame_28019 pair 161 [10, 12] combined 76 players 0 retained 0 seconds 0.01804973022080958
am2_window_01_frame_28019 pair 164 [10, 15] combined 0 players 0 retained 0 seconds 0.005920002004131675
am2_window_01_frame_28019 pair 165 [11, 0] combined 79808 players 280 retained 138 seconds 12.075108018005267
am2_window_01_frame_28019 pair 167 [11, 2] combined 91136 players 1084 retained 256 seconds 13.638944874051958
am2_window_01_frame_28019 pair 169 [11, 4] combined 19608 players 570 retained 256 seconds 2.939377357950434
am2_window_01_frame_28019 pair 170 [11, 5] combined 360 players 0 retained 0 seconds 0.06319706398062408
am2_window_01_frame_28019 pair 171 [11, 6] combined 540 players 106 retained 53 seconds 0.10495232092216611
am2_window_01_frame_28019 pair 172 [11, 7] combined 452 players 0 retained 0 seconds 0.07609308091923594
am2_window_01_frame_28019 pair 173 [11, 8] combined 672 players 288 retained 144 seconds 0.12992791109718382
am2_window_01_frame_28019 pair 175 [11, 10] combined 1760 players 108 retained 52 seconds 0.28995151398703456
am2_window_01_frame_28019 pair 177 [11, 13] combined 0 players 0 retained 0 seconds 0.010597232030704618
am2_window_01_frame_28019 pair 184 [12, 4] combined 580 players 116 retained 58 seconds 0.10539884096942842
am2_window_01_frame_28019 pair 185 [12, 5] combined 16 players 0 retained 0 seconds 0.005260602105408907
am2_window_01_frame_28019 pair 186 [12, 6] combined 16 players 0 retained 0 seconds 0.005531610921025276
am2_window_01_frame_28019 pair 190 [12, 10] combined 48 players 0 retained 0 seconds 0.011021340964362025
am2_window_01_frame_28019 pair 196 [13, 1] combined 1956 players 700 retained 256 seconds 0.3527482480276376
am2_window_01_frame_28019 pair 198 [13, 3] combined 32 players 0 retained 0 seconds 0.008746961131691933
am2_window_01_frame_28019 pair 203 [13, 8] combined 0 players 0 retained 0 seconds 0.003513904055580497
am2_window_01_frame_28019 pair 204 [13, 9] combined 0 players 0 retained 0 seconds 0.007799991173669696
am2_window_01_frame_28019 pair 206 [13, 11] combined 384 players 16 retained 8 seconds 0.0744056929834187
am2_window_01_frame_28019 pair 209 [13, 15] combined 0 players 0 retained 0 seconds 0.002001949120312929
am2_window_01_frame_28019 pair 210 [14, 0] combined 0 players 0 retained 0 seconds 0.023456824012100697
am2_window_01_frame_28019 pair 212 [14, 2] combined 0 players 0 retained 0 seconds 0.0269251000136137
am2_window_01_frame_28019 pair 214 [14, 4] combined 0 players 0 retained 0 seconds 0.004324402892962098
am2_window_01_frame_28019 pair 218 [14, 8] combined 0 players 0 retained 0 seconds 0.002375825075432658
am2_window_01_frame_28019 pair 230 [15, 5] combined 0 players 0 retained 0 seconds 0.0018612451385706663
am2_window_01_frame_28019 pair 231 [15, 6] combined 0 players 0 retained 0 seconds 0.002355376025661826
am2_window_01_frame_28019 pair 235 [15, 10] combined 0 players 0 retained 0 seconds 0.0033012819476425648
am2_window_01_frame_28019 pair 238 [15, 13] combined 0 players 0 retained 0 seconds 0.0013579500373452902
am2_window_01_frame_28019 paint_observations generated pooled 7904 entries 256 winners 15:168 15:168 seconds 266.7
am2_window_01_frame_28019 exact final-evaluation replay passed
am2_window_01_frame_28019 exact selection replay passed
am2_window_01_frame_28019 exact final-evaluation replay passed
am2_window_01_frame_28019 exact selection replay passed
am2_window_01_frame_28019 paint_observations complete {'case_id': 'am2_window_01_frame_28019', 'arm': 'paint_observations', 'status': 'generated', 'generation_s': 266.6928569590673, 'camera_first_s': 12.954855679068714, 'all_camera_s': 12.047296172007918, 'winners': {'results': ('15:168', '15:168'), 'camera_first': ('15:168', '15:168'), 'all_camera': ('15:168', '15:168')}}
