run_automatic from /scratch/ahalperi/court_det_fix/paint_geometry_20260909/automatic_axes_20260914/run_automatic.py
am2_window_00_frame_150 pair 0 [0, 1] combined 262144 players 21458 retained 256 seconds 30.62470202310942
am2_window_00_frame_150 pair 2 [0, 3] combined 207872 players 11208 retained 256 seconds 24.95723181287758
am2_window_00_frame_150 pair 4 [0, 5] combined 262144 players 10460 retained 256 seconds 28.890958345029503
am2_window_00_frame_150 pair 5 [0, 6] combined 1024 players 142 retained 68 seconds 0.19883205997757614
am2_window_00_frame_150 pair 9 [0, 10] combined 35840 players 5158 retained 256 seconds 4.108268792042509
am2_window_00_frame_150 pair 10 [0, 11] combined 182272 players 2666 retained 256 seconds 19.77665065601468
am2_window_00_frame_150 pair 11 [0, 12] combined 0 players 0 retained 0 seconds 0.073212169110775
am2_window_00_frame_150 pair 15 [1, 0] combined 262144 players 17108 retained 256 seconds 29.53683885699138
am2_window_00_frame_150 pair 16 [1, 2] combined 262144 players 830 retained 256 seconds 29.056335968896747
am2_window_00_frame_150 pair 18 [1, 4] combined 223232 players 3494 retained 256 seconds 24.83671560883522
am2_window_00_frame_150 pair 20 [1, 6] combined 2048 players 508 retained 251 seconds 0.3512431129347533
am2_window_00_frame_150 pair 21 [1, 7] combined 1024 players 350 retained 149 seconds 0.20707904384471476
am2_window_00_frame_150 pair 22 [1, 8] combined 32768 players 3034 retained 256 seconds 3.7539029619656503
am2_window_00_frame_150 pair 23 [1, 9] combined 0 players 0 retained 0 seconds 0.08187879901379347
am2_window_00_frame_150 pair 26 [1, 12] combined 1024 players 318 retained 146 seconds 0.2080577400047332
am2_window_00_frame_150 pair 27 [1, 13] combined 32768 players 7068 retained 256 seconds 3.863282758044079
am2_window_00_frame_150 pair 28 [1, 14] combined 262144 players 17424 retained 256 seconds 29.391457110177726
am2_window_00_frame_150 pair 29 [1, 15] combined 262144 players 13372 retained 256 seconds 29.375482361996546
am2_window_00_frame_150 pair 31 [2, 1] combined 262144 players 3022 retained 256 seconds 28.850458923960105
am2_window_00_frame_150 pair 32 [2, 3] combined 110592 players 724 retained 256 seconds 12.28823096305132
am2_window_00_frame_150 pair 34 [2, 5] combined 262144 players 3606 retained 256 seconds 29.057101575890556
am2_window_00_frame_150 pair 35 [2, 6] combined 1024 players 104 retained 51 seconds 0.16675622295588255
am2_window_00_frame_150 pair 39 [2, 10] combined 62464 players 2778 retained 256 seconds 7.023322975030169
am2_window_00_frame_150 pair 40 [2, 11] combined 173056 players 158 retained 84 seconds 19.31157165300101
am2_window_00_frame_150 pair 41 [2, 12] combined 0 players 0 retained 0 seconds 0.07306367112323642
am2_window_00_frame_150 pair 45 [3, 0] combined 126976 players 988 retained 256 seconds 13.904813879868016
am2_window_00_frame_150 pair 47 [3, 2] combined 110592 players 2134 retained 256 seconds 12.244197335094213
am2_window_00_frame_150 pair 48 [3, 4] combined 149400 players 9910 retained 256 seconds 16.590557311894372
am2_window_00_frame_150 pair 50 [3, 6] combined 984 players 292 retained 137 seconds 0.14585153805091977
am2_window_00_frame_150 pair 51 [3, 7] combined 472 players 206 retained 102 seconds 0.08364840317517519
am2_window_00_frame_150 pair 52 [3, 8] combined 1984 players 584 retained 256 seconds 0.25907686818391085
am2_window_00_frame_150 pair 53 [3, 9] combined 0 players 0 retained 0 seconds 0.016556029906496406
am2_window_00_frame_150 pair 56 [3, 12] combined 528 players 264 retained 112 seconds 0.08745672507211566
am2_window_00_frame_150 pair 57 [3, 13] combined 13640 players 488 retained 244 seconds 1.565717649878934
am2_window_00_frame_150 pair 58 [3, 14] combined 142336 players 1240 retained 256 seconds 15.556980845052749
am2_window_00_frame_150 pair 59 [3, 15] combined 142336 players 1188 retained 256 seconds 15.468546539079398
am2_window_00_frame_150 pair 61 [4, 1] combined 262144 players 4808 retained 256 seconds 29.175712991971523
am2_window_00_frame_150 pair 63 [4, 3] combined 109200 players 4908 retained 256 seconds 12.128857597941533
am2_window_00_frame_150 pair 64 [4, 5] combined 175104 players 4190 retained 256 seconds 19.666623290162534
am2_window_00_frame_150 pair 65 [4, 6] combined 904 players 24 retained 12 seconds 0.12139790505170822
am2_window_00_frame_150 pair 69 [4, 10] combined 35260 players 1396 retained 256 seconds 3.9040695689618587
am2_window_00_frame_150 pair 70 [4, 11] combined 191488 players 298 retained 147 seconds 21.039866861887276
am2_window_00_frame_150 pair 71 [4, 12] combined 0 players 0 retained 0 seconds 0.016930981073528528
am2_window_00_frame_150 pair 75 [5, 0] combined 262144 players 23272 retained 256 seconds 29.365411644103006
am2_window_00_frame_150 pair 77 [5, 2] combined 262144 players 5046 retained 256 seconds 29.104371889028698
am2_window_00_frame_150 pair 79 [5, 4] combined 145408 players 3262 retained 256 seconds 16.286453414009884
am2_window_00_frame_150 pair 80 [5, 6] combined 4096 players 674 retained 256 seconds 0.5192804029211402
am2_window_00_frame_150 pair 81 [5, 7] combined 0 players 0 retained 0 seconds 0.04366811295039952
am2_window_00_frame_150 pair 82 [5, 8] combined 33792 players 7862 retained 256 seconds 3.9140930010471493
am2_window_00_frame_150 pair 83 [5, 9] combined 0 players 0 retained 0 seconds 0.046317862113937736
am2_window_00_frame_150 pair 86 [5, 12] combined 2048 players 422 retained 200 seconds 0.282004059990868
am2_window_00_frame_150 pair 87 [5, 13] combined 32768 players 4264 retained 256 seconds 3.7348720671143383
am2_window_00_frame_150 pair 88 [5, 14] combined 262144 players 14922 retained 256 seconds 29.19256005086936
am2_window_00_frame_150 pair 89 [5, 15] combined 262144 players 24170 retained 256 seconds 29.40386251383461
am2_window_00_frame_150 pair 90 [6, 0] combined 3072 players 370 retained 185 seconds 0.41034997114911675
am2_window_00_frame_150 pair 91 [6, 1] combined 1024 players 230 retained 88 seconds 0.16882230783812702
am2_window_00_frame_150 pair 92 [6, 2] combined 6144 players 1112 retained 256 seconds 0.7420454928651452
am2_window_00_frame_150 pair 93 [6, 3] combined 1600 players 418 retained 209 seconds 0.20397356408648193
am2_window_00_frame_150 pair 94 [6, 4] combined 1200 players 236 retained 118 seconds 0.15543373208492994
am2_window_00_frame_150 pair 95 [6, 5] combined 3072 players 530 retained 232 seconds 0.38842327683232725
am2_window_00_frame_150 pair 96 [6, 7] combined 56 players 6 retained 3 seconds 0.01929690409451723
am2_window_00_frame_150 pair 97 [6, 8] combined 360 players 30 retained 15 seconds 0.05131386197172105
am2_window_00_frame_150 pair 99 [6, 10] combined 464 players 174 retained 87 seconds 0.07138644903898239
am2_window_00_frame_150 pair 100 [6, 11] combined 1952 players 184 retained 82 seconds 0.23398323892615736
am2_window_00_frame_150 pair 102 [6, 13] combined 560 players 164 retained 82 seconds 0.07858419604599476
am2_window_00_frame_150 pair 103 [6, 14] combined 3072 players 566 retained 256 seconds 0.41361139598302543
am2_window_00_frame_150 pair 104 [6, 15] combined 3072 players 324 retained 152 seconds 0.3787729940377176
am2_window_00_frame_150 pair 106 [7, 1] combined 0 players 0 retained 0 seconds 0.04327438888140023
am2_window_00_frame_150 pair 108 [7, 3] combined 424 players 120 retained 60 seconds 0.06559746898710728
am2_window_00_frame_150 pair 110 [7, 5] combined 0 players 0 retained 0 seconds 0.024484632071107626
am2_window_00_frame_150 pair 111 [7, 6] combined 0 players 0 retained 0 seconds 0.003285480197519064
am2_window_00_frame_150 pair 114 [7, 10] combined 0 players 0 retained 0 seconds 0.00945606711320579
am2_window_00_frame_150 pair 116 [7, 12] combined 0 players 0 retained 0 seconds 0.002767625031992793
am2_window_00_frame_150 pair 121 [8, 1] combined 8192 players 1912 retained 256 seconds 1.0318889450281858
am2_window_00_frame_150 pair 123 [8, 3] combined 516 players 152 retained 76 seconds 0.07958479807712138
am2_window_00_frame_150 pair 125 [8, 5] combined 7168 players 1954 retained 256 seconds 0.8503479009959847
am2_window_00_frame_150 pair 126 [8, 6] combined 0 players 0 retained 0 seconds 0.006184600060805678
am2_window_00_frame_150 pair 129 [8, 10] combined 224 players 42 retained 21 seconds 0.04452420608140528
am2_window_00_frame_150 pair 130 [8, 11] combined 7332 players 904 retained 256 seconds 0.8292854810133576
am2_window_00_frame_150 pair 131 [8, 12] combined 0 players 0 retained 0 seconds 0.005626016994938254
am2_window_00_frame_150 pair 136 [9, 1] combined 3072 players 834 retained 256 seconds 0.4125652890652418
am2_window_00_frame_150 pair 138 [9, 3] combined 672 players 212 retained 106 seconds 0.09365342487581074
am2_window_00_frame_150 pair 140 [9, 5] combined 2048 players 466 retained 205 seconds 0.2717505320906639
am2_window_00_frame_150 pair 144 [9, 10] combined 264 players 128 retained 64 seconds 0.04932170594111085
am2_window_00_frame_150 pair 145 [9, 11] combined 1500 players 368 retained 184 seconds 0.18957481812685728
am2_window_00_frame_150 pair 146 [9, 12] combined 0 players 0 retained 0 seconds 0.0025628709699958563
am2_window_00_frame_150 pair 150 [10, 0] combined 63488 players 11866 retained 256 seconds 7.239960714010522
am2_window_00_frame_150 pair 152 [10, 2] combined 96256 players 2130 retained 256 seconds 10.618697504047304
am2_window_00_frame_150 pair 154 [10, 4] combined 81480 players 3182 retained 256 seconds 8.947188321966678
am2_window_00_frame_150 pair 156 [10, 6] combined 276 players 92 retained 46 seconds 0.05755749810487032
am2_window_00_frame_150 pair 157 [10, 7] combined 96 players 48 retained 24 seconds 0.09589572716504335
am2_window_00_frame_150 pair 158 [10, 8] combined 5096 players 382 retained 187 seconds 0.5825043651275337
am2_window_00_frame_150 pair 159 [10, 9] combined 0 players 0 retained 0 seconds 0.01609537284821272
am2_window_00_frame_150 pair 161 [10, 12] combined 352 players 176 retained 88 seconds 0.06497334106825292
am2_window_00_frame_150 pair 162 [10, 13] combined 6840 players 1710 retained 256 seconds 0.8110352498479187
am2_window_00_frame_150 pair 163 [10, 14] combined 65536 players 9238 retained 256 seconds 7.3865208548959345
am2_window_00_frame_150 pair 164 [10, 15] combined 62464 players 12732 retained 256 seconds 7.202182919951156
am2_window_00_frame_150 pair 165 [11, 0] combined 156672 players 1822 retained 256 seconds 17.147014572052285
am2_window_00_frame_150 pair 167 [11, 2] combined 174080 players 196 retained 98 seconds 19.46616687392816
am2_window_00_frame_150 pair 169 [11, 4] combined 183084 players 516 retained 256 seconds 20.159946031169966
am2_window_00_frame_150 pair 171 [11, 6] combined 1616 players 0 retained 0 seconds 0.1846779549960047
am2_window_00_frame_150 pair 173 [11, 8] combined 19240 players 1828 retained 256 seconds 2.2222410240210593
am2_window_00_frame_150 pair 174 [11, 9] combined 0 players 0 retained 0 seconds 0.014975279802456498
am2_window_00_frame_150 pair 176 [11, 12] combined 0 players 0 retained 0 seconds 0.013740143040195107
am2_window_00_frame_150 pair 177 [11, 13] combined 6972 players 238 retained 119 seconds 0.7891124300658703
am2_window_00_frame_150 pair 178 [11, 14] combined 157696 players 2466 retained 256 seconds 17.37117643095553
am2_window_00_frame_150 pair 179 [11, 15] combined 152576 players 1036 retained 256 seconds 16.641223903978243
am2_window_00_frame_150 pair 180 [12, 0] combined 1024 players 0 retained 0 seconds 0.14645672007463872
am2_window_00_frame_150 pair 181 [12, 1] combined 2048 players 982 retained 256 seconds 0.29609768791124225
am2_window_00_frame_150 pair 182 [12, 2] combined 0 players 0 retained 0 seconds 0.02554405410774052
am2_window_00_frame_150 pair 183 [12, 3] combined 536 players 128 retained 64 seconds 0.07618423295207322
am2_window_00_frame_150 pair 184 [12, 4] combined 0 players 0 retained 0 seconds 0.010109540075063705
am2_window_00_frame_150 pair 185 [12, 5] combined 2048 players 588 retained 254 seconds 0.2706290711648762
am2_window_00_frame_150 pair 187 [12, 7] combined 0 players 0 retained 0 seconds 0.003178205108270049
am2_window_00_frame_150 pair 188 [12, 8] combined 0 players 0 retained 0 seconds 0.003984062932431698
am2_window_00_frame_150 pair 189 [12, 9] combined 0 players 0 retained 0 seconds 0.002402598038315773
am2_window_00_frame_150 pair 190 [12, 10] combined 400 players 196 retained 98 seconds 0.06532817799597979
am2_window_00_frame_150 pair 191 [12, 11] combined 992 players 178 retained 89 seconds 0.12580958404578269
am2_window_00_frame_150 pair 192 [12, 13] combined 240 players 0 retained 0 seconds 0.02946070092730224
am2_window_00_frame_150 pair 193 [12, 14] combined 0 players 0 retained 0 seconds 0.04374578990973532
am2_window_00_frame_150 pair 194 [12, 15] combined 0 players 0 retained 0 seconds 0.01848549395799637
am2_window_00_frame_150 pair 196 [13, 1] combined 31744 players 6112 retained 256 seconds 3.752415764844045
am2_window_00_frame_150 pair 198 [13, 3] combined 39432 players 5628 retained 256 seconds 4.412903839023784
am2_window_00_frame_150 pair 200 [13, 5] combined 33792 players 2472 retained 256 seconds 3.799672248074785
am2_window_00_frame_150 pair 201 [13, 6] combined 0 players 0 retained 0 seconds 0.00830791611224413
am2_window_00_frame_150 pair 205 [13, 10] combined 9240 players 2384 retained 256 seconds 1.0768830550368875
am2_window_00_frame_150 pair 206 [13, 11] combined 18000 players 1124 retained 256 seconds 2.003895384958014
am2_window_00_frame_150 pair 207 [13, 12] combined 0 players 0 retained 0 seconds 0.007224173052236438
am2_window_00_frame_150 pair 211 [14, 1] combined 262144 players 21154 retained 256 seconds 29.398483420955017
am2_window_00_frame_150 pair 213 [14, 3] combined 173056 players 1686 retained 256 seconds 19.086362204048783
am2_window_00_frame_150 pair 215 [14, 5] combined 262144 players 9678 retained 256 seconds 28.93983917380683
am2_window_00_frame_150 pair 216 [14, 6] combined 4096 players 180 retained 85 seconds 0.5427128181327134
am2_window_00_frame_150 pair 220 [14, 10] combined 34816 players 7422 retained 256 seconds 4.054064287804067
am2_window_00_frame_150 pair 221 [14, 11] combined 198656 players 2826 retained 256 seconds 21.66276265401393
am2_window_00_frame_150 pair 222 [14, 12] combined 2048 players 0 retained 0 seconds 0.29722131905145943
am2_window_00_frame_150 pair 226 [15, 1] combined 262144 players 23894 retained 256 seconds 29.25187071878463
am2_window_00_frame_150 pair 228 [15, 3] combined 212992 players 9466 retained 256 seconds 23.156545841833577
am2_window_00_frame_150 pair 230 [15, 5] combined 262144 players 11830 retained 256 seconds 28.85893390001729
am2_window_00_frame_150 pair 231 [15, 6] combined 2048 players 392 retained 162 seconds 0.2843388270121068
am2_window_00_frame_150 pair 235 [15, 10] combined 33792 players 4392 retained 256 seconds 3.8372001030948013
am2_window_00_frame_150 pair 236 [15, 11] combined 183296 players 3186 retained 256 seconds 19.85630882694386
am2_window_00_frame_150 pair 237 [15, 12] combined 0 players 0 retained 0 seconds 0.0340979069005698
am2_window_00_frame_150 paint generated pooled 22138 entries 256 winners 79:3104 79:2503 seconds 1037.5
am2_window_00_frame_150 exact final-evaluation replay passed
am2_window_00_frame_150 exact selection replay passed
am2_window_00_frame_150 exact final-evaluation replay passed
am2_window_00_frame_150 exact selection replay passed
am2_window_00_frame_150 full evidence 0 of 422 seconds 4.532048478722572e-06
am2_window_00_frame_150 paint complete {'case_id': 'am2_window_00_frame_150', 'arm': 'paint', 'status': 'generated', 'generation_s': 1037.477270503994, 'camera_first_s': 13.46134338597767, 'all_camera_s': 15.390946165891364, 'winners': {'results': ('79:3104', '79:2503'), 'camera_first': ('58:234', '18:2349'), 'all_camera': ('58:234', '77:211')}}
