run_automatic from /scratch/ahalperi/court_det_fix/paint_geometry_20260909/automatic_axes_20260914/run_automatic.py
am2_window_01_frame_28019 pair 0 [0, 1] combined 262144 players 15022 retained 256 seconds 42.126134919933975
am2_window_01_frame_28019 pair 2 [0, 3] combined 22528 players 120 retained 57 seconds 3.5010706840548664
am2_window_01_frame_28019 pair 7 [0, 8] combined 2048 players 218 retained 103 seconds 0.41182544198818505
am2_window_01_frame_28019 pair 12 [0, 13] combined 27648 players 198 retained 93 seconds 4.276447721989825
am2_window_01_frame_28019 pair 15 [1, 0] combined 262144 players 24894 retained 256 seconds 41.7466669480782
am2_window_01_frame_28019 pair 16 [1, 2] combined 115712 players 1162 retained 256 seconds 17.88483376405202
am2_window_01_frame_28019 pair 17 [1, 3] combined 18432 players 5442 retained 256 seconds 2.989457189105451
am2_window_01_frame_28019 pair 18 [1, 4] combined 18432 players 1592 retained 256 seconds 2.889431746909395
am2_window_01_frame_28019 pair 19 [1, 5] combined 18432 players 688 retained 256 seconds 2.861437208019197
am2_window_01_frame_28019 pair 21 [1, 7] combined 262144 players 8570 retained 256 seconds 39.84173923986964
am2_window_01_frame_28019 pair 22 [1, 8] combined 1024 players 312 retained 155 seconds 0.21775047900155187
am2_window_01_frame_28019 pair 27 [1, 13] combined 6144 players 2080 retained 256 seconds 1.035061919130385
am2_window_01_frame_28019 pair 28 [1, 14] combined 1024 players 312 retained 153 seconds 0.2337141779717058
am2_window_01_frame_28019 pair 29 [1, 15] combined 0 players 0 retained 0 seconds 0.043653754983097315
am2_window_01_frame_28019 pair 31 [2, 1] combined 160768 players 2086 retained 256 seconds 24.95382586494088
am2_window_01_frame_28019 pair 32 [2, 3] combined 4256 players 454 retained 221 seconds 0.6877561931032687
am2_window_01_frame_28019 pair 37 [2, 8] combined 276 players 38 retained 19 seconds 0.06714568310417235
am2_window_01_frame_28019 pair 42 [2, 13] combined 2736 players 186 retained 93 seconds 0.4436920618172735
am2_window_01_frame_28019 pair 45 [3, 0] combined 15360 players 864 retained 256 seconds 2.4144758579786867
am2_window_01_frame_28019 pair 46 [3, 1] combined 35560 players 14580 retained 256 seconds 5.704795825993642
am2_window_01_frame_28019 pair 47 [3, 2] combined 6840 players 2492 retained 256 seconds 1.1142938239499927
am2_window_01_frame_28019 pair 48 [3, 4] combined 5016 players 1524 retained 256 seconds 0.8389178130310029
am2_window_01_frame_28019 pair 49 [3, 5] combined 896 players 210 retained 105 seconds 0.16025175200775266
am2_window_01_frame_28019 pair 50 [3, 6] combined 1792 players 138 retained 67 seconds 0.2957741820719093
am2_window_01_frame_28019 pair 51 [3, 7] combined 18432 players 792 retained 256 seconds 2.8660782088991255
am2_window_01_frame_28019 pair 54 [3, 10] combined 11480 players 426 retained 213 seconds 1.7901038432028145
am2_window_01_frame_28019 pair 55 [3, 11] combined 3060 players 306 retained 153 seconds 0.5014145111199468
am2_window_01_frame_28019 pair 56 [3, 12] combined 13608 players 124 retained 61 seconds 2.16009611194022
am2_window_01_frame_28019 pair 61 [4, 1] combined 25600 players 5738 retained 256 seconds 4.054204836022109
am2_window_01_frame_28019 pair 63 [4, 3] combined 2728 players 990 retained 256 seconds 0.4680035288911313
am2_window_01_frame_28019 pair 67 [4, 8] combined 512 players 60 retained 30 seconds 0.09626975213177502
am2_window_01_frame_28019 pair 72 [4, 13] combined 2880 players 1014 retained 256 seconds 0.4806405040435493
am2_window_01_frame_28019 pair 76 [5, 1] combined 9216 players 1972 retained 256 seconds 1.462526610121131
am2_window_01_frame_28019 pair 78 [5, 3] combined 1056 players 22 retained 11 seconds 0.1748710428364575
am2_window_01_frame_28019 pair 82 [5, 8] combined 156 players 18 retained 9 seconds 0.04069216107018292
am2_window_01_frame_28019 pair 87 [5, 13] combined 168 players 24 retained 12 seconds 0.04456774517893791
am2_window_01_frame_28019 pair 93 [6, 3] combined 224 players 26 retained 13 seconds 0.0546431140974164
am2_window_01_frame_28019 pair 97 [6, 8] combined 64 players 12 retained 3 seconds 0.025212988955900073
am2_window_01_frame_28019 pair 98 [6, 9] combined 1036 players 250 retained 122 seconds 0.20572567684575915
am2_window_01_frame_28019 pair 102 [6, 13] combined 280 players 42 retained 21 seconds 0.06146314390935004
am2_window_01_frame_28019 pair 104 [6, 15] combined 0 players 0 retained 0 seconds 0.007424879120662808
am2_window_01_frame_28019 pair 106 [7, 1] combined 262144 players 10548 retained 256 seconds 39.92338986881077
am2_window_01_frame_28019 pair 108 [7, 3] combined 21504 players 422 retained 205 seconds 3.348891079891473
am2_window_01_frame_28019 pair 112 [7, 8] combined 3072 players 408 retained 200 seconds 0.5652991367969662
am2_window_01_frame_28019 pair 117 [7, 13] combined 12288 players 40 retained 20 seconds 1.9400016700383276
am2_window_01_frame_28019 pair 120 [8, 0] combined 3072 players 1068 retained 256 seconds 0.5554743311367929
am2_window_01_frame_28019 pair 121 [8, 1] combined 5120 players 1806 retained 256 seconds 0.881320487940684
am2_window_01_frame_28019 pair 122 [8, 2] combined 736 players 330 retained 165 seconds 0.13928734697401524
am2_window_01_frame_28019 pair 124 [8, 4] combined 256 players 114 retained 57 seconds 0.0563815888017416
am2_window_01_frame_28019 pair 125 [8, 5] combined 52 players 26 retained 13 seconds 0.02396880812011659
am2_window_01_frame_28019 pair 126 [8, 6] combined 64 players 0 retained 0 seconds 0.01477787597104907
am2_window_01_frame_28019 pair 127 [8, 7] combined 4096 players 1272 retained 256 seconds 0.7074568409007043
am2_window_01_frame_28019 pair 129 [8, 10] combined 876 players 10 retained 5 seconds 0.15002594306133687
am2_window_01_frame_28019 pair 130 [8, 11] combined 432 players 90 retained 45 seconds 0.08224685513414443
am2_window_01_frame_28019 pair 131 [8, 12] combined 3476 players 0 retained 0 seconds 0.5491774349939078
am2_window_01_frame_28019 pair 141 [9, 6] combined 1440 players 532 retained 256 seconds 0.25405862205661833
am2_window_01_frame_28019 pair 144 [9, 10] combined 7068 players 2604 retained 256 seconds 1.1383829310070723
am2_window_01_frame_28019 pair 145 [9, 11] combined 504 players 232 retained 116 seconds 0.09892012504860759
am2_window_01_frame_28019 pair 146 [9, 12] combined 7840 players 2474 retained 256 seconds 1.2741913730278611
am2_window_01_frame_28019 pair 148 [9, 14] combined 120 players 60 retained 29 seconds 0.04022036003880203
am2_window_01_frame_28019 pair 153 [10, 3] combined 7776 players 268 retained 134 seconds 1.2087950301356614
am2_window_01_frame_28019 pair 158 [10, 8] combined 1072 players 228 retained 114 seconds 0.18982362910173833
am2_window_01_frame_28019 pair 159 [10, 9] combined 6840 players 706 retained 256 seconds 1.0612604829948395
am2_window_01_frame_28019 pair 162 [10, 13] combined 5964 players 356 retained 178 seconds 0.9367734862025827
am2_window_01_frame_28019 pair 164 [10, 15] combined 0 players 0 retained 0 seconds 0.012987027177587152
am2_window_01_frame_28019 pair 168 [11, 3] combined 1836 players 24 retained 12 seconds 0.2995301450137049
am2_window_01_frame_28019 pair 173 [11, 8] combined 128 players 10 retained 5 seconds 0.03305281209759414
am2_window_01_frame_28019 pair 174 [11, 9] combined 980 players 302 retained 152 seconds 0.17246412299573421
am2_window_01_frame_28019 pair 177 [11, 13] combined 1024 players 6 retained 3 seconds 0.1689826948568225
am2_window_01_frame_28019 pair 183 [12, 3] combined 6972 players 520 retained 235 seconds 1.1159792910329998
am2_window_01_frame_28019 pair 188 [12, 8] combined 1968 players 0 retained 0 seconds 0.31371254310943186
am2_window_01_frame_28019 pair 189 [12, 9] combined 10560 players 2700 retained 256 seconds 1.644509302917868
am2_window_01_frame_28019 pair 192 [12, 13] combined 5160 players 0 retained 0 seconds 0.8195881729479879
am2_window_01_frame_28019 pair 194 [12, 15] combined 0 players 0 retained 0 seconds 0.013628748012706637
am2_window_01_frame_28019 pair 195 [13, 0] combined 37888 players 3516 retained 256 seconds 5.928607135079801
am2_window_01_frame_28019 pair 196 [13, 1] combined 16384 players 6460 retained 256 seconds 2.685270689893514
am2_window_01_frame_28019 pair 197 [13, 2] combined 5400 players 1700 retained 256 seconds 0.8847981500439346
am2_window_01_frame_28019 pair 199 [13, 4] combined 2280 players 692 retained 256 seconds 0.387956130085513
am2_window_01_frame_28019 pair 200 [13, 5] combined 480 players 156 retained 78 seconds 0.09458196605555713
am2_window_01_frame_28019 pair 201 [13, 6] combined 624 players 72 retained 36 seconds 0.11274024308659136
am2_window_01_frame_28019 pair 202 [13, 7] combined 38912 players 2508 retained 256 seconds 6.032621860969812
am2_window_01_frame_28019 pair 205 [13, 10] combined 9620 players 484 retained 242 seconds 1.496880813036114
am2_window_01_frame_28019 pair 206 [13, 11] combined 1824 players 126 retained 63 seconds 0.2997644580900669
am2_window_01_frame_28019 pair 207 [13, 12] combined 10044 players 10 retained 5 seconds 1.5852140709757805
am2_window_01_frame_28019 pair 211 [14, 1] combined 6144 players 2526 retained 256 seconds 1.0898184089455754
am2_window_01_frame_28019 pair 219 [14, 9] combined 460 players 218 retained 109 seconds 0.22013875795528293
am2_window_01_frame_28019 pair 224 [14, 15] combined 0 players 0 retained 0 seconds 0.0076775988563895226
am2_window_01_frame_28019 pair 226 [15, 1] combined 0 players 0 retained 0 seconds 0.03860659501515329
am2_window_01_frame_28019 pair 231 [15, 6] combined 0 players 0 retained 0 seconds 0.00724976509809494
am2_window_01_frame_28019 pair 235 [15, 10] combined 0 players 0 retained 0 seconds 0.011421506991609931
am2_window_01_frame_28019 pair 237 [15, 12] combined 0 players 0 retained 0 seconds 0.0117336749099195
am2_window_01_frame_28019 pair 239 [15, 14] combined 0 players 0 retained 0 seconds 0.004263769136741757
am2_window_01_frame_28019 paint generated pooled 12383 entries 256 winners 15:1713 15:1713 seconds 299.3
am2_window_01_frame_28019 exact final-evaluation replay passed
am2_window_01_frame_28019 exact selection replay passed
am2_window_01_frame_28019 exact final-evaluation replay passed
am2_window_01_frame_28019 exact selection replay passed
am2_window_01_frame_28019 full evidence 0 of 764 seconds 7.043126970529556e-06
am2_window_01_frame_28019 full evidence 512 of 764 seconds 11.082885666983202
am2_window_01_frame_28019 paint complete {'case_id': 'am2_window_01_frame_28019', 'arm': 'paint', 'status': 'generated', 'generation_s': 299.31096740905195, 'camera_first_s': 12.904598477995023, 'all_camera_s': 22.97825611103326, 'winners': {'results': ('15:1713', '15:1713'), 'camera_first': ('15:1713', '15:1713'), 'all_camera': ('15:1713', '15:1713')}}
