run_automatic from /scratch/ahalperi/court_det_fix/paint_geometry_20260909/automatic_axes_20260914/run_automatic.py
gxBQ_window_00_frame_0 pair 0 [0, 1] combined 262144 players 38896 retained 256 seconds 29.608256208943203
gxBQ_window_00_frame_0 pair 2 [0, 3] combined 251904 players 74874 retained 256 seconds 27.177495145006105
gxBQ_window_00_frame_0 pair 3 [0, 4] combined 3072 players 260 retained 121 seconds 8.055137387942523
gxBQ_window_00_frame_0 pair 5 [0, 6] combined 178176 players 46122 retained 256 seconds 21.34862036188133
gxBQ_window_00_frame_0 pair 7 [0, 8] combined 262144 players 77354 retained 256 seconds 28.103054790059105
gxBQ_window_00_frame_0 pair 8 [0, 9] combined 262144 players 46634 retained 256 seconds 27.2152725730557
gxBQ_window_00_frame_0 pair 9 [0, 10] combined 262144 players 5038 retained 256 seconds 25.45252648089081
gxBQ_window_00_frame_0 pair 11 [0, 12] combined 28672 players 504 retained 252 seconds 9.70205914392136
gxBQ_window_00_frame_0 pair 15 [1, 0] combined 262144 players 58390 retained 256 seconds 23.975315924035385
gxBQ_window_00_frame_0 pair 16 [1, 2] combined 262144 players 68594 retained 256 seconds 20.20978499017656
gxBQ_window_00_frame_0 pair 17 [1, 3] combined 262144 players 3408 retained 256 seconds 17.983070936985314
gxBQ_window_00_frame_0 pair 18 [1, 4] combined 23552 players 4 retained 2 seconds 1.7409375270362943
gxBQ_window_00_frame_0 pair 19 [1, 5] combined 262144 players 12546 retained 256 seconds 19.592191922012717
gxBQ_window_00_frame_0 pair 21 [1, 7] combined 262144 players 17442 retained 256 seconds 19.132638322887942
gxBQ_window_00_frame_0 pair 22 [1, 8] combined 262144 players 10400 retained 256 seconds 18.28942220006138
gxBQ_window_00_frame_0 pair 25 [1, 11] combined 88064 players 726 retained 256 seconds 6.298836529953405
gxBQ_window_00_frame_0 pair 27 [1, 13] combined 262144 players 62996 retained 256 seconds 24.518981959903613
gxBQ_window_00_frame_0 pair 28 [1, 14] combined 262144 players 46794 retained 256 seconds 23.984472512966022
gxBQ_window_00_frame_0 pair 29 [1, 15] combined 262144 players 64054 retained 256 seconds 23.231260676169768
gxBQ_window_00_frame_0 pair 31 [2, 1] combined 262144 players 19660 retained 256 seconds 19.288082622922957
gxBQ_window_00_frame_0 pair 32 [2, 3] combined 252928 players 79328 retained 256 seconds 20.21072402689606
gxBQ_window_00_frame_0 pair 33 [2, 4] combined 7168 players 2670 retained 256 seconds 1.2056728049647063
gxBQ_window_00_frame_0 pair 35 [2, 6] combined 168960 players 29082 retained 256 seconds 12.998632119968534
gxBQ_window_00_frame_0 pair 37 [2, 8] combined 262144 players 81270 retained 256 seconds 21.011180693050846
gxBQ_window_00_frame_0 pair 38 [2, 9] combined 262144 players 15802 retained 256 seconds 117.23073091101833
gxBQ_window_00_frame_0 pair 39 [2, 10] combined 262144 players 12948 retained 256 seconds 20.44918916700408
gxBQ_window_00_frame_0 pair 41 [2, 12] combined 0 players 0 retained 0 seconds 0.5992169149685651
gxBQ_window_00_frame_0 pair 45 [3, 0] combined 181248 players 48448 retained 256 seconds 18.577753527089953
gxBQ_window_00_frame_0 pair 46 [3, 1] combined 262144 players 3490 retained 256 seconds 18.916009126929566
gxBQ_window_00_frame_0 pair 47 [3, 2] combined 183296 players 36848 retained 256 seconds 14.741860755020753
gxBQ_window_00_frame_0 pair 49 [3, 5] combined 182272 players 32294 retained 256 seconds 15.43782384088263
gxBQ_window_00_frame_0 pair 50 [3, 6] combined 225280 players 1672 retained 256 seconds 16.18687495100312
gxBQ_window_00_frame_0 pair 51 [3, 7] combined 179200 players 28710 retained 256 seconds 14.356644392944872
gxBQ_window_00_frame_0 pair 53 [3, 9] combined 262144 players 1958 retained 256 seconds 2286.069812328089
gxBQ_window_00_frame_0 pair 54 [3, 10] combined 82560 players 3152 retained 256 seconds 5.707882968941703
gxBQ_window_00_frame_0 pair 57 [3, 13] combined 181248 players 48062 retained 256 seconds 17.94881172897294
gxBQ_window_00_frame_0 pair 58 [3, 14] combined 179200 players 41238 retained 256 seconds 17.533880528062582
gxBQ_window_00_frame_0 pair 59 [3, 15] combined 181248 players 48376 retained 256 seconds 16.987156318034977
gxBQ_window_00_frame_0 pair 60 [4, 0] combined 1024 players 16 retained 8 seconds 4.275800599949434
gxBQ_window_00_frame_0 pair 61 [4, 1] combined 1024 players 0 retained 0 seconds 0.15645725303329527
gxBQ_window_00_frame_0 pair 62 [4, 2] combined 4096 players 0 retained 0 seconds 0.598539095139131
gxBQ_window_00_frame_0 pair 64 [4, 5] combined 1024 players 28 retained 13 seconds 1.2083986059296876
gxBQ_window_00_frame_0 pair 65 [4, 6] combined 1024 players 22 retained 11 seconds 0.09640586702153087
gxBQ_window_00_frame_0 pair 68 [4, 9] combined 1024 players 0 retained 0 seconds 0.15652527520433068
gxBQ_window_00_frame_0 pair 72 [4, 13] combined 1024 players 0 retained 0 seconds 4.347866310970858
gxBQ_window_00_frame_0 pair 73 [4, 14] combined 1024 players 24 retained 12 seconds 4.352028983877972
gxBQ_window_00_frame_0 pair 74 [4, 15] combined 1024 players 20 retained 10 seconds 3.3940129440743476
gxBQ_window_00_frame_0 pair 76 [5, 1] combined 262144 players 100216 retained 256 seconds 22.55762354005128
gxBQ_window_00_frame_0 pair 78 [5, 3] combined 252928 players 34958 retained 256 seconds 20.209430660121143
gxBQ_window_00_frame_0 pair 79 [5, 4] combined 3072 players 12 retained 6 seconds 2.259995476808399
gxBQ_window_00_frame_0 pair 80 [5, 6] combined 171008 players 68756 retained 256 seconds 15.461792125133798
gxBQ_window_00_frame_0 pair 82 [5, 8] combined 262144 players 77082 retained 256 seconds 21.93589362106286
gxBQ_window_00_frame_0 pair 83 [5, 9] combined 262144 players 82548 retained 256 seconds 22.158762735081837
gxBQ_window_00_frame_0 pair 84 [5, 10] combined 223232 players 0 retained 0 seconds 17.11228164518252
gxBQ_window_00_frame_0 pair 86 [5, 12] combined 15360 players 210 retained 105 seconds 3.0046340548433363
gxBQ_window_00_frame_0 pair 90 [6, 0] combined 95232 players 19672 retained 256 seconds 11.050454715965316
gxBQ_window_00_frame_0 pair 92 [6, 2] combined 94208 players 19440 retained 256 seconds 7.259027580963448
gxBQ_window_00_frame_0 pair 93 [6, 3] combined 190464 players 3446 retained 256 seconds 13.016360851936042
gxBQ_window_00_frame_0 pair 94 [6, 4] combined 5428 players 86 retained 43 seconds 0.4020396489650011
gxBQ_window_00_frame_0 pair 95 [6, 5] combined 98304 players 6080 retained 256 seconds 7.918808747082949
gxBQ_window_00_frame_0 pair 96 [6, 7] combined 93184 players 6418 retained 256 seconds 7.060885315062478
gxBQ_window_00_frame_0 pair 97 [6, 8] combined 138240 players 706 retained 256 seconds 9.376414478057995
gxBQ_window_00_frame_0 pair 100 [6, 11] combined 44032 players 5276 retained 256 seconds 3.192766330903396
gxBQ_window_00_frame_0 pair 101 [6, 12] combined 0 players 0 retained 0 seconds 0.02929709292948246
gxBQ_window_00_frame_0 pair 102 [6, 13] combined 93184 players 22028 retained 256 seconds 11.192280323943123
gxBQ_window_00_frame_0 pair 103 [6, 14] combined 95232 players 20634 retained 256 seconds 11.310723710805178
gxBQ_window_00_frame_0 pair 104 [6, 15] combined 96256 players 19720 retained 256 seconds 10.379735197173432
gxBQ_window_00_frame_0 pair 106 [7, 1] combined 262144 players 99128 retained 256 seconds 21.312686945078894
gxBQ_window_00_frame_0 pair 108 [7, 3] combined 262144 players 15872 retained 256 seconds 19.24283441901207
gxBQ_window_00_frame_0 pair 111 [7, 6] combined 179200 players 71644 retained 256 seconds 14.924146982142702
gxBQ_window_00_frame_0 pair 112 [7, 8] combined 262144 players 29196 retained 256 seconds 19.53907227795571
gxBQ_window_00_frame_0 pair 113 [7, 9] combined 262144 players 102490 retained 256 seconds 21.438856701832265
gxBQ_window_00_frame_0 pair 115 [7, 11] combined 65536 players 598 retained 250 seconds 5.411443073069677
gxBQ_window_00_frame_0 pair 120 [8, 0] combined 262144 players 93050 retained 256 seconds 24.315622597001493
gxBQ_window_00_frame_0 pair 121 [8, 1] combined 262144 players 6590 retained 256 seconds 17.947566823102534
gxBQ_window_00_frame_0 pair 122 [8, 2] combined 262144 players 57468 retained 256 seconds 19.678725908044726
gxBQ_window_00_frame_0 pair 125 [8, 5] combined 262144 players 63504 retained 256 seconds 20.621748568024486
gxBQ_window_00_frame_0 pair 126 [8, 6] combined 166912 players 480 retained 242 seconds 11.33473211992532
gxBQ_window_00_frame_0 pair 127 [8, 7] combined 262144 players 52356 retained 256 seconds 19.544670137111098
gxBQ_window_00_frame_0 pair 128 [8, 9] combined 262144 players 3864 retained 256 seconds 17.82214673794806
gxBQ_window_00_frame_0 pair 129 [8, 10] combined 86016 players 3060 retained 256 seconds 5.898441412951797
gxBQ_window_00_frame_0 pair 132 [8, 13] combined 262144 players 96334 retained 256 seconds 24.847643763991073
gxBQ_window_00_frame_0 pair 133 [8, 14] combined 262144 players 86954 retained 256 seconds 24.403577800141647
gxBQ_window_00_frame_0 pair 134 [8, 15] combined 262144 players 94184 retained 256 seconds 23.567891652928665
gxBQ_window_00_frame_0 pair 135 [9, 0] combined 262144 players 56574 retained 256 seconds 23.490736627951264
gxBQ_window_00_frame_0 pair 137 [9, 2] combined 262144 players 56756 retained 256 seconds 19.56468736892566
gxBQ_window_00_frame_0 pair 138 [9, 3] combined 262144 players 1344 retained 256 seconds 17.71670693415217
gxBQ_window_00_frame_0 pair 139 [9, 4] combined 19456 players 0 retained 0 seconds 1.4373939589131624
gxBQ_window_00_frame_0 pair 140 [9, 5] combined 262144 players 11324 retained 256 seconds 19.183515198994428
gxBQ_window_00_frame_0 pair 142 [9, 7] combined 262144 players 14848 retained 256 seconds 18.83839303208515
gxBQ_window_00_frame_0 pair 143 [9, 8] combined 262144 players 4700 retained 256 seconds 20.163755957968533
gxBQ_window_00_frame_0 pair 145 [9, 11] combined 97280 players 1856 retained 256 seconds 7.2009607390500605
gxBQ_window_00_frame_0 pair 147 [9, 13] combined 262144 players 73612 retained 256 seconds 25.527442910009995
gxBQ_window_00_frame_0 pair 148 [9, 14] combined 262144 players 66382 retained 256 seconds 25.56171347410418
gxBQ_window_00_frame_0 pair 149 [9, 15] combined 262144 players 60352 retained 256 seconds 24.13888660003431
gxBQ_window_00_frame_0 pair 150 [10, 0] combined 105472 players 102 retained 51 seconds 11.566560516832396
gxBQ_window_00_frame_0 pair 152 [10, 2] combined 83968 players 2628 retained 256 seconds 6.260899553075433
gxBQ_window_00_frame_0 pair 153 [10, 3] combined 52224 players 20398 retained 256 seconds 4.248236306942999
gxBQ_window_00_frame_0 pair 155 [10, 5] combined 94208 players 0 retained 0 seconds 7.828849342884496
gxBQ_window_00_frame_0 pair 158 [10, 8] combined 54272 players 22224 retained 256 seconds 4.5817295459564775
gxBQ_window_00_frame_0 pair 160 [10, 11] combined 9360 players 3840 retained 256 seconds 0.813340893946588
gxBQ_window_00_frame_0 pair 162 [10, 13] combined 92160 players 694 retained 256 seconds 10.88433550298214
gxBQ_window_00_frame_0 pair 163 [10, 14] combined 89088 players 190 retained 97 seconds 10.615683936048299
gxBQ_window_00_frame_0 pair 164 [10, 15] combined 107520 players 34 retained 17 seconds 10.955543939955533
gxBQ_window_00_frame_0 pair 166 [11, 1] combined 105472 players 680 retained 256 seconds 7.866351471981034
gxBQ_window_00_frame_0 pair 171 [11, 6] combined 44880 players 4638 retained 256 seconds 3.371236537816003
gxBQ_window_00_frame_0 pair 172 [11, 7] combined 61440 players 1418 retained 256 seconds 4.906144963111728
gxBQ_window_00_frame_0 pair 174 [11, 9] combined 117760 players 466 retained 232 seconds 8.591215118998662
gxBQ_window_00_frame_0 pair 175 [11, 10] combined 12960 players 610 retained 256 seconds 0.9833439339417964
gxBQ_window_00_frame_0 pair 180 [12, 0] combined 2048 players 0 retained 0 seconds 4.344134988030419
gxBQ_window_00_frame_0 pair 182 [12, 2] combined 0 players 0 retained 0 seconds 0.32021039188839495
gxBQ_window_00_frame_0 pair 185 [12, 5] combined 0 players 0 retained 0 seconds 1.095591810066253
gxBQ_window_00_frame_0 pair 186 [12, 6] combined 972 players 290 retained 145 seconds 0.1067499800119549
gxBQ_window_00_frame_0 pair 192 [12, 13] combined 1024 players 0 retained 0 seconds 4.406010947888717
gxBQ_window_00_frame_0 pair 193 [12, 14] combined 0 players 0 retained 0 seconds 4.325257036834955
gxBQ_window_00_frame_0 pair 194 [12, 15] combined 2048 players 0 retained 0 seconds 3.4808212779462337
gxBQ_window_00_frame_0 pair 196 [13, 1] combined 262144 players 52682 retained 256 seconds 28.16593684302643
gxBQ_window_00_frame_0 pair 198 [13, 3] combined 251904 players 78316 retained 256 seconds 28.193018516059965
gxBQ_window_00_frame_0 pair 199 [13, 4] combined 3072 players 258 retained 105 seconds 8.0271766979713
gxBQ_window_00_frame_0 pair 201 [13, 6] combined 167936 players 47638 retained 256 seconds 21.166123545961455
gxBQ_window_00_frame_0 pair 203 [13, 8] combined 262144 players 82450 retained 256 seconds 29.179135584039614
gxBQ_window_00_frame_0 pair 204 [13, 9] combined 262144 players 49650 retained 256 seconds 28.039961950853467
gxBQ_window_00_frame_0 pair 205 [13, 10] combined 262144 players 14152 retained 256 seconds 26.96891918196343
gxBQ_window_00_frame_0 pair 207 [13, 12] combined 29696 players 574 retained 256 seconds 9.838751664152369
gxBQ_window_00_frame_0 pair 211 [14, 1] combined 262144 players 35688 retained 256 seconds 27.67369349510409
gxBQ_window_00_frame_0 pair 213 [14, 3] combined 257024 players 74530 retained 256 seconds 28.541438198182732
gxBQ_window_00_frame_0 pair 214 [14, 4] combined 3072 players 238 retained 107 seconds 8.193160008871928
gxBQ_window_00_frame_0 pair 216 [14, 6] combined 173056 players 38064 retained 256 seconds 21.412998187122867
gxBQ_window_00_frame_0 pair 218 [14, 8] combined 262144 players 71778 retained 256 seconds 28.44984029000625
gxBQ_window_00_frame_0 pair 219 [14, 9] combined 262144 players 33050 retained 256 seconds 27.77795525593683
gxBQ_window_00_frame_0 pair 220 [14, 10] combined 262144 players 6260 retained 256 seconds 26.42265277192928
gxBQ_window_00_frame_0 pair 222 [14, 12] combined 12288 players 1044 retained 256 seconds 8.68166861613281
gxBQ_window_00_frame_0 pair 226 [15, 1] combined 262144 players 43230 retained 256 seconds 26.34600415499881
gxBQ_window_00_frame_0 pair 228 [15, 3] combined 253952 players 78538 retained 256 seconds 26.739507944090292
gxBQ_window_00_frame_0 pair 229 [15, 4] combined 4096 players 676 retained 256 seconds 6.4418446640484035
gxBQ_window_00_frame_0 pair 231 [15, 6] combined 176128 players 55300 retained 256 seconds 20.17755945608951
gxBQ_window_00_frame_0 pair 233 [15, 8] combined 262144 players 84710 retained 256 seconds 27.611261361045763
gxBQ_window_00_frame_0 pair 234 [15, 9] combined 262144 players 51126 retained 256 seconds 26.615444744937122
gxBQ_window_00_frame_0 pair 235 [15, 10] combined 262144 players 7054 retained 256 seconds 25.330547989113256
gxBQ_window_00_frame_0 pair 237 [15, 12] combined 34816 players 432 retained 216 seconds 8.513572853058577
gxBQ_window_00_frame_0 person_observations generated pooled 28669 entries 256 winners 22:6837 22:6845 seconds 4444.0
gxBQ_window_00_frame_0 exact final-evaluation replay passed
gxBQ_window_00_frame_0 exact selection replay passed
gxBQ_window_00_frame_0 exact final-evaluation replay passed
gxBQ_window_00_frame_0 exact selection replay passed
gxBQ_window_00_frame_0 full evidence 0 of 2260 seconds 1.0125106200575829e-05
gxBQ_window_00_frame_0 full evidence 512 of 2260 seconds 51.051479555200785
gxBQ_window_00_frame_0 full evidence 1024 of 2260 seconds 102.31366465217434
gxBQ_window_00_frame_0 full evidence 1536 of 2260 seconds 150.08827794506215
gxBQ_window_00_frame_0 full evidence 2048 of 2260 seconds 197.8180387641769
gxBQ_window_00_frame_0 person_observations complete {'case_id': 'gxBQ_window_00_frame_0', 'arm': 'person_observations', 'status': 'generated', 'generation_s': 4443.958049389999, 'camera_first_s': 49.09754906804301, 'all_camera_s': 247.31006822618656, 'winners': {'results': ('22:6837', '22:6845'), 'camera_first': ('22:6837', '22:6845'), 'all_camera': ('22:6837', '46:3305')}}
