run_automatic from /scratch/ahalperi/court_det_fix/paint_geometry_20260909/automatic_axes_20260914/run_automatic.py
am2_window_01_frame_28019 pair 0 [0, 1] combined 262144 players 16026 retained 256 seconds 44.955431818030775
am2_window_01_frame_28019 pair 4 [0, 5] combined 19456 players 90 retained 44 seconds 4.164486401947215
am2_window_01_frame_28019 pair 5 [0, 6] combined 13312 players 1734 retained 256 seconds 2.633837861008942
am2_window_01_frame_28019 pair 10 [0, 11] combined 262144 players 6254 retained 256 seconds 42.424066609935835
am2_window_01_frame_28019 pair 13 [0, 14] combined 0 players 0 retained 0 seconds 0.4489462859928608
am2_window_01_frame_28019 pair 15 [1, 0] combined 262144 players 16248 retained 256 seconds 43.310609692009166
am2_window_01_frame_28019 pair 16 [1, 2] combined 262144 players 11500 retained 256 seconds 42.82557250908576
am2_window_01_frame_28019 pair 18 [1, 4] combined 262144 players 6378 retained 256 seconds 41.89423585799523
am2_window_01_frame_28019 pair 19 [1, 5] combined 10240 players 3116 retained 256 seconds 1.8481165480334312
am2_window_01_frame_28019 pair 20 [1, 6] combined 7168 players 1950 retained 256 seconds 1.347236709902063
am2_window_01_frame_28019 pair 21 [1, 7] combined 262144 players 2854 retained 256 seconds 42.46826566499658
am2_window_01_frame_28019 pair 22 [1, 8] combined 41984 players 4642 retained 256 seconds 7.031715738819912
am2_window_01_frame_28019 pair 24 [1, 10] combined 32768 players 4566 retained 256 seconds 5.494287008885294
am2_window_01_frame_28019 pair 27 [1, 13] combined 0 players 0 retained 0 seconds 0.12643335107713938
am2_window_01_frame_28019 pair 31 [2, 1] combined 262144 players 13706 retained 256 seconds 43.24204023904167
am2_window_01_frame_28019 pair 34 [2, 5] combined 7168 players 340 retained 168 seconds 1.4469531341455877
am2_window_01_frame_28019 pair 35 [2, 6] combined 12288 players 3648 retained 256 seconds 2.32630144408904
am2_window_01_frame_28019 pair 40 [2, 11] combined 262144 players 9784 retained 256 seconds 41.89067381899804
am2_window_01_frame_28019 pair 43 [2, 14] combined 0 players 0 retained 0 seconds 0.2820191339123994
am2_window_01_frame_28019 pair 48 [3, 4] combined 70656 players 2896 retained 256 seconds 11.267934949835762
am2_window_01_frame_28019 pair 49 [3, 5] combined 1792 players 560 retained 256 seconds 0.3422648380510509
am2_window_01_frame_28019 pair 50 [3, 6] combined 528 players 0 retained 0 seconds 0.09666308015584946
am2_window_01_frame_28019 pair 52 [3, 8] combined 8448 players 434 retained 217 seconds 1.3893951929640025
am2_window_01_frame_28019 pair 54 [3, 10] combined 5500 players 504 retained 252 seconds 0.940765427891165
am2_window_01_frame_28019 pair 57 [3, 13] combined 0 players 0 retained 0 seconds 0.009065491845831275
am2_window_01_frame_28019 pair 61 [4, 1] combined 262144 players 5220 retained 256 seconds 41.9337236629799
am2_window_01_frame_28019 pair 63 [4, 3] combined 78848 players 1730 retained 256 seconds 12.549825249006972
am2_window_01_frame_28019 pair 64 [4, 5] combined 5120 players 1480 retained 256 seconds 0.9367543710395694
am2_window_01_frame_28019 pair 65 [4, 6] combined 4096 players 928 retained 256 seconds 0.7656958710867912
am2_window_01_frame_28019 pair 68 [4, 9] combined 262144 players 18438 retained 256 seconds 141.2973634400405
am2_window_01_frame_28019 pair 70 [4, 11] combined 262144 players 9996 retained 256 seconds 41.673302370123565
am2_window_01_frame_28019 pair 71 [4, 12] combined 50176 players 1114 retained 256 seconds 8.205922607099637
am2_window_01_frame_28019 pair 73 [4, 14] combined 0 players 0 retained 0 seconds 0.05435363692231476
am2_window_01_frame_28019 pair 75 [5, 0] combined 28672 players 1602 retained 256 seconds 4.86369730392471
am2_window_01_frame_28019 pair 76 [5, 1] combined 18432 players 6626 retained 256 seconds 3.225244088098407
am2_window_01_frame_28019 pair 77 [5, 2] combined 7168 players 2622 retained 256 seconds 1.4279995039105415
am2_window_01_frame_28019 pair 78 [5, 3] combined 1056 players 64 retained 32 seconds 0.19004599889740348
am2_window_01_frame_28019 pair 79 [5, 4] combined 9216 players 2358 retained 256 seconds 2.1345258480869234
am2_window_01_frame_28019 pair 81 [5, 7] combined 22528 players 1674 retained 256 seconds 5.571660114917904
am2_window_01_frame_28019 pair 82 [5, 8] combined 5040 players 1118 retained 256 seconds 0.838420154992491
am2_window_01_frame_28019 pair 83 [5, 9] combined 4704 players 0 retained 0 seconds 0.744288588874042
am2_window_01_frame_28019 pair 85 [5, 11] combined 12852 players 630 retained 256 seconds 1.9957644739188254
am2_window_01_frame_28019 pair 86 [5, 12] combined 2240 players 116 retained 58 seconds 0.3804747178219259
am2_window_01_frame_28019 pair 89 [5, 15] combined 0 players 0 retained 0 seconds 0.00846952898427844
am2_window_01_frame_28019 pair 90 [6, 0] combined 19456 players 3938 retained 256 seconds 4.09558072197251
am2_window_01_frame_28019 pair 91 [6, 1] combined 12288 players 4754 retained 256 seconds 2.1816428338643163
am2_window_01_frame_28019 pair 92 [6, 2] combined 15360 players 3168 retained 256 seconds 2.7061333160381764
am2_window_01_frame_28019 pair 93 [6, 3] combined 1360 players 0 retained 0 seconds 0.23300191503949463
am2_window_01_frame_28019 pair 94 [6, 4] combined 5120 players 2022 retained 256 seconds 1.013075645081699
am2_window_01_frame_28019 pair 96 [6, 7] combined 0 players 0 retained 0 seconds 0.026306560030207038
am2_window_01_frame_28019 pair 97 [6, 8] combined 1152 players 356 retained 174 seconds 0.2208818520884961
am2_window_01_frame_28019 pair 98 [6, 9] combined 6960 players 0 retained 0 seconds 1.148998468881473
am2_window_01_frame_28019 pair 100 [6, 11] combined 6016 players 368 retained 184 seconds 1.2264958990272135
am2_window_01_frame_28019 pair 101 [6, 12] combined 1400 players 0 retained 0 seconds 0.36895107896998525
am2_window_01_frame_28019 pair 104 [6, 15] combined 0 players 0 retained 0 seconds 0.00954164401628077
am2_window_01_frame_28019 pair 106 [7, 1] combined 262144 players 2988 retained 256 seconds 2308.7441229070537
am2_window_01_frame_28019 pair 110 [7, 5] combined 13312 players 94 retained 47 seconds 2.0673315881285816
am2_window_01_frame_28019 pair 111 [7, 6] combined 17408 players 4000 retained 256 seconds 2.7727611421141773
am2_window_01_frame_28019 pair 115 [7, 11] combined 237568 players 22750 retained 256 seconds 37.714974605012685
am2_window_01_frame_28019 pair 121 [8, 1] combined 52224 players 11452 retained 256 seconds 8.330334035912529
am2_window_01_frame_28019 pair 123 [8, 3] combined 11664 players 1940 retained 256 seconds 1.8469721670262516
am2_window_01_frame_28019 pair 125 [8, 5] combined 4020 players 1782 retained 256 seconds 0.7296529819723219
am2_window_01_frame_28019 pair 126 [8, 6] combined 1340 players 328 retained 149 seconds 0.2400927811395377
am2_window_01_frame_28019 pair 130 [8, 11] combined 42228 players 4980 retained 256 seconds 6.568095004884526
am2_window_01_frame_28019 pair 132 [8, 13] combined 0 players 0 retained 0 seconds 0.017695705173537135
am2_window_01_frame_28019 pair 133 [8, 14] combined 380 players 0 retained 0 seconds 0.07011597906239331
am2_window_01_frame_28019 pair 139 [9, 4] combined 262144 players 18958 retained 256 seconds 39.43353134393692
am2_window_01_frame_28019 pair 140 [9, 5] combined 2096 players 0 retained 0 seconds 0.35216528200544417
am2_window_01_frame_28019 pair 141 [9, 6] combined 1968 players 0 retained 0 seconds 0.32643352495506406
am2_window_01_frame_28019 pair 144 [9, 10] combined 15548 players 726 retained 256 seconds 2.5095810359343886
am2_window_01_frame_28019 pair 147 [9, 13] combined 0 players 0 retained 0 seconds 0.02887588692829013
am2_window_01_frame_28019 pair 151 [10, 1] combined 47104 players 8830 retained 256 seconds 7.38945650588721
am2_window_01_frame_28019 pair 153 [10, 3] combined 9016 players 824 retained 256 seconds 1.4544949769042432
am2_window_01_frame_28019 pair 159 [10, 9] combined 29952 players 4078 retained 256 seconds 4.87614522408694
am2_window_01_frame_28019 pair 160 [10, 11] combined 31992 players 2494 retained 256 seconds 4.889550524996594
am2_window_01_frame_28019 pair 161 [10, 12] combined 5460 players 248 retained 124 seconds 0.8832045630551875
am2_window_01_frame_28019 pair 164 [10, 15] combined 0 players 0 retained 0 seconds 0.012779096839949489
am2_window_01_frame_28019 pair 165 [11, 0] combined 258048 players 630 retained 256 seconds 39.08596593304537
am2_window_01_frame_28019 pair 167 [11, 2] combined 262144 players 4774 retained 256 seconds 39.37605042778887
am2_window_01_frame_28019 pair 169 [11, 4] combined 232448 players 10882 retained 256 seconds 34.95004345593043
am2_window_01_frame_28019 pair 170 [11, 5] combined 9360 players 2496 retained 256 seconds 1.5258548790588975
am2_window_01_frame_28019 pair 171 [11, 6] combined 5432 players 1616 retained 256 seconds 0.9880729799624532
am2_window_01_frame_28019 pair 172 [11, 7] combined 204800 players 34340 retained 256 seconds 32.49396395497024
am2_window_01_frame_28019 pair 173 [11, 8] combined 32680 players 3552 retained 256 seconds 5.159775743959472
am2_window_01_frame_28019 pair 175 [11, 10] combined 18408 players 3400 retained 256 seconds 2.908610936952755
am2_window_01_frame_28019 pair 177 [11, 13] combined 0 players 0 retained 0 seconds 0.030624601989984512
am2_window_01_frame_28019 pair 184 [12, 4] combined 48128 players 1120 retained 256 seconds 7.532065654871985
am2_window_01_frame_28019 pair 185 [12, 5] combined 2332 players 176 retained 88 seconds 0.38433035695925355
am2_window_01_frame_28019 pair 186 [12, 6] combined 1980 players 0 retained 0 seconds 0.3090614420361817
am2_window_01_frame_28019 pair 190 [12, 10] combined 4928 players 216 retained 108 seconds 0.8004712688270956
am2_window_01_frame_28019 pair 196 [13, 1] combined 0 players 0 retained 0 seconds 0.059950601076707244
am2_window_01_frame_28019 pair 198 [13, 3] combined 0 players 0 retained 0 seconds 0.0049056909047067165
am2_window_01_frame_28019 pair 203 [13, 8] combined 0 players 0 retained 0 seconds 0.008716018870472908
am2_window_01_frame_28019 pair 204 [13, 9] combined 0 players 0 retained 0 seconds 0.01509453495964408
am2_window_01_frame_28019 pair 206 [13, 11] combined 0 players 0 retained 0 seconds 0.01581658492796123
am2_window_01_frame_28019 pair 209 [13, 15] combined 0 players 0 retained 0 seconds 0.001587247010320425
am2_window_01_frame_28019 pair 210 [14, 0] combined 2048 players 58 retained 27 seconds 0.5477143190801144
am2_window_01_frame_28019 pair 212 [14, 2] combined 2048 players 20 retained 9 seconds 0.4599684390705079
am2_window_01_frame_28019 pair 214 [14, 4] combined 0 players 0 retained 0 seconds 0.02884855796582997
am2_window_01_frame_28019 pair 218 [14, 8] combined 320 players 2 retained 1 seconds 0.06417192798107862
am2_window_01_frame_28019 pair 230 [15, 5] combined 0 players 0 retained 0 seconds 0.00465232296846807
am2_window_01_frame_28019 pair 231 [15, 6] combined 0 players 0 retained 0 seconds 0.0035793189890682697
am2_window_01_frame_28019 pair 235 [15, 10] combined 0 players 0 retained 0 seconds 0.006991055095568299
am2_window_01_frame_28019 pair 238 [15, 13] combined 0 players 0 retained 0 seconds 0.001444811001420021
am2_window_01_frame_28019 person_observations generated pooled 16018 entries 256 winners 15:776 15:217 seconds 3277.0
am2_window_01_frame_28019 exact final-evaluation replay passed
am2_window_01_frame_28019 exact selection replay passed
am2_window_01_frame_28019 exact final-evaluation replay passed
am2_window_01_frame_28019 exact selection replay passed
am2_window_01_frame_28019 full evidence 0 of 929 seconds 5.233101546764374e-06
am2_window_01_frame_28019 full evidence 512 of 929 seconds 21.23064181394875
am2_window_01_frame_28019 person_observations complete {'case_id': 'am2_window_01_frame_28019', 'arm': 'person_observations', 'status': 'generated', 'generation_s': 3276.962522933027, 'camera_first_s': 22.30964089697227, 'all_camera_s': 48.36770439310931, 'winners': {'results': ('15:776', '15:217'), 'camera_first': ('15:776', '15:217'), 'all_camera': ('15:776', '15:217')}}
