run_automatic from /scratch/ahalperi/court_det_fix/paint_geometry_20260909/automatic_axes_20260914/run_automatic.py
am2_window_00_frame_150 pair 0 [0, 1] combined 67584 players 8364 retained 256 seconds 10.904962559929118
am2_window_00_frame_150 pair 1 [0, 2] combined 262144 players 4928 retained 256 seconds 29.803292864002287
am2_window_00_frame_150 pair 4 [0, 5] combined 37888 players 428 retained 209 seconds 4.60132953687571
am2_window_00_frame_150 pair 6 [0, 7] combined 262144 players 4914 retained 256 seconds 29.619000046048313
am2_window_00_frame_150 pair 7 [0, 8] combined 12288 players 0 retained 0 seconds 1.6704280839767307
am2_window_00_frame_150 pair 8 [0, 9] combined 0 players 0 retained 0 seconds 0.360065340064466
am2_window_00_frame_150 pair 12 [0, 13] combined 108544 players 1362 retained 256 seconds 12.260754920076579
am2_window_00_frame_150 pair 13 [0, 14] combined 117760 players 1028 retained 256 seconds 13.436423578998074
am2_window_00_frame_150 pair 15 [1, 0] combined 120832 players 28456 retained 256 seconds 14.311263929121196
am2_window_00_frame_150 pair 16 [1, 2] combined 162816 players 49692 retained 256 seconds 19.18252393603325
am2_window_00_frame_150 pair 17 [1, 3] combined 125952 players 26966 retained 256 seconds 14.97873597103171
am2_window_00_frame_150 pair 18 [1, 4] combined 122880 players 27858 retained 256 seconds 14.393424551002681
am2_window_00_frame_150 pair 19 [1, 5] combined 27456 players 7782 retained 256 seconds 3.335254388861358
am2_window_00_frame_150 pair 20 [1, 6] combined 33072 players 3758 retained 256 seconds 3.779931552009657
am2_window_00_frame_150 pair 21 [1, 7] combined 153600 players 44440 retained 256 seconds 18.15922399191186
am2_window_00_frame_150 pair 24 [1, 10] combined 15520 players 4314 retained 256 seconds 1.91466648504138
am2_window_00_frame_150 pair 26 [1, 12] combined 99328 players 26482 retained 256 seconds 11.862316546030343
am2_window_00_frame_150 pair 27 [1, 13] combined 22352 players 1310 retained 256 seconds 2.6195738471578807
am2_window_00_frame_150 pair 28 [1, 14] combined 41860 players 4928 retained 256 seconds 4.803019230952486
am2_window_00_frame_150 pair 30 [2, 0] combined 262144 players 9056 retained 256 seconds 29.713029036996886
am2_window_00_frame_150 pair 31 [2, 1] combined 93184 players 26486 retained 256 seconds 12.11381001304835
am2_window_00_frame_150 pair 32 [2, 3] combined 262144 players 8060 retained 256 seconds 31.241968587972224
am2_window_00_frame_150 pair 33 [2, 4] combined 262144 players 1352 retained 256 seconds 31.278414056869224
am2_window_00_frame_150 pair 35 [2, 6] combined 54272 players 4356 retained 256 seconds 6.580941273132339
am2_window_00_frame_150 pair 37 [2, 8] combined 3072 players 1336 retained 256 seconds 0.6625002480577677
am2_window_00_frame_150 pair 38 [2, 9] combined 0 players 0 retained 0 seconds 0.1753932680003345
am2_window_00_frame_150 pair 39 [2, 10] combined 15360 players 2166 retained 256 seconds 2.033281523035839
am2_window_00_frame_150 pair 41 [2, 12] combined 262144 players 4480 retained 256 seconds 31.770295337075368
am2_window_00_frame_150 pair 44 [2, 15] combined 0 players 0 retained 0 seconds 0.1765770858619362
am2_window_00_frame_150 pair 46 [3, 1] combined 73728 players 6584 retained 256 seconds 9.079170720884576
am2_window_00_frame_150 pair 47 [3, 2] combined 262144 players 13202 retained 256 seconds 31.13224021694623
am2_window_00_frame_150 pair 49 [3, 5] combined 48128 players 1028 retained 256 seconds 5.8587958249263465
am2_window_00_frame_150 pair 51 [3, 7] combined 262144 players 2264 retained 256 seconds 30.791849449975416
am2_window_00_frame_150 pair 52 [3, 8] combined 4096 players 0 retained 0 seconds 0.7942422230262309
am2_window_00_frame_150 pair 53 [3, 9] combined 0 players 0 retained 0 seconds 0.3127800370566547
am2_window_00_frame_150 pair 57 [3, 13] combined 108544 players 3912 retained 256 seconds 12.868449436035007
am2_window_00_frame_150 pair 58 [3, 14] combined 21504 players 298 retained 137 seconds 2.9805028249975294
am2_window_00_frame_150 pair 61 [4, 1] combined 67584 players 2668 retained 256 seconds 8.07426606817171
am2_window_00_frame_150 pair 62 [4, 2] combined 262144 players 2456 retained 256 seconds 122.98549736500718
am2_window_00_frame_150 pair 64 [4, 5] combined 17408 players 0 retained 0 seconds 2.1341083301231265
am2_window_00_frame_150 pair 66 [4, 7] combined 262144 players 14898 retained 256 seconds 31.160474685952067
am2_window_00_frame_150 pair 67 [4, 8] combined 9216 players 1786 retained 256 seconds 1.1933267780113965
am2_window_00_frame_150 pair 68 [4, 9] combined 0 players 0 retained 0 seconds 0.07327954401262105
am2_window_00_frame_150 pair 72 [4, 13] combined 112640 players 1808 retained 256 seconds 13.152981139020994
am2_window_00_frame_150 pair 73 [4, 14] combined 117760 players 3048 retained 256 seconds 14.227256815880537
am2_window_00_frame_150 pair 75 [5, 0] combined 24576 players 0 retained 0 seconds 3.062111172126606
am2_window_00_frame_150 pair 76 [5, 1] combined 10788 players 3366 retained 256 seconds 1.5050716269761324
am2_window_00_frame_150 pair 78 [5, 3] combined 4096 players 0 retained 0 seconds 0.6244830510113388
am2_window_00_frame_150 pair 79 [5, 4] combined 37888 players 0 retained 0 seconds 4.442616130923852
am2_window_00_frame_150 pair 80 [5, 6] combined 2808 players 50 retained 25 seconds 0.3649478009901941
am2_window_00_frame_150 pair 82 [5, 8] combined 128 players 64 retained 25 seconds 0.04058476979844272
am2_window_00_frame_150 pair 83 [5, 9] combined 0 players 0 retained 0 seconds 0.011994240107014775
am2_window_00_frame_150 pair 84 [5, 10] combined 3432 players 122 retained 61 seconds 0.4245197819545865
am2_window_00_frame_150 pair 86 [5, 12] combined 56320 players 0 retained 0 seconds 6.790487339021638
am2_window_00_frame_150 pair 89 [5, 15] combined 0 players 0 retained 0 seconds 0.013122366974130273
am2_window_00_frame_150 pair 91 [6, 1] combined 12880 players 1538 retained 256 seconds 1.587254349142313
am2_window_00_frame_150 pair 92 [6, 2] combined 21504 players 6220 retained 256 seconds 2.774048866936937
am2_window_00_frame_150 pair 95 [6, 5] combined 6688 players 396 retained 198 seconds 0.8171548550017178
am2_window_00_frame_150 pair 96 [6, 7] combined 19456 players 3402 retained 256 seconds 2.5988355400040746
am2_window_00_frame_150 pair 97 [6, 8] combined 144 players 4 retained 2 seconds 0.04973351187072694
am2_window_00_frame_150 pair 98 [6, 9] combined 0 players 0 retained 0 seconds 0.01368148997426033
am2_window_00_frame_150 pair 102 [6, 13] combined 5808 players 1530 retained 256 seconds 0.7956980220042169
am2_window_00_frame_150 pair 103 [6, 14] combined 11484 players 2586 retained 256 seconds 1.47023685881868
am2_window_00_frame_150 pair 105 [7, 0] combined 262144 players 2708 retained 256 seconds 2298.32746763085
am2_window_00_frame_150 pair 106 [7, 1] combined 89088 players 16644 retained 256 seconds 10.759365933947265
am2_window_00_frame_150 pair 108 [7, 3] combined 262144 players 1924 retained 256 seconds 32.20725615811534
am2_window_00_frame_150 pair 109 [7, 4] combined 262144 players 14778 retained 256 seconds 30.640346417902038
am2_window_00_frame_150 pair 111 [7, 6] combined 43008 players 1176 retained 256 seconds 5.092308635823429
am2_window_00_frame_150 pair 112 [7, 8] combined 1024 players 512 retained 241 seconds 0.1800751080736518
am2_window_00_frame_150 pair 114 [7, 10] combined 16384 players 294 retained 140 seconds 1.9511320211458951
am2_window_00_frame_150 pair 116 [7, 12] combined 262144 players 12864 retained 256 seconds 30.461064100963995
am2_window_00_frame_150 pair 119 [7, 15] combined 0 players 0 retained 0 seconds 0.04506304697133601
am2_window_00_frame_150 pair 120 [8, 0] combined 11264 players 1416 retained 256 seconds 1.5911667810287327
am2_window_00_frame_150 pair 122 [8, 2] combined 11264 players 3406 retained 256 seconds 1.4589598029851913
am2_window_00_frame_150 pair 123 [8, 3] combined 7168 players 1314 retained 256 seconds 1.0396457770839334
am2_window_00_frame_150 pair 124 [8, 4] combined 7168 players 1836 retained 256 seconds 0.9192739319987595
am2_window_00_frame_150 pair 125 [8, 5] combined 1512 players 448 retained 185 seconds 0.20209225290454924
am2_window_00_frame_150 pair 126 [8, 6] combined 800 players 134 retained 67 seconds 0.11275141895748675
am2_window_00_frame_150 pair 127 [8, 7] combined 10240 players 3050 retained 256 seconds 1.2867136429995298
am2_window_00_frame_150 pair 129 [8, 10] combined 1640 players 360 retained 180 seconds 0.218308393843472
am2_window_00_frame_150 pair 131 [8, 12] combined 4096 players 808 retained 256 seconds 0.6359453340992332
am2_window_00_frame_150 pair 132 [8, 13] combined 600 players 0 retained 0 seconds 0.07451778487302363
am2_window_00_frame_150 pair 133 [8, 14] combined 732 players 0 retained 0 seconds 0.08534471411257982
am2_window_00_frame_150 pair 135 [9, 0] combined 0 players 0 retained 0 seconds 0.18854488199576735
am2_window_00_frame_150 pair 137 [9, 2] combined 0 players 0 retained 0 seconds 0.09218588098883629
am2_window_00_frame_150 pair 138 [9, 3] combined 0 players 0 retained 0 seconds 0.1672139239963144
am2_window_00_frame_150 pair 139 [9, 4] combined 0 players 0 retained 0 seconds 0.03917079186066985
am2_window_00_frame_150 pair 140 [9, 5] combined 0 players 0 retained 0 seconds 0.007017133058980107
am2_window_00_frame_150 pair 141 [9, 6] combined 0 players 0 retained 0 seconds 0.007173256948590279
am2_window_00_frame_150 pair 144 [9, 10] combined 0 players 0 retained 0 seconds 0.005487438989803195
am2_window_00_frame_150 pair 146 [9, 12] combined 0 players 0 retained 0 seconds 0.027123912004753947
am2_window_00_frame_150 pair 147 [9, 13] combined 0 players 0 retained 0 seconds 0.006608386058360338
am2_window_00_frame_150 pair 151 [10, 1] combined 8664 players 694 retained 256 seconds 1.050123575842008
am2_window_00_frame_150 pair 152 [10, 2] combined 23552 players 5638 retained 256 seconds 2.9100004287902266
am2_window_00_frame_150 pair 155 [10, 5] combined 5060 players 84 retained 38 seconds 0.6056627379730344
am2_window_00_frame_150 pair 157 [10, 7] combined 22528 players 2096 retained 256 seconds 2.7099977389443666
am2_window_00_frame_150 pair 158 [10, 8] combined 1376 players 344 retained 167 seconds 0.1821009439881891
am2_window_00_frame_150 pair 159 [10, 9] combined 0 players 0 retained 0 seconds 0.008848916972056031
am2_window_00_frame_150 pair 162 [10, 13] combined 3604 players 480 retained 232 seconds 0.45012495713308454
am2_window_00_frame_150 pair 163 [10, 14] combined 12240 players 974 retained 256 seconds 1.6199459000490606
am2_window_00_frame_150 pair 181 [12, 1] combined 87040 players 14488 retained 256 seconds 10.672922711120918
am2_window_00_frame_150 pair 182 [12, 2] combined 262144 players 4442 retained 256 seconds 31.019943370018154
am2_window_00_frame_150 pair 185 [12, 5] combined 30720 players 0 retained 0 seconds 3.641318622045219
am2_window_00_frame_150 pair 187 [12, 7] combined 262144 players 11678 retained 256 seconds 30.385266756173223
am2_window_00_frame_150 pair 188 [12, 8] combined 0 players 0 retained 0 seconds 0.044412620132789016
am2_window_00_frame_150 pair 189 [12, 9] combined 0 players 0 retained 0 seconds 0.04867206094786525
am2_window_00_frame_150 pair 195 [13, 0] combined 125952 players 2284 retained 256 seconds 14.603156863944605
am2_window_00_frame_150 pair 196 [13, 1] combined 50640 players 7538 retained 256 seconds 5.959227964980528
am2_window_00_frame_150 pair 198 [13, 3] combined 137216 players 2440 retained 256 seconds 15.782644836930558
am2_window_00_frame_150 pair 199 [13, 4] combined 146432 players 1354 retained 256 seconds 16.64633362693712
am2_window_00_frame_150 pair 201 [13, 6] combined 11928 players 406 retained 204 seconds 1.4098187091294676
am2_window_00_frame_150 pair 203 [13, 8] combined 2728 players 0 retained 0 seconds 0.3159060881007463
am2_window_00_frame_150 pair 204 [13, 9] combined 0 players 0 retained 0 seconds 0.012048939941450953
am2_window_00_frame_150 pair 205 [13, 10] combined 5092 players 294 retained 148 seconds 0.6086902851238847
am2_window_00_frame_150 pair 209 [13, 15] combined 0 players 0 retained 0 seconds 0.009991100057959557
am2_window_00_frame_150 pair 210 [14, 0] combined 118784 players 318 retained 139 seconds 13.950746692949906
am2_window_00_frame_150 pair 211 [14, 1] combined 44720 players 2314 retained 256 seconds 5.1632644310593605
am2_window_00_frame_150 pair 213 [14, 3] combined 19456 players 24 retained 6 seconds 2.4530384719837457
am2_window_00_frame_150 pair 214 [14, 4] combined 156672 players 3550 retained 256 seconds 18.08675224194303
am2_window_00_frame_150 pair 216 [14, 6] combined 30644 players 950 retained 256 seconds 3.6697840220294893
am2_window_00_frame_150 pair 218 [14, 8] combined 1820 players 0 retained 0 seconds 0.2118322839960456
am2_window_00_frame_150 pair 220 [14, 10] combined 13020 players 234 retained 109 seconds 1.5695431979838759
am2_window_00_frame_150 pair 224 [14, 15] combined 0 players 0 retained 0 seconds 0.009475862141698599
am2_window_00_frame_150 pair 227 [15, 2] combined 0 players 0 retained 0 seconds 0.09175895806401968
am2_window_00_frame_150 pair 230 [15, 5] combined 0 players 0 retained 0 seconds 0.006693240022286773
am2_window_00_frame_150 pair 232 [15, 7] combined 0 players 0 retained 0 seconds 0.021089074900373816
am2_window_00_frame_150 pair 238 [15, 13] combined 0 players 0 retained 0 seconds 0.005565052852034569
am2_window_00_frame_150 pair 239 [15, 14] combined 0 players 0 retained 0 seconds 0.005445967894047499
am2_window_00_frame_150 person_observations generated pooled 19665 entries 256 winners 30:12 30:14 seconds 3290.6
am2_window_00_frame_150 exact final-evaluation replay passed
am2_window_00_frame_150 exact selection replay passed
am2_window_00_frame_150 exact final-evaluation replay passed
am2_window_00_frame_150 exact selection replay passed
am2_window_00_frame_150 full evidence 0 of 767 seconds 6.983056664466858e-06
am2_window_00_frame_150 full evidence 512 of 767 seconds 24.470988794928417
am2_window_00_frame_150 person_observations complete {'case_id': 'am2_window_00_frame_150', 'arm': 'person_observations', 'status': 'generated', 'generation_s': 3290.5979130999185, 'camera_first_s': 26.391222855076194, 'all_camera_s': 50.074060718063265, 'winners': {'results': ('30:12', '30:14'), 'camera_first': ('1:1946', '30:14'), 'all_camera': ('1:1946', '30:14')}}
