run_automatic from /scratch/ahalperi/court_det_fix/paint_geometry_20260909/automatic_axes_20260914/run_automatic.py
gxBQ_window_00_frame_0 pair 0 [0, 1] combined 262144 players 38288 retained 256 seconds 27.65266130398959
gxBQ_window_00_frame_0 pair 2 [0, 3] combined 262144 players 86944 retained 256 seconds 27.323471173876897
gxBQ_window_00_frame_0 pair 4 [0, 5] combined 59392 players 4080 retained 256 seconds 11.45748289511539
gxBQ_window_00_frame_0 pair 5 [0, 6] combined 262144 players 67066 retained 256 seconds 26.724148164968938
gxBQ_window_00_frame_0 pair 6 [0, 7] combined 262144 players 6022 retained 256 seconds 25.14079599804245
gxBQ_window_00_frame_0 pair 7 [0, 8] combined 262144 players 60258 retained 256 seconds 26.72112164995633
gxBQ_window_00_frame_0 pair 8 [0, 9] combined 137216 players 9886 retained 256 seconds 17.086194173898548
gxBQ_window_00_frame_0 pair 15 [1, 0] combined 262144 players 56068 retained 256 seconds 23.36593447602354
gxBQ_window_00_frame_0 pair 16 [1, 2] combined 262144 players 52770 retained 256 seconds 19.60234603891149
gxBQ_window_00_frame_0 pair 17 [1, 3] combined 262144 players 2086 retained 256 seconds 17.788889011833817
gxBQ_window_00_frame_0 pair 18 [1, 4] combined 262144 players 18466 retained 256 seconds 18.654837127076462
gxBQ_window_00_frame_0 pair 19 [1, 5] combined 80896 players 808 retained 256 seconds 5.602931858971715
gxBQ_window_00_frame_0 pair 20 [1, 6] combined 262144 players 5672 retained 256 seconds 17.836394072975963
gxBQ_window_00_frame_0 pair 22 [1, 8] combined 262144 players 1090 retained 256 seconds 17.89805246400647
gxBQ_window_00_frame_0 pair 24 [1, 10] combined 114688 players 19914 retained 256 seconds 8.540630072820932
gxBQ_window_00_frame_0 pair 25 [1, 11] combined 262144 players 64334 retained 256 seconds 23.874083925038576
gxBQ_window_00_frame_0 pair 26 [1, 12] combined 262144 players 55432 retained 256 seconds 23.549341360805556
gxBQ_window_00_frame_0 pair 27 [1, 13] combined 262144 players 66614 retained 256 seconds 22.927057340042666
gxBQ_window_00_frame_0 pair 28 [1, 14] combined 262144 players 58146 retained 256 seconds 22.88880738406442
gxBQ_window_00_frame_0 pair 29 [1, 15] combined 262144 players 66456 retained 256 seconds 23.370155751006678
gxBQ_window_00_frame_0 pair 31 [2, 1] combined 262144 players 13934 retained 256 seconds 18.791305916151032
gxBQ_window_00_frame_0 pair 32 [2, 3] combined 262144 players 87942 retained 256 seconds 20.79882227885537
gxBQ_window_00_frame_0 pair 34 [2, 5] combined 40960 players 508 retained 228 seconds 3.415928813861683
gxBQ_window_00_frame_0 pair 35 [2, 6] combined 262144 players 77636 retained 256 seconds 20.294251922983676
gxBQ_window_00_frame_0 pair 36 [2, 7] combined 262144 players 12948 retained 256 seconds 18.623739848146215
gxBQ_window_00_frame_0 pair 37 [2, 8] combined 262144 players 64030 retained 256 seconds 20.142840184969828
gxBQ_window_00_frame_0 pair 38 [2, 9] combined 157696 players 3590 retained 256 seconds 11.500042457133532
gxBQ_window_00_frame_0 pair 45 [3, 0] combined 194560 players 47380 retained 256 seconds 18.56924220500514
gxBQ_window_00_frame_0 pair 46 [3, 1] combined 262144 players 1898 retained 256 seconds 17.863131450023502
gxBQ_window_00_frame_0 pair 47 [3, 2] combined 195584 players 39822 retained 256 seconds 14.684457265073434
gxBQ_window_00_frame_0 pair 48 [3, 4] combined 195584 players 30490 retained 256 seconds 14.284504288807511
gxBQ_window_00_frame_0 pair 51 [3, 7] combined 81528 players 4236 retained 256 seconds 5.667248360812664
gxBQ_window_00_frame_0 pair 55 [3, 11] combined 191488 players 45978 retained 256 seconds 18.70577019592747
gxBQ_window_00_frame_0 pair 56 [3, 12] combined 194560 players 48436 retained 256 seconds 18.72801468987018
gxBQ_window_00_frame_0 pair 57 [3, 13] combined 191488 players 38398 retained 256 seconds 17.177941414061934
gxBQ_window_00_frame_0 pair 58 [3, 14] combined 191488 players 48492 retained 256 seconds 17.758173848968
gxBQ_window_00_frame_0 pair 59 [3, 15] combined 197632 players 43214 retained 256 seconds 18.275918589206412
gxBQ_window_00_frame_0 pair 61 [4, 1] combined 262144 players 87584 retained 256 seconds 21.036609224043787
gxBQ_window_00_frame_0 pair 63 [4, 3] combined 262144 players 85212 retained 256 seconds 20.702980590984225
gxBQ_window_00_frame_0 pair 67 [4, 8] combined 262144 players 63122 retained 256 seconds 19.953905710950494
gxBQ_window_00_frame_0 pair 68 [4, 9] combined 145408 players 35888 retained 256 seconds 11.475286491913721
gxBQ_window_00_frame_0 pair 69 [4, 10] combined 102400 players 33436 retained 256 seconds 8.507781005930156
gxBQ_window_00_frame_0 pair 75 [5, 0] combined 0 players 0 retained 0 seconds 4.131169539876282
gxBQ_window_00_frame_0 pair 76 [5, 1] combined 3072 players 24 retained 12 seconds 0.3127284231595695
gxBQ_window_00_frame_0 pair 77 [5, 2] combined 3072 players 0 retained 0 seconds 0.5316851020324975
gxBQ_window_00_frame_0 pair 85 [5, 11] combined 0 players 0 retained 0 seconds 4.278350519947708
gxBQ_window_00_frame_0 pair 86 [5, 12] combined 4096 players 0 retained 0 seconds 4.465220921905711
gxBQ_window_00_frame_0 pair 87 [5, 13] combined 1024 players 0 retained 0 seconds 3.2247844350058585
gxBQ_window_00_frame_0 pair 88 [5, 14] combined 0 players 0 retained 0 seconds 3.317246234975755
gxBQ_window_00_frame_0 pair 89 [5, 15] combined 1024 players 0 retained 0 seconds 3.8207214479334652
gxBQ_window_00_frame_0 pair 90 [6, 0] combined 262144 players 79506 retained 256 seconds 23.952128486940637
gxBQ_window_00_frame_0 pair 91 [6, 1] combined 262144 players 6446 retained 256 seconds 18.129211966879666
gxBQ_window_00_frame_0 pair 92 [6, 2] combined 262144 players 51386 retained 256 seconds 19.526338146068156
gxBQ_window_00_frame_0 pair 96 [6, 7] combined 86016 players 3512 retained 256 seconds 5.963360761059448
gxBQ_window_00_frame_0 pair 100 [6, 11] combined 262144 players 76356 retained 256 seconds 24.001554423943162
gxBQ_window_00_frame_0 pair 101 [6, 12] combined 262144 players 81862 retained 256 seconds 24.164788360940292
gxBQ_window_00_frame_0 pair 102 [6, 13] combined 262144 players 62520 retained 256 seconds 22.79185698204674
gxBQ_window_00_frame_0 pair 103 [6, 14] combined 262144 players 76320 retained 256 seconds 23.104639536933973
gxBQ_window_00_frame_0 pair 104 [6, 15] combined 262144 players 64234 retained 256 seconds 23.269688095198944
gxBQ_window_00_frame_0 pair 105 [7, 0] combined 112640 players 106 retained 54 seconds 11.667437062133104
gxBQ_window_00_frame_0 pair 107 [7, 2] combined 83968 players 2628 retained 256 seconds 6.002148835919797
gxBQ_window_00_frame_0 pair 108 [7, 3] combined 53248 players 20290 retained 256 seconds 4.1178775150328875
gxBQ_window_00_frame_0 pair 111 [7, 6] combined 54272 players 20658 retained 256 seconds 4.402112465118989
gxBQ_window_00_frame_0 pair 112 [7, 8] combined 52224 players 13834 retained 256 seconds 3.9178501470014453
gxBQ_window_00_frame_0 pair 114 [7, 10] combined 24684 players 7352 retained 256 seconds 2.0188472070731223
gxBQ_window_00_frame_0 pair 115 [7, 11] combined 89088 players 304 retained 158 seconds 10.335029533831403
gxBQ_window_00_frame_0 pair 116 [7, 12] combined 99328 players 146 retained 74 seconds 10.880648066988215
gxBQ_window_00_frame_0 pair 117 [7, 13] combined 92160 players 118 retained 61 seconds 9.4152324879542
gxBQ_window_00_frame_0 pair 118 [7, 14] combined 102400 players 118 retained 61 seconds 10.273172163171694
gxBQ_window_00_frame_0 pair 119 [7, 15] combined 94208 players 842 retained 256 seconds 10.146938737016171
gxBQ_window_00_frame_0 pair 120 [8, 0] combined 235520 players 45816 retained 256 seconds 21.343353986972943
gxBQ_window_00_frame_0 pair 121 [8, 1] combined 244736 players 818 retained 256 seconds 16.76553684216924
gxBQ_window_00_frame_0 pair 122 [8, 2] combined 244736 players 29008 retained 256 seconds 17.952812870964408
gxBQ_window_00_frame_0 pair 124 [8, 4] combined 227328 players 26078 retained 256 seconds 16.350628789048642
gxBQ_window_00_frame_0 pair 127 [8, 7] combined 70720 players 2258 retained 256 seconds 4.936456197174266
gxBQ_window_00_frame_0 pair 130 [8, 11] combined 234496 players 43134 retained 256 seconds 21.366928591858596
gxBQ_window_00_frame_0 pair 131 [8, 12] combined 233472 players 38690 retained 256 seconds 21.1528445801232
gxBQ_window_00_frame_0 pair 132 [8, 13] combined 235520 players 35582 retained 256 seconds 20.119952270993963
gxBQ_window_00_frame_0 pair 133 [8, 14] combined 234496 players 43420 retained 256 seconds 20.343005120987073
gxBQ_window_00_frame_0 pair 134 [8, 15] combined 230400 players 37638 retained 256 seconds 20.36716558993794
gxBQ_window_00_frame_0 pair 135 [9, 0] combined 34816 players 1494 retained 256 seconds 6.720941108185798
gxBQ_window_00_frame_0 pair 137 [9, 2] combined 36864 players 50 retained 24 seconds 2.854873905191198
gxBQ_window_00_frame_0 pair 139 [9, 4] combined 47104 players 1500 retained 256 seconds 3.5786514331120998
gxBQ_window_00_frame_0 pair 145 [9, 11] combined 36864 players 708 retained 256 seconds 6.861232386901975
gxBQ_window_00_frame_0 pair 146 [9, 12] combined 35840 players 1190 retained 256 seconds 6.650969756999984
gxBQ_window_00_frame_0 pair 147 [9, 13] combined 36864 players 88 retained 44 seconds 5.6893351948820055
gxBQ_window_00_frame_0 pair 148 [9, 14] combined 33792 players 2228 retained 256 seconds 5.711340142181143
gxBQ_window_00_frame_0 pair 149 [9, 15] combined 36864 players 462 retained 217 seconds 6.265082528814673
gxBQ_window_00_frame_0 pair 151 [10, 1] combined 185344 players 27766 retained 256 seconds 13.697300103027374
gxBQ_window_00_frame_0 pair 154 [10, 4] combined 50176 players 11316 retained 256 seconds 4.131954033160582
gxBQ_window_00_frame_0 pair 157 [10, 7] combined 29216 players 606 retained 256 seconds 2.057169826934114
gxBQ_window_00_frame_0 pair 166 [11, 1] combined 262144 players 43762 retained 256 seconds 26.767890288028866
gxBQ_window_00_frame_0 pair 168 [11, 3] combined 262144 players 88116 retained 256 seconds 28.047250743955374
gxBQ_window_00_frame_0 pair 170 [11, 5] combined 59392 players 6398 retained 256 seconds 11.959748398978263
gxBQ_window_00_frame_0 pair 171 [11, 6] combined 262144 players 68402 retained 256 seconds 27.344424817943946
gxBQ_window_00_frame_0 pair 172 [11, 7] combined 262144 players 11918 retained 256 seconds 25.793315468821675
gxBQ_window_00_frame_0 pair 173 [11, 8] combined 262144 players 63578 retained 256 seconds 27.4188612930011
gxBQ_window_00_frame_0 pair 174 [11, 9] combined 150528 players 4992 retained 256 seconds 18.4151984709315
gxBQ_window_00_frame_0 pair 181 [12, 1] combined 262144 players 34788 retained 256 seconds 26.47882646205835
gxBQ_window_00_frame_0 pair 183 [12, 3] combined 262144 players 87206 retained 256 seconds 27.65960122202523
gxBQ_window_00_frame_0 pair 185 [12, 5] combined 47104 players 4808 retained 256 seconds 10.846011345973238
gxBQ_window_00_frame_0 pair 186 [12, 6] combined 262144 players 69894 retained 256 seconds 27.23287674994208
gxBQ_window_00_frame_0 pair 187 [12, 7] combined 262144 players 4024 retained 256 seconds 25.21670519397594
gxBQ_window_00_frame_0 pair 188 [12, 8] combined 262144 players 58794 retained 256 seconds 27.07660763990134
gxBQ_window_00_frame_0 pair 189 [12, 9] combined 136192 players 11752 retained 256 seconds 17.20687211304903
gxBQ_window_00_frame_0 pair 196 [13, 1] combined 262144 players 25378 retained 256 seconds 24.361931696068496
gxBQ_window_00_frame_0 pair 198 [13, 3] combined 262144 players 78680 retained 256 seconds 25.78584183100611
gxBQ_window_00_frame_0 pair 200 [13, 5] combined 43008 players 1700 retained 256 seconds 8.696083239046857
gxBQ_window_00_frame_0 pair 201 [13, 6] combined 262144 players 62162 retained 256 seconds 25.268857925198972
gxBQ_window_00_frame_0 pair 202 [13, 7] combined 262144 players 4340 retained 256 seconds 23.333991839084774
gxBQ_window_00_frame_0 pair 203 [13, 8] combined 262144 players 53994 retained 256 seconds 24.885855251923203
gxBQ_window_00_frame_0 pair 204 [13, 9] combined 136192 players 3574 retained 256 seconds 15.14161569904536
gxBQ_window_00_frame_0 pair 211 [14, 1] combined 262144 players 55950 retained 256 seconds 25.530326992971823
gxBQ_window_00_frame_0 pair 213 [14, 3] combined 262144 players 95568 retained 256 seconds 26.790119313867763
gxBQ_window_00_frame_0 pair 215 [14, 5] combined 48128 players 2790 retained 256 seconds 9.287518796045333
gxBQ_window_00_frame_0 pair 216 [14, 6] combined 262144 players 76186 retained 256 seconds 25.603527382947505
gxBQ_window_00_frame_0 pair 217 [14, 7] combined 262144 players 7144 retained 256 seconds 24.1479307198897
gxBQ_window_00_frame_0 pair 218 [14, 8] combined 262144 players 70192 retained 256 seconds 25.506811453029513
gxBQ_window_00_frame_0 pair 219 [14, 9] combined 148480 players 11694 retained 256 seconds 16.65326703595929
gxBQ_window_00_frame_0 pair 226 [15, 1] combined 262144 players 33520 retained 256 seconds 25.556960174813867
gxBQ_window_00_frame_0 pair 228 [15, 3] combined 262144 players 86476 retained 256 seconds 26.91438573296182
gxBQ_window_00_frame_0 pair 230 [15, 5] combined 35840 players 5278 retained 256 seconds 9.312966948142275
gxBQ_window_00_frame_0 pair 231 [15, 6] combined 262144 players 69360 retained 256 seconds 26.489319398999214
gxBQ_window_00_frame_0 pair 232 [15, 7] combined 262144 players 11796 retained 256 seconds 24.65432922495529
gxBQ_window_00_frame_0 pair 233 [15, 8] combined 262144 players 62534 retained 256 seconds 26.107523616869003
gxBQ_window_00_frame_0 pair 234 [15, 9] combined 130048 players 5298 retained 256 seconds 16.177100226981565
gxBQ_window_00_frame_0 person generated pooled 28837 entries 256 winners 20:1170 20:696 seconds 2115.9
gxBQ_window_00_frame_0 exact final-evaluation replay passed
gxBQ_window_00_frame_0 exact selection replay passed
gxBQ_window_00_frame_0 exact final-evaluation replay passed
gxBQ_window_00_frame_0 exact selection replay passed
gxBQ_window_00_frame_0 full evidence 0 of 1519 seconds 5.13298436999321e-06
gxBQ_window_00_frame_0 full evidence 512 of 1519 seconds 47.203432851005346
gxBQ_window_00_frame_0 full evidence 1024 of 1519 seconds 87.02255398011766
gxBQ_window_00_frame_0 person complete {'case_id': 'gxBQ_window_00_frame_0', 'arm': 'person', 'status': 'generated', 'generation_s': 2115.874126999872, 'camera_first_s': 48.622651726938784, 'all_camera_s': 163.9717834838666, 'winners': {'results': ('20:1170', '20:696'), 'camera_first': ('20:1170', '20:696'), 'all_camera': ('20:1170', '20:696')}}
