run_automatic from /scratch/ahalperi/court_det_fix/paint_geometry_20260909/automatic_axes_20260914/run_automatic.py
am2_window_00_frame_150 pair 0 [0, 1] combined 66560 players 6774 retained 256 seconds 9.223400107119232
am2_window_00_frame_150 pair 1 [0, 2] combined 262144 players 12630 retained 256 seconds 29.574388534994796
am2_window_00_frame_150 pair 3 [0, 4] combined 262144 players 5578 retained 256 seconds 29.593781728995964
am2_window_00_frame_150 pair 4 [0, 5] combined 262144 players 31500 retained 256 seconds 29.98233148199506
am2_window_00_frame_150 pair 12 [0, 13] combined 4096 players 1910 retained 256 seconds 0.9657910780515522
am2_window_00_frame_150 pair 15 [1, 0] combined 124928 players 26470 retained 256 seconds 14.630815203068778
am2_window_00_frame_150 pair 16 [1, 2] combined 135168 players 50742 retained 256 seconds 16.171010436024517
am2_window_00_frame_150 pair 17 [1, 3] combined 137216 players 31054 retained 256 seconds 16.22668973589316
am2_window_00_frame_150 pair 18 [1, 4] combined 163840 players 48098 retained 256 seconds 19.255900621879846
am2_window_00_frame_150 pair 19 [1, 5] combined 137216 players 50094 retained 256 seconds 16.462857597973198
am2_window_00_frame_150 pair 21 [1, 7] combined 124928 players 25560 retained 256 seconds 14.543667637975886
am2_window_00_frame_150 pair 22 [1, 8] combined 194788 players 6586 retained 256 seconds 21.396967567969114
am2_window_00_frame_150 pair 23 [1, 9] combined 116736 players 29368 retained 256 seconds 13.613313999027014
am2_window_00_frame_150 pair 24 [1, 10] combined 22648 players 670 retained 256 seconds 2.5930891730822623
am2_window_00_frame_150 pair 25 [1, 11] combined 74400 players 11316 retained 256 seconds 8.529816246125847
am2_window_00_frame_150 pair 26 [1, 12] combined 117936 players 6850 retained 256 seconds 13.058893790002912
am2_window_00_frame_150 pair 28 [1, 14] combined 108544 players 19534 retained 256 seconds 12.594216145109385
am2_window_00_frame_150 pair 29 [1, 15] combined 7172 players 162 retained 81 seconds 0.8430852089077234
am2_window_00_frame_150 pair 30 [2, 0] combined 262144 players 16260 retained 256 seconds 29.424537201877683
am2_window_00_frame_150 pair 31 [2, 1] combined 89088 players 33534 retained 256 seconds 10.721924725919962
am2_window_00_frame_150 pair 32 [2, 3] combined 262144 players 26890 retained 256 seconds 29.662680624984205
am2_window_00_frame_150 pair 35 [2, 6] combined 34816 players 6114 retained 256 seconds 4.0664552371017635
am2_window_00_frame_150 pair 36 [2, 7] combined 262144 players 11175 retained 256 seconds 29.18398258695379
am2_window_00_frame_150 pair 38 [2, 9] combined 262144 players 11088 retained 256 seconds 29.21304866205901
am2_window_00_frame_150 pair 40 [2, 11] combined 181248 players 6874 retained 256 seconds 20.86704856902361
am2_window_00_frame_150 pair 42 [2, 13] combined 4096 players 1834 retained 256 seconds 0.5699104040395468
am2_window_00_frame_150 pair 43 [2, 14] combined 262144 players 6506 retained 256 seconds 28.94466570718214
am2_window_00_frame_150 pair 46 [3, 1] combined 74752 players 8876 retained 256 seconds 8.853584231808782
am2_window_00_frame_150 pair 47 [3, 2] combined 262144 players 25836 retained 256 seconds 29.65104734292254
am2_window_00_frame_150 pair 48 [3, 4] combined 262144 players 3116 retained 256 seconds 29.513465885072947
am2_window_00_frame_150 pair 49 [3, 5] combined 262144 players 33476 retained 256 seconds 29.97845618496649
am2_window_00_frame_150 pair 57 [3, 13] combined 3072 players 1088 retained 256 seconds 0.7046644680667669
am2_window_00_frame_150 pair 60 [4, 0] combined 262144 players 3950 retained 256 seconds 30.484127362957224
am2_window_00_frame_150 pair 61 [4, 1] combined 82944 players 16336 retained 256 seconds 9.65978348115459
am2_window_00_frame_150 pair 63 [4, 3] combined 262144 players 3108 retained 256 seconds 29.434232919942588
am2_window_00_frame_150 pair 65 [4, 6] combined 41984 players 5420 retained 256 seconds 4.817647470859811
am2_window_00_frame_150 pair 66 [4, 7] combined 262144 players 1526 retained 256 seconds 28.89608877012506
am2_window_00_frame_150 pair 68 [4, 9] combined 262144 players 4168 retained 256 seconds 29.419303877977654
am2_window_00_frame_150 pair 70 [4, 11] combined 174080 players 16414 retained 256 seconds 19.716128431027755
am2_window_00_frame_150 pair 72 [4, 13] combined 2048 players 328 retained 156 seconds 0.305822558933869
am2_window_00_frame_150 pair 73 [4, 14] combined 262144 players 2790 retained 256 seconds 29.235607692040503
am2_window_00_frame_150 pair 75 [5, 0] combined 262144 players 38190 retained 256 seconds 30.121835683006793
am2_window_00_frame_150 pair 76 [5, 1] combined 82944 players 29398 retained 256 seconds 10.016667822143063
am2_window_00_frame_150 pair 78 [5, 3] combined 262144 players 53492 retained 256 seconds 30.593425792176276
am2_window_00_frame_150 pair 81 [5, 7] combined 262144 players 25912 retained 256 seconds 29.86045173299499
am2_window_00_frame_150 pair 83 [5, 9] combined 262144 players 16004 retained 256 seconds 29.30394966690801
am2_window_00_frame_150 pair 85 [5, 11] combined 198656 players 17026 retained 256 seconds 22.511063134064898
am2_window_00_frame_150 pair 87 [5, 13] combined 2048 players 706 retained 256 seconds 0.32157099922187626
am2_window_00_frame_150 pair 88 [5, 14] combined 262144 players 27852 retained 256 seconds 29.481266747927293
am2_window_00_frame_150 pair 92 [6, 2] combined 62464 players 17424 retained 256 seconds 7.463463712017983
am2_window_00_frame_150 pair 94 [6, 4] combined 67584 players 15652 retained 256 seconds 7.920120438095182
am2_window_00_frame_150 pair 97 [6, 8] combined 97280 players 16180 retained 256 seconds 11.362659567035735
am2_window_00_frame_150 pair 99 [6, 10] combined 9384 players 3742 retained 256 seconds 1.264134258031845
am2_window_00_frame_150 pair 101 [6, 12] combined 65184 players 10516 retained 256 seconds 7.464961575111374
am2_window_00_frame_150 pair 102 [6, 13] combined 640 players 270 retained 132 seconds 0.10388894495554268
am2_window_00_frame_150 pair 104 [6, 15] combined 9504 players 28 retained 14 seconds 1.0536518080625683
am2_window_00_frame_150 pair 106 [7, 1] combined 80896 players 5848 retained 256 seconds 9.257116953842342
am2_window_00_frame_150 pair 107 [7, 2] combined 262144 players 10432 retained 256 seconds 29.21602059993893
am2_window_00_frame_150 pair 109 [7, 4] combined 262144 players 4580 retained 256 seconds 29.15700065298006
am2_window_00_frame_150 pair 110 [7, 5] combined 262144 players 23566 retained 256 seconds 29.766824377933517
am2_window_00_frame_150 pair 117 [7, 13] combined 3072 players 462 retained 215 seconds 0.452595841139555
am2_window_00_frame_150 pair 121 [8, 1] combined 168912 players 4746 retained 256 seconds 18.69178238301538
am2_window_00_frame_150 pair 126 [8, 6] combined 54272 players 3270 retained 256 seconds 6.24071920895949
am2_window_00_frame_150 pair 132 [8, 13] combined 3200 players 542 retained 256 seconds 0.4099295260384679
am2_window_00_frame_150 pair 136 [9, 1] combined 66560 players 4504 retained 256 seconds 7.578794971108437
am2_window_00_frame_150 pair 137 [9, 2] combined 262144 players 14700 retained 256 seconds 29.269858713028952
am2_window_00_frame_150 pair 139 [9, 4] combined 262144 players 11956 retained 256 seconds 29.536080410936847
am2_window_00_frame_150 pair 140 [9, 5] combined 262144 players 20410 retained 256 seconds 29.603806580184028
am2_window_00_frame_150 pair 146 [9, 12] combined 253952 players 2834 retained 256 seconds 28.622660010121763
am2_window_00_frame_150 pair 147 [9, 13] combined 4096 players 946 retained 256 seconds 0.5478473661933094
am2_window_00_frame_150 pair 151 [10, 1] combined 12648 players 640 retained 256 seconds 1.4501326801255345
am2_window_00_frame_150 pair 156 [10, 6] combined 6440 players 1914 retained 256 seconds 0.7719984068535268
am2_window_00_frame_150 pair 162 [10, 13] combined 1440 players 0 retained 0 seconds 0.16114784800447524
am2_window_00_frame_150 pair 166 [11, 1] combined 63360 players 2250 retained 256 seconds 7.024377034977078
am2_window_00_frame_150 pair 167 [11, 2] combined 247808 players 10980 retained 256 seconds 28.293754274956882
am2_window_00_frame_150 pair 169 [11, 4] combined 218112 players 18290 retained 256 seconds 24.58468389394693
am2_window_00_frame_150 pair 170 [11, 5] combined 185344 players 9182 retained 256 seconds 20.54001137497835
am2_window_00_frame_150 pair 177 [11, 13] combined 2928 players 350 retained 152 seconds 0.36670810100622475
am2_window_00_frame_150 pair 181 [12, 1] combined 149720 players 6926 retained 256 seconds 16.578611043049023
am2_window_00_frame_150 pair 186 [12, 6] combined 53900 players 3544 retained 256 seconds 6.103709853952751
am2_window_00_frame_150 pair 189 [12, 9] combined 262144 players 3402 retained 256 seconds 29.69158627395518
am2_window_00_frame_150 pair 192 [12, 13] combined 3780 players 586 retained 256 seconds 0.46052900492213666
am2_window_00_frame_150 pair 195 [13, 0] combined 2048 players 618 retained 256 seconds 0.5002964090090245
am2_window_00_frame_150 pair 197 [13, 2] combined 7168 players 2894 retained 256 seconds 0.8941128908190876
am2_window_00_frame_150 pair 198 [13, 3] combined 9216 players 1350 retained 256 seconds 1.230706665897742
am2_window_00_frame_150 pair 199 [13, 4] combined 4096 players 1214 retained 256 seconds 0.5214579009916633
am2_window_00_frame_150 pair 200 [13, 5] combined 8192 players 3048 retained 256 seconds 1.164000516058877
am2_window_00_frame_150 pair 201 [13, 6] combined 1100 players 276 retained 138 seconds 0.1481329679954797
am2_window_00_frame_150 pair 202 [13, 7] combined 10240 players 3136 retained 256 seconds 1.2400822308845818
am2_window_00_frame_150 pair 203 [13, 8] combined 4560 players 1214 retained 256 seconds 0.5619558410253376
am2_window_00_frame_150 pair 204 [13, 9] combined 10240 players 3680 retained 256 seconds 1.2366380889434367
am2_window_00_frame_150 pair 205 [13, 10] combined 336 players 0 retained 0 seconds 0.046413386007770896
am2_window_00_frame_150 pair 206 [13, 11] combined 10128 players 320 retained 141 seconds 1.1204790379852057
am2_window_00_frame_150 pair 207 [13, 12] combined 6292 players 1476 retained 256 seconds 0.7503450738731772
am2_window_00_frame_150 pair 208 [13, 14] combined 12288 players 1524 retained 256 seconds 1.470388777088374
am2_window_00_frame_150 pair 209 [13, 15] combined 288 players 64 retained 32 seconds 0.050553047098219395
am2_window_00_frame_150 pair 211 [14, 1] combined 62464 players 1896 retained 256 seconds 7.307516369968653
am2_window_00_frame_150 pair 212 [14, 2] combined 262144 players 9250 retained 256 seconds 29.0487463879399
am2_window_00_frame_150 pair 214 [14, 4] combined 262144 players 1678 retained 256 seconds 29.246525279944763
am2_window_00_frame_150 pair 215 [14, 5] combined 262144 players 24458 retained 256 seconds 29.462789760902524
am2_window_00_frame_150 pair 223 [14, 13] combined 9216 players 844 retained 256 seconds 1.1884280699305236
am2_window_00_frame_150 pair 226 [15, 1] combined 9840 players 44 retained 22 seconds 1.0883020590990782
am2_window_00_frame_150 pair 231 [15, 6] combined 6336 players 264 retained 132 seconds 0.7135147391818464
am2_window_00_frame_150 pair 238 [15, 13] combined 216 players 8 retained 4 seconds 0.040302095003426075
am2_window_00_frame_150 person generated pooled 24259 entries 256 winners 75:31522 75:31522 seconds 1461.2
am2_window_00_frame_150 exact final-evaluation replay passed
am2_window_00_frame_150 exact selection replay passed
am2_window_00_frame_150 exact final-evaluation replay passed
am2_window_00_frame_150 exact selection replay passed
am2_window_00_frame_150 full evidence 0 of 867 seconds 4.918081685900688e-06
am2_window_00_frame_150 full evidence 512 of 867 seconds 23.742237286176533
am2_window_00_frame_150 person complete {'case_id': 'am2_window_00_frame_150', 'arm': 'person', 'status': 'generated', 'generation_s': 1461.1908461558633, 'camera_first_s': 27.113171180943027, 'all_camera_s': 51.76142492587678, 'winners': {'results': ('75:31522', '75:31522'), 'camera_first': ('75:2527', '49:9626'), 'all_camera': ('75:2527', '49:9580')}}
