run_automatic from /scratch/ahalperi/court_det_fix/paint_geometry_20260909/automatic_axes_20260914/run_automatic.py
gxBQ_window_00_frame_5 pair 0 [0, 1] combined 262144 players 61504 retained 256 seconds 29.98345226701349
gxBQ_window_00_frame_5 pair 2 [0, 3] combined 262144 players 72316 retained 256 seconds 28.629595228936523
gxBQ_window_00_frame_5 pair 3 [0, 4] combined 88064 players 8358 retained 256 seconds 14.131613683886826
gxBQ_window_00_frame_5 pair 6 [0, 7] combined 186368 players 56858 retained 256 seconds 22.678674526978284
gxBQ_window_00_frame_5 pair 8 [0, 9] combined 36864 players 668 retained 256 seconds 10.572320229141042
gxBQ_window_00_frame_5 pair 9 [0, 10] combined 239616 players 26538 retained 256 seconds 25.497443050146103
gxBQ_window_00_frame_5 pair 15 [1, 0] combined 262144 players 45170 retained 256 seconds 24.302659603068605
gxBQ_window_00_frame_5 pair 16 [1, 2] combined 262144 players 60934 retained 256 seconds 21.45109593705274
gxBQ_window_00_frame_5 pair 17 [1, 3] combined 262144 players 8232 retained 256 seconds 18.828490044921637
gxBQ_window_00_frame_5 pair 18 [1, 4] combined 29696 players 0 retained 0 seconds 2.267686459934339
gxBQ_window_00_frame_5 pair 19 [1, 5] combined 262144 players 36808 retained 256 seconds 19.670025562867522
gxBQ_window_00_frame_5 pair 20 [1, 6] combined 186368 players 21562 retained 256 seconds 14.31278599286452
gxBQ_window_00_frame_5 pair 21 [1, 7] combined 262144 players 14870 retained 256 seconds 19.135852536885068
gxBQ_window_00_frame_5 pair 22 [1, 8] combined 262144 players 2342 retained 256 seconds 19.814369088970125
gxBQ_window_00_frame_5 pair 24 [1, 10] combined 262144 players 2836 retained 256 seconds 18.825210915878415
gxBQ_window_00_frame_5 pair 25 [1, 11] combined 262144 players 59812 retained 256 seconds 24.79026817693375
gxBQ_window_00_frame_5 pair 26 [1, 12] combined 262144 players 68524 retained 256 seconds 24.334241865901276
gxBQ_window_00_frame_5 pair 27 [1, 13] combined 262144 players 58892 retained 256 seconds 25.046424539061263
gxBQ_window_00_frame_5 pair 28 [1, 14] combined 262144 players 57252 retained 256 seconds 24.51372266886756
gxBQ_window_00_frame_5 pair 29 [1, 15] combined 262144 players 52412 retained 256 seconds 24.712477887049317
gxBQ_window_00_frame_5 pair 31 [2, 1] combined 262144 players 33438 retained 256 seconds 21.432226118166
gxBQ_window_00_frame_5 pair 32 [2, 3] combined 262144 players 67340 retained 256 seconds 22.750564984045923
gxBQ_window_00_frame_5 pair 33 [2, 4] combined 30720 players 18 retained 4 seconds 3.8415646499488503
gxBQ_window_00_frame_5 pair 36 [2, 7] combined 186368 players 61898 retained 256 seconds 16.616605930030346
gxBQ_window_00_frame_5 pair 38 [2, 9] combined 39936 players 434 retained 204 seconds 4.553230599034578
gxBQ_window_00_frame_5 pair 39 [2, 10] combined 243712 players 63992 retained 256 seconds 21.33291328093037
gxBQ_window_00_frame_5 pair 45 [3, 0] combined 262144 players 72014 retained 256 seconds 25.452672860119492
gxBQ_window_00_frame_5 pair 46 [3, 1] combined 262144 players 2146 retained 256 seconds 18.881479740142822
gxBQ_window_00_frame_5 pair 47 [3, 2] combined 262144 players 41802 retained 256 seconds 20.975111331092194
gxBQ_window_00_frame_5 pair 49 [3, 5] combined 262144 players 72178 retained 256 seconds 21.178177163004875
gxBQ_window_00_frame_5 pair 52 [3, 8] combined 262144 players 27360 retained 256 seconds 20.325002826051787
gxBQ_window_00_frame_5 pair 55 [3, 11] combined 262144 players 87414 retained 256 seconds 25.896245213923976
gxBQ_window_00_frame_5 pair 56 [3, 12] combined 262144 players 77652 retained 256 seconds 24.609105549985543
gxBQ_window_00_frame_5 pair 57 [3, 13] combined 262144 players 77700 retained 256 seconds 28.494644622085616
gxBQ_window_00_frame_5 pair 58 [3, 14] combined 262144 players 76346 retained 256 seconds 25.593376968987286
gxBQ_window_00_frame_5 pair 59 [3, 15] combined 262144 players 81126 retained 256 seconds 26.104889349080622
gxBQ_window_00_frame_5 pair 60 [4, 0] combined 2048 players 0 retained 0 seconds 4.594964527990669
gxBQ_window_00_frame_5 pair 61 [4, 1] combined 4096 players 110 retained 52 seconds 0.4059785110875964
gxBQ_window_00_frame_5 pair 62 [4, 2] combined 0 players 0 retained 0 seconds 0.8854236300103366
gxBQ_window_00_frame_5 pair 64 [4, 5] combined 0 players 0 retained 0 seconds 0.03951936401426792
gxBQ_window_00_frame_5 pair 67 [4, 8] combined 1024 players 0 retained 0 seconds 0.8408998169470578
gxBQ_window_00_frame_5 pair 70 [4, 11] combined 1024 players 0 retained 0 seconds 5.475423391908407
gxBQ_window_00_frame_5 pair 71 [4, 12] combined 1024 players 0 retained 0 seconds 3.2033615298569202
gxBQ_window_00_frame_5 pair 72 [4, 13] combined 0 players 0 retained 0 seconds 4.380557175958529
gxBQ_window_00_frame_5 pair 73 [4, 14] combined 2048 players 0 retained 0 seconds 4.025162629084662
gxBQ_window_00_frame_5 pair 74 [4, 15] combined 1024 players 0 retained 0 seconds 4.318544982932508
gxBQ_window_00_frame_5 pair 76 [5, 1] combined 225280 players 19994 retained 256 seconds 18.960790944984183
gxBQ_window_00_frame_5 pair 78 [5, 3] combined 262144 players 66310 retained 256 seconds 20.967219762969762
gxBQ_window_00_frame_5 pair 79 [5, 4] combined 43008 players 210 retained 54 seconds 3.173574476968497
gxBQ_window_00_frame_5 pair 81 [5, 7] combined 188416 players 72608 retained 256 seconds 16.75377886905335
gxBQ_window_00_frame_5 pair 83 [5, 9] combined 50176 players 2278 retained 256 seconds 3.8077897019684315
gxBQ_window_00_frame_5 pair 84 [5, 10] combined 218624 players 53898 retained 256 seconds 17.36279200296849
gxBQ_window_00_frame_5 pair 91 [6, 1] combined 262144 players 24216 retained 256 seconds 20.08468299289234
gxBQ_window_00_frame_5 pair 105 [7, 0] combined 203776 players 36998 retained 256 seconds 20.133205944905058
gxBQ_window_00_frame_5 pair 106 [7, 1] combined 115712 players 10224 retained 256 seconds 8.643035790184513
gxBQ_window_00_frame_5 pair 107 [7, 2] combined 215040 players 24694 retained 256 seconds 17.140705895842984
gxBQ_window_00_frame_5 pair 110 [7, 5] combined 209920 players 54276 retained 256 seconds 16.660647083073854
gxBQ_window_00_frame_5 pair 112 [7, 8] combined 215040 players 10824 retained 256 seconds 16.513012709096074
gxBQ_window_00_frame_5 pair 113 [7, 9] combined 21904 players 992 retained 256 seconds 1.7808094650972635
gxBQ_window_00_frame_5 pair 115 [7, 11] combined 204800 players 41654 retained 256 seconds 20.185214383993298
gxBQ_window_00_frame_5 pair 116 [7, 12] combined 209920 players 41788 retained 256 seconds 19.5556396311149
gxBQ_window_00_frame_5 pair 117 [7, 13] combined 210944 players 42270 retained 256 seconds 20.74241046491079
gxBQ_window_00_frame_5 pair 118 [7, 14] combined 207872 players 40622 retained 256 seconds 20.27566551603377
gxBQ_window_00_frame_5 pair 119 [7, 15] combined 202752 players 45900 retained 256 seconds 20.075365671189502
gxBQ_window_00_frame_5 pair 121 [8, 1] combined 262144 players 105292 retained 256 seconds 23.60008570784703
gxBQ_window_00_frame_5 pair 123 [8, 3] combined 262144 players 68012 retained 256 seconds 22.82002188800834
gxBQ_window_00_frame_5 pair 124 [8, 4] combined 88064 players 2632 retained 256 seconds 7.706786420894787
gxBQ_window_00_frame_5 pair 127 [8, 7] combined 186368 players 66044 retained 256 seconds 16.602754838066176
gxBQ_window_00_frame_5 pair 128 [8, 9] combined 9216 players 3142 retained 256 seconds 2.190746899927035
gxBQ_window_00_frame_5 pair 135 [9, 0] combined 28672 players 108 retained 54 seconds 6.336840675910935
gxBQ_window_00_frame_5 pair 137 [9, 2] combined 20480 players 624 retained 256 seconds 2.3732428431976587
gxBQ_window_00_frame_5 pair 140 [9, 5] combined 19456 players 44 retained 20 seconds 1.429367063101381
gxBQ_window_00_frame_5 pair 142 [9, 7] combined 28768 players 2516 retained 256 seconds 2.1006219498813152
gxBQ_window_00_frame_5 pair 143 [9, 8] combined 3072 players 82 retained 38 seconds 0.980593390064314
gxBQ_window_00_frame_5 pair 145 [9, 11] combined 24576 players 244 retained 118 seconds 6.107129967072979
gxBQ_window_00_frame_5 pair 146 [9, 12] combined 20480 players 198 retained 96 seconds 4.558112123981118
gxBQ_window_00_frame_5 pair 147 [9, 13] combined 25600 players 230 retained 112 seconds 6.139088221825659
gxBQ_window_00_frame_5 pair 148 [9, 14] combined 20480 players 138 retained 69 seconds 5.33825805503875
gxBQ_window_00_frame_5 pair 149 [9, 15] combined 22528 players 164 retained 80 seconds 6.33668624679558
gxBQ_window_00_frame_5 pair 150 [10, 0] combined 262144 players 21854 retained 256 seconds 22.756173653993756
gxBQ_window_00_frame_5 pair 151 [10, 1] combined 262144 players 678 retained 256 seconds 17.9319648318924
gxBQ_window_00_frame_5 pair 152 [10, 2] combined 262144 players 34282 retained 256 seconds 22.5291240059305
gxBQ_window_00_frame_5 pair 155 [10, 5] combined 250880 players 36462 retained 256 seconds 19.123280432075262
gxBQ_window_00_frame_5 pair 160 [10, 11] combined 262144 players 16504 retained 256 seconds 23.7336589070037
gxBQ_window_00_frame_5 pair 161 [10, 12] combined 262144 players 30342 retained 256 seconds 23.04309762106277
gxBQ_window_00_frame_5 pair 162 [10, 13] combined 262144 players 31372 retained 256 seconds 24.355688721872866
gxBQ_window_00_frame_5 pair 163 [10, 14] combined 262144 players 19010 retained 256 seconds 23.52390946005471
gxBQ_window_00_frame_5 pair 164 [10, 15] combined 262144 players 18482 retained 256 seconds 23.547645759070292
gxBQ_window_00_frame_5 pair 166 [11, 1] combined 262144 players 50730 retained 256 seconds 28.579344745958224
gxBQ_window_00_frame_5 pair 168 [11, 3] combined 262144 players 69776 retained 256 seconds 29.404196845833212
gxBQ_window_00_frame_5 pair 169 [11, 4] combined 87040 players 5852 retained 256 seconds 14.349477197043598
gxBQ_window_00_frame_5 pair 172 [11, 7] combined 188416 players 57586 retained 256 seconds 23.41199996182695
gxBQ_window_00_frame_5 pair 174 [11, 9] combined 35840 players 1420 retained 256 seconds 10.653226022142917
gxBQ_window_00_frame_5 pair 175 [11, 10] combined 241664 players 30674 retained 256 seconds 26.60849027801305
gxBQ_window_00_frame_5 pair 181 [12, 1] combined 262144 players 47108 retained 256 seconds 26.107755264034495
gxBQ_window_00_frame_5 pair 183 [12, 3] combined 262144 players 74104 retained 256 seconds 27.10809558792971
gxBQ_window_00_frame_5 pair 184 [12, 4] combined 94208 players 7308 retained 256 seconds 12.630865985993296
gxBQ_window_00_frame_5 pair 187 [12, 7] combined 183296 players 64762 retained 256 seconds 20.741611409001052
gxBQ_window_00_frame_5 pair 189 [12, 9] combined 40960 players 1564 retained 256 seconds 9.134665478952229
gxBQ_window_00_frame_5 pair 190 [12, 10] combined 245760 players 47302 retained 256 seconds 24.75487619289197
gxBQ_window_00_frame_5 pair 196 [13, 1] combined 262144 players 42762 retained 256 seconds 28.280617530923337
gxBQ_window_00_frame_5 pair 198 [13, 3] combined 262144 players 60255 retained 256 seconds 29.008010612102225
gxBQ_window_00_frame_5 pair 199 [13, 4] combined 95232 players 8174 retained 256 seconds 15.011331317946315
gxBQ_window_00_frame_5 pair 202 [13, 7] combined 185344 players 51296 retained 256 seconds 22.711997841950506
gxBQ_window_00_frame_5 pair 204 [13, 9] combined 36864 players 300 retained 140 seconds 10.794233273947611
gxBQ_window_00_frame_5 pair 205 [13, 10] combined 245760 players 47996 retained 256 seconds 27.109291078988463
gxBQ_window_00_frame_5 pair 211 [14, 1] combined 262144 players 61372 retained 256 seconds 28.34043310699053
gxBQ_window_00_frame_5 pair 213 [14, 3] combined 262144 players 73960 retained 256 seconds 28.673082821071148
gxBQ_window_00_frame_5 pair 214 [14, 4] combined 83968 players 6560 retained 256 seconds 13.175878921989352
gxBQ_window_00_frame_5 pair 217 [14, 7] combined 188416 players 60038 retained 256 seconds 22.244172537932172
gxBQ_window_00_frame_5 pair 219 [14, 9] combined 43008 players 5534 retained 256 seconds 10.339776664972305
gxBQ_window_00_frame_5 pair 220 [14, 10] combined 240640 players 24924 retained 256 seconds 25.042895203921944
gxBQ_window_00_frame_5 pair 226 [15, 1] combined 262144 players 69930 retained 256 seconds 28.98046351596713
gxBQ_window_00_frame_5 pair 228 [15, 3] combined 262144 players 77076 retained 256 seconds 28.758251212071627
gxBQ_window_00_frame_5 pair 229 [15, 4] combined 87040 players 5130 retained 256 seconds 14.0064821341075
gxBQ_window_00_frame_5 pair 232 [15, 7] combined 187392 players 64180 retained 256 seconds 23.07631900301203
gxBQ_window_00_frame_5 pair 234 [15, 9] combined 43008 players 4214 retained 256 seconds 10.962733953958377
gxBQ_window_00_frame_5 pair 235 [15, 10] combined 241664 players 27108 retained 256 seconds 25.859328608959913
gxBQ_window_00_frame_5 person generated pooled 25361 entries 256 winners 226:716 226:716 seconds 2044.0
gxBQ_window_00_frame_5 exact final-evaluation replay passed
gxBQ_window_00_frame_5 exact selection replay passed
gxBQ_window_00_frame_5 exact final-evaluation replay passed
gxBQ_window_00_frame_5 exact selection replay passed
gxBQ_window_00_frame_5 full evidence 0 of 1890 seconds 5.557900294661522e-06
gxBQ_window_00_frame_5 full evidence 512 of 1890 seconds 54.757131228921935
gxBQ_window_00_frame_5 full evidence 1024 of 1890 seconds 107.06682838802226
gxBQ_window_00_frame_5 full evidence 1536 of 1890 seconds 163.2191754458472
gxBQ_window_00_frame_5 person complete {'case_id': 'gxBQ_window_00_frame_5', 'arm': 'person', 'status': 'generated', 'generation_s': 2044.012663133908, 'camera_first_s': 57.005019915057346, 'all_camera_s': 231.54141369415447, 'winners': {'results': ('226:716', '226:716'), 'camera_first': ('226:716', '46:1255'), 'all_camera': ('226:716', '46:1255')}}
