run_automatic from /scratch/ahalperi/court_det_fix/paint_geometry_20260909/automatic_axes_20260914/run_automatic.py
shuttleset_03_scene_0017 pair 0 [0, 1] combined 262144 players 79310 retained 256 seconds 6.154551916057244
shuttleset_03_scene_0017 pair 1 [0, 2] combined 262144 players 92550 retained 256 seconds 6.118352846940979
shuttleset_03_scene_0017 pair 2 [0, 3] combined 262144 players 81934 retained 256 seconds 4.698226023931056
shuttleset_03_scene_0017 pair 4 [0, 5] combined 245760 players 74962 retained 256 seconds 4.821173552889377
shuttleset_03_scene_0017 pair 5 [0, 6] combined 262144 players 73476 retained 256 seconds 4.368709225207567
shuttleset_03_scene_0017 pair 9 [0, 10] combined 188416 players 52500 retained 256 seconds 3.593243195908144
shuttleset_03_scene_0017 pair 11 [0, 12] combined 35840 players 10876 retained 256 seconds 1.3246028241701424
shuttleset_03_scene_0017 pair 13 [0, 14] combined 26624 players 6282 retained 256 seconds 1.1735551860183477
shuttleset_03_scene_0017 pair 14 [0, 15] combined 5120 players 876 retained 256 seconds 0.9390545000787824
shuttleset_03_scene_0017 pair 15 [1, 0] combined 262144 players 93321 retained 256 seconds 4.9800457779783756
shuttleset_03_scene_0017 pair 16 [1, 2] combined 262144 players 4492 retained 256 seconds 2.188024353934452
shuttleset_03_scene_0017 pair 18 [1, 4] combined 262144 players 77510 retained 256 seconds 4.303393894108012
shuttleset_03_scene_0017 pair 21 [1, 7] combined 262144 players 89400 retained 256 seconds 5.146265416173264
shuttleset_03_scene_0017 pair 22 [1, 8] combined 31744 players 2976 retained 256 seconds 0.7125959580298513
shuttleset_03_scene_0017 pair 25 [1, 11] combined 88064 players 16738 retained 256 seconds 1.2649910990148783
shuttleset_03_scene_0017 pair 26 [1, 12] combined 57344 players 4174 retained 256 seconds 0.8166316410060972
shuttleset_03_scene_0017 pair 29 [1, 15] combined 37888 players 3900 retained 256 seconds 0.7683883758727461
shuttleset_03_scene_0017 pair 30 [2, 0] combined 262144 players 109734 retained 256 seconds 5.313644005917013
shuttleset_03_scene_0017 pair 31 [2, 1] combined 262144 players 9778 retained 256 seconds 2.223993157967925
shuttleset_03_scene_0017 pair 33 [2, 4] combined 262144 players 94242 retained 256 seconds 4.399401098955423
shuttleset_03_scene_0017 pair 34 [2, 5] combined 262144 players 378 retained 192 seconds 1.4162983088754117
shuttleset_03_scene_0017 pair 35 [2, 6] combined 262144 players 9784 retained 256 seconds 1.6360332679469138
shuttleset_03_scene_0017 pair 39 [2, 10] combined 251904 players 5124 retained 256 seconds 1.5300030990038067
shuttleset_03_scene_0017 pair 42 [2, 13] combined 73728 players 18486 retained 256 seconds 0.9888099231757224
shuttleset_03_scene_0017 pair 45 [3, 0] combined 262144 players 82334 retained 256 seconds 4.580569709884003
shuttleset_03_scene_0017 pair 48 [3, 4] combined 262144 players 68764 retained 256 seconds 3.8665395118296146
shuttleset_03_scene_0017 pair 49 [3, 5] combined 262144 players 12790 retained 256 seconds 1.721119673922658
shuttleset_03_scene_0017 pair 50 [3, 6] combined 262144 players 1116 retained 256 seconds 1.461456845048815
shuttleset_03_scene_0017 pair 51 [3, 7] combined 262144 players 74872 retained 256 seconds 3.899150999961421
shuttleset_03_scene_0017 pair 53 [3, 9] combined 62464 players 10534 retained 256 seconds 0.7223115579690784
shuttleset_03_scene_0017 pair 54 [3, 10] combined 262144 players 4810 retained 256 seconds 1.670115889981389
shuttleset_03_scene_0017 pair 57 [3, 13] combined 86016 players 23214 retained 256 seconds 1.4864925830624998
shuttleset_03_scene_0017 pair 61 [4, 1] combined 262144 players 72008 retained 256 seconds 4.182267244905233
shuttleset_03_scene_0017 pair 62 [4, 2] combined 262144 players 77466 retained 256 seconds 4.373168767197058
shuttleset_03_scene_0017 pair 63 [4, 3] combined 262144 players 71364 retained 256 seconds 3.966974867042154
shuttleset_03_scene_0017 pair 64 [4, 5] combined 253952 players 71836 retained 256 seconds 3.814485466107726
shuttleset_03_scene_0017 pair 65 [4, 6] combined 262144 players 63864 retained 256 seconds 3.9965691319666803
shuttleset_03_scene_0017 pair 66 [4, 7] combined 262144 players 2854 retained 256 seconds 1.622307388111949
shuttleset_03_scene_0017 pair 68 [4, 9] combined 139264 players 7322 retained 256 seconds 1.0763369600754231
shuttleset_03_scene_0017 pair 69 [4, 10] combined 183296 players 42838 retained 256 seconds 2.500559716951102
shuttleset_03_scene_0017 pair 72 [4, 13] combined 110592 players 5722 retained 256 seconds 1.1589627428911626
shuttleset_03_scene_0017 pair 73 [4, 14] combined 25600 players 5192 retained 256 seconds 0.4462567900773138
shuttleset_03_scene_0017 pair 74 [4, 15] combined 8192 players 2042 retained 256 seconds 0.2877271310426295
shuttleset_03_scene_0017 pair 75 [5, 0] combined 262144 players 85582 retained 256 seconds 4.6386920609511435
shuttleset_03_scene_0017 pair 77 [5, 2] combined 262144 players 4728 retained 256 seconds 1.528748074080795
shuttleset_03_scene_0017 pair 78 [5, 3] combined 262144 players 3352 retained 256 seconds 1.468750697094947
shuttleset_03_scene_0017 pair 79 [5, 4] combined 262144 players 71802 retained 256 seconds 3.843698899028823
shuttleset_03_scene_0017 pair 82 [5, 8] combined 25600 players 464 retained 232 seconds 0.2397013350855559
shuttleset_03_scene_0017 pair 85 [5, 11] combined 97280 players 14032 retained 256 seconds 0.9742618401069194
shuttleset_03_scene_0017 pair 86 [5, 12] combined 53248 players 382 retained 193 seconds 0.3295787749812007
shuttleset_03_scene_0017 pair 88 [5, 14] combined 71680 players 1430 retained 256 seconds 0.4396460331045091
shuttleset_03_scene_0017 pair 89 [5, 15] combined 25600 players 794 retained 256 seconds 0.20048503088764846
shuttleset_03_scene_0017 pair 90 [6, 0] combined 262144 players 89848 retained 256 seconds 5.306235467083752
shuttleset_03_scene_0017 pair 92 [6, 2] combined 262144 players 2578 retained 256 seconds 1.4826452708803117
shuttleset_03_scene_0017 pair 93 [6, 3] combined 262144 players 2674 retained 256 seconds 1.4952412829734385
shuttleset_03_scene_0017 pair 94 [6, 4] combined 262144 players 78706 retained 256 seconds 4.36010704212822
shuttleset_03_scene_0017 pair 96 [6, 7] combined 262144 players 80284 retained 256 seconds 4.2762207319028676
shuttleset_03_scene_0017 pair 97 [6, 8] combined 25600 players 72 retained 35 seconds 0.2256697139237076
shuttleset_03_scene_0017 pair 100 [6, 11] combined 96256 players 28356 retained 256 seconds 1.2053584028035402
shuttleset_03_scene_0017 pair 101 [6, 12] combined 61440 players 336 retained 170 seconds 0.3958222270011902
shuttleset_03_scene_0017 pair 103 [6, 14] combined 36864 players 204 retained 102 seconds 0.25073530501686037
shuttleset_03_scene_0017 pair 104 [6, 15] combined 34816 players 696 retained 256 seconds 0.2535753329284489
shuttleset_03_scene_0017 pair 106 [7, 1] combined 262144 players 84618 retained 256 seconds 4.641160750063136
shuttleset_03_scene_0017 pair 108 [7, 3] combined 262144 players 78346 retained 256 seconds 4.440257757902145
shuttleset_03_scene_0017 pair 109 [7, 4] combined 262144 players 3040 retained 256 seconds 1.5302253048866987
shuttleset_03_scene_0017 pair 111 [7, 6] combined 262144 players 70034 retained 256 seconds 3.6530238641425967
shuttleset_03_scene_0017 pair 112 [7, 8] combined 29696 players 5798 retained 256 seconds 0.3830440288875252
shuttleset_03_scene_0017 pair 114 [7, 10] combined 181248 players 46436 retained 256 seconds 2.6048511089757085
shuttleset_03_scene_0017 pair 115 [7, 11] combined 262144 players 9676 retained 256 seconds 1.9303259439766407
shuttleset_03_scene_0017 pair 116 [7, 12] combined 37888 players 10920 retained 256 seconds 0.4801296931691468
shuttleset_03_scene_0017 pair 121 [8, 1] combined 37888 players 8896 retained 256 seconds 0.8675641461741179
shuttleset_03_scene_0017 pair 125 [8, 5] combined 37888 players 3192 retained 256 seconds 0.3116108300164342
shuttleset_03_scene_0017 pair 126 [8, 6] combined 38912 players 6244 retained 256 seconds 0.3813079900573939
shuttleset_03_scene_0017 pair 127 [8, 7] combined 46080 players 14300 retained 256 seconds 0.846225201850757
shuttleset_03_scene_0017 pair 128 [8, 9] combined 11424 players 0 retained 0 seconds 0.07453712890855968
shuttleset_03_scene_0017 pair 129 [8, 10] combined 25600 players 5802 retained 256 seconds 0.29914721194654703
shuttleset_03_scene_0017 pair 132 [8, 13] combined 12168 players 1328 retained 256 seconds 0.13258238113485277
shuttleset_03_scene_0017 pair 138 [9, 3] combined 83968 players 20116 retained 256 seconds 1.2239880841225386
shuttleset_03_scene_0017 pair 139 [9, 4] combined 83968 players 1510 retained 256 seconds 0.5955242840573192
shuttleset_03_scene_0017 pair 143 [9, 8] combined 14740 players 3822 retained 256 seconds 0.42380265705287457
shuttleset_03_scene_0017 pair 145 [9, 11] combined 50176 players 1098 retained 256 seconds 0.30552598601207137
shuttleset_03_scene_0017 pair 146 [9, 12] combined 11680 players 2936 retained 256 seconds 0.15551369194872677
shuttleset_03_scene_0017 pair 148 [9, 14] combined 10824 players 1032 retained 256 seconds 0.11266190186142921
shuttleset_03_scene_0017 pair 150 [10, 0] combined 230400 players 77492 retained 256 seconds 4.416582456091419
shuttleset_03_scene_0017 pair 152 [10, 2] combined 262144 players 2882 retained 256 seconds 1.4506958078127354
shuttleset_03_scene_0017 pair 153 [10, 3] combined 245760 players 1620 retained 256 seconds 1.3496899611782283
shuttleset_03_scene_0017 pair 154 [10, 4] combined 237568 players 67652 retained 256 seconds 3.4132721240166575
shuttleset_03_scene_0017 pair 157 [10, 7] combined 236544 players 88370 retained 256 seconds 4.729705072008073
shuttleset_03_scene_0017 pair 158 [10, 8] combined 20800 players 1998 retained 256 seconds 0.24276651605032384
shuttleset_03_scene_0017 pair 160 [10, 11] combined 74880 players 9508 retained 256 seconds 0.6445288008544594
shuttleset_03_scene_0017 pair 161 [10, 12] combined 53248 players 476 retained 242 seconds 0.31830729404464364
shuttleset_03_scene_0017 pair 163 [10, 14] combined 30380 players 0 retained 0 seconds 0.1716366840992123
shuttleset_03_scene_0017 pair 164 [10, 15] combined 28320 players 184 retained 92 seconds 0.17404935997910798
shuttleset_03_scene_0017 pair 166 [11, 1] combined 93184 players 26172 retained 256 seconds 1.6048587781842798
shuttleset_03_scene_0017 pair 170 [11, 5] combined 99328 players 7476 retained 256 seconds 0.7539256419986486
shuttleset_03_scene_0017 pair 171 [11, 6] combined 95232 players 23606 retained 256 seconds 1.4015213220845908
shuttleset_03_scene_0017 pair 172 [11, 7] combined 237568 players 6346 retained 256 seconds 1.3753795970696956
shuttleset_03_scene_0017 pair 174 [11, 9] combined 34472 players 350 retained 175 seconds 0.20549816102720797
shuttleset_03_scene_0017 pair 175 [11, 10] combined 94208 players 25230 retained 256 seconds 1.3695345248561352
shuttleset_03_scene_0017 pair 177 [11, 13] combined 43488 players 550 retained 256 seconds 0.28602968296036124
shuttleset_03_scene_0017 pair 180 [12, 0] combined 53248 players 15736 retained 256 seconds 1.4211722020991147
shuttleset_03_scene_0017 pair 181 [12, 1] combined 71680 players 1574 retained 256 seconds 0.6503956608939916
shuttleset_03_scene_0017 pair 185 [12, 5] combined 69360 players 450 retained 241 seconds 0.3938638169784099
shuttleset_03_scene_0017 pair 186 [12, 6] combined 39936 players 460 retained 234 seconds 0.25637569394893944
shuttleset_03_scene_0017 pair 187 [12, 7] combined 53248 players 16838 retained 256 seconds 0.9791156451683491
shuttleset_03_scene_0017 pair 189 [12, 9] combined 11660 players 2184 retained 256 seconds 0.15743802720680833
shuttleset_03_scene_0017 pair 190 [12, 10] combined 74752 players 1376 retained 256 seconds 0.4430771691258997
shuttleset_03_scene_0017 pair 192 [12, 13] combined 14580 players 4878 retained 256 seconds 0.21759720286354423
shuttleset_03_scene_0017 pair 197 [13, 2] combined 117760 players 38188 retained 256 seconds 2.3526021470315754
shuttleset_03_scene_0017 pair 198 [13, 3] combined 133120 players 38060 retained 256 seconds 2.196762887062505
shuttleset_03_scene_0017 pair 199 [13, 4] combined 99328 players 3924 retained 256 seconds 0.7278162948787212
shuttleset_03_scene_0017 pair 203 [13, 8] combined 15360 players 2662 retained 256 seconds 0.18355588498525321
shuttleset_03_scene_0017 pair 206 [13, 11] combined 69972 players 1750 retained 256 seconds 0.42579755489714444
shuttleset_03_scene_0017 pair 207 [13, 12] combined 17936 players 4648 retained 256 seconds 0.22908504190854728
shuttleset_03_scene_0017 pair 208 [13, 14] combined 15500 players 3392 retained 256 seconds 0.197123303078115
shuttleset_03_scene_0017 pair 210 [14, 0] combined 26624 players 8422 retained 256 seconds 0.8529275499749929
shuttleset_03_scene_0017 pair 214 [14, 4] combined 31744 players 9376 retained 256 seconds 0.835796678904444
shuttleset_03_scene_0017 pair 215 [14, 5] combined 28672 players 30 retained 15 seconds 0.17874830891378224
shuttleset_03_scene_0017 pair 216 [14, 6] combined 38912 players 152 retained 77 seconds 0.22759296698495746
shuttleset_03_scene_0017 pair 219 [14, 9] combined 6100 players 442 retained 214 seconds 0.06564861303195357
shuttleset_03_scene_0017 pair 220 [14, 10] combined 29540 players 34 retained 17 seconds 0.16252621193416417
shuttleset_03_scene_0017 pair 223 [14, 13] combined 10292 players 2196 retained 256 seconds 0.13504542503505945
shuttleset_03_scene_0017 pair 225 [15, 0] combined 3072 players 1336 retained 256 seconds 0.5535183111205697
shuttleset_03_scene_0017 pair 226 [15, 1] combined 13312 players 0 retained 0 seconds 0.2906379320193082
shuttleset_03_scene_0017 pair 229 [15, 4] combined 3072 players 984 retained 256 seconds 0.16425746795721352
shuttleset_03_scene_0017 pair 230 [15, 5] combined 6144 players 2 retained 2 seconds 0.06080387509427965
shuttleset_03_scene_0017 pair 231 [15, 6] combined 16384 players 56 retained 28 seconds 0.11827935394831002
shuttleset_03_scene_0017 pair 235 [15, 10] combined 13872 players 0 retained 0 seconds 0.07804212183691561
shuttleset_03_scene_0017 person_observations generated pooled 29653 entries 256 winners 1:27 1:27 seconds 242.7
shuttleset_03_scene_0017 exact final-evaluation replay passed
shuttleset_03_scene_0017 exact selection replay passed
shuttleset_03_scene_0017 exact final-evaluation replay passed
shuttleset_03_scene_0017 exact selection replay passed
shuttleset_03_scene_0017 full evidence 0 of 1940 seconds 1.1668074876070023e-05
shuttleset_03_scene_0017 full evidence 512 of 1940 seconds 47.8285390001256
shuttleset_03_scene_0017 full evidence 1024 of 1940 seconds 91.66583235701546
shuttleset_03_scene_0017 full evidence 1536 of 1940 seconds 135.82043926417828
shuttleset_03_scene_0017 person_observations complete {'case_id': 'shuttleset_03_scene_0017', 'arm': 'person_observations', 'status': 'generated', 'generation_s': 242.7189226418268, 'camera_first_s': 29.531953470082954, 'all_camera_s': 193.772887785919, 'winners': {'results': ('1:27', '1:27'), 'camera_first': ('1:27', '1:27'), 'all_camera': ('1:27', '1:27')}}
