run_automatic from /scratch/ahalperi/court_det_fix/paint_geometry_20260909/automatic_axes_20260914/run_automatic.py
shuttleset_03_scene_0017 pair 0 [0, 1] combined 262144 players 79310 retained 256 seconds 5.9057828690856695
shuttleset_03_scene_0017 pair 1 [0, 2] combined 262144 players 92550 retained 256 seconds 4.583796554012224
shuttleset_03_scene_0017 pair 2 [0, 3] combined 245760 players 74962 retained 256 seconds 3.9073814689181745
shuttleset_03_scene_0017 pair 3 [0, 4] combined 262144 players 73716 retained 256 seconds 4.114073291886598
shuttleset_03_scene_0017 pair 5 [0, 6] combined 262144 players 71296 retained 256 seconds 3.892939242068678
shuttleset_03_scene_0017 pair 7 [0, 8] combined 262144 players 64300 retained 256 seconds 3.7043908091727644
shuttleset_03_scene_0017 pair 8 [0, 9] combined 126976 players 30236 retained 256 seconds 2.2239506680052727
shuttleset_03_scene_0017 pair 10 [0, 11] combined 262144 players 44848 retained 256 seconds 3.278297728858888
shuttleset_03_scene_0017 pair 11 [0, 12] combined 108544 players 16352 retained 256 seconds 1.789416350889951
shuttleset_03_scene_0017 pair 13 [0, 14] combined 15360 players 2700 retained 256 seconds 0.9965144069865346
shuttleset_03_scene_0017 pair 15 [1, 0] combined 262144 players 93321 retained 256 seconds 4.687048808904365
shuttleset_03_scene_0017 pair 16 [1, 2] combined 262144 players 4492 retained 256 seconds 1.7501668429467827
shuttleset_03_scene_0017 pair 21 [1, 7] combined 262144 players 92832 retained 256 seconds 3.933519174112007
shuttleset_03_scene_0017 pair 22 [1, 8] combined 262144 players 52558 retained 256 seconds 3.15245143789798
shuttleset_03_scene_0017 pair 24 [1, 10] combined 262144 players 90288 retained 256 seconds 4.278810295043513
shuttleset_03_scene_0017 pair 25 [1, 11] combined 262144 players 3856 retained 256 seconds 1.7107406670693308
shuttleset_03_scene_0017 pair 26 [1, 12] combined 92160 players 11454 retained 256 seconds 1.0735961240716279
shuttleset_03_scene_0017 pair 29 [1, 15] combined 23552 players 3406 retained 256 seconds 0.609877001028508
shuttleset_03_scene_0017 pair 30 [2, 0] combined 262144 players 109734 retained 256 seconds 4.475170556921512
shuttleset_03_scene_0017 pair 31 [2, 1] combined 262144 players 9778 retained 256 seconds 1.9757659391034395
shuttleset_03_scene_0017 pair 32 [2, 3] combined 262144 players 378 retained 192 seconds 1.2793439410161227
shuttleset_03_scene_0017 pair 35 [2, 6] combined 262144 players 3684 retained 256 seconds 1.3620946039445698
shuttleset_03_scene_0017 pair 38 [2, 9] combined 147456 players 4542 retained 256 seconds 0.8398820101283491
shuttleset_03_scene_0017 pair 39 [2, 10] combined 262144 players 101464 retained 256 seconds 4.260328385047615
shuttleset_03_scene_0017 pair 43 [2, 14] combined 20480 players 224 retained 110 seconds 0.22280338709242642
shuttleset_03_scene_0017 pair 45 [3, 0] combined 262144 players 85582 retained 256 seconds 3.853555310983211
shuttleset_03_scene_0017 pair 47 [3, 2] combined 262144 players 4728 retained 256 seconds 1.3995381880085915
shuttleset_03_scene_0017 pair 48 [3, 4] combined 262144 players 2470 retained 256 seconds 1.3943802597932518
shuttleset_03_scene_0017 pair 52 [3, 8] combined 198656 players 4374 retained 256 seconds 1.0410730589646846
shuttleset_03_scene_0017 pair 54 [3, 10] combined 262144 players 88462 retained 256 seconds 3.783149235183373
shuttleset_03_scene_0017 pair 55 [3, 11] combined 262144 players 1606 retained 256 seconds 1.3181909080594778
shuttleset_03_scene_0017 pair 56 [3, 12] combined 109568 players 4890 retained 256 seconds 0.7205342259258032
shuttleset_03_scene_0017 pair 59 [3, 15] combined 16720 players 354 retained 177 seconds 0.13429192500188947
shuttleset_03_scene_0017 pair 60 [4, 0] combined 262144 players 73636 retained 256 seconds 3.794002949958667
shuttleset_03_scene_0017 pair 63 [4, 3] combined 262144 players 10518 retained 256 seconds 1.5532677348237485
shuttleset_03_scene_0017 pair 64 [4, 5] combined 262144 players 83602 retained 256 seconds 3.5753150139935315
shuttleset_03_scene_0017 pair 65 [4, 6] combined 262144 players 1304 retained 256 seconds 1.3829163431655616
shuttleset_03_scene_0017 pair 66 [4, 7] combined 262144 players 65004 retained 256 seconds 3.0169056989252567
shuttleset_03_scene_0017 pair 68 [4, 9] combined 262144 players 3654 retained 256 seconds 1.4086064700968564
shuttleset_03_scene_0017 pair 69 [4, 10] combined 262144 players 72628 retained 256 seconds 3.3603272140026093
shuttleset_03_scene_0017 pair 72 [4, 13] combined 58368 players 9572 retained 256 seconds 0.7974779901560396
shuttleset_03_scene_0017 pair 73 [4, 14] combined 25600 players 4098 retained 256 seconds 0.31814801483415067
shuttleset_03_scene_0017 pair 79 [5, 4] combined 262144 players 23484 retained 256 seconds 1.9052844420075417
shuttleset_03_scene_0017 pair 84 [5, 10] combined 132096 players 32388 retained 256 seconds 1.6611991110257804
shuttleset_03_scene_0017 pair 85 [5, 11] combined 246784 players 18658 retained 256 seconds 1.6795591041445732
shuttleset_03_scene_0017 pair 86 [5, 12] combined 87040 players 1026 retained 256 seconds 0.45596865308471024
shuttleset_03_scene_0017 pair 90 [6, 0] combined 262144 players 91876 retained 256 seconds 4.168629587860778
shuttleset_03_scene_0017 pair 92 [6, 2] combined 262144 players 2864 retained 256 seconds 1.373487767064944
shuttleset_03_scene_0017 pair 94 [6, 4] combined 262144 players 6702 retained 256 seconds 1.4570038870442659
shuttleset_03_scene_0017 pair 96 [6, 7] combined 262144 players 74298 retained 256 seconds 3.3102647960186005
shuttleset_03_scene_0017 pair 97 [6, 8] combined 193536 players 24748 retained 256 seconds 1.7447259060572833
shuttleset_03_scene_0017 pair 99 [6, 10] combined 262144 players 90146 retained 256 seconds 4.07281113602221
shuttleset_03_scene_0017 pair 100 [6, 11] combined 262144 players 844 retained 256 seconds 1.325146408053115
shuttleset_03_scene_0017 pair 101 [6, 12] combined 166912 players 7734 retained 256 seconds 0.9826556569896638
shuttleset_03_scene_0017 pair 104 [6, 15] combined 14336 players 14 retained 7 seconds 0.13216595584526658
shuttleset_03_scene_0017 pair 106 [7, 1] combined 262144 players 81692 retained 256 seconds 3.58375686686486
shuttleset_03_scene_0017 pair 109 [7, 4] combined 262144 players 71046 retained 256 seconds 3.3816354798618704
shuttleset_03_scene_0017 pair 111 [7, 6] combined 262144 players 62637 retained 256 seconds 3.0015671011060476
shuttleset_03_scene_0017 pair 113 [7, 9] combined 123904 players 25946 retained 256 seconds 1.4610542198643088
shuttleset_03_scene_0017 pair 114 [7, 10] combined 262144 players 4570 retained 256 seconds 1.5052138920873404
shuttleset_03_scene_0017 pair 115 [7, 11] combined 262144 players 49050 retained 256 seconds 2.662838774966076
shuttleset_03_scene_0017 pair 116 [7, 12] combined 135168 players 2906 retained 256 seconds 0.7447938721161336
shuttleset_03_scene_0017 pair 118 [7, 14] combined 13312 players 2108 retained 256 seconds 0.1488437680527568
shuttleset_03_scene_0017 pair 120 [8, 0] combined 159744 players 10684 retained 256 seconds 1.4250978189520538
shuttleset_03_scene_0017 pair 121 [8, 1] combined 189440 players 19116 retained 256 seconds 1.6477031921967864
shuttleset_03_scene_0017 pair 123 [8, 3] combined 184320 players 1770 retained 256 seconds 0.9211372430436313
shuttleset_03_scene_0017 pair 126 [8, 6] combined 178176 players 9494 retained 256 seconds 1.1619321561884135
shuttleset_03_scene_0017 pair 128 [8, 9] combined 110376 players 6304 retained 256 seconds 0.6759616078343242
shuttleset_03_scene_0017 pair 129 [8, 10] combined 159744 players 18072 retained 256 seconds 1.4590583369135857
shuttleset_03_scene_0017 pair 135 [9, 0] combined 147456 players 45898 retained 256 seconds 2.6033910459373146
shuttleset_03_scene_0017 pair 137 [9, 2] combined 146432 players 2946 retained 256 seconds 0.829586812062189
shuttleset_03_scene_0017 pair 139 [9, 4] combined 121856 players 958 retained 256 seconds 0.6642879801802337
shuttleset_03_scene_0017 pair 142 [9, 7] combined 166912 players 59128 retained 256 seconds 2.5843731039203703
shuttleset_03_scene_0017 pair 143 [9, 8] combined 167936 players 23108 retained 256 seconds 1.3062606998719275
shuttleset_03_scene_0017 pair 144 [9, 10] combined 152576 players 50564 retained 256 seconds 2.329943328164518
shuttleset_03_scene_0017 pair 145 [9, 11] combined 79872 players 1076 retained 256 seconds 0.4569247658364475
shuttleset_03_scene_0017 pair 146 [9, 12] combined 20304 players 992 retained 256 seconds 0.14519152883440256
shuttleset_03_scene_0017 pair 149 [9, 15] combined 4200 players 20 retained 10 seconds 0.04483610508032143
shuttleset_03_scene_0017 pair 151 [10, 1] combined 262144 players 80364 retained 256 seconds 4.19169574114494
shuttleset_03_scene_0017 pair 152 [10, 2] combined 262144 players 81380 retained 256 seconds 3.672379198949784
shuttleset_03_scene_0017 pair 153 [10, 3] combined 252928 players 74310 retained 256 seconds 3.7657806740608066
shuttleset_03_scene_0017 pair 154 [10, 4] combined 262144 players 67716 retained 256 seconds 3.665754702175036
shuttleset_03_scene_0017 pair 155 [10, 5] combined 119808 players 16026 retained 256 seconds 1.2042479449883103
shuttleset_03_scene_0017 pair 156 [10, 6] combined 262144 players 65350 retained 256 seconds 3.427240055054426
shuttleset_03_scene_0017 pair 157 [10, 7] combined 262144 players 4778 retained 256 seconds 1.638529310002923
shuttleset_03_scene_0017 pair 158 [10, 8] combined 262144 players 30542 retained 256 seconds 2.3369693260174245
shuttleset_03_scene_0017 pair 159 [10, 9] combined 131072 players 30060 retained 256 seconds 1.872042499948293
shuttleset_03_scene_0017 pair 162 [10, 13] combined 136192 players 7500 retained 256 seconds 1.1068841370288283
shuttleset_03_scene_0017 pair 164 [10, 15] combined 6144 players 1634 retained 256 seconds 0.39004284609109163
shuttleset_03_scene_0017 pair 165 [11, 0] combined 262144 players 60258 retained 256 seconds 3.346659032860771
shuttleset_03_scene_0017 pair 166 [11, 1] combined 262144 players 140 retained 70 seconds 1.4610506440512836
shuttleset_03_scene_0017 pair 168 [11, 3] combined 216064 players 2928 retained 256 seconds 1.2427293800283223
shuttleset_03_scene_0017 pair 170 [11, 5] combined 248832 players 86086 retained 256 seconds 3.792374762939289
shuttleset_03_scene_0017 pair 171 [11, 6] combined 262144 players 306 retained 154 seconds 1.2975241809617728
shuttleset_03_scene_0017 pair 172 [11, 7] combined 262144 players 84460 retained 256 seconds 3.5349875970277935
shuttleset_03_scene_0017 pair 174 [11, 9] combined 254976 players 728 retained 256 seconds 1.245230888016522
shuttleset_03_scene_0017 pair 177 [11, 13] combined 53248 players 14110 retained 256 seconds 0.582791276043281
shuttleset_03_scene_0017 pair 178 [11, 14] combined 22528 players 1030 retained 256 seconds 0.17689615790732205
shuttleset_03_scene_0017 pair 180 [12, 0] combined 88064 players 2092 retained 256 seconds 0.942627941025421
shuttleset_03_scene_0017 pair 181 [12, 1] combined 20480 players 1468 retained 256 seconds 0.3727354649454355
shuttleset_03_scene_0017 pair 183 [12, 3] combined 103424 players 2616 retained 256 seconds 0.7477869850117713
shuttleset_03_scene_0017 pair 185 [12, 5] combined 121856 players 1176 retained 256 seconds 0.6000492780003697
shuttleset_03_scene_0017 pair 186 [12, 6] combined 39936 players 3412 retained 256 seconds 0.30649399501271546
shuttleset_03_scene_0017 pair 187 [12, 7] combined 120832 players 2012 retained 256 seconds 0.6187176939565688
shuttleset_03_scene_0017 pair 189 [12, 9] combined 20480 players 1248 retained 256 seconds 0.14819516614079475
shuttleset_03_scene_0017 pair 192 [12, 13] combined 26520 players 148 retained 74 seconds 0.1379180068615824
shuttleset_03_scene_0017 pair 199 [13, 4] combined 86016 players 17564 retained 256 seconds 1.0669752401299775
shuttleset_03_scene_0017 pair 205 [13, 10] combined 74752 players 2480 retained 256 seconds 0.5895833580289036
shuttleset_03_scene_0017 pair 206 [13, 11] combined 77824 players 14414 retained 256 seconds 0.6939567809458822
shuttleset_03_scene_0017 pair 207 [13, 12] combined 34440 players 456 retained 225 seconds 0.19573118188418448
shuttleset_03_scene_0017 pair 210 [14, 0] combined 16384 players 4334 retained 256 seconds 0.8500340599566698
shuttleset_03_scene_0017 pair 212 [14, 2] combined 18432 players 766 retained 256 seconds 0.16094767092727125
shuttleset_03_scene_0017 pair 214 [14, 4] combined 12288 players 1338 retained 256 seconds 0.16194944409653544
shuttleset_03_scene_0017 pair 217 [14, 7] combined 12288 players 3444 retained 256 seconds 0.1675116701517254
shuttleset_03_scene_0017 pair 221 [14, 11] combined 22528 players 382 retained 195 seconds 0.1438158149830997
shuttleset_03_scene_0017 pair 224 [14, 15] combined 96 players 0 retained 0 seconds 0.004920101026073098
shuttleset_03_scene_0017 pair 226 [15, 1] combined 2048 players 22 retained 11 seconds 0.24746185285039246
shuttleset_03_scene_0017 pair 228 [15, 3] combined 4096 players 66 retained 33 seconds 0.05278116697445512
shuttleset_03_scene_0017 pair 231 [15, 6] combined 1024 players 4 retained 2 seconds 0.05088997189886868
shuttleset_03_scene_0017 pair 234 [15, 9] combined 1320 players 10 retained 5 seconds 0.028066345024853945
shuttleset_03_scene_0017 pair 235 [15, 10] combined 8192 players 3310 retained 256 seconds 0.3046179099474102
shuttleset_03_scene_0017 pair 239 [15, 14] combined 192 players 0 retained 0 seconds 0.00780537398532033
shuttleset_03_scene_0017 person generated pooled 28401 entries 256 winners 1:27 1:27 seconds 241.2
shuttleset_03_scene_0017 exact final-evaluation replay passed
shuttleset_03_scene_0017 exact selection replay passed
shuttleset_03_scene_0017 exact final-evaluation replay passed
shuttleset_03_scene_0017 exact selection replay passed
shuttleset_03_scene_0017 full evidence 0 of 1848 seconds 6.463844329118729e-06
shuttleset_03_scene_0017 full evidence 512 of 1848 seconds 44.50646871491335
shuttleset_03_scene_0017 full evidence 1024 of 1848 seconds 83.043687538011
shuttleset_03_scene_0017 full evidence 1536 of 1848 seconds 119.54850648483261
shuttleset_03_scene_0017 person complete {'case_id': 'shuttleset_03_scene_0017', 'arm': 'person', 'status': 'generated', 'generation_s': 241.2193312291056, 'camera_first_s': 27.732330441009253, 'all_camera_s': 167.27786161005497, 'winners': {'results': ('1:27', '1:27'), 'camera_first': ('1:27', '1:27'), 'all_camera': ('1:27', '1:27')}}
