decoded <run root>/paint_geometry_20260909/gx_extension/videos/gxBQ_HwdgN4.mp4 to frame 77966 in 330s
decoded <run root>/player_guided_20260908/videos/am1_h264.mp4 to frame 186 in 1s
gxBQ_window_03_frame_77876 pair 17 [1, 3] combined 262144 players 7316 retained 256 seconds 1.4541343641467392
gxBQ_window_03_frame_77876 pair 20 [1, 6] combined 184320 players 4540 retained 256 seconds 1.090800188947469
gxBQ_window_03_frame_77876 pair 21 [1, 7] combined 262144 players 126 retained 62 seconds 1.0035297819413245
gxBQ_window_03_frame_77876 pair 24 [1, 10] combined 262144 players 13646 retained 256 seconds 1.7578454436734319
gxBQ_window_03_frame_77876 pair 46 [3, 1] combined 262144 players 648 retained 256 seconds 1.0939499619416893
gxBQ_window_03_frame_77876 pair 53 [3, 9] combined 25600 players 4980 retained 256 seconds 0.4283730168826878
gxBQ_window_03_frame_77876 pair 91 [6, 1] combined 55296 players 2976 retained 256 seconds 0.4831323930993676
gxBQ_window_03_frame_77876 pair 98 [6, 9] combined 5712 players 1016 retained 256 seconds 0.13328892597928643
gxBQ_window_03_frame_77876 pair 100 [6, 11] combined 1152 players 20 retained 10 seconds 0.05412499513477087
gxBQ_window_03_frame_77876 pair 106 [7, 1] combined 262144 players 20 retained 12 seconds 0.9657135438174009
gxBQ_window_03_frame_77876 pair 113 [7, 9] combined 22816 players 334 retained 167 seconds 0.22019524034112692
gxBQ_window_03_frame_77876 pair 138 [9, 3] combined 4096 players 398 retained 173 seconds 0.14348095702007413
gxBQ_window_03_frame_77876 pair 141 [9, 6] combined 10480 players 2468 retained 256 seconds 0.2090100422501564
gxBQ_window_03_frame_77876 pair 142 [9, 7] combined 3072 players 0 retained 0 seconds 0.04095451394096017
gxBQ_window_03_frame_77876 pair 144 [9, 10] combined 16384 players 3696 retained 256 seconds 0.3078274019062519
gxBQ_window_03_frame_77876 pair 151 [10, 1] combined 262144 players 596 retained 256 seconds 1.095369321294129
gxBQ_window_03_frame_77876 pair 159 [10, 9] combined 34816 players 1628 retained 256 seconds 0.28871850296854973
gxBQ_window_03_frame_77876 pair 160 [10, 11] combined 38912 players 114 retained 55 seconds 0.18836549064144492
gxBQ_window_03_frame_77876 pair 171 [11, 6] combined 3648 players 46 retained 23 seconds 0.05755131971091032
gxBQ_window_03_frame_77876 pair 175 [11, 10] combined 15360 players 70 retained 35 seconds 0.10842850664630532
gxBQ_window_03_frame_77876 pair 17 [1, 3] combined 88704 players 160 retained 80 seconds 0.44260307494550943
gxBQ_window_03_frame_77876 pair 20 [1, 6] combined 0 players 0 retained 0 seconds 0.025290486868470907
gxBQ_window_03_frame_77876 pair 21 [1, 7] combined 9728 players 0 retained 0 seconds 0.055326655972748995
gxBQ_window_03_frame_77876 pair 24 [1, 10] combined 56544 players 2122 retained 256 seconds 0.34788485104218125
gxBQ_window_03_frame_77876 pair 46 [3, 1] combined 41984 players 352 retained 171 seconds 0.20923189586028457
gxBQ_window_03_frame_77876 pair 53 [3, 9] combined 0 players 0 retained 0 seconds 0.017787412740290165
gxBQ_window_03_frame_77876 pair 91 [6, 1] combined 0 players 0 retained 0 seconds 0.023458254989236593
gxBQ_window_03_frame_77876 pair 98 [6, 9] combined 0 players 0 retained 0 seconds 0.002989696804434061
gxBQ_window_03_frame_77876 pair 100 [6, 11] combined 0 players 0 retained 0 seconds 0.002818083856254816
gxBQ_window_03_frame_77876 pair 106 [7, 1] combined 7632 players 0 retained 0 seconds 0.04399447375908494
gxBQ_window_03_frame_77876 pair 113 [7, 9] combined 0 players 0 retained 0 seconds 0.004032202996313572
gxBQ_window_03_frame_77876 pair 138 [9, 3] combined 0 players 0 retained 0 seconds 0.012876227963715792
gxBQ_window_03_frame_77876 pair 141 [9, 6] combined 0 players 0 retained 0 seconds 0.0028207027353346348
gxBQ_window_03_frame_77876 pair 142 [9, 7] combined 0 players 0 retained 0 seconds 0.003496285993605852
gxBQ_window_03_frame_77876 pair 144 [9, 10] combined 0 players 0 retained 0 seconds 0.011071268934756517
gxBQ_window_03_frame_77876 pair 151 [10, 1] combined 58368 players 240 retained 116 seconds 0.2470624502748251
gxBQ_window_03_frame_77876 pair 159 [10, 9] combined 0 players 0 retained 0 seconds 0.01497938809916377
gxBQ_window_03_frame_77876 pair 160 [10, 11] combined 0 players 0 retained 0 seconds 0.014157779980450869
gxBQ_window_03_frame_77876 pair 171 [11, 6] combined 0 players 0 retained 0 seconds 0.0029398249462246895
gxBQ_window_03_frame_77876 pair 175 [11, 10] combined 0 players 0 retained 0 seconds 0.013114065863192081
[gxBQ_window_03_frame_77876] line-template: preparing rectangles
[gxBQ_window_03_frame_77876] measuring 766 parents (G0=256, G1=256, line_template=256; conflicting geometry groups=0)
[gxBQ_window_03_frame_77876] parents 250/766
[gxBQ_window_03_frame_77876] parents 500/766
[gxBQ_window_03_frame_77876] parents 750/766
[gxBQ_window_03_frame_77876] refitting 766 parents
[gxBQ_window_03_frame_77876] refits 250/766; valid children=203
[gxBQ_window_03_frame_77876] refits 500/766; valid children=423
[gxBQ_window_03_frame_77876] refits 750/766; valid children=657
{"view_id": "gxBQ_window_03_frame_77876", "chosen_key": "G0:17:2/child", "no_court_reason": null, "all_checks_equal": null, "error": null}
am1_window_00_frame_54 pair 0 [0, 1] combined 262144 players 0 retained 0 seconds 3.1971824900247157
am1_window_00_frame_54 pair 15 [1, 0] combined 262144 players 0 retained 0 seconds 2.461941438727081
am1_window_00_frame_54 pair 16 [1, 2] combined 262144 players 0 retained 0 seconds 1.2395499018020928
am1_window_00_frame_54 pair 17 [1, 3] combined 262144 players 0 retained 0 seconds 1.2616934152320027
am1_window_00_frame_54 pair 18 [1, 4] combined 163840 players 0 retained 0 seconds 0.8578897537663579
am1_window_00_frame_54 pair 19 [1, 5] combined 209920 players 2234 retained 256 seconds 2.2514225151389837
am1_window_00_frame_54 pair 20 [1, 6] combined 262144 players 2052 retained 256 seconds 1.4489901871420443
am1_window_00_frame_54 pair 24 [1, 10] combined 93184 players 160 retained 78 seconds 0.7509214119054377
am1_window_00_frame_54 pair 27 [1, 13] combined 12288 players 260 retained 130 seconds 0.41358175221830606
am1_window_00_frame_54 pair 28 [1, 14] combined 262144 players 432 retained 218 seconds 1.5460674609057605
am1_window_00_frame_54 pair 31 [2, 1] combined 262144 players 0 retained 0 seconds 1.2319385716691613
am1_window_00_frame_54 pair 46 [3, 1] combined 262144 players 0 retained 0 seconds 1.297012294176966
am1_window_00_frame_54 pair 61 [4, 1] combined 181248 players 0 retained 0 seconds 0.8116094111464918
am1_window_00_frame_54 pair 76 [5, 1] combined 25600 players 4022 retained 256 seconds 0.6374044585973024
am1_window_00_frame_54 pair 91 [6, 1] combined 262144 players 2712 retained 256 seconds 1.3271365971304476
am1_window_00_frame_54 pair 118 [7, 14] combined 80352 players 0 retained 0 seconds 0.2977943876758218
am1_window_00_frame_54 pair 148 [9, 14] combined 49920 players 60 retained 30 seconds 0.20408200472593307
am1_window_00_frame_54 pair 151 [10, 1] combined 4096 players 220 retained 104 seconds 0.3254081732593477
am1_window_00_frame_54 pair 196 [13, 1] combined 14336 players 94 retained 47 seconds 0.3316991371102631
am1_window_00_frame_54 pair 211 [14, 1] combined 77824 players 680 retained 256 seconds 0.683175555896014
am1_window_00_frame_54 pair 217 [14, 7] combined 19500 players 0 retained 0 seconds 0.10345846228301525
am1_window_00_frame_54 pair 219 [14, 9] combined 28072 players 0 retained 0 seconds 0.12033405480906367
am1_window_00_frame_54 pair 0 [0, 1] combined 262144 players 0 retained 0 seconds 1.0030302093364298
am1_window_00_frame_54 pair 15 [1, 0] combined 262144 players 0 retained 0 seconds 0.9491136032156646
am1_window_00_frame_54 pair 16 [1, 2] combined 30720 players 0 retained 0 seconds 0.15857970668002963
am1_window_00_frame_54 pair 17 [1, 3] combined 58368 players 0 retained 0 seconds 0.24517398374155164
am1_window_00_frame_54 pair 18 [1, 4] combined 3072 players 0 retained 0 seconds 0.07572538731619716
am1_window_00_frame_54 pair 19 [1, 5] combined 0 players 0 retained 0 seconds 0.05536178918555379
am1_window_00_frame_54 pair 20 [1, 6] combined 76800 players 240 retained 123 seconds 0.3434706088155508
am1_window_00_frame_54 pair 24 [1, 10] combined 0 players 0 retained 0 seconds 0.04787912731990218
am1_window_00_frame_54 pair 27 [1, 13] combined 0 players 0 retained 0 seconds 0.06067853793501854
am1_window_00_frame_54 pair 28 [1, 14] combined 46800 players 1442 retained 256 seconds 0.5012230719439685
am1_window_00_frame_54 pair 31 [2, 1] combined 67584 players 0 retained 0 seconds 0.2762117120437324
am1_window_00_frame_54 pair 46 [3, 1] combined 89088 players 0 retained 0 seconds 0.32257284224033356
am1_window_00_frame_54 pair 61 [4, 1] combined 2048 players 0 retained 0 seconds 0.051153695210814476
am1_window_00_frame_54 pair 76 [5, 1] combined 0 players 0 retained 0 seconds 0.04484147019684315
am1_window_00_frame_54 pair 91 [6, 1] combined 75776 players 548 retained 256 seconds 0.3607923327945173
am1_window_00_frame_54 pair 118 [7, 14] combined 12 players 0 retained 0 seconds 0.010156124830245972
am1_window_00_frame_54 pair 148 [9, 14] combined 0 players 0 retained 0 seconds 0.012786357197910547
am1_window_00_frame_54 pair 151 [10, 1] combined 0 players 0 retained 0 seconds 0.040720903780311346
am1_window_00_frame_54 pair 196 [13, 1] combined 0 players 0 retained 0 seconds 0.04512271611019969
am1_window_00_frame_54 pair 211 [14, 1] combined 15360 players 0 retained 0 seconds 0.10596326785162091
am1_window_00_frame_54 pair 217 [14, 7] combined 0 players 0 retained 0 seconds 0.009962317999452353
am1_window_00_frame_54 pair 219 [14, 9] combined 0 players 0 retained 0 seconds 0.01230950327590108
[am1_window_00_frame_54] line-template: preparing rectangles
[am1_window_00_frame_54] measuring 768 parents (G0=256, G1=256, line_template=256; conflicting geometry groups=0)
[am1_window_00_frame_54] parents 250/768
[am1_window_00_frame_54] parents 500/768
[am1_window_00_frame_54] parents 750/768
[am1_window_00_frame_54] refitting 768 parents
[am1_window_00_frame_54] refits 250/768; valid children=111
[am1_window_00_frame_54] refits 500/768; valid children=146
[am1_window_00_frame_54] refits 750/768; valid children=359
{"view_id": "am1_window_00_frame_54", "chosen_key": "line_template:rectangle_98207:template_12/child", "no_court_reason": null, "all_checks_equal": null, "error": null}
{"views": ["gxBQ_window_03_frame_77876", "am1_window_00_frame_54"], "startup_seconds": 0.054010025691241026, "wall_seconds": 667.8370945509523, "peak_rss_mb": 1099.28515625, "failed": []}
