decoded <run root>/paint_geometry_20260909/gx_extension/videos/gxBQ_HwdgN4.mp4 to frame 180 in 1s
decoded <ShuttleSet root>/external/shuttleset-sources/3 Kento_MOMOTA_CHOU_Tien_Chen_KOREA_OPEN_2019_Final.mp4 to frame 41025 in 187s
gxBQ_window_00_frame_0 pair 17 [1, 3] combined 262144 players 3056 retained 256 seconds 0.6717318380251527
gxBQ_window_00_frame_0 pair 18 [1, 4] combined 23552 players 4 retained 2 seconds 0.12479146011173725
gxBQ_window_00_frame_0 pair 22 [1, 8] combined 262144 players 8060 retained 256 seconds 0.736043038778007
gxBQ_window_00_frame_0 pair 25 [1, 11] combined 134144 players 0 retained 0 seconds 0.30791449220851064
gxBQ_window_00_frame_0 pair 46 [3, 1] combined 262144 players 2996 retained 256 seconds 0.6163355559110641
gxBQ_window_00_frame_0 pair 50 [3, 6] combined 262144 players 1644 retained 256 seconds 0.5923029249534011
gxBQ_window_00_frame_0 pair 53 [3, 9] combined 262144 players 2306 retained 256 seconds 0.5864853439852595
gxBQ_window_00_frame_0 pair 61 [4, 1] combined 1024 players 0 retained 0 seconds 0.062146738171577454
gxBQ_window_00_frame_0 pair 65 [4, 6] combined 1024 players 12 retained 6 seconds 0.03156080096960068
gxBQ_window_00_frame_0 pair 68 [4, 9] combined 1024 players 0 retained 0 seconds 0.05800169985741377
gxBQ_window_00_frame_0 pair 93 [6, 3] combined 149504 players 2446 retained 256 seconds 0.38262385223060846
gxBQ_window_00_frame_0 pair 94 [6, 4] combined 7636 players 0 retained 0 seconds 0.03216840513050556
gxBQ_window_00_frame_0 pair 97 [6, 8] combined 115712 players 1136 retained 256 seconds 0.2764623127877712
gxBQ_window_00_frame_0 pair 100 [6, 11] combined 70656 players 0 retained 0 seconds 0.1354414108209312
gxBQ_window_00_frame_0 pair 101 [6, 12] combined 1116 players 0 retained 0 seconds 0.01920846290886402
gxBQ_window_00_frame_0 pair 121 [8, 1] combined 262144 players 3656 retained 256 seconds 0.6404897160828114
gxBQ_window_00_frame_0 pair 126 [8, 6] combined 205824 players 1282 retained 256 seconds 0.45991711877286434
gxBQ_window_00_frame_0 pair 128 [8, 9] combined 262144 players 4086 retained 256 seconds 0.7074995650909841
gxBQ_window_00_frame_0 pair 138 [9, 3] combined 262144 players 1384 retained 256 seconds 0.5962499449960887
gxBQ_window_00_frame_0 pair 139 [9, 4] combined 19456 players 0 retained 0 seconds 0.09374151099473238
gxBQ_window_00_frame_0 pair 143 [9, 8] combined 262144 players 4576 retained 256 seconds 0.6624855152331293
gxBQ_window_00_frame_0 pair 145 [9, 11] combined 142336 players 0 retained 0 seconds 0.3146045980975032
gxBQ_window_00_frame_0 pair 166 [11, 1] combined 62464 players 0 retained 0 seconds 0.1495116725564003
gxBQ_window_00_frame_0 pair 171 [11, 6] combined 43560 players 0 retained 0 seconds 0.08797913510352373
gxBQ_window_00_frame_0 pair 174 [11, 9] combined 88064 players 0 retained 0 seconds 0.1949701737612486
gxBQ_window_00_frame_0 pair 186 [12, 6] combined 2048 players 562 retained 256 seconds 0.05762631492689252
gxBQ_window_00_frame_0 pair 17 [1, 3] combined 3120 players 48 retained 24 seconds 0.037185358349233866
gxBQ_window_00_frame_0 pair 18 [1, 4] combined 2700 players 0 retained 0 seconds 0.02095458982512355
gxBQ_window_00_frame_0 pair 22 [1, 8] combined 19920 players 178 retained 89 seconds 0.06941560981795192
gxBQ_window_00_frame_0 pair 25 [1, 11] combined 18832 players 0 retained 0 seconds 0.05032989056780934
gxBQ_window_00_frame_0 pair 46 [3, 1] combined 4096 players 6 retained 3 seconds 0.03673121007159352
gxBQ_window_00_frame_0 pair 50 [3, 6] combined 144 players 0 retained 0 seconds 0.005892641842365265
gxBQ_window_00_frame_0 pair 53 [3, 9] combined 4096 players 0 retained 0 seconds 0.020634721964597702
gxBQ_window_00_frame_0 pair 61 [4, 1] combined 0 players 0 retained 0 seconds 0.014484452083706856
gxBQ_window_00_frame_0 pair 65 [4, 6] combined 0 players 0 retained 0 seconds 0.0044090887531638145
gxBQ_window_00_frame_0 pair 68 [4, 9] combined 0 players 0 retained 0 seconds 0.07008455693721771
gxBQ_window_00_frame_0 pair 93 [6, 3] combined 0 players 0 retained 0 seconds 0.005074265878647566
gxBQ_window_00_frame_0 pair 94 [6, 4] combined 48 players 0 retained 0 seconds 0.004129320848733187
gxBQ_window_00_frame_0 pair 97 [6, 8] combined 876 players 0 retained 0 seconds 0.008930247742682695
gxBQ_window_00_frame_0 pair 100 [6, 11] combined 0 players 0 retained 0 seconds 0.004781781230121851
gxBQ_window_00_frame_0 pair 101 [6, 12] combined 0 players 0 retained 0 seconds 0.003798134159296751
gxBQ_window_00_frame_0 pair 121 [8, 1] combined 15360 players 184 retained 92 seconds 0.05963716469705105
gxBQ_window_00_frame_0 pair 126 [8, 6] combined 1288 players 0 retained 0 seconds 0.010554600972682238
gxBQ_window_00_frame_0 pair 128 [8, 9] combined 16384 players 52 retained 24 seconds 0.05830854922533035
gxBQ_window_00_frame_0 pair 138 [9, 3] combined 2328 players 24 retained 12 seconds 0.03316738409921527
gxBQ_window_00_frame_0 pair 139 [9, 4] combined 2448 players 0 retained 0 seconds 0.019443140365183353
gxBQ_window_00_frame_0 pair 143 [9, 8] combined 28944 players 64 retained 31 seconds 0.07793830195441842
gxBQ_window_00_frame_0 pair 145 [9, 11] combined 9900 players 0 retained 0 seconds 0.031598958652466536
gxBQ_window_00_frame_0 pair 166 [11, 1] combined 16008 players 0 retained 0 seconds 0.03865960007533431
gxBQ_window_00_frame_0 pair 171 [11, 6] combined 192 players 0 retained 0 seconds 0.004973690025508404
gxBQ_window_00_frame_0 pair 174 [11, 9] combined 13716 players 0 retained 0 seconds 0.033897883258759975
gxBQ_window_00_frame_0 pair 186 [12, 6] combined 0 players 0 retained 0 seconds 0.004141802899539471
[gxBQ_window_00_frame_0] line-template: preparing rectangles
[gxBQ_window_00_frame_0] measuring 768 parents (G0=256, G1=256, line_template=256; conflicting geometry groups=0)
[gxBQ_window_00_frame_0] parents 250/768
[gxBQ_window_00_frame_0] parents 500/768
[gxBQ_window_00_frame_0] parents 750/768
[gxBQ_window_00_frame_0] refitting 768 parents
[gxBQ_window_00_frame_0] refits 250/768; valid children=238
[gxBQ_window_00_frame_0] refits 500/768; valid children=478
[gxBQ_window_00_frame_0] refits 750/768; valid children=712
{"view_id": "gxBQ_window_00_frame_0", "chosen_key": "G0:22:4965/child", "no_court_reason": null, "all_checks_equal": null, "error": null}
shuttleset_03_scene_0019 pair 0 [0, 1] combined 262144 players 66096 retained 256 seconds 2.990833641961217
shuttleset_03_scene_0019 pair 1 [0, 2] combined 262144 players 61674 retained 256 seconds 2.887529600877315
shuttleset_03_scene_0019 pair 2 [0, 3] combined 223232 players 0 retained 0 seconds 1.3516095583327115
shuttleset_03_scene_0019 pair 4 [0, 5] combined 262144 players 63246 retained 256 seconds 2.9256675420328975
shuttleset_03_scene_0019 pair 6 [0, 7] combined 142336 players 38458 retained 256 seconds 2.149845277890563
shuttleset_03_scene_0019 pair 7 [0, 8] combined 262144 players 1082 retained 256 seconds 1.5508151948451996
shuttleset_03_scene_0019 pair 8 [0, 9] combined 208896 players 0 retained 0 seconds 1.3243195726536214
shuttleset_03_scene_0019 pair 9 [0, 10] combined 262144 players 67388 retained 256 seconds 3.0261209262534976
shuttleset_03_scene_0019 pair 10 [0, 11] combined 262144 players 0 retained 0 seconds 1.3703449070453644
shuttleset_03_scene_0019 pair 11 [0, 12] combined 22528 players 42 retained 21 seconds 1.065997886005789
shuttleset_03_scene_0019 pair 12 [0, 13] combined 1024 players 4 retained 2 seconds 0.9793918021023273
shuttleset_03_scene_0019 pair 13 [0, 14] combined 74752 players 0 retained 0 seconds 1.0435125180520117
shuttleset_03_scene_0019 pair 14 [0, 15] combined 43008 players 8636 retained 256 seconds 1.257809649221599
shuttleset_03_scene_0019 pair 15 [1, 0] combined 262144 players 85890 retained 256 seconds 3.167768350802362
shuttleset_03_scene_0019 pair 18 [1, 4] combined 262144 players 66206 retained 256 seconds 2.169879268389195
shuttleset_03_scene_0019 pair 30 [2, 0] combined 262144 players 83336 retained 256 seconds 3.0142892790026963
shuttleset_03_scene_0019 pair 33 [2, 4] combined 262144 players 63836 retained 256 seconds 2.097277914173901
shuttleset_03_scene_0019 pair 45 [3, 0] combined 262144 players 0 retained 0 seconds 1.13871637172997
shuttleset_03_scene_0019 pair 61 [4, 1] combined 262144 players 69988 retained 256 seconds 2.2569844871759415
shuttleset_03_scene_0019 pair 62 [4, 2] combined 262144 players 50692 retained 256 seconds 1.8054263209924102
shuttleset_03_scene_0019 pair 64 [4, 5] combined 262144 players 69476 retained 256 seconds 2.1551694362424314
shuttleset_03_scene_0019 pair 66 [4, 7] combined 145408 players 39282 retained 256 seconds 1.3184101437218487
shuttleset_03_scene_0019 pair 69 [4, 10] combined 262144 players 63636 retained 256 seconds 1.9852339988574386
shuttleset_03_scene_0019 pair 71 [4, 12] combined 16384 players 1726 retained 256 seconds 0.26076894206926227
shuttleset_03_scene_0019 pair 73 [4, 14] combined 74752 players 0 retained 0 seconds 0.2140464629046619
shuttleset_03_scene_0019 pair 75 [5, 0] combined 262144 players 72416 retained 256 seconds 2.760325276758522
shuttleset_03_scene_0019 pair 79 [5, 4] combined 262144 players 66194 retained 256 seconds 2.17192526999861
shuttleset_03_scene_0019 pair 105 [7, 0] combined 260096 players 76586 retained 256 seconds 2.8775747413747013
shuttleset_03_scene_0019 pair 109 [7, 4] combined 262144 players 57300 retained 256 seconds 1.8234601002186537
shuttleset_03_scene_0019 pair 120 [8, 0] combined 262144 players 2536 retained 256 seconds 1.2574362000450492
shuttleset_03_scene_0019 pair 135 [9, 0] combined 262144 players 0 retained 0 seconds 1.0840332019142807
shuttleset_03_scene_0019 pair 150 [10, 0] combined 262144 players 82492 retained 256 seconds 3.0319592151790857
shuttleset_03_scene_0019 pair 154 [10, 4] combined 262144 players 63852 retained 256 seconds 2.0003344523720443
shuttleset_03_scene_0019 pair 165 [11, 0] combined 219136 players 1146 retained 256 seconds 1.0628687818534672
shuttleset_03_scene_0019 pair 180 [12, 0] combined 32768 players 1014 retained 256 seconds 0.750371836591512
shuttleset_03_scene_0019 pair 184 [12, 4] combined 24576 players 2362 retained 256 seconds 0.17376220598816872
shuttleset_03_scene_0019 pair 195 [13, 0] combined 5120 players 0 retained 0 seconds 0.6464271158911288
shuttleset_03_scene_0019 pair 210 [14, 0] combined 135168 players 0 retained 0 seconds 0.8529418958351016
shuttleset_03_scene_0019 pair 214 [14, 4] combined 128000 players 0 retained 0 seconds 0.28206995176151395
shuttleset_03_scene_0019 pair 225 [15, 0] combined 70656 players 21268 retained 256 seconds 1.3063776828348637
shuttleset_03_scene_0019 pair 0 [0, 1] combined 114688 players 24970 retained 256 seconds 1.3524030880071223
shuttleset_03_scene_0019 pair 1 [0, 2] combined 67584 players 20618 retained 256 seconds 1.172203159891069
shuttleset_03_scene_0019 pair 2 [0, 3] combined 1024 players 0 retained 0 seconds 0.5682303099893034
shuttleset_03_scene_0019 pair 4 [0, 5] combined 94208 players 18948 retained 256 seconds 1.172428622841835
shuttleset_03_scene_0019 pair 6 [0, 7] combined 23552 players 6172 retained 256 seconds 0.8672699681483209
shuttleset_03_scene_0019 pair 7 [0, 8] combined 46080 players 24 retained 12 seconds 0.6666881190612912
shuttleset_03_scene_0019 pair 8 [0, 9] combined 4096 players 0 retained 0 seconds 0.5697998669929802
shuttleset_03_scene_0019 pair 9 [0, 10] combined 43008 players 10546 retained 256 seconds 0.8933243448846042
shuttleset_03_scene_0019 pair 10 [0, 11] combined 8192 players 0 retained 0 seconds 0.5645234868861735
shuttleset_03_scene_0019 pair 11 [0, 12] combined 44032 players 92 retained 41 seconds 0.6834346372634172
shuttleset_03_scene_0019 pair 12 [0, 13] combined 0 players 0 retained 0 seconds 0.5839238301850855
shuttleset_03_scene_0019 pair 13 [0, 14] combined 28672 players 0 retained 0 seconds 0.6241909139789641
shuttleset_03_scene_0019 pair 14 [0, 15] combined 8192 players 1988 retained 256 seconds 0.6551745091564953
shuttleset_03_scene_0019 pair 15 [1, 0] combined 215040 players 57120 retained 256 seconds 2.019400845747441
shuttleset_03_scene_0019 pair 18 [1, 4] combined 101016 players 25350 retained 256 seconds 0.9014025833457708
shuttleset_03_scene_0019 pair 30 [2, 0] combined 96256 players 29482 retained 256 seconds 1.2267964626662433
shuttleset_03_scene_0019 pair 33 [2, 4] combined 39516 players 11850 retained 256 seconds 0.4158159261569381
shuttleset_03_scene_0019 pair 45 [3, 0] combined 5120 players 0 retained 0 seconds 0.37055032700300217
shuttleset_03_scene_0019 pair 61 [4, 1] combined 70620 players 20668 retained 256 seconds 0.6395797543227673
shuttleset_03_scene_0019 pair 62 [4, 2] combined 45292 players 15380 retained 256 seconds 0.4922505631111562
shuttleset_03_scene_0019 pair 64 [4, 5] combined 61200 players 17598 retained 256 seconds 0.6711835069581866
shuttleset_03_scene_0019 pair 66 [4, 7] combined 16848 players 4268 retained 256 seconds 0.2042773412540555
shuttleset_03_scene_0019 pair 69 [4, 10] combined 29624 players 10882 retained 256 seconds 0.3430046811699867
shuttleset_03_scene_0019 pair 71 [4, 12] combined 29256 players 1390 retained 256 seconds 0.17193051939830184
shuttleset_03_scene_0019 pair 73 [4, 14] combined 20400 players 0 retained 0 seconds 0.08575217705219984
shuttleset_03_scene_0019 pair 75 [5, 0] combined 171008 players 43630 retained 256 seconds 1.636784364003688
shuttleset_03_scene_0019 pair 79 [5, 4] combined 73476 players 21058 retained 256 seconds 0.6732015437446535
shuttleset_03_scene_0019 pair 105 [7, 0] combined 40960 players 11984 retained 256 seconds 0.7251216806471348
shuttleset_03_scene_0019 pair 109 [7, 4] combined 19680 players 5396 retained 256 seconds 0.31935663567855954
shuttleset_03_scene_0019 pair 120 [8, 0] combined 48128 players 192 retained 96 seconds 0.4755492089316249
shuttleset_03_scene_0019 pair 135 [9, 0] combined 6144 players 0 retained 0 seconds 0.36495318775996566
shuttleset_03_scene_0019 pair 150 [10, 0] combined 76800 players 18672 retained 256 seconds 0.9250118429772556
shuttleset_03_scene_0019 pair 154 [10, 4] combined 37440 players 10142 retained 256 seconds 0.35638328129425645
shuttleset_03_scene_0019 pair 165 [11, 0] combined 4096 players 0 retained 0 seconds 0.37232556194067
shuttleset_03_scene_0019 pair 180 [12, 0] combined 69632 players 200 retained 96 seconds 0.4923799349926412
shuttleset_03_scene_0019 pair 184 [12, 4] combined 39072 players 1708 retained 256 seconds 0.16773484414443374
shuttleset_03_scene_0019 pair 195 [13, 0] combined 0 players 0 retained 0 seconds 0.36537946574389935
shuttleset_03_scene_0019 pair 210 [14, 0] combined 47104 players 0 retained 0 seconds 0.44023902993649244
shuttleset_03_scene_0019 pair 214 [14, 4] combined 29440 players 0 retained 0 seconds 0.08046141266822815
shuttleset_03_scene_0019 pair 225 [15, 0] combined 12288 players 3776 retained 256 seconds 0.4966090861707926
[shuttleset_03_scene_0019] line-template: preparing rectangles
[shuttleset_03_scene_0019] measuring 768 parents (G0=256, G1=256, line_template=256; conflicting geometry groups=0)
[shuttleset_03_scene_0019] parents 250/768
[shuttleset_03_scene_0019] parents 500/768
[shuttleset_03_scene_0019] parents 750/768
[shuttleset_03_scene_0019] refitting 768 parents
[shuttleset_03_scene_0019] refits 250/768; valid children=190
[shuttleset_03_scene_0019] refits 500/768; valid children=437
[shuttleset_03_scene_0019] refits 750/768; valid children=659
{"view_id": "shuttleset_03_scene_0019", "chosen_key": "G1:1:11599/child", "no_court_reason": null, "all_checks_equal": null, "error": null}
{"views": ["gxBQ_window_00_frame_0", "shuttleset_03_scene_0019"], "startup_seconds": 0.028075847309082747, "wall_seconds": 466.7395026651211, "peak_rss_mb": 1264.90625, "failed": []}
