decoded <ShuttleSet root>/external/shuttleset-sources/3 Kento_MOMOTA_CHOU_Tien_Chen_KOREA_OPEN_2019_Final.mp4 to frame 66072 in 448s
decoded <run root>/player_guided_20260908/videos/am2_h264.mp4 to frame 240 in 1s
shuttleset_03_scene_0017 pair 0 [0, 1] combined 262144 players 0 retained 0 seconds 2.245522353798151
shuttleset_03_scene_0017 pair 1 [0, 2] combined 262144 players 61298 retained 256 seconds 4.290940398350358
shuttleset_03_scene_0017 pair 2 [0, 3] combined 262144 players 49838 retained 256 seconds 3.808715431019664
shuttleset_03_scene_0017 pair 4 [0, 5] combined 256000 players 0 retained 0 seconds 1.7584681129083037
shuttleset_03_scene_0017 pair 5 [0, 6] combined 262144 players 0 retained 0 seconds 1.8196388906799257
shuttleset_03_scene_0017 pair 9 [0, 10] combined 249856 players 0 retained 0 seconds 1.7226417032070458
shuttleset_03_scene_0017 pair 11 [0, 12] combined 72704 players 16760 retained 256 seconds 1.9577414919622242
shuttleset_03_scene_0017 pair 13 [0, 14] combined 26624 players 3758 retained 256 seconds 1.3020441187545657
shuttleset_03_scene_0017 pair 14 [0, 15] combined 5120 players 780 retained 256 seconds 1.097882783971727
shuttleset_03_scene_0017 pair 15 [1, 0] combined 262144 players 0 retained 0 seconds 1.9636252471245825
shuttleset_03_scene_0017 pair 30 [2, 0] combined 262144 players 76104 retained 256 seconds 4.601296966895461
shuttleset_03_scene_0017 pair 33 [2, 4] combined 262144 players 68784 retained 256 seconds 3.7358049019239843
shuttleset_03_scene_0017 pair 42 [2, 13] combined 70656 players 14484 retained 256 seconds 0.9614579533226788
shuttleset_03_scene_0017 pair 45 [3, 0] combined 262144 players 54500 retained 256 seconds 3.723040333017707
shuttleset_03_scene_0017 pair 62 [4, 2] combined 262144 players 62650 retained 256 seconds 3.7216795086860657
shuttleset_03_scene_0017 pair 64 [4, 5] combined 262144 players 0 retained 0 seconds 1.1444565020501614
shuttleset_03_scene_0017 pair 65 [4, 6] combined 262144 players 0 retained 0 seconds 1.1710268766619265
shuttleset_03_scene_0017 pair 66 [4, 7] combined 262144 players 2 retained 1 seconds 1.1329125692136586
shuttleset_03_scene_0017 pair 68 [4, 9] combined 166912 players 0 retained 0 seconds 0.8079233272001147
shuttleset_03_scene_0017 pair 69 [4, 10] combined 240640 players 0 retained 0 seconds 1.0670675011351705
shuttleset_03_scene_0017 pair 72 [4, 13] combined 110592 players 0 retained 0 seconds 0.6531015909276903
shuttleset_03_scene_0017 pair 73 [4, 14] combined 25600 players 4460 retained 256 seconds 0.629853602964431
shuttleset_03_scene_0017 pair 74 [4, 15] combined 8192 players 536 retained 256 seconds 0.4350034478120506
shuttleset_03_scene_0017 pair 75 [5, 0] combined 262144 players 0 retained 0 seconds 1.4644293142482638
shuttleset_03_scene_0017 pair 79 [5, 4] combined 262144 players 0 retained 0 seconds 1.0190299642272294
shuttleset_03_scene_0017 pair 90 [6, 0] combined 262144 players 0 retained 0 seconds 1.4814260811544955
shuttleset_03_scene_0017 pair 94 [6, 4] combined 262144 players 0 retained 0 seconds 1.0595984193496406
shuttleset_03_scene_0017 pair 109 [7, 4] combined 262144 players 270 retained 135 seconds 1.0747875478118658
shuttleset_03_scene_0017 pair 112 [7, 8] combined 54272 players 7532 retained 256 seconds 0.6112306769937277
shuttleset_03_scene_0017 pair 115 [7, 11] combined 262144 players 5738 retained 256 seconds 1.1929510533809662
shuttleset_03_scene_0017 pair 127 [8, 7] combined 73728 players 15348 retained 256 seconds 1.0350174233317375
shuttleset_03_scene_0017 pair 128 [8, 9] combined 38916 players 102 retained 50 seconds 0.1891098557971418
shuttleset_03_scene_0017 pair 132 [8, 13] combined 18600 players 1688 retained 256 seconds 0.2267368920147419
shuttleset_03_scene_0017 pair 139 [9, 4] combined 133120 players 0 retained 0 seconds 0.6116563272662461
shuttleset_03_scene_0017 pair 143 [9, 8] combined 41760 players 10152 retained 256 seconds 0.6007874486967921
shuttleset_03_scene_0017 pair 145 [9, 11] combined 82656 players 1984 retained 256 seconds 0.4151202291250229
shuttleset_03_scene_0017 pair 150 [10, 0] combined 262144 players 0 retained 0 seconds 1.4804878709837794
shuttleset_03_scene_0017 pair 154 [10, 4] combined 262144 players 0 retained 0 seconds 1.0238752719014883
shuttleset_03_scene_0017 pair 172 [11, 7] combined 262144 players 6496 retained 256 seconds 1.1657954561524093
shuttleset_03_scene_0017 pair 174 [11, 9] combined 74460 players 442 retained 225 seconds 0.3292673700489104
shuttleset_03_scene_0017 pair 177 [11, 13] combined 67392 players 790 retained 256 seconds 0.33795140869915485
shuttleset_03_scene_0017 pair 180 [12, 0] combined 126976 players 26544 retained 256 seconds 2.11694713588804
shuttleset_03_scene_0017 pair 192 [12, 13] combined 38064 players 7708 retained 256 seconds 0.5012804558500648
shuttleset_03_scene_0017 pair 197 [13, 2] combined 120832 players 39208 retained 256 seconds 2.0953413150273263
shuttleset_03_scene_0017 pair 199 [13, 4] combined 83968 players 0 retained 0 seconds 0.48055278416723013
shuttleset_03_scene_0017 pair 203 [13, 8] combined 28304 players 4660 retained 256 seconds 0.37371677812188864
shuttleset_03_scene_0017 pair 206 [13, 11] combined 94248 players 2762 retained 256 seconds 0.49008248606696725
shuttleset_03_scene_0017 pair 207 [13, 12] combined 30208 players 10434 retained 256 seconds 0.5708590708673
shuttleset_03_scene_0017 pair 210 [14, 0] combined 31744 players 7120 retained 256 seconds 1.0483694830909371
shuttleset_03_scene_0017 pair 214 [14, 4] combined 39936 players 10972 retained 256 seconds 0.9150156560353935
shuttleset_03_scene_0017 pair 225 [15, 0] combined 8192 players 1414 retained 256 seconds 0.7649225830100477
shuttleset_03_scene_0017 pair 229 [15, 4] combined 3072 players 808 retained 256 seconds 0.28523051319643855
shuttleset_03_scene_0017 pair 0 [0, 1] combined 262144 players 0 retained 0 seconds 1.4009139090776443
shuttleset_03_scene_0017 pair 1 [0, 2] combined 123904 players 31918 retained 256 seconds 2.30796774988994
shuttleset_03_scene_0017 pair 2 [0, 3] combined 262144 players 56044 retained 256 seconds 3.655883429106325
shuttleset_03_scene_0017 pair 4 [0, 5] combined 24576 players 0 retained 0 seconds 0.7175628119148314
shuttleset_03_scene_0017 pair 5 [0, 6] combined 93184 players 0 retained 0 seconds 0.8610054356977344
shuttleset_03_scene_0017 pair 9 [0, 10] combined 104448 players 0 retained 0 seconds 0.9125019647181034
shuttleset_03_scene_0017 pair 11 [0, 12] combined 6144 players 1522 retained 256 seconds 0.7594323391094804
shuttleset_03_scene_0017 pair 13 [0, 14] combined 3072 players 816 retained 256 seconds 0.7132856897078454
shuttleset_03_scene_0017 pair 14 [0, 15] combined 0 players 0 retained 0 seconds 0.6183836688287556
shuttleset_03_scene_0017 pair 15 [1, 0] combined 262144 players 0 retained 0 seconds 1.2247064439579844
shuttleset_03_scene_0017 pair 30 [2, 0] combined 178176 players 49674 retained 256 seconds 2.871439121197909
shuttleset_03_scene_0017 pair 33 [2, 4] combined 187392 players 38418 retained 256 seconds 2.1990422001108527
shuttleset_03_scene_0017 pair 42 [2, 13] combined 34028 players 7018 retained 256 seconds 0.6241889912635088
shuttleset_03_scene_0017 pair 45 [3, 0] combined 262144 players 63026 retained 256 seconds 3.658387217205018
shuttleset_03_scene_0017 pair 62 [4, 2] combined 122880 players 22342 retained 256 seconds 1.391668383963406
shuttleset_03_scene_0017 pair 64 [4, 5] combined 28672 players 0 retained 0 seconds 0.17878738092258573
shuttleset_03_scene_0017 pair 65 [4, 6] combined 92160 players 0 retained 0 seconds 0.36187342181801796
shuttleset_03_scene_0017 pair 66 [4, 7] combined 149504 players 350 retained 175 seconds 0.6005678530782461
shuttleset_03_scene_0017 pair 68 [4, 9] combined 27648 players 0 retained 0 seconds 0.1580006182193756
shuttleset_03_scene_0017 pair 69 [4, 10] combined 102400 players 0 retained 0 seconds 0.39575103111565113
shuttleset_03_scene_0017 pair 72 [4, 13] combined 73728 players 0 retained 0 seconds 0.3029048782773316
shuttleset_03_scene_0017 pair 73 [4, 14] combined 0 players 0 retained 0 seconds 0.08024139795452356
shuttleset_03_scene_0017 pair 74 [4, 15] combined 0 players 0 retained 0 seconds 0.0787974027916789
shuttleset_03_scene_0017 pair 75 [5, 0] combined 30720 players 0 retained 0 seconds 0.4696004670113325
shuttleset_03_scene_0017 pair 79 [5, 4] combined 26624 players 0 retained 0 seconds 0.14213231205940247
shuttleset_03_scene_0017 pair 90 [6, 0] combined 177152 players 0 retained 0 seconds 0.9296638006344438
shuttleset_03_scene_0017 pair 94 [6, 4] combined 177152 players 0 retained 0 seconds 0.6072056768462062
shuttleset_03_scene_0017 pair 109 [7, 4] combined 153600 players 462 retained 232 seconds 0.6010042307898402
shuttleset_03_scene_0017 pair 112 [7, 8] combined 7728 players 1308 retained 256 seconds 0.2863917383365333
shuttleset_03_scene_0017 pair 115 [7, 11] combined 79864 players 642 retained 256 seconds 0.35021275701001287
shuttleset_03_scene_0017 pair 127 [8, 7] combined 9776 players 1900 retained 256 seconds 0.180290708784014
shuttleset_03_scene_0017 pair 128 [8, 9] combined 1280 players 0 retained 0 seconds 0.021993461064994335
shuttleset_03_scene_0017 pair 132 [8, 13] combined 4416 players 452 retained 226 seconds 0.10755073605105281
shuttleset_03_scene_0017 pair 139 [9, 4] combined 36864 players 0 retained 0 seconds 0.1663249470293522
shuttleset_03_scene_0017 pair 143 [9, 8] combined 1680 players 196 retained 99 seconds 0.05733421118929982
shuttleset_03_scene_0017 pair 145 [9, 11] combined 17712 players 106 retained 53 seconds 0.10611449601128697
shuttleset_03_scene_0017 pair 150 [10, 0] combined 172032 players 0 retained 0 seconds 0.9152674381621182
shuttleset_03_scene_0017 pair 154 [10, 4] combined 165888 players 0 retained 0 seconds 0.5666092908941209
shuttleset_03_scene_0017 pair 172 [11, 7] combined 56144 players 30 retained 15 seconds 0.22583369817584753
shuttleset_03_scene_0017 pair 174 [11, 9] combined 18360 players 84 retained 42 seconds 0.11856024619191885
shuttleset_03_scene_0017 pair 177 [11, 13] combined 44520 players 358 retained 179 seconds 0.22516708727926016
shuttleset_03_scene_0017 pair 180 [12, 0] combined 12288 players 2668 retained 256 seconds 0.5635465863160789
shuttleset_03_scene_0017 pair 192 [12, 13] combined 2704 players 762 retained 256 seconds 0.10878308210521936
shuttleset_03_scene_0017 pair 197 [13, 2] combined 42828 players 15378 retained 256 seconds 0.7963352962397039
shuttleset_03_scene_0017 pair 199 [13, 4] combined 53248 players 0 retained 0 seconds 0.24494967004284263
shuttleset_03_scene_0017 pair 203 [13, 8] combined 2880 players 50 retained 25 seconds 0.06903332425281405
shuttleset_03_scene_0017 pair 206 [13, 11] combined 44440 players 368 retained 184 seconds 0.22361064376309514
shuttleset_03_scene_0017 pair 207 [13, 12] combined 2848 players 1162 retained 256 seconds 0.13924021506682038
shuttleset_03_scene_0017 pair 210 [14, 0] combined 4096 players 1384 retained 256 seconds 0.48470820812508464
shuttleset_03_scene_0017 pair 214 [14, 4] combined 3072 players 1014 retained 256 seconds 0.14842204423621297
shuttleset_03_scene_0017 pair 225 [15, 0] combined 0 players 0 retained 0 seconds 0.3636422953568399
shuttleset_03_scene_0017 pair 229 [15, 4] combined 0 players 0 retained 0 seconds 0.05042606592178345
[shuttleset_03_scene_0017] line-template: preparing rectangles
[shuttleset_03_scene_0017] measuring 758 parents (G0=256, G1=256, line_template=256; conflicting geometry groups=0)
[shuttleset_03_scene_0017] parents 250/758
[shuttleset_03_scene_0017] parents 500/758
[shuttleset_03_scene_0017] parents 750/758
[shuttleset_03_scene_0017] refitting 758 parents
[shuttleset_03_scene_0017] refits 250/758; valid children=244
[shuttleset_03_scene_0017] refits 500/758; valid children=481
[shuttleset_03_scene_0017] refits 750/758; valid children=700
{"view_id": "shuttleset_03_scene_0017", "chosen_key": "G1:1:3854", "no_court_reason": null, "all_checks_equal": null, "error": null}
shuttleset_03_scene_0032 pair 0 [0, 1] combined 262144 players 0 retained 0 seconds 2.4441534532234073
shuttleset_03_scene_0032 pair 1 [0, 2] combined 262144 players 72294 retained 256 seconds 5.2567383190616965
shuttleset_03_scene_0032 pair 2 [0, 3] combined 250880 players 0 retained 0 seconds 2.371900368016213
shuttleset_03_scene_0032 pair 5 [0, 6] combined 262144 players 48578 retained 256 seconds 4.226701854728162
shuttleset_03_scene_0032 pair 7 [0, 8] combined 159744 players 900 retained 256 seconds 2.1144324257038534
shuttleset_03_scene_0032 pair 12 [0, 13] combined 228352 players 0 retained 0 seconds 2.2236454128287733
shuttleset_03_scene_0032 pair 14 [0, 15] combined 55296 players 0 retained 0 seconds 1.5986817497760057
shuttleset_03_scene_0032 pair 15 [1, 0] combined 262144 players 0 retained 0 seconds 2.060355306137353
shuttleset_03_scene_0032 pair 30 [2, 0] combined 262144 players 68830 retained 256 seconds 4.6376624670811
shuttleset_03_scene_0032 pair 40 [2, 11] combined 28672 players 10114 retained 256 seconds 0.7709484281949699
shuttleset_03_scene_0032 pair 45 [3, 0] combined 262144 players 0 retained 0 seconds 1.758255316875875
shuttleset_03_scene_0032 pair 48 [3, 4] combined 262144 players 0 retained 0 seconds 1.084586747456342
shuttleset_03_scene_0032 pair 49 [3, 5] combined 262144 players 0 retained 0 seconds 0.967896266374737
shuttleset_03_scene_0032 pair 63 [4, 3] combined 220160 players 0 retained 0 seconds 1.0331321461126208
shuttleset_03_scene_0032 pair 64 [4, 5] combined 262144 players 0 retained 0 seconds 1.1931878281757236
shuttleset_03_scene_0032 pair 67 [4, 8] combined 162816 players 0 retained 0 seconds 0.8086746446788311
shuttleset_03_scene_0032 pair 72 [4, 13] combined 254976 players 0 retained 0 seconds 1.0941192349418998
shuttleset_03_scene_0032 pair 74 [4, 15] combined 58368 players 0 retained 0 seconds 0.5083387638442218
shuttleset_03_scene_0032 pair 78 [5, 3] combined 248832 players 0 retained 0 seconds 0.9611848359927535
shuttleset_03_scene_0032 pair 79 [5, 4] combined 262144 players 24 retained 12 seconds 1.1895474237389863
shuttleset_03_scene_0032 pair 81 [5, 7] combined 198656 players 47844 retained 256 seconds 2.9180638301186264
shuttleset_03_scene_0032 pair 83 [5, 9] combined 23552 players 444 retained 187 seconds 0.3160102069377899
shuttleset_03_scene_0032 pair 84 [5, 10] combined 177152 players 384 retained 192 seconds 0.756476670037955
shuttleset_03_scene_0032 pair 85 [5, 11] combined 96256 players 0 retained 0 seconds 0.46176860900595784
shuttleset_03_scene_0032 pair 86 [5, 12] combined 76800 players 16208 retained 256 seconds 1.149210574105382
shuttleset_03_scene_0032 pair 88 [5, 14] combined 145408 players 0 retained 0 seconds 0.6298127537593246
shuttleset_03_scene_0032 pair 90 [6, 0] combined 262144 players 56602 retained 256 seconds 4.238888119813055
shuttleset_03_scene_0032 pair 110 [7, 5] combined 262144 players 59792 retained 256 seconds 3.355906160082668
shuttleset_03_scene_0032 pair 120 [8, 0] combined 187392 players 4026 retained 256 seconds 1.6454779719933867
shuttleset_03_scene_0032 pair 124 [8, 4] combined 193536 players 1414 retained 256 seconds 1.0008372231386602
shuttleset_03_scene_0032 pair 130 [8, 11] combined 12288 players 88 retained 44 seconds 0.13247366901487112
shuttleset_03_scene_0032 pair 140 [9, 5] combined 12288 players 30 retained 15 seconds 0.18084861477836967
shuttleset_03_scene_0032 pair 147 [9, 13] combined 11376 players 0 retained 0 seconds 0.0781672177836299
shuttleset_03_scene_0032 pair 155 [10, 5] combined 49152 players 146 retained 73 seconds 0.3118285550735891
shuttleset_03_scene_0032 pair 162 [10, 13] combined 94208 players 0 retained 0 seconds 0.3352449871599674
shuttleset_03_scene_0032 pair 167 [11, 2] combined 61440 players 15910 retained 256 seconds 0.9911635029129684
shuttleset_03_scene_0032 pair 170 [11, 5] combined 31744 players 0 retained 0 seconds 0.23688352014869452
shuttleset_03_scene_0032 pair 173 [11, 8] combined 18432 players 670 retained 256 seconds 0.1998701528646052
shuttleset_03_scene_0032 pair 177 [11, 13] combined 58368 players 0 retained 0 seconds 0.24941988615319133
shuttleset_03_scene_0032 pair 179 [11, 15] combined 18700 players 0 retained 0 seconds 0.10612582694739103
shuttleset_03_scene_0032 pair 185 [12, 5] combined 108544 players 23422 retained 256 seconds 1.4433298548683524
shuttleset_03_scene_0032 pair 195 [13, 0] combined 262144 players 0 retained 0 seconds 1.7423025430180132
shuttleset_03_scene_0032 pair 199 [13, 4] combined 262144 players 0 retained 0 seconds 1.0473132221959531
shuttleset_03_scene_0032 pair 204 [13, 9] combined 21504 players 42 retained 21 seconds 0.14888904709368944
shuttleset_03_scene_0032 pair 205 [13, 10] combined 77824 players 20 retained 10 seconds 0.3222028217278421
shuttleset_03_scene_0032 pair 206 [13, 11] combined 86016 players 0 retained 0 seconds 0.330187079962343
shuttleset_03_scene_0032 pair 215 [14, 5] combined 248832 players 0 retained 0 seconds 0.9908370659686625
shuttleset_03_scene_0032 pair 225 [15, 0] combined 111616 players 0 retained 0 seconds 1.2487269002012908
shuttleset_03_scene_0032 pair 229 [15, 4] combined 104448 players 0 retained 0 seconds 0.5498873167671263
shuttleset_03_scene_0032 pair 236 [15, 11] combined 28840 players 0 retained 0 seconds 0.13479764200747013
shuttleset_03_scene_0032 pair 0 [0, 1] combined 262144 players 0 retained 0 seconds 1.591849026735872
shuttleset_03_scene_0032 pair 1 [0, 2] combined 199680 players 52010 retained 256 seconds 3.4921283703297377
shuttleset_03_scene_0032 pair 2 [0, 3] combined 36864 players 0 retained 0 seconds 0.9058294082060456
shuttleset_03_scene_0032 pair 5 [0, 6] combined 246784 players 44518 retained 256 seconds 3.3972556237131357
shuttleset_03_scene_0032 pair 7 [0, 8] combined 43008 players 0 retained 0 seconds 0.847780215088278
shuttleset_03_scene_0032 pair 12 [0, 13] combined 5120 players 0 retained 0 seconds 0.7171338042244315
shuttleset_03_scene_0032 pair 14 [0, 15] combined 12288 players 0 retained 0 seconds 0.7642413782887161
shuttleset_03_scene_0032 pair 15 [1, 0] combined 262144 players 0 retained 0 seconds 1.352508804295212
shuttleset_03_scene_0032 pair 30 [2, 0] combined 227328 players 64044 retained 256 seconds 3.7907178113237023
shuttleset_03_scene_0032 pair 40 [2, 11] combined 5184 players 1364 retained 256 seconds 0.2134180753491819
shuttleset_03_scene_0032 pair 45 [3, 0] combined 68608 players 0 retained 0 seconds 0.7426214441657066
shuttleset_03_scene_0032 pair 48 [3, 4] combined 78848 players 0 retained 0 seconds 0.3318166979588568
shuttleset_03_scene_0032 pair 49 [3, 5] combined 58368 players 0 retained 0 seconds 0.25557171599939466
shuttleset_03_scene_0032 pair 63 [4, 3] combined 44032 players 0 retained 0 seconds 0.24863529903814197
shuttleset_03_scene_0032 pair 64 [4, 5] combined 262144 players 0 retained 0 seconds 1.0579584990628064
shuttleset_03_scene_0032 pair 67 [4, 8] combined 45056 players 0 retained 0 seconds 0.22957627614960074
shuttleset_03_scene_0032 pair 72 [4, 13] combined 9216 players 0 retained 0 seconds 0.12759678671136498
shuttleset_03_scene_0032 pair 74 [4, 15] combined 11264 players 0 retained 0 seconds 0.13676632288843393
shuttleset_03_scene_0032 pair 78 [5, 3] combined 39936 players 0 retained 0 seconds 0.21903335861861706
shuttleset_03_scene_0032 pair 79 [5, 4] combined 262144 players 0 retained 0 seconds 0.929951902013272
shuttleset_03_scene_0032 pair 81 [5, 7] combined 43008 players 6408 retained 256 seconds 0.5228049978613853
shuttleset_03_scene_0032 pair 83 [5, 9] combined 12288 players 0 retained 0 seconds 0.12275937525555491
shuttleset_03_scene_0032 pair 84 [5, 10] combined 103424 players 0 retained 0 seconds 0.3887801542878151
shuttleset_03_scene_0032 pair 85 [5, 11] combined 23712 players 0 retained 0 seconds 0.15729531785473228
shuttleset_03_scene_0032 pair 86 [5, 12] combined 0 players 0 retained 0 seconds 0.08276945073157549
shuttleset_03_scene_0032 pair 88 [5, 14] combined 22528 players 0 retained 0 seconds 0.1563048018142581
shuttleset_03_scene_0032 pair 90 [6, 0] combined 262144 players 51372 retained 256 seconds 3.336801258381456
shuttleset_03_scene_0032 pair 110 [7, 5] combined 67584 players 11424 retained 256 seconds 0.8109349031001329
shuttleset_03_scene_0032 pair 120 [8, 0] combined 43008 players 0 retained 0 seconds 0.5992000917904079
shuttleset_03_scene_0032 pair 124 [8, 4] combined 45056 players 8 retained 4 seconds 0.22590927593410015
shuttleset_03_scene_0032 pair 130 [8, 11] combined 1264 players 24 retained 12 seconds 0.06530736899003386
shuttleset_03_scene_0032 pair 140 [9, 5] combined 4096 players 0 retained 0 seconds 0.07613707892596722
shuttleset_03_scene_0032 pair 147 [9, 13] combined 288 players 0 retained 0 seconds 0.012513573281466961
shuttleset_03_scene_0032 pair 155 [10, 5] combined 13312 players 80 retained 40 seconds 0.2605715459212661
shuttleset_03_scene_0032 pair 162 [10, 13] combined 1792 players 0 retained 0 seconds 0.039820471312850714
shuttleset_03_scene_0032 pair 167 [11, 2] combined 10560 players 3356 retained 256 seconds 0.28292078524827957
shuttleset_03_scene_0032 pair 170 [11, 5] combined 0 players 0 retained 0 seconds 0.07681391201913357
shuttleset_03_scene_0032 pair 173 [11, 8] combined 4080 players 112 retained 63 seconds 0.08532676566392183
shuttleset_03_scene_0032 pair 177 [11, 13] combined 1144 players 0 retained 0 seconds 0.033514094073325396
shuttleset_03_scene_0032 pair 179 [11, 15] combined 1012 players 0 retained 0 seconds 0.03466311888769269
shuttleset_03_scene_0032 pair 185 [12, 5] combined 2048 players 652 retained 256 seconds 0.14560475992038846
shuttleset_03_scene_0032 pair 195 [13, 0] combined 9216 players 8 retained 4 seconds 0.5821155309677124
shuttleset_03_scene_0032 pair 199 [13, 4] combined 12288 players 0 retained 0 seconds 0.11204820778220892
shuttleset_03_scene_0032 pair 204 [13, 9] combined 528 players 0 retained 0 seconds 0.013570057228207588
shuttleset_03_scene_0032 pair 205 [13, 10] combined 2016 players 0 retained 0 seconds 0.028535509016364813
shuttleset_03_scene_0032 pair 206 [13, 11] combined 1560 players 0 retained 0 seconds 0.025768320076167583
shuttleset_03_scene_0032 pair 215 [14, 5] combined 34816 players 0 retained 0 seconds 0.171187954954803
shuttleset_03_scene_0032 pair 225 [15, 0] combined 23552 players 0 retained 0 seconds 0.5957436417229474
shuttleset_03_scene_0032 pair 229 [15, 4] combined 21504 players 0 retained 0 seconds 0.13408843474462628
shuttleset_03_scene_0032 pair 236 [15, 11] combined 1848 players 0 retained 0 seconds 0.02768973307684064
[shuttleset_03_scene_0032] line-template: preparing rectangles
[shuttleset_03_scene_0032] measuring 728 parents (G0=256, G1=256, line_template=256; conflicting geometry groups=0)
[shuttleset_03_scene_0032] parents 250/728
[shuttleset_03_scene_0032] parents 500/728
[shuttleset_03_scene_0032] refitting 728 parents
[shuttleset_03_scene_0032] refits 250/728; valid children=236
[shuttleset_03_scene_0032] refits 500/728; valid children=479
{"view_id": "shuttleset_03_scene_0032", "chosen_key": "G1:1:3627/child", "no_court_reason": null, "all_checks_equal": null, "error": null}
am2_window_00_frame_150 pair 1 [0, 2] combined 262144 players 5766 retained 256 seconds 1.5921699129976332
am2_window_00_frame_150 pair 4 [0, 5] combined 95232 players 0 retained 0 seconds 0.6406806008890271
am2_window_00_frame_150 pair 6 [0, 7] combined 243712 players 4962 retained 256 seconds 1.3758548428304493
am2_window_00_frame_150 pair 12 [0, 13] combined 107520 players 800 retained 256 seconds 0.8050546362064779
am2_window_00_frame_150 pair 13 [0, 14] combined 117760 players 216 retained 108 seconds 0.7301248097792268
am2_window_00_frame_150 pair 30 [2, 0] combined 262144 players 11300 retained 256 seconds 1.7804747838526964
am2_window_00_frame_150 pair 32 [2, 3] combined 262144 players 8032 retained 256 seconds 1.5779469539411366
am2_window_00_frame_150 pair 33 [2, 4] combined 262144 players 822 retained 256 seconds 1.1147556281648576
am2_window_00_frame_150 pair 35 [2, 6] combined 77824 players 8376 retained 256 seconds 0.9023587671108544
am2_window_00_frame_150 pair 39 [2, 10] combined 33792 players 2782 retained 256 seconds 0.5920405006036162
am2_window_00_frame_150 pair 41 [2, 12] combined 262144 players 4044 retained 256 seconds 1.2611636728979647
am2_window_00_frame_150 pair 44 [2, 15] combined 0 players 0 retained 0 seconds 0.1697472590021789
am2_window_00_frame_150 pair 47 [3, 2] combined 262144 players 13976 retained 256 seconds 1.9295170647092164
am2_window_00_frame_150 pair 49 [3, 5] combined 86016 players 1020 retained 256 seconds 0.6230014548636973
am2_window_00_frame_150 pair 51 [3, 7] combined 262144 players 1924 retained 256 seconds 1.2205938519909978
am2_window_00_frame_150 pair 57 [3, 13] combined 107520 players 1268 retained 256 seconds 0.7264915881678462
am2_window_00_frame_150 pair 58 [3, 14] combined 21504 players 174 retained 88 seconds 0.4028219128958881
am2_window_00_frame_150 pair 62 [4, 2] combined 262144 players 3562 retained 256 seconds 1.1281064148060977
am2_window_00_frame_150 pair 64 [4, 5] combined 54272 players 0 retained 0 seconds 0.3368498762138188
am2_window_00_frame_150 pair 66 [4, 7] combined 262144 players 38 retained 19 seconds 0.8673137170262635
am2_window_00_frame_150 pair 72 [4, 13] combined 110592 players 52 retained 26 seconds 0.4338521780446172
am2_window_00_frame_150 pair 73 [4, 14] combined 117760 players 72 retained 34 seconds 0.4569165902212262
am2_window_00_frame_150 pair 75 [5, 0] combined 74752 players 0 retained 0 seconds 0.408673741389066
am2_window_00_frame_150 pair 78 [5, 3] combined 45056 players 618 retained 256 seconds 0.37310592690482736
am2_window_00_frame_150 pair 79 [5, 4] combined 100352 players 0 retained 0 seconds 0.3599807829596102
am2_window_00_frame_150 pair 80 [5, 6] combined 8584 players 758 retained 256 seconds 0.13022482488304377
am2_window_00_frame_150 pair 84 [5, 10] combined 10560 players 606 retained 256 seconds 0.1326186149381101
am2_window_00_frame_150 pair 86 [5, 12] combined 121856 players 0 retained 0 seconds 0.3832963341847062
am2_window_00_frame_150 pair 89 [5, 15] combined 0 players 0 retained 0 seconds 0.021452237386256456
am2_window_00_frame_150 pair 92 [6, 2] combined 74752 players 22726 retained 256 seconds 1.4176273089833558
am2_window_00_frame_150 pair 95 [6, 5] combined 23432 players 1244 retained 256 seconds 0.19837331399321556
am2_window_00_frame_150 pair 96 [6, 7] combined 88064 players 14776 retained 256 seconds 0.9933700878173113
am2_window_00_frame_150 pair 102 [6, 13] combined 14784 players 3708 retained 256 seconds 0.3759421459399164
am2_window_00_frame_150 pair 103 [6, 14] combined 40392 players 5230 retained 256 seconds 0.4241721802391112
am2_window_00_frame_150 pair 105 [7, 0] combined 262144 players 1382 retained 256 seconds 1.0261408681981266
am2_window_00_frame_150 pair 108 [7, 3] combined 262144 players 432 retained 201 seconds 1.0179129489697516
am2_window_00_frame_150 pair 109 [7, 4] combined 262144 players 0 retained 0 seconds 0.8191272150725126
am2_window_00_frame_150 pair 111 [7, 6] combined 69632 players 3548 retained 256 seconds 0.4620794840157032
am2_window_00_frame_150 pair 114 [7, 10] combined 41984 players 1044 retained 256 seconds 0.2867556493729353
am2_window_00_frame_150 pair 116 [7, 12] combined 262144 players 0 retained 0 seconds 0.7931646169163287
am2_window_00_frame_150 pair 119 [7, 15] combined 0 players 0 retained 0 seconds 0.03886378603056073
am2_window_00_frame_150 pair 152 [10, 2] combined 69632 players 11148 retained 256 seconds 0.9444863242097199
am2_window_00_frame_150 pair 155 [10, 5] combined 22176 players 698 retained 256 seconds 0.16268182219937444
am2_window_00_frame_150 pair 157 [10, 7] combined 54272 players 4556 retained 256 seconds 0.4473738628439605
am2_window_00_frame_150 pair 162 [10, 13] combined 13144 players 1772 retained 256 seconds 0.18061742978170514
am2_window_00_frame_150 pair 163 [10, 14] combined 12240 players 890 retained 256 seconds 0.13981264596804976
am2_window_00_frame_150 pair 182 [12, 2] combined 262144 players 5712 retained 256 seconds 1.2888579070568085
am2_window_00_frame_150 pair 185 [12, 5] combined 57344 players 0 retained 0 seconds 0.23821442387998104
am2_window_00_frame_150 pair 187 [12, 7] combined 262144 players 12 retained 6 seconds 0.8270196579396725
am2_window_00_frame_150 pair 195 [13, 0] combined 125952 players 1032 retained 256 seconds 0.6435819789767265
am2_window_00_frame_150 pair 198 [13, 3] combined 137216 players 1852 retained 256 seconds 0.7100519761443138
am2_window_00_frame_150 pair 199 [13, 4] combined 145408 players 294 retained 144 seconds 0.5247350493445992
am2_window_00_frame_150 pair 201 [13, 6] combined 19596 players 2144 retained 256 seconds 0.2187233529984951
am2_window_00_frame_150 pair 205 [13, 10] combined 12596 players 1306 retained 256 seconds 0.16258807899430394
am2_window_00_frame_150 pair 209 [13, 15] combined 0 players 0 retained 0 seconds 0.018186897039413452
am2_window_00_frame_150 pair 210 [14, 0] combined 117760 players 76 retained 38 seconds 0.5286363610066473
am2_window_00_frame_150 pair 213 [14, 3] combined 19456 players 24 retained 6 seconds 0.2686730660498142
am2_window_00_frame_150 pair 214 [14, 4] combined 159744 players 208 retained 99 seconds 0.5352070271037519
am2_window_00_frame_150 pair 216 [14, 6] combined 53136 players 3718 retained 256 seconds 0.3873082702048123
am2_window_00_frame_150 pair 220 [14, 10] combined 12936 players 208 retained 96 seconds 0.09450009185820818
am2_window_00_frame_150 pair 224 [14, 15] combined 0 players 0 retained 0 seconds 0.014949105679988861
am2_window_00_frame_150 pair 227 [15, 2] combined 0 players 0 retained 0 seconds 0.11195829277858138
am2_window_00_frame_150 pair 230 [15, 5] combined 0 players 0 retained 0 seconds 0.015199828892946243
am2_window_00_frame_150 pair 232 [15, 7] combined 0 players 0 retained 0 seconds 0.03112985100597143
am2_window_00_frame_150 pair 238 [15, 13] combined 0 players 0 retained 0 seconds 0.012697228230535984
am2_window_00_frame_150 pair 239 [15, 14] combined 0 players 0 retained 0 seconds 0.012801323551684618
am2_window_00_frame_150 pair 1 [0, 2] combined 262144 players 7750 retained 256 seconds 1.2562124007381499
am2_window_00_frame_150 pair 4 [0, 5] combined 0 players 0 retained 0 seconds 0.08518283115699887
am2_window_00_frame_150 pair 6 [0, 7] combined 50176 players 344 retained 171 seconds 0.27770769177004695
am2_window_00_frame_150 pair 12 [0, 13] combined 14336 players 0 retained 0 seconds 0.12001544516533613
am2_window_00_frame_150 pair 13 [0, 14] combined 64512 players 96 retained 48 seconds 0.2865779581479728
am2_window_00_frame_150 pair 30 [2, 0] combined 262144 players 14924 retained 256 seconds 1.6764923259615898
am2_window_00_frame_150 pair 32 [2, 3] combined 262144 players 4506 retained 256 seconds 1.0713622118346393
am2_window_00_frame_150 pair 33 [2, 4] combined 262144 players 1214 retained 256 seconds 0.9255386111326516
am2_window_00_frame_150 pair 35 [2, 6] combined 0 players 0 retained 0 seconds 0.0709008569829166
am2_window_00_frame_150 pair 39 [2, 10] combined 2048 players 100 retained 50 seconds 0.10813145386055112
am2_window_00_frame_150 pair 41 [2, 12] combined 203776 players 220 retained 109 seconds 0.6852006781846285
am2_window_00_frame_150 pair 44 [2, 15] combined 0 players 0 retained 0 seconds 0.07089178590103984
am2_window_00_frame_150 pair 47 [3, 2] combined 262144 players 13368 retained 256 seconds 1.5095415539108217
am2_window_00_frame_150 pair 49 [3, 5] combined 0 players 0 retained 0 seconds 0.06057335762307048
am2_window_00_frame_150 pair 51 [3, 7] combined 57344 players 324 retained 162 seconds 0.2727167340926826
am2_window_00_frame_150 pair 57 [3, 13] combined 17408 players 0 retained 0 seconds 0.11629994912073016
am2_window_00_frame_150 pair 58 [3, 14] combined 10240 players 92 retained 50 seconds 0.12788272788748145
am2_window_00_frame_150 pair 62 [4, 2] combined 262144 players 1180 retained 256 seconds 0.935534053016454
am2_window_00_frame_150 pair 64 [4, 5] combined 0 players 0 retained 0 seconds 0.037780025973916054
am2_window_00_frame_150 pair 66 [4, 7] combined 48128 players 0 retained 0 seconds 0.17555019911378622
am2_window_00_frame_150 pair 72 [4, 13] combined 4888 players 0 retained 0 seconds 0.04012424172833562
am2_window_00_frame_150 pair 73 [4, 14] combined 69632 players 0 retained 0 seconds 0.2252351357601583
am2_window_00_frame_150 pair 75 [5, 0] combined 0 players 0 retained 0 seconds 0.059224664233624935
am2_window_00_frame_150 pair 78 [5, 3] combined 0 players 0 retained 0 seconds 0.03927807975560427
am2_window_00_frame_150 pair 79 [5, 4] combined 0 players 0 retained 0 seconds 0.027967778965830803
am2_window_00_frame_150 pair 80 [5, 6] combined 0 players 0 retained 0 seconds 0.0065750982612371445
am2_window_00_frame_150 pair 84 [5, 10] combined 0 players 0 retained 0 seconds 0.005915674846619368
am2_window_00_frame_150 pair 86 [5, 12] combined 0 players 0 retained 0 seconds 0.01885653706267476
am2_window_00_frame_150 pair 89 [5, 15] combined 0 players 0 retained 0 seconds 0.0047978670336306095
am2_window_00_frame_150 pair 92 [6, 2] combined 0 players 0 retained 0 seconds 0.05285634892061353
am2_window_00_frame_150 pair 95 [6, 5] combined 0 players 0 retained 0 seconds 0.006805518176406622
am2_window_00_frame_150 pair 96 [6, 7] combined 352 players 0 retained 0 seconds 0.013918526004999876
am2_window_00_frame_150 pair 102 [6, 13] combined 0 players 0 retained 0 seconds 0.00724379625171423
am2_window_00_frame_150 pair 103 [6, 14] combined 928 players 96 retained 48 seconds 0.040936384815722704
am2_window_00_frame_150 pair 105 [7, 0] combined 34816 players 18 retained 7 seconds 0.18070068582892418
am2_window_00_frame_150 pair 108 [7, 3] combined 90112 players 48 retained 24 seconds 0.322903074324131
am2_window_00_frame_150 pair 109 [7, 4] combined 64584 players 0 retained 0 seconds 0.20696913823485374
am2_window_00_frame_150 pair 111 [7, 6] combined 0 players 0 retained 0 seconds 0.01566326105967164
am2_window_00_frame_150 pair 114 [7, 10] combined 960 players 0 retained 0 seconds 0.019422512967139482
am2_window_00_frame_150 pair 116 [7, 12] combined 55200 players 0 retained 0 seconds 0.1798001411370933
am2_window_00_frame_150 pair 119 [7, 15] combined 0 players 0 retained 0 seconds 0.01297780778259039
am2_window_00_frame_150 pair 152 [10, 2] combined 5120 players 504 retained 252 seconds 0.13207291578873992
am2_window_00_frame_150 pair 155 [10, 5] combined 0 players 0 retained 0 seconds 0.006770291831344366
am2_window_00_frame_150 pair 157 [10, 7] combined 592 players 0 retained 0 seconds 0.014536727219820023
am2_window_00_frame_150 pair 162 [10, 13] combined 0 players 0 retained 0 seconds 0.006208153907209635
am2_window_00_frame_150 pair 163 [10, 14] combined 0 players 0 retained 0 seconds 0.009277318138629198
am2_window_00_frame_150 pair 182 [12, 2] combined 121856 players 720 retained 256 seconds 0.46827248902991414
am2_window_00_frame_150 pair 185 [12, 5] combined 0 players 0 retained 0 seconds 0.026486904826015234
am2_window_00_frame_150 pair 187 [12, 7] combined 47104 players 0 retained 0 seconds 0.16072960896417499
am2_window_00_frame_150 pair 195 [13, 0] combined 18432 players 0 retained 0 seconds 0.1071778959594667
am2_window_00_frame_150 pair 198 [13, 3] combined 22528 players 0 retained 0 seconds 0.11145535483956337
am2_window_00_frame_150 pair 199 [13, 4] combined 2660 players 0 retained 0 seconds 0.031067848205566406
am2_window_00_frame_150 pair 201 [13, 6] combined 0 players 0 retained 0 seconds 0.008428511209785938
am2_window_00_frame_150 pair 205 [13, 10] combined 0 players 0 retained 0 seconds 0.00690200412645936
am2_window_00_frame_150 pair 209 [13, 15] combined 0 players 0 retained 0 seconds 0.005253430921584368
am2_window_00_frame_150 pair 210 [14, 0] combined 64512 players 106 retained 53 seconds 0.2627076501958072
am2_window_00_frame_150 pair 213 [14, 3] combined 4096 players 0 retained 0 seconds 0.06527717178687453
am2_window_00_frame_150 pair 214 [14, 4] combined 78120 players 0 retained 0 seconds 0.37728014029562473
am2_window_00_frame_150 pair 216 [14, 6] combined 0 players 0 retained 0 seconds 0.013326219283044338
am2_window_00_frame_150 pair 220 [14, 10] combined 0 players 0 retained 0 seconds 0.012631143908947706
am2_window_00_frame_150 pair 224 [14, 15] combined 0 players 0 retained 0 seconds 0.009470230899751186
am2_window_00_frame_150 pair 227 [15, 2] combined 0 players 0 retained 0 seconds 0.048605246003717184
am2_window_00_frame_150 pair 230 [15, 5] combined 0 players 0 retained 0 seconds 0.003780107945203781
am2_window_00_frame_150 pair 232 [15, 7] combined 0 players 0 retained 0 seconds 0.010539683979004622
am2_window_00_frame_150 pair 238 [15, 13] combined 0 players 0 retained 0 seconds 0.003963541705161333
am2_window_00_frame_150 pair 239 [15, 14] combined 0 players 0 retained 0 seconds 0.0068499622866511345
[am2_window_00_frame_150] line-template: preparing rectangles
[am2_window_00_frame_150] measuring 767 parents (G0=256, G1=256, line_template=256; conflicting geometry groups=0)
[am2_window_00_frame_150] parents 250/767
[am2_window_00_frame_150] parents 500/767
[am2_window_00_frame_150] parents 750/767
[am2_window_00_frame_150] refitting 767 parents
[am2_window_00_frame_150] refits 250/767; valid children=218
[am2_window_00_frame_150] refits 500/767; valid children=314
[am2_window_00_frame_150] refits 750/767; valid children=394
{"view_id": "am2_window_00_frame_150", "chosen_key": "G1:30:137/child", "no_court_reason": null, "all_checks_equal": null, "error": null}
{"views": ["shuttleset_03_scene_0017", "shuttleset_03_scene_0032", "am2_window_00_frame_150"], "startup_seconds": 0.029536129906773567, "wall_seconds": 1085.8129723649472, "peak_rss_mb": 1309.41796875, "failed": []}
