decoded <ShuttleSet root>/external/shuttleset-sources/3 Kento_MOMOTA_CHOU_Tien_Chen_KOREA_OPEN_2019_Final.mp4 to frame 54742 in 365s
decoded <run root>/player_guided_20260908/videos/am3_h264.mp4 to frame 90 in 1s
shuttleset_03_scene_0016 pair 0 [0, 1] combined 262144 players 0 retained 0 seconds 2.0730278016999364
shuttleset_03_scene_0016 pair 1 [0, 2] combined 262144 players 58386 retained 256 seconds 3.970882431138307
shuttleset_03_scene_0016 pair 2 [0, 3] combined 218112 players 0 retained 0 seconds 1.6475988952443004
shuttleset_03_scene_0016 pair 4 [0, 5] combined 262144 players 44784 retained 256 seconds 3.541204989887774
shuttleset_03_scene_0016 pair 5 [0, 6] combined 114688 players 0 retained 0 seconds 1.303095465991646
shuttleset_03_scene_0016 pair 7 [0, 8] combined 262144 players 0 retained 0 seconds 1.8204515622928739
shuttleset_03_scene_0016 pair 8 [0, 9] combined 58368 players 0 retained 0 seconds 1.0480859731324017
shuttleset_03_scene_0016 pair 9 [0, 10] combined 262144 players 55786 retained 256 seconds 4.041673804167658
shuttleset_03_scene_0016 pair 10 [0, 11] combined 226304 players 0 retained 0 seconds 1.566460378933698
shuttleset_03_scene_0016 pair 11 [0, 12] combined 225280 players 1176 retained 256 seconds 1.745545153040439
shuttleset_03_scene_0016 pair 12 [0, 13] combined 15360 players 1134 retained 256 seconds 1.065729086752981
shuttleset_03_scene_0016 pair 15 [1, 0] combined 262144 players 0 retained 0 seconds 1.818870314862579
shuttleset_03_scene_0016 pair 18 [1, 4] combined 262144 players 0 retained 0 seconds 1.3533416078425944
shuttleset_03_scene_0016 pair 30 [2, 0] combined 262144 players 64974 retained 256 seconds 4.015307053923607
shuttleset_03_scene_0016 pair 33 [2, 4] combined 262144 players 78962 retained 256 seconds 4.341955088078976
shuttleset_03_scene_0016 pair 45 [3, 0] combined 262144 players 0 retained 0 seconds 1.4553424939513206
shuttleset_03_scene_0016 pair 48 [3, 4] combined 262144 players 0 retained 0 seconds 0.9685331420041621
shuttleset_03_scene_0016 pair 61 [4, 1] combined 262144 players 0 retained 0 seconds 0.7765960968099535
shuttleset_03_scene_0016 pair 62 [4, 2] combined 262144 players 69218 retained 256 seconds 2.214578891173005
shuttleset_03_scene_0016 pair 63 [4, 3] combined 230400 players 0 retained 0 seconds 0.5600785021670163
shuttleset_03_scene_0016 pair 64 [4, 5] combined 262144 players 61298 retained 256 seconds 2.1683510546572506
shuttleset_03_scene_0016 pair 65 [4, 6] combined 93184 players 706 retained 256 seconds 0.3513598348945379
shuttleset_03_scene_0016 pair 67 [4, 8] combined 262144 players 0 retained 0 seconds 0.6347727947868407
shuttleset_03_scene_0016 pair 68 [4, 9] combined 77824 players 0 retained 0 seconds 0.27060816902667284
shuttleset_03_scene_0016 pair 69 [4, 10] combined 262144 players 69038 retained 256 seconds 2.3018176909536123
shuttleset_03_scene_0016 pair 70 [4, 11] combined 242688 players 0 retained 0 seconds 0.5624728547409177
shuttleset_03_scene_0016 pair 71 [4, 12] combined 262144 players 5605 retained 256 seconds 0.8771044882014394
shuttleset_03_scene_0016 pair 72 [4, 13] combined 18432 players 1290 retained 256 seconds 0.2267719293013215
shuttleset_03_scene_0016 pair 75 [5, 0] combined 262144 players 61458 retained 256 seconds 2.3441005148924887
shuttleset_03_scene_0016 pair 79 [5, 4] combined 262144 players 63840 retained 256 seconds 2.1981491749174893
shuttleset_03_scene_0016 pair 90 [6, 0] combined 110592 players 0 retained 0 seconds 0.6054567103274167
shuttleset_03_scene_0016 pair 94 [6, 4] combined 130048 players 332 retained 166 seconds 0.3342438116669655
shuttleset_03_scene_0016 pair 96 [6, 7] combined 36400 players 312 retained 156 seconds 0.10924586467444897
shuttleset_03_scene_0016 pair 104 [6, 15] combined 63960 players 700 retained 256 seconds 0.16587093006819487
shuttleset_03_scene_0016 pair 111 [7, 6] combined 27744 players 38 retained 19 seconds 0.08031243784353137
shuttleset_03_scene_0016 pair 113 [7, 9] combined 7740 players 0 retained 0 seconds 0.034026232082396746
shuttleset_03_scene_0016 pair 115 [7, 11] combined 21504 players 0 retained 0 seconds 0.06606502225622535
shuttleset_03_scene_0016 pair 117 [7, 13] combined 2600 players 160 retained 80 seconds 0.040818281937390566
shuttleset_03_scene_0016 pair 120 [8, 0] combined 262144 players 0 retained 0 seconds 0.9125588606111705
shuttleset_03_scene_0016 pair 124 [8, 4] combined 262144 players 0 retained 0 seconds 0.63450887799263
shuttleset_03_scene_0016 pair 135 [9, 0] combined 53248 players 0 retained 0 seconds 0.5069812037982047
shuttleset_03_scene_0016 pair 139 [9, 4] combined 43008 players 0 retained 0 seconds 0.16596285486593843
shuttleset_03_scene_0016 pair 142 [9, 7] combined 8436 players 0 retained 0 seconds 0.03252570889890194
shuttleset_03_scene_0016 pair 149 [9, 15] combined 18260 players 0 retained 0 seconds 0.05080212000757456
shuttleset_03_scene_0016 pair 150 [10, 0] combined 262144 players 70206 retained 256 seconds 2.4782687672413886
shuttleset_03_scene_0016 pair 154 [10, 4] combined 262144 players 79454 retained 256 seconds 2.4469872689805925
shuttleset_03_scene_0016 pair 165 [11, 0] combined 262144 players 0 retained 0 seconds 0.8461098507978022
shuttleset_03_scene_0016 pair 169 [11, 4] combined 262144 players 108 retained 54 seconds 0.5774351032450795
shuttleset_03_scene_0016 pair 172 [11, 7] combined 48128 players 0 retained 0 seconds 0.1127915158867836
shuttleset_03_scene_0016 pair 179 [11, 15] combined 112640 players 0 retained 0 seconds 0.2178867687471211
shuttleset_03_scene_0016 pair 180 [12, 0] combined 247808 players 6184 retained 256 seconds 1.0028957528993487
shuttleset_03_scene_0016 pair 184 [12, 4] combined 218112 players 3678 retained 256 seconds 0.5992560689337552
shuttleset_03_scene_0016 pair 195 [13, 0] combined 15360 players 3778 retained 256 seconds 0.5298020322807133
shuttleset_03_scene_0016 pair 199 [13, 4] combined 17408 players 5066 retained 256 seconds 0.269912367220968
shuttleset_03_scene_0016 pair 202 [13, 7] combined 720 players 60 retained 30 seconds 0.028752196114510298
shuttleset_03_scene_0016 pair 209 [13, 15] combined 1360 players 88 retained 44 seconds 0.03305234108120203
shuttleset_03_scene_0016 pair 231 [15, 6] combined 50184 players 270 retained 135 seconds 0.12893599784001708
shuttleset_03_scene_0016 pair 234 [15, 9] combined 23956 players 0 retained 0 seconds 0.06377294799312949
shuttleset_03_scene_0016 pair 236 [15, 11] combined 50176 players 0 retained 0 seconds 0.11275131301954389
shuttleset_03_scene_0016 pair 238 [15, 13] combined 4576 players 190 retained 95 seconds 0.04635211592540145
shuttleset_03_scene_0016 pair 0 [0, 1] combined 262144 players 0 retained 0 seconds 0.8074406301602721
shuttleset_03_scene_0016 pair 1 [0, 2] combined 114688 players 28962 retained 256 seconds 1.3068001847714186
shuttleset_03_scene_0016 pair 2 [0, 3] combined 16384 players 0 retained 0 seconds 0.3790712649933994
shuttleset_03_scene_0016 pair 4 [0, 5] combined 151552 players 35228 retained 256 seconds 1.4327549487352371
shuttleset_03_scene_0016 pair 5 [0, 6] combined 11264 players 0 retained 0 seconds 0.36912083625793457
shuttleset_03_scene_0016 pair 7 [0, 8] combined 198656 players 0 retained 0 seconds 0.6700433637015522
shuttleset_03_scene_0016 pair 8 [0, 9] combined 2048 players 0 retained 0 seconds 0.31107813119888306
shuttleset_03_scene_0016 pair 9 [0, 10] combined 23552 players 3244 retained 256 seconds 0.4940978530794382
shuttleset_03_scene_0016 pair 10 [0, 11] combined 4096 players 0 retained 0 seconds 0.3347403248772025
shuttleset_03_scene_0016 pair 11 [0, 12] combined 77824 players 0 retained 0 seconds 0.4615534539334476
shuttleset_03_scene_0016 pair 12 [0, 13] combined 4096 players 0 retained 0 seconds 0.3541495930403471
shuttleset_03_scene_0016 pair 15 [1, 0] combined 262144 players 0 retained 0 seconds 0.6927348682656884
shuttleset_03_scene_0016 pair 18 [1, 4] combined 262144 players 0 retained 0 seconds 0.55268231080845
shuttleset_03_scene_0016 pair 30 [2, 0] combined 143360 players 45408 retained 256 seconds 1.4877767711877823
shuttleset_03_scene_0016 pair 33 [2, 4] combined 142336 players 37968 retained 256 seconds 1.2823789790272713
shuttleset_03_scene_0016 pair 45 [3, 0] combined 27648 players 0 retained 0 seconds 0.26750746509060264
shuttleset_03_scene_0016 pair 48 [3, 4] combined 28672 players 0 retained 0 seconds 0.10609477572143078
shuttleset_03_scene_0016 pair 61 [4, 1] combined 262144 players 0 retained 0 seconds 0.5576200899668038
shuttleset_03_scene_0016 pair 62 [4, 2] combined 117760 players 27292 retained 256 seconds 0.9330347152426839
shuttleset_03_scene_0016 pair 63 [4, 3] combined 17408 players 0 retained 0 seconds 0.12638816004619002
shuttleset_03_scene_0016 pair 64 [4, 5] combined 155648 players 31936 retained 256 seconds 1.12448386894539
shuttleset_03_scene_0016 pair 65 [4, 6] combined 15360 players 0 retained 0 seconds 0.12738496623933315
shuttleset_03_scene_0016 pair 67 [4, 8] combined 207872 players 0 retained 0 seconds 0.44252338306978345
shuttleset_03_scene_0016 pair 68 [4, 9] combined 2048 players 0 retained 0 seconds 0.09150144504383206
shuttleset_03_scene_0016 pair 69 [4, 10] combined 23552 players 2974 retained 256 seconds 0.23238593200221658
shuttleset_03_scene_0016 pair 70 [4, 11] combined 4096 players 0 retained 0 seconds 0.09603894501924515
shuttleset_03_scene_0016 pair 71 [4, 12] combined 63488 players 846 retained 256 seconds 0.36580883990973234
shuttleset_03_scene_0016 pair 72 [4, 13] combined 4096 players 0 retained 0 seconds 0.09824679978191853
shuttleset_03_scene_0016 pair 75 [5, 0] combined 253952 players 65636 retained 256 seconds 2.156684820074588
shuttleset_03_scene_0016 pair 79 [5, 4] combined 252928 players 62432 retained 256 seconds 1.9427006668411195
shuttleset_03_scene_0016 pair 90 [6, 0] combined 27648 players 0 retained 0 seconds 0.39138533640652895
shuttleset_03_scene_0016 pair 94 [6, 4] combined 16384 players 24 retained 12 seconds 0.10164978494867682
shuttleset_03_scene_0016 pair 96 [6, 7] combined 96 players 0 retained 0 seconds 0.0062834289856255054
shuttleset_03_scene_0016 pair 104 [6, 15] combined 192 players 0 retained 0 seconds 0.00612112320959568
shuttleset_03_scene_0016 pair 111 [7, 6] combined 0 players 0 retained 0 seconds 0.004497641231864691
shuttleset_03_scene_0016 pair 113 [7, 9] combined 0 players 0 retained 0 seconds 0.004433684982359409
shuttleset_03_scene_0016 pair 115 [7, 11] combined 12 players 0 retained 0 seconds 0.004048808943480253
shuttleset_03_scene_0016 pair 117 [7, 13] combined 16 players 0 retained 0 seconds 0.0038357554003596306
shuttleset_03_scene_0016 pair 120 [8, 0] combined 262144 players 0 retained 0 seconds 0.6597512699663639
shuttleset_03_scene_0016 pair 124 [8, 4] combined 262144 players 0 retained 0 seconds 0.5090735163539648
shuttleset_03_scene_0016 pair 135 [9, 0] combined 3072 players 0 retained 0 seconds 0.22650814335793257
shuttleset_03_scene_0016 pair 139 [9, 4] combined 5120 players 0 retained 0 seconds 0.0700317407026887
shuttleset_03_scene_0016 pair 142 [9, 7] combined 0 players 0 retained 0 seconds 0.005219347309321165
shuttleset_03_scene_0016 pair 149 [9, 15] combined 0 players 0 retained 0 seconds 0.004491898696869612
shuttleset_03_scene_0016 pair 150 [10, 0] combined 63488 players 16312 retained 256 seconds 0.7082037078216672
shuttleset_03_scene_0016 pair 154 [10, 4] combined 62464 players 16288 retained 256 seconds 0.5730448607355356
shuttleset_03_scene_0016 pair 165 [11, 0] combined 0 players 0 retained 0 seconds 0.23074562894180417
shuttleset_03_scene_0016 pair 169 [11, 4] combined 0 players 0 retained 0 seconds 0.062231588177382946
shuttleset_03_scene_0016 pair 172 [11, 7] combined 4 players 0 retained 0 seconds 0.004541355185210705
shuttleset_03_scene_0016 pair 179 [11, 15] combined 16 players 0 retained 0 seconds 0.00432364409789443
shuttleset_03_scene_0016 pair 180 [12, 0] combined 56320 players 98 retained 49 seconds 0.3035412481985986
shuttleset_03_scene_0016 pair 184 [12, 4] combined 72704 players 750 retained 256 seconds 0.2554466463625431
shuttleset_03_scene_0016 pair 195 [13, 0] combined 2048 players 200 retained 78 seconds 0.22845312813296914
shuttleset_03_scene_0016 pair 199 [13, 4] combined 2048 players 162 retained 72 seconds 0.07953247800469398
shuttleset_03_scene_0016 pair 202 [13, 7] combined 0 players 0 retained 0 seconds 0.004211156163364649
shuttleset_03_scene_0016 pair 209 [13, 15] combined 0 players 0 retained 0 seconds 0.003789254929870367
shuttleset_03_scene_0016 pair 231 [15, 6] combined 0 players 0 retained 0 seconds 0.004817946348339319
shuttleset_03_scene_0016 pair 234 [15, 9] combined 32 players 0 retained 0 seconds 0.003950621001422405
shuttleset_03_scene_0016 pair 236 [15, 11] combined 16 players 0 retained 0 seconds 0.0038395151495933533
shuttleset_03_scene_0016 pair 238 [15, 13] combined 16 players 0 retained 0 seconds 0.003783463966101408
[shuttleset_03_scene_0016] line-template: preparing rectangles
[shuttleset_03_scene_0016] measuring 736 parents (G0=256, G1=256, line_template=256; conflicting geometry groups=0)
[shuttleset_03_scene_0016] parents 250/736
[shuttleset_03_scene_0016] parents 500/736
[shuttleset_03_scene_0016] refitting 736 parents
[shuttleset_03_scene_0016] refits 250/736; valid children=250
[shuttleset_03_scene_0016] refits 500/736; valid children=500
{"view_id": "shuttleset_03_scene_0016", "chosen_key": "G0:1:4532", "no_court_reason": null, "all_checks_equal": null, "error": null}
shuttleset_03_scene_0023 pair 0 [0, 1] combined 262144 players 0 retained 0 seconds 1.1178203728049994
shuttleset_03_scene_0023 pair 1 [0, 2] combined 262144 players 59918 retained 256 seconds 2.4148475318215787
shuttleset_03_scene_0023 pair 4 [0, 5] combined 262144 players 0 retained 0 seconds 1.0468742526136339
shuttleset_03_scene_0023 pair 5 [0, 6] combined 116736 players 182 retained 91 seconds 0.8023120979778469
shuttleset_03_scene_0023 pair 7 [0, 8] combined 262144 players 0 retained 0 seconds 1.0859735691919923
shuttleset_03_scene_0023 pair 11 [0, 12] combined 262144 players 358 retained 179 seconds 1.054954222869128
shuttleset_03_scene_0023 pair 12 [0, 13] combined 231424 players 1930 retained 256 seconds 1.1138386935926974
shuttleset_03_scene_0023 pair 13 [0, 14] combined 65536 players 0 retained 0 seconds 0.6908382666297257
shuttleset_03_scene_0023 pair 15 [1, 0] combined 262144 players 0 retained 0 seconds 0.9518234599381685
shuttleset_03_scene_0023 pair 30 [2, 0] combined 262144 players 75150 retained 256 seconds 2.5533431502990425
shuttleset_03_scene_0023 pair 32 [2, 3] combined 262144 players 82374 retained 256 seconds 2.4430398396216333
shuttleset_03_scene_0023 pair 44 [2, 15] combined 100352 players 10568 retained 256 seconds 0.5090894373133779
shuttleset_03_scene_0023 pair 47 [3, 2] combined 262144 players 76296 retained 256 seconds 2.3378979517146945
shuttleset_03_scene_0023 pair 48 [3, 4] combined 197632 players 0 retained 0 seconds 0.415574979968369
shuttleset_03_scene_0023 pair 49 [3, 5] combined 262144 players 0 retained 0 seconds 0.5598198128864169
shuttleset_03_scene_0023 pair 51 [3, 7] combined 187392 players 408 retained 205 seconds 0.41262893890962005
shuttleset_03_scene_0023 pair 52 [3, 8] combined 262144 players 0 retained 0 seconds 0.5229818341322243
shuttleset_03_scene_0023 pair 53 [3, 9] combined 253952 players 0 retained 0 seconds 0.4831308489665389
shuttleset_03_scene_0023 pair 54 [3, 10] combined 9216 players 0 retained 0 seconds 0.09382738871499896
shuttleset_03_scene_0023 pair 55 [3, 11] combined 239616 players 27302 retained 256 seconds 1.206438316963613
shuttleset_03_scene_0023 pair 57 [3, 13] combined 132096 players 3856 retained 256 seconds 0.47739126486703753
shuttleset_03_scene_0023 pair 58 [3, 14] combined 72704 players 0 retained 0 seconds 0.1974280858412385
shuttleset_03_scene_0023 pair 63 [4, 3] combined 262144 players 0 retained 0 seconds 0.5235916231758893
shuttleset_03_scene_0023 pair 75 [5, 0] combined 262144 players 0 retained 0 seconds 0.8768779877573252
shuttleset_03_scene_0023 pair 78 [5, 3] combined 262144 players 0 retained 0 seconds 0.5447094640694559
shuttleset_03_scene_0023 pair 90 [6, 0] combined 132096 players 1838 retained 256 seconds 0.6806858461350203
shuttleset_03_scene_0023 pair 96 [6, 7] combined 76440 players 744 retained 256 seconds 0.18764502508565784
shuttleset_03_scene_0023 pair 98 [6, 9] combined 124928 players 902 retained 256 seconds 0.2879382590763271
shuttleset_03_scene_0023 pair 108 [7, 3] combined 189440 players 228 retained 114 seconds 0.38276617927476764
shuttleset_03_scene_0023 pair 111 [7, 6] combined 81024 players 12 retained 6 seconds 0.17511107679456472
shuttleset_03_scene_0023 pair 116 [7, 12] combined 231424 players 48 retained 24 seconds 0.4304916989058256
shuttleset_03_scene_0023 pair 119 [7, 15] combined 53848 players 142 retained 70 seconds 0.13695907779037952
shuttleset_03_scene_0023 pair 120 [8, 0] combined 262144 players 0 retained 0 seconds 0.9204375469125807
shuttleset_03_scene_0023 pair 123 [8, 3] combined 262144 players 0 retained 0 seconds 0.5424800901673734
shuttleset_03_scene_0023 pair 138 [9, 3] combined 194560 players 0 retained 0 seconds 0.38089063903316855
shuttleset_03_scene_0023 pair 141 [9, 6] combined 100352 players 28 retained 14 seconds 0.2649018531665206
shuttleset_03_scene_0023 pair 146 [9, 12] combined 262144 players 38 retained 19 seconds 0.49385480815544724
shuttleset_03_scene_0023 pair 149 [9, 15] combined 139264 players 0 retained 0 seconds 0.30059904186055064
shuttleset_03_scene_0023 pair 153 [10, 3] combined 23552 players 0 retained 0 seconds 0.09470901871100068
shuttleset_03_scene_0023 pair 168 [11, 3] combined 131072 players 46296 retained 256 seconds 1.3805349958129227
shuttleset_03_scene_0023 pair 180 [12, 0] combined 226304 players 808 retained 256 seconds 0.8463821751065552
shuttleset_03_scene_0023 pair 187 [12, 7] combined 173280 players 1872 retained 256 seconds 0.39124765805900097
shuttleset_03_scene_0023 pair 189 [12, 9] combined 262144 players 950 retained 256 seconds 0.6187753202393651
shuttleset_03_scene_0023 pair 195 [13, 0] combined 247808 players 5302 retained 256 seconds 1.0048292158171535
shuttleset_03_scene_0023 pair 198 [13, 3] combined 217088 players 8462 retained 256 seconds 0.6552119092084467
shuttleset_03_scene_0023 pair 209 [13, 15] combined 95904 players 712 retained 256 seconds 0.23062347108498216
shuttleset_03_scene_0023 pair 210 [14, 0] combined 106496 players 0 retained 0 seconds 0.6017193701118231
shuttleset_03_scene_0023 pair 213 [14, 3] combined 114688 players 0 retained 0 seconds 0.23766646394506097
shuttleset_03_scene_0023 pair 227 [15, 2] combined 140288 players 44352 retained 256 seconds 1.3087720181792974
shuttleset_03_scene_0023 pair 232 [15, 7] combined 89280 players 0 retained 0 seconds 0.19207374518737197
shuttleset_03_scene_0023 pair 234 [15, 9] combined 114688 players 0 retained 0 seconds 0.2288226392120123
shuttleset_03_scene_0023 pair 238 [15, 13] combined 77672 players 784 retained 256 seconds 0.2102611600421369
shuttleset_03_scene_0023 pair 0 [0, 1] combined 262144 players 0 retained 0 seconds 0.9016083520837128
shuttleset_03_scene_0023 pair 1 [0, 2] combined 161792 players 34164 retained 256 seconds 1.5407069842331111
shuttleset_03_scene_0023 pair 4 [0, 5] combined 33792 players 0 retained 0 seconds 0.5055128880776465
shuttleset_03_scene_0023 pair 5 [0, 6] combined 64512 players 12 retained 6 seconds 0.5190119720064104
shuttleset_03_scene_0023 pair 7 [0, 8] combined 48128 players 0 retained 0 seconds 0.5525894109159708
shuttleset_03_scene_0023 pair 11 [0, 12] combined 195584 players 96 retained 48 seconds 0.7651074631139636
shuttleset_03_scene_0023 pair 12 [0, 13] combined 15360 players 0 retained 0 seconds 0.4865056253038347
shuttleset_03_scene_0023 pair 13 [0, 14] combined 6144 players 0 retained 0 seconds 0.4551804340444505
shuttleset_03_scene_0023 pair 15 [1, 0] combined 262144 players 0 retained 0 seconds 0.7809958471916616
shuttleset_03_scene_0023 pair 30 [2, 0] combined 245760 players 58902 retained 256 seconds 2.1235547801479697
shuttleset_03_scene_0023 pair 32 [2, 3] combined 247808 players 68376 retained 256 seconds 2.053664695005864
shuttleset_03_scene_0023 pair 44 [2, 15] combined 17388 players 1326 retained 256 seconds 0.13691931404173374
shuttleset_03_scene_0023 pair 47 [3, 2] combined 163840 players 34628 retained 256 seconds 1.1222086721099913
shuttleset_03_scene_0023 pair 48 [3, 4] combined 5120 players 0 retained 0 seconds 0.05392526974901557
shuttleset_03_scene_0023 pair 49 [3, 5] combined 30720 players 0 retained 0 seconds 0.0981846759095788
shuttleset_03_scene_0023 pair 51 [3, 7] combined 17272 players 0 retained 0 seconds 0.06749000679701567
shuttleset_03_scene_0023 pair 52 [3, 8] combined 47104 players 0 retained 0 seconds 0.22036358807235956
shuttleset_03_scene_0023 pair 53 [3, 9] combined 19456 players 0 retained 0 seconds 0.07213650271296501
shuttleset_03_scene_0023 pair 54 [3, 10] combined 5120 players 0 retained 0 seconds 0.07220030901953578
shuttleset_03_scene_0023 pair 55 [3, 11] combined 14336 players 1062 retained 256 seconds 0.1277872510254383
shuttleset_03_scene_0023 pair 57 [3, 13] combined 9216 players 60 retained 30 seconds 0.07686445582658052
shuttleset_03_scene_0023 pair 58 [3, 14] combined 6144 players 0 retained 0 seconds 0.056439438834786415
shuttleset_03_scene_0023 pair 63 [4, 3] combined 4096 players 0 retained 0 seconds 0.04022835474461317
shuttleset_03_scene_0023 pair 75 [5, 0] combined 53248 players 0 retained 0 seconds 0.3776912628673017
shuttleset_03_scene_0023 pair 78 [5, 3] combined 52224 players 0 retained 0 seconds 0.11823929008096457
shuttleset_03_scene_0023 pair 90 [6, 0] combined 78848 players 414 retained 207 seconds 0.45740500977262855
shuttleset_03_scene_0023 pair 96 [6, 7] combined 5236 players 8 retained 4 seconds 0.03568497812375426
shuttleset_03_scene_0023 pair 98 [6, 9] combined 5700 players 0 retained 0 seconds 0.02603864762932062
shuttleset_03_scene_0023 pair 108 [7, 3] combined 6144 players 0 retained 0 seconds 0.036360634956508875
shuttleset_03_scene_0023 pair 111 [7, 6] combined 4636 players 0 retained 0 seconds 0.02047082595527172
shuttleset_03_scene_0023 pair 116 [7, 12] combined 16700 players 0 retained 0 seconds 0.0422241878695786
shuttleset_03_scene_0023 pair 119 [7, 15] combined 2100 players 0 retained 0 seconds 0.018445651978254318
shuttleset_03_scene_0023 pair 120 [8, 0] combined 80896 players 0 retained 0 seconds 0.42258191807195544
shuttleset_03_scene_0023 pair 123 [8, 3] combined 84992 players 0 retained 0 seconds 0.18268129182979465
shuttleset_03_scene_0023 pair 138 [9, 3] combined 14336 players 0 retained 0 seconds 0.05313751334324479
shuttleset_03_scene_0023 pair 141 [9, 6] combined 7904 players 0 retained 0 seconds 0.02756035001948476
shuttleset_03_scene_0023 pair 146 [9, 12] combined 19832 players 0 retained 0 seconds 0.04774706903845072
shuttleset_03_scene_0023 pair 149 [9, 15] combined 4600 players 0 retained 0 seconds 0.022710217162966728
shuttleset_03_scene_0023 pair 153 [10, 3] combined 5120 players 0 retained 0 seconds 0.040037184953689575
shuttleset_03_scene_0023 pair 168 [11, 3] combined 16384 players 5538 retained 256 seconds 0.22664214065298438
shuttleset_03_scene_0023 pair 180 [12, 0] combined 132096 players 782 retained 256 seconds 0.5521692340262234
shuttleset_03_scene_0023 pair 187 [12, 7] combined 4984 players 0 retained 0 seconds 0.025133080780506134
shuttleset_03_scene_0023 pair 189 [12, 9] combined 12400 players 0 retained 0 seconds 0.03751188097521663
shuttleset_03_scene_0023 pair 195 [13, 0] combined 8192 players 0 retained 0 seconds 0.2950684241950512
shuttleset_03_scene_0023 pair 198 [13, 3] combined 15360 players 4 retained 2 seconds 0.07167424727231264
shuttleset_03_scene_0023 pair 209 [13, 15] combined 864 players 0 retained 0 seconds 0.014576094225049019
shuttleset_03_scene_0023 pair 210 [14, 0] combined 17408 players 0 retained 0 seconds 0.31008077785372734
shuttleset_03_scene_0023 pair 213 [14, 3] combined 14336 players 0 retained 0 seconds 0.06011975696310401
shuttleset_03_scene_0023 pair 227 [15, 2] combined 22876 players 7662 retained 256 seconds 0.2774304370395839
shuttleset_03_scene_0023 pair 232 [15, 7] combined 1000 players 0 retained 0 seconds 0.021418494638055563
shuttleset_03_scene_0023 pair 234 [15, 9] combined 2176 players 0 retained 0 seconds 0.023345741908997297
shuttleset_03_scene_0023 pair 238 [15, 13] combined 448 players 0 retained 0 seconds 0.020342182368040085
[shuttleset_03_scene_0023] line-template: preparing rectangles
[shuttleset_03_scene_0023] measuring 702 parents (G0=256, G1=256, line_template=256; conflicting geometry groups=0)
[shuttleset_03_scene_0023] parents 250/702
[shuttleset_03_scene_0023] parents 500/702
[shuttleset_03_scene_0023] refitting 702 parents
[shuttleset_03_scene_0023] refits 250/702; valid children=243
[shuttleset_03_scene_0023] refits 500/702; valid children=489
{"view_id": "shuttleset_03_scene_0023", "chosen_key": "G1:1:14894/child", "no_court_reason": null, "all_checks_equal": null, "error": null}
am3_window_00_frame_0 pair 1 [0, 2] combined 262144 players 24110 retained 256 seconds 2.36551380995661
am3_window_00_frame_0 pair 7 [0, 8] combined 262144 players 2148 retained 256 seconds 1.4427531049586833
am3_window_00_frame_0 pair 30 [2, 0] combined 262144 players 38186 retained 256 seconds 2.881627399008721
am3_window_00_frame_0 pair 32 [2, 3] combined 262144 players 52322 retained 256 seconds 3.4779418017715216
am3_window_00_frame_0 pair 34 [2, 5] combined 104448 players 160 retained 80 seconds 0.4078470510430634
am3_window_00_frame_0 pair 35 [2, 6] combined 262144 players 5288 retained 256 seconds 1.0564645421691239
am3_window_00_frame_0 pair 39 [2, 10] combined 169984 players 84 retained 42 seconds 0.5843267580494285
am3_window_00_frame_0 pair 41 [2, 12] combined 71680 players 0 retained 0 seconds 0.27924121636897326
am3_window_00_frame_0 pair 42 [2, 13] combined 262144 players 32516 retained 256 seconds 2.923375000245869
am3_window_00_frame_0 pair 43 [2, 14] combined 262144 players 36696 retained 256 seconds 3.0484530040994287
am3_window_00_frame_0 pair 44 [2, 15] combined 262144 players 37460 retained 256 seconds 3.021311494987458
am3_window_00_frame_0 pair 47 [3, 2] combined 262144 players 13372 retained 256 seconds 1.9617861020378768
am3_window_00_frame_0 pair 52 [3, 8] combined 262144 players 19726 retained 256 seconds 2.1366364676505327
am3_window_00_frame_0 pair 77 [5, 2] combined 24576 players 1128 retained 256 seconds 0.2445787377655506
am3_window_00_frame_0 pair 82 [5, 8] combined 122880 players 0 retained 0 seconds 0.3786027510650456
am3_window_00_frame_0 pair 92 [6, 2] combined 262144 players 1380 retained 256 seconds 0.8973732157610357
am3_window_00_frame_0 pair 97 [6, 8] combined 202752 players 0 retained 0 seconds 0.5743386829271913
am3_window_00_frame_0 pair 120 [8, 0] combined 262144 players 4706 retained 256 seconds 1.4615666852332652
am3_window_00_frame_0 pair 123 [8, 3] combined 262144 players 10876 retained 256 seconds 1.8805759930983186
am3_window_00_frame_0 pair 125 [8, 5] combined 250880 players 0 retained 0 seconds 0.7253020922653377
am3_window_00_frame_0 pair 126 [8, 6] combined 262144 players 0 retained 0 seconds 0.7453959858976305
am3_window_00_frame_0 pair 129 [8, 10] combined 185344 players 0 retained 0 seconds 0.5267058918252587
am3_window_00_frame_0 pair 131 [8, 12] combined 119808 players 0 retained 0 seconds 0.3528392529115081
am3_window_00_frame_0 pair 132 [8, 13] combined 262144 players 4432 retained 256 seconds 1.7398296212777495
am3_window_00_frame_0 pair 133 [8, 14] combined 262144 players 13774 retained 256 seconds 2.0780541179701686
am3_window_00_frame_0 pair 134 [8, 15] combined 262144 players 5172 retained 256 seconds 1.6741550490260124
am3_window_00_frame_0 pair 152 [10, 2] combined 121856 players 84 retained 42 seconds 0.4298117896541953
am3_window_00_frame_0 pair 158 [10, 8] combined 153600 players 0 retained 0 seconds 0.44241122202947736
am3_window_00_frame_0 pair 182 [12, 2] combined 53248 players 0 retained 0 seconds 0.22033073473721743
am3_window_00_frame_0 pair 188 [12, 8] combined 117760 players 0 retained 0 seconds 0.344299818854779
am3_window_00_frame_0 pair 197 [13, 2] combined 262144 players 24178 retained 256 seconds 2.6738782478496432
am3_window_00_frame_0 pair 203 [13, 8] combined 262144 players 1510 retained 256 seconds 1.7067981390282512
am3_window_00_frame_0 pair 212 [14, 2] combined 262144 players 25578 retained 256 seconds 2.5239470889791846
am3_window_00_frame_0 pair 218 [14, 8] combined 262144 players 11540 retained 256 seconds 2.0639949259348214
am3_window_00_frame_0 pair 227 [15, 2] combined 262144 players 23522 retained 256 seconds 2.603732309769839
am3_window_00_frame_0 pair 233 [15, 8] combined 262144 players 1178 retained 256 seconds 1.6181510770693421
am3_window_00_frame_0 pair 1 [0, 2] combined 11264 players 1950 retained 256 seconds 0.17685557436197996
am3_window_00_frame_0 pair 7 [0, 8] combined 0 players 0 retained 0 seconds 0.008072294760495424
am3_window_00_frame_0 pair 30 [2, 0] combined 7220 players 600 retained 256 seconds 0.11825452418997884
am3_window_00_frame_0 pair 32 [2, 3] combined 24700 players 3236 retained 256 seconds 0.2613891400396824
am3_window_00_frame_0 pair 34 [2, 5] combined 0 players 0 retained 0 seconds 0.018234427087008953
am3_window_00_frame_0 pair 35 [2, 6] combined 9108 players 8 retained 5 seconds 0.06761028105393052
am3_window_00_frame_0 pair 39 [2, 10] combined 0 players 0 retained 0 seconds 0.01825965102761984
am3_window_00_frame_0 pair 41 [2, 12] combined 0 players 0 retained 0 seconds 0.017995321191847324
am3_window_00_frame_0 pair 42 [2, 13] combined 20800 players 2658 retained 256 seconds 0.2435700772330165
am3_window_00_frame_0 pair 43 [2, 14] combined 10752 players 2292 retained 256 seconds 0.18291764613240957
am3_window_00_frame_0 pair 44 [2, 15] combined 22464 players 2604 retained 256 seconds 0.24433140084147453
am3_window_00_frame_0 pair 47 [3, 2] combined 21504 players 3220 retained 256 seconds 0.26524672098457813
am3_window_00_frame_0 pair 52 [3, 8] combined 0 players 0 retained 0 seconds 0.010131203103810549
am3_window_00_frame_0 pair 77 [5, 2] combined 0 players 0 retained 0 seconds 0.0178621057420969
am3_window_00_frame_0 pair 82 [5, 8] combined 0 players 0 retained 0 seconds 0.004155733156949282
am3_window_00_frame_0 pair 92 [6, 2] combined 18392 players 0 retained 0 seconds 0.06792925810441375
am3_window_00_frame_0 pair 97 [6, 8] combined 0 players 0 retained 0 seconds 0.00454214122146368
am3_window_00_frame_0 pair 120 [8, 0] combined 0 players 0 retained 0 seconds 0.006872544065117836
am3_window_00_frame_0 pair 123 [8, 3] combined 0 players 0 retained 0 seconds 0.008661055937409401
am3_window_00_frame_0 pair 125 [8, 5] combined 0 players 0 retained 0 seconds 0.004485776647925377
am3_window_00_frame_0 pair 126 [8, 6] combined 0 players 0 retained 0 seconds 0.004313470330089331
am3_window_00_frame_0 pair 129 [8, 10] combined 0 players 0 retained 0 seconds 0.0027759019285440445
am3_window_00_frame_0 pair 131 [8, 12] combined 0 players 0 retained 0 seconds 0.002748744562268257
am3_window_00_frame_0 pair 132 [8, 13] combined 0 players 0 retained 0 seconds 0.009103684220463037
am3_window_00_frame_0 pair 133 [8, 14] combined 0 players 0 retained 0 seconds 0.0064397770911455154
am3_window_00_frame_0 pair 134 [8, 15] combined 0 players 0 retained 0 seconds 0.008685579989105463
am3_window_00_frame_0 pair 152 [10, 2] combined 0 players 0 retained 0 seconds 0.015368197113275528
am3_window_00_frame_0 pair 158 [10, 8] combined 0 players 0 retained 0 seconds 0.002716789022088051
am3_window_00_frame_0 pair 182 [12, 2] combined 0 players 0 retained 0 seconds 0.01489173574373126
am3_window_00_frame_0 pair 188 [12, 8] combined 0 players 0 retained 0 seconds 0.002700194250792265
am3_window_00_frame_0 pair 197 [13, 2] combined 37888 players 7952 retained 256 seconds 0.4712554947473109
am3_window_00_frame_0 pair 203 [13, 8] combined 0 players 0 retained 0 seconds 0.011085649952292442
am3_window_00_frame_0 pair 212 [14, 2] combined 20480 players 3524 retained 256 seconds 0.26859034411609173
am3_window_00_frame_0 pair 218 [14, 8] combined 0 players 0 retained 0 seconds 0.008192132692784071
am3_window_00_frame_0 pair 227 [15, 2] combined 34816 players 7412 retained 256 seconds 0.4526286763139069
am3_window_00_frame_0 pair 233 [15, 8] combined 0 players 0 retained 0 seconds 0.011527367867529392
[am3_window_00_frame_0] line-template: preparing rectangles
[am3_window_00_frame_0] measuring 768 parents (G0=256, G1=256, line_template=256; conflicting geometry groups=0)
[am3_window_00_frame_0] parents 250/768
[am3_window_00_frame_0] parents 500/768
[am3_window_00_frame_0] parents 750/768
[am3_window_00_frame_0] refitting 768 parents
[am3_window_00_frame_0] refits 250/768; valid children=240
[am3_window_00_frame_0] refits 500/768; valid children=490
[am3_window_00_frame_0] refits 750/768; valid children=671
{"view_id": "am3_window_00_frame_0", "chosen_key": "G1:43:171/child", "no_court_reason": null, "all_checks_equal": null, "error": null}
{"views": ["shuttleset_03_scene_0016", "shuttleset_03_scene_0023", "am3_window_00_frame_0"], "startup_seconds": 0.0291836760006845, "wall_seconds": 908.2269814512692, "peak_rss_mb": 1388.99609375, "failed": []}
