decoded <ShuttleSet root>/external/shuttleset-sources/21 An_Se_Young_Ratchanok_Intanon_YONEX_Thailand_Open_2021_QuarterFinals.mp4 to frame 100347 in 466s
shuttleset_21_scene_0034 pair 0 [0, 1] combined 262144 players 0 retained 0 seconds 0.7628883859142661
shuttleset_21_scene_0034 pair 1 [0, 2] combined 262144 players 98258 retained 256 seconds 2.907249771989882
shuttleset_21_scene_0034 pair 6 [0, 7] combined 113664 players 3570 retained 256 seconds 0.5610625110566616
shuttleset_21_scene_0034 pair 8 [0, 9] combined 262144 players 0 retained 0 seconds 0.6271754018962383
shuttleset_21_scene_0034 pair 9 [0, 10] combined 129024 players 0 retained 0 seconds 0.4321999200619757
shuttleset_21_scene_0034 pair 11 [0, 12] combined 262144 players 0 retained 0 seconds 0.661190222017467
shuttleset_21_scene_0034 pair 12 [0, 13] combined 96256 players 35778 retained 256 seconds 1.1678595417179167
shuttleset_21_scene_0034 pair 13 [0, 14] combined 226304 players 0 retained 0 seconds 0.5511502139270306
shuttleset_21_scene_0034 pair 15 [1, 0] combined 262144 players 0 retained 0 seconds 0.7064522379077971
shuttleset_21_scene_0034 pair 18 [1, 4] combined 262144 players 0 retained 0 seconds 0.5510602747090161
shuttleset_21_scene_0034 pair 30 [2, 0] combined 262144 players 113892 retained 256 seconds 3.339016960002482
shuttleset_21_scene_0034 pair 32 [2, 3] combined 243712 players 98028 retained 256 seconds 2.9031989299692214
shuttleset_21_scene_0034 pair 33 [2, 4] combined 262144 players 107772 retained 256 seconds 3.084569751750678
shuttleset_21_scene_0034 pair 47 [3, 2] combined 262144 players 90028 retained 256 seconds 2.734109350014478
shuttleset_21_scene_0034 pair 51 [3, 7] combined 96256 players 1182 retained 256 seconds 0.24476432334631681
shuttleset_21_scene_0034 pair 53 [3, 9] combined 262144 players 0 retained 0 seconds 0.4650517082773149
shuttleset_21_scene_0034 pair 54 [3, 10] combined 142336 players 0 retained 0 seconds 0.25976160913705826
shuttleset_21_scene_0034 pair 57 [3, 13] combined 92160 players 31940 retained 256 seconds 0.9581558518111706
shuttleset_21_scene_0034 pair 58 [3, 14] combined 207872 players 0 retained 0 seconds 0.37430971628054976
shuttleset_21_scene_0034 pair 61 [4, 1] combined 262144 players 0 retained 0 seconds 0.5313758500851691
shuttleset_21_scene_0034 pair 62 [4, 2] combined 262144 players 89844 retained 256 seconds 2.610172112006694
shuttleset_21_scene_0034 pair 68 [4, 9] combined 262144 players 0 retained 0 seconds 0.48849907238036394
shuttleset_21_scene_0034 pair 69 [4, 10] combined 124928 players 0 retained 0 seconds 0.2541377432644367
shuttleset_21_scene_0034 pair 70 [4, 11] combined 6144 players 0 retained 0 seconds 0.042652854695916176
shuttleset_21_scene_0034 pair 71 [4, 12] combined 262144 players 0 retained 0 seconds 0.55678143305704
shuttleset_21_scene_0034 pair 72 [4, 13] combined 91136 players 29250 retained 256 seconds 0.8943784506991506
shuttleset_21_scene_0034 pair 105 [7, 0] combined 60416 players 2384 retained 256 seconds 0.32450917456299067
shuttleset_21_scene_0034 pair 108 [7, 3] combined 105472 players 8414 retained 256 seconds 0.4274760349653661
shuttleset_21_scene_0034 pair 112 [7, 8] combined 61440 players 20 retained 10 seconds 0.12990679731592536
shuttleset_21_scene_0034 pair 127 [8, 7] combined 73728 players 382 retained 185 seconds 0.16759041184559464
shuttleset_21_scene_0034 pair 133 [8, 14] combined 231424 players 0 retained 0 seconds 0.47239956306293607
shuttleset_21_scene_0034 pair 135 [9, 0] combined 147456 players 0 retained 0 seconds 0.389842442702502
shuttleset_21_scene_0034 pair 138 [9, 3] combined 152576 players 188 retained 94 seconds 0.30571994418278337
shuttleset_21_scene_0034 pair 139 [9, 4] combined 194560 players 1706 retained 256 seconds 0.40810781298205256
shuttleset_21_scene_0034 pair 150 [10, 0] combined 161792 players 0 retained 0 seconds 0.40690611070021987
shuttleset_21_scene_0034 pair 153 [10, 3] combined 153576 players 0 retained 0 seconds 0.29825111106038094
shuttleset_21_scene_0034 pair 154 [10, 4] combined 164864 players 0 retained 0 seconds 0.30755917076021433
shuttleset_21_scene_0034 pair 169 [11, 4] combined 8192 players 0 retained 0 seconds 0.034908599220216274
shuttleset_21_scene_0034 pair 180 [12, 0] combined 262144 players 0 retained 0 seconds 0.6218269621022046
shuttleset_21_scene_0034 pair 184 [12, 4] combined 262144 players 0 retained 0 seconds 0.48266382003203034
shuttleset_21_scene_0034 pair 195 [13, 0] combined 154624 players 65882 retained 256 seconds 1.9649669928476214
shuttleset_21_scene_0034 pair 198 [13, 3] combined 120560 players 47634 retained 256 seconds 1.2995567522011697
shuttleset_21_scene_0034 pair 199 [13, 4] combined 163840 players 64564 retained 256 seconds 1.8686370579525828
shuttleset_21_scene_0034 pair 210 [14, 0] combined 108544 players 620 retained 256 seconds 0.3719273479655385
shuttleset_21_scene_0034 pair 213 [14, 3] combined 87040 players 0 retained 0 seconds 0.1637103222310543
shuttleset_21_scene_0034 pair 218 [14, 8] combined 108544 players 0 retained 0 seconds 0.2035300498828292
shuttleset_21_scene_0034 pair 0 [0, 1] combined 25600 players 0 retained 0 seconds 0.1342971920967102
shuttleset_21_scene_0034 pair 1 [0, 2] combined 56320 players 22980 retained 256 seconds 0.7359773158095777
shuttleset_21_scene_0034 pair 6 [0, 7] combined 56320 players 352 retained 154 seconds 0.2192072458565235
shuttleset_21_scene_0034 pair 8 [0, 9] combined 0 players 0 retained 0 seconds 0.08621054701507092
shuttleset_21_scene_0034 pair 9 [0, 10] combined 4096 players 0 retained 0 seconds 0.1725718411616981
shuttleset_21_scene_0034 pair 11 [0, 12] combined 7168 players 0 retained 0 seconds 0.10664221178740263
shuttleset_21_scene_0034 pair 12 [0, 13] combined 7168 players 1844 retained 256 seconds 0.17187174502760172
shuttleset_21_scene_0034 pair 13 [0, 14] combined 0 players 0 retained 0 seconds 0.0881971437484026
shuttleset_21_scene_0034 pair 15 [1, 0] combined 24576 players 0 retained 0 seconds 0.09664916899055243
shuttleset_21_scene_0034 pair 18 [1, 4] combined 3680 players 0 retained 0 seconds 0.01621143938973546
shuttleset_21_scene_0034 pair 30 [2, 0] combined 93184 players 38278 retained 256 seconds 1.0902383960783482
shuttleset_21_scene_0034 pair 32 [2, 3] combined 7520 players 2948 retained 256 seconds 0.12362089194357395
shuttleset_21_scene_0034 pair 33 [2, 4] combined 16600 players 7272 retained 256 seconds 0.2407722407951951
shuttleset_21_scene_0034 pair 47 [3, 2] combined 6372 players 2534 retained 256 seconds 0.11484590591862798
shuttleset_21_scene_0034 pair 51 [3, 7] combined 10388 players 314 retained 165 seconds 0.05551771121099591
shuttleset_21_scene_0034 pair 53 [3, 9] combined 0 players 0 retained 0 seconds 0.00607649190351367
shuttleset_21_scene_0034 pair 54 [3, 10] combined 416 players 0 retained 0 seconds 0.007322569843381643
shuttleset_21_scene_0034 pair 57 [3, 13] combined 928 players 194 retained 95 seconds 0.028729447163641453
shuttleset_21_scene_0034 pair 58 [3, 14] combined 0 players 0 retained 0 seconds 0.005960436072200537
shuttleset_21_scene_0034 pair 61 [4, 1] combined 6500 players 0 retained 0 seconds 0.022428886964917183
shuttleset_21_scene_0034 pair 62 [4, 2] combined 15576 players 6224 retained 256 seconds 0.29210987128317356
shuttleset_21_scene_0034 pair 68 [4, 9] combined 0 players 0 retained 0 seconds 0.009061899036169052
shuttleset_21_scene_0034 pair 69 [4, 10] combined 944 players 0 retained 0 seconds 0.010298785753548145
shuttleset_21_scene_0034 pair 70 [4, 11] combined 0 players 0 retained 0 seconds 0.008284417912364006
shuttleset_21_scene_0034 pair 71 [4, 12] combined 1792 players 0 retained 0 seconds 0.012477267067879438
shuttleset_21_scene_0034 pair 72 [4, 13] combined 1540 players 216 retained 108 seconds 0.0319007420912385
shuttleset_21_scene_0034 pair 105 [7, 0] combined 26624 players 254 retained 101 seconds 0.12105127889662981
shuttleset_21_scene_0034 pair 108 [7, 3] combined 4300 players 144 retained 72 seconds 0.033470270689576864
shuttleset_21_scene_0034 pair 112 [7, 8] combined 0 players 0 retained 0 seconds 0.006175127346068621
shuttleset_21_scene_0034 pair 127 [8, 7] combined 108 players 0 retained 0 seconds 0.005194461904466152
shuttleset_21_scene_0034 pair 133 [8, 14] combined 0 players 0 retained 0 seconds 0.0031237807124853134
shuttleset_21_scene_0034 pair 135 [9, 0] combined 0 players 0 retained 0 seconds 0.05380937270820141
shuttleset_21_scene_0034 pair 138 [9, 3] combined 0 players 0 retained 0 seconds 0.004728608299046755
shuttleset_21_scene_0034 pair 139 [9, 4] combined 0 players 0 retained 0 seconds 0.005502515006810427
shuttleset_21_scene_0034 pair 150 [10, 0] combined 1024 players 0 retained 0 seconds 0.055157740134745836
shuttleset_21_scene_0034 pair 153 [10, 3] combined 208 players 0 retained 0 seconds 0.005601412151008844
shuttleset_21_scene_0034 pair 154 [10, 4] combined 296 players 0 retained 0 seconds 0.006772960070520639
shuttleset_21_scene_0034 pair 169 [11, 4] combined 0 players 0 retained 0 seconds 0.005378043279051781
shuttleset_21_scene_0034 pair 180 [12, 0] combined 4096 players 0 retained 0 seconds 0.06151482602581382
shuttleset_21_scene_0034 pair 184 [12, 4] combined 640 players 0 retained 0 seconds 0.00955246202647686
shuttleset_21_scene_0034 pair 195 [13, 0] combined 4096 players 1774 retained 256 seconds 0.12965644802898169
shuttleset_21_scene_0034 pair 198 [13, 3] combined 384 players 160 retained 80 seconds 0.026029851753264666
shuttleset_21_scene_0034 pair 199 [13, 4] combined 928 players 446 retained 223 seconds 0.044663647189736366
shuttleset_21_scene_0034 pair 210 [14, 0] combined 0 players 0 retained 0 seconds 0.056013068184256554
shuttleset_21_scene_0034 pair 213 [14, 3] combined 0 players 0 retained 0 seconds 0.005071169696748257
shuttleset_21_scene_0034 pair 218 [14, 8] combined 0 players 0 retained 0 seconds 0.003154347650706768
[shuttleset_21_scene_0034] line-template: preparing rectangles
[shuttleset_21_scene_0034] measuring 701 parents (G0=256, G1=256, line_template=256; conflicting geometry groups=0)
[shuttleset_21_scene_0034] parents 250/701
[shuttleset_21_scene_0034] parents 500/701
[shuttleset_21_scene_0034] refitting 701 parents
[shuttleset_21_scene_0034] refits 250/701; valid children=250
[shuttleset_21_scene_0034] refits 500/701; valid children=497
{"view_id": "shuttleset_21_scene_0034", "chosen_key": "G0:1:60967/child", "no_court_reason": null, "all_checks_equal": null, "error": null}
shuttleset_21_scene_0044 pair 0 [0, 1] combined 262144 players 0 retained 0 seconds 0.6931428052484989
shuttleset_21_scene_0044 pair 1 [0, 2] combined 262144 players 100150 retained 256 seconds 2.981918714940548
shuttleset_21_scene_0044 pair 3 [0, 4] combined 58368 players 0 retained 0 seconds 0.3259045979939401
shuttleset_21_scene_0044 pair 4 [0, 5] combined 53248 players 0 retained 0 seconds 0.30910668801516294
shuttleset_21_scene_0044 pair 5 [0, 6] combined 163840 players 0 retained 0 seconds 0.46708276588469744
shuttleset_21_scene_0044 pair 10 [0, 11] combined 262144 players 2348 retained 256 seconds 0.8513076789677143
shuttleset_21_scene_0044 pair 11 [0, 12] combined 143360 players 0 retained 0 seconds 0.46541943307965994
shuttleset_21_scene_0044 pair 12 [0, 13] combined 48128 players 46 retained 23 seconds 0.3316069282591343
shuttleset_21_scene_0044 pair 14 [0, 15] combined 109568 players 404 retained 202 seconds 0.4674205561168492
shuttleset_21_scene_0044 pair 15 [1, 0] combined 262144 players 0 retained 0 seconds 0.7068115710280836
shuttleset_21_scene_0044 pair 17 [1, 3] combined 262144 players 0 retained 0 seconds 0.5236909543164074
shuttleset_21_scene_0044 pair 30 [2, 0] combined 262144 players 110642 retained 256 seconds 3.1910077398642898
shuttleset_21_scene_0044 pair 32 [2, 3] combined 262144 players 105384 retained 256 seconds 2.979045629967004
shuttleset_21_scene_0044 pair 46 [3, 1] combined 262144 players 0 retained 0 seconds 0.5141960796900094
shuttleset_21_scene_0044 pair 47 [3, 2] combined 262144 players 93914 retained 256 seconds 2.7901693237945437
shuttleset_21_scene_0044 pair 49 [3, 5] combined 55296 players 0 retained 0 seconds 0.1398320267908275
shuttleset_21_scene_0044 pair 50 [3, 6] combined 140288 players 0 retained 0 seconds 0.26518233492970467
shuttleset_21_scene_0044 pair 53 [3, 9] combined 23552 players 0 retained 0 seconds 0.07613399112597108
shuttleset_21_scene_0044 pair 54 [3, 10] combined 262144 players 34 retained 17 seconds 0.5003613331355155
shuttleset_21_scene_0044 pair 55 [3, 11] combined 257024 players 11786 retained 256 seconds 0.763030868023634
shuttleset_21_scene_0044 pair 57 [3, 13] combined 52224 players 3466 retained 256 seconds 0.2305849432013929
shuttleset_21_scene_0044 pair 59 [3, 15] combined 146432 players 6204 retained 256 seconds 0.48923896392807364
shuttleset_21_scene_0044 pair 60 [4, 0] combined 67584 players 0 retained 0 seconds 0.2848785291425884
shuttleset_21_scene_0044 pair 69 [4, 10] combined 76800 players 0 retained 0 seconds 0.15167149668559432
shuttleset_21_scene_0044 pair 75 [5, 0] combined 52224 players 0 retained 0 seconds 0.25229318998754025
shuttleset_21_scene_0044 pair 78 [5, 3] combined 51200 players 0 retained 0 seconds 0.11961566004902124
shuttleset_21_scene_0044 pair 90 [6, 0] combined 87040 players 0 retained 0 seconds 0.3178099193610251
shuttleset_21_scene_0044 pair 93 [6, 3] combined 102400 players 0 retained 0 seconds 0.20211103977635503
shuttleset_21_scene_0044 pair 129 [8, 10] combined 160768 players 0 retained 0 seconds 0.28804185800254345
shuttleset_21_scene_0044 pair 130 [8, 11] combined 170372 players 42 retained 21 seconds 0.3063626638613641
shuttleset_21_scene_0044 pair 138 [9, 3] combined 3072 players 0 retained 0 seconds 0.03391898702830076
shuttleset_21_scene_0044 pair 153 [10, 3] combined 262144 players 0 retained 0 seconds 0.49184148106724024
shuttleset_21_scene_0044 pair 154 [10, 4] combined 46080 players 0 retained 0 seconds 0.10935222590342164
shuttleset_21_scene_0044 pair 158 [10, 8] combined 212992 players 0 retained 0 seconds 0.3735045101493597
shuttleset_21_scene_0044 pair 161 [10, 12] combined 131072 players 0 retained 0 seconds 0.26277707796543837
shuttleset_21_scene_0044 pair 163 [10, 14] combined 17408 players 0 retained 0 seconds 0.0539979450404644
shuttleset_21_scene_0044 pair 165 [11, 0] combined 185344 players 4078 retained 256 seconds 0.6091666729189456
shuttleset_21_scene_0044 pair 168 [11, 3] combined 262144 players 2626 retained 256 seconds 0.5818958664312959
shuttleset_21_scene_0044 pair 173 [11, 8] combined 153608 players 74 retained 41 seconds 0.35149481100961566
shuttleset_21_scene_0044 pair 180 [12, 0] combined 173056 players 0 retained 0 seconds 0.4460974130779505
shuttleset_21_scene_0044 pair 190 [12, 10] combined 185344 players 0 retained 0 seconds 0.33628307841718197
shuttleset_21_scene_0044 pair 195 [13, 0] combined 11264 players 490 retained 245 seconds 0.22652006475254893
shuttleset_21_scene_0044 pair 198 [13, 3] combined 4096 players 154 retained 75 seconds 0.055203940719366074
shuttleset_21_scene_0044 pair 220 [14, 10] combined 3072 players 0 retained 0 seconds 0.025330939330160618
shuttleset_21_scene_0044 pair 225 [15, 0] combined 61440 players 998 retained 256 seconds 0.286763409152627
shuttleset_21_scene_0044 pair 228 [15, 3] combined 121856 players 916 retained 256 seconds 0.28475704696029425
shuttleset_21_scene_0044 pair 0 [0, 1] combined 43008 players 0 retained 0 seconds 0.16350021213293076
shuttleset_21_scene_0044 pair 1 [0, 2] combined 131072 players 52604 retained 256 seconds 1.6158305727876723
shuttleset_21_scene_0044 pair 3 [0, 4] combined 2048 players 0 retained 0 seconds 0.0979663198813796
shuttleset_21_scene_0044 pair 4 [0, 5] combined 0 players 0 retained 0 seconds 0.09174475679174066
shuttleset_21_scene_0044 pair 5 [0, 6] combined 1024 players 0 retained 0 seconds 0.08446570998057723
shuttleset_21_scene_0044 pair 10 [0, 11] combined 3072 players 0 retained 0 seconds 0.08530678786337376
shuttleset_21_scene_0044 pair 11 [0, 12] combined 6144 players 0 retained 0 seconds 0.1038265461102128
shuttleset_21_scene_0044 pair 12 [0, 13] combined 13312 players 12 retained 6 seconds 0.1264110249467194
shuttleset_21_scene_0044 pair 14 [0, 15] combined 8192 players 0 retained 0 seconds 0.09876904124394059
shuttleset_21_scene_0044 pair 15 [1, 0] combined 46080 players 0 retained 0 seconds 0.14347544685006142
shuttleset_21_scene_0044 pair 17 [1, 3] combined 17848 players 0 retained 0 seconds 0.0459594763815403
shuttleset_21_scene_0044 pair 30 [2, 0] combined 190464 players 78370 retained 256 seconds 2.249537296127528
shuttleset_21_scene_0044 pair 32 [2, 3] combined 69920 players 29532 retained 256 seconds 0.8296990101225674
shuttleset_21_scene_0044 pair 46 [3, 1] combined 23760 players 0 retained 0 seconds 0.06026195781305432
shuttleset_21_scene_0044 pair 47 [3, 2] combined 62496 players 22170 retained 256 seconds 0.6289702476933599
shuttleset_21_scene_0044 pair 49 [3, 5] combined 0 players 0 retained 0 seconds 0.017181316390633583
shuttleset_21_scene_0044 pair 50 [3, 6] combined 616 players 0 retained 0 seconds 0.015124220866709948
shuttleset_21_scene_0044 pair 53 [3, 9] combined 0 players 0 retained 0 seconds 0.01443926291540265
shuttleset_21_scene_0044 pair 54 [3, 10] combined 65772 players 0 retained 0 seconds 0.127853250131011
shuttleset_21_scene_0044 pair 55 [3, 11] combined 1904 players 50 retained 25 seconds 0.031575823202729225
shuttleset_21_scene_0044 pair 57 [3, 13] combined 4012 players 52 retained 26 seconds 0.03389799175783992
shuttleset_21_scene_0044 pair 59 [3, 15] combined 0 players 0 retained 0 seconds 0.01485170004889369
shuttleset_21_scene_0044 pair 60 [4, 0] combined 0 players 0 retained 0 seconds 0.058691127225756645
shuttleset_21_scene_0044 pair 69 [4, 10] combined 0 players 0 retained 0 seconds 0.008328198920935392
shuttleset_21_scene_0044 pair 75 [5, 0] combined 0 players 0 retained 0 seconds 0.05776956491172314
shuttleset_21_scene_0044 pair 78 [5, 3] combined 0 players 0 retained 0 seconds 0.009181335102766752
shuttleset_21_scene_0044 pair 90 [6, 0] combined 1024 players 0 retained 0 seconds 0.06134891277179122
shuttleset_21_scene_0044 pair 93 [6, 3] combined 0 players 0 retained 0 seconds 0.009597612079232931
shuttleset_21_scene_0044 pair 129 [8, 10] combined 2660 players 0 retained 0 seconds 0.013609937857836485
shuttleset_21_scene_0044 pair 130 [8, 11] combined 0 players 0 retained 0 seconds 0.0030997241847217083
shuttleset_21_scene_0044 pair 138 [9, 3] combined 0 players 0 retained 0 seconds 0.009057498071342707
shuttleset_21_scene_0044 pair 153 [10, 3] combined 32568 players 0 retained 0 seconds 0.07010636199265718
shuttleset_21_scene_0044 pair 154 [10, 4] combined 0 players 0 retained 0 seconds 0.01192488707602024
shuttleset_21_scene_0044 pair 158 [10, 8] combined 7980 players 0 retained 0 seconds 0.025816746056079865
shuttleset_21_scene_0044 pair 161 [10, 12] combined 2220 players 0 retained 0 seconds 0.01697631599381566
shuttleset_21_scene_0044 pair 163 [10, 14] combined 8296 players 0 retained 0 seconds 0.026111773680895567
shuttleset_21_scene_0044 pair 165 [11, 0] combined 0 players 0 retained 0 seconds 0.061210962012410164
shuttleset_21_scene_0044 pair 168 [11, 3] combined 808 players 0 retained 0 seconds 0.011480129789561033
shuttleset_21_scene_0044 pair 173 [11, 8] combined 0 players 0 retained 0 seconds 0.0030249501578509808
shuttleset_21_scene_0044 pair 180 [12, 0] combined 7168 players 0 retained 0 seconds 0.1549087786115706
shuttleset_21_scene_0044 pair 190 [12, 10] combined 2352 players 0 retained 0 seconds 0.0146212512627244
shuttleset_21_scene_0044 pair 195 [13, 0] combined 5120 players 152 retained 75 seconds 0.08947110502049327
shuttleset_21_scene_0044 pair 198 [13, 3] combined 940 players 0 retained 0 seconds 0.015010362956672907
shuttleset_21_scene_0044 pair 220 [14, 10] combined 1824 players 0 retained 0 seconds 0.012952493969351053
shuttleset_21_scene_0044 pair 225 [15, 0] combined 2048 players 0 retained 0 seconds 0.06110210297629237
shuttleset_21_scene_0044 pair 228 [15, 3] combined 0 players 0 retained 0 seconds 0.009775228798389435
[shuttleset_21_scene_0044] line-template: preparing rectangles
[shuttleset_21_scene_0044] measuring 768 parents (G0=256, G1=256, line_template=256; conflicting geometry groups=0)
[shuttleset_21_scene_0044] parents 250/768
[shuttleset_21_scene_0044] parents 500/768
[shuttleset_21_scene_0044] parents 750/768
[shuttleset_21_scene_0044] refitting 768 parents
[shuttleset_21_scene_0044] refits 250/768; valid children=246
[shuttleset_21_scene_0044] refits 500/768; valid children=494
[shuttleset_21_scene_0044] refits 750/768; valid children=738
{"view_id": "shuttleset_21_scene_0044", "chosen_key": "G0:1:2039/child", "no_court_reason": null, "all_checks_equal": null, "error": null}
sset_21_gloiZ_gTJaE_frame_00100347 pair 1 [0, 2] combined 143360 players 0 retained 0 seconds 0.34950922103598714
sset_21_gloiZ_gTJaE_frame_00100347 pair 20 [1, 6] combined 4096 players 0 retained 0 seconds 0.01706578629091382
sset_21_gloiZ_gTJaE_frame_00100347 pair 21 [1, 7] combined 0 players 0 retained 0 seconds 0.006463504862040281
sset_21_gloiZ_gTJaE_frame_00100347 pair 25 [1, 11] combined 0 players 0 retained 0 seconds 0.00963620189577341
sset_21_gloiZ_gTJaE_frame_00100347 pair 26 [1, 12] combined 992 players 0 retained 0 seconds 0.009359551128000021
sset_21_gloiZ_gTJaE_frame_00100347 pair 27 [1, 13] combined 1008 players 14 retained 7 seconds 0.02024546032771468
sset_21_gloiZ_gTJaE_frame_00100347 pair 30 [2, 0] combined 27648 players 0 retained 0 seconds 0.15536711970344186
sset_21_gloiZ_gTJaE_frame_00100347 pair 32 [2, 3] combined 25600 players 0 retained 0 seconds 0.07910207519307733
sset_21_gloiZ_gTJaE_frame_00100347 pair 34 [2, 5] combined 9200 players 0 retained 0 seconds 0.04189639911055565
sset_21_gloiZ_gTJaE_frame_00100347 pair 35 [2, 6] combined 8192 players 0 retained 0 seconds 0.027957454323768616
sset_21_gloiZ_gTJaE_frame_00100347 pair 36 [2, 7] combined 0 players 0 retained 0 seconds 0.008260248228907585
sset_21_gloiZ_gTJaE_frame_00100347 pair 40 [2, 11] combined 0 players 0 retained 0 seconds 0.012259220238775015
sset_21_gloiZ_gTJaE_frame_00100347 pair 41 [2, 12] combined 160 players 0 retained 0 seconds 0.009396614041179419
sset_21_gloiZ_gTJaE_frame_00100347 pair 42 [2, 13] combined 792 players 26 retained 14 seconds 0.021957610733807087
sset_21_gloiZ_gTJaE_frame_00100347 pair 47 [3, 2] combined 147456 players 0 retained 0 seconds 0.26279406901448965
sset_21_gloiZ_gTJaE_frame_00100347 pair 65 [4, 6] combined 0 players 0 retained 0 seconds 0.01147002587094903
sset_21_gloiZ_gTJaE_frame_00100347 pair 66 [4, 7] combined 72912 players 0 retained 0 seconds 0.1250955518335104
sset_21_gloiZ_gTJaE_frame_00100347 pair 70 [4, 11] combined 0 players 0 retained 0 seconds 0.011111416853964329
sset_21_gloiZ_gTJaE_frame_00100347 pair 71 [4, 12] combined 156 players 0 retained 0 seconds 0.010290970094501972
sset_21_gloiZ_gTJaE_frame_00100347 pair 72 [4, 13] combined 312 players 0 retained 0 seconds 0.008175758644938469
sset_21_gloiZ_gTJaE_frame_00100347 pair 77 [5, 2] combined 102672 players 0 retained 0 seconds 0.19015966495499015
sset_21_gloiZ_gTJaE_frame_00100347 pair 91 [6, 1] combined 35672 players 0 retained 0 seconds 0.06531196925789118
sset_21_gloiZ_gTJaE_frame_00100347 pair 92 [6, 2] combined 68608 players 6 retained 3 seconds 0.1280475310049951
sset_21_gloiZ_gTJaE_frame_00100347 pair 94 [6, 4] combined 0 players 0 retained 0 seconds 0.009261421393603086
sset_21_gloiZ_gTJaE_frame_00100347 pair 97 [6, 8] combined 0 players 0 retained 0 seconds 0.004887477029114962
sset_21_gloiZ_gTJaE_frame_00100347 pair 98 [6, 9] combined 0 players 0 retained 0 seconds 0.004048168193548918
sset_21_gloiZ_gTJaE_frame_00100347 pair 99 [6, 10] combined 29008 players 0 retained 0 seconds 0.05141050601378083
sset_21_gloiZ_gTJaE_frame_00100347 pair 103 [6, 14] combined 0 players 0 retained 0 seconds 0.007474019192159176
sset_21_gloiZ_gTJaE_frame_00100347 pair 106 [7, 1] combined 0 players 0 retained 0 seconds 0.0065060327760875225
sset_21_gloiZ_gTJaE_frame_00100347 pair 107 [7, 2] combined 0 players 0 retained 0 seconds 0.005214325152337551
sset_21_gloiZ_gTJaE_frame_00100347 pair 109 [7, 4] combined 12288 players 0 retained 0 seconds 0.03522238228470087
sset_21_gloiZ_gTJaE_frame_00100347 pair 112 [7, 8] combined 0 players 0 retained 0 seconds 0.004657308105379343
sset_21_gloiZ_gTJaE_frame_00100347 pair 113 [7, 9] combined 0 players 0 retained 0 seconds 0.0035935440100729465
sset_21_gloiZ_gTJaE_frame_00100347 pair 114 [7, 10] combined 4324 players 0 retained 0 seconds 0.013486575800925493
sset_21_gloiZ_gTJaE_frame_00100347 pair 118 [7, 14] combined 0 players 0 retained 0 seconds 0.005327894352376461
sset_21_gloiZ_gTJaE_frame_00100347 pair 126 [8, 6] combined 0 players 0 retained 0 seconds 0.003256118856370449
sset_21_gloiZ_gTJaE_frame_00100347 pair 127 [8, 7] combined 0 players 0 retained 0 seconds 0.0027486253529787064
sset_21_gloiZ_gTJaE_frame_00100347 pair 130 [8, 11] combined 0 players 0 retained 0 seconds 0.0024125310592353344
sset_21_gloiZ_gTJaE_frame_00100347 pair 132 [8, 13] combined 0 players 0 retained 0 seconds 0.0023333868011832237
sset_21_gloiZ_gTJaE_frame_00100347 pair 141 [9, 6] combined 0 players 0 retained 0 seconds 0.006572962738573551
sset_21_gloiZ_gTJaE_frame_00100347 pair 142 [9, 7] combined 0 players 0 retained 0 seconds 0.0030960626900196075
sset_21_gloiZ_gTJaE_frame_00100347 pair 145 [9, 11] combined 0 players 0 retained 0 seconds 0.0035090171732008457
sset_21_gloiZ_gTJaE_frame_00100347 pair 146 [9, 12] combined 0 players 0 retained 0 seconds 0.002719396259635687
sset_21_gloiZ_gTJaE_frame_00100347 pair 147 [9, 13] combined 0 players 0 retained 0 seconds 0.002477773930877447
sset_21_gloiZ_gTJaE_frame_00100347 pair 156 [10, 6] combined 0 players 0 retained 0 seconds 0.009887771680951118
sset_21_gloiZ_gTJaE_frame_00100347 pair 157 [10, 7] combined 1976 players 0 retained 0 seconds 0.009078503586351871
sset_21_gloiZ_gTJaE_frame_00100347 pair 160 [10, 11] combined 0 players 0 retained 0 seconds 0.006951425690203905
sset_21_gloiZ_gTJaE_frame_00100347 pair 161 [10, 12] combined 12 players 0 retained 0 seconds 0.004289114847779274
sset_21_gloiZ_gTJaE_frame_00100347 pair 162 [10, 13] combined 56 players 0 retained 0 seconds 0.0045263497158885
sset_21_gloiZ_gTJaE_frame_00100347 pair 166 [11, 1] combined 22528 players 32 retained 16 seconds 0.06020529009401798
sset_21_gloiZ_gTJaE_frame_00100347 pair 167 [11, 2] combined 14336 players 28 retained 14 seconds 0.04831446800380945
sset_21_gloiZ_gTJaE_frame_00100347 pair 169 [11, 4] combined 3072 players 0 retained 0 seconds 0.01692698011174798
sset_21_gloiZ_gTJaE_frame_00100347 pair 173 [11, 8] combined 0 players 0 retained 0 seconds 0.0036203539930284023
sset_21_gloiZ_gTJaE_frame_00100347 pair 174 [11, 9] combined 0 players 0 retained 0 seconds 0.0033126049675047398
sset_21_gloiZ_gTJaE_frame_00100347 pair 175 [11, 10] combined 8284 players 134 retained 67 seconds 0.07400241307914257
sset_21_gloiZ_gTJaE_frame_00100347 pair 178 [11, 14] combined 736 players 0 retained 0 seconds 0.007051680702716112
sset_21_gloiZ_gTJaE_frame_00100347 pair 179 [11, 15] combined 0 players 0 retained 0 seconds 0.0031944578513503075
sset_21_gloiZ_gTJaE_frame_00100347 pair 181 [12, 1] combined 2160 players 0 retained 0 seconds 0.011692652013152838
sset_21_gloiZ_gTJaE_frame_00100347 pair 182 [12, 2] combined 1020 players 0 retained 0 seconds 0.011822379659861326
sset_21_gloiZ_gTJaE_frame_00100347 pair 184 [12, 4] combined 232 players 0 retained 0 seconds 0.009242776315659285
sset_21_gloiZ_gTJaE_frame_00100347 pair 189 [12, 9] combined 0 players 0 retained 0 seconds 0.0029433127492666245
sset_21_gloiZ_gTJaE_frame_00100347 pair 190 [12, 10] combined 372 players 0 retained 0 seconds 0.005246162414550781
sset_21_gloiZ_gTJaE_frame_00100347 pair 193 [12, 14] combined 160 players 0 retained 0 seconds 0.004776922054588795
sset_21_gloiZ_gTJaE_frame_00100347 pair 196 [13, 1] combined 2048 players 244 retained 118 seconds 0.03790800366550684
sset_21_gloiZ_gTJaE_frame_00100347 pair 197 [13, 2] combined 3072 players 426 retained 208 seconds 0.05566084710881114
sset_21_gloiZ_gTJaE_frame_00100347 pair 199 [13, 4] combined 3072 players 120 retained 59 seconds 0.037214240059256554
sset_21_gloiZ_gTJaE_frame_00100347 pair 203 [13, 8] combined 0 players 0 retained 0 seconds 0.0033854832872748375
sset_21_gloiZ_gTJaE_frame_00100347 pair 204 [13, 9] combined 16 players 0 retained 0 seconds 0.0027506197802722454
sset_21_gloiZ_gTJaE_frame_00100347 pair 205 [13, 10] combined 3168 players 0 retained 0 seconds 0.010917002335190773
sset_21_gloiZ_gTJaE_frame_00100347 pair 216 [14, 6] combined 0 players 0 retained 0 seconds 0.00861289817839861
sset_21_gloiZ_gTJaE_frame_00100347 pair 217 [14, 7] combined 0 players 0 retained 0 seconds 0.004690509755164385
sset_21_gloiZ_gTJaE_frame_00100347 pair 221 [14, 11] combined 0 players 0 retained 0 seconds 0.0061005703173577785
sset_21_gloiZ_gTJaE_frame_00100347 pair 222 [14, 12] combined 480 players 0 retained 0 seconds 0.006059276405721903
sset_21_gloiZ_gTJaE_frame_00100347 pair 236 [15, 11] combined 0 players 0 retained 0 seconds 0.0031288661994040012
sset_21_gloiZ_gTJaE_frame_00100347 pair 1 [0, 2] combined 0 players 0 retained 0 seconds 0.012592535000294447
sset_21_gloiZ_gTJaE_frame_00100347 pair 20 [1, 6] combined 0 players 0 retained 0 seconds 0.0022975518368184566
sset_21_gloiZ_gTJaE_frame_00100347 pair 21 [1, 7] combined 0 players 0 retained 0 seconds 0.0022082841023802757
sset_21_gloiZ_gTJaE_frame_00100347 pair 25 [1, 11] combined 0 players 0 retained 0 seconds 0.002577020786702633
sset_21_gloiZ_gTJaE_frame_00100347 pair 26 [1, 12] combined 0 players 0 retained 0 seconds 0.0018071932718157768
sset_21_gloiZ_gTJaE_frame_00100347 pair 27 [1, 13] combined 0 players 0 retained 0 seconds 0.001598929986357689
sset_21_gloiZ_gTJaE_frame_00100347 pair 30 [2, 0] combined 0 players 0 retained 0 seconds 0.009087115991860628
sset_21_gloiZ_gTJaE_frame_00100347 pair 32 [2, 3] combined 0 players 0 retained 0 seconds 0.0040021478198468685
sset_21_gloiZ_gTJaE_frame_00100347 pair 34 [2, 5] combined 0 players 0 retained 0 seconds 0.003970867022871971
sset_21_gloiZ_gTJaE_frame_00100347 pair 35 [2, 6] combined 0 players 0 retained 0 seconds 0.0023108357563614845
sset_21_gloiZ_gTJaE_frame_00100347 pair 36 [2, 7] combined 0 players 0 retained 0 seconds 0.002041173167526722
sset_21_gloiZ_gTJaE_frame_00100347 pair 40 [2, 11] combined 0 players 0 retained 0 seconds 0.0034131179563701153
sset_21_gloiZ_gTJaE_frame_00100347 pair 41 [2, 12] combined 0 players 0 retained 0 seconds 0.0019259089604020119
sset_21_gloiZ_gTJaE_frame_00100347 pair 42 [2, 13] combined 0 players 0 retained 0 seconds 0.001667211763560772
sset_21_gloiZ_gTJaE_frame_00100347 pair 47 [3, 2] combined 0 players 0 retained 0 seconds 0.005883399397134781
sset_21_gloiZ_gTJaE_frame_00100347 pair 65 [4, 6] combined 0 players 0 retained 0 seconds 0.002711336128413677
sset_21_gloiZ_gTJaE_frame_00100347 pair 66 [4, 7] combined 656 players 0 retained 0 seconds 0.004870097152888775
sset_21_gloiZ_gTJaE_frame_00100347 pair 70 [4, 11] combined 0 players 0 retained 0 seconds 0.003373214974999428
sset_21_gloiZ_gTJaE_frame_00100347 pair 71 [4, 12] combined 0 players 0 retained 0 seconds 0.002153032924979925
sset_21_gloiZ_gTJaE_frame_00100347 pair 72 [4, 13] combined 0 players 0 retained 0 seconds 0.0017855330370366573
sset_21_gloiZ_gTJaE_frame_00100347 pair 77 [5, 2] combined 0 players 0 retained 0 seconds 0.005169547162950039
sset_21_gloiZ_gTJaE_frame_00100347 pair 91 [6, 1] combined 0 players 0 retained 0 seconds 0.002265235874801874
sset_21_gloiZ_gTJaE_frame_00100347 pair 92 [6, 2] combined 128 players 0 retained 0 seconds 0.002952303271740675
sset_21_gloiZ_gTJaE_frame_00100347 pair 94 [6, 4] combined 0 players 0 retained 0 seconds 0.002458470407873392
sset_21_gloiZ_gTJaE_frame_00100347 pair 97 [6, 8] combined 0 players 0 retained 0 seconds 0.0017067878507077694
sset_21_gloiZ_gTJaE_frame_00100347 pair 98 [6, 9] combined 0 players 0 retained 0 seconds 0.0019879420287907124
sset_21_gloiZ_gTJaE_frame_00100347 pair 99 [6, 10] combined 0 players 0 retained 0 seconds 0.001891530118882656
sset_21_gloiZ_gTJaE_frame_00100347 pair 103 [6, 14] combined 0 players 0 retained 0 seconds 0.002045080065727234
sset_21_gloiZ_gTJaE_frame_00100347 pair 106 [7, 1] combined 0 players 0 retained 0 seconds 0.0024253246374428272
sset_21_gloiZ_gTJaE_frame_00100347 pair 107 [7, 2] combined 0 players 0 retained 0 seconds 0.0022553643211722374
sset_21_gloiZ_gTJaE_frame_00100347 pair 109 [7, 4] combined 432 players 0 retained 0 seconds 0.004021954722702503
sset_21_gloiZ_gTJaE_frame_00100347 pair 112 [7, 8] combined 0 players 0 retained 0 seconds 0.0021357829682528973
sset_21_gloiZ_gTJaE_frame_00100347 pair 113 [7, 9] combined 0 players 0 retained 0 seconds 0.002284602727741003
sset_21_gloiZ_gTJaE_frame_00100347 pair 114 [7, 10] combined 0 players 0 retained 0 seconds 0.0024114493280649185
sset_21_gloiZ_gTJaE_frame_00100347 pair 118 [7, 14] combined 0 players 0 retained 0 seconds 0.002330714836716652
sset_21_gloiZ_gTJaE_frame_00100347 pair 126 [8, 6] combined 0 players 0 retained 0 seconds 0.0015496741980314255
sset_21_gloiZ_gTJaE_frame_00100347 pair 127 [8, 7] combined 0 players 0 retained 0 seconds 0.0016013463027775288
sset_21_gloiZ_gTJaE_frame_00100347 pair 130 [8, 11] combined 0 players 0 retained 0 seconds 0.0015707770362496376
sset_21_gloiZ_gTJaE_frame_00100347 pair 132 [8, 13] combined 0 players 0 retained 0 seconds 0.001325524877756834
sset_21_gloiZ_gTJaE_frame_00100347 pair 141 [9, 6] combined 0 players 0 retained 0 seconds 0.0023282389156520367
sset_21_gloiZ_gTJaE_frame_00100347 pair 142 [9, 7] combined 0 players 0 retained 0 seconds 0.0021174070425331593
sset_21_gloiZ_gTJaE_frame_00100347 pair 145 [9, 11] combined 0 players 0 retained 0 seconds 0.0019879718311131
sset_21_gloiZ_gTJaE_frame_00100347 pair 146 [9, 12] combined 0 players 0 retained 0 seconds 0.0015933108516037464
sset_21_gloiZ_gTJaE_frame_00100347 pair 147 [9, 13] combined 0 players 0 retained 0 seconds 0.0015142797492444515
sset_21_gloiZ_gTJaE_frame_00100347 pair 156 [10, 6] combined 0 players 0 retained 0 seconds 0.0017188480123877525
sset_21_gloiZ_gTJaE_frame_00100347 pair 157 [10, 7] combined 0 players 0 retained 0 seconds 0.001972813159227371
sset_21_gloiZ_gTJaE_frame_00100347 pair 160 [10, 11] combined 0 players 0 retained 0 seconds 0.0019321022555232048
sset_21_gloiZ_gTJaE_frame_00100347 pair 161 [10, 12] combined 0 players 0 retained 0 seconds 0.0013125929981470108
sset_21_gloiZ_gTJaE_frame_00100347 pair 162 [10, 13] combined 0 players 0 retained 0 seconds 0.001341233029961586
sset_21_gloiZ_gTJaE_frame_00100347 pair 166 [11, 1] combined 12 players 0 retained 0 seconds 0.0026295441202819347
sset_21_gloiZ_gTJaE_frame_00100347 pair 167 [11, 2] combined 120 players 0 retained 0 seconds 0.0030501699075102806
sset_21_gloiZ_gTJaE_frame_00100347 pair 169 [11, 4] combined 0 players 0 retained 0 seconds 0.002682043705135584
sset_21_gloiZ_gTJaE_frame_00100347 pair 173 [11, 8] combined 0 players 0 retained 0 seconds 0.001929206307977438
sset_21_gloiZ_gTJaE_frame_00100347 pair 174 [11, 9] combined 4 players 0 retained 0 seconds 0.002120818942785263
sset_21_gloiZ_gTJaE_frame_00100347 pair 175 [11, 10] combined 0 players 0 retained 0 seconds 0.0020723147317767143
sset_21_gloiZ_gTJaE_frame_00100347 pair 178 [11, 14] combined 4 players 0 retained 0 seconds 0.0021742009557783604
sset_21_gloiZ_gTJaE_frame_00100347 pair 179 [11, 15] combined 0 players 0 retained 0 seconds 0.001921775285154581
sset_21_gloiZ_gTJaE_frame_00100347 pair 181 [12, 1] combined 0 players 0 retained 0 seconds 0.0017275749705731869
sset_21_gloiZ_gTJaE_frame_00100347 pair 182 [12, 2] combined 0 players 0 retained 0 seconds 0.0018271608278155327
sset_21_gloiZ_gTJaE_frame_00100347 pair 184 [12, 4] combined 0 players 0 retained 0 seconds 0.0018027517944574356
sset_21_gloiZ_gTJaE_frame_00100347 pair 189 [12, 9] combined 0 players 0 retained 0 seconds 0.0015199482440948486
sset_21_gloiZ_gTJaE_frame_00100347 pair 190 [12, 10] combined 0 players 0 retained 0 seconds 0.001295735128223896
sset_21_gloiZ_gTJaE_frame_00100347 pair 193 [12, 14] combined 0 players 0 retained 0 seconds 0.0014816620387136936
sset_21_gloiZ_gTJaE_frame_00100347 pair 196 [13, 1] combined 0 players 0 retained 0 seconds 0.001872371882200241
sset_21_gloiZ_gTJaE_frame_00100347 pair 197 [13, 2] combined 0 players 0 retained 0 seconds 0.001995260827243328
sset_21_gloiZ_gTJaE_frame_00100347 pair 199 [13, 4] combined 0 players 0 retained 0 seconds 0.0021805320866405964
sset_21_gloiZ_gTJaE_frame_00100347 pair 203 [13, 8] combined 0 players 0 retained 0 seconds 0.001283789984881878
sset_21_gloiZ_gTJaE_frame_00100347 pair 204 [13, 9] combined 0 players 0 retained 0 seconds 0.0014989650808274746
sset_21_gloiZ_gTJaE_frame_00100347 pair 205 [13, 10] combined 0 players 0 retained 0 seconds 0.0012370022013783455
sset_21_gloiZ_gTJaE_frame_00100347 pair 216 [14, 6] combined 0 players 0 retained 0 seconds 0.0022866781800985336
sset_21_gloiZ_gTJaE_frame_00100347 pair 217 [14, 7] combined 0 players 0 retained 0 seconds 0.001990274991840124
sset_21_gloiZ_gTJaE_frame_00100347 pair 221 [14, 11] combined 0 players 0 retained 0 seconds 0.0020431377924978733
sset_21_gloiZ_gTJaE_frame_00100347 pair 222 [14, 12] combined 0 players 0 retained 0 seconds 0.0015962598845362663
sset_21_gloiZ_gTJaE_frame_00100347 pair 236 [15, 11] combined 0 players 0 retained 0 seconds 0.001974196173250675
[sset_21_gloiZ_gTJaE_frame_00100347] line-template: preparing rectangles
[sset_21_gloiZ_gTJaE_frame_00100347] measuring 512 parents (G0=256, G1=0, line_template=256; conflicting geometry groups=0)
[sset_21_gloiZ_gTJaE_frame_00100347] parents 250/512
[sset_21_gloiZ_gTJaE_frame_00100347] parents 500/512
[sset_21_gloiZ_gTJaE_frame_00100347] refitting 512 parents
[sset_21_gloiZ_gTJaE_frame_00100347] refits 250/512; valid children=190
[sset_21_gloiZ_gTJaE_frame_00100347] refits 500/512; valid children=418
{"view_id": "sset_21_gloiZ_gTJaE_frame_00100347", "chosen_key": "G0:197:409", "no_court_reason": null, "all_checks_equal": null, "error": null}
sset_21_gloiZ_gTJaE_frame_00000300 pair 5 [0, 6] combined 0 players 0 retained 0 seconds 0.10731488885357976
sset_21_gloiZ_gTJaE_frame_00000300 pair 16 [1, 2] combined 0 players 0 retained 0 seconds 0.040352173149585724
sset_21_gloiZ_gTJaE_frame_00000300 pair 18 [1, 4] combined 0 players 0 retained 0 seconds 0.03483813488855958
sset_21_gloiZ_gTJaE_frame_00000300 pair 21 [1, 7] combined 0 players 0 retained 0 seconds 0.03577185096219182
sset_21_gloiZ_gTJaE_frame_00000300 pair 22 [1, 8] combined 0 players 0 retained 0 seconds 0.03516984498128295
sset_21_gloiZ_gTJaE_frame_00000300 pair 24 [1, 10] combined 0 players 0 retained 0 seconds 0.03500238712877035
sset_21_gloiZ_gTJaE_frame_00000300 pair 25 [1, 11] combined 0 players 0 retained 0 seconds 0.03387609962373972
sset_21_gloiZ_gTJaE_frame_00000300 pair 26 [1, 12] combined 0 players 0 retained 0 seconds 0.03946317406371236
sset_21_gloiZ_gTJaE_frame_00000300 pair 28 [1, 14] combined 0 players 0 retained 0 seconds 0.033886431716382504
sset_21_gloiZ_gTJaE_frame_00000300 pair 29 [1, 15] combined 0 players 0 retained 0 seconds 0.03382038837298751
sset_21_gloiZ_gTJaE_frame_00000300 pair 31 [2, 1] combined 0 players 0 retained 0 seconds 0.031192843802273273
sset_21_gloiZ_gTJaE_frame_00000300 pair 34 [2, 5] combined 0 players 0 retained 0 seconds 0.026249106973409653
sset_21_gloiZ_gTJaE_frame_00000300 pair 35 [2, 6] combined 0 players 0 retained 0 seconds 0.02455444587394595
sset_21_gloiZ_gTJaE_frame_00000300 pair 38 [2, 9] combined 0 players 0 retained 0 seconds 0.02355448715388775
sset_21_gloiZ_gTJaE_frame_00000300 pair 41 [2, 12] combined 0 players 0 retained 0 seconds 0.02814719919115305
sset_21_gloiZ_gTJaE_frame_00000300 pair 42 [2, 13] combined 0 players 0 retained 0 seconds 0.02296315087005496
sset_21_gloiZ_gTJaE_frame_00000300 pair 50 [3, 6] combined 0 players 0 retained 0 seconds 0.07253944594413042
sset_21_gloiZ_gTJaE_frame_00000300 pair 61 [4, 1] combined 0 players 0 retained 0 seconds 0.017513080965727568
sset_21_gloiZ_gTJaE_frame_00000300 pair 64 [4, 5] combined 0 players 0 retained 0 seconds 0.012218693271279335
sset_21_gloiZ_gTJaE_frame_00000300 pair 65 [4, 6] combined 0 players 0 retained 0 seconds 0.010407931171357632
sset_21_gloiZ_gTJaE_frame_00000300 pair 68 [4, 9] combined 0 players 0 retained 0 seconds 0.009216400794684887
sset_21_gloiZ_gTJaE_frame_00000300 pair 77 [5, 2] combined 0 players 0 retained 0 seconds 0.02269682800397277
sset_21_gloiZ_gTJaE_frame_00000300 pair 79 [5, 4] combined 0 players 0 retained 0 seconds 0.01809664908796549
sset_21_gloiZ_gTJaE_frame_00000300 pair 81 [5, 7] combined 0 players 0 retained 0 seconds 0.01892717508599162
sset_21_gloiZ_gTJaE_frame_00000300 pair 82 [5, 8] combined 0 players 0 retained 0 seconds 0.018256082199513912
sset_21_gloiZ_gTJaE_frame_00000300 pair 84 [5, 10] combined 0 players 0 retained 0 seconds 0.017865781672298908
sset_21_gloiZ_gTJaE_frame_00000300 pair 85 [5, 11] combined 0 players 0 retained 0 seconds 0.01700541889294982
sset_21_gloiZ_gTJaE_frame_00000300 pair 88 [5, 14] combined 0 players 0 retained 0 seconds 0.01731208199635148
sset_21_gloiZ_gTJaE_frame_00000300 pair 89 [5, 15] combined 0 players 0 retained 0 seconds 0.01733808685094118
sset_21_gloiZ_gTJaE_frame_00000300 pair 90 [6, 0] combined 0 players 0 retained 0 seconds 0.04096416989341378
sset_21_gloiZ_gTJaE_frame_00000300 pair 92 [6, 2] combined 0 players 0 retained 0 seconds 0.01731355581432581
sset_21_gloiZ_gTJaE_frame_00000300 pair 93 [6, 3] combined 0 players 0 retained 0 seconds 0.03152631223201752
sset_21_gloiZ_gTJaE_frame_00000300 pair 94 [6, 4] combined 0 players 0 retained 0 seconds 0.01298813708126545
sset_21_gloiZ_gTJaE_frame_00000300 pair 96 [6, 7] combined 0 players 0 retained 0 seconds 0.013734701089560986
sset_21_gloiZ_gTJaE_frame_00000300 pair 97 [6, 8] combined 0 players 0 retained 0 seconds 0.012934289872646332
sset_21_gloiZ_gTJaE_frame_00000300 pair 99 [6, 10] combined 0 players 0 retained 0 seconds 0.012725313194096088
sset_21_gloiZ_gTJaE_frame_00000300 pair 100 [6, 11] combined 0 players 0 retained 0 seconds 0.011089132633060217
sset_21_gloiZ_gTJaE_frame_00000300 pair 101 [6, 12] combined 0 players 0 retained 0 seconds 0.018357171211391687
sset_21_gloiZ_gTJaE_frame_00000300 pair 103 [6, 14] combined 0 players 0 retained 0 seconds 0.01242321403697133
sset_21_gloiZ_gTJaE_frame_00000300 pair 104 [6, 15] combined 0 players 0 retained 0 seconds 0.012262525968253613
sset_21_gloiZ_gTJaE_frame_00000300 pair 106 [7, 1] combined 0 players 0 retained 0 seconds 0.019985866267234087
sset_21_gloiZ_gTJaE_frame_00000300 pair 110 [7, 5] combined 0 players 0 retained 0 seconds 0.014691883232444525
sset_21_gloiZ_gTJaE_frame_00000300 pair 111 [7, 6] combined 0 players 0 retained 0 seconds 0.012926091905683279
sset_21_gloiZ_gTJaE_frame_00000300 pair 113 [7, 9] combined 0 players 0 retained 0 seconds 0.012685772031545639
sset_21_gloiZ_gTJaE_frame_00000300 pair 117 [7, 13] combined 0 players 0 retained 0 seconds 0.011926998849958181
sset_21_gloiZ_gTJaE_frame_00000300 pair 121 [8, 1] combined 0 players 0 retained 0 seconds 0.01713308598846197
sset_21_gloiZ_gTJaE_frame_00000300 pair 125 [8, 5] combined 0 players 0 retained 0 seconds 0.011976378038525581
sset_21_gloiZ_gTJaE_frame_00000300 pair 126 [8, 6] combined 0 players 0 retained 0 seconds 0.010190149303525686
sset_21_gloiZ_gTJaE_frame_00000300 pair 128 [8, 9] combined 0 players 0 retained 0 seconds 0.00817973306402564
sset_21_gloiZ_gTJaE_frame_00000300 pair 137 [9, 2] combined 0 players 0 retained 0 seconds 0.013500816654413939
sset_21_gloiZ_gTJaE_frame_00000300 pair 139 [9, 4] combined 0 players 0 retained 0 seconds 0.00909614097326994
sset_21_gloiZ_gTJaE_frame_00000300 pair 142 [9, 7] combined 0 players 0 retained 0 seconds 0.010153983253985643
sset_21_gloiZ_gTJaE_frame_00000300 pair 143 [9, 8] combined 0 players 0 retained 0 seconds 0.008157988078892231
sset_21_gloiZ_gTJaE_frame_00000300 pair 144 [9, 10] combined 0 players 0 retained 0 seconds 0.008866956923156977
sset_21_gloiZ_gTJaE_frame_00000300 pair 145 [9, 11] combined 0 players 0 retained 0 seconds 0.008338461630046368
sset_21_gloiZ_gTJaE_frame_00000300 pair 148 [9, 14] combined 0 players 0 retained 0 seconds 0.008290510158985853
sset_21_gloiZ_gTJaE_frame_00000300 pair 149 [9, 15] combined 0 players 0 retained 0 seconds 0.008301632013171911
sset_21_gloiZ_gTJaE_frame_00000300 pair 151 [10, 1] combined 0 players 0 retained 0 seconds 0.01618899591267109
sset_21_gloiZ_gTJaE_frame_00000300 pair 155 [10, 5] combined 0 players 0 retained 0 seconds 0.01127908518537879
sset_21_gloiZ_gTJaE_frame_00000300 pair 156 [10, 6] combined 0 players 0 retained 0 seconds 0.009644904639571905
sset_21_gloiZ_gTJaE_frame_00000300 pair 159 [10, 9] combined 0 players 0 retained 0 seconds 0.008457243908196688
sset_21_gloiZ_gTJaE_frame_00000300 pair 166 [11, 1] combined 0 players 0 retained 0 seconds 0.014424222987145185
sset_21_gloiZ_gTJaE_frame_00000300 pair 170 [11, 5] combined 0 players 0 retained 0 seconds 0.00834373664110899
sset_21_gloiZ_gTJaE_frame_00000300 pair 171 [11, 6] combined 0 players 0 retained 0 seconds 0.006910966243594885
sset_21_gloiZ_gTJaE_frame_00000300 pair 174 [11, 9] combined 0 players 0 retained 0 seconds 0.006689457688480616
sset_21_gloiZ_gTJaE_frame_00000300 pair 181 [12, 1] combined 0 players 0 retained 0 seconds 0.03177581215277314
sset_21_gloiZ_gTJaE_frame_00000300 pair 182 [12, 2] combined 0 players 0 retained 0 seconds 0.028723477851599455
sset_21_gloiZ_gTJaE_frame_00000300 pair 186 [12, 6] combined 0 players 0 retained 0 seconds 0.025434181094169617
sset_21_gloiZ_gTJaE_frame_00000300 pair 197 [13, 2] combined 0 players 0 retained 0 seconds 0.01152574922889471
sset_21_gloiZ_gTJaE_frame_00000300 pair 202 [13, 7] combined 0 players 0 retained 0 seconds 0.00787048414349556
sset_21_gloiZ_gTJaE_frame_00000300 pair 211 [14, 1] combined 0 players 0 retained 0 seconds 0.015187693759799004
sset_21_gloiZ_gTJaE_frame_00000300 pair 215 [14, 5] combined 0 players 0 retained 0 seconds 0.009469571989029646
sset_21_gloiZ_gTJaE_frame_00000300 pair 216 [14, 6] combined 0 players 0 retained 0 seconds 0.008245051838457584
sset_21_gloiZ_gTJaE_frame_00000300 pair 219 [14, 9] combined 0 players 0 retained 0 seconds 0.0065940008498728275
sset_21_gloiZ_gTJaE_frame_00000300 pair 226 [15, 1] combined 0 players 0 retained 0 seconds 0.014456549193710089
sset_21_gloiZ_gTJaE_frame_00000300 pair 230 [15, 5] combined 0 players 0 retained 0 seconds 0.009323653765022755
sset_21_gloiZ_gTJaE_frame_00000300 pair 231 [15, 6] combined 0 players 0 retained 0 seconds 0.007604944985359907
sset_21_gloiZ_gTJaE_frame_00000300 pair 234 [15, 9] combined 0 players 0 retained 0 seconds 0.006464985199272633
sset_21_gloiZ_gTJaE_frame_00000300 pair 5 [0, 6] combined 0 players 0 retained 0 seconds 0.04550607595592737
sset_21_gloiZ_gTJaE_frame_00000300 pair 16 [1, 2] combined 0 players 0 retained 0 seconds 0.00787996081635356
sset_21_gloiZ_gTJaE_frame_00000300 pair 18 [1, 4] combined 0 players 0 retained 0 seconds 0.00784134492278099
sset_21_gloiZ_gTJaE_frame_00000300 pair 21 [1, 7] combined 0 players 0 retained 0 seconds 0.007324664853513241
sset_21_gloiZ_gTJaE_frame_00000300 pair 22 [1, 8] combined 0 players 0 retained 0 seconds 0.00588131882250309
sset_21_gloiZ_gTJaE_frame_00000300 pair 24 [1, 10] combined 0 players 0 retained 0 seconds 0.005762611050158739
sset_21_gloiZ_gTJaE_frame_00000300 pair 25 [1, 11] combined 0 players 0 retained 0 seconds 0.005623637232929468
sset_21_gloiZ_gTJaE_frame_00000300 pair 26 [1, 12] combined 0 players 0 retained 0 seconds 0.00793802598491311
sset_21_gloiZ_gTJaE_frame_00000300 pair 28 [1, 14] combined 0 players 0 retained 0 seconds 0.0058482373133301735
sset_21_gloiZ_gTJaE_frame_00000300 pair 29 [1, 15] combined 0 players 0 retained 0 seconds 0.005816456396132708
sset_21_gloiZ_gTJaE_frame_00000300 pair 31 [2, 1] combined 0 players 0 retained 0 seconds 0.0048521216958761215
sset_21_gloiZ_gTJaE_frame_00000300 pair 34 [2, 5] combined 0 players 0 retained 0 seconds 0.004166032187640667
sset_21_gloiZ_gTJaE_frame_00000300 pair 35 [2, 6] combined 0 players 0 retained 0 seconds 0.003833903931081295
sset_21_gloiZ_gTJaE_frame_00000300 pair 38 [2, 9] combined 0 players 0 retained 0 seconds 0.0036972551606595516
sset_21_gloiZ_gTJaE_frame_00000300 pair 41 [2, 12] combined 0 players 0 retained 0 seconds 0.005815281067043543
sset_21_gloiZ_gTJaE_frame_00000300 pair 42 [2, 13] combined 0 players 0 retained 0 seconds 0.003677919041365385
sset_21_gloiZ_gTJaE_frame_00000300 pair 50 [3, 6] combined 0 players 0 retained 0 seconds 0.015675432980060577
sset_21_gloiZ_gTJaE_frame_00000300 pair 61 [4, 1] combined 0 players 0 retained 0 seconds 0.0030578961595892906
sset_21_gloiZ_gTJaE_frame_00000300 pair 64 [4, 5] combined 0 players 0 retained 0 seconds 0.0023092608898878098
sset_21_gloiZ_gTJaE_frame_00000300 pair 65 [4, 6] combined 0 players 0 retained 0 seconds 0.0019816188141703606
sset_21_gloiZ_gTJaE_frame_00000300 pair 68 [4, 9] combined 0 players 0 retained 0 seconds 0.0017356472089886665
sset_21_gloiZ_gTJaE_frame_00000300 pair 77 [5, 2] combined 0 players 0 retained 0 seconds 0.004030416253954172
sset_21_gloiZ_gTJaE_frame_00000300 pair 79 [5, 4] combined 0 players 0 retained 0 seconds 0.0034221461974084377
sset_21_gloiZ_gTJaE_frame_00000300 pair 81 [5, 7] combined 0 players 0 retained 0 seconds 0.003482470288872719
sset_21_gloiZ_gTJaE_frame_00000300 pair 82 [5, 8] combined 0 players 0 retained 0 seconds 0.0035385293886065483
sset_21_gloiZ_gTJaE_frame_00000300 pair 84 [5, 10] combined 0 players 0 retained 0 seconds 0.0033281599171459675
sset_21_gloiZ_gTJaE_frame_00000300 pair 85 [5, 11] combined 0 players 0 retained 0 seconds 0.0032543600536882877
sset_21_gloiZ_gTJaE_frame_00000300 pair 88 [5, 14] combined 0 players 0 retained 0 seconds 0.0033360300585627556
sset_21_gloiZ_gTJaE_frame_00000300 pair 89 [5, 15] combined 0 players 0 retained 0 seconds 0.0034831068478524685
sset_21_gloiZ_gTJaE_frame_00000300 pair 90 [6, 0] combined 0 players 0 retained 0 seconds 0.01598022971302271
sset_21_gloiZ_gTJaE_frame_00000300 pair 92 [6, 2] combined 0 players 0 retained 0 seconds 0.0033634649589657784
sset_21_gloiZ_gTJaE_frame_00000300 pair 93 [6, 3] combined 0 players 0 retained 0 seconds 0.006660726852715015
sset_21_gloiZ_gTJaE_frame_00000300 pair 94 [6, 4] combined 0 players 0 retained 0 seconds 0.0026710601523518562
sset_21_gloiZ_gTJaE_frame_00000300 pair 96 [6, 7] combined 0 players 0 retained 0 seconds 0.002798405010253191
sset_21_gloiZ_gTJaE_frame_00000300 pair 97 [6, 8] combined 0 players 0 retained 0 seconds 0.0027100862935185432
sset_21_gloiZ_gTJaE_frame_00000300 pair 99 [6, 10] combined 0 players 0 retained 0 seconds 0.002514866180717945
sset_21_gloiZ_gTJaE_frame_00000300 pair 100 [6, 11] combined 0 players 0 retained 0 seconds 0.0024681389331817627
sset_21_gloiZ_gTJaE_frame_00000300 pair 101 [6, 12] combined 0 players 0 retained 0 seconds 0.004740574862807989
sset_21_gloiZ_gTJaE_frame_00000300 pair 103 [6, 14] combined 0 players 0 retained 0 seconds 0.0025486210361123085
sset_21_gloiZ_gTJaE_frame_00000300 pair 104 [6, 15] combined 0 players 0 retained 0 seconds 0.002590395975857973
sset_21_gloiZ_gTJaE_frame_00000300 pair 106 [7, 1] combined 0 players 0 retained 0 seconds 0.0029619578272104263
sset_21_gloiZ_gTJaE_frame_00000300 pair 110 [7, 5] combined 0 players 0 retained 0 seconds 0.0023401067592203617
sset_21_gloiZ_gTJaE_frame_00000300 pair 111 [7, 6] combined 0 players 0 retained 0 seconds 0.0022944873198866844
sset_21_gloiZ_gTJaE_frame_00000300 pair 113 [7, 9] combined 0 players 0 retained 0 seconds 0.00210794759914279
sset_21_gloiZ_gTJaE_frame_00000300 pair 117 [7, 13] combined 0 players 0 retained 0 seconds 0.0020992951467633247
sset_21_gloiZ_gTJaE_frame_00000300 pair 121 [8, 1] combined 0 players 0 retained 0 seconds 0.003130911383777857
sset_21_gloiZ_gTJaE_frame_00000300 pair 125 [8, 5] combined 0 players 0 retained 0 seconds 0.0025211097672581673
sset_21_gloiZ_gTJaE_frame_00000300 pair 126 [8, 6] combined 0 players 0 retained 0 seconds 0.002263318281620741
sset_21_gloiZ_gTJaE_frame_00000300 pair 128 [8, 9] combined 0 players 0 retained 0 seconds 0.0018319878727197647
sset_21_gloiZ_gTJaE_frame_00000300 pair 137 [9, 2] combined 0 players 0 retained 0 seconds 0.002541764173656702
sset_21_gloiZ_gTJaE_frame_00000300 pair 139 [9, 4] combined 0 players 0 retained 0 seconds 0.001979425083845854
sset_21_gloiZ_gTJaE_frame_00000300 pair 142 [9, 7] combined 0 players 0 retained 0 seconds 0.002072474919259548
sset_21_gloiZ_gTJaE_frame_00000300 pair 143 [9, 8] combined 0 players 0 retained 0 seconds 0.0017904159612953663
sset_21_gloiZ_gTJaE_frame_00000300 pair 144 [9, 10] combined 0 players 0 retained 0 seconds 0.0018717399798333645
sset_21_gloiZ_gTJaE_frame_00000300 pair 145 [9, 11] combined 0 players 0 retained 0 seconds 0.0018661720678210258
sset_21_gloiZ_gTJaE_frame_00000300 pair 148 [9, 14] combined 0 players 0 retained 0 seconds 0.001891543623059988
sset_21_gloiZ_gTJaE_frame_00000300 pair 149 [9, 15] combined 0 players 0 retained 0 seconds 0.001998497173190117
sset_21_gloiZ_gTJaE_frame_00000300 pair 151 [10, 1] combined 0 players 0 retained 0 seconds 0.0026664547622203827
sset_21_gloiZ_gTJaE_frame_00000300 pair 155 [10, 5] combined 0 players 0 retained 0 seconds 0.0020417291671037674
sset_21_gloiZ_gTJaE_frame_00000300 pair 156 [10, 6] combined 0 players 0 retained 0 seconds 0.0017893132753670216
sset_21_gloiZ_gTJaE_frame_00000300 pair 159 [10, 9] combined 0 players 0 retained 0 seconds 0.0015836246311664581
sset_21_gloiZ_gTJaE_frame_00000300 pair 166 [11, 1] combined 0 players 0 retained 0 seconds 0.0025909668765962124
sset_21_gloiZ_gTJaE_frame_00000300 pair 170 [11, 5] combined 0 players 0 retained 0 seconds 0.0019427151419222355
sset_21_gloiZ_gTJaE_frame_00000300 pair 171 [11, 6] combined 0 players 0 retained 0 seconds 0.0017421720549464226
sset_21_gloiZ_gTJaE_frame_00000300 pair 174 [11, 9] combined 0 players 0 retained 0 seconds 0.0014787418767809868
sset_21_gloiZ_gTJaE_frame_00000300 pair 181 [12, 1] combined 0 players 0 retained 0 seconds 0.010029852855950594
sset_21_gloiZ_gTJaE_frame_00000300 pair 182 [12, 2] combined 0 players 0 retained 0 seconds 0.009494977071881294
sset_21_gloiZ_gTJaE_frame_00000300 pair 186 [12, 6] combined 0 players 0 retained 0 seconds 0.009252423886209726
sset_21_gloiZ_gTJaE_frame_00000300 pair 197 [13, 2] combined 0 players 0 retained 0 seconds 0.0028264643624424934
sset_21_gloiZ_gTJaE_frame_00000300 pair 202 [13, 7] combined 0 players 0 retained 0 seconds 0.002185333054512739
sset_21_gloiZ_gTJaE_frame_00000300 pair 211 [14, 1] combined 0 players 0 retained 0 seconds 0.002857293002307415
sset_21_gloiZ_gTJaE_frame_00000300 pair 215 [14, 5] combined 0 players 0 retained 0 seconds 0.002061113715171814
sset_21_gloiZ_gTJaE_frame_00000300 pair 216 [14, 6] combined 0 players 0 retained 0 seconds 0.0017633209936320782
sset_21_gloiZ_gTJaE_frame_00000300 pair 219 [14, 9] combined 0 players 0 retained 0 seconds 0.0016016471199691296
sset_21_gloiZ_gTJaE_frame_00000300 pair 226 [15, 1] combined 0 players 0 retained 0 seconds 0.003025052137672901
sset_21_gloiZ_gTJaE_frame_00000300 pair 230 [15, 5] combined 0 players 0 retained 0 seconds 0.0023781959898769855
sset_21_gloiZ_gTJaE_frame_00000300 pair 231 [15, 6] combined 0 players 0 retained 0 seconds 0.002075185999274254
sset_21_gloiZ_gTJaE_frame_00000300 pair 234 [15, 9] combined 0 players 0 retained 0 seconds 0.0018800580874085426
[sset_21_gloiZ_gTJaE_frame_00000300] line-template: preparing rectangles
[sset_21_gloiZ_gTJaE_frame_00000300] measuring 256 parents (G0=0, G1=0, line_template=256; conflicting geometry groups=0)
[sset_21_gloiZ_gTJaE_frame_00000300] parents 250/256
[sset_21_gloiZ_gTJaE_frame_00000300] refitting 256 parents
[sset_21_gloiZ_gTJaE_frame_00000300] refits 250/256; valid children=186
{"view_id": "sset_21_gloiZ_gTJaE_frame_00000300", "chosen_key": null, "no_court_reason": "no_gated_court", "all_checks_equal": null, "error": null}
sset_21_gloiZ_gTJaE_frame_00023893 pair 0 [0, 1] combined 0 players 0 retained 0 seconds 0.011657889001071453
sset_21_gloiZ_gTJaE_frame_00023893 pair 1 [0, 2] combined 0 players 0 retained 0 seconds 0.009950879029929638
sset_21_gloiZ_gTJaE_frame_00023893 pair 2 [0, 3] combined 0 players 0 retained 0 seconds 0.009886212181299925
sset_21_gloiZ_gTJaE_frame_00023893 pair 3 [0, 4] combined 0 players 0 retained 0 seconds 0.009681543800979853
sset_21_gloiZ_gTJaE_frame_00023893 pair 4 [0, 5] combined 0 players 0 retained 0 seconds 0.009651937987655401
sset_21_gloiZ_gTJaE_frame_00023893 pair 5 [0, 6] combined 0 players 0 retained 0 seconds 0.009672676213085651
sset_21_gloiZ_gTJaE_frame_00023893 pair 6 [0, 7] combined 0 players 0 retained 0 seconds 0.009723677765578032
sset_21_gloiZ_gTJaE_frame_00023893 pair 7 [0, 8] combined 0 players 0 retained 0 seconds 0.00980376498773694
sset_21_gloiZ_gTJaE_frame_00023893 pair 8 [0, 9] combined 0 players 0 retained 0 seconds 0.009351375978440046
sset_21_gloiZ_gTJaE_frame_00023893 pair 9 [0, 10] combined 0 players 0 retained 0 seconds 0.009502582252025604
sset_21_gloiZ_gTJaE_frame_00023893 pair 11 [0, 12] combined 0 players 0 retained 0 seconds 0.009314694907516241
sset_21_gloiZ_gTJaE_frame_00023893 pair 13 [0, 14] combined 0 players 0 retained 0 seconds 0.009285956155508757
sset_21_gloiZ_gTJaE_frame_00023893 pair 15 [1, 0] combined 0 players 0 retained 0 seconds 0.00877403188496828
sset_21_gloiZ_gTJaE_frame_00023893 pair 30 [2, 0] combined 0 players 0 retained 0 seconds 0.005918351002037525
sset_21_gloiZ_gTJaE_frame_00023893 pair 45 [3, 0] combined 0 players 0 retained 0 seconds 0.005961208138614893
sset_21_gloiZ_gTJaE_frame_00023893 pair 60 [4, 0] combined 0 players 0 retained 0 seconds 0.005505327135324478
sset_21_gloiZ_gTJaE_frame_00023893 pair 75 [5, 0] combined 0 players 0 retained 0 seconds 0.005694988649338484
sset_21_gloiZ_gTJaE_frame_00023893 pair 85 [5, 11] combined 0 players 0 retained 0 seconds 0.00224889675155282
sset_21_gloiZ_gTJaE_frame_00023893 pair 90 [6, 0] combined 0 players 0 retained 0 seconds 0.005517726298421621
sset_21_gloiZ_gTJaE_frame_00023893 pair 105 [7, 0] combined 0 players 0 retained 0 seconds 0.005853832233697176
sset_21_gloiZ_gTJaE_frame_00023893 pair 120 [8, 0] combined 0 players 0 retained 0 seconds 0.0052560376934707165
sset_21_gloiZ_gTJaE_frame_00023893 pair 135 [9, 0] combined 0 players 0 retained 0 seconds 0.005219148006290197
sset_21_gloiZ_gTJaE_frame_00023893 pair 150 [10, 0] combined 0 players 0 retained 0 seconds 0.0051672207191586494
sset_21_gloiZ_gTJaE_frame_00023893 pair 170 [11, 5] combined 0 players 0 retained 0 seconds 0.0023134280927479267
sset_21_gloiZ_gTJaE_frame_00023893 pair 179 [11, 15] combined 0 players 0 retained 0 seconds 0.002385383937507868
sset_21_gloiZ_gTJaE_frame_00023893 pair 180 [12, 0] combined 0 players 0 retained 0 seconds 0.005853632930666208
sset_21_gloiZ_gTJaE_frame_00023893 pair 210 [14, 0] combined 0 players 0 retained 0 seconds 0.005249659065157175
sset_21_gloiZ_gTJaE_frame_00023893 pair 236 [15, 11] combined 0 players 0 retained 0 seconds 0.0023283720947802067
sset_21_gloiZ_gTJaE_frame_00023893 pair 0 [0, 1] combined 0 players 0 retained 0 seconds 0.0019130143336951733
sset_21_gloiZ_gTJaE_frame_00023893 pair 1 [0, 2] combined 0 players 0 retained 0 seconds 0.0015711546875536442
sset_21_gloiZ_gTJaE_frame_00023893 pair 2 [0, 3] combined 0 players 0 retained 0 seconds 0.001534140668809414
sset_21_gloiZ_gTJaE_frame_00023893 pair 3 [0, 4] combined 0 players 0 retained 0 seconds 0.0014772270806133747
sset_21_gloiZ_gTJaE_frame_00023893 pair 4 [0, 5] combined 0 players 0 retained 0 seconds 0.0014638230204582214
sset_21_gloiZ_gTJaE_frame_00023893 pair 5 [0, 6] combined 0 players 0 retained 0 seconds 0.0014450028538703918
sset_21_gloiZ_gTJaE_frame_00023893 pair 6 [0, 7] combined 0 players 0 retained 0 seconds 0.0015505347400903702
sset_21_gloiZ_gTJaE_frame_00023893 pair 7 [0, 8] combined 0 players 0 retained 0 seconds 0.0014205081388354301
sset_21_gloiZ_gTJaE_frame_00023893 pair 8 [0, 9] combined 0 players 0 retained 0 seconds 0.0014650942757725716
sset_21_gloiZ_gTJaE_frame_00023893 pair 9 [0, 10] combined 0 players 0 retained 0 seconds 0.0014453479088842869
sset_21_gloiZ_gTJaE_frame_00023893 pair 11 [0, 12] combined 0 players 0 retained 0 seconds 0.0014997972175478935
sset_21_gloiZ_gTJaE_frame_00023893 pair 13 [0, 14] combined 0 players 0 retained 0 seconds 0.0014707301743328571
sset_21_gloiZ_gTJaE_frame_00023893 pair 15 [1, 0] combined 0 players 0 retained 0 seconds 0.0018262402154505253
sset_21_gloiZ_gTJaE_frame_00023893 pair 30 [2, 0] combined 0 players 0 retained 0 seconds 0.001555830705910921
sset_21_gloiZ_gTJaE_frame_00023893 pair 45 [3, 0] combined 0 players 0 retained 0 seconds 0.0014717532321810722
sset_21_gloiZ_gTJaE_frame_00023893 pair 60 [4, 0] combined 0 players 0 retained 0 seconds 0.0014274450950324535
sset_21_gloiZ_gTJaE_frame_00023893 pair 75 [5, 0] combined 0 players 0 retained 0 seconds 0.0014173388481140137
sset_21_gloiZ_gTJaE_frame_00023893 pair 85 [5, 11] combined 0 players 0 retained 0 seconds 0.0012825890444219112
sset_21_gloiZ_gTJaE_frame_00023893 pair 90 [6, 0] combined 0 players 0 retained 0 seconds 0.0013234065845608711
sset_21_gloiZ_gTJaE_frame_00023893 pair 105 [7, 0] combined 0 players 0 retained 0 seconds 0.0015908163040876389
sset_21_gloiZ_gTJaE_frame_00023893 pair 120 [8, 0] combined 0 players 0 retained 0 seconds 0.0013404609635472298
sset_21_gloiZ_gTJaE_frame_00023893 pair 135 [9, 0] combined 0 players 0 retained 0 seconds 0.0013562720268964767
sset_21_gloiZ_gTJaE_frame_00023893 pair 150 [10, 0] combined 0 players 0 retained 0 seconds 0.0013984227553009987
sset_21_gloiZ_gTJaE_frame_00023893 pair 170 [11, 5] combined 0 players 0 retained 0 seconds 0.0013264631852507591
sset_21_gloiZ_gTJaE_frame_00023893 pair 179 [11, 15] combined 0 players 0 retained 0 seconds 0.0012700790539383888
sset_21_gloiZ_gTJaE_frame_00023893 pair 180 [12, 0] combined 0 players 0 retained 0 seconds 0.0014316379092633724
sset_21_gloiZ_gTJaE_frame_00023893 pair 210 [14, 0] combined 0 players 0 retained 0 seconds 0.0013645989820361137
sset_21_gloiZ_gTJaE_frame_00023893 pair 236 [15, 11] combined 0 players 0 retained 0 seconds 0.001306947786360979
[sset_21_gloiZ_gTJaE_frame_00023893] line-template: preparing rectangles
[sset_21_gloiZ_gTJaE_frame_00023893] measuring 256 parents (G0=0, G1=0, line_template=256; conflicting geometry groups=0)
[sset_21_gloiZ_gTJaE_frame_00023893] parents 250/256
[sset_21_gloiZ_gTJaE_frame_00023893] refitting 256 parents
[sset_21_gloiZ_gTJaE_frame_00023893] refits 250/256; valid children=206
{"view_id": "sset_21_gloiZ_gTJaE_frame_00023893", "chosen_key": null, "no_court_reason": "no_gated_court", "all_checks_equal": null, "error": null}
sset_21_gloiZ_gTJaE_frame_00038228 pair 12 [0, 13] combined 48 players 0 retained 0 seconds 0.002645788248628378
sset_21_gloiZ_gTJaE_frame_00038228 pair 13 [0, 14] combined 0 players 0 retained 0 seconds 0.0035878289490938187
sset_21_gloiZ_gTJaE_frame_00038228 pair 27 [1, 13] combined 64 players 8 retained 4 seconds 0.01378258690237999
sset_21_gloiZ_gTJaE_frame_00038228 pair 28 [1, 14] combined 6840 players 30 retained 15 seconds 0.027058233972638845
sset_21_gloiZ_gTJaE_frame_00038228 pair 39 [2, 10] combined 200 players 10 retained 5 seconds 0.014160276856273413
sset_21_gloiZ_gTJaE_frame_00038228 pair 40 [2, 11] combined 32 players 0 retained 0 seconds 0.0024535940028727055
sset_21_gloiZ_gTJaE_frame_00038228 pair 42 [2, 13] combined 0 players 0 retained 0 seconds 0.002013762015849352
sset_21_gloiZ_gTJaE_frame_00038228 pair 57 [3, 13] combined 0 players 0 retained 0 seconds 0.00201311893761158
sset_21_gloiZ_gTJaE_frame_00038228 pair 58 [3, 14] combined 0 players 0 retained 0 seconds 0.003016944043338299
sset_21_gloiZ_gTJaE_frame_00038228 pair 73 [4, 14] combined 200 players 92 retained 46 seconds 0.01809718320146203
sset_21_gloiZ_gTJaE_frame_00038228 pair 87 [5, 13] combined 0 players 0 retained 0 seconds 0.0022918982431292534
sset_21_gloiZ_gTJaE_frame_00038228 pair 88 [5, 14] combined 0 players 0 retained 0 seconds 0.0028874268755316734
sset_21_gloiZ_gTJaE_frame_00038228 pair 99 [6, 10] combined 0 players 0 retained 0 seconds 0.0025280416011810303
sset_21_gloiZ_gTJaE_frame_00038228 pair 100 [6, 11] combined 16 players 0 retained 0 seconds 0.002040141262114048
sset_21_gloiZ_gTJaE_frame_00038228 pair 102 [6, 13] combined 0 players 0 retained 0 seconds 0.001896594651043415
sset_21_gloiZ_gTJaE_frame_00038228 pair 117 [7, 13] combined 0 players 0 retained 0 seconds 0.002136079128831625
sset_21_gloiZ_gTJaE_frame_00038228 pair 118 [7, 14] combined 0 players 0 retained 0 seconds 0.0032608709298074245
sset_21_gloiZ_gTJaE_frame_00038228 pair 132 [8, 13] combined 0 players 0 retained 0 seconds 0.0018993592821061611
sset_21_gloiZ_gTJaE_frame_00038228 pair 133 [8, 14] combined 0 players 0 retained 0 seconds 0.0031652897596359253
sset_21_gloiZ_gTJaE_frame_00038228 pair 148 [9, 14] combined 0 players 0 retained 0 seconds 0.0033971131779253483
sset_21_gloiZ_gTJaE_frame_00038228 pair 152 [10, 2] combined 164 players 0 retained 0 seconds 0.0034541082568466663
sset_21_gloiZ_gTJaE_frame_00038228 pair 156 [10, 6] combined 116 players 0 retained 0 seconds 0.003169253934174776
sset_21_gloiZ_gTJaE_frame_00038228 pair 161 [10, 12] combined 8 players 0 retained 0 seconds 0.002070432063192129
sset_21_gloiZ_gTJaE_frame_00038228 pair 167 [11, 2] combined 76 players 0 retained 0 seconds 0.002819761633872986
sset_21_gloiZ_gTJaE_frame_00038228 pair 171 [11, 6] combined 0 players 0 retained 0 seconds 0.0023625255562365055
sset_21_gloiZ_gTJaE_frame_00038228 pair 177 [11, 13] combined 0 players 0 retained 0 seconds 0.0015994356945157051
sset_21_gloiZ_gTJaE_frame_00038228 pair 178 [11, 14] combined 68 players 0 retained 0 seconds 0.0033586607314646244
sset_21_gloiZ_gTJaE_frame_00038228 pair 190 [12, 10] combined 0 players 0 retained 0 seconds 0.002353802789002657
sset_21_gloiZ_gTJaE_frame_00038228 pair 192 [12, 13] combined 0 players 0 retained 0 seconds 0.0018023247830569744
sset_21_gloiZ_gTJaE_frame_00038228 pair 193 [12, 14] combined 60 players 0 retained 0 seconds 0.003279231023043394
sset_21_gloiZ_gTJaE_frame_00038228 pair 195 [13, 0] combined 200 players 0 retained 0 seconds 0.0030876770615577698
sset_21_gloiZ_gTJaE_frame_00038228 pair 196 [13, 1] combined 168 players 0 retained 0 seconds 0.003269295673817396
sset_21_gloiZ_gTJaE_frame_00038228 pair 197 [13, 2] combined 0 players 0 retained 0 seconds 0.0027333172038197517
sset_21_gloiZ_gTJaE_frame_00038228 pair 198 [13, 3] combined 0 players 0 retained 0 seconds 0.002412359230220318
sset_21_gloiZ_gTJaE_frame_00038228 pair 200 [13, 5] combined 0 players 0 retained 0 seconds 0.002125008963048458
sset_21_gloiZ_gTJaE_frame_00038228 pair 201 [13, 6] combined 0 players 0 retained 0 seconds 0.002479115966707468
sset_21_gloiZ_gTJaE_frame_00038228 pair 202 [13, 7] combined 0 players 0 retained 0 seconds 0.0024260529316961765
sset_21_gloiZ_gTJaE_frame_00038228 pair 203 [13, 8] combined 120 players 0 retained 0 seconds 0.0023097540251910686
sset_21_gloiZ_gTJaE_frame_00038228 pair 206 [13, 11] combined 0 players 0 retained 0 seconds 0.0015984349884092808
sset_21_gloiZ_gTJaE_frame_00038228 pair 207 [13, 12] combined 0 players 0 retained 0 seconds 0.0016943938098847866
sset_21_gloiZ_gTJaE_frame_00038228 pair 210 [14, 0] combined 0 players 0 retained 0 seconds 0.0027460376732051373
sset_21_gloiZ_gTJaE_frame_00038228 pair 211 [14, 1] combined 0 players 0 retained 0 seconds 0.00390645582228899
sset_21_gloiZ_gTJaE_frame_00038228 pair 213 [14, 3] combined 0 players 0 retained 0 seconds 0.00219708401709795
sset_21_gloiZ_gTJaE_frame_00038228 pair 214 [14, 4] combined 0 players 0 retained 0 seconds 0.0028752749785780907
sset_21_gloiZ_gTJaE_frame_00038228 pair 215 [14, 5] combined 0 players 0 retained 0 seconds 0.0020252480171620846
sset_21_gloiZ_gTJaE_frame_00038228 pair 217 [14, 7] combined 0 players 0 retained 0 seconds 0.002160788979381323
sset_21_gloiZ_gTJaE_frame_00038228 pair 218 [14, 8] combined 0 players 0 retained 0 seconds 0.002002103254199028
sset_21_gloiZ_gTJaE_frame_00038228 pair 219 [14, 9] combined 0 players 0 retained 0 seconds 0.002483292017132044
sset_21_gloiZ_gTJaE_frame_00038228 pair 221 [14, 11] combined 0 players 0 retained 0 seconds 0.002161452081054449
sset_21_gloiZ_gTJaE_frame_00038228 pair 222 [14, 12] combined 0 players 0 retained 0 seconds 0.0026040859520435333
sset_21_gloiZ_gTJaE_frame_00038228 pair 224 [14, 15] combined 0 players 0 retained 0 seconds 0.0023136776871979237
sset_21_gloiZ_gTJaE_frame_00038228 pair 239 [15, 14] combined 0 players 0 retained 0 seconds 0.003807934932410717
sset_21_gloiZ_gTJaE_frame_00038228 pair 12 [0, 13] combined 0 players 0 retained 0 seconds 0.001434538047760725
sset_21_gloiZ_gTJaE_frame_00038228 pair 13 [0, 14] combined 0 players 0 retained 0 seconds 0.002192300744354725
sset_21_gloiZ_gTJaE_frame_00038228 pair 27 [1, 13] combined 0 players 0 retained 0 seconds 0.0012515089474618435
sset_21_gloiZ_gTJaE_frame_00038228 pair 28 [1, 14] combined 0 players 0 retained 0 seconds 0.002065913286060095
sset_21_gloiZ_gTJaE_frame_00038228 pair 39 [2, 10] combined 0 players 0 retained 0 seconds 0.001144259236752987
sset_21_gloiZ_gTJaE_frame_00038228 pair 40 [2, 11] combined 0 players 0 retained 0 seconds 0.0010999329388141632
sset_21_gloiZ_gTJaE_frame_00038228 pair 42 [2, 13] combined 0 players 0 retained 0 seconds 0.0011378079652786255
sset_21_gloiZ_gTJaE_frame_00038228 pair 57 [3, 13] combined 0 players 0 retained 0 seconds 0.0011588339693844318
sset_21_gloiZ_gTJaE_frame_00038228 pair 58 [3, 14] combined 0 players 0 retained 0 seconds 0.0016364161856472492
sset_21_gloiZ_gTJaE_frame_00038228 pair 73 [4, 14] combined 0 players 0 retained 0 seconds 0.002050952985882759
sset_21_gloiZ_gTJaE_frame_00038228 pair 87 [5, 13] combined 0 players 0 retained 0 seconds 0.001164591871201992
sset_21_gloiZ_gTJaE_frame_00038228 pair 88 [5, 14] combined 0 players 0 retained 0 seconds 0.001468535978347063
sset_21_gloiZ_gTJaE_frame_00038228 pair 99 [6, 10] combined 0 players 0 retained 0 seconds 0.0011492199264466763
sset_21_gloiZ_gTJaE_frame_00038228 pair 100 [6, 11] combined 0 players 0 retained 0 seconds 0.0011102259159088135
sset_21_gloiZ_gTJaE_frame_00038228 pair 102 [6, 13] combined 0 players 0 retained 0 seconds 0.0011030761525034904
sset_21_gloiZ_gTJaE_frame_00038228 pair 117 [7, 13] combined 0 players 0 retained 0 seconds 0.0012541813775897026
sset_21_gloiZ_gTJaE_frame_00038228 pair 118 [7, 14] combined 0 players 0 retained 0 seconds 0.0017823590897023678
sset_21_gloiZ_gTJaE_frame_00038228 pair 132 [8, 13] combined 0 players 0 retained 0 seconds 0.0011948803439736366
sset_21_gloiZ_gTJaE_frame_00038228 pair 133 [8, 14] combined 0 players 0 retained 0 seconds 0.0021045622415840626
sset_21_gloiZ_gTJaE_frame_00038228 pair 148 [9, 14] combined 0 players 0 retained 0 seconds 0.0019307979382574558
sset_21_gloiZ_gTJaE_frame_00038228 pair 152 [10, 2] combined 0 players 0 retained 0 seconds 0.00127007020637393
sset_21_gloiZ_gTJaE_frame_00038228 pair 156 [10, 6] combined 0 players 0 retained 0 seconds 0.0014604669995605946
sset_21_gloiZ_gTJaE_frame_00038228 pair 161 [10, 12] combined 0 players 0 retained 0 seconds 0.0011282428167760372
sset_21_gloiZ_gTJaE_frame_00038228 pair 167 [11, 2] combined 0 players 0 retained 0 seconds 0.001279990654438734
sset_21_gloiZ_gTJaE_frame_00038228 pair 171 [11, 6] combined 0 players 0 retained 0 seconds 0.0012458590790629387
sset_21_gloiZ_gTJaE_frame_00038228 pair 177 [11, 13] combined 0 players 0 retained 0 seconds 0.0011450420133769512
sset_21_gloiZ_gTJaE_frame_00038228 pair 178 [11, 14] combined 0 players 0 retained 0 seconds 0.0019504590891301632
sset_21_gloiZ_gTJaE_frame_00038228 pair 190 [12, 10] combined 0 players 0 retained 0 seconds 0.0011165319010615349
sset_21_gloiZ_gTJaE_frame_00038228 pair 192 [12, 13] combined 0 players 0 retained 0 seconds 0.0010942630469799042
sset_21_gloiZ_gTJaE_frame_00038228 pair 193 [12, 14] combined 0 players 0 retained 0 seconds 0.001997300423681736
sset_21_gloiZ_gTJaE_frame_00038228 pair 195 [13, 0] combined 0 players 0 retained 0 seconds 0.0013109352439641953
sset_21_gloiZ_gTJaE_frame_00038228 pair 196 [13, 1] combined 0 players 0 retained 0 seconds 0.001099592074751854
sset_21_gloiZ_gTJaE_frame_00038228 pair 197 [13, 2] combined 0 players 0 retained 0 seconds 0.0012896922416985035
sset_21_gloiZ_gTJaE_frame_00038228 pair 198 [13, 3] combined 0 players 0 retained 0 seconds 0.0011282139457762241
sset_21_gloiZ_gTJaE_frame_00038228 pair 200 [13, 5] combined 0 players 0 retained 0 seconds 0.0012827850878238678
sset_21_gloiZ_gTJaE_frame_00038228 pair 201 [13, 6] combined 0 players 0 retained 0 seconds 0.0012562070041894913
sset_21_gloiZ_gTJaE_frame_00038228 pair 202 [13, 7] combined 0 players 0 retained 0 seconds 0.0011036810465157032
sset_21_gloiZ_gTJaE_frame_00038228 pair 203 [13, 8] combined 0 players 0 retained 0 seconds 0.001357455737888813
sset_21_gloiZ_gTJaE_frame_00038228 pair 206 [13, 11] combined 0 players 0 retained 0 seconds 0.0011310102418065071
sset_21_gloiZ_gTJaE_frame_00038228 pair 207 [13, 12] combined 0 players 0 retained 0 seconds 0.001089655328541994
sset_21_gloiZ_gTJaE_frame_00038228 pair 210 [14, 0] combined 0 players 0 retained 0 seconds 0.0015423670411109924
sset_21_gloiZ_gTJaE_frame_00038228 pair 211 [14, 1] combined 0 players 0 retained 0 seconds 0.0013207485899329185
sset_21_gloiZ_gTJaE_frame_00038228 pair 213 [14, 3] combined 0 players 0 retained 0 seconds 0.0014835246838629246
sset_21_gloiZ_gTJaE_frame_00038228 pair 214 [14, 4] combined 0 players 0 retained 0 seconds 0.0013228249736130238
sset_21_gloiZ_gTJaE_frame_00038228 pair 215 [14, 5] combined 0 players 0 retained 0 seconds 0.0013173362240195274
sset_21_gloiZ_gTJaE_frame_00038228 pair 217 [14, 7] combined 0 players 0 retained 0 seconds 0.0013369549997150898
sset_21_gloiZ_gTJaE_frame_00038228 pair 218 [14, 8] combined 0 players 0 retained 0 seconds 0.001483346801251173
sset_21_gloiZ_gTJaE_frame_00038228 pair 219 [14, 9] combined 0 players 0 retained 0 seconds 0.0016054301522672176
sset_21_gloiZ_gTJaE_frame_00038228 pair 221 [14, 11] combined 0 players 0 retained 0 seconds 0.0013107131235301495
sset_21_gloiZ_gTJaE_frame_00038228 pair 222 [14, 12] combined 0 players 0 retained 0 seconds 0.0012920298613607883
sset_21_gloiZ_gTJaE_frame_00038228 pair 224 [14, 15] combined 0 players 0 retained 0 seconds 0.0012826239690184593
sset_21_gloiZ_gTJaE_frame_00038228 pair 239 [15, 14] combined 0 players 0 retained 0 seconds 0.002220317255705595
[sset_21_gloiZ_gTJaE_frame_00038228] line-template: preparing rectangles
[sset_21_gloiZ_gTJaE_frame_00038228] measuring 326 parents (G0=70, G1=0, line_template=256; conflicting geometry groups=0)
[sset_21_gloiZ_gTJaE_frame_00038228] parents 250/326
[sset_21_gloiZ_gTJaE_frame_00038228] refitting 326 parents
[sset_21_gloiZ_gTJaE_frame_00038228] refits 250/326; valid children=79
{"view_id": "sset_21_gloiZ_gTJaE_frame_00038228", "chosen_key": null, "no_court_reason": "no_gated_court", "all_checks_equal": null, "error": null}
{"views": ["shuttleset_21_scene_0034", "shuttleset_21_scene_0044", "sset_21_gloiZ_gTJaE_frame_00100347", "sset_21_gloiZ_gTJaE_frame_00000300", "sset_21_gloiZ_gTJaE_frame_00023893", "sset_21_gloiZ_gTJaE_frame_00038228"], "startup_seconds": 0.03143204003572464, "wall_seconds": 808.6666208943352, "peak_rss_mb": 1719.23046875, "failed": []}
