GX0 arm M pair 23: record nearest shortlisted court 33.822 px (pair 23, 23:10987); replaying
  horizontal: ideal matching supports 2 of 5 markings [- - - 88 71], players pass; cap threshold score 0.5842, kept support counts 3:152 4:312 5:48; best court with the other direction ideal: enumerated 23.4308 (rank 2228, support 3, score 0.4051, 4200 rows), supported 23.4308 (rank 2228, support 3, score 0.4051, 3362 rows), supported_and_players 23.4308 (rank 2228, support 3, score 0.4051, 3294 rows), distinct 23.4308 (rank 2228, support 3, score 0.4051, 2358 rows), kept 33.5354 (rank 399, support 4, score 0.5958, 512 rows)
  vertical: ideal matching supports 3 of 6 markings [- 36 351 - - 3], players pass; cap threshold score 0.5331, kept support counts 4:308 5:186 6:18; best court with the other direction ideal: enumerated 18.9255 (rank 1999, support 3, score 0.3327, 14880 rows), supported 18.9255 (rank 1999, support 3, score 0.3327, 12580 rows), supported_and_players 18.9255 (rank 1999, support 3, score 0.3327, 3326 rows), distinct 18.9255 (rank 1999, support 3, score 0.3327, 2022 rows), kept 24.6685 (rank 245, support 5, score 0.6064, 512 rows)
  GATE 4 kept x kept replay nearest 33.8225 px equals the recorded pre-mask nearest 33.8225 px (gap 9.4e-06)
  kept x kept replay nearest 33.822 px; distinct x distinct nearest 23.242 px; direction fit 19.651; chart leak 3.34e-17
Am3-0 arm R pair 43: record nearest shortlisted court 44.208 px (pair 30, 30:16137); replaying
  horizontal: ideal matching supports 5 of 5 markings [7 197 32 3 19], players pass; cap threshold score 0.8851, kept support counts 5:512; best court with the other direction ideal: enumerated 4.2783 (rank -1, support 5, score 0.6579, 66420 rows), supported 4.2783 (rank -1, support 5, score 0.6579, 56256 rows), supported_and_players 4.2783 (rank -1, support 5, score 0.6579, 47468 rows), distinct 6.2409 (rank 11518, support 5, score 0.5811, 23864 rows), kept 49.6472 (rank 228, support 5, score 0.9271, 512 rows)
  vertical: ideal matching supports 5 of 6 markings [237 - 174 124 36 2], players pass; cap threshold score 0.545, kept support counts 4:282 5:216 6:14; best court with the other direction ideal: enumerated 3.9198 (rank -1, support 5, score 0.6366, 14880 rows), supported 3.9198 (rank -1, support 5, score 0.6366, 11768 rows), supported_and_players 3.9198 (rank -1, support 5, score 0.6366, 3056 rows), distinct 4.4965 (rank 103, support 5, score 0.6498, 1748 rows), kept 4.4965 (rank 103, support 5, score 0.6498, 512 rows)
  GATE 4 kept x kept replay nearest 46.0998 px equals the recorded pre-mask nearest 46.0997 px (gap 4.9e-06)
  kept x kept replay nearest 46.100 px; distinct x distinct nearest 6.186 px; direction fit 4.269; chart leak 9.58e-17
Am3-0 arm R pair 30: record nearest shortlisted court 44.208 px (pair 30, 30:16137); replaying
  horizontal: ideal matching supports 4 of 5 markings [7 197 32 - 19], players pass; cap threshold score 0.8676, kept support counts 5:512; best court with the other direction ideal: enumerated 7.2473 (rank 23510, support 5, score 0.4349, 71400 rows), supported 7.2473 (rank 23510, support 5, score 0.4349, 61160 rows), supported_and_players 7.2473 (rank 23510, support 5, score 0.4349, 51896 rows), distinct 7.2473 (rank 23510, support 5, score 0.4349, 26364 rows), kept 46.3676 (rank 267, support 5, score 0.9038, 512 rows)
  vertical: ideal matching supports 4 of 6 markings [237 - - 124 36 2], players pass; cap threshold score 0.5409, kept support counts 4:308 5:174 6:30; best court with the other direction ideal: enumerated 7.5999 (rank -1, support 4, score 0.4926, 14880 rows), supported 7.5999 (rank -1, support 4, score 0.4926, 11632 rows), supported_and_players 7.5999 (rank -1, support 4, score 0.4926, 3134 rows), distinct 9.9755 (rank 618, support 4, score 0.5177, 1766 rows), kept 11.0407 (rank 315, support 4, score 0.5959, 512 rows)
  GATE 4 kept x kept replay nearest 40.1397 px equals the recorded pre-mask nearest 40.1397 px (gap 1.2e-05)
  kept x kept replay nearest 40.140 px; distinct x distinct nearest 8.727 px; direction fit 6.869; chart leak 5.46e-17
Am3-0 arm B pair 43: record nearest shortlisted court 4.271 px (pair 43, 43:22605); replaying
  horizontal: ideal matching supports 5 of 5 markings [7 10 32 3 19], players pass; cap threshold score 0.8844, kept support counts 5:512; best court with the other direction ideal: enumerated 5.0763 (rank -1, support 5, score 0.841, 66420 rows), supported 5.0763 (rank -1, support 5, score 0.841, 56352 rows), supported_and_players 5.0763 (rank -1, support 5, score 0.841, 47470 rows), distinct 5.2329 (rank 6584, support 5, score 0.6611, 23758 rows), kept 5.3944 (rank 367, support 5, score 0.9039, 512 rows)
  vertical: ideal matching supports 5 of 6 markings [- 237 174 124 36 2], players pass; cap threshold score 0.5406, kept support counts 4:292 5:208 6:12; best court with the other direction ideal: enumerated 3.4314 (rank -1, support 5, score 0.6271, 14880 rows), supported 3.4314 (rank -1, support 5, score 0.6271, 11922 rows), supported_and_players 3.4314 (rank -1, support 5, score 0.6271, 3044 rows), distinct 3.9241 (rank 14, support 5, score 0.7543, 1930 rows), kept 3.9241 (rank 14, support 5, score 0.7543, 512 rows)
  GATE 4 kept x kept replay nearest 4.2708 px at or below the pair's shortlist nearest 4.2709 px (43:22605); no pre-mask recording for this arm
  kept x kept replay nearest 4.271 px; distinct x distinct nearest 4.271 px; direction fit 3.749; chart leak 1.41e-17
GX0 arm B pair 22: record nearest shortlisted court 7.662 px (pair 22, 22:4588); replaying
  horizontal: ideal matching supports 4 of 5 markings [- 292 64 88 71], players pass; cap threshold score 0.5609, kept support counts 3:260 4:242 5:10; best court with the other direction ideal: enumerated 6.8434 (rank -1, support 5, score 0.5821, 4620 rows), supported 6.8434 (rank -1, support 5, score 0.5821, 3308 rows), supported_and_players 6.8434 (rank -1, support 5, score 0.5821, 3260 rows), distinct 6.8434 (rank 292, support 5, score 0.5881, 2186 rows), kept 6.8434 (rank 292, support 5, score 0.5881, 512 rows)
  vertical: ideal matching supports 5 of 6 markings [36 - 351 2 5 3], players pass; cap threshold score 0.5232, kept support counts 4:290 5:202 6:20; best court with the other direction ideal: enumerated 7.5209 (rank -1, support 5, score 0.5376, 15840 rows), supported 7.5209 (rank -1, support 5, score 0.5376, 13542 rows), supported_and_players 7.5209 (rank -1, support 5, score 0.5376, 3588 rows), distinct 7.8044 (rank 399, support 5, score 0.5515, 2238 rows), kept 7.8044 (rank 399, support 5, score 0.5515, 512 rows)
  GATE 4 kept x kept replay nearest 7.6621 px at or below the pair's shortlist nearest 7.6621 px (22:4588); no pre-mask recording for this arm
  kept x kept replay nearest 7.662 px; distinct x distinct nearest 7.545 px; direction fit 7.819; chart leak 2.65e-18
GX0 arm B pair 143: record nearest shortlisted court 7.662 px (pair 22, 22:4588); replaying
  horizontal: ideal matching supports 4 of 5 markings [71 88 64 292 -], players pass; cap threshold score 0.5911, kept support counts 3:124 4:350 5:38; best court with the other direction ideal: enumerated 6.2767 (rank 1459, support 5, score 0.48, 5060 rows), supported 6.2767 (rank 1459, support 5, score 0.48, 3640 rows), supported_and_players 6.2767 (rank 1459, support 5, score 0.48, 3578 rows), distinct 6.2767 (rank 1459, support 5, score 0.48, 2344 rows), kept 34.4016 (rank 178, support 4, score 0.6848, 512 rows)
  vertical: ideal matching supports 3 of 6 markings [3 5 - - - 36], players pass; cap threshold score 0.5257, kept support counts 4:308 5:192 6:12; best court with the other direction ideal: enumerated 7.1869 (rank -1, support 4, score 0.5106, 15840 rows), supported 7.1869 (rank -1, support 4, score 0.5106, 12870 rows), supported_and_players 7.1869 (rank -1, support 4, score 0.5106, 3082 rows), distinct 7.3472 (rank 504, support 4, score 0.5261, 1944 rows), kept 7.3472 (rank 504, support 4, score 0.5261, 512 rows)
  GATE 4 kept x kept replay nearest 34.3268 px at or below the pair's shortlist nearest 34.3268 px (143:992); no pre-mask recording for this arm
  kept x kept replay nearest 34.327 px; distinct x distinct nearest 6.400 px; direction fit 6.798; chart leak 7.18e-17
wrote runs/axis_replay/table.csv (12 rows) and summary.json
exit 0
