decoded <run root>/paint_geometry_20260909/gx_extension/videos/gxBQ_HwdgN4.mp4 to frame 77966 in 315s
decoded <run root>/player_guided_20260908/videos/am1_h264.mp4 to frame 186 in 1s
gxBQ_window_03_frame_77876 pair 17 [1, 3] combined 262144 players 8138 retained 256 seconds 1.3019460393115878
gxBQ_window_03_frame_77876 pair 20 [1, 6] combined 184320 players 17358 retained 256 seconds 1.2484083590097725
gxBQ_window_03_frame_77876 pair 21 [1, 7] combined 262144 players 126 retained 62 seconds 1.0153921791352332
gxBQ_window_03_frame_77876 pair 24 [1, 10] combined 262144 players 19048 retained 256 seconds 1.523605803027749
gxBQ_window_03_frame_77876 pair 46 [3, 1] combined 262144 players 648 retained 256 seconds 1.0500592300668359
gxBQ_window_03_frame_77876 pair 53 [3, 9] combined 25600 players 6696 retained 256 seconds 0.4592345990240574
gxBQ_window_03_frame_77876 pair 91 [6, 1] combined 55296 players 3032 retained 256 seconds 0.434836040250957
gxBQ_window_03_frame_77876 pair 98 [6, 9] combined 5712 players 1258 retained 256 seconds 0.1301276790909469
gxBQ_window_03_frame_77876 pair 100 [6, 11] combined 1152 players 20 retained 10 seconds 0.05147521989420056
gxBQ_window_03_frame_77876 pair 106 [7, 1] combined 262144 players 20 retained 12 seconds 0.9253329001367092
gxBQ_window_03_frame_77876 pair 113 [7, 9] combined 22816 players 382 retained 191 seconds 0.1424643062055111
gxBQ_window_03_frame_77876 pair 138 [9, 3] combined 4096 players 1312 retained 256 seconds 0.17449444066733122
gxBQ_window_03_frame_77876 pair 141 [9, 6] combined 10480 players 2612 retained 256 seconds 0.18697405699640512
gxBQ_window_03_frame_77876 pair 142 [9, 7] combined 3072 players 478 retained 240 seconds 0.09134386805817485
gxBQ_window_03_frame_77876 pair 144 [9, 10] combined 16384 players 5240 retained 256 seconds 0.33964218804612756
gxBQ_window_03_frame_77876 pair 151 [10, 1] combined 262144 players 7552 retained 256 seconds 1.179983472917229
gxBQ_window_03_frame_77876 pair 159 [10, 9] combined 34816 players 3036 retained 256 seconds 0.27782260393723845
gxBQ_window_03_frame_77876 pair 160 [10, 11] combined 38912 players 860 retained 256 seconds 0.21761060366407037
gxBQ_window_03_frame_77876 pair 171 [11, 6] combined 3648 players 46 retained 23 seconds 0.053941062185913324
gxBQ_window_03_frame_77876 pair 175 [11, 10] combined 15360 players 90 retained 45 seconds 0.10933870263397694
gxBQ_window_03_frame_77876 pair 17 [1, 3] combined 88704 players 168 retained 84 seconds 0.32764173904433846
gxBQ_window_03_frame_77876 pair 20 [1, 6] combined 0 players 0 retained 0 seconds 0.024817852769047022
gxBQ_window_03_frame_77876 pair 21 [1, 7] combined 9728 players 0 retained 0 seconds 0.05380341596901417
gxBQ_window_03_frame_77876 pair 24 [1, 10] combined 56544 players 2442 retained 256 seconds 0.32113657984882593
gxBQ_window_03_frame_77876 pair 46 [3, 1] combined 41984 players 388 retained 189 seconds 0.20243765600025654
gxBQ_window_03_frame_77876 pair 53 [3, 9] combined 0 players 0 retained 0 seconds 0.01749682379886508
gxBQ_window_03_frame_77876 pair 91 [6, 1] combined 0 players 0 retained 0 seconds 0.08911802200600505
gxBQ_window_03_frame_77876 pair 98 [6, 9] combined 0 players 0 retained 0 seconds 0.002976031042635441
gxBQ_window_03_frame_77876 pair 100 [6, 11] combined 0 players 0 retained 0 seconds 0.002697971183806658
gxBQ_window_03_frame_77876 pair 106 [7, 1] combined 7632 players 0 retained 0 seconds 0.041313569992780685
gxBQ_window_03_frame_77876 pair 113 [7, 9] combined 0 players 0 retained 0 seconds 0.003691044170409441
gxBQ_window_03_frame_77876 pair 138 [9, 3] combined 0 players 0 retained 0 seconds 0.012093459255993366
gxBQ_window_03_frame_77876 pair 141 [9, 6] combined 0 players 0 retained 0 seconds 0.0026687243953347206
gxBQ_window_03_frame_77876 pair 142 [9, 7] combined 0 players 0 retained 0 seconds 0.0032903803512454033
gxBQ_window_03_frame_77876 pair 144 [9, 10] combined 0 players 0 retained 0 seconds 0.01029870705679059
gxBQ_window_03_frame_77876 pair 151 [10, 1] combined 58368 players 240 retained 116 seconds 0.23177387798205018
gxBQ_window_03_frame_77876 pair 159 [10, 9] combined 0 players 0 retained 0 seconds 0.013635842595249414
gxBQ_window_03_frame_77876 pair 160 [10, 11] combined 0 players 0 retained 0 seconds 0.012833429034799337
gxBQ_window_03_frame_77876 pair 171 [11, 6] combined 0 players 0 retained 0 seconds 0.002606152556836605
gxBQ_window_03_frame_77876 pair 175 [11, 10] combined 0 players 0 retained 0 seconds 0.011567806825041771
[gxBQ_window_03_frame_77876] line-template: preparing rectangles
[gxBQ_window_03_frame_77876] measuring 766 parents (G0=256, G1=256, line_template=256; conflicting geometry groups=0)
[gxBQ_window_03_frame_77876] parents 250/766
[gxBQ_window_03_frame_77876] parents 500/766
[gxBQ_window_03_frame_77876] parents 750/766
[gxBQ_window_03_frame_77876] refitting 766 parents
[gxBQ_window_03_frame_77876] refits 250/766; valid children=184
[gxBQ_window_03_frame_77876] refits 500/766; valid children=400
[gxBQ_window_03_frame_77876] refits 750/766; valid children=633
{"view_id": "gxBQ_window_03_frame_77876", "chosen_key": "G0:17:2/child", "no_court_reason": null, "all_checks_equal": null, "error": null}
am1_window_00_frame_54 pair 0 [0, 1] combined 262144 players 0 retained 0 seconds 3.1368084270507097
am1_window_00_frame_54 pair 15 [1, 0] combined 262144 players 0 retained 0 seconds 2.5004865168593824
am1_window_00_frame_54 pair 16 [1, 2] combined 262144 players 0 retained 0 seconds 1.1986432997509837
am1_window_00_frame_54 pair 17 [1, 3] combined 262144 players 0 retained 0 seconds 1.2265451839193702
am1_window_00_frame_54 pair 18 [1, 4] combined 163840 players 0 retained 0 seconds 0.8660465087741613
am1_window_00_frame_54 pair 19 [1, 5] combined 209920 players 66162 retained 256 seconds 2.9182196548208594
am1_window_00_frame_54 pair 20 [1, 6] combined 262144 players 5312 retained 256 seconds 1.3298565549775958
am1_window_00_frame_54 pair 24 [1, 10] combined 93184 players 8312 retained 256 seconds 0.841887011192739
am1_window_00_frame_54 pair 27 [1, 13] combined 12288 players 636 retained 256 seconds 0.4206087701022625
am1_window_00_frame_54 pair 28 [1, 14] combined 262144 players 22332 retained 256 seconds 1.819106336683035
am1_window_00_frame_54 pair 31 [2, 1] combined 262144 players 0 retained 0 seconds 1.1781078609637916
am1_window_00_frame_54 pair 46 [3, 1] combined 262144 players 0 retained 0 seconds 1.268845315091312
am1_window_00_frame_54 pair 61 [4, 1] combined 181248 players 0 retained 0 seconds 0.769594918936491
am1_window_00_frame_54 pair 76 [5, 1] combined 25600 players 4206 retained 256 seconds 0.5506934178993106
am1_window_00_frame_54 pair 91 [6, 1] combined 262144 players 2990 retained 256 seconds 1.1405361630022526
am1_window_00_frame_54 pair 118 [7, 14] combined 80352 players 0 retained 0 seconds 0.27152448194101453
am1_window_00_frame_54 pair 148 [9, 14] combined 49920 players 84 retained 42 seconds 0.1943253972567618
am1_window_00_frame_54 pair 151 [10, 1] combined 4096 players 220 retained 104 seconds 0.30225238343700767
am1_window_00_frame_54 pair 196 [13, 1] combined 14336 players 94 retained 47 seconds 0.3148658340796828
am1_window_00_frame_54 pair 211 [14, 1] combined 77824 players 4708 retained 256 seconds 0.7345343199558556
am1_window_00_frame_54 pair 217 [14, 7] combined 19500 players 0 retained 0 seconds 0.09806907782331109
am1_window_00_frame_54 pair 219 [14, 9] combined 28072 players 0 retained 0 seconds 0.11051437305286527
am1_window_00_frame_54 pair 0 [0, 1] combined 262144 players 0 retained 0 seconds 0.9641333566978574
am1_window_00_frame_54 pair 15 [1, 0] combined 262144 players 0 retained 0 seconds 0.9040388059802353
am1_window_00_frame_54 pair 16 [1, 2] combined 30720 players 0 retained 0 seconds 0.15155727183446288
am1_window_00_frame_54 pair 17 [1, 3] combined 58368 players 0 retained 0 seconds 0.23391836695373058
am1_window_00_frame_54 pair 18 [1, 4] combined 3072 players 0 retained 0 seconds 0.07234730804339051
am1_window_00_frame_54 pair 19 [1, 5] combined 0 players 0 retained 0 seconds 0.05122561613097787
am1_window_00_frame_54 pair 20 [1, 6] combined 76800 players 628 retained 256 seconds 0.3433563970029354
am1_window_00_frame_54 pair 24 [1, 10] combined 0 players 0 retained 0 seconds 0.04519871808588505
am1_window_00_frame_54 pair 27 [1, 13] combined 0 players 0 retained 0 seconds 0.05845323670655489
am1_window_00_frame_54 pair 28 [1, 14] combined 46800 players 7054 retained 256 seconds 0.4428090499714017
am1_window_00_frame_54 pair 31 [2, 1] combined 67584 players 0 retained 0 seconds 0.24389325780794024
am1_window_00_frame_54 pair 46 [3, 1] combined 89088 players 0 retained 0 seconds 0.3160413410514593
am1_window_00_frame_54 pair 61 [4, 1] combined 2048 players 0 retained 0 seconds 0.04849151708185673
am1_window_00_frame_54 pair 76 [5, 1] combined 0 players 0 retained 0 seconds 0.043348779901862144
am1_window_00_frame_54 pair 91 [6, 1] combined 75776 players 608 retained 256 seconds 0.4043343900702894
am1_window_00_frame_54 pair 118 [7, 14] combined 12 players 0 retained 0 seconds 0.008638495113700628
am1_window_00_frame_54 pair 148 [9, 14] combined 0 players 0 retained 0 seconds 0.011750863865017891
am1_window_00_frame_54 pair 151 [10, 1] combined 0 players 0 retained 0 seconds 0.03815287817269564
am1_window_00_frame_54 pair 196 [13, 1] combined 0 players 0 retained 0 seconds 0.04300600290298462
am1_window_00_frame_54 pair 211 [14, 1] combined 15360 players 742 retained 256 seconds 0.1593683958053589
am1_window_00_frame_54 pair 217 [14, 7] combined 0 players 0 retained 0 seconds 0.010194848757237196
am1_window_00_frame_54 pair 219 [14, 9] combined 0 players 0 retained 0 seconds 0.012460698373615742
[am1_window_00_frame_54] line-template: preparing rectangles
[am1_window_00_frame_54] measuring 768 parents (G0=256, G1=256, line_template=256; conflicting geometry groups=0)
[am1_window_00_frame_54] parents 250/768
[am1_window_00_frame_54] parents 500/768
[am1_window_00_frame_54] parents 750/768
[am1_window_00_frame_54] refitting 768 parents
[am1_window_00_frame_54] refits 250/768; valid children=54
[am1_window_00_frame_54] refits 500/768; valid children=89
[am1_window_00_frame_54] refits 750/768; valid children=303
{"view_id": "am1_window_00_frame_54", "chosen_key": "line_template:rectangle_98207:template_12/child", "no_court_reason": null, "all_checks_equal": null, "error": null}
{"views": ["gxBQ_window_03_frame_77876", "am1_window_00_frame_54"], "startup_seconds": 0.03347813105210662, "wall_seconds": 643.996923383791, "peak_rss_mb": 1038.1328125, "failed": []}
