decoded <run root>/paint_geometry_20260909/gx_extension/videos/gxBQ_HwdgN4.mp4 to frame 185 in 1s
decoded <ShuttleSet root>/external/shuttleset-sources/3 Kento_MOMOTA_CHOU_Tien_Chen_KOREA_OPEN_2019_Final.mp4 to frame 67712 in 331s
decoded <run root>/player_guided_20260908/videos/Cb-xs5rPyxI_gameplay.mp4 to frame 90 in 0s
gxBQ_window_00_frame_5 pair 17 [1, 3] combined 262144 players 4598 retained 256 seconds 1.1993604972958565
gxBQ_window_00_frame_5 pair 19 [1, 5] combined 155648 players 7900 retained 256 seconds 0.8342742905952036
gxBQ_window_00_frame_5 pair 20 [1, 6] combined 262144 players 0 retained 0 seconds 0.8895422830246389
gxBQ_window_00_frame_5 pair 24 [1, 10] combined 40960 players 466 retained 229 seconds 0.28771313605830073
gxBQ_window_00_frame_5 pair 25 [1, 11] combined 262144 players 3588 retained 256 seconds 1.0797898508608341
gxBQ_window_00_frame_5 pair 46 [3, 1] combined 262144 players 2926 retained 256 seconds 1.0525291711091995
gxBQ_window_00_frame_5 pair 51 [3, 7] combined 212992 players 4786 retained 256 seconds 0.8866253313608468
gxBQ_window_00_frame_5 pair 76 [5, 1] combined 23552 players 6004 retained 256 seconds 0.4077780251391232
gxBQ_window_00_frame_5 pair 81 [5, 7] combined 48608 players 3230 retained 256 seconds 0.3093561101704836
gxBQ_window_00_frame_5 pair 82 [5, 8] combined 4480 players 664 retained 256 seconds 0.10009069694206119
gxBQ_window_00_frame_5 pair 83 [5, 9] combined 42400 players 0 retained 0 seconds 0.16876490600407124
gxBQ_window_00_frame_5 pair 91 [6, 1] combined 262144 players 0 retained 0 seconds 0.8623304390348494
gxBQ_window_00_frame_5 pair 108 [7, 3] combined 168960 players 4034 retained 256 seconds 0.7785162995569408
gxBQ_window_00_frame_5 pair 110 [7, 5] combined 111936 players 2982 retained 256 seconds 0.49001311929896474
gxBQ_window_00_frame_5 pair 114 [7, 10] combined 38272 players 370 retained 187 seconds 0.18274004012346268
gxBQ_window_00_frame_5 pair 125 [8, 5] combined 15900 players 1446 retained 256 seconds 0.15454200096428394
gxBQ_window_00_frame_5 pair 129 [8, 10] combined 4284 players 60 retained 30 seconds 0.054745321162045
gxBQ_window_00_frame_5 pair 140 [9, 5] combined 60976 players 0 retained 0 seconds 0.23404688434675336
gxBQ_window_00_frame_5 pair 151 [10, 1] combined 13312 players 1268 retained 256 seconds 0.24240019358694553
gxBQ_window_00_frame_5 pair 157 [10, 7] combined 18396 players 412 retained 205 seconds 0.12690548924729228
gxBQ_window_00_frame_5 pair 158 [10, 8] combined 1476 players 48 retained 24 seconds 0.04529684316366911
gxBQ_window_00_frame_5 pair 166 [11, 1] combined 262144 players 822 retained 256 seconds 0.978178733959794
gxBQ_window_00_frame_5 pair 17 [1, 3] combined 7120 players 290 retained 145 seconds 0.09383558109402657
gxBQ_window_00_frame_5 pair 19 [1, 5] combined 236 players 0 retained 0 seconds 0.02142792521044612
gxBQ_window_00_frame_5 pair 20 [1, 6] combined 9108 players 0 retained 0 seconds 0.048005484975874424
gxBQ_window_00_frame_5 pair 24 [1, 10] combined 204 players 0 retained 0 seconds 0.020211638882756233
gxBQ_window_00_frame_5 pair 25 [1, 11] combined 5400 players 68 retained 32 seconds 0.06446048803627491
gxBQ_window_00_frame_5 pair 46 [3, 1] combined 8908 players 140 retained 65 seconds 0.15490565495565534
gxBQ_window_00_frame_5 pair 51 [3, 7] combined 176 players 22 retained 11 seconds 0.03655190905556083
gxBQ_window_00_frame_5 pair 76 [5, 1] combined 0 players 0 retained 0 seconds 0.019895060919225216
gxBQ_window_00_frame_5 pair 81 [5, 7] combined 0 players 0 retained 0 seconds 0.004211092833429575
gxBQ_window_00_frame_5 pair 82 [5, 8] combined 0 players 0 retained 0 seconds 0.002771614585071802
gxBQ_window_00_frame_5 pair 83 [5, 9] combined 0 players 0 retained 0 seconds 0.00395211111754179
gxBQ_window_00_frame_5 pair 91 [6, 1] combined 10488 players 0 retained 0 seconds 0.0450450899079442
gxBQ_window_00_frame_5 pair 108 [7, 3] combined 160 players 4 retained 2 seconds 0.032231613993644714
gxBQ_window_00_frame_5 pair 110 [7, 5] combined 12 players 0 retained 0 seconds 0.00460180314257741
gxBQ_window_00_frame_5 pair 114 [7, 10] combined 0 players 0 retained 0 seconds 0.0039004930295050144
gxBQ_window_00_frame_5 pair 125 [8, 5] combined 0 players 0 retained 0 seconds 0.002948545850813389
gxBQ_window_00_frame_5 pair 129 [8, 10] combined 0 players 0 retained 0 seconds 0.0031321891583502293
gxBQ_window_00_frame_5 pair 140 [9, 5] combined 0 players 0 retained 0 seconds 0.004650996997952461
gxBQ_window_00_frame_5 pair 151 [10, 1] combined 0 players 0 retained 0 seconds 0.019023688975721598
gxBQ_window_00_frame_5 pair 157 [10, 7] combined 0 players 0 retained 0 seconds 0.004145639017224312
gxBQ_window_00_frame_5 pair 158 [10, 8] combined 0 players 0 retained 0 seconds 0.003301073797047138
gxBQ_window_00_frame_5 pair 166 [11, 1] combined 10240 players 138 retained 63 seconds 0.07846082979813218
[gxBQ_window_00_frame_5] line-template: preparing rectangles
[gxBQ_window_00_frame_5] measuring 768 parents (G0=256, G1=256, line_template=256; conflicting geometry groups=0)
[gxBQ_window_00_frame_5] parents 250/768
[gxBQ_window_00_frame_5] parents 500/768
[gxBQ_window_00_frame_5] parents 750/768
[gxBQ_window_00_frame_5] refitting 768 parents
[gxBQ_window_00_frame_5] refits 250/768; valid children=216
[gxBQ_window_00_frame_5] refits 500/768; valid children=387
[gxBQ_window_00_frame_5] refits 750/768; valid children=572
{"view_id": "gxBQ_window_00_frame_5", "chosen_key": "line_template:rectangle_85795:template_72/child", "no_court_reason": null, "all_checks_equal": null, "error": null}
shuttleset_03_scene_0034 pair 0 [0, 1] combined 262144 players 55874 retained 256 seconds 3.7539032693021
shuttleset_03_scene_0034 pair 1 [0, 2] combined 262144 players 49498 retained 256 seconds 3.688499964773655
shuttleset_03_scene_0034 pair 2 [0, 3] combined 262144 players 66236 retained 256 seconds 4.156474589835852
shuttleset_03_scene_0034 pair 4 [0, 5] combined 103424 players 0 retained 0 seconds 1.3880441542714834
shuttleset_03_scene_0034 pair 5 [0, 6] combined 262144 players 0 retained 0 seconds 1.930783512070775
shuttleset_03_scene_0034 pair 8 [0, 9] combined 262144 players 54861 retained 256 seconds 3.6463892739266157
shuttleset_03_scene_0034 pair 10 [0, 11] combined 223232 players 0 retained 0 seconds 1.736196098383516
shuttleset_03_scene_0034 pair 11 [0, 12] combined 226304 players 840 retained 256 seconds 1.775351702235639
shuttleset_03_scene_0034 pair 12 [0, 13] combined 262144 players 60092 retained 256 seconds 3.873244005255401
shuttleset_03_scene_0034 pair 13 [0, 14] combined 240640 players 40356 retained 256 seconds 2.9893484502099454
shuttleset_03_scene_0034 pair 14 [0, 15] combined 5120 players 8 retained 4 seconds 0.7696824073791504
shuttleset_03_scene_0034 pair 15 [1, 0] combined 262144 players 55778 retained 256 seconds 2.119786342140287
shuttleset_03_scene_0034 pair 30 [2, 0] combined 262144 players 65348 retained 256 seconds 2.230115904007107
shuttleset_03_scene_0034 pair 45 [3, 0] combined 262144 players 70742 retained 256 seconds 2.311280252877623
shuttleset_03_scene_0034 pair 64 [4, 5] combined 93184 players 0 retained 0 seconds 0.24280439596623182
shuttleset_03_scene_0034 pair 67 [4, 8] combined 262144 players 588 retained 256 seconds 0.5500458190217614
shuttleset_03_scene_0034 pair 69 [4, 10] combined 7168 players 2562 retained 256 seconds 0.16803138377144933
shuttleset_03_scene_0034 pair 70 [4, 11] combined 246784 players 0 retained 0 seconds 0.5002046851441264
shuttleset_03_scene_0034 pair 75 [5, 0] combined 152576 players 0 retained 0 seconds 0.7055169162340462
shuttleset_03_scene_0034 pair 79 [5, 4] combined 129024 players 0 retained 0 seconds 0.2782199098728597
shuttleset_03_scene_0034 pair 81 [5, 7] combined 134144 players 0 retained 0 seconds 0.33385919593274593
shuttleset_03_scene_0034 pair 90 [6, 0] combined 262144 players 0 retained 0 seconds 0.9222244368866086
shuttleset_03_scene_0034 pair 110 [7, 5] combined 93184 players 0 retained 0 seconds 0.3248390331864357
shuttleset_03_scene_0034 pair 112 [7, 8] combined 221184 players 0 retained 0 seconds 0.5366080086678267
shuttleset_03_scene_0034 pair 114 [7, 10] combined 6144 players 354 retained 129 seconds 0.2009971346706152
shuttleset_03_scene_0034 pair 115 [7, 11] combined 244736 players 0 retained 0 seconds 0.5903812469914556
shuttleset_03_scene_0034 pair 124 [8, 4] combined 254976 players 1656 retained 256 seconds 0.6160308760590851
shuttleset_03_scene_0034 pair 127 [8, 7] combined 262144 players 0 retained 0 seconds 0.5664517749100924
shuttleset_03_scene_0034 pair 131 [8, 12] combined 132096 players 1092 retained 256 seconds 0.2948858281597495
shuttleset_03_scene_0034 pair 133 [8, 14] combined 131072 players 94 retained 47 seconds 0.2711970768868923
shuttleset_03_scene_0034 pair 135 [9, 0] combined 262144 players 56712 retained 256 seconds 2.052122301887721
shuttleset_03_scene_0034 pair 154 [10, 4] combined 8192 players 3250 retained 256 seconds 0.15331054013222456
shuttleset_03_scene_0034 pair 157 [10, 7] combined 12288 players 2816 retained 256 seconds 0.20238341996446252
shuttleset_03_scene_0034 pair 165 [11, 0] combined 262144 players 0 retained 0 seconds 0.9071970670484006
shuttleset_03_scene_0034 pair 169 [11, 4] combined 262144 players 0 retained 0 seconds 0.5209145862609148
shuttleset_03_scene_0034 pair 172 [11, 7] combined 262144 players 0 retained 0 seconds 0.5556091777980328
shuttleset_03_scene_0034 pair 180 [12, 0] combined 71680 players 2012 retained 256 seconds 0.6492757918313146
shuttleset_03_scene_0034 pair 188 [12, 8] combined 117468 players 386 retained 193 seconds 0.2536184387281537
shuttleset_03_scene_0034 pair 195 [13, 0] combined 262144 players 61988 retained 256 seconds 2.2016499689780176
shuttleset_03_scene_0034 pair 210 [14, 0] combined 227328 players 6832 retained 256 seconds 0.9793999888934195
shuttleset_03_scene_0034 pair 218 [14, 8] combined 155052 players 0 retained 0 seconds 0.288467254023999
shuttleset_03_scene_0034 pair 225 [15, 0] combined 3072 players 0 retained 0 seconds 0.45546270022168756
shuttleset_03_scene_0034 pair 0 [0, 1] combined 262144 players 49692 retained 256 seconds 1.825141416862607
shuttleset_03_scene_0034 pair 1 [0, 2] combined 133120 players 29576 retained 256 seconds 1.3393248058855534
shuttleset_03_scene_0034 pair 2 [0, 3] combined 67584 players 14096 retained 256 seconds 0.8529388038441539
shuttleset_03_scene_0034 pair 4 [0, 5] combined 0 players 0 retained 0 seconds 0.45228437008336186
shuttleset_03_scene_0034 pair 5 [0, 6] combined 12288 players 0 retained 0 seconds 0.4546441216953099
shuttleset_03_scene_0034 pair 8 [0, 9] combined 7168 players 2052 retained 256 seconds 0.5312102911993861
shuttleset_03_scene_0034 pair 10 [0, 11] combined 40960 players 0 retained 0 seconds 0.5028295321390033
shuttleset_03_scene_0034 pair 11 [0, 12] combined 29696 players 104 retained 52 seconds 0.48722130712121725
shuttleset_03_scene_0034 pair 12 [0, 13] combined 256000 players 41386 retained 256 seconds 1.667860637884587
shuttleset_03_scene_0034 pair 13 [0, 14] combined 101376 players 10894 retained 256 seconds 0.9246288961730897
shuttleset_03_scene_0034 pair 14 [0, 15] combined 1024 players 0 retained 0 seconds 0.43757206620648503
shuttleset_03_scene_0034 pair 15 [1, 0] combined 262144 players 61920 retained 256 seconds 1.9039126480929554
shuttleset_03_scene_0034 pair 30 [2, 0] combined 164864 players 41136 retained 256 seconds 1.3438306828029454
shuttleset_03_scene_0034 pair 45 [3, 0] combined 117760 players 29726 retained 256 seconds 1.1582093629986048
shuttleset_03_scene_0034 pair 64 [4, 5] combined 0 players 0 retained 0 seconds 0.017640199977904558
shuttleset_03_scene_0034 pair 67 [4, 8] combined 876 players 0 retained 0 seconds 0.016262510791420937
shuttleset_03_scene_0034 pair 69 [4, 10] combined 308 players 74 retained 36 seconds 0.028929481748491526
shuttleset_03_scene_0034 pair 70 [4, 11] combined 12464 players 0 retained 0 seconds 0.039256488904356956
shuttleset_03_scene_0034 pair 75 [5, 0] combined 0 players 0 retained 0 seconds 0.2857981566339731
shuttleset_03_scene_0034 pair 79 [5, 4] combined 0 players 0 retained 0 seconds 0.010288594756275415
shuttleset_03_scene_0034 pair 81 [5, 7] combined 0 players 0 retained 0 seconds 0.061143232975155115
shuttleset_03_scene_0034 pair 90 [6, 0] combined 16384 players 0 retained 0 seconds 0.322236908134073
shuttleset_03_scene_0034 pair 110 [7, 5] combined 0 players 0 retained 0 seconds 0.10125417821109295
shuttleset_03_scene_0034 pair 112 [7, 8] combined 0 players 0 retained 0 seconds 0.09609613008797169
shuttleset_03_scene_0034 pair 114 [7, 10] combined 3072 players 136 retained 58 seconds 0.12188582168892026
shuttleset_03_scene_0034 pair 115 [7, 11] combined 41984 players 0 retained 0 seconds 0.17407301999628544
shuttleset_03_scene_0034 pair 124 [8, 4] combined 1360 players 0 retained 0 seconds 0.01366465026512742
shuttleset_03_scene_0034 pair 127 [8, 7] combined 2048 players 0 retained 0 seconds 0.06716901110485196
shuttleset_03_scene_0034 pair 131 [8, 12] combined 252 players 0 retained 0 seconds 0.007032939698547125
shuttleset_03_scene_0034 pair 133 [8, 14] combined 784 players 0 retained 0 seconds 0.008976322133094072
shuttleset_03_scene_0034 pair 135 [9, 0] combined 25600 players 5554 retained 256 seconds 0.46355635672807693
shuttleset_03_scene_0034 pair 154 [10, 4] combined 256 players 74 retained 37 seconds 0.02658873237669468
shuttleset_03_scene_0034 pair 157 [10, 7] combined 4096 players 978 retained 256 seconds 0.11732704006135464
shuttleset_03_scene_0034 pair 165 [11, 0] combined 83968 players 0 retained 0 seconds 0.42513299407437444
shuttleset_03_scene_0034 pair 169 [11, 4] combined 24300 players 0 retained 0 seconds 0.057911437936127186
shuttleset_03_scene_0034 pair 172 [11, 7] combined 82944 players 0 retained 0 seconds 0.20251130033284426
shuttleset_03_scene_0034 pair 180 [12, 0] combined 7168 players 0 retained 0 seconds 0.30554871121421456
shuttleset_03_scene_0034 pair 188 [12, 8] combined 152 players 0 retained 0 seconds 0.0074475607834756374
shuttleset_03_scene_0034 pair 195 [13, 0] combined 262144 players 59262 retained 256 seconds 1.9564558160491288
shuttleset_03_scene_0034 pair 210 [14, 0] combined 96256 players 2070 retained 256 seconds 0.528022896964103
shuttleset_03_scene_0034 pair 218 [14, 8] combined 972 players 0 retained 0 seconds 0.01222127303481102
shuttleset_03_scene_0034 pair 225 [15, 0] combined 1024 players 8 retained 4 seconds 0.3116676607169211
[shuttleset_03_scene_0034] line-template: preparing rectangles
[shuttleset_03_scene_0034] measuring 759 parents (G0=256, G1=256, line_template=256; conflicting geometry groups=0)
[shuttleset_03_scene_0034] parents 250/759
[shuttleset_03_scene_0034] parents 500/759
[shuttleset_03_scene_0034] parents 750/759
[shuttleset_03_scene_0034] refitting 759 parents
[shuttleset_03_scene_0034] refits 250/759; valid children=247
[shuttleset_03_scene_0034] refits 500/759; valid children=490
[shuttleset_03_scene_0034] refits 750/759; valid children=683
{"view_id": "shuttleset_03_scene_0034", "chosen_key": "G1:1:2005", "no_court_reason": null, "all_checks_equal": null, "error": null}
letterboxed_short_frame_78 pair 0 [0, 1] combined 222208 players 69848 retained 256 seconds 1.6634289897046983
letterboxed_short_frame_78 pair 1 [0, 2] combined 203776 players 88576 retained 256 seconds 2.05291346879676
letterboxed_short_frame_78 pair 2 [0, 3] combined 182272 players 0 retained 0 seconds 0.39818534068763256
letterboxed_short_frame_78 pair 3 [0, 4] combined 24576 players 0 retained 0 seconds 0.09503676602616906
letterboxed_short_frame_78 pair 5 [0, 6] combined 25600 players 0 retained 0 seconds 0.09147357614710927
letterboxed_short_frame_78 pair 8 [0, 9] combined 1140 players 0 retained 0 seconds 0.04152698069810867
letterboxed_short_frame_78 pair 9 [0, 10] combined 7168 players 0 retained 0 seconds 0.05654023075476289
letterboxed_short_frame_78 pair 11 [0, 12] combined 2048 players 1004 retained 256 seconds 0.09937858209013939
letterboxed_short_frame_78 pair 12 [0, 13] combined 23552 players 228 retained 116 seconds 0.10319237085059285
letterboxed_short_frame_78 pair 13 [0, 14] combined 6144 players 234 retained 118 seconds 0.07485482515767217
letterboxed_short_frame_78 pair 14 [0, 15] combined 20480 players 304 retained 160 seconds 0.10078420583158731
letterboxed_short_frame_78 pair 15 [1, 0] combined 61440 players 18272 retained 256 seconds 0.518689963966608
letterboxed_short_frame_78 pair 19 [1, 5] combined 2704 players 588 retained 256 seconds 0.07213843893259764
letterboxed_short_frame_78 pair 25 [1, 11] combined 1152 players 432 retained 216 seconds 0.061270711943507195
letterboxed_short_frame_78 pair 30 [2, 0] combined 105472 players 10450 retained 256 seconds 0.4314834335818887
letterboxed_short_frame_78 pair 34 [2, 5] combined 4068 players 452 retained 224 seconds 0.11308613792061806
letterboxed_short_frame_78 pair 45 [3, 0] combined 96256 players 0 retained 0 seconds 0.1908357860520482
letterboxed_short_frame_78 pair 55 [3, 11] combined 3024 players 0 retained 0 seconds 0.013161402195692062
letterboxed_short_frame_78 pair 60 [4, 0] combined 20480 players 0 retained 0 seconds 0.07389853103086352
letterboxed_short_frame_78 pair 70 [4, 11] combined 504 players 0 retained 0 seconds 0.007925348822027445
letterboxed_short_frame_78 pair 76 [5, 1] combined 1872 players 0 retained 0 seconds 0.02690950781106949
letterboxed_short_frame_78 pair 77 [5, 2] combined 1568 players 672 retained 256 seconds 0.0652503757737577
letterboxed_short_frame_78 pair 81 [5, 7] combined 0 players 0 retained 0 seconds 0.006431319285184145
letterboxed_short_frame_78 pair 82 [5, 8] combined 108 players 54 retained 27 seconds 0.023473669309169054
letterboxed_short_frame_78 pair 83 [5, 9] combined 0 players 0 retained 0 seconds 0.004436605144292116
letterboxed_short_frame_78 pair 90 [6, 0] combined 3072 players 0 retained 0 seconds 0.04788993485271931
letterboxed_short_frame_78 pair 100 [6, 11] combined 36 players 0 retained 0 seconds 0.005733462981879711
letterboxed_short_frame_78 pair 110 [7, 5] combined 2772 players 0 retained 0 seconds 0.01061191875487566
letterboxed_short_frame_78 pair 114 [7, 10] combined 360 players 0 retained 0 seconds 0.006547014694660902
letterboxed_short_frame_78 pair 119 [7, 15] combined 0 players 0 retained 0 seconds 0.005184443201869726
letterboxed_short_frame_78 pair 125 [8, 5] combined 480 players 32 retained 16 seconds 0.023305906914174557
letterboxed_short_frame_78 pair 135 [9, 0] combined 0 players 0 retained 0 seconds 0.03938293270766735
letterboxed_short_frame_78 pair 140 [9, 5] combined 0 players 0 retained 0 seconds 0.004453183151781559
letterboxed_short_frame_78 pair 145 [9, 11] combined 104 players 0 retained 0 seconds 0.004146340303122997
letterboxed_short_frame_78 pair 150 [10, 0] combined 0 players 0 retained 0 seconds 0.03924449905753136
letterboxed_short_frame_78 pair 157 [10, 7] combined 0 players 0 retained 0 seconds 0.005383525043725967
letterboxed_short_frame_78 pair 160 [10, 11] combined 0 players 0 retained 0 seconds 0.004053852055221796
letterboxed_short_frame_78 pair 166 [11, 1] combined 6832 players 2842 retained 256 seconds 0.11602483596652746
letterboxed_short_frame_78 pair 168 [11, 3] combined 5152 players 0 retained 0 seconds 0.016395776066929102
letterboxed_short_frame_78 pair 169 [11, 4] combined 520 players 0 retained 0 seconds 0.0066848332062363625
letterboxed_short_frame_78 pair 171 [11, 6] combined 968 players 0 retained 0 seconds 0.0063099609687924385
letterboxed_short_frame_78 pair 174 [11, 9] combined 20 players 0 retained 0 seconds 0.0036774827167391777
letterboxed_short_frame_78 pair 175 [11, 10] combined 56 players 0 retained 0 seconds 0.003784836269915104
letterboxed_short_frame_78 pair 176 [11, 12] combined 16 players 8 retained 4 seconds 0.018585956655442715
letterboxed_short_frame_78 pair 177 [11, 13] combined 288 players 0 retained 0 seconds 0.004588274285197258
letterboxed_short_frame_78 pair 178 [11, 14] combined 80 players 4 retained 2 seconds 0.018723004963248968
letterboxed_short_frame_78 pair 179 [11, 15] combined 192 players 24 retained 14 seconds 0.01900434587150812
letterboxed_short_frame_78 pair 180 [12, 0] combined 3072 players 370 retained 170 seconds 0.07518188003450632
letterboxed_short_frame_78 pair 191 [12, 11] combined 128 players 24 retained 12 seconds 0.020993296056985855
letterboxed_short_frame_78 pair 195 [13, 0] combined 2048 players 160 retained 78 seconds 0.06848108721897006
letterboxed_short_frame_78 pair 206 [13, 11] combined 168 players 14 retained 7 seconds 0.019680748227983713
letterboxed_short_frame_78 pair 210 [14, 0] combined 2048 players 160 retained 78 seconds 0.0663742022588849
letterboxed_short_frame_78 pair 221 [14, 11] combined 80 players 36 retained 18 seconds 0.020087268203496933
letterboxed_short_frame_78 pair 225 [15, 0] combined 0 players 0 retained 0 seconds 0.04348770994693041
letterboxed_short_frame_78 pair 232 [15, 7] combined 0 players 0 retained 0 seconds 0.005172064062207937
letterboxed_short_frame_78 pair 236 [15, 11] combined 0 players 0 retained 0 seconds 0.003293024841696024
letterboxed_short_frame_78 pair 0 [0, 1] combined 288 players 0 retained 0 seconds 0.007565135136246681
letterboxed_short_frame_78 pair 1 [0, 2] combined 0 players 0 retained 0 seconds 0.004609996918588877
letterboxed_short_frame_78 pair 2 [0, 3] combined 0 players 0 retained 0 seconds 0.0029955049976706505
letterboxed_short_frame_78 pair 3 [0, 4] combined 0 players 0 retained 0 seconds 0.0027029518969357014
letterboxed_short_frame_78 pair 5 [0, 6] combined 0 players 0 retained 0 seconds 0.002747558057308197
letterboxed_short_frame_78 pair 8 [0, 9] combined 0 players 0 retained 0 seconds 0.0023687570355832577
letterboxed_short_frame_78 pair 9 [0, 10] combined 0 players 0 retained 0 seconds 0.0023747929371893406
letterboxed_short_frame_78 pair 11 [0, 12] combined 0 players 0 retained 0 seconds 0.0024202819913625717
letterboxed_short_frame_78 pair 12 [0, 13] combined 0 players 0 retained 0 seconds 0.0026296540163457394
letterboxed_short_frame_78 pair 13 [0, 14] combined 0 players 0 retained 0 seconds 0.002390666864812374
letterboxed_short_frame_78 pair 14 [0, 15] combined 0 players 0 retained 0 seconds 0.0019970019347965717
letterboxed_short_frame_78 pair 15 [1, 0] combined 56 players 8 retained 4 seconds 0.022579865995794535
letterboxed_short_frame_78 pair 19 [1, 5] combined 0 players 0 retained 0 seconds 0.00660684984177351
letterboxed_short_frame_78 pair 25 [1, 11] combined 0 players 0 retained 0 seconds 0.006453233305364847
letterboxed_short_frame_78 pair 30 [2, 0] combined 40 players 0 retained 0 seconds 0.004590992350131273
letterboxed_short_frame_78 pair 34 [2, 5] combined 0 players 0 retained 0 seconds 0.0034933695569634438
letterboxed_short_frame_78 pair 45 [3, 0] combined 32 players 0 retained 0 seconds 0.0028628287836909294
letterboxed_short_frame_78 pair 55 [3, 11] combined 0 players 0 retained 0 seconds 0.0018024849705398083
letterboxed_short_frame_78 pair 60 [4, 0] combined 0 players 0 retained 0 seconds 0.0024050031788647175
letterboxed_short_frame_78 pair 70 [4, 11] combined 0 players 0 retained 0 seconds 0.0016350229270756245
letterboxed_short_frame_78 pair 76 [5, 1] combined 0 players 0 retained 0 seconds 0.004890096839517355
letterboxed_short_frame_78 pair 77 [5, 2] combined 0 players 0 retained 0 seconds 0.0029087732546031475
letterboxed_short_frame_78 pair 81 [5, 7] combined 0 players 0 retained 0 seconds 0.0012368028983473778
letterboxed_short_frame_78 pair 82 [5, 8] combined 0 players 0 retained 0 seconds 0.0014880578964948654
letterboxed_short_frame_78 pair 83 [5, 9] combined 0 players 0 retained 0 seconds 0.0009937570430338383
letterboxed_short_frame_78 pair 90 [6, 0] combined 0 players 0 retained 0 seconds 0.0022421558387577534
letterboxed_short_frame_78 pair 100 [6, 11] combined 0 players 0 retained 0 seconds 0.001569781918078661
letterboxed_short_frame_78 pair 110 [7, 5] combined 0 players 0 retained 0 seconds 0.0012972671538591385
letterboxed_short_frame_78 pair 114 [7, 10] combined 0 players 0 retained 0 seconds 0.0011321557685732841
letterboxed_short_frame_78 pair 119 [7, 15] combined 0 players 0 retained 0 seconds 0.0013117752969264984
letterboxed_short_frame_78 pair 125 [8, 5] combined 0 players 0 retained 0 seconds 0.0017960458062589169
letterboxed_short_frame_78 pair 135 [9, 0] combined 0 players 0 retained 0 seconds 0.002093395683914423
letterboxed_short_frame_78 pair 140 [9, 5] combined 0 players 0 retained 0 seconds 0.0010183639824390411
letterboxed_short_frame_78 pair 145 [9, 11] combined 0 players 0 retained 0 seconds 0.0011866088025271893
letterboxed_short_frame_78 pair 150 [10, 0] combined 0 players 0 retained 0 seconds 0.0018989709205925465
letterboxed_short_frame_78 pair 157 [10, 7] combined 0 players 0 retained 0 seconds 0.0012418776750564575
letterboxed_short_frame_78 pair 160 [10, 11] combined 0 players 0 retained 0 seconds 0.0012036007829010487
letterboxed_short_frame_78 pair 166 [11, 1] combined 0 players 0 retained 0 seconds 0.005232288036495447
letterboxed_short_frame_78 pair 168 [11, 3] combined 0 players 0 retained 0 seconds 0.0016339151188731194
letterboxed_short_frame_78 pair 169 [11, 4] combined 0 players 0 retained 0 seconds 0.0013758009299635887
letterboxed_short_frame_78 pair 171 [11, 6] combined 0 players 0 retained 0 seconds 0.0015407102182507515
letterboxed_short_frame_78 pair 174 [11, 9] combined 0 players 0 retained 0 seconds 0.0012455829419195652
letterboxed_short_frame_78 pair 175 [11, 10] combined 0 players 0 retained 0 seconds 0.001096314750611782
letterboxed_short_frame_78 pair 176 [11, 12] combined 0 players 0 retained 0 seconds 0.001152615062892437
letterboxed_short_frame_78 pair 177 [11, 13] combined 0 players 0 retained 0 seconds 0.0014004437252879143
letterboxed_short_frame_78 pair 178 [11, 14] combined 0 players 0 retained 0 seconds 0.00121682183817029
letterboxed_short_frame_78 pair 179 [11, 15] combined 0 players 0 retained 0 seconds 0.0012238267809152603
letterboxed_short_frame_78 pair 180 [12, 0] combined 0 players 0 retained 0 seconds 0.002006840892136097
letterboxed_short_frame_78 pair 191 [12, 11] combined 0 players 0 retained 0 seconds 0.001361203845590353
letterboxed_short_frame_78 pair 195 [13, 0] combined 0 players 0 retained 0 seconds 0.0021884371526539326
letterboxed_short_frame_78 pair 206 [13, 11] combined 0 players 0 retained 0 seconds 0.0014625168405473232
letterboxed_short_frame_78 pair 210 [14, 0] combined 0 players 0 retained 0 seconds 0.002216130029410124
letterboxed_short_frame_78 pair 221 [14, 11] combined 0 players 0 retained 0 seconds 0.001249691005796194
letterboxed_short_frame_78 pair 225 [15, 0] combined 0 players 0 retained 0 seconds 0.001813128124922514
letterboxed_short_frame_78 pair 232 [15, 7] combined 0 players 0 retained 0 seconds 0.001357290893793106
letterboxed_short_frame_78 pair 236 [15, 11] combined 0 players 0 retained 0 seconds 0.0011925199069082737
[letterboxed_short_frame_78] line-template: preparing rectangles
[letterboxed_short_frame_78] measuring 516 parents (G0=256, G1=4, line_template=256; conflicting geometry groups=0)
[letterboxed_short_frame_78] parents 250/516
[letterboxed_short_frame_78] parents 500/516
[letterboxed_short_frame_78] refitting 516 parents
[letterboxed_short_frame_78] refits 250/516; valid children=250
[letterboxed_short_frame_78] refits 500/516; valid children=486
{"view_id": "letterboxed_short_frame_78", "chosen_key": "G0:0:21/child", "no_court_reason": null, "all_checks_equal": null, "error": null}
{"views": ["gxBQ_window_00_frame_5", "shuttleset_03_scene_0034", "letterboxed_short_frame_78"], "startup_seconds": 0.04602818377315998, "wall_seconds": 676.3392845927738, "peak_rss_mb": 1132.82421875, "failed": []}
