decoded <ShuttleSet root>/external/shuttleset-sources/3 Kento_MOMOTA_CHOU_Tien_Chen_KOREA_OPEN_2019_Final.mp4 to frame 66072 in 461s
decoded <run root>/player_guided_20260908/videos/am2_h264.mp4 to frame 240 in 1s
shuttleset_03_scene_0017 pair 0 [0, 1] combined 262144 players 0 retained 0 seconds 2.2846103459596634
shuttleset_03_scene_0017 pair 1 [0, 2] combined 262144 players 66450 retained 256 seconds 4.13689544191584
shuttleset_03_scene_0017 pair 2 [0, 3] combined 262144 players 54066 retained 256 seconds 3.654301807284355
shuttleset_03_scene_0017 pair 4 [0, 5] combined 256000 players 0 retained 0 seconds 1.8857936384156346
shuttleset_03_scene_0017 pair 5 [0, 6] combined 262144 players 0 retained 0 seconds 1.9880961179733276
shuttleset_03_scene_0017 pair 9 [0, 10] combined 249856 players 0 retained 0 seconds 1.7552570649422705
shuttleset_03_scene_0017 pair 11 [0, 12] combined 72704 players 17510 retained 256 seconds 1.86967702396214
shuttleset_03_scene_0017 pair 13 [0, 14] combined 26624 players 4566 retained 256 seconds 1.2726938962005079
shuttleset_03_scene_0017 pair 14 [0, 15] combined 5120 players 780 retained 256 seconds 1.1276708892546594
shuttleset_03_scene_0017 pair 15 [1, 0] combined 262144 players 0 retained 0 seconds 1.959510172251612
shuttleset_03_scene_0017 pair 30 [2, 0] combined 262144 players 82116 retained 256 seconds 4.385561191942543
shuttleset_03_scene_0017 pair 33 [2, 4] combined 262144 players 73506 retained 256 seconds 3.872018318157643
shuttleset_03_scene_0017 pair 42 [2, 13] combined 70656 players 16280 retained 256 seconds 1.1082008788362145
shuttleset_03_scene_0017 pair 45 [3, 0] combined 262144 players 58794 retained 256 seconds 3.6347223562188447
shuttleset_03_scene_0017 pair 62 [4, 2] combined 262144 players 67562 retained 256 seconds 3.818509847857058
shuttleset_03_scene_0017 pair 64 [4, 5] combined 262144 players 0 retained 0 seconds 1.1880043311975896
shuttleset_03_scene_0017 pair 65 [4, 6] combined 262144 players 0 retained 0 seconds 1.2023119549266994
shuttleset_03_scene_0017 pair 66 [4, 7] combined 262144 players 1598 retained 256 seconds 1.2726575122214854
shuttleset_03_scene_0017 pair 68 [4, 9] combined 166912 players 0 retained 0 seconds 0.8267755792476237
shuttleset_03_scene_0017 pair 69 [4, 10] combined 240640 players 0 retained 0 seconds 1.0969265177845955
shuttleset_03_scene_0017 pair 72 [4, 13] combined 110592 players 0 retained 0 seconds 0.6661568363197148
shuttleset_03_scene_0017 pair 73 [4, 14] combined 25600 players 5226 retained 256 seconds 0.6499258512631059
shuttleset_03_scene_0017 pair 74 [4, 15] combined 8192 players 2208 retained 256 seconds 0.48935971269384027
shuttleset_03_scene_0017 pair 75 [5, 0] combined 262144 players 0 retained 0 seconds 1.4848088826984167
shuttleset_03_scene_0017 pair 79 [5, 4] combined 262144 players 0 retained 0 seconds 1.1019177259877324
shuttleset_03_scene_0017 pair 90 [6, 0] combined 262144 players 0 retained 0 seconds 1.653135193977505
shuttleset_03_scene_0017 pair 94 [6, 4] combined 262144 players 0 retained 0 seconds 1.1353541379794478
shuttleset_03_scene_0017 pair 109 [7, 4] combined 262144 players 1282 retained 256 seconds 1.1608708621934056
shuttleset_03_scene_0017 pair 112 [7, 8] combined 54272 players 7916 retained 256 seconds 0.6025815797038376
shuttleset_03_scene_0017 pair 115 [7, 11] combined 262144 players 12828 retained 256 seconds 1.3901852779090405
shuttleset_03_scene_0017 pair 127 [8, 7] combined 73728 players 19152 retained 256 seconds 0.9694289062172174
shuttleset_03_scene_0017 pair 128 [8, 9] combined 38916 players 496 retained 243 seconds 0.23686376074329019
shuttleset_03_scene_0017 pair 132 [8, 13] combined 18600 players 2710 retained 256 seconds 0.24102400243282318
shuttleset_03_scene_0017 pair 139 [9, 4] combined 133120 players 0 retained 0 seconds 0.6220527696423233
shuttleset_03_scene_0017 pair 143 [9, 8] combined 41760 players 10244 retained 256 seconds 0.6999989622272551
shuttleset_03_scene_0017 pair 145 [9, 11] combined 82656 players 2366 retained 256 seconds 0.4296645252034068
shuttleset_03_scene_0017 pair 150 [10, 0] combined 262144 players 0 retained 0 seconds 1.5259329699911177
shuttleset_03_scene_0017 pair 154 [10, 4] combined 262144 players 0 retained 0 seconds 1.0936362450011075
shuttleset_03_scene_0017 pair 172 [11, 7] combined 262144 players 6854 retained 256 seconds 1.1637918911874294
shuttleset_03_scene_0017 pair 174 [11, 9] combined 74460 players 442 retained 225 seconds 0.3382263812236488
shuttleset_03_scene_0017 pair 177 [11, 13] combined 67392 players 790 retained 256 seconds 0.34575515892356634
shuttleset_03_scene_0017 pair 180 [12, 0] combined 126976 players 28788 retained 256 seconds 2.0365071310661733
shuttleset_03_scene_0017 pair 192 [12, 13] combined 38064 players 9912 retained 256 seconds 0.5596675965934992
shuttleset_03_scene_0017 pair 197 [13, 2] combined 120832 players 39362 retained 256 seconds 2.0627802363596857
shuttleset_03_scene_0017 pair 199 [13, 4] combined 83968 players 0 retained 0 seconds 0.4965710053220391
shuttleset_03_scene_0017 pair 203 [13, 8] combined 28304 players 4660 retained 256 seconds 0.37308007292449474
shuttleset_03_scene_0017 pair 206 [13, 11] combined 94248 players 2790 retained 256 seconds 0.5060513750649989
shuttleset_03_scene_0017 pair 207 [13, 12] combined 30208 players 10442 retained 256 seconds 0.5683777369558811
shuttleset_03_scene_0017 pair 210 [14, 0] combined 31744 players 7888 retained 256 seconds 1.0697847628034651
shuttleset_03_scene_0017 pair 214 [14, 4] combined 39936 players 11984 retained 256 seconds 0.8019370143301785
shuttleset_03_scene_0017 pair 225 [15, 0] combined 8192 players 2446 retained 256 seconds 0.8434670357964933
shuttleset_03_scene_0017 pair 229 [15, 4] combined 3072 players 910 retained 256 seconds 0.30328010208904743
shuttleset_03_scene_0017 pair 0 [0, 1] combined 262144 players 0 retained 0 seconds 1.6323303901590407
shuttleset_03_scene_0017 pair 1 [0, 2] combined 123904 players 31930 retained 256 seconds 2.105029173195362
shuttleset_03_scene_0017 pair 2 [0, 3] combined 262144 players 60676 retained 256 seconds 3.5761621189303696
shuttleset_03_scene_0017 pair 4 [0, 5] combined 24576 players 0 retained 0 seconds 0.6567634106613696
shuttleset_03_scene_0017 pair 5 [0, 6] combined 93184 players 0 retained 0 seconds 0.888944944832474
shuttleset_03_scene_0017 pair 9 [0, 10] combined 104448 players 0 retained 0 seconds 0.9024640889838338
shuttleset_03_scene_0017 pair 11 [0, 12] combined 6144 players 1522 retained 256 seconds 0.702676541171968
shuttleset_03_scene_0017 pair 13 [0, 14] combined 3072 players 900 retained 256 seconds 0.8649579281918705
shuttleset_03_scene_0017 pair 14 [0, 15] combined 0 players 0 retained 0 seconds 0.6208505192771554
shuttleset_03_scene_0017 pair 15 [1, 0] combined 262144 players 0 retained 0 seconds 1.2593933218158782
shuttleset_03_scene_0017 pair 30 [2, 0] combined 178176 players 52266 retained 256 seconds 2.6887405579909682
shuttleset_03_scene_0017 pair 33 [2, 4] combined 187392 players 39512 retained 256 seconds 2.086380141787231
shuttleset_03_scene_0017 pair 42 [2, 13] combined 34028 players 8322 retained 256 seconds 0.5197770269587636
shuttleset_03_scene_0017 pair 45 [3, 0] combined 262144 players 66192 retained 256 seconds 3.8273948319256306
shuttleset_03_scene_0017 pair 62 [4, 2] combined 122880 players 22386 retained 256 seconds 1.3395541850477457
shuttleset_03_scene_0017 pair 64 [4, 5] combined 28672 players 0 retained 0 seconds 0.18672137521207333
shuttleset_03_scene_0017 pair 65 [4, 6] combined 92160 players 0 retained 0 seconds 0.3811470279470086
shuttleset_03_scene_0017 pair 66 [4, 7] combined 149504 players 3142 retained 256 seconds 0.7061214949935675
shuttleset_03_scene_0017 pair 68 [4, 9] combined 27648 players 0 retained 0 seconds 0.1710372013039887
shuttleset_03_scene_0017 pair 69 [4, 10] combined 102400 players 0 retained 0 seconds 0.4067865749821067
shuttleset_03_scene_0017 pair 72 [4, 13] combined 73728 players 0 retained 0 seconds 0.31411820696666837
shuttleset_03_scene_0017 pair 73 [4, 14] combined 0 players 0 retained 0 seconds 0.08491990296170115
shuttleset_03_scene_0017 pair 74 [4, 15] combined 0 players 0 retained 0 seconds 0.08344276109710336
shuttleset_03_scene_0017 pair 75 [5, 0] combined 30720 players 0 retained 0 seconds 0.5000473307445645
shuttleset_03_scene_0017 pair 79 [5, 4] combined 26624 players 0 retained 0 seconds 0.15382016077637672
shuttleset_03_scene_0017 pair 90 [6, 0] combined 177152 players 0 retained 0 seconds 0.9661268549971282
shuttleset_03_scene_0017 pair 94 [6, 4] combined 177152 players 0 retained 0 seconds 0.6254116497002542
shuttleset_03_scene_0017 pair 109 [7, 4] combined 153600 players 2910 retained 256 seconds 0.6909671830944717
shuttleset_03_scene_0017 pair 112 [7, 8] combined 7728 players 1348 retained 256 seconds 0.1734072151593864
shuttleset_03_scene_0017 pair 115 [7, 11] combined 79864 players 1714 retained 256 seconds 0.5879566851072013
shuttleset_03_scene_0017 pair 127 [8, 7] combined 9776 players 2284 retained 256 seconds 0.1886591473594308
shuttleset_03_scene_0017 pair 128 [8, 9] combined 1280 players 16 retained 8 seconds 0.05239238264039159
shuttleset_03_scene_0017 pair 132 [8, 13] combined 4416 players 720 retained 256 seconds 0.1239008498378098
shuttleset_03_scene_0017 pair 139 [9, 4] combined 36864 players 0 retained 0 seconds 0.16942042019218206
shuttleset_03_scene_0017 pair 143 [9, 8] combined 1680 players 202 retained 102 seconds 0.06380806304514408
shuttleset_03_scene_0017 pair 145 [9, 11] combined 17712 players 106 retained 53 seconds 0.1203671507537365
shuttleset_03_scene_0017 pair 150 [10, 0] combined 172032 players 0 retained 0 seconds 0.9487581020221114
shuttleset_03_scene_0017 pair 154 [10, 4] combined 165888 players 0 retained 0 seconds 0.5915200631134212
shuttleset_03_scene_0017 pair 172 [11, 7] combined 56144 players 60 retained 30 seconds 0.23981966357678175
shuttleset_03_scene_0017 pair 174 [11, 9] combined 18360 players 84 retained 42 seconds 0.1188324480317533
shuttleset_03_scene_0017 pair 177 [11, 13] combined 44520 players 358 retained 179 seconds 0.2317463089711964
shuttleset_03_scene_0017 pair 180 [12, 0] combined 12288 players 2768 retained 256 seconds 0.584329869132489
shuttleset_03_scene_0017 pair 192 [12, 13] combined 2704 players 832 retained 256 seconds 0.11906536715105176
shuttleset_03_scene_0017 pair 197 [13, 2] combined 42828 players 15646 retained 256 seconds 0.8296222062781453
shuttleset_03_scene_0017 pair 199 [13, 4] combined 53248 players 0 retained 0 seconds 0.24023999506607652
shuttleset_03_scene_0017 pair 203 [13, 8] combined 2880 players 50 retained 25 seconds 0.07355153141543269
shuttleset_03_scene_0017 pair 206 [13, 11] combined 44440 players 368 retained 184 seconds 0.23547329613938928
shuttleset_03_scene_0017 pair 207 [13, 12] combined 2848 players 1162 retained 256 seconds 0.14218618208542466
shuttleset_03_scene_0017 pair 210 [14, 0] combined 4096 players 1384 retained 256 seconds 0.49894336285069585
shuttleset_03_scene_0017 pair 214 [14, 4] combined 3072 players 1014 retained 256 seconds 0.15704834461212158
shuttleset_03_scene_0017 pair 225 [15, 0] combined 0 players 0 retained 0 seconds 0.3825345579534769
shuttleset_03_scene_0017 pair 229 [15, 4] combined 0 players 0 retained 0 seconds 0.05548552377149463
[shuttleset_03_scene_0017] line-template: preparing rectangles
[shuttleset_03_scene_0017] measuring 758 parents (G0=256, G1=256, line_template=256; conflicting geometry groups=0)
[shuttleset_03_scene_0017] parents 250/758
[shuttleset_03_scene_0017] parents 500/758
[shuttleset_03_scene_0017] parents 750/758
[shuttleset_03_scene_0017] refitting 758 parents
[shuttleset_03_scene_0017] refits 250/758; valid children=239
[shuttleset_03_scene_0017] refits 500/758; valid children=442
[shuttleset_03_scene_0017] refits 750/758; valid children=661
{"view_id": "shuttleset_03_scene_0017", "chosen_key": "G1:1:3856", "no_court_reason": null, "all_checks_equal": null, "error": null}
shuttleset_03_scene_0032 pair 0 [0, 1] combined 262144 players 0 retained 0 seconds 2.450835470110178
shuttleset_03_scene_0032 pair 1 [0, 2] combined 262144 players 72862 retained 256 seconds 4.599022418260574
shuttleset_03_scene_0032 pair 2 [0, 3] combined 250880 players 0 retained 0 seconds 2.2362308958545327
shuttleset_03_scene_0032 pair 5 [0, 6] combined 262144 players 51006 retained 256 seconds 3.919376906938851
shuttleset_03_scene_0032 pair 7 [0, 8] combined 159744 players 17516 retained 256 seconds 2.397154262755066
shuttleset_03_scene_0032 pair 12 [0, 13] combined 228352 players 0 retained 0 seconds 2.128855094779283
shuttleset_03_scene_0032 pair 14 [0, 15] combined 55296 players 0 retained 0 seconds 1.592424771282822
shuttleset_03_scene_0032 pair 15 [1, 0] combined 262144 players 0 retained 0 seconds 2.120429817121476
shuttleset_03_scene_0032 pair 30 [2, 0] combined 262144 players 71608 retained 256 seconds 4.146655326709151
shuttleset_03_scene_0032 pair 40 [2, 11] combined 28672 players 11360 retained 256 seconds 0.6403287169523537
shuttleset_03_scene_0032 pair 45 [3, 0] combined 262144 players 0 retained 0 seconds 1.827444567810744
shuttleset_03_scene_0032 pair 48 [3, 4] combined 262144 players 0 retained 0 seconds 1.1069671330042183
shuttleset_03_scene_0032 pair 49 [3, 5] combined 262144 players 0 retained 0 seconds 0.9898317526094615
shuttleset_03_scene_0032 pair 63 [4, 3] combined 220160 players 0 retained 0 seconds 1.0875540589913726
shuttleset_03_scene_0032 pair 64 [4, 5] combined 262144 players 0 retained 0 seconds 1.3190503399819136
shuttleset_03_scene_0032 pair 67 [4, 8] combined 162816 players 0 retained 0 seconds 0.8580809268169105
shuttleset_03_scene_0032 pair 72 [4, 13] combined 254976 players 0 retained 0 seconds 1.1993057699874043
shuttleset_03_scene_0032 pair 74 [4, 15] combined 58368 players 0 retained 0 seconds 0.5850887391716242
shuttleset_03_scene_0032 pair 78 [5, 3] combined 248832 players 0 retained 0 seconds 1.0491464049555361
shuttleset_03_scene_0032 pair 79 [5, 4] combined 262144 players 24 retained 12 seconds 1.2879326497204602
shuttleset_03_scene_0032 pair 81 [5, 7] combined 198656 players 56110 retained 256 seconds 2.9021955258212984
shuttleset_03_scene_0032 pair 83 [5, 9] combined 23552 players 444 retained 187 seconds 0.4690341749228537
shuttleset_03_scene_0032 pair 84 [5, 10] combined 177152 players 384 retained 192 seconds 0.8081369739957154
shuttleset_03_scene_0032 pair 85 [5, 11] combined 96256 players 0 retained 0 seconds 0.5210820380598307
shuttleset_03_scene_0032 pair 86 [5, 12] combined 76800 players 18926 retained 256 seconds 1.1941478392109275
shuttleset_03_scene_0032 pair 88 [5, 14] combined 145408 players 0 retained 0 seconds 0.685868916567415
shuttleset_03_scene_0032 pair 90 [6, 0] combined 262144 players 57838 retained 256 seconds 4.188757412135601
shuttleset_03_scene_0032 pair 110 [7, 5] combined 262144 players 66740 retained 256 seconds 3.3050440312363207
shuttleset_03_scene_0032 pair 120 [8, 0] combined 187392 players 5492 retained 256 seconds 1.7933037779293954
shuttleset_03_scene_0032 pair 124 [8, 4] combined 193536 players 1672 retained 256 seconds 0.982125180773437
shuttleset_03_scene_0032 pair 130 [8, 11] combined 12288 players 88 retained 44 seconds 0.1471620942465961
shuttleset_03_scene_0032 pair 140 [9, 5] combined 12288 players 30 retained 15 seconds 0.3312416789121926
shuttleset_03_scene_0032 pair 147 [9, 13] combined 11376 players 0 retained 0 seconds 0.08815383678302169
shuttleset_03_scene_0032 pair 155 [10, 5] combined 49152 players 160 retained 80 seconds 0.34672809299081564
shuttleset_03_scene_0032 pair 162 [10, 13] combined 94208 players 0 retained 0 seconds 0.362884561996907
shuttleset_03_scene_0032 pair 167 [11, 2] combined 61440 players 15910 retained 256 seconds 0.8842200529761612
shuttleset_03_scene_0032 pair 170 [11, 5] combined 31744 players 0 retained 0 seconds 0.26156689086928964
shuttleset_03_scene_0032 pair 173 [11, 8] combined 18432 players 670 retained 256 seconds 0.19866540981456637
shuttleset_03_scene_0032 pair 177 [11, 13] combined 58368 players 0 retained 0 seconds 0.25882374215871096
shuttleset_03_scene_0032 pair 179 [11, 15] combined 18700 players 0 retained 0 seconds 0.115125163923949
shuttleset_03_scene_0032 pair 185 [12, 5] combined 108544 players 26034 retained 256 seconds 1.3431534129194915
shuttleset_03_scene_0032 pair 195 [13, 0] combined 262144 players 0 retained 0 seconds 1.84503542073071
shuttleset_03_scene_0032 pair 199 [13, 4] combined 262144 players 0 retained 0 seconds 1.1241460023447871
shuttleset_03_scene_0032 pair 204 [13, 9] combined 21504 players 42 retained 21 seconds 0.16764952801167965
shuttleset_03_scene_0032 pair 205 [13, 10] combined 77824 players 20 retained 10 seconds 0.3489829278551042
shuttleset_03_scene_0032 pair 206 [13, 11] combined 86016 players 0 retained 0 seconds 0.3497650297358632
shuttleset_03_scene_0032 pair 215 [14, 5] combined 248832 players 0 retained 0 seconds 0.9705777978524566
shuttleset_03_scene_0032 pair 225 [15, 0] combined 111616 players 0 retained 0 seconds 1.4969566660001874
shuttleset_03_scene_0032 pair 229 [15, 4] combined 104448 players 0 retained 0 seconds 0.5701393918134272
shuttleset_03_scene_0032 pair 236 [15, 11] combined 28840 players 0 retained 0 seconds 0.1427319380454719
shuttleset_03_scene_0032 pair 0 [0, 1] combined 262144 players 0 retained 0 seconds 1.7493590218946338
shuttleset_03_scene_0032 pair 1 [0, 2] combined 199680 players 52010 retained 256 seconds 3.361422970890999
shuttleset_03_scene_0032 pair 2 [0, 3] combined 36864 players 0 retained 0 seconds 0.9756875927560031
shuttleset_03_scene_0032 pair 5 [0, 6] combined 246784 players 50268 retained 256 seconds 3.4908512248657644
shuttleset_03_scene_0032 pair 7 [0, 8] combined 43008 players 458 retained 229 seconds 0.9951977813616395
shuttleset_03_scene_0032 pair 12 [0, 13] combined 5120 players 0 retained 0 seconds 0.8232898809947073
shuttleset_03_scene_0032 pair 14 [0, 15] combined 12288 players 0 retained 0 seconds 0.8800501758232713
shuttleset_03_scene_0032 pair 15 [1, 0] combined 262144 players 0 retained 0 seconds 1.482098261360079
shuttleset_03_scene_0032 pair 30 [2, 0] combined 227328 players 64468 retained 256 seconds 3.4927977779880166
shuttleset_03_scene_0032 pair 40 [2, 11] combined 5184 players 1364 retained 256 seconds 0.21860411670058966
shuttleset_03_scene_0032 pair 45 [3, 0] combined 68608 players 0 retained 0 seconds 0.8186936508864164
shuttleset_03_scene_0032 pair 48 [3, 4] combined 78848 players 0 retained 0 seconds 0.3604562799446285
shuttleset_03_scene_0032 pair 49 [3, 5] combined 58368 players 0 retained 0 seconds 0.43650953005999327
shuttleset_03_scene_0032 pair 63 [4, 3] combined 44032 players 0 retained 0 seconds 0.27332003926858306
shuttleset_03_scene_0032 pair 64 [4, 5] combined 262144 players 52 retained 26 seconds 1.0452871429733932
shuttleset_03_scene_0032 pair 67 [4, 8] combined 45056 players 0 retained 0 seconds 0.2426705458201468
shuttleset_03_scene_0032 pair 72 [4, 13] combined 9216 players 0 retained 0 seconds 0.14630134869366884
shuttleset_03_scene_0032 pair 74 [4, 15] combined 11264 players 0 retained 0 seconds 0.14451964804902673
shuttleset_03_scene_0032 pair 78 [5, 3] combined 39936 players 0 retained 0 seconds 0.24297402007505298
shuttleset_03_scene_0032 pair 79 [5, 4] combined 262144 players 6 retained 3 seconds 1.0315033411607146
shuttleset_03_scene_0032 pair 81 [5, 7] combined 43008 players 7052 retained 256 seconds 0.5244188769720495
shuttleset_03_scene_0032 pair 83 [5, 9] combined 12288 players 0 retained 0 seconds 0.13826451171189547
shuttleset_03_scene_0032 pair 84 [5, 10] combined 103424 players 0 retained 0 seconds 0.41726867901161313
shuttleset_03_scene_0032 pair 85 [5, 11] combined 23712 players 0 retained 0 seconds 0.17100330162793398
shuttleset_03_scene_0032 pair 86 [5, 12] combined 0 players 0 retained 0 seconds 0.09689464513212442
shuttleset_03_scene_0032 pair 88 [5, 14] combined 22528 players 0 retained 0 seconds 0.16850270796567202
shuttleset_03_scene_0032 pair 90 [6, 0] combined 262144 players 51772 retained 256 seconds 3.162965170107782
shuttleset_03_scene_0032 pair 110 [7, 5] combined 67584 players 12680 retained 256 seconds 0.7561452751979232
shuttleset_03_scene_0032 pair 120 [8, 0] combined 43008 players 58 retained 29 seconds 0.9093354870565236
shuttleset_03_scene_0032 pair 124 [8, 4] combined 45056 players 58 retained 29 seconds 0.26059578685089946
shuttleset_03_scene_0032 pair 130 [8, 11] combined 1264 players 24 retained 12 seconds 0.07718863198533654
shuttleset_03_scene_0032 pair 140 [9, 5] combined 4096 players 0 retained 0 seconds 0.08040672913193703
shuttleset_03_scene_0032 pair 147 [9, 13] combined 288 players 0 retained 0 seconds 0.013404748868197203
shuttleset_03_scene_0032 pair 155 [10, 5] combined 13312 players 88 retained 42 seconds 0.14038906898349524
shuttleset_03_scene_0032 pair 162 [10, 13] combined 1792 players 0 retained 0 seconds 0.038692610803991556
shuttleset_03_scene_0032 pair 167 [11, 2] combined 10560 players 3356 retained 256 seconds 0.2812032848596573
shuttleset_03_scene_0032 pair 170 [11, 5] combined 0 players 0 retained 0 seconds 0.07841283921152353
shuttleset_03_scene_0032 pair 173 [11, 8] combined 4080 players 112 retained 63 seconds 0.0853661852888763
shuttleset_03_scene_0032 pair 177 [11, 13] combined 1144 players 0 retained 0 seconds 0.032840083353221416
shuttleset_03_scene_0032 pair 179 [11, 15] combined 1012 players 0 retained 0 seconds 0.03373370133340359
shuttleset_03_scene_0032 pair 185 [12, 5] combined 2048 players 652 retained 256 seconds 0.14196931011974812
shuttleset_03_scene_0032 pair 195 [13, 0] combined 9216 players 8 retained 4 seconds 0.5807131361216307
shuttleset_03_scene_0032 pair 199 [13, 4] combined 12288 players 0 retained 0 seconds 0.11222298536449671
shuttleset_03_scene_0032 pair 204 [13, 9] combined 528 players 0 retained 0 seconds 0.01393034914508462
shuttleset_03_scene_0032 pair 205 [13, 10] combined 2016 players 0 retained 0 seconds 0.0316747329197824
shuttleset_03_scene_0032 pair 206 [13, 11] combined 1560 players 0 retained 0 seconds 0.03185869613662362
shuttleset_03_scene_0032 pair 215 [14, 5] combined 34816 players 0 retained 0 seconds 0.1943453513085842
shuttleset_03_scene_0032 pair 225 [15, 0] combined 23552 players 0 retained 0 seconds 0.6001850897446275
shuttleset_03_scene_0032 pair 229 [15, 4] combined 21504 players 0 retained 0 seconds 0.13934118021279573
shuttleset_03_scene_0032 pair 236 [15, 11] combined 1848 players 0 retained 0 seconds 0.02948116371408105
[shuttleset_03_scene_0032] line-template: preparing rectangles
[shuttleset_03_scene_0032] measuring 728 parents (G0=256, G1=256, line_template=256; conflicting geometry groups=0)
[shuttleset_03_scene_0032] parents 250/728
[shuttleset_03_scene_0032] parents 500/728
[shuttleset_03_scene_0032] refitting 728 parents
[shuttleset_03_scene_0032] refits 250/728; valid children=236
[shuttleset_03_scene_0032] refits 500/728; valid children=479
{"view_id": "shuttleset_03_scene_0032", "chosen_key": "G1:1:3627/child", "no_court_reason": null, "all_checks_equal": null, "error": null}
am2_window_00_frame_150 pair 1 [0, 2] combined 262144 players 5996 retained 256 seconds 1.5501716188155115
am2_window_00_frame_150 pair 4 [0, 5] combined 95232 players 0 retained 0 seconds 0.6644066539593041
am2_window_00_frame_150 pair 6 [0, 7] combined 243712 players 5000 retained 256 seconds 1.425363585818559
am2_window_00_frame_150 pair 12 [0, 13] combined 107520 players 1076 retained 256 seconds 0.7666328880004585
am2_window_00_frame_150 pair 13 [0, 14] combined 117760 players 248 retained 124 seconds 0.760465431958437
am2_window_00_frame_150 pair 30 [2, 0] combined 262144 players 11464 retained 256 seconds 1.6308847041800618
am2_window_00_frame_150 pair 32 [2, 3] combined 262144 players 8180 retained 256 seconds 1.5337469638325274
am2_window_00_frame_150 pair 33 [2, 4] combined 262144 players 830 retained 256 seconds 1.1697511528618634
am2_window_00_frame_150 pair 35 [2, 6] combined 77824 players 10576 retained 256 seconds 0.9557370357215405
am2_window_00_frame_150 pair 39 [2, 10] combined 33792 players 6082 retained 256 seconds 0.5525691891089082
am2_window_00_frame_150 pair 41 [2, 12] combined 262144 players 4044 retained 256 seconds 1.291113963816315
am2_window_00_frame_150 pair 44 [2, 15] combined 0 players 0 retained 0 seconds 0.18656469322741032
am2_window_00_frame_150 pair 47 [3, 2] combined 262144 players 15442 retained 256 seconds 1.7865828569047153
am2_window_00_frame_150 pair 49 [3, 5] combined 86016 players 1354 retained 256 seconds 0.6515548108145595
am2_window_00_frame_150 pair 51 [3, 7] combined 262144 players 2666 retained 256 seconds 1.3292785701341927
am2_window_00_frame_150 pair 57 [3, 13] combined 107520 players 3408 retained 256 seconds 0.8116197539493442
am2_window_00_frame_150 pair 58 [3, 14] combined 21504 players 298 retained 137 seconds 0.5749830310232937
am2_window_00_frame_150 pair 62 [4, 2] combined 262144 players 3650 retained 256 seconds 1.230788096319884
am2_window_00_frame_150 pair 64 [4, 5] combined 54272 players 0 retained 0 seconds 0.2997462968342006
am2_window_00_frame_150 pair 66 [4, 7] combined 262144 players 38 retained 19 seconds 1.0149491862393916
am2_window_00_frame_150 pair 72 [4, 13] combined 110592 players 264 retained 132 seconds 0.5014515570364892
am2_window_00_frame_150 pair 73 [4, 14] combined 117760 players 72 retained 34 seconds 0.5169304208829999
am2_window_00_frame_150 pair 75 [5, 0] combined 74752 players 0 retained 0 seconds 0.46464938018471
am2_window_00_frame_150 pair 78 [5, 3] combined 45056 players 648 retained 256 seconds 0.42244500992819667
am2_window_00_frame_150 pair 79 [5, 4] combined 100352 players 0 retained 0 seconds 0.39931586710736156
am2_window_00_frame_150 pair 80 [5, 6] combined 8584 players 790 retained 256 seconds 0.14412033697590232
am2_window_00_frame_150 pair 84 [5, 10] combined 10560 players 1104 retained 256 seconds 0.15610974095761776
am2_window_00_frame_150 pair 86 [5, 12] combined 121856 players 0 retained 0 seconds 0.4394204542040825
am2_window_00_frame_150 pair 89 [5, 15] combined 0 players 0 retained 0 seconds 0.025828802958130836
am2_window_00_frame_150 pair 92 [6, 2] combined 74752 players 23298 retained 256 seconds 1.1851461888290942
am2_window_00_frame_150 pair 95 [6, 5] combined 23432 players 1310 retained 256 seconds 0.3273844039067626
am2_window_00_frame_150 pair 96 [6, 7] combined 88064 players 15266 retained 256 seconds 0.8989034597761929
am2_window_00_frame_150 pair 102 [6, 13] combined 14784 players 3902 retained 256 seconds 0.26477319514378905
am2_window_00_frame_150 pair 103 [6, 14] combined 40392 players 5864 retained 256 seconds 0.39646601816639304
am2_window_00_frame_150 pair 105 [7, 0] combined 262144 players 1442 retained 256 seconds 1.152662584092468
am2_window_00_frame_150 pair 108 [7, 3] combined 262144 players 1942 retained 256 seconds 1.1899359161034226
am2_window_00_frame_150 pair 109 [7, 4] combined 262144 players 0 retained 0 seconds 0.9466291153803468
am2_window_00_frame_150 pair 111 [7, 6] combined 69632 players 4464 retained 256 seconds 0.47311173006892204
am2_window_00_frame_150 pair 114 [7, 10] combined 41984 players 3178 retained 256 seconds 0.34593084920197725
am2_window_00_frame_150 pair 116 [7, 12] combined 262144 players 0 retained 0 seconds 0.9022008557803929
am2_window_00_frame_150 pair 119 [7, 15] combined 0 players 0 retained 0 seconds 0.04002055525779724
am2_window_00_frame_150 pair 152 [10, 2] combined 69632 players 15710 retained 256 seconds 1.043232339899987
am2_window_00_frame_150 pair 155 [10, 5] combined 22176 players 808 retained 256 seconds 0.17225463828071952
am2_window_00_frame_150 pair 157 [10, 7] combined 54272 players 5282 retained 256 seconds 0.42955077113583684
am2_window_00_frame_150 pair 162 [10, 13] combined 13144 players 1866 retained 256 seconds 0.20129010919481516
am2_window_00_frame_150 pair 163 [10, 14] combined 12240 players 974 retained 256 seconds 0.14328870782628655
am2_window_00_frame_150 pair 182 [12, 2] combined 262144 players 5828 retained 256 seconds 1.2477319641038775
am2_window_00_frame_150 pair 185 [12, 5] combined 57344 players 0 retained 0 seconds 0.2626120871864259
am2_window_00_frame_150 pair 187 [12, 7] combined 262144 players 12 retained 6 seconds 0.9452297552488744
am2_window_00_frame_150 pair 195 [13, 0] combined 125952 players 2248 retained 256 seconds 0.7238484737463295
am2_window_00_frame_150 pair 198 [13, 3] combined 137216 players 2358 retained 256 seconds 0.7627071579918265
am2_window_00_frame_150 pair 199 [13, 4] combined 145408 players 682 retained 256 seconds 0.6150104380212724
am2_window_00_frame_150 pair 201 [13, 6] combined 19596 players 2144 retained 256 seconds 0.2307491679675877
am2_window_00_frame_150 pair 205 [13, 10] combined 12596 players 1526 retained 256 seconds 0.16025251289829612
am2_window_00_frame_150 pair 209 [13, 15] combined 0 players 0 retained 0 seconds 0.019332753028720617
am2_window_00_frame_150 pair 210 [14, 0] combined 117760 players 76 retained 38 seconds 0.5864865090698004
am2_window_00_frame_150 pair 213 [14, 3] combined 19456 players 24 retained 6 seconds 0.3047761097550392
am2_window_00_frame_150 pair 214 [14, 4] combined 159744 players 208 retained 99 seconds 0.6065942631103098
am2_window_00_frame_150 pair 216 [14, 6] combined 53136 players 4194 retained 256 seconds 0.38969097286462784
am2_window_00_frame_150 pair 220 [14, 10] combined 12936 players 228 retained 106 seconds 0.10806082002818584
am2_window_00_frame_150 pair 224 [14, 15] combined 0 players 0 retained 0 seconds 0.015351853799074888
am2_window_00_frame_150 pair 227 [15, 2] combined 0 players 0 retained 0 seconds 0.11419076984748244
am2_window_00_frame_150 pair 230 [15, 5] combined 0 players 0 retained 0 seconds 0.016997174825519323
am2_window_00_frame_150 pair 232 [15, 7] combined 0 players 0 retained 0 seconds 0.03443101001903415
am2_window_00_frame_150 pair 238 [15, 13] combined 0 players 0 retained 0 seconds 0.015274339355528355
am2_window_00_frame_150 pair 239 [15, 14] combined 0 players 0 retained 0 seconds 0.016244143713265657
am2_window_00_frame_150 pair 1 [0, 2] combined 262144 players 7762 retained 256 seconds 1.266707361675799
am2_window_00_frame_150 pair 4 [0, 5] combined 0 players 0 retained 0 seconds 0.09658844815567136
am2_window_00_frame_150 pair 6 [0, 7] combined 50176 players 368 retained 182 seconds 0.3128394694067538
am2_window_00_frame_150 pair 12 [0, 13] combined 14336 players 0 retained 0 seconds 0.13708217022940516
am2_window_00_frame_150 pair 13 [0, 14] combined 64512 players 96 retained 48 seconds 0.3324846876785159
am2_window_00_frame_150 pair 30 [2, 0] combined 262144 players 15100 retained 256 seconds 1.4758065231144428
am2_window_00_frame_150 pair 32 [2, 3] combined 262144 players 4604 retained 256 seconds 1.166075501125306
am2_window_00_frame_150 pair 33 [2, 4] combined 262144 players 2748 retained 256 seconds 1.0567949740216136
am2_window_00_frame_150 pair 35 [2, 6] combined 0 players 0 retained 0 seconds 0.0845066630281508
am2_window_00_frame_150 pair 39 [2, 10] combined 2048 players 244 retained 120 seconds 0.13073573494330049
am2_window_00_frame_150 pair 41 [2, 12] combined 203776 players 944 retained 256 seconds 0.8130322392098606
am2_window_00_frame_150 pair 44 [2, 15] combined 0 players 0 retained 0 seconds 0.07542861578986049
am2_window_00_frame_150 pair 47 [3, 2] combined 262144 players 17032 retained 256 seconds 1.5320870806463063
am2_window_00_frame_150 pair 49 [3, 5] combined 0 players 0 retained 0 seconds 0.07019464997574687
am2_window_00_frame_150 pair 51 [3, 7] combined 57344 players 372 retained 186 seconds 0.31012420915067196
am2_window_00_frame_150 pair 57 [3, 13] combined 17408 players 0 retained 0 seconds 0.13003883231431246
am2_window_00_frame_150 pair 58 [3, 14] combined 10240 players 108 retained 58 seconds 0.14981513004750013
am2_window_00_frame_150 pair 62 [4, 2] combined 262144 players 3888 retained 256 seconds 1.3336056363768876
am2_window_00_frame_150 pair 64 [4, 5] combined 0 players 0 retained 0 seconds 0.055391605012118816
am2_window_00_frame_150 pair 66 [4, 7] combined 48128 players 0 retained 0 seconds 0.19592025177553296
am2_window_00_frame_150 pair 72 [4, 13] combined 4888 players 0 retained 0 seconds 0.045354449190199375
am2_window_00_frame_150 pair 73 [4, 14] combined 69632 players 0 retained 0 seconds 0.2589622251689434
am2_window_00_frame_150 pair 75 [5, 0] combined 0 players 0 retained 0 seconds 0.06261238781735301
am2_window_00_frame_150 pair 78 [5, 3] combined 0 players 0 retained 0 seconds 0.04287409596145153
am2_window_00_frame_150 pair 79 [5, 4] combined 0 players 0 retained 0 seconds 0.032527772244066
am2_window_00_frame_150 pair 80 [5, 6] combined 0 players 0 retained 0 seconds 0.0072761899791657925
am2_window_00_frame_150 pair 84 [5, 10] combined 0 players 0 retained 0 seconds 0.006394016090780497
am2_window_00_frame_150 pair 86 [5, 12] combined 0 players 0 retained 0 seconds 0.02165640937164426
am2_window_00_frame_150 pair 89 [5, 15] combined 0 players 0 retained 0 seconds 0.005088931880891323
am2_window_00_frame_150 pair 92 [6, 2] combined 0 players 0 retained 0 seconds 0.06332722725346684
am2_window_00_frame_150 pair 95 [6, 5] combined 0 players 0 retained 0 seconds 0.0081726242788136
am2_window_00_frame_150 pair 96 [6, 7] combined 352 players 0 retained 0 seconds 0.016575398854911327
am2_window_00_frame_150 pair 102 [6, 13] combined 0 players 0 retained 0 seconds 0.007594169117510319
am2_window_00_frame_150 pair 103 [6, 14] combined 928 players 96 retained 48 seconds 0.04812992876395583
am2_window_00_frame_150 pair 105 [7, 0] combined 34816 players 78 retained 37 seconds 0.21092963917180896
am2_window_00_frame_150 pair 108 [7, 3] combined 90112 players 60 retained 30 seconds 0.37475623190402985
am2_window_00_frame_150 pair 109 [7, 4] combined 64584 players 0 retained 0 seconds 0.23562076315283775
am2_window_00_frame_150 pair 111 [7, 6] combined 0 players 0 retained 0 seconds 0.01784443110227585
am2_window_00_frame_150 pair 114 [7, 10] combined 960 players 0 retained 0 seconds 0.021444675978273153
am2_window_00_frame_150 pair 116 [7, 12] combined 55200 players 0 retained 0 seconds 0.2106639719568193
am2_window_00_frame_150 pair 119 [7, 15] combined 0 players 0 retained 0 seconds 0.017014660872519016
am2_window_00_frame_150 pair 152 [10, 2] combined 5120 players 728 retained 256 seconds 0.14921515434980392
am2_window_00_frame_150 pair 155 [10, 5] combined 0 players 0 retained 0 seconds 0.0074913580901920795
am2_window_00_frame_150 pair 157 [10, 7] combined 592 players 0 retained 0 seconds 0.016110575292259455
am2_window_00_frame_150 pair 162 [10, 13] combined 0 players 0 retained 0 seconds 0.006607318762689829
am2_window_00_frame_150 pair 163 [10, 14] combined 0 players 0 retained 0 seconds 0.01008664071559906
am2_window_00_frame_150 pair 182 [12, 2] combined 121856 players 1402 retained 256 seconds 0.5449862289242446
am2_window_00_frame_150 pair 185 [12, 5] combined 0 players 0 retained 0 seconds 0.03030435089021921
am2_window_00_frame_150 pair 187 [12, 7] combined 47104 players 0 retained 0 seconds 0.1874777851626277
am2_window_00_frame_150 pair 195 [13, 0] combined 18432 players 16 retained 8 seconds 0.15852923598140478
am2_window_00_frame_150 pair 198 [13, 3] combined 22528 players 0 retained 0 seconds 0.12262090295553207
am2_window_00_frame_150 pair 199 [13, 4] combined 2660 players 0 retained 0 seconds 0.03279393585398793
am2_window_00_frame_150 pair 201 [13, 6] combined 0 players 0 retained 0 seconds 0.009701634757220745
am2_window_00_frame_150 pair 205 [13, 10] combined 0 players 0 retained 0 seconds 0.006985186133533716
am2_window_00_frame_150 pair 209 [13, 15] combined 0 players 0 retained 0 seconds 0.004934196826070547
am2_window_00_frame_150 pair 210 [14, 0] combined 64512 players 106 retained 53 seconds 0.3029642989858985
am2_window_00_frame_150 pair 213 [14, 3] combined 4096 players 0 retained 0 seconds 0.06842443021014333
am2_window_00_frame_150 pair 214 [14, 4] combined 78120 players 0 retained 0 seconds 0.2656774721108377
am2_window_00_frame_150 pair 216 [14, 6] combined 0 players 0 retained 0 seconds 0.015506100375205278
am2_window_00_frame_150 pair 220 [14, 10] combined 0 players 0 retained 0 seconds 0.013579335995018482
am2_window_00_frame_150 pair 224 [14, 15] combined 0 players 0 retained 0 seconds 0.010749207809567451
am2_window_00_frame_150 pair 227 [15, 2] combined 0 players 0 retained 0 seconds 0.0573052610270679
am2_window_00_frame_150 pair 230 [15, 5] combined 0 players 0 retained 0 seconds 0.004930503200739622
am2_window_00_frame_150 pair 232 [15, 7] combined 0 players 0 retained 0 seconds 0.014033252373337746
am2_window_00_frame_150 pair 238 [15, 13] combined 0 players 0 retained 0 seconds 0.0053308638744056225
am2_window_00_frame_150 pair 239 [15, 14] combined 0 players 0 retained 0 seconds 0.009238312020897865
[am2_window_00_frame_150] line-template: preparing rectangles
[am2_window_00_frame_150] measuring 767 parents (G0=256, G1=256, line_template=256; conflicting geometry groups=0)
[am2_window_00_frame_150] parents 250/767
[am2_window_00_frame_150] parents 500/767
[am2_window_00_frame_150] parents 750/767
[am2_window_00_frame_150] refitting 767 parents
[am2_window_00_frame_150] refits 250/767; valid children=148
[am2_window_00_frame_150] refits 500/767; valid children=242
[am2_window_00_frame_150] refits 750/767; valid children=322
{"view_id": "am2_window_00_frame_150", "chosen_key": "G1:30:137/child", "no_court_reason": null, "all_checks_equal": null, "error": null}
{"views": ["shuttleset_03_scene_0017", "shuttleset_03_scene_0032", "am2_window_00_frame_150"], "startup_seconds": 0.03210356505587697, "wall_seconds": 1123.2233696742915, "peak_rss_mb": 1309.5234375, "failed": []}
