decoded <ShuttleSet root>/external/shuttleset-sources/3 Kento_MOMOTA_CHOU_Tien_Chen_KOREA_OPEN_2019_Final.mp4 to frame 54742 in 378s
decoded <run root>/player_guided_20260908/videos/am3_h264.mp4 to frame 90 in 1s
shuttleset_03_scene_0016 pair 0 [0, 1] combined 262144 players 0 retained 0 seconds 2.1745124086737633
shuttleset_03_scene_0016 pair 1 [0, 2] combined 262144 players 59054 retained 256 seconds 3.792112363036722
shuttleset_03_scene_0016 pair 2 [0, 3] combined 218112 players 0 retained 0 seconds 1.658471331000328
shuttleset_03_scene_0016 pair 4 [0, 5] combined 262144 players 48532 retained 256 seconds 3.386055218987167
shuttleset_03_scene_0016 pair 5 [0, 6] combined 114688 players 0 retained 0 seconds 1.3655922319740057
shuttleset_03_scene_0016 pair 7 [0, 8] combined 262144 players 0 retained 0 seconds 1.931188234128058
shuttleset_03_scene_0016 pair 8 [0, 9] combined 58368 players 0 retained 0 seconds 1.0307383639737964
shuttleset_03_scene_0016 pair 9 [0, 10] combined 262144 players 65196 retained 256 seconds 4.029977839905769
shuttleset_03_scene_0016 pair 10 [0, 11] combined 226304 players 0 retained 0 seconds 1.5741189839318395
shuttleset_03_scene_0016 pair 11 [0, 12] combined 225280 players 17548 retained 256 seconds 2.297489278949797
shuttleset_03_scene_0016 pair 12 [0, 13] combined 15360 players 1140 retained 256 seconds 1.121219458989799
shuttleset_03_scene_0016 pair 15 [1, 0] combined 262144 players 0 retained 0 seconds 1.9145160312764347
shuttleset_03_scene_0016 pair 18 [1, 4] combined 262144 players 0 retained 0 seconds 1.4386620931327343
shuttleset_03_scene_0016 pair 30 [2, 0] combined 262144 players 66360 retained 256 seconds 3.648792342748493
shuttleset_03_scene_0016 pair 33 [2, 4] combined 262144 players 81342 retained 256 seconds 3.951480971183628
shuttleset_03_scene_0016 pair 45 [3, 0] combined 262144 players 0 retained 0 seconds 1.6020218171179295
shuttleset_03_scene_0016 pair 48 [3, 4] combined 262144 players 0 retained 0 seconds 1.0516009819693863
shuttleset_03_scene_0016 pair 61 [4, 1] combined 262144 players 0 retained 0 seconds 1.3502104529179633
shuttleset_03_scene_0016 pair 62 [4, 2] combined 262144 players 69610 retained 256 seconds 3.68118315609172
shuttleset_03_scene_0016 pair 63 [4, 3] combined 230400 players 0 retained 0 seconds 0.9909762851893902
shuttleset_03_scene_0016 pair 64 [4, 5] combined 262144 players 64446 retained 256 seconds 3.4774639387615025
shuttleset_03_scene_0016 pair 65 [4, 6] combined 93184 players 706 retained 256 seconds 0.6012031617574394
shuttleset_03_scene_0016 pair 67 [4, 8] combined 262144 players 0 retained 0 seconds 1.1285305018536747
shuttleset_03_scene_0016 pair 68 [4, 9] combined 77824 players 0 retained 0 seconds 0.4638631120324135
shuttleset_03_scene_0016 pair 69 [4, 10] combined 262144 players 75346 retained 256 seconds 3.787396827712655
shuttleset_03_scene_0016 pair 70 [4, 11] combined 242688 players 0 retained 0 seconds 1.023719599004835
shuttleset_03_scene_0016 pair 71 [4, 12] combined 262144 players 25637 retained 256 seconds 1.9497866993770003
shuttleset_03_scene_0016 pair 72 [4, 13] combined 18432 players 1296 retained 256 seconds 0.39327971637248993
shuttleset_03_scene_0016 pair 75 [5, 0] combined 262144 players 61678 retained 256 seconds 3.886637510266155
shuttleset_03_scene_0016 pair 79 [5, 4] combined 262144 players 64084 retained 256 seconds 3.471066744066775
shuttleset_03_scene_0016 pair 90 [6, 0] combined 110592 players 0 retained 0 seconds 1.0236824536696076
shuttleset_03_scene_0016 pair 94 [6, 4] combined 130048 players 746 retained 256 seconds 0.6362776607275009
shuttleset_03_scene_0016 pair 96 [6, 7] combined 36400 players 332 retained 166 seconds 0.2127005960792303
shuttleset_03_scene_0016 pair 104 [6, 15] combined 63960 players 744 retained 256 seconds 0.3042404009029269
shuttleset_03_scene_0016 pair 111 [7, 6] combined 27744 players 38 retained 19 seconds 0.1487477389164269
shuttleset_03_scene_0016 pair 113 [7, 9] combined 7740 players 0 retained 0 seconds 0.060699726920574903
shuttleset_03_scene_0016 pair 115 [7, 11] combined 21504 players 0 retained 0 seconds 0.10581789398565888
shuttleset_03_scene_0016 pair 117 [7, 13] combined 2600 players 160 retained 80 seconds 0.06917271204292774
shuttleset_03_scene_0016 pair 120 [8, 0] combined 262144 players 0 retained 0 seconds 1.619447072967887
shuttleset_03_scene_0016 pair 124 [8, 4] combined 262144 players 0 retained 0 seconds 1.1182213979773223
shuttleset_03_scene_0016 pair 135 [9, 0] combined 53248 players 0 retained 0 seconds 0.8072607493959367
shuttleset_03_scene_0016 pair 139 [9, 4] combined 43008 players 0 retained 0 seconds 0.30058789206668735
shuttleset_03_scene_0016 pair 142 [9, 7] combined 8436 players 0 retained 0 seconds 0.056250743102282286
shuttleset_03_scene_0016 pair 149 [9, 15] combined 18260 players 0 retained 0 seconds 0.08754596766084433
shuttleset_03_scene_0016 pair 150 [10, 0] combined 262144 players 70716 retained 256 seconds 4.159745290875435
shuttleset_03_scene_0016 pair 154 [10, 4] combined 262144 players 80554 retained 256 seconds 3.7594603789038956
shuttleset_03_scene_0016 pair 165 [11, 0] combined 262144 players 0 retained 0 seconds 1.5590587281621993
shuttleset_03_scene_0016 pair 169 [11, 4] combined 262144 players 108 retained 54 seconds 1.0394235970452428
shuttleset_03_scene_0016 pair 172 [11, 7] combined 48128 players 0 retained 0 seconds 0.2054763687774539
shuttleset_03_scene_0016 pair 179 [11, 15] combined 112640 players 0 retained 0 seconds 0.3867018925957382
shuttleset_03_scene_0016 pair 180 [12, 0] combined 247808 players 12102 retained 256 seconds 1.9064398468472064
shuttleset_03_scene_0016 pair 184 [12, 4] combined 218112 players 9938 retained 256 seconds 1.3790199784561992
shuttleset_03_scene_0016 pair 195 [13, 0] combined 15360 players 4050 retained 256 seconds 0.8882140810601413
shuttleset_03_scene_0016 pair 199 [13, 4] combined 17408 players 5534 retained 256 seconds 0.49065339006483555
shuttleset_03_scene_0016 pair 202 [13, 7] combined 720 players 104 retained 52 seconds 0.056463881861418486
shuttleset_03_scene_0016 pair 209 [13, 15] combined 1360 players 148 retained 74 seconds 0.0658881370909512
shuttleset_03_scene_0016 pair 231 [15, 6] combined 50184 players 270 retained 135 seconds 0.2349632177501917
shuttleset_03_scene_0016 pair 234 [15, 9] combined 23956 players 0 retained 0 seconds 0.10800001444295049
shuttleset_03_scene_0016 pair 236 [15, 11] combined 50176 players 0 retained 0 seconds 0.20574267767369747
shuttleset_03_scene_0016 pair 238 [15, 13] combined 4576 players 200 retained 100 seconds 0.08435646491125226
shuttleset_03_scene_0016 pair 0 [0, 1] combined 262144 players 0 retained 0 seconds 1.3950855252332985
shuttleset_03_scene_0016 pair 1 [0, 2] combined 114688 players 28962 retained 256 seconds 1.9054662678390741
shuttleset_03_scene_0016 pair 2 [0, 3] combined 16384 players 0 retained 0 seconds 0.5967709259130061
shuttleset_03_scene_0016 pair 4 [0, 5] combined 151552 players 38672 retained 256 seconds 2.6305642263032496
shuttleset_03_scene_0016 pair 5 [0, 6] combined 11264 players 0 retained 0 seconds 0.582263866905123
shuttleset_03_scene_0016 pair 7 [0, 8] combined 198656 players 0 retained 0 seconds 1.158732722979039
shuttleset_03_scene_0016 pair 8 [0, 9] combined 2048 players 0 retained 0 seconds 0.466733927372843
shuttleset_03_scene_0016 pair 9 [0, 10] combined 23552 players 4216 retained 256 seconds 0.8164624199271202
shuttleset_03_scene_0016 pair 10 [0, 11] combined 4096 players 0 retained 0 seconds 0.5074984901584685
shuttleset_03_scene_0016 pair 11 [0, 12] combined 77824 players 5034 retained 256 seconds 0.9375297022052109
shuttleset_03_scene_0016 pair 12 [0, 13] combined 4096 players 28 retained 12 seconds 0.5832444308325648
shuttleset_03_scene_0016 pair 15 [1, 0] combined 262144 players 0 retained 0 seconds 1.2485563876107335
shuttleset_03_scene_0016 pair 18 [1, 4] combined 262144 players 0 retained 0 seconds 0.9973040940240026
shuttleset_03_scene_0016 pair 30 [2, 0] combined 143360 players 45706 retained 256 seconds 2.360077594872564
shuttleset_03_scene_0016 pair 33 [2, 4] combined 142336 players 38262 retained 256 seconds 2.118437028955668
shuttleset_03_scene_0016 pair 45 [3, 0] combined 27648 players 0 retained 0 seconds 0.44596223812550306
shuttleset_03_scene_0016 pair 48 [3, 4] combined 28672 players 0 retained 0 seconds 0.1916219969280064
shuttleset_03_scene_0016 pair 61 [4, 1] combined 262144 players 0 retained 0 seconds 1.0110527179203928
shuttleset_03_scene_0016 pair 62 [4, 2] combined 117760 players 27360 retained 256 seconds 1.4865703247487545
shuttleset_03_scene_0016 pair 63 [4, 3] combined 17408 players 0 retained 0 seconds 0.20433194190263748
shuttleset_03_scene_0016 pair 64 [4, 5] combined 155648 players 33714 retained 256 seconds 1.9364972589537501
shuttleset_03_scene_0016 pair 65 [4, 6] combined 15360 players 0 retained 0 seconds 0.19515186687931418
shuttleset_03_scene_0016 pair 67 [4, 8] combined 207872 players 0 retained 0 seconds 0.8039601109921932
shuttleset_03_scene_0016 pair 68 [4, 9] combined 2048 players 0 retained 0 seconds 0.13805610686540604
shuttleset_03_scene_0016 pair 69 [4, 10] combined 23552 players 3820 retained 256 seconds 0.40467172861099243
shuttleset_03_scene_0016 pair 70 [4, 11] combined 4096 players 0 retained 0 seconds 0.14622456301003695
shuttleset_03_scene_0016 pair 71 [4, 12] combined 63488 players 6762 retained 256 seconds 0.607844416052103
shuttleset_03_scene_0016 pair 72 [4, 13] combined 4096 players 0 retained 0 seconds 0.14967803331092
shuttleset_03_scene_0016 pair 75 [5, 0] combined 253952 players 66106 retained 256 seconds 3.7078648968599737
shuttleset_03_scene_0016 pair 79 [5, 4] combined 252928 players 62900 retained 256 seconds 3.2401238847523928
shuttleset_03_scene_0016 pair 90 [6, 0] combined 27648 players 0 retained 0 seconds 0.44600741704925895
shuttleset_03_scene_0016 pair 94 [6, 4] combined 16384 players 24 retained 12 seconds 0.17617227183654904
shuttleset_03_scene_0016 pair 96 [6, 7] combined 96 players 0 retained 0 seconds 0.010190316010266542
shuttleset_03_scene_0016 pair 104 [6, 15] combined 192 players 0 retained 0 seconds 0.010014294646680355
shuttleset_03_scene_0016 pair 111 [7, 6] combined 0 players 0 retained 0 seconds 0.007463875226676464
shuttleset_03_scene_0016 pair 113 [7, 9] combined 0 players 0 retained 0 seconds 0.007161557674407959
shuttleset_03_scene_0016 pair 115 [7, 11] combined 12 players 0 retained 0 seconds 0.005884191952645779
shuttleset_03_scene_0016 pair 117 [7, 13] combined 16 players 0 retained 0 seconds 0.0056429412215948105
shuttleset_03_scene_0016 pair 120 [8, 0] combined 262144 players 0 retained 0 seconds 1.427857039961964
shuttleset_03_scene_0016 pair 124 [8, 4] combined 262144 players 0 retained 0 seconds 0.9523874032311141
shuttleset_03_scene_0016 pair 135 [9, 0] combined 3072 players 0 retained 0 seconds 0.3648629281669855
shuttleset_03_scene_0016 pair 139 [9, 4] combined 5120 players 0 retained 0 seconds 0.11961520416662097
shuttleset_03_scene_0016 pair 142 [9, 7] combined 0 players 0 retained 0 seconds 0.009388663340359926
shuttleset_03_scene_0016 pair 149 [9, 15] combined 0 players 0 retained 0 seconds 0.00784363318234682
shuttleset_03_scene_0016 pair 150 [10, 0] combined 63488 players 16554 retained 256 seconds 1.1498099830932915
shuttleset_03_scene_0016 pair 154 [10, 4] combined 62464 players 16554 retained 256 seconds 0.9130809856578708
shuttleset_03_scene_0016 pair 165 [11, 0] combined 0 players 0 retained 0 seconds 0.3582549002021551
shuttleset_03_scene_0016 pair 169 [11, 4] combined 0 players 0 retained 0 seconds 0.09384732693433762
shuttleset_03_scene_0016 pair 172 [11, 7] combined 4 players 0 retained 0 seconds 0.007236959878355265
shuttleset_03_scene_0016 pair 179 [11, 15] combined 16 players 0 retained 0 seconds 0.006548464763909578
shuttleset_03_scene_0016 pair 180 [12, 0] combined 56320 players 1658 retained 256 seconds 0.6245892276056111
shuttleset_03_scene_0016 pair 184 [12, 4] combined 72704 players 8732 retained 256 seconds 0.6637806287035346
shuttleset_03_scene_0016 pair 195 [13, 0] combined 2048 players 284 retained 112 seconds 0.4091132301837206
shuttleset_03_scene_0016 pair 199 [13, 4] combined 2048 players 254 retained 114 seconds 0.15232934895902872
shuttleset_03_scene_0016 pair 202 [13, 7] combined 0 players 0 retained 0 seconds 0.007470348849892616
shuttleset_03_scene_0016 pair 209 [13, 15] combined 0 players 0 retained 0 seconds 0.006077460944652557
shuttleset_03_scene_0016 pair 231 [15, 6] combined 0 players 0 retained 0 seconds 0.007902180310338736
shuttleset_03_scene_0016 pair 234 [15, 9] combined 32 players 0 retained 0 seconds 0.006105347070842981
shuttleset_03_scene_0016 pair 236 [15, 11] combined 16 players 0 retained 0 seconds 0.0055949208326637745
shuttleset_03_scene_0016 pair 238 [15, 13] combined 16 players 0 retained 0 seconds 0.005593075882643461
[shuttleset_03_scene_0016] line-template: preparing rectangles
[shuttleset_03_scene_0016] measuring 736 parents (G0=256, G1=256, line_template=256; conflicting geometry groups=0)
[shuttleset_03_scene_0016] parents 250/736
[shuttleset_03_scene_0016] parents 500/736
[shuttleset_03_scene_0016] refitting 736 parents
[shuttleset_03_scene_0016] refits 250/736; valid children=250
[shuttleset_03_scene_0016] refits 500/736; valid children=500
{"view_id": "shuttleset_03_scene_0016", "chosen_key": "G0:1:4532", "no_court_reason": null, "all_checks_equal": null, "error": null}
shuttleset_03_scene_0023 pair 0 [0, 1] combined 262144 players 0 retained 0 seconds 1.795529124327004
shuttleset_03_scene_0023 pair 1 [0, 2] combined 262144 players 60684 retained 256 seconds 3.868382269050926
shuttleset_03_scene_0023 pair 4 [0, 5] combined 262144 players 0 retained 0 seconds 1.7460647118277848
shuttleset_03_scene_0023 pair 5 [0, 6] combined 116736 players 2458 retained 256 seconds 1.3586405399255455
shuttleset_03_scene_0023 pair 7 [0, 8] combined 262144 players 0 retained 0 seconds 1.800163647159934
shuttleset_03_scene_0023 pair 11 [0, 12] combined 262144 players 8016 retained 256 seconds 1.9791051680222154
shuttleset_03_scene_0023 pair 12 [0, 13] combined 231424 players 22834 retained 256 seconds 2.3807595730759203
shuttleset_03_scene_0023 pair 13 [0, 14] combined 65536 players 0 retained 0 seconds 1.099547822959721
shuttleset_03_scene_0023 pair 15 [1, 0] combined 262144 players 0 retained 0 seconds 1.6109741730615497
shuttleset_03_scene_0023 pair 30 [2, 0] combined 262144 players 76390 retained 256 seconds 4.0063474657945335
shuttleset_03_scene_0023 pair 32 [2, 3] combined 262144 players 84368 retained 256 seconds 4.103921225294471
shuttleset_03_scene_0023 pair 44 [2, 15] combined 100352 players 11698 retained 256 seconds 0.8928716811351478
shuttleset_03_scene_0023 pair 47 [3, 2] combined 262144 players 77134 retained 256 seconds 3.674713667947799
shuttleset_03_scene_0023 pair 48 [3, 4] combined 197632 players 0 retained 0 seconds 0.7530931527726352
shuttleset_03_scene_0023 pair 49 [3, 5] combined 262144 players 0 retained 0 seconds 0.9648479330353439
shuttleset_03_scene_0023 pair 51 [3, 7] combined 187392 players 408 retained 205 seconds 0.7352334349416196
shuttleset_03_scene_0023 pair 52 [3, 8] combined 262144 players 0 retained 0 seconds 0.9527527969330549
shuttleset_03_scene_0023 pair 53 [3, 9] combined 253952 players 0 retained 0 seconds 0.907401607837528
shuttleset_03_scene_0023 pair 54 [3, 10] combined 9216 players 0 retained 0 seconds 0.1376566719263792
shuttleset_03_scene_0023 pair 55 [3, 11] combined 239616 players 32938 retained 256 seconds 2.082099039107561
shuttleset_03_scene_0023 pair 57 [3, 13] combined 132096 players 15832 retained 256 seconds 1.074076462071389
shuttleset_03_scene_0023 pair 58 [3, 14] combined 72704 players 0 retained 0 seconds 0.4600586472079158
shuttleset_03_scene_0023 pair 63 [4, 3] combined 262144 players 0 retained 0 seconds 0.9261573418043554
shuttleset_03_scene_0023 pair 75 [5, 0] combined 262144 players 0 retained 0 seconds 1.5180203467607498
shuttleset_03_scene_0023 pair 78 [5, 3] combined 262144 players 0 retained 0 seconds 0.9757156986743212
shuttleset_03_scene_0023 pair 90 [6, 0] combined 132096 players 2656 retained 256 seconds 1.171424521598965
shuttleset_03_scene_0023 pair 96 [6, 7] combined 76440 players 956 retained 256 seconds 0.3532892456278205
shuttleset_03_scene_0023 pair 98 [6, 9] combined 124928 players 1030 retained 256 seconds 0.506768265273422
shuttleset_03_scene_0023 pair 108 [7, 3] combined 189440 players 264 retained 132 seconds 0.7173311458900571
shuttleset_03_scene_0023 pair 111 [7, 6] combined 81024 players 12 retained 6 seconds 0.31992715783417225
shuttleset_03_scene_0023 pair 116 [7, 12] combined 231424 players 48 retained 24 seconds 0.788905493915081
shuttleset_03_scene_0023 pair 119 [7, 15] combined 53848 players 142 retained 70 seconds 0.2512485687620938
shuttleset_03_scene_0023 pair 120 [8, 0] combined 262144 players 0 retained 0 seconds 1.4755894429981709
shuttleset_03_scene_0023 pair 123 [8, 3] combined 262144 players 0 retained 0 seconds 0.9455770961940289
shuttleset_03_scene_0023 pair 138 [9, 3] combined 194560 players 0 retained 0 seconds 0.6980469413101673
shuttleset_03_scene_0023 pair 141 [9, 6] combined 100352 players 28 retained 14 seconds 0.3871729541569948
shuttleset_03_scene_0023 pair 146 [9, 12] combined 262144 players 38 retained 19 seconds 0.9020728939212859
shuttleset_03_scene_0023 pair 149 [9, 15] combined 139264 players 0 retained 0 seconds 0.5071174809709191
shuttleset_03_scene_0023 pair 153 [10, 3] combined 23552 players 0 retained 0 seconds 0.15955648990347981
shuttleset_03_scene_0023 pair 168 [11, 3] combined 131072 players 46608 retained 256 seconds 2.299101124983281
shuttleset_03_scene_0023 pair 180 [12, 0] combined 226304 players 958 retained 256 seconds 1.4224894200451672
shuttleset_03_scene_0023 pair 187 [12, 7] combined 173280 players 2132 retained 256 seconds 0.7057060701772571
shuttleset_03_scene_0023 pair 189 [12, 9] combined 262144 players 950 retained 256 seconds 0.9542007222771645
shuttleset_03_scene_0023 pair 195 [13, 0] combined 247808 players 10730 retained 256 seconds 1.8045232789590955
shuttleset_03_scene_0023 pair 198 [13, 3] combined 217088 players 14296 retained 256 seconds 1.3126484150998294
shuttleset_03_scene_0023 pair 209 [13, 15] combined 95904 players 712 retained 256 seconds 0.5456881988793612
shuttleset_03_scene_0023 pair 210 [14, 0] combined 106496 players 0 retained 0 seconds 0.9367639510892332
shuttleset_03_scene_0023 pair 213 [14, 3] combined 114688 players 0 retained 0 seconds 0.43111034110188484
shuttleset_03_scene_0023 pair 227 [15, 2] combined 140288 players 44368 retained 256 seconds 2.1465796870179474
shuttleset_03_scene_0023 pair 232 [15, 7] combined 89280 players 0 retained 0 seconds 0.33991162199527025
shuttleset_03_scene_0023 pair 234 [15, 9] combined 114688 players 0 retained 0 seconds 0.4158634999766946
shuttleset_03_scene_0023 pair 238 [15, 13] combined 77672 players 784 retained 256 seconds 0.3701955401338637
shuttleset_03_scene_0023 pair 0 [0, 1] combined 262144 players 0 retained 0 seconds 1.4901364371180534
shuttleset_03_scene_0023 pair 1 [0, 2] combined 161792 players 34164 retained 256 seconds 2.476877243258059
shuttleset_03_scene_0023 pair 4 [0, 5] combined 33792 players 0 retained 0 seconds 0.7753280317410827
shuttleset_03_scene_0023 pair 5 [0, 6] combined 64512 players 1136 retained 256 seconds 0.9470980376936495
shuttleset_03_scene_0023 pair 7 [0, 8] combined 48128 players 0 retained 0 seconds 0.7893857066519558
shuttleset_03_scene_0023 pair 11 [0, 12] combined 195584 players 2592 retained 256 seconds 1.3569513410329819
shuttleset_03_scene_0023 pair 12 [0, 13] combined 15360 players 2226 retained 256 seconds 0.8538841437548399
shuttleset_03_scene_0023 pair 13 [0, 14] combined 6144 players 0 retained 0 seconds 0.6848643608391285
shuttleset_03_scene_0023 pair 15 [1, 0] combined 262144 players 0 retained 0 seconds 1.288929007947445
shuttleset_03_scene_0023 pair 30 [2, 0] combined 245760 players 59366 retained 256 seconds 3.087863652035594
shuttleset_03_scene_0023 pair 32 [2, 3] combined 247808 players 69216 retained 256 seconds 3.1497691604308784
shuttleset_03_scene_0023 pair 44 [2, 15] combined 17388 players 1366 retained 256 seconds 0.2215809770859778
shuttleset_03_scene_0023 pair 47 [3, 2] combined 163840 players 34632 retained 256 seconds 1.7981054512783885
shuttleset_03_scene_0023 pair 48 [3, 4] combined 5120 players 0 retained 0 seconds 0.08606102038174868
shuttleset_03_scene_0023 pair 49 [3, 5] combined 30720 players 0 retained 0 seconds 0.1647786251269281
shuttleset_03_scene_0023 pair 51 [3, 7] combined 17272 players 0 retained 0 seconds 0.10437091672793031
shuttleset_03_scene_0023 pair 52 [3, 8] combined 47104 players 0 retained 0 seconds 0.20669851498678327
shuttleset_03_scene_0023 pair 53 [3, 9] combined 19456 players 0 retained 0 seconds 0.11557505326345563
shuttleset_03_scene_0023 pair 54 [3, 10] combined 5120 players 0 retained 0 seconds 0.08041147189214826
shuttleset_03_scene_0023 pair 55 [3, 11] combined 14336 players 1664 retained 256 seconds 0.21436421293765306
shuttleset_03_scene_0023 pair 57 [3, 13] combined 9216 players 1000 retained 256 seconds 0.16546206315979362
shuttleset_03_scene_0023 pair 58 [3, 14] combined 6144 players 0 retained 0 seconds 0.07947949133813381
shuttleset_03_scene_0023 pair 63 [4, 3] combined 4096 players 0 retained 0 seconds 0.05957747017964721
shuttleset_03_scene_0023 pair 75 [5, 0] combined 53248 players 0 retained 0 seconds 0.5993871167302132
shuttleset_03_scene_0023 pair 78 [5, 3] combined 52224 players 0 retained 0 seconds 0.22020934894680977
shuttleset_03_scene_0023 pair 90 [6, 0] combined 78848 players 552 retained 256 seconds 0.7564812260679901
shuttleset_03_scene_0023 pair 96 [6, 7] combined 5236 players 8 retained 4 seconds 0.0679645873606205
shuttleset_03_scene_0023 pair 98 [6, 9] combined 5700 players 0 retained 0 seconds 0.044235919136554
shuttleset_03_scene_0023 pair 108 [7, 3] combined 6144 players 0 retained 0 seconds 0.06538366666063666
shuttleset_03_scene_0023 pair 111 [7, 6] combined 4636 players 0 retained 0 seconds 0.03772896807640791
shuttleset_03_scene_0023 pair 116 [7, 12] combined 16700 players 0 retained 0 seconds 0.07343570096418262
shuttleset_03_scene_0023 pair 119 [7, 15] combined 2100 players 0 retained 0 seconds 0.026851566042751074
shuttleset_03_scene_0023 pair 120 [8, 0] combined 80896 players 0 retained 0 seconds 0.6768904882483184
shuttleset_03_scene_0023 pair 123 [8, 3] combined 84992 players 0 retained 0 seconds 0.31221263902261853
shuttleset_03_scene_0023 pair 138 [9, 3] combined 14336 players 0 retained 0 seconds 0.2719131987541914
shuttleset_03_scene_0023 pair 141 [9, 6] combined 7904 players 0 retained 0 seconds 0.043161092791706324
shuttleset_03_scene_0023 pair 146 [9, 12] combined 19832 players 0 retained 0 seconds 0.08209544233977795
shuttleset_03_scene_0023 pair 149 [9, 15] combined 4600 players 0 retained 0 seconds 0.03707026597112417
shuttleset_03_scene_0023 pair 153 [10, 3] combined 5120 players 0 retained 0 seconds 0.0642095310613513
shuttleset_03_scene_0023 pair 168 [11, 3] combined 16384 players 5538 retained 256 seconds 0.33267370890825987
shuttleset_03_scene_0023 pair 180 [12, 0] combined 132096 players 978 retained 256 seconds 0.9356028432957828
shuttleset_03_scene_0023 pair 187 [12, 7] combined 4984 players 4 retained 2 seconds 0.06747608492150903
shuttleset_03_scene_0023 pair 189 [12, 9] combined 12400 players 0 retained 0 seconds 0.0656904298812151
shuttleset_03_scene_0023 pair 195 [13, 0] combined 8192 players 0 retained 0 seconds 0.47487423103302717
shuttleset_03_scene_0023 pair 198 [13, 3] combined 15360 players 1546 retained 256 seconds 0.18981843395158648
shuttleset_03_scene_0023 pair 209 [13, 15] combined 864 players 0 retained 0 seconds 0.027898088097572327
shuttleset_03_scene_0023 pair 210 [14, 0] combined 17408 players 0 retained 0 seconds 0.503864242695272
shuttleset_03_scene_0023 pair 213 [14, 3] combined 14336 players 0 retained 0 seconds 0.08881835592910647
shuttleset_03_scene_0023 pair 227 [15, 2] combined 22876 players 7662 retained 256 seconds 0.43911838717758656
shuttleset_03_scene_0023 pair 232 [15, 7] combined 1000 players 0 retained 0 seconds 0.03321881219744682
shuttleset_03_scene_0023 pair 234 [15, 9] combined 2176 players 0 retained 0 seconds 0.03669760702177882
shuttleset_03_scene_0023 pair 238 [15, 13] combined 448 players 0 retained 0 seconds 0.03181552467867732
[shuttleset_03_scene_0023] line-template: preparing rectangles
[shuttleset_03_scene_0023] measuring 702 parents (G0=256, G1=256, line_template=256; conflicting geometry groups=0)
[shuttleset_03_scene_0023] parents 250/702
[shuttleset_03_scene_0023] parents 500/702
[shuttleset_03_scene_0023] refitting 702 parents
[shuttleset_03_scene_0023] refits 250/702; valid children=243
[shuttleset_03_scene_0023] refits 500/702; valid children=489
{"view_id": "shuttleset_03_scene_0023", "chosen_key": "G1:1:14894/child", "no_court_reason": null, "all_checks_equal": null, "error": null}
am3_window_00_frame_0 pair 1 [0, 2] combined 262144 players 31314 retained 256 seconds 2.4540864070877433
am3_window_00_frame_0 pair 7 [0, 8] combined 262144 players 14370 retained 256 seconds 1.7623604172840714
am3_window_00_frame_0 pair 30 [2, 0] combined 262144 players 39438 retained 256 seconds 2.553003421984613
am3_window_00_frame_0 pair 32 [2, 3] combined 262144 players 54558 retained 256 seconds 3.1588247809559107
am3_window_00_frame_0 pair 34 [2, 5] combined 104448 players 160 retained 80 seconds 0.4281123513355851
am3_window_00_frame_0 pair 35 [2, 6] combined 262144 players 5324 retained 256 seconds 1.0628863428719342
am3_window_00_frame_0 pair 39 [2, 10] combined 169984 players 84 retained 42 seconds 0.6096455487422645
am3_window_00_frame_0 pair 41 [2, 12] combined 71680 players 0 retained 0 seconds 0.2965374616906047
am3_window_00_frame_0 pair 42 [2, 13] combined 262144 players 35120 retained 256 seconds 2.821964278817177
am3_window_00_frame_0 pair 43 [2, 14] combined 262144 players 39046 retained 256 seconds 2.6886127539910376
am3_window_00_frame_0 pair 44 [2, 15] combined 262144 players 40282 retained 256 seconds 2.888586794026196
am3_window_00_frame_0 pair 47 [3, 2] combined 262144 players 19600 retained 256 seconds 1.975514227990061
am3_window_00_frame_0 pair 52 [3, 8] combined 262144 players 33020 retained 256 seconds 2.52589936228469
am3_window_00_frame_0 pair 77 [5, 2] combined 24576 players 1128 retained 256 seconds 0.24730790266767144
am3_window_00_frame_0 pair 82 [5, 8] combined 122880 players 0 retained 0 seconds 0.3930398840457201
am3_window_00_frame_0 pair 92 [6, 2] combined 262144 players 1380 retained 256 seconds 0.9412979641929269
am3_window_00_frame_0 pair 97 [6, 8] combined 202752 players 0 retained 0 seconds 0.6008025179617107
am3_window_00_frame_0 pair 120 [8, 0] combined 262144 players 16252 retained 256 seconds 1.717042138800025
am3_window_00_frame_0 pair 123 [8, 3] combined 262144 players 22832 retained 256 seconds 1.9936519972980022
am3_window_00_frame_0 pair 125 [8, 5] combined 250880 players 0 retained 0 seconds 0.8781999070197344
am3_window_00_frame_0 pair 126 [8, 6] combined 262144 players 0 retained 0 seconds 0.7927766311913729
am3_window_00_frame_0 pair 129 [8, 10] combined 185344 players 0 retained 0 seconds 0.561423790641129
am3_window_00_frame_0 pair 131 [8, 12] combined 119808 players 10 retained 4 seconds 0.39715908793732524
am3_window_00_frame_0 pair 132 [8, 13] combined 262144 players 19258 retained 256 seconds 2.108044770080596
am3_window_00_frame_0 pair 133 [8, 14] combined 262144 players 27724 retained 256 seconds 2.3435516231693327
am3_window_00_frame_0 pair 134 [8, 15] combined 262144 players 21548 retained 256 seconds 2.238450222183019
am3_window_00_frame_0 pair 152 [10, 2] combined 121856 players 84 retained 42 seconds 0.4603531057946384
am3_window_00_frame_0 pair 158 [10, 8] combined 153600 players 0 retained 0 seconds 0.4722931068390608
am3_window_00_frame_0 pair 182 [12, 2] combined 53248 players 0 retained 0 seconds 0.22955422569066286
am3_window_00_frame_0 pair 188 [12, 8] combined 117760 players 0 retained 0 seconds 0.3623889437876642
am3_window_00_frame_0 pair 197 [13, 2] combined 262144 players 34124 retained 256 seconds 2.5848971838131547
am3_window_00_frame_0 pair 203 [13, 8] combined 262144 players 16052 retained 256 seconds 2.0778281348757446
am3_window_00_frame_0 pair 212 [14, 2] combined 262144 players 37330 retained 256 seconds 2.7261376208625734
am3_window_00_frame_0 pair 218 [14, 8] combined 262144 players 30758 retained 256 seconds 2.375473964959383
am3_window_00_frame_0 pair 227 [15, 2] combined 262144 players 32644 retained 256 seconds 2.504769849125296
am3_window_00_frame_0 pair 233 [15, 8] combined 262144 players 15916 retained 256 seconds 2.0288134030997753
am3_window_00_frame_0 pair 1 [0, 2] combined 11264 players 1950 retained 256 seconds 0.16917470283806324
am3_window_00_frame_0 pair 7 [0, 8] combined 0 players 0 retained 0 seconds 0.008464965038001537
am3_window_00_frame_0 pair 30 [2, 0] combined 7220 players 1040 retained 256 seconds 0.12832332495599985
am3_window_00_frame_0 pair 32 [2, 3] combined 24700 players 3236 retained 256 seconds 0.24034862406551838
am3_window_00_frame_0 pair 34 [2, 5] combined 0 players 0 retained 0 seconds 0.018196668941527605
am3_window_00_frame_0 pair 35 [2, 6] combined 9108 players 8 retained 5 seconds 0.06814779015257955
am3_window_00_frame_0 pair 39 [2, 10] combined 0 players 0 retained 0 seconds 0.018750738818198442
am3_window_00_frame_0 pair 41 [2, 12] combined 0 players 0 retained 0 seconds 0.018766239751130342
am3_window_00_frame_0 pair 42 [2, 13] combined 20800 players 4112 retained 256 seconds 0.25406271405518055
am3_window_00_frame_0 pair 43 [2, 14] combined 10752 players 2292 retained 256 seconds 0.16744190594181418
am3_window_00_frame_0 pair 44 [2, 15] combined 22464 players 4266 retained 256 seconds 0.26440224098041654
am3_window_00_frame_0 pair 47 [3, 2] combined 21504 players 3220 retained 256 seconds 0.2519231201149523
am3_window_00_frame_0 pair 52 [3, 8] combined 0 players 0 retained 0 seconds 0.010066840797662735
am3_window_00_frame_0 pair 77 [5, 2] combined 0 players 0 retained 0 seconds 0.01768016116693616
am3_window_00_frame_0 pair 82 [5, 8] combined 0 players 0 retained 0 seconds 0.0039071631617844105
am3_window_00_frame_0 pair 92 [6, 2] combined 18392 players 0 retained 0 seconds 0.06544722383841872
am3_window_00_frame_0 pair 97 [6, 8] combined 0 players 0 retained 0 seconds 0.003884327132254839
am3_window_00_frame_0 pair 120 [8, 0] combined 0 players 0 retained 0 seconds 0.00581750413402915
am3_window_00_frame_0 pair 123 [8, 3] combined 0 players 0 retained 0 seconds 0.007737229112535715
am3_window_00_frame_0 pair 125 [8, 5] combined 0 players 0 retained 0 seconds 0.003443692810833454
am3_window_00_frame_0 pair 126 [8, 6] combined 0 players 0 retained 0 seconds 0.003467004280537367
am3_window_00_frame_0 pair 129 [8, 10] combined 0 players 0 retained 0 seconds 0.002331492956727743
am3_window_00_frame_0 pair 131 [8, 12] combined 0 players 0 retained 0 seconds 0.0023223417811095715
am3_window_00_frame_0 pair 132 [8, 13] combined 0 players 0 retained 0 seconds 0.00815777899697423
am3_window_00_frame_0 pair 133 [8, 14] combined 0 players 0 retained 0 seconds 0.005881680641323328
am3_window_00_frame_0 pair 134 [8, 15] combined 0 players 0 retained 0 seconds 0.007847688160836697
am3_window_00_frame_0 pair 152 [10, 2] combined 0 players 0 retained 0 seconds 0.015188949648290873
am3_window_00_frame_0 pair 158 [10, 8] combined 0 players 0 retained 0 seconds 0.002394805196672678
am3_window_00_frame_0 pair 182 [12, 2] combined 0 players 0 retained 0 seconds 0.014151941984891891
am3_window_00_frame_0 pair 188 [12, 8] combined 0 players 0 retained 0 seconds 0.0024637458845973015
am3_window_00_frame_0 pair 197 [13, 2] combined 37888 players 7952 retained 256 seconds 0.4277996849268675
am3_window_00_frame_0 pair 203 [13, 8] combined 0 players 0 retained 0 seconds 0.011354882270097733
am3_window_00_frame_0 pair 212 [14, 2] combined 20480 players 3524 retained 256 seconds 0.24756411090493202
am3_window_00_frame_0 pair 218 [14, 8] combined 0 players 0 retained 0 seconds 0.008163366001099348
am3_window_00_frame_0 pair 227 [15, 2] combined 34816 players 7412 retained 256 seconds 0.5419968436472118
am3_window_00_frame_0 pair 233 [15, 8] combined 0 players 0 retained 0 seconds 0.011398238129913807
[am3_window_00_frame_0] line-template: preparing rectangles
[am3_window_00_frame_0] measuring 768 parents (G0=256, G1=256, line_template=256; conflicting geometry groups=0)
[am3_window_00_frame_0] parents 250/768
[am3_window_00_frame_0] parents 500/768
[am3_window_00_frame_0] parents 750/768
[am3_window_00_frame_0] refitting 768 parents
[am3_window_00_frame_0] refits 250/768; valid children=148
[am3_window_00_frame_0] refits 500/768; valid children=394
[am3_window_00_frame_0] refits 750/768; valid children=575
{"view_id": "am3_window_00_frame_0", "chosen_key": "G1:43:171/child", "no_court_reason": null, "all_checks_equal": null, "error": null}
{"views": ["shuttleset_03_scene_0016", "shuttleset_03_scene_0023", "am3_window_00_frame_0"], "startup_seconds": 0.03297164011746645, "wall_seconds": 1061.7458545570262, "peak_rss_mb": 1414.31640625, "failed": []}
