am2_window_01_frame_28019 pair 0 [0, 1] combined 262144 players 6076 retained 256 seconds 42.80208768392913
am2_window_01_frame_28019 pair 3 [0, 4] combined 71680 players 6410 retained 256 seconds 11.53832333511673
am2_window_01_frame_28019 pair 5 [0, 6] combined 175104 players 4072 retained 256 seconds 27.403583114035428
am2_window_01_frame_28019 pair 10 [0, 11] combined 87040 players 1272 retained 256 seconds 13.529228204861283
am2_window_01_frame_28019 pair 13 [0, 14] combined 66560 players 1996 retained 256 seconds 10.4715771691408
am2_window_01_frame_28019 pair 15 [1, 0] combined 262144 players 22564 retained 256 seconds 42.06389596010558
am2_window_01_frame_28019 pair 16 [1, 2] combined 262144 players 19782 retained 256 seconds 40.377022637054324
am2_window_01_frame_28019 pair 18 [1, 4] combined 100352 players 25466 retained 256 seconds 16.00005680299364
am2_window_01_frame_28019 pair 19 [1, 5] combined 262144 players 2454 retained 256 seconds 39.830487583065405
am2_window_01_frame_28019 pair 21 [1, 7] combined 96256 players 6160 retained 256 seconds 14.956981456140056
am2_window_01_frame_28019 pair 23 [1, 9] combined 0 players 0 retained 0 seconds 0.16440427000634372
am2_window_01_frame_28019 pair 25 [1, 11] combined 44032 players 11920 retained 256 seconds 7.102912768023089
am2_window_01_frame_28019 pair 26 [1, 12] combined 262144 players 7618 retained 256 seconds 40.84914434910752
am2_window_01_frame_28019 pair 31 [2, 1] combined 262144 players 10738 retained 256 seconds 42.02832502103411
am2_window_01_frame_28019 pair 33 [2, 4] combined 79872 players 8166 retained 256 seconds 13.34372001211159
am2_window_01_frame_28019 pair 35 [2, 6] combined 162816 players 4646 retained 256 seconds 26.99686480080709
am2_window_01_frame_28019 pair 40 [2, 11] combined 77824 players 1148 retained 256 seconds 12.620458571007475
am2_window_01_frame_28019 pair 43 [2, 14] combined 66560 players 4104 retained 256 seconds 10.80878120684065
am2_window_01_frame_28019 pair 48 [3, 4] combined 38936 players 2634 retained 256 seconds 6.30875266995281
am2_window_01_frame_28019 pair 52 [3, 8] combined 10000 players 594 retained 256 seconds 1.6487797908484936
am2_window_01_frame_28019 pair 53 [3, 9] combined 1188 players 218 retained 109 seconds 0.22210921603254974
am2_window_01_frame_28019 pair 55 [3, 11] combined 11664 players 578 retained 256 seconds 1.9197919031139463
am2_window_01_frame_28019 pair 56 [3, 12] combined 120228 players 27920 retained 256 seconds 19.8345255269669
am2_window_01_frame_28019 pair 60 [4, 0] combined 181248 players 35654 retained 256 seconds 30.26457505696453
am2_window_01_frame_28019 pair 61 [4, 1] combined 169984 players 50342 retained 256 seconds 28.43992773606442
am2_window_01_frame_28019 pair 62 [4, 2] combined 174080 players 40548 retained 256 seconds 29.255302018020302
am2_window_01_frame_28019 pair 63 [4, 3] combined 92984 players 1466 retained 256 seconds 14.815325895091519
am2_window_01_frame_28019 pair 64 [4, 5] combined 156672 players 35256 retained 256 seconds 26.283955400111154
am2_window_01_frame_28019 pair 65 [4, 6] combined 66992 players 24800 retained 256 seconds 11.40544932289049
am2_window_01_frame_28019 pair 66 [4, 7] combined 87000 players 13332 retained 256 seconds 14.450441752094775
am2_window_01_frame_28019 pair 69 [4, 10] combined 137808 players 7026 retained 256 seconds 22.431149834068492
am2_window_01_frame_28019 pair 71 [4, 12] combined 150528 players 35196 retained 256 seconds 25.024398277979344
am2_window_01_frame_28019 pair 73 [4, 14] combined 15136 players 1184 retained 256 seconds 2.5026315771974623
am2_window_01_frame_28019 pair 74 [4, 15] combined 141696 players 11438 retained 256 seconds 22.77162025286816
am2_window_01_frame_28019 pair 76 [5, 1] combined 262144 players 2316 retained 256 seconds 41.96498084999621
am2_window_01_frame_28019 pair 79 [5, 4] combined 98304 players 5838 retained 256 seconds 16.068795365048572
am2_window_01_frame_28019 pair 80 [5, 6] combined 145408 players 18780 retained 256 seconds 23.921415951801464
am2_window_01_frame_28019 pair 85 [5, 11] combined 59392 players 1506 retained 256 seconds 9.639961641980335
am2_window_01_frame_28019 pair 88 [5, 14] combined 38912 players 2384 retained 256 seconds 6.410796300042421
am2_window_01_frame_28019 pair 90 [6, 0] combined 251904 players 5900 retained 256 seconds 41.451821002177894
am2_window_01_frame_28019 pair 92 [6, 2] combined 262144 players 4656 retained 256 seconds 43.27765999012627
am2_window_01_frame_28019 pair 94 [6, 4] combined 50008 players 16184 retained 256 seconds 8.478543682023883
am2_window_01_frame_28019 pair 95 [6, 5] combined 262144 players 29262 retained 256 seconds 42.98788001504727
am2_window_01_frame_28019 pair 96 [6, 7] combined 99408 players 3806 retained 256 seconds 16.519262188114226
am2_window_01_frame_28019 pair 98 [6, 9] combined 548 players 262 retained 132 seconds 0.1275231190957129
am2_window_01_frame_28019 pair 100 [6, 11] combined 18944 players 6800 retained 256 seconds 3.22590744192712
am2_window_01_frame_28019 pair 101 [6, 12] combined 174080 players 39996 retained 256 seconds 28.849888229044154
am2_window_01_frame_28019 pair 106 [7, 1] combined 125952 players 26694 retained 256 seconds 21.00494435010478
am2_window_01_frame_28019 pair 109 [7, 4] combined 63104 players 7926 retained 256 seconds 10.402154522947967
am2_window_01_frame_28019 pair 111 [7, 6] combined 93016 players 6090 retained 256 seconds 15.333999803988263
am2_window_01_frame_28019 pair 112 [7, 8] combined 30480 players 8154 retained 256 seconds 5.198553888127208
am2_window_01_frame_28019 pair 115 [7, 11] combined 69408 players 14756 retained 256 seconds 11.626356766093522
am2_window_01_frame_28019 pair 118 [7, 14] combined 19320 players 2242 retained 256 seconds 3.2056757488753647
am2_window_01_frame_28019 pair 123 [8, 3] combined 14040 players 906 retained 256 seconds 2.3204899579286575
am2_window_01_frame_28019 pair 127 [8, 7] combined 35984 players 8644 retained 256 seconds 6.063272251980379
am2_window_01_frame_28019 pair 129 [8, 10] combined 35776 players 3164 retained 256 seconds 5.905260320054367
am2_window_01_frame_28019 pair 131 [8, 12] combined 32768 players 7984 retained 256 seconds 5.4739850028418005
am2_window_01_frame_28019 pair 133 [8, 14] combined 3200 players 450 retained 223 seconds 0.5570008659269661
am2_window_01_frame_28019 pair 134 [8, 15] combined 23680 players 804 retained 256 seconds 3.8560759839601815
am2_window_01_frame_28019 pair 136 [9, 1] combined 2048 players 784 retained 256 seconds 0.44829468592070043
am2_window_01_frame_28019 pair 138 [9, 3] combined 0 players 0 retained 0 seconds 0.012903921073302627
am2_window_01_frame_28019 pair 141 [9, 6] combined 432 players 208 retained 104 seconds 0.09482088405638933
am2_window_01_frame_28019 pair 144 [9, 10] combined 12288 players 30 retained 16 seconds 1.9845622850116342
am2_window_01_frame_28019 pair 148 [9, 14] combined 336 players 24 retained 12 seconds 0.066813810961321
am2_window_01_frame_28019 pair 149 [9, 15] combined 5664 players 6 retained 3 seconds 0.9332333540078253
am2_window_01_frame_28019 pair 154 [10, 4] combined 137216 players 3340 retained 256 seconds 22.03993770107627
am2_window_01_frame_28019 pair 158 [10, 8] combined 31744 players 4304 retained 256 seconds 5.257924509001896
am2_window_01_frame_28019 pair 159 [10, 9] combined 6144 players 0 retained 0 seconds 1.0007044000085443
am2_window_01_frame_28019 pair 160 [10, 11] combined 42828 players 2808 retained 256 seconds 6.971242635045201
am2_window_01_frame_28019 pair 161 [10, 12] combined 251000 players 48550 retained 256 seconds 41.106170751852915
am2_window_01_frame_28019 pair 165 [11, 0] combined 158720 players 13488 retained 256 seconds 25.72195564303547
am2_window_01_frame_28019 pair 166 [11, 1] combined 87040 players 27114 retained 256 seconds 14.699341455008835
am2_window_01_frame_28019 pair 167 [11, 2] combined 139264 players 13314 retained 256 seconds 22.799160252092406
am2_window_01_frame_28019 pair 168 [11, 3] combined 8272 players 1242 retained 256 seconds 1.4065190351102501
am2_window_01_frame_28019 pair 170 [11, 5] combined 111616 players 11138 retained 256 seconds 18.1043716261629
am2_window_01_frame_28019 pair 171 [11, 6] combined 34860 players 14578 retained 256 seconds 6.104221221059561
am2_window_01_frame_28019 pair 172 [11, 7] combined 86436 players 5436 retained 256 seconds 14.032268600072712
am2_window_01_frame_28019 pair 175 [11, 10] combined 72072 players 8886 retained 256 seconds 11.860660018865019
am2_window_01_frame_28019 pair 176 [11, 12] combined 86016 players 21784 retained 256 seconds 14.370032825041562
am2_window_01_frame_28019 pair 177 [11, 13] combined 2220 players 230 retained 117 seconds 0.41077924193814397
am2_window_01_frame_28019 pair 178 [11, 14] combined 7128 players 688 retained 256 seconds 1.1917676380835474
am2_window_01_frame_28019 pair 179 [11, 15] combined 35640 players 7558 retained 256 seconds 6.075365423923358
am2_window_01_frame_28019 pair 181 [12, 1] combined 262144 players 6792 retained 256 seconds 42.31489691301249
am2_window_01_frame_28019 pair 183 [12, 3] combined 100352 players 38016 retained 256 seconds 17.210664656944573
am2_window_01_frame_28019 pair 184 [12, 4] combined 73728 players 12042 retained 256 seconds 12.132442025002092
am2_window_01_frame_28019 pair 186 [12, 6] combined 109568 players 33706 retained 256 seconds 18.38987268600613
am2_window_01_frame_28019 pair 188 [12, 8] combined 18432 players 3106 retained 256 seconds 3.3543601180426776
am2_window_01_frame_28019 pair 190 [12, 10] combined 262144 players 105740 retained 256 seconds 44.45252401288599
am2_window_01_frame_28019 pair 191 [12, 11] combined 47104 players 8872 retained 256 seconds 7.851950783049688
am2_window_01_frame_28019 pair 192 [12, 13] combined 5120 players 1862 retained 256 seconds 0.9228289739694446
am2_window_01_frame_28019 pair 193 [12, 14] combined 32768 players 7894 retained 256 seconds 5.412344743032008
am2_window_01_frame_28019 pair 194 [12, 15] combined 134144 players 42200 retained 256 seconds 22.542429090011865
am2_window_01_frame_28019 pair 206 [13, 11] combined 520 players 0 retained 0 seconds 0.1218748539686203
am2_window_01_frame_28019 pair 207 [13, 12] combined 1024 players 424 retained 177 seconds 0.20191929279826581
am2_window_01_frame_28019 pair 210 [14, 0] combined 76800 players 330 retained 162 seconds 12.42726868391037
am2_window_01_frame_28019 pair 212 [14, 2] combined 50176 players 2338 retained 256 seconds 8.11811497900635
am2_window_01_frame_28019 pair 214 [14, 4] combined 14720 players 4070 retained 256 seconds 2.4834667309187353
am2_window_01_frame_28019 pair 215 [14, 5] combined 56320 players 8010 retained 256 seconds 9.50748538505286
am2_window_01_frame_28019 pair 217 [14, 7] combined 16724 players 2952 retained 256 seconds 2.797973947832361
am2_window_01_frame_28019 pair 218 [14, 8] combined 2312 players 394 retained 189 seconds 0.4144948220346123
am2_window_01_frame_28019 pair 219 [14, 9] combined 232 players 92 retained 28 seconds 0.05642741802148521
am2_window_01_frame_28019 pair 221 [14, 11] combined 6864 players 2242 retained 256 seconds 1.1873104448895901
am2_window_01_frame_28019 pair 222 [14, 12] combined 36328 players 10050 retained 256 seconds 6.030030786991119
am2_window_01_frame_28019 pair 229 [15, 4] combined 106928 players 12972 retained 256 seconds 17.39622593205422
am2_window_01_frame_28019 pair 233 [15, 8] combined 11520 players 266 retained 127 seconds 1.8911407529376447
am2_window_01_frame_28019 pair 234 [15, 9] combined 3120 players 404 retained 201 seconds 0.5429135360755026
am2_window_01_frame_28019 pair 236 [15, 11] combined 32940 players 712 retained 256 seconds 5.290001839864999
am2_window_01_frame_28019 pair 237 [15, 12] combined 126084 players 30178 retained 256 seconds 20.784211972961202
am2_window_01_frame_28019 M generated pooled 24640 entries 256 winners 15:6258 15:6259 seconds 1543.4
am2_window_01_frame_28019 exact final-evaluation replay passed
am2_window_01_frame_28019 exact selection replay passed
am2_window_01_frame_28019 exact final-evaluation replay passed
am2_window_01_frame_28019 exact selection replay passed
am2_window_01_frame_28019 full evidence 0 of 1047 seconds 5.276873707771301e-06
am2_window_01_frame_28019 full evidence 512 of 1047 seconds 27.292357550933957
am2_window_01_frame_28019 full evidence 1024 of 1047 seconds 52.65376919694245
am2_window_01_frame_28019 M complete {'case_id': 'am2_window_01_frame_28019', 'arm': 'M', 'status': 'generated', 'generation_s': 1543.3731110980734, 'camera_first_s': 24.00522850896232, 'all_camera_s': 68.74522646004334, 'entries': {'results': 256, 'camera_first': 256, 'all_camera': 1303}, 'winners': {'results': ('15:6258', '15:6259'), 'camera_first': ('15:6258', '15:6259'), 'all_camera': ('15:6258', '15:6259')}}
am3_window_00_frame_0 pair 0 [0, 1] combined 262144 players 64662 retained 256 seconds 20.99557762918994
am3_window_00_frame_0 pair 1 [0, 2] combined 262144 players 41152 retained 256 seconds 20.265773272141814
am3_window_00_frame_0 pair 3 [0, 4] combined 68608 players 17690 retained 256 seconds 7.1474229749292135
am3_window_00_frame_0 pair 5 [0, 6] combined 262144 players 81776 retained 256 seconds 21.279968903865665
am3_window_00_frame_0 pair 15 [1, 0] combined 262144 players 41430 retained 256 seconds 19.981317394180223
am3_window_00_frame_0 pair 16 [1, 2] combined 262144 players 97568 retained 256 seconds 20.271165263140574
am3_window_00_frame_0 pair 17 [1, 3] combined 193536 players 23528 retained 256 seconds 13.704252399038523
am3_window_00_frame_0 pair 19 [1, 5] combined 202752 players 29900 retained 256 seconds 14.30864942097105
am3_window_00_frame_0 pair 21 [1, 7] combined 0 players 0 retained 0 seconds 0.5717575310263783
am3_window_00_frame_0 pair 22 [1, 8] combined 130048 players 16464 retained 256 seconds 9.430835125036538
am3_window_00_frame_0 pair 23 [1, 9] combined 1024 players 64 retained 31 seconds 0.6426391790155321
am3_window_00_frame_0 pair 25 [1, 11] combined 1024 players 72 retained 34 seconds 0.6294518620707095
am3_window_00_frame_0 pair 26 [1, 12] combined 262144 players 56528 retained 256 seconds 19.837295637931675
am3_window_00_frame_0 pair 27 [1, 13] combined 262144 players 58542 retained 256 seconds 20.217443027999252
am3_window_00_frame_0 pair 28 [1, 14] combined 262144 players 51166 retained 256 seconds 20.059276237152517
am3_window_00_frame_0 pair 29 [1, 15] combined 262144 players 67602 retained 256 seconds 20.029513156972826
am3_window_00_frame_0 pair 30 [2, 0] combined 262144 players 36716 retained 256 seconds 19.487158524803817
am3_window_00_frame_0 pair 31 [2, 1] combined 262144 players 80396 retained 256 seconds 19.582611924037337
am3_window_00_frame_0 pair 32 [2, 3] combined 249856 players 2790 retained 256 seconds 16.666045845951885
am3_window_00_frame_0 pair 33 [2, 4] combined 77824 players 25594 retained 256 seconds 5.819899210939184
am3_window_00_frame_0 pair 34 [2, 5] combined 246784 players 4050 retained 256 seconds 16.302908020094037
am3_window_00_frame_0 pair 35 [2, 6] combined 262144 players 48728 retained 256 seconds 18.394826509058475
am3_window_00_frame_0 pair 37 [2, 8] combined 205824 players 10874 retained 256 seconds 13.713171605020761
am3_window_00_frame_0 pair 41 [2, 12] combined 262144 players 27410 retained 256 seconds 18.57009781501256
am3_window_00_frame_0 pair 42 [2, 13] combined 262144 players 32684 retained 256 seconds 18.977456722175702
am3_window_00_frame_0 pair 43 [2, 14] combined 262144 players 37030 retained 256 seconds 19.07685176306404
am3_window_00_frame_0 pair 44 [2, 15] combined 262144 players 19072 retained 256 seconds 18.059253753861412
am3_window_00_frame_0 pair 46 [3, 1] combined 244736 players 28448 retained 256 seconds 16.82844703202136
am3_window_00_frame_0 pair 47 [3, 2] combined 262144 players 3016 retained 256 seconds 17.51940231095068
am3_window_00_frame_0 pair 50 [3, 6] combined 247808 players 6940 retained 256 seconds 16.019081803038716
am3_window_00_frame_0 pair 60 [4, 0] combined 83968 players 7492 retained 256 seconds 6.973390734987333
am3_window_00_frame_0 pair 62 [4, 2] combined 104448 players 37652 retained 256 seconds 7.877683667000383
am3_window_00_frame_0 pair 64 [4, 5] combined 73320 players 10694 retained 256 seconds 5.0701476549729705
am3_window_00_frame_0 pair 66 [4, 7] combined 0 players 0 retained 0 seconds 0.02503741509281099
am3_window_00_frame_0 pair 67 [4, 8] combined 41800 players 3292 retained 256 seconds 2.826714130816981
am3_window_00_frame_0 pair 68 [4, 9] combined 716 players 16 retained 7 seconds 0.0764274459797889
am3_window_00_frame_0 pair 70 [4, 11] combined 636 players 0 retained 0 seconds 0.05554015492089093
am3_window_00_frame_0 pair 71 [4, 12] combined 71680 players 8174 retained 256 seconds 5.640156320063397
am3_window_00_frame_0 pair 72 [4, 13] combined 81920 players 4364 retained 256 seconds 6.4449370468501
am3_window_00_frame_0 pair 73 [4, 14] combined 84992 players 8182 retained 256 seconds 6.638754461891949
am3_window_00_frame_0 pair 74 [4, 15] combined 80896 players 7452 retained 256 seconds 6.019567673094571
am3_window_00_frame_0 pair 76 [5, 1] combined 161792 players 36434 retained 256 seconds 11.722859475994483
am3_window_00_frame_0 pair 77 [5, 2] combined 103424 players 1248 retained 256 seconds 6.918209007009864
am3_window_00_frame_0 pair 79 [5, 4] combined 32844 players 3022 retained 256 seconds 2.2285731099545956
am3_window_00_frame_0 pair 80 [5, 6] combined 161792 players 13450 retained 256 seconds 10.752327678026631
am3_window_00_frame_0 pair 90 [6, 0] combined 262144 players 30564 retained 256 seconds 19.260883988114074
am3_window_00_frame_0 pair 92 [6, 2] combined 262144 players 95482 retained 256 seconds 20.20815818803385
am3_window_00_frame_0 pair 93 [6, 3] combined 195584 players 6550 retained 256 seconds 12.808169488795102
am3_window_00_frame_0 pair 95 [6, 5] combined 203776 players 9292 retained 256 seconds 13.301983285928145
am3_window_00_frame_0 pair 96 [6, 7] combined 0 players 0 retained 0 seconds 0.08682757802307606
am3_window_00_frame_0 pair 97 [6, 8] combined 128000 players 418 retained 186 seconds 8.38387281796895
am3_window_00_frame_0 pair 98 [6, 9] combined 3072 players 786 retained 256 seconds 0.30972335091792047
am3_window_00_frame_0 pair 99 [6, 10] combined 0 players 0 retained 0 seconds 0.08072749804705381
am3_window_00_frame_0 pair 100 [6, 11] combined 0 players 0 retained 0 seconds 0.07957057096064091
am3_window_00_frame_0 pair 101 [6, 12] combined 262144 players 34476 retained 256 seconds 18.82429839204997
am3_window_00_frame_0 pair 102 [6, 13] combined 262144 players 27892 retained 256 seconds 18.798929383978248
am3_window_00_frame_0 pair 103 [6, 14] combined 262144 players 34032 retained 256 seconds 18.89084948715754
am3_window_00_frame_0 pair 104 [6, 15] combined 262144 players 36744 retained 256 seconds 18.555306071881205
am3_window_00_frame_0 pair 106 [7, 1] combined 0 players 0 retained 0 seconds 0.3195099050644785
am3_window_00_frame_0 pair 109 [7, 4] combined 0 players 0 retained 0 seconds 0.011587550165131688
am3_window_00_frame_0 pair 111 [7, 6] combined 0 players 0 retained 0 seconds 0.04338484117761254
am3_window_00_frame_0 pair 121 [8, 1] combined 164864 players 16386 retained 256 seconds 11.464120483025908
am3_window_00_frame_0 pair 122 [8, 2] combined 216064 players 16334 retained 256 seconds 14.486845679115504
am3_window_00_frame_0 pair 124 [8, 4] combined 56780 players 964 retained 256 seconds 3.733205531956628
am3_window_00_frame_0 pair 126 [8, 6] combined 162816 players 4100 retained 256 seconds 10.737173317931592
am3_window_00_frame_0 pair 136 [9, 1] combined 0 players 0 retained 0 seconds 0.304619865026325
am3_window_00_frame_0 pair 139 [9, 4] combined 0 players 0 retained 0 seconds 0.011363547993823886
am3_window_00_frame_0 pair 141 [9, 6] combined 0 players 0 retained 0 seconds 0.04395115585066378
am3_window_00_frame_0 pair 156 [10, 6] combined 0 players 0 retained 0 seconds 0.043457648949697614
am3_window_00_frame_0 pair 166 [11, 1] combined 1024 players 0 retained 0 seconds 0.36103196791373193
am3_window_00_frame_0 pair 169 [11, 4] combined 648 players 26 retained 11 seconds 0.0624730777926743
am3_window_00_frame_0 pair 171 [11, 6] combined 0 players 0 retained 0 seconds 0.04415254294872284
am3_window_00_frame_0 pair 181 [12, 1] combined 262144 players 55544 retained 256 seconds 20.207072338089347
am3_window_00_frame_0 pair 182 [12, 2] combined 262144 players 31502 retained 256 seconds 19.67967459699139
am3_window_00_frame_0 pair 184 [12, 4] combined 76800 players 20546 retained 256 seconds 7.10142715787515
am3_window_00_frame_0 pair 186 [12, 6] combined 262144 players 74268 retained 256 seconds 20.589168132981285
am3_window_00_frame_0 pair 196 [13, 1] combined 262144 players 81828 retained 256 seconds 21.59289350686595
am3_window_00_frame_0 pair 197 [13, 2] combined 262144 players 30684 retained 256 seconds 19.246735581895337
am3_window_00_frame_0 pair 199 [13, 4] combined 79872 players 26426 retained 256 seconds 7.680781708098948
am3_window_00_frame_0 pair 201 [13, 6] combined 262144 players 81382 retained 256 seconds 21.130497427890077
am3_window_00_frame_0 pair 211 [14, 1] combined 262144 players 71170 retained 256 seconds 20.925603304989636
am3_window_00_frame_0 pair 212 [14, 2] combined 262144 players 19116 retained 256 seconds 19.242201776942238
am3_window_00_frame_0 pair 214 [14, 4] combined 66560 players 13892 retained 256 seconds 6.287873144028708
am3_window_00_frame_0 pair 216 [14, 6] combined 262144 players 78668 retained 256 seconds 21.410251614870504
am3_window_00_frame_0 pair 226 [15, 1] combined 262144 players 80508 retained 256 seconds 19.498167109908536
am3_window_00_frame_0 pair 227 [15, 2] combined 262144 players 15712 retained 256 seconds 17.193367892876267
am3_window_00_frame_0 pair 229 [15, 4] combined 65536 players 15272 retained 256 seconds 5.261951633961871
am3_window_00_frame_0 pair 231 [15, 6] combined 262144 players 84992 retained 256 seconds 20.046464666957036
am3_window_00_frame_0 M generated pooled 17677 entries 256 winners 30:23199 30:23196 seconds 1024.1
am3_window_00_frame_0 exact final-evaluation replay passed
am3_window_00_frame_0 exact selection replay passed
am3_window_00_frame_0 exact final-evaluation replay passed
am3_window_00_frame_0 exact selection replay passed
am3_window_00_frame_0 full evidence 0 of 1130 seconds 2.918066456913948e-06
am3_window_00_frame_0 full evidence 512 of 1130 seconds 36.94367100507952
am3_window_00_frame_0 full evidence 1024 of 1130 seconds 72.4085351920221
am3_window_00_frame_0 M complete {'case_id': 'am3_window_00_frame_0', 'arm': 'M', 'status': 'generated', 'generation_s': 1024.1061184788123, 'camera_first_s': 37.470397769939154, 'all_camera_s': 97.39695762400515, 'entries': {'results': 256, 'camera_first': 256, 'all_camera': 1386}, 'winners': {'results': ('30:23199', '30:23196'), 'camera_first': ('30:23199', '30:23196'), 'all_camera': ('30:23199', '30:23196')}}
shuttleset_03_scene_0017 pair 0 [0, 1] combined 262144 players 74088 retained 256 seconds 4.213595542125404
shuttleset_03_scene_0017 pair 1 [0, 2] combined 262144 players 80330 retained 256 seconds 4.337551701813936
shuttleset_03_scene_0017 pair 2 [0, 3] combined 262144 players 81722 retained 256 seconds 4.486358853057027
shuttleset_03_scene_0017 pair 4 [0, 5] combined 262144 players 82500 retained 256 seconds 4.462513440987095
shuttleset_03_scene_0017 pair 5 [0, 6] combined 142336 players 49762 retained 256 seconds 2.8900291158352047
shuttleset_03_scene_0017 pair 7 [0, 8] combined 131072 players 37038 retained 256 seconds 2.5494956250768155
shuttleset_03_scene_0017 pair 9 [0, 10] combined 40960 players 8814 retained 256 seconds 1.357740260893479
shuttleset_03_scene_0017 pair 10 [0, 11] combined 132096 players 33344 retained 256 seconds 2.390576675068587
shuttleset_03_scene_0017 pair 11 [0, 12] combined 97280 players 21360 retained 256 seconds 1.9497480008285493
shuttleset_03_scene_0017 pair 12 [0, 13] combined 262144 players 80022 retained 256 seconds 4.32921248790808
shuttleset_03_scene_0017 pair 13 [0, 14] combined 168960 players 45966 retained 256 seconds 3.196322059025988
shuttleset_03_scene_0017 pair 15 [1, 0] combined 262144 players 90618 retained 256 seconds 4.585447977064177
shuttleset_03_scene_0017 pair 16 [1, 2] combined 262144 players 3056 retained 256 seconds 1.673623110866174
shuttleset_03_scene_0017 pair 18 [1, 4] combined 262144 players 73570 retained 256 seconds 3.6566928140819073
shuttleset_03_scene_0017 pair 21 [1, 7] combined 262144 players 81364 retained 256 seconds 3.8569177631288767
shuttleset_03_scene_0017 pair 22 [1, 8] combined 233472 players 5046 retained 256 seconds 1.5873982929624617
shuttleset_03_scene_0017 pair 24 [1, 10] combined 19456 players 2556 retained 256 seconds 0.5282101731281728
shuttleset_03_scene_0017 pair 25 [1, 11] combined 84992 players 25880 retained 256 seconds 1.405063834041357
shuttleset_03_scene_0017 pair 26 [1, 12] combined 174080 players 1950 retained 256 seconds 1.3113451430108398
shuttleset_03_scene_0017 pair 30 [2, 0] combined 262144 players 109574 retained 256 seconds 4.714899799088016
shuttleset_03_scene_0017 pair 31 [2, 1] combined 262144 players 8076 retained 256 seconds 1.6804763940162957
shuttleset_03_scene_0017 pair 33 [2, 4] combined 262144 players 93088 retained 256 seconds 4.1137632669415325
shuttleset_03_scene_0017 pair 34 [2, 5] combined 262144 players 8882 retained 256 seconds 1.5341335060074925
shuttleset_03_scene_0017 pair 35 [2, 6] combined 219136 players 2548 retained 256 seconds 1.1482253298163414
shuttleset_03_scene_0017 pair 38 [2, 9] combined 72704 players 19222 retained 256 seconds 0.921908742049709
shuttleset_03_scene_0017 pair 43 [2, 14] combined 209920 players 320 retained 160 seconds 1.0467130518518388
shuttleset_03_scene_0017 pair 45 [3, 0] combined 262144 players 83570 retained 256 seconds 4.007399369031191
shuttleset_03_scene_0017 pair 48 [3, 4] combined 262144 players 73422 retained 256 seconds 3.568374615861103
shuttleset_03_scene_0017 pair 50 [3, 6] combined 157696 players 9720 retained 256 seconds 1.3077941099181771
shuttleset_03_scene_0017 pair 51 [3, 7] combined 262144 players 58850 retained 256 seconds 2.930413783993572
shuttleset_03_scene_0017 pair 53 [3, 9] combined 82944 players 22112 retained 256 seconds 1.19787992304191
shuttleset_03_scene_0017 pair 58 [3, 14] combined 262144 players 14570 retained 256 seconds 1.7706917938776314
shuttleset_03_scene_0017 pair 59 [3, 15] combined 139264 players 15494 retained 256 seconds 1.2070422798860818
shuttleset_03_scene_0017 pair 61 [4, 1] combined 262144 players 65788 retained 256 seconds 3.568475579842925
shuttleset_03_scene_0017 pair 62 [4, 2] combined 262144 players 67982 retained 256 seconds 3.4546399880200624
shuttleset_03_scene_0017 pair 63 [4, 3] combined 262144 players 69828 retained 256 seconds 3.5352622540667653
shuttleset_03_scene_0017 pair 64 [4, 5] combined 262144 players 77462 retained 256 seconds 3.7269830270670354
shuttleset_03_scene_0017 pair 65 [4, 6] combined 148480 players 50788 retained 256 seconds 2.2966659639496356
shuttleset_03_scene_0017 pair 66 [4, 7] combined 262144 players 1196 retained 256 seconds 1.4609732180833817
shuttleset_03_scene_0017 pair 68 [4, 9] combined 110592 players 5118 retained 256 seconds 0.8528298600576818
shuttleset_03_scene_0017 pair 70 [4, 11] combined 139264 players 10960 retained 256 seconds 1.1764960719738156
shuttleset_03_scene_0017 pair 71 [4, 12] combined 94208 players 16140 retained 256 seconds 1.1039175901096314
shuttleset_03_scene_0017 pair 72 [4, 13] combined 262144 players 65618 retained 256 seconds 3.44812479801476
shuttleset_03_scene_0017 pair 73 [4, 14] combined 172032 players 43174 retained 256 seconds 2.278971412917599
shuttleset_03_scene_0017 pair 75 [5, 0] combined 262144 players 99406 retained 256 seconds 4.707606505835429
shuttleset_03_scene_0017 pair 77 [5, 2] combined 262144 players 2704 retained 256 seconds 1.4445649029221386
shuttleset_03_scene_0017 pair 79 [5, 4] combined 262144 players 90856 retained 256 seconds 3.8881683140061796
shuttleset_03_scene_0017 pair 81 [5, 7] combined 262144 players 87432 retained 256 seconds 4.592986844945699
shuttleset_03_scene_0017 pair 82 [5, 8] combined 200704 players 3400 retained 256 seconds 1.1327349729835987
shuttleset_03_scene_0017 pair 84 [5, 10] combined 24576 players 3694 retained 256 seconds 0.3000292368233204
shuttleset_03_scene_0017 pair 85 [5, 11] combined 87040 players 16022 retained 256 seconds 0.8417020200286061
shuttleset_03_scene_0017 pair 86 [5, 12] combined 217088 players 2556 retained 256 seconds 1.2656093970872462
shuttleset_03_scene_0017 pair 90 [6, 0] combined 229376 players 86326 retained 256 seconds 3.873878860846162
shuttleset_03_scene_0017 pair 92 [6, 2] combined 239616 players 5474 retained 256 seconds 1.2786072047892958
shuttleset_03_scene_0017 pair 93 [6, 3] combined 262144 players 12240 retained 256 seconds 1.6563085950911045
shuttleset_03_scene_0017 pair 94 [6, 4] combined 220160 players 68288 retained 256 seconds 3.158514049137011
shuttleset_03_scene_0017 pair 97 [6, 8] combined 148800 players 2868 retained 256 seconds 0.8117697108536959
shuttleset_03_scene_0017 pair 99 [6, 10] combined 18096 players 602 retained 256 seconds 0.13603610382415354
shuttleset_03_scene_0017 pair 100 [6, 11] combined 64800 players 6970 retained 256 seconds 0.4757708888500929
shuttleset_03_scene_0017 pair 101 [6, 12] combined 152240 players 1990 retained 256 seconds 0.7740229410119355
shuttleset_03_scene_0017 pair 106 [7, 1] combined 262144 players 74738 retained 256 seconds 3.4138352510053664
shuttleset_03_scene_0017 pair 108 [7, 3] combined 262144 players 73634 retained 256 seconds 3.559912331867963
shuttleset_03_scene_0017 pair 109 [7, 4] combined 262144 players 1394 retained 256 seconds 1.3773075931239873
shuttleset_03_scene_0017 pair 110 [7, 5] combined 262144 players 72392 retained 256 seconds 3.12562613398768
shuttleset_03_scene_0017 pair 114 [7, 10] combined 21084 players 0 retained 0 seconds 0.15284608979709446
shuttleset_03_scene_0017 pair 117 [7, 13] combined 262144 players 77910 retained 256 seconds 3.2679268198553473
shuttleset_03_scene_0017 pair 119 [7, 15] combined 116640 players 5232 retained 256 seconds 1.0414808918721974
shuttleset_03_scene_0017 pair 120 [8, 0] combined 184320 players 72160 retained 256 seconds 3.2703207288868725
shuttleset_03_scene_0017 pair 121 [8, 1] combined 212992 players 2086 retained 256 seconds 1.2462412118911743
shuttleset_03_scene_0017 pair 125 [8, 5] combined 207872 players 5452 retained 256 seconds 1.1240639260504395
shuttleset_03_scene_0017 pair 126 [8, 6] combined 186620 players 3712 retained 256 seconds 0.9605324501171708
shuttleset_03_scene_0017 pair 128 [8, 9] combined 48672 players 9154 retained 256 seconds 0.5913499100133777
shuttleset_03_scene_0017 pair 133 [8, 14] combined 177152 players 390 retained 195 seconds 0.8537906629499048
shuttleset_03_scene_0017 pair 137 [9, 2] combined 117760 players 36454 retained 256 seconds 1.5147532268892974
shuttleset_03_scene_0017 pair 138 [9, 3] combined 129024 players 38348 retained 256 seconds 1.6967970689292997
shuttleset_03_scene_0017 pair 139 [9, 4] combined 99328 players 3074 retained 256 seconds 0.6726196359377354
shuttleset_03_scene_0017 pair 143 [9, 8] combined 56168 players 13984 retained 256 seconds 0.7012049918994308
shuttleset_03_scene_0017 pair 144 [9, 10] combined 1476 players 18 retained 8 seconds 0.04128789994865656
shuttleset_03_scene_0017 pair 146 [9, 12] combined 42500 players 8916 retained 256 seconds 0.5582150118425488
shuttleset_03_scene_0017 pair 147 [9, 13] combined 135168 players 41846 retained 256 seconds 1.8051079008728266
shuttleset_03_scene_0017 pair 149 [9, 15] combined 62828 players 4836 retained 256 seconds 0.4481497050728649
shuttleset_03_scene_0017 pair 150 [10, 0] combined 12288 players 628 retained 256 seconds 0.7568666450679302
shuttleset_03_scene_0017 pair 151 [10, 1] combined 20480 players 352 retained 177 seconds 0.3125817081891
shuttleset_03_scene_0017 pair 155 [10, 5] combined 20480 players 44 retained 22 seconds 0.15372180799022317
shuttleset_03_scene_0017 pair 156 [10, 6] combined 5760 players 0 retained 0 seconds 0.038133895955979824
shuttleset_03_scene_0017 pair 157 [10, 7] combined 10240 players 816 retained 256 seconds 0.09556301310658455
shuttleset_03_scene_0017 pair 159 [10, 9] combined 576 players 28 retained 14 seconds 0.02304832194931805
shuttleset_03_scene_0017 pair 163 [10, 14] combined 2496 players 0 retained 0 seconds 0.02426697500050068
shuttleset_03_scene_0017 pair 165 [11, 0] combined 12288 players 740 retained 256 seconds 0.5983159448951483
shuttleset_03_scene_0017 pair 166 [11, 1] combined 83968 players 10730 retained 256 seconds 0.8318106969818473
shuttleset_03_scene_0017 pair 169 [11, 4] combined 19456 players 1174 retained 256 seconds 0.24552850588224828
shuttleset_03_scene_0017 pair 170 [11, 5] combined 84992 players 7066 retained 256 seconds 0.7793732578866184
shuttleset_03_scene_0017 pair 171 [11, 6] combined 41356 players 8526 retained 256 seconds 0.4116911480668932
shuttleset_03_scene_0017 pair 178 [11, 14] combined 79872 players 3182 retained 256 seconds 0.4820658110547811
shuttleset_03_scene_0017 pair 179 [11, 15] combined 11532 players 0 retained 0 seconds 0.06495252111926675
shuttleset_03_scene_0017 pair 180 [12, 0] combined 106496 players 34324 retained 256 seconds 1.9171133700292557
shuttleset_03_scene_0017 pair 181 [12, 1] combined 70656 players 282 retained 144 seconds 0.5644670429173857
shuttleset_03_scene_0017 pair 184 [12, 4] combined 100352 players 32196 retained 256 seconds 1.6185410851612687
shuttleset_03_scene_0017 pair 185 [12, 5] combined 66560 players 584 retained 256 seconds 0.4036325979977846
shuttleset_03_scene_0017 pair 186 [12, 6] combined 55024 players 54 retained 27 seconds 0.26882372819818556
shuttleset_03_scene_0017 pair 189 [12, 9] combined 27552 players 6556 retained 256 seconds 0.2892398738767952
shuttleset_03_scene_0017 pair 193 [12, 14] combined 92876 players 36 retained 18 seconds 0.4408331860322505
shuttleset_03_scene_0017 pair 195 [13, 0] combined 262144 players 79710 retained 256 seconds 4.266670824959874
shuttleset_03_scene_0017 pair 199 [13, 4] combined 262144 players 66364 retained 256 seconds 3.212470637867227
shuttleset_03_scene_0017 pair 202 [13, 7] combined 262144 players 72296 retained 256 seconds 3.601702922023833
shuttleset_03_scene_0017 pair 204 [13, 9] combined 84992 players 27566 retained 256 seconds 1.1633683240506798
shuttleset_03_scene_0017 pair 209 [13, 15] combined 123904 players 31644 retained 256 seconds 1.6537054169457406
shuttleset_03_scene_0017 pair 210 [14, 0] combined 218112 players 70038 retained 256 seconds 3.555695464136079
shuttleset_03_scene_0017 pair 212 [14, 2] combined 252928 players 4386 retained 256 seconds 1.3230552410241216
shuttleset_03_scene_0017 pair 213 [14, 3] combined 220160 players 1698 retained 256 seconds 1.1302424790337682
shuttleset_03_scene_0017 pair 214 [14, 4] combined 207872 players 61414 retained 256 seconds 2.95238146209158
shuttleset_03_scene_0017 pair 218 [14, 8] combined 191632 players 4130 retained 256 seconds 1.0106707310769707
shuttleset_03_scene_0017 pair 220 [14, 10] combined 16320 players 1120 retained 256 seconds 0.13641425198875368
shuttleset_03_scene_0017 pair 221 [14, 11] combined 63008 players 1324 retained 256 seconds 0.3465470210649073
shuttleset_03_scene_0017 pair 222 [14, 12] combined 132928 players 184 retained 92 seconds 0.6317520288284868
shuttleset_03_scene_0017 pair 228 [15, 3] combined 50176 players 2540 retained 256 seconds 0.3702653478831053
shuttleset_03_scene_0017 pair 232 [15, 7] combined 66560 players 2696 retained 256 seconds 0.3863865048624575
shuttleset_03_scene_0017 pair 234 [15, 9] combined 37496 players 1172 retained 256 seconds 0.22335537895560265
shuttleset_03_scene_0017 pair 236 [15, 11] combined 42000 players 8 retained 4 seconds 0.199793865904212
shuttleset_03_scene_0017 pair 238 [15, 13] combined 27648 players 4570 retained 256 seconds 0.3161908658221364
shuttleset_03_scene_0017 M generated pooled 27741 entries 256 winners 1:3063 1:3116 seconds 240.1
shuttleset_03_scene_0017 exact final-evaluation replay passed
shuttleset_03_scene_0017 exact selection replay passed
shuttleset_03_scene_0017 exact final-evaluation replay passed
shuttleset_03_scene_0017 exact selection replay passed
shuttleset_03_scene_0017 full evidence 0 of 2548 seconds 2.4819746613502502e-06
shuttleset_03_scene_0017 full evidence 512 of 2548 seconds 49.59376940084621
shuttleset_03_scene_0017 full evidence 1024 of 2548 seconds 93.85121024097316
shuttleset_03_scene_0017 full evidence 1536 of 2548 seconds 137.34041019296274
shuttleset_03_scene_0017 full evidence 2048 of 2548 seconds 180.21683515887707
shuttleset_03_scene_0017 M complete {'case_id': 'shuttleset_03_scene_0017', 'arm': 'M', 'status': 'generated', 'generation_s': 240.06360289012082, 'camera_first_s': 28.737917247926816, 'all_camera_s': 253.22069416684099, 'entries': {'results': 256, 'camera_first': 256, 'all_camera': 2804}, 'winners': {'results': ('1:3063', '1:3116'), 'camera_first': ('1:3063', '1:3116'), 'all_camera': ('1:3063', '1:3116')}}
shuttleset_03_scene_0019 pair 0 [0, 1] combined 262144 players 93442 retained 256 seconds 4.788930079899728
shuttleset_03_scene_0019 pair 1 [0, 2] combined 262144 players 78576 retained 256 seconds 4.514038022840396
shuttleset_03_scene_0019 pair 2 [0, 3] combined 225280 players 84086 retained 256 seconds 4.649394012987614
shuttleset_03_scene_0019 pair 4 [0, 5] combined 262144 players 80380 retained 256 seconds 4.547429077094421
shuttleset_03_scene_0019 pair 6 [0, 7] combined 31744 players 7032 retained 256 seconds 1.7825439129956067
shuttleset_03_scene_0019 pair 7 [0, 8] combined 262144 players 116804 retained 256 seconds 5.2089515218976885
shuttleset_03_scene_0019 pair 8 [0, 9] combined 73728 players 27346 retained 256 seconds 2.3845870688091964
shuttleset_03_scene_0019 pair 9 [0, 10] combined 262144 players 75734 retained 256 seconds 4.50016535888426
shuttleset_03_scene_0019 pair 10 [0, 11] combined 38912 players 14256 retained 256 seconds 2.0050336960703135
shuttleset_03_scene_0019 pair 11 [0, 12] combined 46080 players 17888 retained 256 seconds 1.8442453190218657
shuttleset_03_scene_0019 pair 13 [0, 14] combined 107520 players 46674 retained 256 seconds 2.9629966740030795
shuttleset_03_scene_0019 pair 15 [1, 0] combined 262144 players 108446 retained 256 seconds 4.846644537057728
shuttleset_03_scene_0019 pair 16 [1, 2] combined 262144 players 19978 retained 256 seconds 1.9689091409090906
shuttleset_03_scene_0019 pair 18 [1, 4] combined 262144 players 72064 retained 256 seconds 3.092070387909189
shuttleset_03_scene_0019 pair 20 [1, 6] combined 262144 players 48680 retained 256 seconds 2.66047434695065
shuttleset_03_scene_0019 pair 22 [1, 8] combined 214016 players 13082 retained 256 seconds 1.5111618509981781
shuttleset_03_scene_0019 pair 23 [1, 9] combined 56320 players 14430 retained 256 seconds 0.6674260278232396
shuttleset_03_scene_0019 pair 25 [1, 11] combined 33792 players 6670 retained 256 seconds 0.46574299898929894
shuttleset_03_scene_0019 pair 26 [1, 12] combined 37888 players 2122 retained 256 seconds 0.32657828787341714
shuttleset_03_scene_0019 pair 27 [1, 13] combined 136192 players 28732 retained 256 seconds 1.4176095509901643
shuttleset_03_scene_0019 pair 28 [1, 14] combined 17408 players 442 retained 219 seconds 0.22161575499922037
shuttleset_03_scene_0019 pair 30 [2, 0] combined 262144 players 113550 retained 256 seconds 4.882673074025661
shuttleset_03_scene_0019 pair 31 [2, 1] combined 262144 players 2344 retained 256 seconds 1.359608872095123
shuttleset_03_scene_0019 pair 32 [2, 3] combined 262144 players 1366 retained 256 seconds 1.2740372309926897
shuttleset_03_scene_0019 pair 33 [2, 4] combined 262144 players 63410 retained 256 seconds 2.9195216670632362
shuttleset_03_scene_0019 pair 36 [2, 7] combined 44032 players 2696 retained 256 seconds 0.3541172828990966
shuttleset_03_scene_0019 pair 45 [3, 0] combined 262144 players 111978 retained 256 seconds 4.770620693918318
shuttleset_03_scene_0019 pair 47 [3, 2] combined 262144 players 3684 retained 256 seconds 1.600030389148742
shuttleset_03_scene_0019 pair 49 [3, 5] combined 258048 players 19180 retained 256 seconds 1.618774593109265
shuttleset_03_scene_0019 pair 52 [3, 8] combined 114912 players 3880 retained 256 seconds 0.6555559618864208
shuttleset_03_scene_0019 pair 53 [3, 9] combined 29568 players 1556 retained 256 seconds 0.21171113685704768
shuttleset_03_scene_0019 pair 54 [3, 10] combined 238592 players 3026 retained 256 seconds 1.2040058600250632
shuttleset_03_scene_0019 pair 55 [3, 11] combined 22464 players 142 retained 71 seconds 0.14486761717125773
shuttleset_03_scene_0019 pair 57 [3, 13] combined 122936 players 25802 retained 256 seconds 1.2512460169382393
shuttleset_03_scene_0019 pair 58 [3, 14] combined 16384 players 220 retained 103 seconds 0.13524516788311303
shuttleset_03_scene_0019 pair 59 [3, 15] combined 25600 players 1502 retained 256 seconds 0.19109232211485505
shuttleset_03_scene_0019 pair 61 [4, 1] combined 262144 players 79466 retained 256 seconds 3.3784918470773846
shuttleset_03_scene_0019 pair 62 [4, 2] combined 262144 players 74564 retained 256 seconds 3.4054801599122584
shuttleset_03_scene_0019 pair 64 [4, 5] combined 262144 players 75942 retained 256 seconds 3.3713494820985943
shuttleset_03_scene_0019 pair 66 [4, 7] combined 32768 players 7360 retained 256 seconds 0.6290522420313209
shuttleset_03_scene_0019 pair 69 [4, 10] combined 262144 players 62382 retained 256 seconds 2.8011376049835235
shuttleset_03_scene_0019 pair 70 [4, 11] combined 31744 players 10638 retained 256 seconds 0.6382953869178891
shuttleset_03_scene_0019 pair 71 [4, 12] combined 41984 players 232 retained 116 seconds 0.25059804506599903
shuttleset_03_scene_0019 pair 72 [4, 13] combined 194560 players 20234 retained 256 seconds 1.3857617259491235
shuttleset_03_scene_0019 pair 75 [5, 0] combined 262144 players 87388 retained 256 seconds 4.48489694786258
shuttleset_03_scene_0019 pair 78 [5, 3] combined 262144 players 23378 retained 256 seconds 1.7756860579829663
shuttleset_03_scene_0019 pair 79 [5, 4] combined 262144 players 81506 retained 256 seconds 3.5210628719069064
shuttleset_03_scene_0019 pair 80 [5, 6] combined 262144 players 83724 retained 256 seconds 3.8469626230653375
shuttleset_03_scene_0019 pair 81 [5, 7] combined 51200 players 1670 retained 256 seconds 0.3727093420457095
shuttleset_03_scene_0019 pair 86 [5, 12] combined 38912 players 276 retained 128 seconds 0.24788735900074244
shuttleset_03_scene_0019 pair 91 [6, 1] combined 262144 players 62390 retained 256 seconds 2.8688254109583795
shuttleset_03_scene_0019 pair 95 [6, 5] combined 262144 players 44314 retained 256 seconds 2.454975984059274
shuttleset_03_scene_0019 pair 102 [6, 13] combined 194560 players 2644 retained 256 seconds 0.9767886931076646
shuttleset_03_scene_0019 pair 105 [7, 0] combined 35840 players 10436 retained 256 seconds 1.2315023359842598
shuttleset_03_scene_0019 pair 107 [7, 2] combined 46080 players 1160 retained 256 seconds 0.2825636458583176
shuttleset_03_scene_0019 pair 109 [7, 4] combined 37888 players 11326 retained 256 seconds 0.45909854490309954
shuttleset_03_scene_0019 pair 110 [7, 5] combined 45056 players 944 retained 256 seconds 0.37787469499744475
shuttleset_03_scene_0019 pair 112 [7, 8] combined 32800 players 2546 retained 256 seconds 0.227354102069512
shuttleset_03_scene_0019 pair 113 [7, 9] combined 8584 players 644 retained 256 seconds 0.07933897105976939
shuttleset_03_scene_0019 pair 114 [7, 10] combined 64512 players 18 retained 9 seconds 0.31854449305683374
shuttleset_03_scene_0019 pair 115 [7, 11] combined 8400 players 8 retained 4 seconds 0.05314455693587661
shuttleset_03_scene_0019 pair 118 [7, 14] combined 3864 players 414 retained 198 seconds 0.05012694210745394
shuttleset_03_scene_0019 pair 119 [7, 15] combined 1792 players 0 retained 0 seconds 0.014261316042393446
shuttleset_03_scene_0019 pair 120 [8, 0] combined 53248 players 8820 retained 256 seconds 1.1994486160110682
shuttleset_03_scene_0019 pair 121 [8, 1] combined 79872 players 4426 retained 256 seconds 0.6399180148728192
shuttleset_03_scene_0019 pair 123 [8, 3] combined 75088 players 2078 retained 256 seconds 0.41452630097046494
shuttleset_03_scene_0019 pair 127 [8, 7] combined 21168 players 174 retained 84 seconds 0.12051266012713313
shuttleset_03_scene_0019 pair 135 [9, 0] combined 35840 players 3336 retained 256 seconds 0.9659001170657575
shuttleset_03_scene_0019 pair 136 [9, 1] combined 37888 players 2112 retained 256 seconds 0.2887055720202625
shuttleset_03_scene_0019 pair 138 [9, 3] combined 37888 players 2506 retained 256 seconds 0.2613769711460918
shuttleset_03_scene_0019 pair 142 [9, 7] combined 9176 players 286 retained 143 seconds 0.06922810501419008
shuttleset_03_scene_0019 pair 147 [9, 13] combined 36660 players 392 retained 196 seconds 0.1884086229838431
shuttleset_03_scene_0019 pair 150 [10, 0] combined 262144 players 107274 retained 256 seconds 4.90611410792917
shuttleset_03_scene_0019 pair 153 [10, 3] combined 262144 players 3566 retained 256 seconds 1.3506087430287153
shuttleset_03_scene_0019 pair 154 [10, 4] combined 262144 players 65524 retained 256 seconds 3.0579117061570287
shuttleset_03_scene_0019 pair 157 [10, 7] combined 48128 players 62 retained 31 seconds 0.29020276409573853
shuttleset_03_scene_0019 pair 161 [10, 12] combined 31744 players 542 retained 239 seconds 0.20109049882739782
shuttleset_03_scene_0019 pair 165 [11, 0] combined 4096 players 274 retained 109 seconds 0.7811339821200818
shuttleset_03_scene_0019 pair 166 [11, 1] combined 38912 players 432 retained 216 seconds 0.2544376151636243
shuttleset_03_scene_0019 pair 168 [11, 3] combined 10992 players 70 retained 35 seconds 0.08073137514293194
shuttleset_03_scene_0019 pair 169 [11, 4] combined 14336 players 3658 retained 256 seconds 0.1909866768401116
shuttleset_03_scene_0019 pair 172 [11, 7] combined 15360 players 20 retained 10 seconds 0.08409203984774649
shuttleset_03_scene_0019 pair 180 [12, 0] combined 14336 players 2408 retained 256 seconds 0.8469756890553981
shuttleset_03_scene_0019 pair 181 [12, 1] combined 25600 players 3160 retained 256 seconds 0.2600117370020598
shuttleset_03_scene_0019 pair 184 [12, 4] combined 11264 players 204 retained 102 seconds 0.10064608906395733
shuttleset_03_scene_0019 pair 185 [12, 5] combined 27648 players 752 retained 256 seconds 0.18756472086533904
shuttleset_03_scene_0019 pair 190 [12, 10] combined 15360 players 3858 retained 256 seconds 0.3131176729220897
shuttleset_03_scene_0019 pair 194 [12, 15] combined 912 players 154 retained 77 seconds 0.026140725007280707
shuttleset_03_scene_0019 pair 196 [13, 1] combined 140288 players 29578 retained 256 seconds 1.4934090150054544
shuttleset_03_scene_0019 pair 198 [13, 3] combined 143360 players 18708 retained 256 seconds 1.3070174499880522
shuttleset_03_scene_0019 pair 199 [13, 4] combined 192512 players 2232 retained 256 seconds 0.963818488875404
shuttleset_03_scene_0019 pair 201 [13, 6] combined 176904 players 392 retained 198 seconds 0.8207428678870201
shuttleset_03_scene_0019 pair 204 [13, 9] combined 71520 players 538 retained 256 seconds 0.35145900305360556
shuttleset_03_scene_0019 pair 209 [13, 15] combined 5680 players 722 retained 256 seconds 0.06694496585987508
shuttleset_03_scene_0019 pair 210 [14, 0] combined 2048 players 728 retained 256 seconds 0.7927306429482996
shuttleset_03_scene_0019 pair 211 [14, 1] combined 7168 players 402 retained 162 seconds 0.11281019914895296
shuttleset_03_scene_0019 pair 213 [14, 3] combined 8192 players 326 retained 159 seconds 0.07755877892486751
shuttleset_03_scene_0019 pair 217 [14, 7] combined 1560 players 38 retained 19 seconds 0.02326423884369433
shuttleset_03_scene_0019 pair 228 [15, 3] combined 13312 players 140 retained 70 seconds 0.09016250097192824
shuttleset_03_scene_0019 pair 232 [15, 7] combined 1560 players 0 retained 0 seconds 0.012293047038838267
shuttleset_03_scene_0019 pair 237 [15, 12] combined 640 players 30 retained 15 seconds 0.017281924840062857
shuttleset_03_scene_0019 pair 238 [15, 13] combined 6812 players 1546 retained 256 seconds 0.0862306549679488
shuttleset_03_scene_0019 M generated pooled 21913 entries 256 winners 1:56 1:56 seconds 170.0
shuttleset_03_scene_0019 exact final-evaluation replay passed
shuttleset_03_scene_0019 exact selection replay passed
shuttleset_03_scene_0019 exact final-evaluation replay passed
shuttleset_03_scene_0019 exact selection replay passed
shuttleset_03_scene_0019 full evidence 0 of 2338 seconds 3.2410025596618652e-06
shuttleset_03_scene_0019 full evidence 512 of 2338 seconds 45.51215621922165
shuttleset_03_scene_0019 full evidence 1024 of 2338 seconds 87.77236263500527
shuttleset_03_scene_0019 full evidence 1536 of 2338 seconds 131.5530220111832
shuttleset_03_scene_0019 full evidence 2048 of 2338 seconds 175.2483071561437
shuttleset_03_scene_0019 M complete {'case_id': 'shuttleset_03_scene_0019', 'arm': 'M', 'status': 'generated', 'generation_s': 169.95124407904223, 'camera_first_s': 28.061436177929863, 'all_camera_s': 220.41537439497188, 'entries': {'results': 256, 'camera_first': 256, 'all_camera': 2594}, 'winners': {'results': ('1:56', '1:56'), 'camera_first': ('1:56', '1:56'), 'all_camera': ('1:56', '105:6167')}}
shuttleset_03_scene_0016 pair 0 [0, 1] combined 262144 players 86796 retained 256 seconds 4.407761596841738
shuttleset_03_scene_0016 pair 1 [0, 2] combined 262144 players 78400 retained 256 seconds 4.175139349885285
shuttleset_03_scene_0016 pair 2 [0, 3] combined 225280 players 78354 retained 256 seconds 3.929161726962775
shuttleset_03_scene_0016 pair 4 [0, 5] combined 262144 players 75988 retained 256 seconds 4.22064357297495
shuttleset_03_scene_0016 pair 5 [0, 6] combined 146432 players 57638 retained 256 seconds 3.060422144131735
shuttleset_03_scene_0016 pair 6 [0, 7] combined 172032 players 13002 retained 256 seconds 1.9976358290296048
shuttleset_03_scene_0016 pair 7 [0, 8] combined 262144 players 62344 retained 256 seconds 3.6159873709548265
shuttleset_03_scene_0016 pair 9 [0, 10] combined 262144 players 91142 retained 256 seconds 4.549151198007166
shuttleset_03_scene_0016 pair 11 [0, 12] combined 4096 players 1702 retained 256 seconds 1.0201464381534606
shuttleset_03_scene_0016 pair 12 [0, 13] combined 262144 players 68168 retained 256 seconds 3.934688506880775
shuttleset_03_scene_0016 pair 15 [1, 0] combined 262144 players 93588 retained 256 seconds 4.562755791004747
shuttleset_03_scene_0016 pair 16 [1, 2] combined 262144 players 4624 retained 256 seconds 1.7080376029480249
shuttleset_03_scene_0016 pair 18 [1, 4] combined 262144 players 97758 retained 256 seconds 4.043115403037518
shuttleset_03_scene_0016 pair 20 [1, 6] combined 32768 players 1692 retained 256 seconds 0.5960034080781043
shuttleset_03_scene_0016 pair 21 [1, 7] combined 123904 players 31172 retained 256 seconds 1.7072057749610394
shuttleset_03_scene_0016 pair 23 [1, 9] combined 63488 players 12726 retained 256 seconds 1.0258065378293395
shuttleset_03_scene_0016 pair 25 [1, 11] combined 31744 players 10888 retained 256 seconds 0.7548008770681918
shuttleset_03_scene_0016 pair 28 [1, 14] combined 262144 players 10264 retained 256 seconds 1.8446895079687238
shuttleset_03_scene_0016 pair 29 [1, 15] combined 37888 players 11106 retained 256 seconds 0.8499511259142309
shuttleset_03_scene_0016 pair 30 [2, 0] combined 262144 players 105240 retained 256 seconds 5.88016595505178
shuttleset_03_scene_0016 pair 31 [2, 1] combined 262144 players 1944 retained 256 seconds 1.5337102299090475
shuttleset_03_scene_0016 pair 32 [2, 3] combined 262144 players 9380 retained 256 seconds 1.47619177098386
shuttleset_03_scene_0016 pair 33 [2, 4] combined 262144 players 113852 retained 256 seconds 5.008809678023681
shuttleset_03_scene_0016 pair 37 [2, 8] combined 262144 players 4110 retained 256 seconds 1.4508784820791334
shuttleset_03_scene_0016 pair 42 [2, 13] combined 262144 players 4120 retained 256 seconds 1.3750960889738053
shuttleset_03_scene_0016 pair 45 [3, 0] combined 262144 players 101622 retained 256 seconds 4.352893654955551
shuttleset_03_scene_0016 pair 47 [3, 2] combined 262144 players 10524 retained 256 seconds 1.7341121479403228
shuttleset_03_scene_0016 pair 48 [3, 4] combined 262144 players 104640 retained 256 seconds 3.90803010109812
shuttleset_03_scene_0016 pair 49 [3, 5] combined 262144 players 15518 retained 256 seconds 1.9072378168348223
shuttleset_03_scene_0016 pair 50 [3, 6] combined 38912 players 1496 retained 256 seconds 0.25746392202563584
shuttleset_03_scene_0016 pair 54 [3, 10] combined 262144 players 12572 retained 256 seconds 1.5029925850685686
shuttleset_03_scene_0016 pair 55 [3, 11] combined 33132 players 13284 retained 256 seconds 0.47708487906493247
shuttleset_03_scene_0016 pair 58 [3, 14] combined 262144 players 1334 retained 256 seconds 1.2668544321786612
shuttleset_03_scene_0016 pair 61 [4, 1] combined 262144 players 95624 retained 256 seconds 4.178003798006102
shuttleset_03_scene_0016 pair 62 [4, 2] combined 262144 players 89010 retained 256 seconds 3.8809950910508633
shuttleset_03_scene_0016 pair 63 [4, 3] combined 230400 players 85794 retained 256 seconds 3.595955827040598
shuttleset_03_scene_0016 pair 64 [4, 5] combined 262144 players 86156 retained 256 seconds 3.8044627311173826
shuttleset_03_scene_0016 pair 65 [4, 6] combined 168960 players 19930 retained 256 seconds 1.3574962930288166
shuttleset_03_scene_0016 pair 66 [4, 7] combined 116736 players 3842 retained 256 seconds 0.8736661928705871
shuttleset_03_scene_0016 pair 67 [4, 8] combined 262144 players 72976 retained 256 seconds 3.3090060730464756
shuttleset_03_scene_0016 pair 69 [4, 10] combined 262144 players 104386 retained 256 seconds 4.461438435129821
shuttleset_03_scene_0016 pair 71 [4, 12] combined 3072 players 372 retained 188 seconds 0.2141708079725504
shuttleset_03_scene_0016 pair 72 [4, 13] combined 262144 players 71968 retained 256 seconds 3.141665618866682
shuttleset_03_scene_0016 pair 75 [5, 0] combined 262144 players 97780 retained 256 seconds 4.758815221954137
shuttleset_03_scene_0016 pair 78 [5, 3] combined 262144 players 13318 retained 256 seconds 1.6466679531149566
shuttleset_03_scene_0016 pair 79 [5, 4] combined 262144 players 101490 retained 256 seconds 4.2326790920924395
shuttleset_03_scene_0016 pair 81 [5, 7] combined 120832 players 27262 retained 256 seconds 1.4174017710611224
shuttleset_03_scene_0016 pair 82 [5, 8] combined 262144 players 8504 retained 256 seconds 1.536166065838188
shuttleset_03_scene_0016 pair 83 [5, 9] combined 71680 players 12594 retained 256 seconds 0.8102548739407212
shuttleset_03_scene_0016 pair 86 [5, 12] combined 0 players 0 retained 0 seconds 0.11305637494660914
shuttleset_03_scene_0016 pair 87 [5, 13] combined 262144 players 5390 retained 256 seconds 1.4487401170190424
shuttleset_03_scene_0016 pair 89 [5, 15] combined 36864 players 10984 retained 256 seconds 0.5242867430206388
shuttleset_03_scene_0016 pair 90 [6, 0] combined 16384 players 2244 retained 256 seconds 0.7682634938973933
shuttleset_03_scene_0016 pair 91 [6, 1] combined 3072 players 24 retained 12 seconds 0.23013251298107207
shuttleset_03_scene_0016 pair 93 [6, 3] combined 2928 players 24 retained 12 seconds 0.043595314025878906
shuttleset_03_scene_0016 pair 94 [6, 4] combined 8192 players 968 retained 256 seconds 0.1620346400886774
shuttleset_03_scene_0016 pair 97 [6, 8] combined 3072 players 0 retained 0 seconds 0.05695223598740995
shuttleset_03_scene_0016 pair 102 [6, 13] combined 5120 players 12 retained 6 seconds 0.07200665888376534
shuttleset_03_scene_0016 pair 105 [7, 0] combined 83968 players 5046 retained 256 seconds 1.0333277028985322
shuttleset_03_scene_0016 pair 106 [7, 1] combined 104448 players 27992 retained 256 seconds 1.5386007851921022
shuttleset_03_scene_0016 pair 109 [7, 4] combined 138240 players 3870 retained 256 seconds 0.8142483120318502
shuttleset_03_scene_0016 pair 110 [7, 5] combined 102400 players 17104 retained 256 seconds 0.9029319230467081
shuttleset_03_scene_0016 pair 113 [7, 9] combined 43520 players 516 retained 254 seconds 0.239659114042297
shuttleset_03_scene_0016 pair 115 [7, 11] combined 16660 players 16 retained 9 seconds 0.18369165202602744
shuttleset_03_scene_0016 pair 117 [7, 13] combined 98304 players 17738 retained 256 seconds 0.9967828481458127
shuttleset_03_scene_0016 pair 118 [7, 14] combined 80364 players 7386 retained 256 seconds 0.5540242418646812
shuttleset_03_scene_0016 pair 119 [7, 15] combined 35568 players 0 retained 0 seconds 0.16454892605543137
shuttleset_03_scene_0016 pair 120 [8, 0] combined 262144 players 93664 retained 256 seconds 4.6233683589380234
shuttleset_03_scene_0016 pair 122 [8, 2] combined 262144 players 2770 retained 256 seconds 1.3829594680573791
shuttleset_03_scene_0016 pair 124 [8, 4] combined 262144 players 97104 retained 256 seconds 4.068104929989204
shuttleset_03_scene_0016 pair 125 [8, 5] combined 262144 players 13916 retained 256 seconds 1.6505470778793097
shuttleset_03_scene_0016 pair 126 [8, 6] combined 21504 players 1074 retained 256 seconds 0.21892894222401083
shuttleset_03_scene_0016 pair 128 [8, 9] combined 69632 players 12478 retained 256 seconds 0.6741087019909173
shuttleset_03_scene_0016 pair 129 [8, 10] combined 262144 players 4850 retained 256 seconds 1.404321680078283
shuttleset_03_scene_0016 pair 130 [8, 11] combined 32768 players 10622 retained 256 seconds 0.586085997056216
shuttleset_03_scene_0016 pair 133 [8, 14] combined 262144 players 3330 retained 256 seconds 1.3576413809787482
shuttleset_03_scene_0016 pair 136 [9, 1] combined 63488 players 14564 retained 256 seconds 0.9621575360652059
shuttleset_03_scene_0016 pair 140 [9, 5] combined 61440 players 9864 retained 256 seconds 0.570011671865359
shuttleset_03_scene_0016 pair 142 [9, 7] combined 45360 players 600 retained 256 seconds 0.24571620393544436
shuttleset_03_scene_0016 pair 143 [9, 8] combined 66560 players 11460 retained 256 seconds 0.7285600379109383
shuttleset_03_scene_0016 pair 144 [9, 10] combined 64000 players 11514 retained 256 seconds 0.5762076338287443
shuttleset_03_scene_0016 pair 150 [10, 0] combined 262144 players 90830 retained 256 seconds 4.33419440407306
shuttleset_03_scene_0016 pair 153 [10, 3] combined 262144 players 3506 retained 256 seconds 1.36161456303671
shuttleset_03_scene_0016 pair 154 [10, 4] combined 262144 players 94750 retained 256 seconds 3.89767628419213
shuttleset_03_scene_0016 pair 158 [10, 8] combined 262144 players 4488 retained 256 seconds 1.3891504888888448
shuttleset_03_scene_0016 pair 159 [10, 9] combined 88064 players 20244 retained 256 seconds 1.0264340499415994
shuttleset_03_scene_0016 pair 160 [10, 11] combined 34816 players 13896 retained 256 seconds 0.667559209978208
shuttleset_03_scene_0016 pair 161 [10, 12] combined 0 players 0 retained 0 seconds 0.042130632093176246
shuttleset_03_scene_0016 pair 162 [10, 13] combined 262144 players 1350 retained 256 seconds 1.2950357059016824
shuttleset_03_scene_0016 pair 164 [10, 15] combined 34816 players 10012 retained 256 seconds 0.423978250939399
shuttleset_03_scene_0016 pair 166 [11, 1] combined 44032 players 14962 retained 256 seconds 0.9258747859857976
shuttleset_03_scene_0016 pair 168 [11, 3] combined 44032 players 15830 retained 256 seconds 0.5839223798830062
shuttleset_03_scene_0016 pair 172 [11, 7] combined 16632 players 8 retained 4 seconds 0.10073735797777772
shuttleset_03_scene_0016 pair 173 [11, 8] combined 46080 players 13494 retained 256 seconds 0.7211915219668299
shuttleset_03_scene_0016 pair 175 [11, 10] combined 41984 players 12486 retained 256 seconds 0.505341803887859
shuttleset_03_scene_0016 pair 177 [11, 13] combined 44032 players 13302 retained 256 seconds 0.749656795989722
shuttleset_03_scene_0016 pair 180 [12, 0] combined 0 players 0 retained 0 seconds 0.5324561931192875
shuttleset_03_scene_0016 pair 184 [12, 4] combined 0 players 0 retained 0 seconds 0.07847635308280587
shuttleset_03_scene_0016 pair 185 [12, 5] combined 0 players 0 retained 0 seconds 0.06117197498679161
shuttleset_03_scene_0016 pair 190 [12, 10] combined 0 players 0 retained 0 seconds 0.02083949721418321
shuttleset_03_scene_0016 pair 193 [12, 14] combined 0 players 0 retained 0 seconds 0.010471950052306056
shuttleset_03_scene_0016 pair 195 [13, 0] combined 262144 players 82248 retained 256 seconds 3.9841590970754623
shuttleset_03_scene_0016 pair 197 [13, 2] combined 262144 players 7080 retained 256 seconds 1.8242695040535182
shuttleset_03_scene_0016 pair 199 [13, 4] combined 262144 players 93794 retained 256 seconds 4.787008490180597
shuttleset_03_scene_0016 pair 200 [13, 5] combined 262144 players 2008 retained 256 seconds 1.4773820450063795
shuttleset_03_scene_0016 pair 201 [13, 6] combined 33792 players 3122 retained 256 seconds 0.31034466600976884
shuttleset_03_scene_0016 pair 202 [13, 7] combined 124928 players 32638 retained 256 seconds 1.6717032380402088
shuttleset_03_scene_0016 pair 205 [13, 10] combined 262144 players 2020 retained 256 seconds 1.434369278140366
shuttleset_03_scene_0016 pair 206 [13, 11] combined 32768 players 9170 retained 256 seconds 0.4430744571145624
shuttleset_03_scene_0016 pair 208 [13, 14] combined 262144 players 4126 retained 256 seconds 1.6996423760429025
shuttleset_03_scene_0016 pair 211 [14, 1] combined 208896 players 2108 retained 256 seconds 1.28415193897672
shuttleset_03_scene_0016 pair 213 [14, 3] combined 209920 players 1892 retained 256 seconds 1.0935308979824185
shuttleset_03_scene_0016 pair 217 [14, 7] combined 95000 players 19316 retained 256 seconds 0.9192279579583555
shuttleset_03_scene_0016 pair 218 [14, 8] combined 157696 players 1702 retained 256 seconds 1.1654026648029685
shuttleset_03_scene_0016 pair 222 [14, 12] combined 544 players 0 retained 0 seconds 0.020501487888395786
shuttleset_03_scene_0016 pair 223 [14, 13] combined 218112 players 6902 retained 256 seconds 1.2636863188818097
shuttleset_03_scene_0016 pair 226 [15, 1] combined 29696 players 9708 retained 256 seconds 0.594055439112708
shuttleset_03_scene_0016 pair 230 [15, 5] combined 29696 players 8218 retained 256 seconds 0.4174753278493881
shuttleset_03_scene_0016 pair 232 [15, 7] combined 25760 players 0 retained 0 seconds 0.1335386480204761
shuttleset_03_scene_0016 pair 235 [15, 10] combined 28672 players 8602 retained 256 seconds 0.622641165042296
shuttleset_03_scene_0016 M generated pooled 26597 entries 256 winners 1:57 1:37 seconds 228.6
shuttleset_03_scene_0016 exact final-evaluation replay passed
shuttleset_03_scene_0016 exact selection replay passed
shuttleset_03_scene_0016 exact final-evaluation replay passed
shuttleset_03_scene_0016 exact selection replay passed
shuttleset_03_scene_0016 full evidence 0 of 2277 seconds 4.148110747337341e-06
shuttleset_03_scene_0016 full evidence 512 of 2277 seconds 49.260066852206364
shuttleset_03_scene_0016 full evidence 1024 of 2277 seconds 94.6221802001819
shuttleset_03_scene_0016 full evidence 1536 of 2277 seconds 138.2522405111231
shuttleset_03_scene_0016 full evidence 2048 of 2277 seconds 178.89042543107644
shuttleset_03_scene_0016 M complete {'case_id': 'shuttleset_03_scene_0016', 'arm': 'M', 'status': 'generated', 'generation_s': 228.60157168400474, 'camera_first_s': 29.001484020147473, 'all_camera_s': 221.58873057598248, 'entries': {'results': 256, 'camera_first': 256, 'all_camera': 2533}, 'winners': {'results': ('1:57', '1:37'), 'camera_first': ('1:57', '1:37'), 'all_camera': ('1:57', '1:37')}}
shuttleset_21_scene_0020 pair 0 [0, 1] combined 262144 players 97316 retained 256 seconds 4.354280072962865
shuttleset_21_scene_0020 pair 1 [0, 2] combined 262144 players 99786 retained 256 seconds 4.410476929042488
shuttleset_21_scene_0020 pair 3 [0, 4] combined 224256 players 82278 retained 256 seconds 3.9973964469973
shuttleset_21_scene_0020 pair 5 [0, 6] combined 116736 players 44402 retained 256 seconds 2.289998795138672
shuttleset_21_scene_0020 pair 9 [0, 10] combined 262144 players 60570 retained 256 seconds 3.3035316991154104
shuttleset_21_scene_0020 pair 10 [0, 11] combined 61440 players 19864 retained 256 seconds 1.4912405500654131
shuttleset_21_scene_0020 pair 14 [0, 15] combined 131072 players 43258 retained 256 seconds 2.2748449379578233
shuttleset_21_scene_0020 pair 15 [1, 0] combined 262144 players 105314 retained 256 seconds 4.392924176063389
shuttleset_21_scene_0020 pair 16 [1, 2] combined 262144 players 11790 retained 256 seconds 1.601794950896874
shuttleset_21_scene_0020 pair 17 [1, 3] combined 262144 players 112692 retained 256 seconds 4.1793236918747425
shuttleset_21_scene_0020 pair 18 [1, 4] combined 262144 players 5302 retained 256 seconds 1.4438817331101745
shuttleset_21_scene_0020 pair 19 [1, 5] combined 237568 players 79034 retained 256 seconds 3.3065111881587654
shuttleset_21_scene_0020 pair 20 [1, 6] combined 157696 players 1382 retained 256 seconds 0.8699984929990023
shuttleset_21_scene_0020 pair 21 [1, 7] combined 12288 players 88 retained 44 seconds 0.16529950802214444
shuttleset_21_scene_0020 pair 25 [1, 11] combined 99328 players 1578 retained 256 seconds 0.5825449631083757
shuttleset_21_scene_0020 pair 30 [2, 0] combined 262144 players 98706 retained 256 seconds 4.14558871393092
shuttleset_21_scene_0020 pair 31 [2, 1] combined 262144 players 2679 retained 256 seconds 1.393091387115419
shuttleset_21_scene_0020 pair 32 [2, 3] combined 257024 players 103596 retained 256 seconds 3.9690363300032914
shuttleset_21_scene_0020 pair 34 [2, 5] combined 245760 players 87634 retained 256 seconds 3.6329631279222667
shuttleset_21_scene_0020 pair 37 [2, 8] combined 140288 players 24198 retained 256 seconds 1.4615327829960734
shuttleset_21_scene_0020 pair 38 [2, 9] combined 13312 players 1736 retained 256 seconds 0.20040179695934057
shuttleset_21_scene_0020 pair 39 [2, 10] combined 262144 players 90502 retained 256 seconds 3.707772701047361
shuttleset_21_scene_0020 pair 41 [2, 12] combined 59392 players 14516 retained 256 seconds 0.6915951399132609
shuttleset_21_scene_0020 pair 42 [2, 13] combined 262144 players 75554 retained 256 seconds 3.334669031901285
shuttleset_21_scene_0020 pair 44 [2, 15] combined 198656 players 1888 retained 256 seconds 1.0492477018851787
shuttleset_21_scene_0020 pair 46 [3, 1] combined 262144 players 96538 retained 256 seconds 3.7127216160297394
shuttleset_21_scene_0020 pair 47 [3, 2] combined 262144 players 97308 retained 256 seconds 4.246476907050237
shuttleset_21_scene_0020 pair 50 [3, 6] combined 113664 players 44302 retained 256 seconds 1.840127285104245
shuttleset_21_scene_0020 pair 51 [3, 7] combined 16384 players 5134 retained 256 seconds 0.2530546321067959
shuttleset_21_scene_0020 pair 52 [3, 8] combined 153600 players 4092 retained 256 seconds 0.8151730641257018
shuttleset_21_scene_0020 pair 53 [3, 9] combined 13056 players 1948 retained 256 seconds 0.1442130939103663
shuttleset_21_scene_0020 pair 56 [3, 12] combined 35840 players 2942 retained 256 seconds 0.261148395948112
shuttleset_21_scene_0020 pair 58 [3, 14] combined 127488 players 33116 retained 256 seconds 1.3895175901707262
shuttleset_21_scene_0020 pair 59 [3, 15] combined 138240 players 45574 retained 256 seconds 2.0193137999158353
shuttleset_21_scene_0020 pair 60 [4, 0] combined 244736 players 99396 retained 256 seconds 4.337214794009924
shuttleset_21_scene_0020 pair 61 [4, 1] combined 178176 players 1706 retained 256 seconds 0.9740919559262693
shuttleset_21_scene_0020 pair 64 [4, 5] combined 244976 players 94196 retained 256 seconds 3.527556204935536
shuttleset_21_scene_0020 pair 67 [4, 8] combined 78368 players 8356 retained 256 seconds 0.6150309289805591
shuttleset_21_scene_0020 pair 68 [4, 9] combined 12288 players 720 retained 256 seconds 0.11887904698960483
shuttleset_21_scene_0020 pair 69 [4, 10] combined 161792 players 44518 retained 256 seconds 2.099936950020492
shuttleset_21_scene_0020 pair 72 [4, 13] combined 187392 players 54602 retained 256 seconds 2.5637231098953635
shuttleset_21_scene_0020 pair 74 [4, 15] combined 242688 players 1230 retained 256 seconds 1.1836250959895551
shuttleset_21_scene_0020 pair 76 [5, 1] combined 262144 players 95402 retained 256 seconds 3.7111034831032157
shuttleset_21_scene_0020 pair 77 [5, 2] combined 262144 players 97126 retained 256 seconds 4.104145139921457
shuttleset_21_scene_0020 pair 79 [5, 4] combined 231424 players 86400 retained 256 seconds 3.433569830842316
shuttleset_21_scene_0020 pair 84 [5, 10] combined 202752 players 13596 retained 256 seconds 1.2717539928853512
shuttleset_21_scene_0020 pair 85 [5, 11] combined 58368 players 18404 retained 256 seconds 0.8316835798323154
shuttleset_21_scene_0020 pair 87 [5, 13] combined 262144 players 5530 retained 256 seconds 1.3785305318888277
shuttleset_21_scene_0020 pair 89 [5, 15] combined 138240 players 40238 retained 256 seconds 1.710696587106213
shuttleset_21_scene_0020 pair 90 [6, 0] combined 140288 players 58212 retained 256 seconds 2.672326514031738
shuttleset_21_scene_0020 pair 91 [6, 1] combined 117760 players 2540 retained 256 seconds 0.6973236799240112
shuttleset_21_scene_0020 pair 93 [6, 3] combined 133824 players 60426 retained 256 seconds 2.313398625003174
shuttleset_21_scene_0020 pair 98 [6, 9] combined 10036 players 342 retained 171 seconds 0.12157531501725316
shuttleset_21_scene_0020 pair 99 [6, 10] combined 93184 players 12150 retained 256 seconds 0.8221342111937702
shuttleset_21_scene_0020 pair 102 [6, 13] combined 126976 players 41330 retained 256 seconds 1.7536155839916319
shuttleset_21_scene_0020 pair 104 [6, 15] combined 106000 players 1710 retained 256 seconds 0.5712614259682596
shuttleset_21_scene_0020 pair 106 [7, 1] combined 25600 players 2646 retained 256 seconds 0.24493152205832303
shuttleset_21_scene_0020 pair 108 [7, 3] combined 18772 players 7502 retained 256 seconds 0.29336534393951297
shuttleset_21_scene_0020 pair 112 [7, 8] combined 22680 players 962 retained 256 seconds 0.14819408184848726
shuttleset_21_scene_0020 pair 113 [7, 9] combined 868 players 14 retained 7 seconds 0.01921819499693811
shuttleset_21_scene_0020 pair 114 [7, 10] combined 31744 players 7266 retained 256 seconds 0.425497624091804
shuttleset_21_scene_0020 pair 117 [7, 13] combined 19456 players 6004 retained 256 seconds 0.25867128907702863
shuttleset_21_scene_0020 pair 119 [7, 15] combined 14784 players 910 retained 256 seconds 0.11755700502544641
shuttleset_21_scene_0020 pair 122 [8, 2] combined 151552 players 10204 retained 256 seconds 1.0605398649349809
shuttleset_21_scene_0020 pair 123 [8, 3] combined 204800 players 6210 retained 256 seconds 1.0858688619919121
shuttleset_21_scene_0020 pair 124 [8, 4] combined 94656 players 2868 retained 256 seconds 0.515447499928996
shuttleset_21_scene_0020 pair 127 [8, 7] combined 14168 players 1332 retained 256 seconds 0.12006159196607769
shuttleset_21_scene_0020 pair 129 [8, 10] combined 150528 players 1838 retained 256 seconds 0.7450691750273108
shuttleset_21_scene_0020 pair 130 [8, 11] combined 42312 players 1406 retained 256 seconds 0.250612465897575
shuttleset_21_scene_0020 pair 132 [8, 13] combined 146432 players 4478 retained 256 seconds 0.9156233619432896
shuttleset_21_scene_0020 pair 137 [9, 2] combined 15360 players 3124 retained 256 seconds 0.19861163292080164
shuttleset_21_scene_0020 pair 138 [9, 3] combined 1024 players 118 retained 59 seconds 0.03531536692753434
shuttleset_21_scene_0020 pair 139 [9, 4] combined 11076 players 822 retained 256 seconds 0.10315243597142398
shuttleset_21_scene_0020 pair 141 [9, 6] combined 7000 players 594 retained 256 seconds 0.07474147900938988
shuttleset_21_scene_0020 pair 142 [9, 7] combined 840 players 0 retained 0 seconds 0.007590631954371929
shuttleset_21_scene_0020 pair 145 [9, 11] combined 3900 players 432 retained 216 seconds 0.05137753509916365
shuttleset_21_scene_0020 pair 147 [9, 13] combined 3072 players 0 retained 0 seconds 0.03334872703999281
shuttleset_21_scene_0020 pair 150 [10, 0] combined 188416 players 45306 retained 256 seconds 2.46334791299887
shuttleset_21_scene_0020 pair 152 [10, 2] combined 262144 players 40808 retained 256 seconds 2.32499720598571
shuttleset_21_scene_0020 pair 154 [10, 4] combined 244736 players 10362 retained 256 seconds 1.6050205298233777
shuttleset_21_scene_0020 pair 155 [10, 5] combined 187392 players 7516 retained 256 seconds 1.0569014500360936
shuttleset_21_scene_0020 pair 156 [10, 6] combined 88920 players 10682 retained 256 seconds 0.6829520841129124
shuttleset_21_scene_0020 pair 157 [10, 7] combined 14336 players 1470 retained 256 seconds 0.1453354828990996
shuttleset_21_scene_0020 pair 158 [10, 8] combined 111384 players 5548 retained 256 seconds 0.7859186311252415
shuttleset_21_scene_0020 pair 160 [10, 11] combined 80896 players 11900 retained 256 seconds 0.6578428889624774
shuttleset_21_scene_0020 pair 161 [10, 12] combined 118784 players 5036 retained 256 seconds 0.6858458090573549
shuttleset_21_scene_0020 pair 163 [10, 14] combined 37904 players 492 retained 243 seconds 0.22038244106806815
shuttleset_21_scene_0020 pair 165 [11, 0] combined 72704 players 28562 retained 256 seconds 1.5931935030966997
shuttleset_21_scene_0020 pair 166 [11, 1] combined 53248 players 2978 retained 256 seconds 0.40108151896856725
shuttleset_21_scene_0020 pair 170 [11, 5] combined 68816 players 25842 retained 256 seconds 1.0569702498614788
shuttleset_21_scene_0020 pair 173 [11, 8] combined 50160 players 5610 retained 256 seconds 0.38691283599473536
shuttleset_21_scene_0020 pair 174 [11, 9] combined 6084 players 630 retained 256 seconds 0.07558937394060194
shuttleset_21_scene_0020 pair 175 [11, 10] combined 71680 players 18508 retained 256 seconds 0.9284728320781142
shuttleset_21_scene_0020 pair 176 [11, 12] combined 27880 players 4588 retained 256 seconds 0.2695509251207113
shuttleset_21_scene_0020 pair 179 [11, 15] combined 67620 players 1880 retained 256 seconds 0.38218353292904794
shuttleset_21_scene_0020 pair 182 [12, 2] combined 49152 players 5184 retained 256 seconds 0.3922134388703853
shuttleset_21_scene_0020 pair 183 [12, 3] combined 39936 players 4098 retained 256 seconds 0.29669011384248734
shuttleset_21_scene_0020 pair 190 [12, 10] combined 147000 players 4272 retained 256 seconds 0.9496413019951433
shuttleset_21_scene_0020 pair 191 [12, 11] combined 20196 players 2434 retained 256 seconds 0.17605975409969687
shuttleset_21_scene_0020 pair 192 [12, 13] combined 124928 players 1942 retained 256 seconds 0.6428424909245223
shuttleset_21_scene_0020 pair 197 [13, 2] combined 262144 players 81474 retained 256 seconds 3.6949875738937408
shuttleset_21_scene_0020 pair 199 [13, 4] combined 139264 players 31240 retained 256 seconds 1.366837059846148
shuttleset_21_scene_0020 pair 200 [13, 5] combined 262144 players 3288 retained 256 seconds 1.3136272160336375
shuttleset_21_scene_0020 pair 201 [13, 6] combined 81920 players 22164 retained 256 seconds 1.0354193940293044
shuttleset_21_scene_0020 pair 202 [13, 7] combined 10240 players 1784 retained 256 seconds 0.15209177206270397
shuttleset_21_scene_0020 pair 203 [13, 8] combined 144384 players 2342 retained 256 seconds 0.9084395170211792
shuttleset_21_scene_0020 pair 204 [13, 9] combined 10240 players 20 retained 12 seconds 0.08795977500267327
shuttleset_21_scene_0020 pair 207 [13, 12] combined 150528 players 1822 retained 256 seconds 0.7576559889130294
shuttleset_21_scene_0020 pair 208 [13, 14] combined 96256 players 1770 retained 256 seconds 0.5237646119203418
shuttleset_21_scene_0020 pair 213 [14, 3] combined 106496 players 14622 retained 256 seconds 0.8134717370849103
shuttleset_21_scene_0020 pair 220 [14, 10] combined 48336 players 974 retained 256 seconds 0.27404387784190476
shuttleset_21_scene_0020 pair 223 [14, 13] combined 87040 players 2256 retained 256 seconds 0.4693088191561401
shuttleset_21_scene_0020 pair 225 [15, 0] combined 215040 players 68712 retained 256 seconds 3.5053658259566873
shuttleset_21_scene_0020 pair 227 [15, 2] combined 184320 players 6840 retained 256 seconds 1.0558872069232166
shuttleset_21_scene_0020 pair 228 [15, 3] combined 204800 players 71916 retained 256 seconds 2.96635020384565
shuttleset_21_scene_0020 pair 229 [15, 4] combined 222208 players 5128 retained 256 seconds 1.1679100671317428
shuttleset_21_scene_0020 pair 230 [15, 5] combined 188944 players 55816 retained 256 seconds 2.5937210940755904
shuttleset_21_scene_0020 pair 231 [15, 6] combined 138168 players 1644 retained 256 seconds 0.7140696009155363
shuttleset_21_scene_0020 pair 232 [15, 7] combined 14336 players 0 retained 0 seconds 0.07654227409511805
shuttleset_21_scene_0020 pair 236 [15, 11] combined 84272 players 1216 retained 256 seconds 0.4311148540582508
shuttleset_21_scene_0020 M generated pooled 28912 entries 256 winners 0:2 0:2 seconds 186.8
shuttleset_21_scene_0020 exact final-evaluation replay passed
shuttleset_21_scene_0020 exact selection replay passed
shuttleset_21_scene_0020 exact final-evaluation replay passed
shuttleset_21_scene_0020 exact selection replay passed
shuttleset_21_scene_0020 full evidence 0 of 2674 seconds 3.3401884138584137e-06
shuttleset_21_scene_0020 full evidence 512 of 2674 seconds 33.609728935174644
shuttleset_21_scene_0020 full evidence 1024 of 2674 seconds 62.528421711176634
shuttleset_21_scene_0020 full evidence 1536 of 2674 seconds 93.56418223911896
shuttleset_21_scene_0020 full evidence 2048 of 2674 seconds 117.4584477620665
shuttleset_21_scene_0020 full evidence 2560 of 2674 seconds 146.73340601311065
shuttleset_21_scene_0020 M complete {'case_id': 'shuttleset_21_scene_0020', 'arm': 'M', 'status': 'generated', 'generation_s': 186.83744181599468, 'camera_first_s': 21.29047317104414, 'all_camera_s': 171.0406005710829, 'entries': {'results': 256, 'camera_first': 256, 'all_camera': 2930}, 'winners': {'results': ('0:2', '0:2'), 'camera_first': ('0:2', '0:2'), 'all_camera': ('0:2', '0:2')}}
