gxBQ_window_00_frame_0 pair 0 [0, 1] combined 262144 players 42736 retained 256 seconds 28.735768045997247
gxBQ_window_00_frame_0 pair 2 [0, 3] combined 262144 players 88064 retained 256 seconds 27.744799939915538
gxBQ_window_00_frame_0 pair 3 [0, 4] combined 38912 players 15692 retained 256 seconds 10.624572898028418
gxBQ_window_00_frame_0 pair 5 [0, 6] combined 262144 players 7642 retained 256 seconds 25.588018962880597
gxBQ_window_00_frame_0 pair 7 [0, 8] combined 230400 players 56004 retained 256 seconds 24.750022881897166
gxBQ_window_00_frame_0 pair 8 [0, 9] combined 262144 players 83318 retained 256 seconds 27.790815016953275
gxBQ_window_00_frame_0 pair 9 [0, 10] combined 0 players 0 retained 0 seconds 7.632029979024082
gxBQ_window_00_frame_0 pair 15 [1, 0] combined 262144 players 51526 retained 256 seconds 23.378149571828544
gxBQ_window_00_frame_0 pair 16 [1, 2] combined 262144 players 37724 retained 256 seconds 19.301797406049445
gxBQ_window_00_frame_0 pair 17 [1, 3] combined 262144 players 3556 retained 256 seconds 17.967154327081516
gxBQ_window_00_frame_0 pair 18 [1, 4] combined 62464 players 1524 retained 256 seconds 4.418063103919849
gxBQ_window_00_frame_0 pair 19 [1, 5] combined 150528 players 7418 retained 256 seconds 10.766955866012722
gxBQ_window_00_frame_0 pair 21 [1, 7] combined 262144 players 15656 retained 256 seconds 18.96043754578568
gxBQ_window_00_frame_0 pair 23 [1, 9] combined 262144 players 12622 retained 256 seconds 18.18017060100101
gxBQ_window_00_frame_0 pair 25 [1, 11] combined 262144 players 66154 retained 256 seconds 24.005377281224355
gxBQ_window_00_frame_0 pair 26 [1, 12] combined 262144 players 54022 retained 256 seconds 23.70780759397894
gxBQ_window_00_frame_0 pair 27 [1, 13] combined 262144 players 58844 retained 256 seconds 23.098644759040326
gxBQ_window_00_frame_0 pair 28 [1, 14] combined 262144 players 56994 retained 256 seconds 23.782513816142455
gxBQ_window_00_frame_0 pair 29 [1, 15] combined 262144 players 65984 retained 256 seconds 22.814084909157827
gxBQ_window_00_frame_0 pair 31 [2, 1] combined 262144 players 8852 retained 256 seconds 18.895133411046118
gxBQ_window_00_frame_0 pair 32 [2, 3] combined 262144 players 81484 retained 256 seconds 20.739644308108836
gxBQ_window_00_frame_0 pair 33 [2, 4] combined 32768 players 14976 retained 256 seconds 3.4955451220739633
gxBQ_window_00_frame_0 pair 35 [2, 6] combined 262144 players 7870 retained 256 seconds 18.498531210934743
gxBQ_window_00_frame_0 pair 38 [2, 9] combined 262144 players 88576 retained 256 seconds 21.03380492096767
gxBQ_window_00_frame_0 pair 39 [2, 10] combined 0 players 0 retained 0 seconds 0.7773660130333155
gxBQ_window_00_frame_0 pair 45 [3, 0] combined 189440 players 47580 retained 256 seconds 18.219960570102558
gxBQ_window_00_frame_0 pair 46 [3, 1] combined 262144 players 2148 retained 256 seconds 17.981425826903433
gxBQ_window_00_frame_0 pair 47 [3, 2] combined 192512 players 42162 retained 256 seconds 14.642419492127374
gxBQ_window_00_frame_0 pair 50 [3, 6] combined 156160 players 16610 retained 256 seconds 11.142448944039643
gxBQ_window_00_frame_0 pair 51 [3, 7] combined 189440 players 38122 retained 256 seconds 14.34318638406694
gxBQ_window_00_frame_0 pair 52 [3, 8] combined 262144 players 3050 retained 256 seconds 17.994188589975238
gxBQ_window_00_frame_0 pair 55 [3, 11] combined 189440 players 47726 retained 256 seconds 18.401310592191294
gxBQ_window_00_frame_0 pair 56 [3, 12] combined 192512 players 49218 retained 256 seconds 18.683818398043513
gxBQ_window_00_frame_0 pair 57 [3, 13] combined 190464 players 52752 retained 256 seconds 17.765359587967396
gxBQ_window_00_frame_0 pair 58 [3, 14] combined 188416 players 51260 retained 256 seconds 18.399915473069996
gxBQ_window_00_frame_0 pair 59 [3, 15] combined 186368 players 38126 retained 256 seconds 16.909862031927332
gxBQ_window_00_frame_0 pair 60 [4, 0] combined 46080 players 10744 retained 256 seconds 7.569103874033317
gxBQ_window_00_frame_0 pair 61 [4, 1] combined 21504 players 2624 retained 256 seconds 1.6203662301413715
gxBQ_window_00_frame_0 pair 62 [4, 2] combined 38912 players 7486 retained 256 seconds 3.2020877548493445
gxBQ_window_00_frame_0 pair 65 [4, 6] combined 23528 players 3012 retained 256 seconds 1.7571867830120027
gxBQ_window_00_frame_0 pair 67 [4, 8] combined 36864 players 2982 retained 256 seconds 2.5952496509999037
gxBQ_window_00_frame_0 pair 69 [4, 10] combined 0 players 0 retained 0 seconds 0.012031747959554195
gxBQ_window_00_frame_0 pair 70 [4, 11] combined 48128 players 11086 retained 256 seconds 7.841690840898082
gxBQ_window_00_frame_0 pair 71 [4, 12] combined 44032 players 11392 retained 256 seconds 7.431008793180808
gxBQ_window_00_frame_0 pair 72 [4, 13] combined 45056 players 10758 retained 256 seconds 6.858638990903273
gxBQ_window_00_frame_0 pair 73 [4, 14] combined 48128 players 11508 retained 256 seconds 7.84053410589695
gxBQ_window_00_frame_0 pair 74 [4, 15] combined 43008 players 8918 retained 256 seconds 6.195691766915843
gxBQ_window_00_frame_0 pair 76 [5, 1] combined 172032 players 522 retained 256 seconds 12.03416523616761
gxBQ_window_00_frame_0 pair 80 [5, 6] combined 37680 players 1698 retained 256 seconds 2.6673733189236373
gxBQ_window_00_frame_0 pair 81 [5, 7] combined 62464 players 5028 retained 256 seconds 4.968592343851924
gxBQ_window_00_frame_0 pair 82 [5, 8] combined 154624 players 10560 retained 256 seconds 11.013542862143368
gxBQ_window_00_frame_0 pair 90 [6, 0] combined 189440 players 604 retained 256 seconds 17.099251048173755
gxBQ_window_00_frame_0 pair 92 [6, 2] combined 176128 players 3812 retained 256 seconds 12.37354467320256
gxBQ_window_00_frame_0 pair 93 [6, 3] combined 130048 players 47586 retained 256 seconds 10.177512337919325
gxBQ_window_00_frame_0 pair 94 [6, 4] combined 21456 players 10240 retained 256 seconds 1.9139883150346577
gxBQ_window_00_frame_0 pair 95 [6, 5] combined 36408 players 15628 retained 256 seconds 2.8903350399341434
gxBQ_window_00_frame_0 pair 98 [6, 9] combined 130048 players 34746 retained 256 seconds 9.933349410071969
gxBQ_window_00_frame_0 pair 100 [6, 11] combined 163840 players 1124 retained 256 seconds 15.455159906065091
gxBQ_window_00_frame_0 pair 101 [6, 12] combined 189440 players 846 retained 256 seconds 17.16301867016591
gxBQ_window_00_frame_0 pair 102 [6, 13] combined 193536 players 522 retained 256 seconds 16.705030729994178
gxBQ_window_00_frame_0 pair 103 [6, 14] combined 162816 players 2344 retained 256 seconds 15.367741035996005
gxBQ_window_00_frame_0 pair 104 [6, 15] combined 169984 players 974 retained 256 seconds 14.636692942120135
gxBQ_window_00_frame_0 pair 106 [7, 1] combined 262144 players 103700 retained 256 seconds 21.72088417597115
gxBQ_window_00_frame_0 pair 108 [7, 3] combined 262144 players 19284 retained 256 seconds 19.171174722956493
gxBQ_window_00_frame_0 pair 110 [7, 5] combined 94208 players 2106 retained 256 seconds 7.424291248200461
gxBQ_window_00_frame_0 pair 112 [7, 8] combined 232448 players 83968 retained 256 seconds 19.17904529790394
gxBQ_window_00_frame_0 pair 113 [7, 9] combined 262144 players 17378 retained 256 seconds 19.165569880977273
gxBQ_window_00_frame_0 pair 114 [7, 10] combined 0 players 0 retained 0 seconds 1.0221277431119233
gxBQ_window_00_frame_0 pair 120 [8, 0] combined 199680 players 32834 retained 256 seconds 18.75311018177308
gxBQ_window_00_frame_0 pair 123 [8, 3] combined 262144 players 2956 retained 256 seconds 19.598953014006838
gxBQ_window_00_frame_0 pair 124 [8, 4] combined 44744 players 1294 retained 256 seconds 3.078526347177103
gxBQ_window_00_frame_0 pair 125 [8, 5] combined 131072 players 9782 retained 256 seconds 9.374708234099671
gxBQ_window_00_frame_0 pair 127 [8, 7] combined 197632 players 20756 retained 256 seconds 14.55543271987699
gxBQ_window_00_frame_0 pair 128 [8, 9] combined 262144 players 6974 retained 256 seconds 18.191063831094652
gxBQ_window_00_frame_0 pair 130 [8, 11] combined 199680 players 33834 retained 256 seconds 18.769652229035273
gxBQ_window_00_frame_0 pair 131 [8, 12] combined 201728 players 33496 retained 256 seconds 18.913251786027104
gxBQ_window_00_frame_0 pair 132 [8, 13] combined 200704 players 36014 retained 256 seconds 18.174787835916504
gxBQ_window_00_frame_0 pair 133 [8, 14] combined 199680 players 34192 retained 256 seconds 18.823406046954915
gxBQ_window_00_frame_0 pair 134 [8, 15] combined 200704 players 31756 retained 256 seconds 17.804467598209158
gxBQ_window_00_frame_0 pair 135 [9, 0] combined 262144 players 47382 retained 256 seconds 23.297032133908942
gxBQ_window_00_frame_0 pair 136 [9, 1] combined 262144 players 5506 retained 256 seconds 17.97952616098337
gxBQ_window_00_frame_0 pair 137 [9, 2] combined 262144 players 35484 retained 256 seconds 19.441906780935824
gxBQ_window_00_frame_0 pair 141 [9, 6] combined 165888 players 7826 retained 256 seconds 11.47367540304549
gxBQ_window_00_frame_0 pair 142 [9, 7] combined 262144 players 25474 retained 256 seconds 18.988710518926382
gxBQ_window_00_frame_0 pair 143 [9, 8] combined 262144 players 5706 retained 256 seconds 17.93867108086124
gxBQ_window_00_frame_0 pair 145 [9, 11] combined 262144 players 47954 retained 256 seconds 23.554926258977503
gxBQ_window_00_frame_0 pair 146 [9, 12] combined 262144 players 42736 retained 256 seconds 23.118887969991192
gxBQ_window_00_frame_0 pair 147 [9, 13] combined 262144 players 49630 retained 256 seconds 22.838086729869246
gxBQ_window_00_frame_0 pair 148 [9, 14] combined 262144 players 51586 retained 256 seconds 24.28738230210729
gxBQ_window_00_frame_0 pair 149 [9, 15] combined 262144 players 35126 retained 256 seconds 22.108209838857874
gxBQ_window_00_frame_0 pair 150 [10, 0] combined 0 players 0 retained 0 seconds 4.208829825045541
gxBQ_window_00_frame_0 pair 152 [10, 2] combined 0 players 0 retained 0 seconds 0.3963553970679641
gxBQ_window_00_frame_0 pair 154 [10, 4] combined 0 players 0 retained 0 seconds 0.0072597539983689785
gxBQ_window_00_frame_0 pair 157 [10, 7] combined 0 players 0 retained 0 seconds 0.5370345700066537
gxBQ_window_00_frame_0 pair 160 [10, 11] combined 0 players 0 retained 0 seconds 4.2903076200746
gxBQ_window_00_frame_0 pair 161 [10, 12] combined 0 players 0 retained 0 seconds 4.16807208606042
gxBQ_window_00_frame_0 pair 162 [10, 13] combined 0 players 0 retained 0 seconds 3.4810781138949096
gxBQ_window_00_frame_0 pair 163 [10, 14] combined 0 players 0 retained 0 seconds 4.180022719083354
gxBQ_window_00_frame_0 pair 164 [10, 15] combined 0 players 0 retained 0 seconds 3.0731314590666443
gxBQ_window_00_frame_0 pair 166 [11, 1] combined 262144 players 44550 retained 256 seconds 26.85302022495307
gxBQ_window_00_frame_0 pair 168 [11, 3] combined 262144 players 85666 retained 256 seconds 28.197260925080627
gxBQ_window_00_frame_0 pair 169 [11, 4] combined 38912 players 15196 retained 256 seconds 10.766052940161899
gxBQ_window_00_frame_0 pair 171 [11, 6] combined 262144 players 10748 retained 256 seconds 25.6986232760828
gxBQ_window_00_frame_0 pair 173 [11, 8] combined 230400 players 58494 retained 256 seconds 25.187456094194204
gxBQ_window_00_frame_0 pair 174 [11, 9] combined 262144 players 83634 retained 256 seconds 28.002110484056175
gxBQ_window_00_frame_0 pair 175 [11, 10] combined 0 players 0 retained 0 seconds 7.769976597977802
gxBQ_window_00_frame_0 pair 181 [12, 1] combined 262144 players 40216 retained 256 seconds 26.70862855995074
gxBQ_window_00_frame_0 pair 183 [12, 3] combined 262144 players 69232 retained 256 seconds 27.358354412019253
gxBQ_window_00_frame_0 pair 184 [12, 4] combined 38912 players 16102 retained 256 seconds 10.645353886997327
gxBQ_window_00_frame_0 pair 186 [12, 6] combined 262144 players 6316 retained 256 seconds 25.447449520928785
gxBQ_window_00_frame_0 pair 188 [12, 8] combined 229376 players 50816 retained 256 seconds 24.7982016869355
gxBQ_window_00_frame_0 pair 189 [12, 9] combined 262144 players 86040 retained 256 seconds 27.718343369895592
gxBQ_window_00_frame_0 pair 190 [12, 10] combined 0 players 0 retained 0 seconds 7.626107373042032
gxBQ_window_00_frame_0 pair 196 [13, 1] combined 262144 players 59840 retained 256 seconds 25.82818991714157
gxBQ_window_00_frame_0 pair 198 [13, 3] combined 262144 players 95712 retained 256 seconds 26.74505883990787
gxBQ_window_00_frame_0 pair 199 [13, 4] combined 38912 players 16826 retained 256 seconds 9.337461487855762
gxBQ_window_00_frame_0 pair 201 [13, 6] combined 262144 players 6242 retained 256 seconds 24.26612068898976
gxBQ_window_00_frame_0 pair 203 [13, 8] combined 230400 players 65496 retained 256 seconds 24.157766425982118
gxBQ_window_00_frame_0 pair 204 [13, 9] combined 262144 players 85094 retained 256 seconds 26.422300930134952
gxBQ_window_00_frame_0 pair 205 [13, 10] combined 0 players 0 retained 0 seconds 6.3563433170784265
gxBQ_window_00_frame_0 pair 211 [14, 1] combined 262144 players 54466 retained 256 seconds 27.235221568029374
gxBQ_window_00_frame_0 pair 213 [14, 3] combined 262144 players 93326 retained 256 seconds 28.213849883060902
gxBQ_window_00_frame_0 pair 214 [14, 4] combined 37888 players 14944 retained 256 seconds 10.677200413076207
gxBQ_window_00_frame_0 pair 216 [14, 6] combined 262144 players 15228 retained 256 seconds 25.805474013090134
gxBQ_window_00_frame_0 pair 218 [14, 8] combined 228352 players 62264 retained 256 seconds 25.145484789041802
gxBQ_window_00_frame_0 pair 219 [14, 9] combined 262144 players 84974 retained 256 seconds 28.29854156798683
gxBQ_window_00_frame_0 pair 220 [14, 10] combined 0 players 0 retained 0 seconds 7.669124510139227
gxBQ_window_00_frame_0 pair 226 [15, 1] combined 262144 players 27768 retained 256 seconds 24.179750712122768
gxBQ_window_00_frame_0 pair 228 [15, 3] combined 262144 players 68986 retained 256 seconds 25.49879870796576
gxBQ_window_00_frame_0 pair 229 [15, 4] combined 35840 players 12740 retained 256 seconds 8.344782734988257
gxBQ_window_00_frame_0 pair 231 [15, 6] combined 262144 players 3732 retained 256 seconds 23.316195836057886
gxBQ_window_00_frame_0 pair 233 [15, 8] combined 230400 players 40874 retained 256 seconds 22.42181022511795
gxBQ_window_00_frame_0 pair 234 [15, 9] combined 262144 players 77520 retained 256 seconds 25.768130565993488
gxBQ_window_00_frame_0 pair 235 [15, 10] combined 0 players 0 retained 0 seconds 5.646758483955637
gxBQ_window_00_frame_0 M generated pooled 29696 entries 256 winners 106:1732 211:19062 seconds 2145.4
gxBQ_window_00_frame_0 exact final-evaluation replay passed
gxBQ_window_00_frame_0 exact selection replay passed
gxBQ_window_00_frame_0 exact final-evaluation replay passed
gxBQ_window_00_frame_0 exact selection replay passed
gxBQ_window_00_frame_0 full evidence 0 of 3009 seconds 5.130888894200325e-06
gxBQ_window_00_frame_0 full evidence 512 of 3009 seconds 52.08162534190342
gxBQ_window_00_frame_0 full evidence 1024 of 3009 seconds 101.73695731698535
gxBQ_window_00_frame_0 full evidence 1536 of 3009 seconds 148.18306014989503
gxBQ_window_00_frame_0 full evidence 2048 of 3009 seconds 201.09411854087375
gxBQ_window_00_frame_0 full evidence 2560 of 3009 seconds 258.0954696999397
gxBQ_window_00_frame_0 M complete {'case_id': 'gxBQ_window_00_frame_0', 'arm': 'M', 'status': 'generated', 'generation_s': 2145.4333907659166, 'camera_first_s': 51.90791951306164, 'all_camera_s': 340.2422961462289, 'entries': {'results': 256, 'camera_first': 256, 'all_camera': 3265}, 'winners': {'results': ('106:1732', '211:19062'), 'camera_first': ('106:62748', '196:10345'), 'all_camera': ('106:62748', '76:177')}}
