gxBQ_window_00_frame_5 pair 0 [0, 1] combined 262144 players 56804 retained 256 seconds 28.580923912115395
gxBQ_window_00_frame_5 pair 2 [0, 3] combined 262144 players 72570 retained 256 seconds 27.329131155041978
gxBQ_window_00_frame_5 pair 3 [0, 4] combined 37888 players 13726 retained 256 seconds 10.643228612141684
gxBQ_window_00_frame_5 pair 6 [0, 7] combined 24576 players 520 retained 241 seconds 9.409571597119793
gxBQ_window_00_frame_5 pair 7 [0, 8] combined 27648 players 3762 retained 256 seconds 9.781297220150009
gxBQ_window_00_frame_5 pair 8 [0, 9] combined 262144 players 4498 retained 256 seconds 25.37101690005511
gxBQ_window_00_frame_5 pair 9 [0, 10] combined 224256 players 15282 retained 256 seconds 23.319552468834445
gxBQ_window_00_frame_5 pair 15 [1, 0] combined 262144 players 35300 retained 256 seconds 22.826926790876314
gxBQ_window_00_frame_5 pair 16 [1, 2] combined 262144 players 32062 retained 256 seconds 18.679988084128127
gxBQ_window_00_frame_5 pair 17 [1, 3] combined 262144 players 13998 retained 256 seconds 18.045549316098914
gxBQ_window_00_frame_5 pair 18 [1, 4] combined 61440 players 1142 retained 256 seconds 4.2850591079331934
gxBQ_window_00_frame_5 pair 20 [1, 6] combined 128000 players 2868 retained 256 seconds 9.040613702964038
gxBQ_window_00_frame_5 pair 25 [1, 11] combined 262144 players 46190 retained 256 seconds 22.9418725410942
gxBQ_window_00_frame_5 pair 26 [1, 12] combined 262144 players 42492 retained 256 seconds 24.03739834204316
gxBQ_window_00_frame_5 pair 27 [1, 13] combined 262144 players 48682 retained 256 seconds 23.22841974813491
gxBQ_window_00_frame_5 pair 28 [1, 14] combined 262144 players 49114 retained 256 seconds 23.251920266076922
gxBQ_window_00_frame_5 pair 29 [1, 15] combined 262144 players 57914 retained 256 seconds 22.59855871507898
gxBQ_window_00_frame_5 pair 31 [2, 1] combined 262144 players 24632 retained 256 seconds 18.9704816180747
gxBQ_window_00_frame_5 pair 32 [2, 3] combined 262144 players 79574 retained 256 seconds 20.623073381837457
gxBQ_window_00_frame_5 pair 33 [2, 4] combined 33792 players 13974 retained 256 seconds 3.0460392229724675
gxBQ_window_00_frame_5 pair 36 [2, 7] combined 35840 players 874 retained 256 seconds 2.8982015680521727
gxBQ_window_00_frame_5 pair 37 [2, 8] combined 28672 players 390 retained 184 seconds 2.3521865969523787
gxBQ_window_00_frame_5 pair 38 [2, 9] combined 262144 players 35052 retained 256 seconds 19.09778909618035
gxBQ_window_00_frame_5 pair 39 [2, 10] combined 184320 players 4400 retained 256 seconds 13.019208766985685
gxBQ_window_00_frame_5 pair 45 [3, 0] combined 262144 players 83042 retained 256 seconds 24.315635798033327
gxBQ_window_00_frame_5 pair 46 [3, 1] combined 262144 players 4556 retained 256 seconds 17.86878745397553
gxBQ_window_00_frame_5 pair 47 [3, 2] combined 262144 players 39520 retained 256 seconds 19.25272682099603
gxBQ_window_00_frame_5 pair 49 [3, 5] combined 262144 players 1148 retained 256 seconds 18.261812367942184
gxBQ_window_00_frame_5 pair 52 [3, 8] combined 52224 players 1946 retained 256 seconds 3.7052007981110364
gxBQ_window_00_frame_5 pair 55 [3, 11] combined 262144 players 75964 retained 256 seconds 23.50431175902486
gxBQ_window_00_frame_5 pair 56 [3, 12] combined 262144 players 63148 retained 256 seconds 23.87343503604643
gxBQ_window_00_frame_5 pair 57 [3, 13] combined 262144 players 84906 retained 256 seconds 24.400043352041394
gxBQ_window_00_frame_5 pair 58 [3, 14] combined 262144 players 85374 retained 256 seconds 24.43679233198054
gxBQ_window_00_frame_5 pair 59 [3, 15] combined 262144 players 73748 retained 256 seconds 23.217539445031434
gxBQ_window_00_frame_5 pair 60 [4, 0] combined 34816 players 6732 retained 256 seconds 6.8195309061557055
gxBQ_window_00_frame_5 pair 61 [4, 1] combined 17408 players 1328 retained 256 seconds 1.2791732319165021
gxBQ_window_00_frame_5 pair 62 [4, 2] combined 30720 players 5458 retained 256 seconds 2.422786016948521
gxBQ_window_00_frame_5 pair 64 [4, 5] combined 35840 players 256 retained 128 seconds 2.590408378979191
gxBQ_window_00_frame_5 pair 66 [4, 7] combined 1260 players 56 retained 28 seconds 0.10628364002332091
gxBQ_window_00_frame_5 pair 67 [4, 8] combined 4756 players 124 retained 62 seconds 0.3449767008423805
gxBQ_window_00_frame_5 pair 70 [4, 11] combined 32768 players 6070 retained 256 seconds 6.245945180999115
gxBQ_window_00_frame_5 pair 71 [4, 12] combined 31744 players 5934 retained 256 seconds 6.531820724951103
gxBQ_window_00_frame_5 pair 72 [4, 13] combined 34816 players 7736 retained 256 seconds 6.844959027133882
gxBQ_window_00_frame_5 pair 73 [4, 14] combined 35840 players 6448 retained 256 seconds 6.897487932117656
gxBQ_window_00_frame_5 pair 74 [4, 15] combined 32768 players 7214 retained 256 seconds 5.690872774925083
gxBQ_window_00_frame_5 pair 78 [5, 3] combined 262144 players 20886 retained 256 seconds 18.63431015703827
gxBQ_window_00_frame_5 pair 79 [5, 4] combined 36864 players 7028 retained 256 seconds 3.0599897450301796
gxBQ_window_00_frame_5 pair 83 [5, 9] combined 262144 players 15904 retained 256 seconds 18.518260220065713
gxBQ_window_00_frame_5 pair 84 [5, 10] combined 150528 players 1264 retained 256 seconds 10.561539161019027
gxBQ_window_00_frame_5 pair 91 [6, 1] combined 164864 players 948 retained 256 seconds 11.485320579027757
gxBQ_window_00_frame_5 pair 97 [6, 8] combined 22568 players 166 retained 83 seconds 1.5876798501703888
gxBQ_window_00_frame_5 pair 105 [7, 0] combined 18432 players 202 retained 101 seconds 5.531874736072496
gxBQ_window_00_frame_5 pair 107 [7, 2] combined 18432 players 26 retained 13 seconds 1.475330949993804
gxBQ_window_00_frame_5 pair 109 [7, 4] combined 4480 players 82 retained 41 seconds 0.31428870907984674
gxBQ_window_00_frame_5 pair 115 [7, 11] combined 17408 players 86 retained 43 seconds 5.127327963011339
gxBQ_window_00_frame_5 pair 116 [7, 12] combined 21504 players 52 retained 26 seconds 5.737202736083418
gxBQ_window_00_frame_5 pair 117 [7, 13] combined 19456 players 70 retained 34 seconds 5.617108874022961
gxBQ_window_00_frame_5 pair 118 [7, 14] combined 18432 players 68 retained 34 seconds 5.52798007405363
gxBQ_window_00_frame_5 pair 119 [7, 15] combined 19456 players 40 retained 20 seconds 4.619869777932763
gxBQ_window_00_frame_5 pair 120 [8, 0] combined 19456 players 2792 retained 256 seconds 5.643550446955487
gxBQ_window_00_frame_5 pair 122 [8, 2] combined 19456 players 1122 retained 256 seconds 1.580760678043589
gxBQ_window_00_frame_5 pair 123 [8, 3] combined 28672 players 128 retained 64 seconds 1.9977462601382285
gxBQ_window_00_frame_5 pair 124 [8, 4] combined 7208 players 116 retained 58 seconds 0.5107220280915499
gxBQ_window_00_frame_5 pair 126 [8, 6] combined 21560 players 422 retained 207 seconds 1.527467658976093
gxBQ_window_00_frame_5 pair 130 [8, 11] combined 20480 players 2816 retained 256 seconds 5.363571539986879
gxBQ_window_00_frame_5 pair 131 [8, 12] combined 19456 players 3144 retained 256 seconds 5.76834229985252
gxBQ_window_00_frame_5 pair 132 [8, 13] combined 19456 players 2670 retained 256 seconds 5.697263150010258
gxBQ_window_00_frame_5 pair 133 [8, 14] combined 19456 players 2750 retained 256 seconds 5.670373652130365
gxBQ_window_00_frame_5 pair 134 [8, 15] combined 19456 players 3598 retained 256 seconds 4.725664713885635
gxBQ_window_00_frame_5 pair 135 [9, 0] combined 262144 players 8314 retained 256 seconds 22.2791187830735
gxBQ_window_00_frame_5 pair 137 [9, 2] combined 262144 players 10864 retained 256 seconds 18.417636584024876
gxBQ_window_00_frame_5 pair 140 [9, 5] combined 262144 players 148 retained 72 seconds 18.30849377019331
gxBQ_window_00_frame_5 pair 145 [9, 11] combined 262144 players 7500 retained 256 seconds 21.78555899206549
gxBQ_window_00_frame_5 pair 146 [9, 12] combined 262144 players 7798 retained 256 seconds 22.16553981299512
gxBQ_window_00_frame_5 pair 147 [9, 13] combined 262144 players 6994 retained 256 seconds 22.219493098091334
gxBQ_window_00_frame_5 pair 148 [9, 14] combined 262144 players 4268 retained 256 seconds 22.05004999600351
gxBQ_window_00_frame_5 pair 149 [9, 15] combined 262144 players 7450 retained 256 seconds 21.072393337031826
gxBQ_window_00_frame_5 pair 150 [10, 0] combined 153600 players 104 retained 52 seconds 14.808971615042537
gxBQ_window_00_frame_5 pair 152 [10, 2] combined 168960 players 118 retained 59 seconds 11.76269323984161
gxBQ_window_00_frame_5 pair 155 [10, 5] combined 169984 players 0 retained 0 seconds 11.995781159028411
gxBQ_window_00_frame_5 pair 160 [10, 11] combined 151552 players 10 retained 5 seconds 14.232886809157208
gxBQ_window_00_frame_5 pair 161 [10, 12] combined 138240 players 76 retained 38 seconds 13.73650602507405
gxBQ_window_00_frame_5 pair 162 [10, 13] combined 83968 players 148 retained 75 seconds 10.093298342078924
gxBQ_window_00_frame_5 pair 163 [10, 14] combined 128000 players 62 retained 31 seconds 13.014673643978313
gxBQ_window_00_frame_5 pair 164 [10, 15] combined 97280 players 224 retained 112 seconds 9.875323778949678
gxBQ_window_00_frame_5 pair 166 [11, 1] combined 262144 players 54072 retained 256 seconds 26.145088664954528
gxBQ_window_00_frame_5 pair 168 [11, 3] combined 262144 players 83160 retained 256 seconds 27.121592295123264
gxBQ_window_00_frame_5 pair 169 [11, 4] combined 34816 players 14214 retained 256 seconds 9.828130971873179
gxBQ_window_00_frame_5 pair 172 [11, 7] combined 26624 players 1726 retained 256 seconds 8.97319519193843
gxBQ_window_00_frame_5 pair 173 [11, 8] combined 26624 players 3430 retained 256 seconds 9.135121111990884
gxBQ_window_00_frame_5 pair 174 [11, 9] combined 262144 players 4776 retained 256 seconds 24.836059862049296
gxBQ_window_00_frame_5 pair 175 [11, 10] combined 229376 players 11590 retained 256 seconds 23.092039998155087
gxBQ_window_00_frame_5 pair 181 [12, 1] combined 262144 players 65546 retained 256 seconds 27.277085847919807
gxBQ_window_00_frame_5 pair 183 [12, 3] combined 262144 players 76160 retained 256 seconds 27.73562868288718
gxBQ_window_00_frame_5 pair 184 [12, 4] combined 35840 players 13286 retained 256 seconds 10.51221372699365
gxBQ_window_00_frame_5 pair 187 [12, 7] combined 29696 players 436 retained 218 seconds 9.80700039002113
gxBQ_window_00_frame_5 pair 188 [12, 8] combined 28672 players 3536 retained 256 seconds 9.829032617155463
gxBQ_window_00_frame_5 pair 189 [12, 9] combined 262144 players 11704 retained 256 seconds 26.015572075964883
gxBQ_window_00_frame_5 pair 190 [12, 10] combined 231424 players 18296 retained 256 seconds 23.896857890998945
gxBQ_window_00_frame_5 pair 196 [13, 1] combined 262144 players 78110 retained 256 seconds 27.76322928792797
gxBQ_window_00_frame_5 pair 198 [13, 3] combined 262144 players 84452 retained 256 seconds 27.999718143139035
gxBQ_window_00_frame_5 pair 199 [13, 4] combined 37888 players 15466 retained 256 seconds 10.709021428134292
gxBQ_window_00_frame_5 pair 202 [13, 7] combined 34816 players 2312 retained 256 seconds 10.920291342074051
gxBQ_window_00_frame_5 pair 203 [13, 8] combined 28672 players 4452 retained 256 seconds 9.779383125016466
gxBQ_window_00_frame_5 pair 204 [13, 9] combined 262144 players 2504 retained 256 seconds 25.52406689990312
gxBQ_window_00_frame_5 pair 205 [13, 10] combined 157696 players 9684 retained 256 seconds 18.993470209883526
gxBQ_window_00_frame_5 pair 211 [14, 1] combined 262144 players 59638 retained 256 seconds 27.442449029069394
gxBQ_window_00_frame_5 pair 213 [14, 3] combined 262144 players 82964 retained 256 seconds 27.87414105189964
gxBQ_window_00_frame_5 pair 214 [14, 4] combined 33792 players 12926 retained 256 seconds 10.723781886976212
gxBQ_window_00_frame_5 pair 217 [14, 7] combined 26624 players 2658 retained 256 seconds 9.738008602056652
gxBQ_window_00_frame_5 pair 218 [14, 8] combined 26624 players 3634 retained 256 seconds 9.724886669078842
gxBQ_window_00_frame_5 pair 219 [14, 9] combined 262144 players 7078 retained 256 seconds 25.732651616912335
gxBQ_window_00_frame_5 pair 220 [14, 10] combined 210944 players 11008 retained 256 seconds 22.593914795899764
gxBQ_window_00_frame_5 pair 226 [15, 1] combined 262144 players 66820 retained 256 seconds 25.84032266284339
gxBQ_window_00_frame_5 pair 228 [15, 3] combined 262144 players 82610 retained 256 seconds 26.416087590157986
gxBQ_window_00_frame_5 pair 229 [15, 4] combined 35840 players 14146 retained 256 seconds 8.856487579876557
gxBQ_window_00_frame_5 pair 232 [15, 7] combined 34816 players 762 retained 256 seconds 8.557107378961518
gxBQ_window_00_frame_5 pair 233 [15, 8] combined 28672 players 3344 retained 256 seconds 8.079665016150102
gxBQ_window_00_frame_5 pair 234 [15, 9] combined 262144 players 8026 retained 256 seconds 24.140892767114565
gxBQ_window_00_frame_5 pair 235 [15, 10] combined 169984 players 5468 retained 256 seconds 17.74159542308189
gxBQ_window_00_frame_5 M generated pooled 25837 entries 256 winners 17:152 17:152 seconds 1732.8
gxBQ_window_00_frame_5 exact final-evaluation replay passed
gxBQ_window_00_frame_5 exact selection replay passed
gxBQ_window_00_frame_5 exact final-evaluation replay passed
gxBQ_window_00_frame_5 exact selection replay passed
gxBQ_window_00_frame_5 full evidence 0 of 1330 seconds 6.838003173470497e-06
gxBQ_window_00_frame_5 full evidence 512 of 1330 seconds 51.96093932702206
gxBQ_window_00_frame_5 full evidence 1024 of 1330 seconds 103.75498546101153
gxBQ_window_00_frame_5 M complete {'case_id': 'gxBQ_window_00_frame_5', 'arm': 'M', 'status': 'generated', 'generation_s': 1732.8088534418494, 'camera_first_s': 54.68351487396285, 'all_camera_s': 168.77219894714653, 'entries': {'results': 256, 'camera_first': 256, 'all_camera': 1586}, 'winners': {'results': ('17:152', '17:152'), 'camera_first': ('17:152', '17:152'), 'all_camera': ('17:152', '17:152')}}
am2_window_00_frame_150 pair 0 [0, 1] combined 157696 players 16142 retained 256 seconds 18.346527367830276
am2_window_00_frame_150 pair 1 [0, 2] combined 262144 players 9368 retained 256 seconds 29.890341981081292
am2_window_00_frame_150 pair 2 [0, 3] combined 262144 players 6640 retained 256 seconds 29.59465176286176
am2_window_00_frame_150 pair 4 [0, 5] combined 47104 players 1978 retained 256 seconds 5.587265459122136
am2_window_00_frame_150 pair 5 [0, 6] combined 8192 players 0 retained 0 seconds 1.2733397269621491
am2_window_00_frame_150 pair 9 [0, 10] combined 7168 players 30 retained 15 seconds 1.140290105016902
am2_window_00_frame_150 pair 15 [1, 0] combined 262144 players 72710 retained 256 seconds 31.071737551130354
am2_window_00_frame_150 pair 16 [1, 2] combined 262144 players 70094 retained 256 seconds 30.901496288133785
am2_window_00_frame_150 pair 17 [1, 3] combined 210944 players 67358 retained 256 seconds 25.04222404304892
am2_window_00_frame_150 pair 18 [1, 4] combined 3072 players 6 retained 3 seconds 0.41735670901834965
am2_window_00_frame_150 pair 20 [1, 6] combined 4096 players 1514 retained 256 seconds 0.5377915089484304
am2_window_00_frame_150 pair 22 [1, 8] combined 154624 players 45130 retained 256 seconds 18.362298659980297
am2_window_00_frame_150 pair 23 [1, 9] combined 219136 players 29040 retained 256 seconds 25.046739323996007
am2_window_00_frame_150 pair 25 [1, 11] combined 182272 players 54304 retained 256 seconds 21.478003127966076
am2_window_00_frame_150 pair 29 [1, 15] combined 72704 players 13210 retained 256 seconds 8.328814245993271
am2_window_00_frame_150 pair 30 [2, 0] combined 262144 players 11596 retained 256 seconds 29.64520831988193
am2_window_00_frame_150 pair 31 [2, 1] combined 199680 players 49066 retained 256 seconds 23.08764195581898
am2_window_00_frame_150 pair 34 [2, 5] combined 26624 players 7808 retained 256 seconds 3.2532486841082573
am2_window_00_frame_150 pair 36 [2, 7] combined 14336 players 2898 retained 256 seconds 1.8046394858974963
am2_window_00_frame_150 pair 37 [2, 8] combined 188416 players 21734 retained 256 seconds 21.504003837006167
am2_window_00_frame_150 pair 38 [2, 9] combined 239616 players 22068 retained 256 seconds 26.71631317283027
am2_window_00_frame_150 pair 39 [2, 10] combined 4096 players 618 retained 214 seconds 0.6508979899808764
am2_window_00_frame_150 pair 40 [2, 11] combined 262144 players 2518 retained 256 seconds 29.315722010098398
am2_window_00_frame_150 pair 42 [2, 13] combined 1024 players 76 retained 24 seconds 0.2903887419961393
am2_window_00_frame_150 pair 44 [2, 15] combined 55296 players 5530 retained 256 seconds 6.349466245854273
am2_window_00_frame_150 pair 45 [3, 0] combined 262144 players 2044 retained 256 seconds 29.50380388996564
am2_window_00_frame_150 pair 46 [3, 1] combined 149800 players 30548 retained 256 seconds 17.2225262648426
am2_window_00_frame_150 pair 49 [3, 5] combined 15488 players 3800 retained 256 seconds 1.9126883200369775
am2_window_00_frame_150 pair 51 [3, 7] combined 9240 players 1308 retained 256 seconds 1.0749069640878588
am2_window_00_frame_150 pair 52 [3, 8] combined 232448 players 13186 retained 256 seconds 26.025493641849607
am2_window_00_frame_150 pair 53 [3, 9] combined 241664 players 10688 retained 256 seconds 26.867504834895954
am2_window_00_frame_150 pair 55 [3, 11] combined 254976 players 25748 retained 256 seconds 28.913602442946285
am2_window_00_frame_150 pair 57 [3, 13] combined 808 players 122 retained 57 seconds 0.13972923904657364
am2_window_00_frame_150 pair 59 [3, 15] combined 55296 players 780 retained 256 seconds 6.156994484132156
am2_window_00_frame_150 pair 61 [4, 1] combined 6144 players 36 retained 18 seconds 0.6898608040064573
am2_window_00_frame_150 pair 64 [4, 5] combined 1120 players 20 retained 10 seconds 0.13849265896715224
am2_window_00_frame_150 pair 66 [4, 7] combined 300 players 0 retained 0 seconds 0.03984155901707709
am2_window_00_frame_150 pair 67 [4, 8] combined 1192 players 0 retained 0 seconds 0.13919559796340764
am2_window_00_frame_150 pair 69 [4, 10] combined 572 players 0 retained 0 seconds 0.06546391802839935
am2_window_00_frame_150 pair 75 [5, 0] combined 50176 players 10020 retained 256 seconds 5.939475988969207
am2_window_00_frame_150 pair 77 [5, 2] combined 51200 players 15396 retained 256 seconds 6.007268256042153
am2_window_00_frame_150 pair 78 [5, 3] combined 37260 players 12528 retained 256 seconds 4.411176238907501
am2_window_00_frame_150 pair 79 [5, 4] combined 656 players 6 retained 3 seconds 0.09977038693614304
am2_window_00_frame_150 pair 80 [5, 6] combined 672 players 276 retained 135 seconds 0.10332056693732738
am2_window_00_frame_150 pair 82 [5, 8] combined 22200 players 4148 retained 256 seconds 2.6415334639605135
am2_window_00_frame_150 pair 83 [5, 9] combined 44220 players 4300 retained 256 seconds 4.931639794958755
am2_window_00_frame_150 pair 85 [5, 11] combined 44096 players 7266 retained 256 seconds 5.0589120290242136
am2_window_00_frame_150 pair 89 [5, 15] combined 18544 players 3566 retained 256 seconds 2.135539557086304
am2_window_00_frame_150 pair 90 [6, 0] combined 5120 players 336 retained 168 seconds 0.7775696150492877
am2_window_00_frame_150 pair 91 [6, 1] combined 8568 players 2604 retained 256 seconds 1.0139230380300432
am2_window_00_frame_150 pair 95 [6, 5] combined 936 players 320 retained 160 seconds 0.13396916398778558
am2_window_00_frame_150 pair 96 [6, 7] combined 392 players 134 retained 67 seconds 0.0639810198917985
am2_window_00_frame_150 pair 97 [6, 8] combined 2752 players 452 retained 224 seconds 0.33838650211691856
am2_window_00_frame_150 pair 98 [6, 9] combined 5120 players 604 retained 256 seconds 0.6484843648504466
am2_window_00_frame_150 pair 99 [6, 10] combined 144 players 28 retained 14 seconds 0.03255273192189634
am2_window_00_frame_150 pair 100 [6, 11] combined 19456 players 1182 retained 256 seconds 2.218432181980461
am2_window_00_frame_150 pair 102 [6, 13] combined 72 players 0 retained 0 seconds 0.012406379915773869
am2_window_00_frame_150 pair 104 [6, 15] combined 1152 players 176 retained 84 seconds 0.14732730900868773
am2_window_00_frame_150 pair 107 [7, 2] combined 33792 players 9270 retained 256 seconds 4.000258792890236
am2_window_00_frame_150 pair 108 [7, 3] combined 25344 players 7822 retained 256 seconds 3.076413854956627
am2_window_00_frame_150 pair 109 [7, 4] combined 432 players 20 retained 10 seconds 0.07179259415715933
am2_window_00_frame_150 pair 111 [7, 6] combined 816 players 376 retained 188 seconds 0.12039159005507827
am2_window_00_frame_150 pair 113 [7, 9] combined 16884 players 662 retained 256 seconds 1.8887227789964527
am2_window_00_frame_150 pair 119 [7, 15] combined 7616 players 902 retained 256 seconds 0.8518596619833261
am2_window_00_frame_150 pair 121 [8, 1] combined 133760 players 38958 retained 256 seconds 15.855472483905032
am2_window_00_frame_150 pair 122 [8, 2] combined 245760 players 55838 retained 256 seconds 28.43506147712469
am2_window_00_frame_150 pair 123 [8, 3] combined 262144 players 20182 retained 256 seconds 29.252611733973026
am2_window_00_frame_150 pair 124 [8, 4] combined 10992 players 0 retained 0 seconds 1.1900472790002823
am2_window_00_frame_150 pair 125 [8, 5] combined 30056 players 9258 retained 256 seconds 3.596280246041715
am2_window_00_frame_150 pair 126 [8, 6] combined 9440 players 1900 retained 256 seconds 1.085611189948395
am2_window_00_frame_150 pair 129 [8, 10] combined 4360 players 882 retained 256 seconds 0.529940783046186
am2_window_00_frame_150 pair 136 [9, 1] combined 142272 players 7702 retained 256 seconds 16.109443962108344
am2_window_00_frame_150 pair 137 [9, 2] combined 237568 players 47298 retained 256 seconds 27.092873070854694
am2_window_00_frame_150 pair 138 [9, 3] combined 241664 players 11792 retained 256 seconds 27.0083458640147
am2_window_00_frame_150 pair 140 [9, 5] combined 37488 players 946 retained 256 seconds 4.177761059021577
am2_window_00_frame_150 pair 141 [9, 6] combined 7584 players 816 retained 256 seconds 0.8586550359614193
am2_window_00_frame_150 pair 142 [9, 7] combined 20064 players 304 retained 130 seconds 2.224810034967959
am2_window_00_frame_150 pair 144 [9, 10] combined 7008 players 0 retained 0 seconds 0.7735851351171732
am2_window_00_frame_150 pair 150 [10, 0] combined 7168 players 392 retained 192 seconds 0.986215237993747
am2_window_00_frame_150 pair 152 [10, 2] combined 4096 players 1020 retained 256 seconds 0.570180208189413
am2_window_00_frame_150 pair 154 [10, 4] combined 504 players 38 retained 20 seconds 0.06945089902728796
am2_window_00_frame_150 pair 156 [10, 6] combined 48 players 20 retained 10 seconds 0.020660630194470286
am2_window_00_frame_150 pair 158 [10, 8] combined 3080 players 506 retained 216 seconds 0.37281306204386055
am2_window_00_frame_150 pair 159 [10, 9] combined 12000 players 302 retained 151 seconds 1.3264164039865136
am2_window_00_frame_150 pair 160 [10, 11] combined 9600 players 394 retained 196 seconds 1.0681655609514564
am2_window_00_frame_150 pair 164 [10, 15] combined 2700 players 76 retained 38 seconds 0.3083186980802566
am2_window_00_frame_150 pair 166 [11, 1] combined 160720 players 13336 retained 256 seconds 18.086351526202634
am2_window_00_frame_150 pair 167 [11, 2] combined 262144 players 2408 retained 256 seconds 29.138170808088034
am2_window_00_frame_150 pair 168 [11, 3] combined 262144 players 22412 retained 256 seconds 29.638754272134975
am2_window_00_frame_150 pair 170 [11, 5] combined 47104 players 710 retained 256 seconds 5.192675102036446
am2_window_00_frame_150 pair 171 [11, 6] combined 9216 players 478 retained 241 seconds 1.0655253550503403
am2_window_00_frame_150 pair 175 [11, 10] combined 5792 players 6 retained 3 seconds 0.6498080110177398
am2_window_00_frame_150 pair 197 [13, 2] combined 2048 players 358 retained 133 seconds 0.32902498194016516
am2_window_00_frame_150 pair 198 [13, 3] combined 5136 players 766 retained 256 seconds 0.5981286589521915
am2_window_00_frame_150 pair 201 [13, 6] combined 96 players 2 retained 1 seconds 0.022943870164453983
am2_window_00_frame_150 pair 226 [15, 1] combined 56916 players 3848 retained 256 seconds 6.400869244011119
am2_window_00_frame_150 pair 227 [15, 2] combined 35840 players 7826 retained 256 seconds 4.270014683017507
am2_window_00_frame_150 pair 228 [15, 3] combined 36864 players 3514 retained 256 seconds 4.189734105952084
am2_window_00_frame_150 pair 230 [15, 5] combined 11352 players 1416 retained 256 seconds 1.295270011993125
am2_window_00_frame_150 pair 231 [15, 6] combined 2244 players 342 retained 161 seconds 0.2761591300368309
am2_window_00_frame_150 pair 232 [15, 7] combined 8928 players 1264 retained 256 seconds 1.017491513863206
am2_window_00_frame_150 pair 235 [15, 10] combined 1152 players 0 retained 0 seconds 0.14273207285441458
am2_window_00_frame_150 M generated pooled 19270 entries 256 winners 30:755 30:340 seconds 856.8
am2_window_00_frame_150 exact final-evaluation replay passed
am2_window_00_frame_150 exact selection replay passed
am2_window_00_frame_150 exact final-evaluation replay passed
am2_window_00_frame_150 exact selection replay passed
am2_window_00_frame_150 full evidence 0 of 468 seconds 4.607019945979118e-06
am2_window_00_frame_150 M complete {'case_id': 'am2_window_00_frame_150', 'arm': 'M', 'status': 'generated', 'generation_s': 856.7934956289828, 'camera_first_s': 28.088329729856923, 'all_camera_s': 39.986267613014206, 'entries': {'results': 256, 'camera_first': 256, 'all_camera': 724}, 'winners': {'results': ('30:755', '30:340'), 'camera_first': ('30:755', '30:340'), 'all_camera': ('30:755', '30:340')}}
