gxBQ_window_00_frame_0 pair 0 [0, 1] combined 262144 players 37690 retained 256 seconds 30.98694940796122
gxBQ_window_00_frame_0 pair 2 [0, 3] combined 262144 players 69048 retained 256 seconds 28.52496969886124
gxBQ_window_00_frame_0 pair 3 [0, 4] combined 1024 players 118 retained 53 seconds 7.9581227279268205
gxBQ_window_00_frame_0 pair 5 [0, 6] combined 224256 players 55524 retained 256 seconds 25.124290684936568
gxBQ_window_00_frame_0 pair 7 [0, 8] combined 262144 players 64090 retained 256 seconds 28.519715098896995
gxBQ_window_00_frame_0 pair 8 [0, 9] combined 262144 players 29214 retained 256 seconds 27.415426276857033
gxBQ_window_00_frame_0 pair 9 [0, 10] combined 262144 players 7408 retained 256 seconds 26.52813259093091
gxBQ_window_00_frame_0 pair 11 [0, 12] combined 28672 players 834 retained 256 seconds 9.88358216616325
gxBQ_window_00_frame_0 pair 15 [1, 0] combined 262144 players 43876 retained 256 seconds 24.35684281308204
gxBQ_window_00_frame_0 pair 16 [1, 2] combined 262144 players 62454 retained 256 seconds 20.81839679600671
gxBQ_window_00_frame_0 pair 17 [1, 3] combined 262144 players 2074 retained 256 seconds 19.025002472102642
gxBQ_window_00_frame_0 pair 18 [1, 4] combined 10240 players 2 retained 1 seconds 0.8912651548162103
gxBQ_window_00_frame_0 pair 19 [1, 5] combined 262144 players 15020 retained 256 seconds 20.857373751001433
gxBQ_window_00_frame_0 pair 21 [1, 7] combined 262144 players 22284 retained 256 seconds 20.57692618202418
gxBQ_window_00_frame_0 pair 22 [1, 8] combined 262144 players 12526 retained 256 seconds 18.105147399939597
gxBQ_window_00_frame_0 pair 25 [1, 11] combined 149504 players 4650 retained 256 seconds 10.494573021074757
gxBQ_window_00_frame_0 pair 27 [1, 13] combined 262144 players 64630 retained 256 seconds 23.875120711047202
gxBQ_window_00_frame_0 pair 28 [1, 14] combined 262144 players 46408 retained 256 seconds 23.679472184041515
gxBQ_window_00_frame_0 pair 29 [1, 15] combined 262144 players 69028 retained 256 seconds 23.226038697874174
gxBQ_window_00_frame_0 pair 31 [2, 1] combined 262144 players 20796 retained 256 seconds 19.252311825053766
gxBQ_window_00_frame_0 pair 32 [2, 3] combined 262144 players 78780 retained 256 seconds 20.744988507125527
gxBQ_window_00_frame_0 pair 33 [2, 4] combined 2048 players 842 retained 256 seconds 1.008735624840483
gxBQ_window_00_frame_0 pair 35 [2, 6] combined 217088 players 44900 retained 256 seconds 16.731211512116715
gxBQ_window_00_frame_0 pair 37 [2, 8] combined 262144 players 79452 retained 256 seconds 20.841336122946814
gxBQ_window_00_frame_0 pair 38 [2, 9] combined 262144 players 9542 retained 256 seconds 19.011721726041287
gxBQ_window_00_frame_0 pair 39 [2, 10] combined 262144 players 8090 retained 256 seconds 18.572908160975203
gxBQ_window_00_frame_0 pair 41 [2, 12] combined 3072 players 386 retained 169 seconds 1.0352410329505801
gxBQ_window_00_frame_0 pair 45 [3, 0] combined 262144 players 68808 retained 256 seconds 23.899213215103373
gxBQ_window_00_frame_0 pair 46 [3, 1] combined 262144 players 1980 retained 256 seconds 17.942494593793526
gxBQ_window_00_frame_0 pair 47 [3, 2] combined 262144 players 62742 retained 256 seconds 19.888135293964297
gxBQ_window_00_frame_0 pair 49 [3, 5] combined 262144 players 49382 retained 256 seconds 20.860978303011507
gxBQ_window_00_frame_0 pair 50 [3, 6] combined 262144 players 3818 retained 256 seconds 17.87085135700181
gxBQ_window_00_frame_0 pair 51 [3, 7] combined 262144 players 50618 retained 256 seconds 19.453725864877924
gxBQ_window_00_frame_0 pair 53 [3, 9] combined 262144 players 4142 retained 256 seconds 17.905462972121313
gxBQ_window_00_frame_0 pair 54 [3, 10] combined 232448 players 18962 retained 256 seconds 16.190190544817597
gxBQ_window_00_frame_0 pair 57 [3, 13] combined 262144 players 65582 retained 256 seconds 23.930582588072866
gxBQ_window_00_frame_0 pair 58 [3, 14] combined 262144 players 58862 retained 256 seconds 23.774368059122935
gxBQ_window_00_frame_0 pair 59 [3, 15] combined 262144 players 69438 retained 256 seconds 23.08415725105442
gxBQ_window_00_frame_0 pair 60 [4, 0] combined 2048 players 328 retained 158 seconds 4.503415587125346
gxBQ_window_00_frame_0 pair 61 [4, 1] combined 1024 players 0 retained 0 seconds 0.15497950208373368
gxBQ_window_00_frame_0 pair 62 [4, 2] combined 3072 players 370 retained 175 seconds 0.6632548489142209
gxBQ_window_00_frame_0 pair 64 [4, 5] combined 2048 players 144 retained 69 seconds 1.766248753061518
gxBQ_window_00_frame_0 pair 65 [4, 6] combined 1024 players 18 retained 14 seconds 0.09788163588382304
gxBQ_window_00_frame_0 pair 68 [4, 9] combined 1024 players 0 retained 0 seconds 0.1614483599551022
gxBQ_window_00_frame_0 pair 72 [4, 13] combined 2048 players 306 retained 148 seconds 4.440770803950727
gxBQ_window_00_frame_0 pair 73 [4, 14] combined 1024 players 300 retained 146 seconds 4.39113550609909
gxBQ_window_00_frame_0 pair 74 [4, 15] combined 2048 players 312 retained 151 seconds 3.5595397038850933
gxBQ_window_00_frame_0 pair 76 [5, 1] combined 262144 players 87678 retained 256 seconds 23.10250803316012
gxBQ_window_00_frame_0 pair 78 [5, 3] combined 262144 players 87350 retained 256 seconds 23.551831894088537
gxBQ_window_00_frame_0 pair 79 [5, 4] combined 1024 players 26 retained 13 seconds 3.0620884529780596
gxBQ_window_00_frame_0 pair 80 [5, 6] combined 222208 players 89520 retained 256 seconds 20.514346418902278
gxBQ_window_00_frame_0 pair 82 [5, 8] combined 262144 players 72588 retained 256 seconds 22.872531140921637
gxBQ_window_00_frame_0 pair 83 [5, 9] combined 262144 players 86564 retained 256 seconds 23.273591601056978
gxBQ_window_00_frame_0 pair 84 [5, 10] combined 262144 players 4 retained 2 seconds 20.672394688939676
gxBQ_window_00_frame_0 pair 86 [5, 12] combined 36864 players 402 retained 196 seconds 5.442766038933769
gxBQ_window_00_frame_0 pair 90 [6, 0] combined 141312 players 27916 retained 256 seconds 14.645779768936336
gxBQ_window_00_frame_0 pair 92 [6, 2] combined 141312 players 32706 retained 256 seconds 10.949017836013809
gxBQ_window_00_frame_0 pair 93 [6, 3] combined 238592 players 6336 retained 256 seconds 16.398337281076238
gxBQ_window_00_frame_0 pair 94 [6, 4] combined 4180 players 48 retained 24 seconds 0.32681336300447583
gxBQ_window_00_frame_0 pair 95 [6, 5] combined 142336 players 14978 retained 256 seconds 11.746632332913578
gxBQ_window_00_frame_0 pair 96 [6, 7] combined 135168 players 18726 retained 256 seconds 10.101589367026463
gxBQ_window_00_frame_0 pair 97 [6, 8] combined 207872 players 3694 retained 256 seconds 14.551337741082534
gxBQ_window_00_frame_0 pair 100 [6, 11] combined 76800 players 7596 retained 256 seconds 5.539572358829901
gxBQ_window_00_frame_0 pair 101 [6, 12] combined 2712 players 16 retained 8 seconds 0.22657138900831342
gxBQ_window_00_frame_0 pair 102 [6, 13] combined 141312 players 32704 retained 256 seconds 14.81230220105499
gxBQ_window_00_frame_0 pair 103 [6, 14] combined 141312 players 30928 retained 256 seconds 14.717107172124088
gxBQ_window_00_frame_0 pair 104 [6, 15] combined 143360 players 29628 retained 256 seconds 14.133873670129105
gxBQ_window_00_frame_0 pair 106 [7, 1] combined 262144 players 103116 retained 256 seconds 21.441471397178248
gxBQ_window_00_frame_0 pair 108 [7, 3] combined 262144 players 8888 retained 256 seconds 18.692550173960626
gxBQ_window_00_frame_0 pair 111 [7, 6] combined 220160 players 89146 retained 256 seconds 18.224912136094645
gxBQ_window_00_frame_0 pair 112 [7, 8] combined 262144 players 20254 retained 256 seconds 18.90069270809181
gxBQ_window_00_frame_0 pair 113 [7, 9] combined 262144 players 102814 retained 256 seconds 21.31675465591252
gxBQ_window_00_frame_0 pair 115 [7, 11] combined 92160 players 376 retained 188 seconds 7.000193708110601
gxBQ_window_00_frame_0 pair 120 [8, 0] combined 262144 players 66040 retained 256 seconds 23.86412754887715
gxBQ_window_00_frame_0 pair 121 [8, 1] combined 262144 players 5374 retained 256 seconds 17.789638094836846
gxBQ_window_00_frame_0 pair 122 [8, 2] combined 262144 players 52834 retained 256 seconds 19.666021917946637
gxBQ_window_00_frame_0 pair 125 [8, 5] combined 262144 players 43094 retained 256 seconds 20.62417480093427
gxBQ_window_00_frame_0 pair 126 [8, 6] combined 262144 players 638 retained 256 seconds 17.73472965694964
gxBQ_window_00_frame_0 pair 127 [8, 7] combined 262144 players 45452 retained 256 seconds 19.29692485416308
gxBQ_window_00_frame_0 pair 128 [8, 9] combined 262144 players 5904 retained 256 seconds 17.839111672947183
gxBQ_window_00_frame_0 pair 129 [8, 10] combined 234496 players 18258 retained 256 seconds 16.42667900584638
gxBQ_window_00_frame_0 pair 132 [8, 13] combined 262144 players 65420 retained 256 seconds 24.095717262942344
gxBQ_window_00_frame_0 pair 133 [8, 14] combined 262144 players 67840 retained 256 seconds 23.868008666904643
gxBQ_window_00_frame_0 pair 134 [8, 15] combined 262144 players 64118 retained 256 seconds 23.019345023902133
gxBQ_window_00_frame_0 pair 135 [9, 0] combined 262144 players 54372 retained 256 seconds 23.61268316791393
gxBQ_window_00_frame_0 pair 137 [9, 2] combined 262144 players 36356 retained 256 seconds 19.244950496125966
gxBQ_window_00_frame_0 pair 138 [9, 3] combined 262144 players 2860 retained 256 seconds 17.887644685106352
gxBQ_window_00_frame_0 pair 139 [9, 4] combined 10240 players 0 retained 0 seconds 0.85088493488729
gxBQ_window_00_frame_0 pair 140 [9, 5] combined 262144 players 13992 retained 256 seconds 19.812867559026927
gxBQ_window_00_frame_0 pair 142 [9, 7] combined 262144 players 20794 retained 256 seconds 18.908369983080775
gxBQ_window_00_frame_0 pair 143 [9, 8] combined 262144 players 14626 retained 256 seconds 18.204658462898806
gxBQ_window_00_frame_0 pair 145 [9, 11] combined 152576 players 4370 retained 256 seconds 10.66265534190461
gxBQ_window_00_frame_0 pair 147 [9, 13] combined 262144 players 65152 retained 256 seconds 24.0541307751555
gxBQ_window_00_frame_0 pair 148 [9, 14] combined 262144 players 58982 retained 256 seconds 23.93779384996742
gxBQ_window_00_frame_0 pair 149 [9, 15] combined 262144 players 56710 retained 256 seconds 22.7906315990258
gxBQ_window_00_frame_0 pair 150 [10, 0] combined 227328 players 824 retained 256 seconds 19.63538829702884
gxBQ_window_00_frame_0 pair 152 [10, 2] combined 232448 players 6442 retained 256 seconds 16.09798796591349
gxBQ_window_00_frame_0 pair 153 [10, 3] combined 177152 players 63700 retained 256 seconds 13.906461114995182
gxBQ_window_00_frame_0 pair 155 [10, 5] combined 212992 players 18 retained 10 seconds 16.027970749884844
gxBQ_window_00_frame_0 pair 158 [10, 8] combined 178176 players 50320 retained 256 seconds 13.677735639968887
gxBQ_window_00_frame_0 pair 160 [10, 11] combined 45540 players 16842 retained 256 seconds 3.5581128359772265
gxBQ_window_00_frame_0 pair 162 [10, 13] combined 234496 players 1930 retained 256 seconds 20.230339147150517
gxBQ_window_00_frame_0 pair 163 [10, 14] combined 221184 players 1230 retained 256 seconds 19.23306770110503
gxBQ_window_00_frame_0 pair 164 [10, 15] combined 262144 players 738 retained 256 seconds 21.33439576299861
gxBQ_window_00_frame_0 pair 166 [11, 1] combined 172032 players 1212 retained 256 seconds 11.946653384016827
gxBQ_window_00_frame_0 pair 171 [11, 6] combined 114000 players 7568 retained 256 seconds 8.088666488882154
gxBQ_window_00_frame_0 pair 172 [11, 7] combined 87040 players 2034 retained 256 seconds 6.47648066515103
gxBQ_window_00_frame_0 pair 174 [11, 9] combined 168960 players 2192 retained 256 seconds 11.74223632295616
gxBQ_window_00_frame_0 pair 175 [11, 10] combined 60112 players 4808 retained 256 seconds 4.261640975018963
gxBQ_window_00_frame_0 pair 180 [12, 0] combined 1024 players 106 retained 52 seconds 4.427615879802033
gxBQ_window_00_frame_0 pair 182 [12, 2] combined 0 players 0 retained 0 seconds 0.440572866005823
gxBQ_window_00_frame_0 pair 185 [12, 5] combined 1024 players 74 retained 36 seconds 1.7372704879380763
gxBQ_window_00_frame_0 pair 186 [12, 6] combined 5120 players 1540 retained 256 seconds 0.4157345900312066
gxBQ_window_00_frame_0 pair 192 [12, 13] combined 1024 players 64 retained 31 seconds 4.424871417926624
gxBQ_window_00_frame_0 pair 193 [12, 14] combined 1024 players 98 retained 49 seconds 4.405760464025661
gxBQ_window_00_frame_0 pair 194 [12, 15] combined 1024 players 34 retained 17 seconds 3.5361695159226656
gxBQ_window_00_frame_0 pair 196 [13, 1] combined 262144 players 51912 retained 256 seconds 27.239840456051752
gxBQ_window_00_frame_0 pair 198 [13, 3] combined 262144 players 80524 retained 256 seconds 27.99271832802333
gxBQ_window_00_frame_0 pair 199 [13, 4] combined 1024 players 86 retained 37 seconds 7.9509603248443455
gxBQ_window_00_frame_0 pair 201 [13, 6] combined 222208 players 66584 retained 256 seconds 24.683677291031927
gxBQ_window_00_frame_0 pair 203 [13, 8] combined 262144 players 72062 retained 256 seconds 27.809997483855113
gxBQ_window_00_frame_0 pair 204 [13, 9] combined 262144 players 38834 retained 256 seconds 28.84876547800377
gxBQ_window_00_frame_0 pair 205 [13, 10] combined 262144 players 9704 retained 256 seconds 25.714246958028525
gxBQ_window_00_frame_0 pair 207 [13, 12] combined 23552 players 678 retained 256 seconds 9.377762991003692
gxBQ_window_00_frame_0 pair 211 [14, 1] combined 262144 players 33344 retained 256 seconds 26.63041517790407
gxBQ_window_00_frame_0 pair 213 [14, 3] combined 262144 players 74502 retained 256 seconds 27.875715938862413
gxBQ_window_00_frame_0 pair 214 [14, 4] combined 2048 players 614 retained 256 seconds 7.982073626946658
gxBQ_window_00_frame_0 pair 216 [14, 6] combined 223232 players 52498 retained 256 seconds 24.343733191024512
gxBQ_window_00_frame_0 pair 218 [14, 8] combined 262144 players 64824 retained 256 seconds 27.382468286901712
gxBQ_window_00_frame_0 pair 219 [14, 9] combined 262144 players 28024 retained 256 seconds 26.672808850882575
gxBQ_window_00_frame_0 pair 220 [14, 10] combined 262144 players 10320 retained 256 seconds 25.655391820007935
gxBQ_window_00_frame_0 pair 222 [14, 12] combined 29696 players 1636 retained 256 seconds 9.847348710056394
gxBQ_window_00_frame_0 pair 226 [15, 1] combined 262144 players 39396 retained 256 seconds 25.027856688946486
gxBQ_window_00_frame_0 pair 228 [15, 3] combined 262144 players 78138 retained 256 seconds 26.28335117106326
gxBQ_window_00_frame_0 pair 229 [15, 4] combined 1024 players 84 retained 39 seconds 6.262795787071809
gxBQ_window_00_frame_0 pair 231 [15, 6] combined 227328 players 75124 retained 256 seconds 23.7937047239393
gxBQ_window_00_frame_0 pair 233 [15, 8] combined 262144 players 70642 retained 256 seconds 26.024293166119605
gxBQ_window_00_frame_0 pair 234 [15, 9] combined 262144 players 45222 retained 256 seconds 25.452483147149906
gxBQ_window_00_frame_0 pair 235 [15, 10] combined 262144 players 2106 retained 256 seconds 23.79783086408861
gxBQ_window_00_frame_0 pair 237 [15, 12] combined 33792 players 520 retained 256 seconds 8.41509793093428
gxBQ_window_00_frame_0 R generated pooled 30458 entries 256 winners 143:11876 143:11881 seconds 2311.1
gxBQ_window_00_frame_0 exact final-evaluation replay passed
gxBQ_window_00_frame_0 exact selection replay passed
gxBQ_window_00_frame_0 exact final-evaluation replay passed
gxBQ_window_00_frame_0 exact selection replay passed
gxBQ_window_00_frame_0 full evidence 0 of 2633 seconds 5.309004336595535e-06
gxBQ_window_00_frame_0 full evidence 512 of 2633 seconds 54.58403324498795
gxBQ_window_00_frame_0 full evidence 1024 of 2633 seconds 109.73861566511914
gxBQ_window_00_frame_0 full evidence 1536 of 2633 seconds 153.77024860703386
gxBQ_window_00_frame_0 full evidence 2048 of 2633 seconds 201.77688898914494
gxBQ_window_00_frame_0 full evidence 2560 of 2633 seconds 249.8283246390056
gxBQ_window_00_frame_0 R complete {'case_id': 'gxBQ_window_00_frame_0', 'arm': 'R', 'status': 'generated', 'generation_s': 2311.1129299679305, 'camera_first_s': 54.578994404990226, 'all_camera_s': 286.6138980779797, 'entries': {'results': 256, 'camera_first': 256, 'all_camera': 2889}, 'winners': {'results': ('143:11876', '143:11881'), 'camera_first': ('143:11876', '143:11881'), 'all_camera': ('143:11876', '143:11881')}}
gxBQ_window_00_frame_5 pair 0 [0, 1] combined 262144 players 32752 retained 256 seconds 26.02278800588101
gxBQ_window_00_frame_5 pair 2 [0, 3] combined 262144 players 72804 retained 256 seconds 27.10200965218246
gxBQ_window_00_frame_5 pair 4 [0, 5] combined 80896 players 23898 retained 256 seconds 13.820486331125721
gxBQ_window_00_frame_5 pair 6 [0, 7] combined 200704 players 9146 retained 256 seconds 21.51150008197874
gxBQ_window_00_frame_5 pair 7 [0, 8] combined 35840 players 642 retained 256 seconds 10.125215079868212
gxBQ_window_00_frame_5 pair 9 [0, 10] combined 25600 players 9552 retained 256 seconds 9.613965708995238
gxBQ_window_00_frame_5 pair 10 [0, 11] combined 262144 players 29132 retained 256 seconds 25.974257442867383
gxBQ_window_00_frame_5 pair 15 [1, 0] combined 262144 players 33438 retained 256 seconds 22.847308144904673
gxBQ_window_00_frame_5 pair 16 [1, 2] combined 262144 players 44284 retained 256 seconds 21.509925794787705
gxBQ_window_00_frame_5 pair 17 [1, 3] combined 262144 players 4488 retained 256 seconds 17.748030439019203
gxBQ_window_00_frame_5 pair 18 [1, 4] combined 262144 players 52644 retained 256 seconds 20.0315748678986
gxBQ_window_00_frame_5 pair 19 [1, 5] combined 91136 players 9742 retained 256 seconds 6.562924393918365
gxBQ_window_00_frame_5 pair 20 [1, 6] combined 119808 players 5390 retained 256 seconds 8.478506230050698
gxBQ_window_00_frame_5 pair 24 [1, 10] combined 40960 players 524 retained 256 seconds 2.8563113280106336
gxBQ_window_00_frame_5 pair 25 [1, 11] combined 262144 players 3790 retained 256 seconds 17.672366816783324
gxBQ_window_00_frame_5 pair 26 [1, 12] combined 262144 players 51008 retained 256 seconds 23.345259693916887
gxBQ_window_00_frame_5 pair 27 [1, 13] combined 262144 players 56180 retained 256 seconds 23.590494757983834
gxBQ_window_00_frame_5 pair 28 [1, 14] combined 262144 players 59198 retained 256 seconds 23.60793531802483
gxBQ_window_00_frame_5 pair 29 [1, 15] combined 262144 players 60360 retained 256 seconds 23.156147456960753
gxBQ_window_00_frame_5 pair 31 [2, 1] combined 262144 players 49596 retained 256 seconds 23.874264806043357
gxBQ_window_00_frame_5 pair 32 [2, 3] combined 262144 players 88638 retained 256 seconds 24.962860480183735
gxBQ_window_00_frame_5 pair 34 [2, 5] combined 80896 players 27272 retained 256 seconds 11.162395637948066
gxBQ_window_00_frame_5 pair 36 [2, 7] combined 200704 players 20032 retained 256 seconds 18.885416446020827
gxBQ_window_00_frame_5 pair 37 [2, 8] combined 47104 players 6210 retained 256 seconds 8.241874105064198
gxBQ_window_00_frame_5 pair 39 [2, 10] combined 27648 players 11074 retained 256 seconds 7.024800389073789
gxBQ_window_00_frame_5 pair 40 [2, 11] combined 262144 players 22390 retained 256 seconds 22.932355575961992
gxBQ_window_00_frame_5 pair 45 [3, 0] combined 262144 players 65636 retained 256 seconds 23.641149098053575
gxBQ_window_00_frame_5 pair 46 [3, 1] combined 262144 players 2354 retained 256 seconds 17.6111443398986
gxBQ_window_00_frame_5 pair 47 [3, 2] combined 262144 players 79144 retained 256 seconds 22.343164895894006
gxBQ_window_00_frame_5 pair 48 [3, 4] combined 262144 players 49144 retained 256 seconds 19.957796826958656
gxBQ_window_00_frame_5 pair 51 [3, 7] combined 221184 players 7818 retained 256 seconds 15.095990173052996
gxBQ_window_00_frame_5 pair 53 [3, 9] combined 262144 players 17844 retained 256 seconds 18.223457579035312
gxBQ_window_00_frame_5 pair 56 [3, 12] combined 262144 players 66846 retained 256 seconds 23.56573071400635
gxBQ_window_00_frame_5 pair 57 [3, 13] combined 262144 players 69882 retained 256 seconds 23.894336458994076
gxBQ_window_00_frame_5 pair 58 [3, 14] combined 262144 players 68120 retained 256 seconds 23.785727369133383
gxBQ_window_00_frame_5 pair 59 [3, 15] combined 262144 players 74946 retained 256 seconds 23.436595678096637
gxBQ_window_00_frame_5 pair 61 [4, 1] combined 262144 players 21692 retained 256 seconds 20.112233177991584
gxBQ_window_00_frame_5 pair 63 [4, 3] combined 262144 players 80998 retained 256 seconds 21.65160599979572
gxBQ_window_00_frame_5 pair 64 [4, 5] combined 82944 players 28992 retained 256 seconds 8.307113367132843
gxBQ_window_00_frame_5 pair 66 [4, 7] combined 201728 players 9396 retained 256 seconds 15.668824773048982
gxBQ_window_00_frame_5 pair 67 [4, 8] combined 40960 players 866 retained 256 seconds 4.578652440104634
gxBQ_window_00_frame_5 pair 69 [4, 10] combined 24576 players 10480 retained 256 seconds 3.6711444901302457
gxBQ_window_00_frame_5 pair 70 [4, 11] combined 262144 players 70350 retained 256 seconds 21.393369083991274
gxBQ_window_00_frame_5 pair 75 [5, 0] combined 51200 players 12212 retained 256 seconds 8.230983986053616
gxBQ_window_00_frame_5 pair 76 [5, 1] combined 43008 players 15944 retained 256 seconds 3.3229703169781715
gxBQ_window_00_frame_5 pair 77 [5, 2] combined 50176 players 14554 retained 256 seconds 6.498171309009194
gxBQ_window_00_frame_5 pair 79 [5, 4] combined 53248 players 9684 retained 256 seconds 4.746502249035984
gxBQ_window_00_frame_5 pair 81 [5, 7] combined 70824 players 10072 retained 256 seconds 5.09706267202273
gxBQ_window_00_frame_5 pair 82 [5, 8] combined 7216 players 2224 retained 256 seconds 0.5599210229702294
gxBQ_window_00_frame_5 pair 83 [5, 9] combined 57344 players 7150 retained 256 seconds 4.047357938019559
gxBQ_window_00_frame_5 pair 86 [5, 12] combined 51200 players 12040 retained 256 seconds 8.071173246018589
gxBQ_window_00_frame_5 pair 87 [5, 13] combined 52224 players 13626 retained 256 seconds 8.216309490147978
gxBQ_window_00_frame_5 pair 88 [5, 14] combined 51200 players 14118 retained 256 seconds 8.025176954921335
gxBQ_window_00_frame_5 pair 89 [5, 15] combined 51200 players 15124 retained 256 seconds 7.688502128003165
gxBQ_window_00_frame_5 pair 91 [6, 1] combined 161792 players 2258 retained 256 seconds 11.285033311927691
gxBQ_window_00_frame_5 pair 105 [7, 0] combined 202752 players 17592 retained 256 seconds 18.50875343196094
gxBQ_window_00_frame_5 pair 107 [7, 2] combined 203776 players 5426 retained 256 seconds 16.618022374110296
gxBQ_window_00_frame_5 pair 108 [7, 3] combined 223232 players 8328 retained 256 seconds 15.283437250880525
gxBQ_window_00_frame_5 pair 109 [7, 4] combined 209920 players 9276 retained 256 seconds 15.512056653853506
gxBQ_window_00_frame_5 pair 110 [7, 5] combined 111616 players 7096 retained 256 seconds 7.680146390106529
gxBQ_window_00_frame_5 pair 114 [7, 10] combined 47104 players 662 retained 256 seconds 3.194333980092779
gxBQ_window_00_frame_5 pair 116 [7, 12] combined 206848 players 11720 retained 256 seconds 18.632432370912284
gxBQ_window_00_frame_5 pair 117 [7, 13] combined 207872 players 16740 retained 256 seconds 18.848711886210367
gxBQ_window_00_frame_5 pair 118 [7, 14] combined 207872 players 11566 retained 256 seconds 18.559762777062133
gxBQ_window_00_frame_5 pair 119 [7, 15] combined 205824 players 8894 retained 256 seconds 17.868040862027556
gxBQ_window_00_frame_5 pair 120 [8, 0] combined 24576 players 258 retained 124 seconds 6.120402869069949
gxBQ_window_00_frame_5 pair 122 [8, 2] combined 22528 players 202 retained 93 seconds 4.202793753938749
gxBQ_window_00_frame_5 pair 124 [8, 4] combined 20480 players 618 retained 256 seconds 2.3707797930110246
gxBQ_window_00_frame_5 pair 125 [8, 5] combined 10856 players 1336 retained 256 seconds 0.759106099139899
gxBQ_window_00_frame_5 pair 129 [8, 10] combined 4692 players 96 retained 48 seconds 0.3243532059714198
gxBQ_window_00_frame_5 pair 131 [8, 12] combined 29696 players 124 retained 62 seconds 6.325602937024087
gxBQ_window_00_frame_5 pair 132 [8, 13] combined 24576 players 272 retained 135 seconds 5.9610836510546505
gxBQ_window_00_frame_5 pair 133 [8, 14] combined 20480 players 118 retained 59 seconds 5.670928555075079
gxBQ_window_00_frame_5 pair 134 [8, 15] combined 24576 players 64 retained 32 seconds 5.482411958975717
gxBQ_window_00_frame_5 pair 138 [9, 3] combined 262144 players 44948 retained 256 seconds 19.07706651906483
gxBQ_window_00_frame_5 pair 140 [9, 5] combined 84992 players 15928 retained 256 seconds 6.199342017062008
gxBQ_window_00_frame_5 pair 144 [9, 10] combined 21504 players 6104 retained 256 seconds 1.8066734578460455
gxBQ_window_00_frame_5 pair 150 [10, 0] combined 25600 players 5402 retained 256 seconds 6.097162612946704
gxBQ_window_00_frame_5 pair 151 [10, 1] combined 20480 players 1436 retained 256 seconds 1.4953089552000165
gxBQ_window_00_frame_5 pair 152 [10, 2] combined 25600 players 6022 retained 256 seconds 4.543010676978156
gxBQ_window_00_frame_5 pair 154 [10, 4] combined 24576 players 3336 retained 256 seconds 2.707042469875887
gxBQ_window_00_frame_5 pair 157 [10, 7] combined 19800 players 562 retained 256 seconds 1.3492207610979676
gxBQ_window_00_frame_5 pair 158 [10, 8] combined 1804 players 56 retained 28 seconds 0.14032593881711364
gxBQ_window_00_frame_5 pair 159 [10, 9] combined 33792 players 3392 retained 256 seconds 2.4009936661459506
gxBQ_window_00_frame_5 pair 161 [10, 12] combined 26624 players 5318 retained 256 seconds 6.271635858807713
gxBQ_window_00_frame_5 pair 162 [10, 13] combined 23552 players 4876 retained 256 seconds 5.947375924792141
gxBQ_window_00_frame_5 pair 163 [10, 14] combined 23552 players 4840 retained 256 seconds 5.96960481419228
gxBQ_window_00_frame_5 pair 164 [10, 15] combined 23552 players 5492 retained 256 seconds 5.666781421052292
gxBQ_window_00_frame_5 pair 165 [11, 0] combined 262144 players 32054 retained 256 seconds 22.751359367975965
gxBQ_window_00_frame_5 pair 166 [11, 1] combined 262144 players 1460 retained 256 seconds 17.63913183589466
gxBQ_window_00_frame_5 pair 167 [11, 2] combined 262144 players 16490 retained 256 seconds 20.650527944089845
gxBQ_window_00_frame_5 pair 169 [11, 4] combined 262144 players 37272 retained 256 seconds 19.726032360922545
gxBQ_window_00_frame_5 pair 176 [11, 12] combined 262144 players 35334 retained 256 seconds 22.84936487581581
gxBQ_window_00_frame_5 pair 177 [11, 13] combined 262144 players 30822 retained 256 seconds 22.78065693587996
gxBQ_window_00_frame_5 pair 178 [11, 14] combined 262144 players 29168 retained 256 seconds 22.38667101901956
gxBQ_window_00_frame_5 pair 179 [11, 15] combined 262144 players 14744 retained 256 seconds 21.819058222929016
gxBQ_window_00_frame_5 pair 181 [12, 1] combined 262144 players 45188 retained 256 seconds 26.941982556134462
gxBQ_window_00_frame_5 pair 183 [12, 3] combined 262144 players 88238 retained 256 seconds 27.87819329695776
gxBQ_window_00_frame_5 pair 185 [12, 5] combined 79872 players 25204 retained 256 seconds 13.749653047183529
gxBQ_window_00_frame_5 pair 187 [12, 7] combined 199680 players 10234 retained 256 seconds 21.66589071205817
gxBQ_window_00_frame_5 pair 188 [12, 8] combined 36864 players 1782 retained 256 seconds 10.299697869922966
gxBQ_window_00_frame_5 pair 190 [12, 10] combined 26624 players 10098 retained 256 seconds 9.686852355953306
gxBQ_window_00_frame_5 pair 191 [12, 11] combined 262144 players 33954 retained 256 seconds 26.2152939341031
gxBQ_window_00_frame_5 pair 196 [13, 1] combined 262144 players 33722 retained 256 seconds 26.60726659093052
gxBQ_window_00_frame_5 pair 198 [13, 3] combined 262144 players 81334 retained 256 seconds 27.761870566988364
gxBQ_window_00_frame_5 pair 200 [13, 5] combined 77824 players 25836 retained 256 seconds 13.896718898089603
gxBQ_window_00_frame_5 pair 202 [13, 7] combined 201728 players 10792 retained 256 seconds 21.734674704028293
gxBQ_window_00_frame_5 pair 203 [13, 8] combined 38912 players 988 retained 256 seconds 10.462429895065725
gxBQ_window_00_frame_5 pair 205 [13, 10] combined 23552 players 9024 retained 256 seconds 9.66976321209222
gxBQ_window_00_frame_5 pair 206 [13, 11] combined 262144 players 46420 retained 256 seconds 26.639245447004214
gxBQ_window_00_frame_5 pair 211 [14, 1] combined 262144 players 38060 retained 256 seconds 26.630307022016495
gxBQ_window_00_frame_5 pair 213 [14, 3] combined 262144 players 86206 retained 256 seconds 28.007704379968345
gxBQ_window_00_frame_5 pair 215 [14, 5] combined 79872 players 27182 retained 256 seconds 14.153298112098128
gxBQ_window_00_frame_5 pair 217 [14, 7] combined 201728 players 21482 retained 256 seconds 22.076313885860145
gxBQ_window_00_frame_5 pair 218 [14, 8] combined 40960 players 2374 retained 256 seconds 10.608820640016347
gxBQ_window_00_frame_5 pair 220 [14, 10] combined 26624 players 10762 retained 256 seconds 10.062427930068225
gxBQ_window_00_frame_5 pair 221 [14, 11] combined 262144 players 29100 retained 256 seconds 26.00151354796253
gxBQ_window_00_frame_5 pair 226 [15, 1] combined 262144 players 38590 retained 256 seconds 26.047432565828785
gxBQ_window_00_frame_5 pair 228 [15, 3] combined 262144 players 78820 retained 256 seconds 27.07469031494111
gxBQ_window_00_frame_5 pair 230 [15, 5] combined 80896 players 26856 retained 256 seconds 12.993401839863509
gxBQ_window_00_frame_5 pair 232 [15, 7] combined 199680 players 3832 retained 256 seconds 20.619937476003543
gxBQ_window_00_frame_5 pair 233 [15, 8] combined 40960 players 574 retained 256 seconds 9.696015540044755
gxBQ_window_00_frame_5 pair 235 [15, 10] combined 26624 players 10368 retained 256 seconds 8.925570369930938
gxBQ_window_00_frame_5 pair 236 [15, 11] combined 262144 players 37734 retained 256 seconds 25.739817425841466
gxBQ_window_00_frame_5 R generated pooled 30277 entries 256 winners 181:295 181:5775 seconds 1842.5
gxBQ_window_00_frame_5 exact final-evaluation replay passed
gxBQ_window_00_frame_5 exact selection replay passed
gxBQ_window_00_frame_5 exact final-evaluation replay passed
gxBQ_window_00_frame_5 exact selection replay passed
gxBQ_window_00_frame_5 full evidence 0 of 1960 seconds 3.4689437597990036e-06
gxBQ_window_00_frame_5 full evidence 512 of 1960 seconds 57.43999730190262
gxBQ_window_00_frame_5 full evidence 1024 of 1960 seconds 110.54484672797844
gxBQ_window_00_frame_5 full evidence 1536 of 1960 seconds 168.76431665290147
gxBQ_window_00_frame_5 R complete {'case_id': 'gxBQ_window_00_frame_5', 'arm': 'R', 'status': 'generated', 'generation_s': 1842.488575495081, 'camera_first_s': 54.7497838800773, 'all_camera_s': 247.07492508296855, 'entries': {'results': 256, 'camera_first': 256, 'all_camera': 2216}, 'winners': {'results': ('181:295', '181:5775'), 'camera_first': ('31:310', '226:24001'), 'all_camera': ('31:310', '46:1080')}}
