am2_window_00_frame_150 pair 0 [0, 1] combined 121856 players 12480 retained 256 seconds 16.75854649511166
am2_window_00_frame_150 pair 1 [0, 2] combined 262144 players 3540 retained 256 seconds 29.566303147934377
am2_window_00_frame_150 pair 4 [0, 5] combined 110592 players 3220 retained 256 seconds 12.492776840925217
am2_window_00_frame_150 pair 6 [0, 7] combined 262144 players 7754 retained 256 seconds 29.410830110078678
am2_window_00_frame_150 pair 7 [0, 8] combined 38912 players 1586 retained 256 seconds 4.583487603114918
am2_window_00_frame_150 pair 8 [0, 9] combined 7168 players 30 retained 15 seconds 1.1387449989560992
am2_window_00_frame_150 pair 12 [0, 13] combined 105472 players 1252 retained 256 seconds 11.886625390965492
am2_window_00_frame_150 pair 13 [0, 14] combined 147456 players 1194 retained 256 seconds 16.62154348194599
am2_window_00_frame_150 pair 15 [1, 0] combined 210944 players 60584 retained 256 seconds 24.84645850304514
am2_window_00_frame_150 pair 16 [1, 2] combined 221184 players 55414 retained 256 seconds 25.636144203832373
am2_window_00_frame_150 pair 17 [1, 3] combined 204800 players 51864 retained 256 seconds 24.231252503814176
am2_window_00_frame_150 pair 18 [1, 4] combined 200704 players 54302 retained 256 seconds 24.350410724058747
am2_window_00_frame_150 pair 19 [1, 5] combined 68480 players 10794 retained 256 seconds 7.860695472918451
am2_window_00_frame_150 pair 20 [1, 6] combined 74592 players 9948 retained 256 seconds 8.512134310090914
am2_window_00_frame_150 pair 21 [1, 7] combined 167232 players 50344 retained 256 seconds 19.55150513118133
am2_window_00_frame_150 pair 24 [1, 10] combined 45144 players 13668 retained 256 seconds 5.44891121587716
am2_window_00_frame_150 pair 26 [1, 12] combined 204800 players 48712 retained 256 seconds 24.03510335017927
am2_window_00_frame_150 pair 27 [1, 13] combined 46080 players 2972 retained 256 seconds 5.802130701951683
am2_window_00_frame_150 pair 30 [2, 0] combined 262144 players 6224 retained 256 seconds 29.40561092295684
am2_window_00_frame_150 pair 31 [2, 1] combined 106496 players 26576 retained 256 seconds 12.511114130960777
am2_window_00_frame_150 pair 32 [2, 3] combined 262144 players 5856 retained 256 seconds 29.25790948001668
am2_window_00_frame_150 pair 33 [2, 4] combined 262144 players 1766 retained 256 seconds 29.29823821503669
am2_window_00_frame_150 pair 35 [2, 6] combined 86016 players 11198 retained 256 seconds 9.870124850189313
am2_window_00_frame_150 pair 37 [2, 8] combined 18432 players 5602 retained 256 seconds 2.3339075890835375
am2_window_00_frame_150 pair 38 [2, 9] combined 4096 players 576 retained 190 seconds 0.6417973609641194
am2_window_00_frame_150 pair 39 [2, 10] combined 34816 players 5888 retained 256 seconds 4.091080748010427
am2_window_00_frame_150 pair 41 [2, 12] combined 262144 players 4384 retained 256 seconds 29.385967598995194
am2_window_00_frame_150 pair 44 [2, 15] combined 0 players 0 retained 0 seconds 0.1583418259397149
am2_window_00_frame_150 pair 46 [3, 1] combined 137216 players 16850 retained 256 seconds 15.854337534168735
am2_window_00_frame_150 pair 47 [3, 2] combined 262144 players 8376 retained 256 seconds 29.244199611945078
am2_window_00_frame_150 pair 49 [3, 5] combined 88064 players 2462 retained 256 seconds 9.81292947405018
am2_window_00_frame_150 pair 51 [3, 7] combined 262144 players 3278 retained 256 seconds 29.26423961482942
am2_window_00_frame_150 pair 52 [3, 8] combined 16384 players 682 retained 256 seconds 2.098615378141403
am2_window_00_frame_150 pair 53 [3, 9] combined 8192 players 28 retained 11 seconds 1.1904244078323245
am2_window_00_frame_150 pair 57 [3, 13] combined 106496 players 4268 retained 256 seconds 12.04456539801322
am2_window_00_frame_150 pair 58 [3, 14] combined 29696 players 172 retained 82 seconds 3.635914815822616
am2_window_00_frame_150 pair 61 [4, 1] combined 95232 players 5606 retained 256 seconds 10.864673895994201
am2_window_00_frame_150 pair 62 [4, 2] combined 262144 players 3264 retained 256 seconds 30.64018111093901
am2_window_00_frame_150 pair 64 [4, 5] combined 74752 players 1726 retained 256 seconds 8.500812293030322
am2_window_00_frame_150 pair 66 [4, 7] combined 262144 players 11848 retained 256 seconds 30.117547356057912
am2_window_00_frame_150 pair 67 [4, 8] combined 33792 players 4220 retained 256 seconds 3.95262946607545
am2_window_00_frame_150 pair 68 [4, 9] combined 2048 players 0 retained 0 seconds 0.5026231929659843
am2_window_00_frame_150 pair 72 [4, 13] combined 109568 players 670 retained 256 seconds 13.458142088027671
am2_window_00_frame_150 pair 73 [4, 14] combined 152576 players 4938 retained 256 seconds 17.20593875204213
am2_window_00_frame_150 pair 75 [5, 0] combined 112640 players 44 retained 23 seconds 12.5995541238226
am2_window_00_frame_150 pair 76 [5, 1] combined 22148 players 7028 retained 256 seconds 2.695757693145424
am2_window_00_frame_150 pair 78 [5, 3] combined 81920 players 1414 retained 256 seconds 9.025737698888406
am2_window_00_frame_150 pair 79 [5, 4] combined 147456 players 9006 retained 256 seconds 16.35976831614971
am2_window_00_frame_150 pair 80 [5, 6] combined 10296 players 906 retained 256 seconds 1.1871004640124738
am2_window_00_frame_150 pair 82 [5, 8] combined 3000 players 1124 retained 256 seconds 0.44684459711425006
am2_window_00_frame_150 pair 83 [5, 9] combined 752 players 184 retained 82 seconds 0.11542336107231677
am2_window_00_frame_150 pair 84 [5, 10] combined 10660 players 998 retained 256 seconds 1.2100812741555274
am2_window_00_frame_150 pair 86 [5, 12] combined 149504 players 5316 retained 256 seconds 16.8807518070098
am2_window_00_frame_150 pair 89 [5, 15] combined 0 players 0 retained 0 seconds 0.016242146026343107
am2_window_00_frame_150 pair 91 [6, 1] combined 34200 players 4064 retained 256 seconds 3.9421577150933444
am2_window_00_frame_150 pair 92 [6, 2] combined 75776 players 23760 retained 256 seconds 9.826634938828647
am2_window_00_frame_150 pair 95 [6, 5] combined 22040 players 660 retained 256 seconds 2.5866461971309036
am2_window_00_frame_150 pair 96 [6, 7] combined 88064 players 15270 retained 256 seconds 10.149715940933675
am2_window_00_frame_150 pair 97 [6, 8] combined 1540 players 152 retained 76 seconds 0.2081496729515493
am2_window_00_frame_150 pair 98 [6, 9] combined 3232 players 720 retained 256 seconds 0.40503359702415764
am2_window_00_frame_150 pair 102 [6, 13] combined 14784 players 3910 retained 256 seconds 1.7302367901429534
am2_window_00_frame_150 pair 103 [6, 14] combined 49368 players 6556 retained 256 seconds 5.672115506138653
am2_window_00_frame_150 pair 105 [7, 0] combined 262144 players 2178 retained 256 seconds 29.38253447995521
am2_window_00_frame_150 pair 106 [7, 1] combined 84224 players 18500 retained 256 seconds 9.756354958983138
am2_window_00_frame_150 pair 108 [7, 3] combined 262144 players 2266 retained 256 seconds 29.365949091967195
am2_window_00_frame_150 pair 109 [7, 4] combined 262144 players 10456 retained 256 seconds 29.35805729404092
am2_window_00_frame_150 pair 111 [7, 6] combined 73728 players 4426 retained 256 seconds 8.275244765914977
am2_window_00_frame_150 pair 112 [7, 8] combined 9672 players 2364 retained 256 seconds 1.1510820069815964
am2_window_00_frame_150 pair 114 [7, 10] combined 41984 players 2938 retained 256 seconds 4.742387582082301
am2_window_00_frame_150 pair 116 [7, 12] combined 262144 players 8840 retained 256 seconds 29.039251673035324
am2_window_00_frame_150 pair 119 [7, 15] combined 0 players 0 retained 0 seconds 0.033307324163615704
am2_window_00_frame_150 pair 120 [8, 0] combined 29696 players 4326 retained 256 seconds 3.4983517290093005
am2_window_00_frame_150 pair 122 [8, 2] combined 32768 players 9836 retained 256 seconds 3.859062616014853
am2_window_00_frame_150 pair 123 [8, 3] combined 8192 players 2318 retained 256 seconds 1.2606473308987916
am2_window_00_frame_150 pair 124 [8, 4] combined 27648 players 5314 retained 256 seconds 3.1818928450811654
am2_window_00_frame_150 pair 125 [8, 5] combined 9720 players 1620 retained 256 seconds 1.1210624079685658
am2_window_00_frame_150 pair 126 [8, 6] combined 5320 players 1452 retained 256 seconds 0.6516615950968117
am2_window_00_frame_150 pair 127 [8, 7] combined 25916 players 8866 retained 256 seconds 3.0530803240835667
am2_window_00_frame_150 pair 129 [8, 10] combined 7440 players 998 retained 256 seconds 0.9699744051322341
am2_window_00_frame_150 pair 131 [8, 12] combined 25600 players 1564 retained 256 seconds 2.8891988510731608
am2_window_00_frame_150 pair 132 [8, 13] combined 3000 players 208 retained 100 seconds 0.3556776880286634
am2_window_00_frame_150 pair 133 [8, 14] combined 3380 players 492 retained 242 seconds 0.4069910531397909
am2_window_00_frame_150 pair 135 [9, 0] combined 13312 players 552 retained 255 seconds 1.6539017679169774
am2_window_00_frame_150 pair 137 [9, 2] combined 4096 players 1032 retained 256 seconds 0.5791991739533842
am2_window_00_frame_150 pair 138 [9, 3] combined 8192 players 360 retained 159 seconds 1.0842320651281625
am2_window_00_frame_150 pair 139 [9, 4] combined 10240 players 284 retained 141 seconds 1.1696636939886957
am2_window_00_frame_150 pair 140 [9, 5] combined 1328 players 288 retained 118 seconds 0.1708325908984989
am2_window_00_frame_150 pair 141 [9, 6] combined 4416 players 262 retained 128 seconds 0.5073847889434546
am2_window_00_frame_150 pair 144 [9, 10] combined 756 players 124 retained 62 seconds 0.1023011279758066
am2_window_00_frame_150 pair 146 [9, 12] combined 11264 players 264 retained 131 seconds 1.2839458198286593
am2_window_00_frame_150 pair 147 [9, 13] combined 3264 players 646 retained 256 seconds 0.394489340018481
am2_window_00_frame_150 pair 151 [10, 1] combined 23760 players 2482 retained 256 seconds 2.714020343963057
am2_window_00_frame_150 pair 152 [10, 2] combined 70656 players 14820 retained 256 seconds 8.138135557062924
am2_window_00_frame_150 pair 155 [10, 5] combined 23920 players 926 retained 256 seconds 2.641817384166643
am2_window_00_frame_150 pair 157 [10, 7] combined 55296 players 5292 retained 256 seconds 6.241706707049161
am2_window_00_frame_150 pair 158 [10, 8] combined 7920 players 1638 retained 256 seconds 0.9273043419234455
am2_window_00_frame_150 pair 159 [10, 9] combined 2412 players 408 retained 204 seconds 0.2958517880178988
am2_window_00_frame_150 pair 162 [10, 13] combined 13356 players 1894 retained 256 seconds 1.5098976218141615
am2_window_00_frame_150 pair 163 [10, 14] combined 15480 players 1082 retained 256 seconds 1.8896034602075815
am2_window_00_frame_150 pair 181 [12, 1] combined 130048 players 16750 retained 256 seconds 14.825075699016452
am2_window_00_frame_150 pair 182 [12, 2] combined 262144 players 5072 retained 256 seconds 29.643662367016077
am2_window_00_frame_150 pair 185 [12, 5] combined 83968 players 662 retained 256 seconds 9.326084546977654
am2_window_00_frame_150 pair 187 [12, 7] combined 262144 players 10162 retained 256 seconds 28.96822541113943
am2_window_00_frame_150 pair 188 [12, 8] combined 19456 players 506 retained 247 seconds 2.1994895450770855
am2_window_00_frame_150 pair 189 [12, 9] combined 12288 players 2 retained 1 seconds 1.408640786074102
am2_window_00_frame_150 pair 195 [13, 0] combined 130048 players 2138 retained 256 seconds 14.268743885913864
am2_window_00_frame_150 pair 196 [13, 1] combined 35520 players 11040 retained 256 seconds 4.302676226012409
am2_window_00_frame_150 pair 198 [13, 3] combined 136192 players 2840 retained 256 seconds 14.960698757786304
am2_window_00_frame_150 pair 199 [13, 4] combined 142336 players 1456 retained 256 seconds 15.459378432948142
am2_window_00_frame_150 pair 201 [13, 6] combined 20732 players 2144 retained 256 seconds 2.537883176933974
am2_window_00_frame_150 pair 203 [13, 8] combined 6448 players 236 retained 118 seconds 0.7252787209581584
am2_window_00_frame_150 pair 204 [13, 9] combined 960 players 192 retained 94 seconds 0.13311034091748297
am2_window_00_frame_150 pair 205 [13, 10] combined 12596 players 1534 retained 256 seconds 1.421698845922947
am2_window_00_frame_150 pair 209 [13, 15] combined 0 players 0 retained 0 seconds 0.009455915074795485
am2_window_00_frame_150 pair 210 [14, 0] combined 135168 players 250 retained 117 seconds 14.962504433933645
am2_window_00_frame_150 pair 213 [14, 3] combined 32768 players 0 retained 0 seconds 3.8334873120766133
am2_window_00_frame_150 pair 214 [14, 4] combined 189440 players 4526 retained 256 seconds 20.811050568940118
am2_window_00_frame_150 pair 216 [14, 6] combined 68340 players 4728 retained 256 seconds 7.914190134964883
am2_window_00_frame_150 pair 218 [14, 8] combined 9776 players 182 retained 91 seconds 1.068310959963128
am2_window_00_frame_150 pair 220 [14, 10] combined 16464 players 270 retained 126 seconds 1.878253610106185
am2_window_00_frame_150 pair 224 [14, 15] combined 0 players 0 retained 0 seconds 0.010985294124111533
am2_window_00_frame_150 pair 227 [15, 2] combined 0 players 0 retained 0 seconds 0.08249829802662134
am2_window_00_frame_150 pair 230 [15, 5] combined 0 players 0 retained 0 seconds 0.007721545873209834
am2_window_00_frame_150 pair 232 [15, 7] combined 0 players 0 retained 0 seconds 0.015451028011739254
am2_window_00_frame_150 pair 238 [15, 13] combined 0 players 0 retained 0 seconds 0.0054182931780815125
am2_window_00_frame_150 pair 239 [15, 14] combined 0 players 0 retained 0 seconds 0.006405944004654884
am2_window_00_frame_150 R generated pooled 25853 entries 256 winners 30:22 30:92 seconds 1154.3
am2_window_00_frame_150 exact final-evaluation replay passed
am2_window_00_frame_150 exact selection replay passed
am2_window_00_frame_150 exact final-evaluation replay passed
am2_window_00_frame_150 exact selection replay passed
am2_window_00_frame_150 full evidence 0 of 824 seconds 4.692934453487396e-06
am2_window_00_frame_150 full evidence 512 of 824 seconds 28.191514706006274
am2_window_00_frame_150 R complete {'case_id': 'am2_window_00_frame_150', 'arm': 'R', 'status': 'generated', 'generation_s': 1154.3494554369245, 'camera_first_s': 29.23325616493821, 'all_camera_s': 60.320421647047624, 'entries': {'results': 256, 'camera_first': 256, 'all_camera': 1080}, 'winners': {'results': ('30:22', '30:92'), 'camera_first': ('30:22', '30:92'), 'all_camera': ('30:22', '30:92')}}
am2_window_01_frame_28019 pair 0 [0, 1] combined 262144 players 6866 retained 256 seconds 40.70954934693873
am2_window_01_frame_28019 pair 4 [0, 5] combined 51200 players 1142 retained 256 seconds 8.230408851057291
am2_window_01_frame_28019 pair 5 [0, 6] combined 44032 players 4720 retained 256 seconds 7.284818538930267
am2_window_01_frame_28019 pair 10 [0, 11] combined 262144 players 8064 retained 256 seconds 40.055882222019136
am2_window_01_frame_28019 pair 13 [0, 14] combined 4096 players 52 retained 26 seconds 1.135311326943338
am2_window_01_frame_28019 pair 15 [1, 0] combined 262144 players 7864 retained 256 seconds 40.89515779702924
am2_window_01_frame_28019 pair 16 [1, 2] combined 262144 players 28164 retained 256 seconds 40.862068763934076
am2_window_01_frame_28019 pair 18 [1, 4] combined 262144 players 5752 retained 256 seconds 39.82657053298317
am2_window_01_frame_28019 pair 19 [1, 5] combined 36864 players 8594 retained 256 seconds 5.920020543970168
am2_window_01_frame_28019 pair 20 [1, 6] combined 37888 players 6252 retained 256 seconds 6.0638949039857835
am2_window_01_frame_28019 pair 21 [1, 7] combined 262144 players 1074 retained 256 seconds 40.04118724586442
am2_window_01_frame_28019 pair 22 [1, 8] combined 192512 players 47252 retained 256 seconds 30.006162944016978
am2_window_01_frame_28019 pair 24 [1, 10] combined 47104 players 8126 retained 256 seconds 7.5096589049790055
am2_window_01_frame_28019 pair 27 [1, 13] combined 6144 players 578 retained 196 seconds 1.1582848830148578
am2_window_01_frame_28019 pair 31 [2, 1] combined 262144 players 8398 retained 256 seconds 40.01011724001728
am2_window_01_frame_28019 pair 34 [2, 5] combined 39936 players 2120 retained 256 seconds 6.406542188022286
am2_window_01_frame_28019 pair 35 [2, 6] combined 41984 players 10820 retained 256 seconds 6.956051438814029
am2_window_01_frame_28019 pair 40 [2, 11] combined 261120 players 10238 retained 256 seconds 39.35667319688946
am2_window_01_frame_28019 pair 43 [2, 14] combined 3072 players 236 retained 115 seconds 0.8416231349110603
am2_window_01_frame_28019 pair 48 [3, 4] combined 141312 players 9054 retained 256 seconds 21.315474552102387
am2_window_01_frame_28019 pair 49 [3, 5] combined 21120 players 3288 retained 256 seconds 3.3126803550403565
am2_window_01_frame_28019 pair 50 [3, 6] combined 18860 players 978 retained 256 seconds 2.873447234975174
am2_window_01_frame_28019 pair 52 [3, 8] combined 89600 players 7484 retained 256 seconds 13.641204218845814
am2_window_01_frame_28019 pair 54 [3, 10] combined 37440 players 3048 retained 256 seconds 5.805681106867269
am2_window_01_frame_28019 pair 57 [3, 13] combined 2160 players 246 retained 120 seconds 0.3571494829375297
am2_window_01_frame_28019 pair 61 [4, 1] combined 262144 players 10428 retained 256 seconds 39.915322799934074
am2_window_01_frame_28019 pair 63 [4, 3] combined 160768 players 7784 retained 256 seconds 24.249468181980774
am2_window_01_frame_28019 pair 64 [4, 5] combined 26624 players 8556 retained 256 seconds 4.33106900495477
am2_window_01_frame_28019 pair 65 [4, 6] combined 24576 players 5532 retained 256 seconds 3.912533472990617
am2_window_01_frame_28019 pair 68 [4, 9] combined 262144 players 26252 retained 256 seconds 39.99910106812604
am2_window_01_frame_28019 pair 70 [4, 11] combined 262144 players 12224 retained 256 seconds 39.78014716715552
am2_window_01_frame_28019 pair 71 [4, 12] combined 251904 players 6116 retained 256 seconds 38.98717719386332
am2_window_01_frame_28019 pair 73 [4, 14] combined 5120 players 534 retained 256 seconds 0.8749262760393322
am2_window_01_frame_28019 pair 75 [5, 0] combined 102400 players 13770 retained 256 seconds 16.03661232208833
am2_window_01_frame_28019 pair 76 [5, 1] combined 69632 players 19886 retained 256 seconds 11.10454361489974
am2_window_01_frame_28019 pair 77 [5, 2] combined 51200 players 13566 retained 256 seconds 8.40773860597983
am2_window_01_frame_28019 pair 78 [5, 3] combined 20252 players 3162 retained 256 seconds 3.1441408209502697
am2_window_01_frame_28019 pair 79 [5, 4] combined 57344 players 19742 retained 256 seconds 9.246132371015847
am2_window_01_frame_28019 pair 81 [5, 7] combined 95232 players 10226 retained 256 seconds 14.69235587096773
am2_window_01_frame_28019 pair 82 [5, 8] combined 57600 players 19940 retained 256 seconds 9.305207981029525
am2_window_01_frame_28019 pair 83 [5, 9] combined 82944 players 8942 retained 256 seconds 12.860082034021616
am2_window_01_frame_28019 pair 85 [5, 11] combined 37548 players 2496 retained 256 seconds 5.744627934880555
am2_window_01_frame_28019 pair 86 [5, 12] combined 41796 players 4500 retained 256 seconds 6.571240562014282
am2_window_01_frame_28019 pair 89 [5, 15] combined 3392 players 264 retained 132 seconds 0.5445172488689423
am2_window_01_frame_28019 pair 90 [6, 0] combined 73728 players 18544 retained 256 seconds 11.922022074926645
am2_window_01_frame_28019 pair 91 [6, 1] combined 68608 players 15774 retained 256 seconds 10.941510370001197
am2_window_01_frame_28019 pair 92 [6, 2] combined 62464 players 16758 retained 256 seconds 10.185663860058412
am2_window_01_frame_28019 pair 93 [6, 3] combined 26180 players 1018 retained 256 seconds 3.981420649914071
am2_window_01_frame_28019 pair 94 [6, 4] combined 60416 players 20628 retained 256 seconds 9.723795179044828
am2_window_01_frame_28019 pair 96 [6, 7] combined 34816 players 12478 retained 256 seconds 5.7516929970588535
am2_window_01_frame_28019 pair 97 [6, 8] combined 35100 players 12916 retained 256 seconds 5.776514739962295
am2_window_01_frame_28019 pair 98 [6, 9] combined 78848 players 2880 retained 256 seconds 12.093275015009567
am2_window_01_frame_28019 pair 100 [6, 11] combined 35380 players 1386 retained 256 seconds 5.398803756106645
am2_window_01_frame_28019 pair 101 [6, 12] combined 40296 players 2178 retained 256 seconds 6.192545489175245
am2_window_01_frame_28019 pair 104 [6, 15] combined 1024 players 56 retained 28 seconds 0.1781402851920575
am2_window_01_frame_28019 pair 106 [7, 1] combined 262144 players 2976 retained 256 seconds 39.98360860906541
am2_window_01_frame_28019 pair 110 [7, 5] combined 51200 players 814 retained 256 seconds 7.910317786037922
am2_window_01_frame_28019 pair 111 [7, 6] combined 49152 players 8460 retained 256 seconds 7.6485977889969945
am2_window_01_frame_28019 pair 115 [7, 11] combined 183296 players 17842 retained 256 seconds 28.777979247039184
am2_window_01_frame_28019 pair 121 [8, 1] combined 262144 players 62550 retained 256 seconds 41.06450734497048
am2_window_01_frame_28019 pair 123 [8, 3] combined 99792 players 19056 retained 256 seconds 15.41788261407055
am2_window_01_frame_28019 pair 125 [8, 5] combined 39936 players 8728 retained 256 seconds 6.380902339937165
am2_window_01_frame_28019 pair 126 [8, 6] combined 24576 players 2010 retained 256 seconds 3.8320649308152497
am2_window_01_frame_28019 pair 130 [8, 11] combined 109648 players 18734 retained 256 seconds 16.982744078850374
am2_window_01_frame_28019 pair 132 [8, 13] combined 5120 players 536 retained 256 seconds 0.870077186031267
am2_window_01_frame_28019 pair 133 [8, 14] combined 2048 players 2 retained 1 seconds 0.3684786120429635
am2_window_01_frame_28019 pair 139 [9, 4] combined 262144 players 26386 retained 256 seconds 39.72888316307217
am2_window_01_frame_28019 pair 140 [9, 5] combined 36864 players 1364 retained 256 seconds 5.813747747102752
am2_window_01_frame_28019 pair 141 [9, 6] combined 54272 players 1720 retained 256 seconds 8.282800033921376
am2_window_01_frame_28019 pair 144 [9, 10] combined 64512 players 430 retained 215 seconds 9.862005369970575
am2_window_01_frame_28019 pair 147 [9, 13] combined 2048 players 606 retained 256 seconds 0.3898757470306009
am2_window_01_frame_28019 pair 151 [10, 1] combined 67584 players 12850 retained 256 seconds 10.543570511043072
am2_window_01_frame_28019 pair 153 [10, 3] combined 53760 players 1652 retained 256 seconds 8.326343252090737
am2_window_01_frame_28019 pair 159 [10, 9] combined 133120 players 2722 retained 256 seconds 20.47164228395559
am2_window_01_frame_28019 pair 160 [10, 11] combined 49632 players 2196 retained 256 seconds 7.506776376860216
am2_window_01_frame_28019 pair 161 [10, 12] combined 54756 players 2422 retained 256 seconds 8.426311559975147
am2_window_01_frame_28019 pair 164 [10, 15] combined 2640 players 244 retained 122 seconds 0.44279993302188814
am2_window_01_frame_28019 pair 165 [11, 0] combined 210944 players 446 retained 197 seconds 31.94663446303457
am2_window_01_frame_28019 pair 167 [11, 2] combined 223232 players 3800 retained 256 seconds 33.46004470391199
am2_window_01_frame_28019 pair 169 [11, 4] combined 208896 players 12052 retained 256 seconds 31.367976942798123
am2_window_01_frame_28019 pair 170 [11, 5] combined 20212 players 4278 retained 256 seconds 3.2192825749516487
am2_window_01_frame_28019 pair 171 [11, 6] combined 24168 players 2382 retained 256 seconds 3.784565993119031
am2_window_01_frame_28019 pair 172 [11, 7] combined 262144 players 37126 retained 256 seconds 41.294650804949924
am2_window_01_frame_28019 pair 173 [11, 8] combined 104652 players 24530 retained 256 seconds 16.47476716618985
am2_window_01_frame_28019 pair 175 [11, 10] combined 25536 players 7268 retained 256 seconds 4.081534974044189
am2_window_01_frame_28019 pair 177 [11, 13] combined 3864 players 0 retained 0 seconds 0.627257222076878
am2_window_01_frame_28019 pair 184 [12, 4] combined 262144 players 5394 retained 256 seconds 40.42370675690472
am2_window_01_frame_28019 pair 185 [12, 5] combined 41220 players 1772 retained 256 seconds 6.379106238018721
am2_window_01_frame_28019 pair 186 [12, 6] combined 43608 players 272 retained 117 seconds 6.62478506215848
am2_window_01_frame_28019 pair 190 [12, 10] combined 40368 players 552 retained 256 seconds 6.211485972860828
am2_window_01_frame_28019 pair 196 [13, 1] combined 11264 players 2408 retained 256 seconds 1.8838345408439636
am2_window_01_frame_28019 pair 198 [13, 3] combined 3240 players 234 retained 116 seconds 0.5249599709641188
am2_window_01_frame_28019 pair 203 [13, 8] combined 14280 players 1648 retained 256 seconds 2.2536660709884018
am2_window_01_frame_28019 pair 204 [13, 9] combined 12288 players 1966 retained 256 seconds 2.077846286818385
am2_window_01_frame_28019 pair 206 [13, 11] combined 6028 players 120 retained 60 seconds 0.9412904179189354
am2_window_01_frame_28019 pair 209 [13, 15] combined 80 players 0 retained 0 seconds 0.016078230924904346
am2_window_01_frame_28019 pair 210 [14, 0] combined 6144 players 78 retained 44 seconds 1.215503147104755
am2_window_01_frame_28019 pair 212 [14, 2] combined 5120 players 106 retained 53 seconds 0.983674363931641
am2_window_01_frame_28019 pair 214 [14, 4] combined 3072 players 890 retained 256 seconds 0.5397741340566427
am2_window_01_frame_28019 pair 218 [14, 8] combined 1728 players 68 retained 34 seconds 0.30061838612891734
am2_window_01_frame_28019 pair 230 [15, 5] combined 2592 players 0 retained 0 seconds 0.400022747926414
am2_window_01_frame_28019 pair 231 [15, 6] combined 2520 players 40 retained 20 seconds 0.39718044083565474
am2_window_01_frame_28019 pair 235 [15, 10] combined 960 players 0 retained 0 seconds 0.15195319009944797
am2_window_01_frame_28019 pair 238 [15, 13] combined 280 players 0 retained 0 seconds 0.043822071980684996
am2_window_01_frame_28019 R generated pooled 22588 entries 256 winners 15:41 15:2141 seconds 1366.8
am2_window_01_frame_28019 exact final-evaluation replay passed
am2_window_01_frame_28019 exact selection replay passed
am2_window_01_frame_28019 exact final-evaluation replay passed
am2_window_01_frame_28019 exact selection replay passed
am2_window_01_frame_28019 full evidence 0 of 1244 seconds 2.734130248427391e-06
am2_window_01_frame_28019 full evidence 512 of 1244 seconds 27.157089461106807
am2_window_01_frame_28019 full evidence 1024 of 1244 seconds 51.804522874066606
am2_window_01_frame_28019 R complete {'case_id': 'am2_window_01_frame_28019', 'arm': 'R', 'status': 'generated', 'generation_s': 1366.7517132130452, 'camera_first_s': 27.097565741976723, 'all_camera_s': 79.4984157900326, 'entries': {'results': 256, 'camera_first': 256, 'all_camera': 1500}, 'winners': {'results': ('15:41', '15:2141'), 'camera_first': ('15:41', '15:2141'), 'all_camera': ('15:41', '15:2141')}}
am3_window_00_frame_0 pair 0 [0, 1] combined 262144 players 61108 retained 256 seconds 20.08059589797631
am3_window_00_frame_0 pair 1 [0, 2] combined 262144 players 34968 retained 256 seconds 19.198597711045295
am3_window_00_frame_0 pair 3 [0, 4] combined 29696 players 6694 retained 256 seconds 4.376326443860307
am3_window_00_frame_0 pair 6 [0, 7] combined 262144 players 69036 retained 256 seconds 19.998700971947983
am3_window_00_frame_0 pair 7 [0, 8] combined 262144 players 16612 retained 256 seconds 18.91586961201392
am3_window_00_frame_0 pair 15 [1, 0] combined 262144 players 59658 retained 256 seconds 19.288785343058407
am3_window_00_frame_0 pair 16 [1, 2] combined 262144 players 92820 retained 256 seconds 19.012946491129696
am3_window_00_frame_0 pair 17 [1, 3] combined 262144 players 60062 retained 256 seconds 19.80967432912439
am3_window_00_frame_0 pair 19 [1, 5] combined 203776 players 86130 retained 256 seconds 15.049056688090786
am3_window_00_frame_0 pair 20 [1, 6] combined 262144 players 82876 retained 256 seconds 18.779312137980014
am3_window_00_frame_0 pair 23 [1, 9] combined 4096 players 220 retained 110 seconds 0.7589901741594076
am3_window_00_frame_0 pair 24 [1, 10] combined 145408 players 19130 retained 256 seconds 9.733419385040179
am3_window_00_frame_0 pair 25 [1, 11] combined 2048 players 40 retained 20 seconds 0.6094995811581612
am3_window_00_frame_0 pair 27 [1, 13] combined 262144 players 58296 retained 256 seconds 19.3591440259479
am3_window_00_frame_0 pair 28 [1, 14] combined 262144 players 64424 retained 256 seconds 19.484386081108823
am3_window_00_frame_0 pair 29 [1, 15] combined 262144 players 61680 retained 256 seconds 19.588664743117988
am3_window_00_frame_0 pair 30 [2, 0] combined 262144 players 31452 retained 256 seconds 18.385051631135866
am3_window_00_frame_0 pair 31 [2, 1] combined 262144 players 84870 retained 256 seconds 18.646284469868988
am3_window_00_frame_0 pair 32 [2, 3] combined 262144 players 32614 retained 256 seconds 18.15519064012915
am3_window_00_frame_0 pair 33 [2, 4] combined 46080 players 18532 retained 256 seconds 3.3944974939804524
am3_window_00_frame_0 pair 34 [2, 5] combined 262144 players 3556 retained 256 seconds 16.32915622019209
am3_window_00_frame_0 pair 35 [2, 6] combined 262144 players 4310 retained 256 seconds 16.520113821839914
am3_window_00_frame_0 pair 36 [2, 7] combined 253952 players 55222 retained 256 seconds 17.05106823798269
am3_window_00_frame_0 pair 39 [2, 10] combined 166912 players 68 retained 33 seconds 10.560889995889738
am3_window_00_frame_0 pair 41 [2, 12] combined 26624 players 412 retained 206 seconds 1.829570092028007
am3_window_00_frame_0 pair 42 [2, 13] combined 262144 players 35306 retained 256 seconds 18.42400963185355
am3_window_00_frame_0 pair 43 [2, 14] combined 262144 players 32628 retained 256 seconds 18.27881531510502
am3_window_00_frame_0 pair 44 [2, 15] combined 262144 players 31964 retained 256 seconds 18.26547156390734
am3_window_00_frame_0 pair 46 [3, 1] combined 262144 players 48030 retained 256 seconds 19.526763901114464
am3_window_00_frame_0 pair 47 [3, 2] combined 262144 players 26854 retained 256 seconds 18.59052239987068
am3_window_00_frame_0 pair 48 [3, 4] combined 24576 players 4328 retained 256 seconds 3.5183263970538974
am3_window_00_frame_0 pair 51 [3, 7] combined 262144 players 72522 retained 256 seconds 19.688739629928023
am3_window_00_frame_0 pair 52 [3, 8] combined 262144 players 37138 retained 256 seconds 18.950276696123183
am3_window_00_frame_0 pair 60 [4, 0] combined 32768 players 3924 retained 256 seconds 3.454074773006141
am3_window_00_frame_0 pair 62 [4, 2] combined 53248 players 18572 retained 256 seconds 3.8476014451589435
am3_window_00_frame_0 pair 63 [4, 3] combined 29696 players 3192 retained 256 seconds 2.9821377978660166
am3_window_00_frame_0 pair 64 [4, 5] combined 22272 players 6456 retained 256 seconds 1.5183544710744172
am3_window_00_frame_0 pair 68 [4, 9] combined 3168 players 36 retained 18 seconds 0.21291293110698462
am3_window_00_frame_0 pair 70 [4, 11] combined 0 players 0 retained 0 seconds 0.011510221986100078
am3_window_00_frame_0 pair 72 [4, 13] combined 29696 players 3406 retained 256 seconds 3.304616543930024
am3_window_00_frame_0 pair 73 [4, 14] combined 28672 players 3368 retained 256 seconds 3.0491823269985616
am3_window_00_frame_0 pair 74 [4, 15] combined 36864 players 3380 retained 256 seconds 3.512998976977542
am3_window_00_frame_0 pair 76 [5, 1] combined 95232 players 23448 retained 256 seconds 6.753825769061223
am3_window_00_frame_0 pair 77 [5, 2] combined 218112 players 1794 retained 256 seconds 13.615461602807045
am3_window_00_frame_0 pair 79 [5, 4] combined 20592 players 8124 retained 256 seconds 1.5509808647911996
am3_window_00_frame_0 pair 81 [5, 7] combined 95232 players 4646 retained 256 seconds 5.909898628946394
am3_window_00_frame_0 pair 82 [5, 8] combined 251904 players 6526 retained 256 seconds 15.674651304027066
am3_window_00_frame_0 pair 91 [6, 1] combined 262144 players 29388 retained 256 seconds 17.034606212982908
am3_window_00_frame_0 pair 92 [6, 2] combined 262144 players 1866 retained 256 seconds 16.496267815120518
am3_window_00_frame_0 pair 96 [6, 7] combined 262144 players 8448 retained 256 seconds 16.17723097698763
am3_window_00_frame_0 pair 97 [6, 8] combined 261120 players 11032 retained 256 seconds 16.396476162830368
am3_window_00_frame_0 pair 105 [7, 0] combined 262144 players 23730 retained 256 seconds 18.08100822707638
am3_window_00_frame_0 pair 107 [7, 2] combined 262144 players 96630 retained 256 seconds 18.925785993924364
am3_window_00_frame_0 pair 108 [7, 3] combined 262144 players 26184 retained 256 seconds 17.75105845509097
am3_window_00_frame_0 pair 110 [7, 5] combined 202752 players 14040 retained 256 seconds 12.739166049985215
am3_window_00_frame_0 pair 111 [7, 6] combined 237568 players 13952 retained 256 seconds 14.759611865039915
am3_window_00_frame_0 pair 113 [7, 9] combined 3920 players 636 retained 256 seconds 0.33611170994117856
am3_window_00_frame_0 pair 114 [7, 10] combined 142336 players 1356 retained 256 seconds 8.727203082991764
am3_window_00_frame_0 pair 115 [7, 11] combined 0 players 0 retained 0 seconds 0.05128862080164254
am3_window_00_frame_0 pair 116 [7, 12] combined 53248 players 314 retained 157 seconds 3.31497915298678
am3_window_00_frame_0 pair 117 [7, 13] combined 262144 players 23462 retained 256 seconds 18.145621629897505
am3_window_00_frame_0 pair 118 [7, 14] combined 262144 players 23696 retained 256 seconds 18.016149589093402
am3_window_00_frame_0 pair 119 [7, 15] combined 262144 players 22032 retained 256 seconds 17.926575039047748
am3_window_00_frame_0 pair 120 [8, 0] combined 262144 players 14320 retained 256 seconds 18.021393940085545
am3_window_00_frame_0 pair 123 [8, 3] combined 262144 players 16938 retained 256 seconds 17.964578300947323
am3_window_00_frame_0 pair 125 [8, 5] combined 242688 players 3522 retained 256 seconds 15.096410491969436
am3_window_00_frame_0 pair 126 [8, 6] combined 262144 players 13256 retained 256 seconds 16.51741728093475
am3_window_00_frame_0 pair 129 [8, 10] combined 166912 players 2100 retained 256 seconds 10.306268329033628
am3_window_00_frame_0 pair 131 [8, 12] combined 39936 players 632 retained 256 seconds 2.487551335943863
am3_window_00_frame_0 pair 132 [8, 13] combined 262144 players 16722 retained 256 seconds 18.193034099880606
am3_window_00_frame_0 pair 133 [8, 14] combined 262144 players 21586 retained 256 seconds 18.129288356984034
am3_window_00_frame_0 pair 134 [8, 15] combined 262144 players 16180 retained 256 seconds 17.83245562389493
am3_window_00_frame_0 pair 136 [9, 1] combined 4096 players 0 retained 0 seconds 0.5060649870429188
am3_window_00_frame_0 pair 139 [9, 4] combined 212 players 22 retained 11 seconds 0.02999865892343223
am3_window_00_frame_0 pair 142 [9, 7] combined 6144 players 42 retained 21 seconds 0.4159054481424391
am3_window_00_frame_0 pair 151 [10, 1] combined 110592 players 18878 retained 256 seconds 7.5226297080516815
am3_window_00_frame_0 pair 152 [10, 2] combined 152576 players 1890 retained 256 seconds 9.599703567102551
am3_window_00_frame_0 pair 157 [10, 7] combined 110592 players 2594 retained 256 seconds 6.809657257050276
am3_window_00_frame_0 pair 158 [10, 8] combined 163840 players 2380 retained 256 seconds 10.229507539886981
am3_window_00_frame_0 pair 166 [11, 1] combined 0 players 0 retained 0 seconds 0.2537849408108741
am3_window_00_frame_0 pair 169 [11, 4] combined 344 players 2 retained 1 seconds 0.037221327889710665
am3_window_00_frame_0 pair 172 [11, 7] combined 0 players 0 retained 0 seconds 0.02834978816099465
am3_window_00_frame_0 pair 182 [12, 2] combined 25600 players 1124 retained 256 seconds 1.7041654030326754
am3_window_00_frame_0 pair 187 [12, 7] combined 64512 players 900 retained 256 seconds 3.958542197011411
am3_window_00_frame_0 pair 188 [12, 8] combined 63488 players 1866 retained 256 seconds 3.9549600961618125
am3_window_00_frame_0 pair 196 [13, 1] combined 262144 players 60114 retained 256 seconds 20.25380920409225
am3_window_00_frame_0 pair 197 [13, 2] combined 262144 players 39398 retained 256 seconds 19.36515971389599
am3_window_00_frame_0 pair 199 [13, 4] combined 26624 players 5704 retained 256 seconds 4.329674545908347
am3_window_00_frame_0 pair 202 [13, 7] combined 262144 players 71942 retained 256 seconds 20.0721023818478
am3_window_00_frame_0 pair 203 [13, 8] combined 262144 players 28532 retained 256 seconds 19.223904215963557
am3_window_00_frame_0 pair 211 [14, 1] combined 262144 players 57798 retained 256 seconds 19.886515770107508
am3_window_00_frame_0 pair 212 [14, 2] combined 262144 players 35000 retained 256 seconds 19.10847841296345
am3_window_00_frame_0 pair 214 [14, 4] combined 23552 players 4900 retained 256 seconds 3.935753681929782
am3_window_00_frame_0 pair 217 [14, 7] combined 262144 players 75970 retained 256 seconds 20.0329117749352
am3_window_00_frame_0 pair 218 [14, 8] combined 262144 players 39942 retained 256 seconds 19.25574065418914
am3_window_00_frame_0 pair 226 [15, 1] combined 262144 players 76958 retained 256 seconds 20.490571771981195
am3_window_00_frame_0 pair 227 [15, 2] combined 262144 players 33208 retained 256 seconds 18.724811220075935
am3_window_00_frame_0 pair 229 [15, 4] combined 35840 players 10520 retained 256 seconds 4.73116272315383
am3_window_00_frame_0 pair 232 [15, 7] combined 262144 players 75838 retained 256 seconds 20.00278680608608
am3_window_00_frame_0 pair 233 [15, 8] combined 262144 players 21368 retained 256 seconds 18.454527717083693
am3_window_00_frame_0 R generated pooled 22593 entries 256 winners 32:2640 43:13964 seconds 1231.1
am3_window_00_frame_0 exact final-evaluation replay passed
am3_window_00_frame_0 exact selection replay passed
am3_window_00_frame_0 exact final-evaluation replay passed
am3_window_00_frame_0 exact selection replay passed
am3_window_00_frame_0 full evidence 0 of 1861 seconds 4.558125510811806e-06
am3_window_00_frame_0 full evidence 512 of 1861 seconds 36.619284263113514
am3_window_00_frame_0 full evidence 1024 of 1861 seconds 71.90258049592376
am3_window_00_frame_0 full evidence 1536 of 1861 seconds 108.3197099219542
am3_window_00_frame_0 R complete {'case_id': 'am3_window_00_frame_0', 'arm': 'R', 'status': 'generated', 'generation_s': 1231.1000146381557, 'camera_first_s': 40.19585813698359, 'all_camera_s': 151.58519645011984, 'entries': {'results': 256, 'camera_first': 256, 'all_camera': 2117}, 'winners': {'results': ('32:2640', '43:13964'), 'camera_first': ('32:2640', '43:15109'), 'all_camera': ('32:2640', '43:15109')}}
shuttleset_03_scene_0017 pair 0 [0, 1] combined 262144 players 77296 retained 256 seconds 5.459110287949443
shuttleset_03_scene_0017 pair 1 [0, 2] combined 262144 players 87962 retained 256 seconds 5.497288693906739
shuttleset_03_scene_0017 pair 2 [0, 3] combined 262144 players 86214 retained 256 seconds 4.632789932191372
shuttleset_03_scene_0017 pair 4 [0, 5] combined 256000 players 80660 retained 256 seconds 4.389743919949979
shuttleset_03_scene_0017 pair 5 [0, 6] combined 262144 players 68692 retained 256 seconds 4.2408180381171405
shuttleset_03_scene_0017 pair 9 [0, 10] combined 262144 players 68768 retained 256 seconds 4.093836240004748
shuttleset_03_scene_0017 pair 11 [0, 12] combined 32768 players 9672 retained 256 seconds 1.678206424927339
shuttleset_03_scene_0017 pair 13 [0, 14] combined 28672 players 7058 retained 256 seconds 1.459540385985747
shuttleset_03_scene_0017 pair 14 [0, 15] combined 5120 players 904 retained 256 seconds 1.214010809082538
shuttleset_03_scene_0017 pair 15 [1, 0] combined 262144 players 94612 retained 256 seconds 4.597811057930812
shuttleset_03_scene_0017 pair 16 [1, 2] combined 262144 players 7396 retained 256 seconds 1.6688116190489382
shuttleset_03_scene_0017 pair 18 [1, 4] combined 262144 players 77980 retained 256 seconds 3.6045113019645214
shuttleset_03_scene_0017 pair 21 [1, 7] combined 262144 players 80156 retained 256 seconds 3.5889535038731992
shuttleset_03_scene_0017 pair 22 [1, 8] combined 75776 players 17208 retained 256 seconds 1.2088943829294294
shuttleset_03_scene_0017 pair 25 [1, 11] combined 64512 players 13058 retained 256 seconds 0.8995232828892767
shuttleset_03_scene_0017 pair 26 [1, 12] combined 59392 players 4780 retained 256 seconds 0.701610584044829
shuttleset_03_scene_0017 pair 28 [1, 14] combined 69632 players 5162 retained 256 seconds 0.7422418869100511
shuttleset_03_scene_0017 pair 29 [1, 15] combined 37888 players 4048 retained 256 seconds 0.6286222999915481
shuttleset_03_scene_0017 pair 30 [2, 0] combined 262144 players 111626 retained 256 seconds 4.711813616100699
shuttleset_03_scene_0017 pair 31 [2, 1] combined 202752 players 6270 retained 256 seconds 1.2833584300242364
shuttleset_03_scene_0017 pair 34 [2, 5] combined 262144 players 1444 retained 256 seconds 1.2761581148952246
shuttleset_03_scene_0017 pair 35 [2, 6] combined 262144 players 7408 retained 256 seconds 1.4569595709908754
shuttleset_03_scene_0017 pair 39 [2, 10] combined 262144 players 7122 retained 256 seconds 1.3960793479345739
shuttleset_03_scene_0017 pair 42 [2, 13] combined 88064 players 20704 retained 256 seconds 0.9995375950820744
shuttleset_03_scene_0017 pair 45 [3, 0] combined 262144 players 86084 retained 256 seconds 4.249268237967044
shuttleset_03_scene_0017 pair 48 [3, 4] combined 262144 players 75200 retained 256 seconds 3.5206596630159765
shuttleset_03_scene_0017 pair 49 [3, 5] combined 262144 players 15034 retained 256 seconds 1.6915311738848686
shuttleset_03_scene_0017 pair 50 [3, 6] combined 262144 players 1706 retained 256 seconds 1.391110328026116
shuttleset_03_scene_0017 pair 51 [3, 7] combined 262144 players 59192 retained 256 seconds 3.0223387670703232
shuttleset_03_scene_0017 pair 53 [3, 9] combined 76800 players 12834 retained 256 seconds 0.7784311911091208
shuttleset_03_scene_0017 pair 54 [3, 10] combined 262144 players 3296 retained 256 seconds 1.4916416760534048
shuttleset_03_scene_0017 pair 57 [3, 13] combined 95232 players 22494 retained 256 seconds 1.11889856797643
shuttleset_03_scene_0017 pair 61 [4, 1] combined 262144 players 64122 retained 256 seconds 3.268942778930068
shuttleset_03_scene_0017 pair 63 [4, 3] combined 262144 players 59104 retained 256 seconds 3.1595805541146547
shuttleset_03_scene_0017 pair 64 [4, 5] combined 238592 players 64726 retained 256 seconds 3.103852555854246
shuttleset_03_scene_0017 pair 65 [4, 6] combined 262144 players 59006 retained 256 seconds 2.874284198973328
shuttleset_03_scene_0017 pair 66 [4, 7] combined 262144 players 3402 retained 256 seconds 1.431261053076014
shuttleset_03_scene_0017 pair 68 [4, 9] combined 118784 players 4430 retained 256 seconds 0.8959992539603263
shuttleset_03_scene_0017 pair 69 [4, 10] combined 262144 players 58964 retained 256 seconds 2.899371969047934
shuttleset_03_scene_0017 pair 72 [4, 13] combined 133120 players 9024 retained 256 seconds 0.9777941580396146
shuttleset_03_scene_0017 pair 73 [4, 14] combined 25600 players 4750 retained 256 seconds 0.39035193203017116
shuttleset_03_scene_0017 pair 74 [4, 15] combined 7168 players 1628 retained 256 seconds 0.31032982910983264
shuttleset_03_scene_0017 pair 75 [5, 0] combined 262144 players 93788 retained 256 seconds 4.46530601195991
shuttleset_03_scene_0017 pair 77 [5, 2] combined 262144 players 5474 retained 256 seconds 1.391361738089472
shuttleset_03_scene_0017 pair 78 [5, 3] combined 262144 players 1874 retained 256 seconds 1.3402254260145128
shuttleset_03_scene_0017 pair 79 [5, 4] combined 262144 players 75104 retained 256 seconds 3.536867202958092
shuttleset_03_scene_0017 pair 82 [5, 8] combined 36864 players 470 retained 235 seconds 0.2638062951155007
shuttleset_03_scene_0017 pair 85 [5, 11] combined 82944 players 9008 retained 256 seconds 0.6121134380809963
shuttleset_03_scene_0017 pair 86 [5, 12] combined 52224 players 326 retained 164 seconds 0.29154931916855276
shuttleset_03_scene_0017 pair 88 [5, 14] combined 71680 players 1430 retained 256 seconds 0.4079981171526015
shuttleset_03_scene_0017 pair 89 [5, 15] combined 25600 players 794 retained 256 seconds 0.18407540279440582
shuttleset_03_scene_0017 pair 90 [6, 0] combined 262144 players 94724 retained 256 seconds 4.575061937095597
shuttleset_03_scene_0017 pair 92 [6, 2] combined 262144 players 3540 retained 256 seconds 1.3764764200896025
shuttleset_03_scene_0017 pair 93 [6, 3] combined 262144 players 3198 retained 256 seconds 1.393539270851761
shuttleset_03_scene_0017 pair 94 [6, 4] combined 262144 players 82320 retained 256 seconds 3.584514271002263
shuttleset_03_scene_0017 pair 96 [6, 7] combined 262144 players 73016 retained 256 seconds 3.631317364051938
shuttleset_03_scene_0017 pair 97 [6, 8] combined 46080 players 3026 retained 256 seconds 0.6118062569294125
shuttleset_03_scene_0017 pair 100 [6, 11] combined 81920 players 18942 retained 256 seconds 1.0274805359076709
shuttleset_03_scene_0017 pair 101 [6, 12] combined 39936 players 352 retained 178 seconds 0.2723146479111165
shuttleset_03_scene_0017 pair 103 [6, 14] combined 45056 players 466 retained 233 seconds 0.29278388200327754
shuttleset_03_scene_0017 pair 104 [6, 15] combined 34816 players 720 retained 256 seconds 0.2488599990028888
shuttleset_03_scene_0017 pair 106 [7, 1] combined 262144 players 77192 retained 256 seconds 3.5142418269533664
shuttleset_03_scene_0017 pair 108 [7, 3] combined 262144 players 74120 retained 256 seconds 3.447618540842086
shuttleset_03_scene_0017 pair 109 [7, 4] combined 262144 players 3300 retained 256 seconds 1.389043292030692
shuttleset_03_scene_0017 pair 111 [7, 6] combined 262144 players 70182 retained 256 seconds 3.079746700823307
shuttleset_03_scene_0017 pair 112 [7, 8] combined 51200 players 7216 retained 256 seconds 0.7071608330588788
shuttleset_03_scene_0017 pair 114 [7, 10] combined 253952 players 56514 retained 256 seconds 2.5919919977895916
shuttleset_03_scene_0017 pair 115 [7, 11] combined 262144 players 13678 retained 256 seconds 1.779150001006201
shuttleset_03_scene_0017 pair 116 [7, 12] combined 31744 players 7596 retained 256 seconds 0.35158006800338626
shuttleset_03_scene_0017 pair 121 [8, 1] combined 93184 players 17890 retained 256 seconds 0.9887769829947501
shuttleset_03_scene_0017 pair 125 [8, 5] combined 108544 players 3380 retained 256 seconds 0.77603086293675
shuttleset_03_scene_0017 pair 126 [8, 6] combined 71680 players 5214 retained 256 seconds 0.4904822101816535
shuttleset_03_scene_0017 pair 127 [8, 7] combined 59392 players 17952 retained 256 seconds 0.8372656300198287
shuttleset_03_scene_0017 pair 128 [8, 9] combined 23664 players 608 retained 256 seconds 0.16071920678950846
shuttleset_03_scene_0017 pair 129 [8, 10] combined 32768 players 5478 retained 256 seconds 0.301943012047559
shuttleset_03_scene_0017 pair 132 [8, 13] combined 19264 players 2796 retained 256 seconds 0.18271882901899517
shuttleset_03_scene_0017 pair 138 [9, 3] combined 107520 players 25162 retained 256 seconds 1.2504996960051358
shuttleset_03_scene_0017 pair 139 [9, 4] combined 80896 players 1076 retained 256 seconds 0.5142430360428989
shuttleset_03_scene_0017 pair 143 [9, 8] combined 30260 players 8100 retained 256 seconds 0.3407614938914776
shuttleset_03_scene_0017 pair 145 [9, 11] combined 111280 players 2558 retained 256 seconds 0.7246576428879052
shuttleset_03_scene_0017 pair 146 [9, 12] combined 16320 players 3498 retained 256 seconds 0.17666173703037202
shuttleset_03_scene_0017 pair 148 [9, 14] combined 13728 players 1342 retained 256 seconds 0.12167921592481434
shuttleset_03_scene_0017 pair 150 [10, 0] combined 262144 players 92202 retained 256 seconds 4.429480514954776
shuttleset_03_scene_0017 pair 152 [10, 2] combined 262144 players 8762 retained 256 seconds 1.455997128970921
shuttleset_03_scene_0017 pair 153 [10, 3] combined 262144 players 1370 retained 256 seconds 1.332966879941523
shuttleset_03_scene_0017 pair 154 [10, 4] combined 262144 players 77714 retained 256 seconds 3.573081796988845
shuttleset_03_scene_0017 pair 157 [10, 7] combined 262144 players 86498 retained 256 seconds 3.703075740020722
shuttleset_03_scene_0017 pair 158 [10, 8] combined 58320 players 10512 retained 256 seconds 0.5617485209368169
shuttleset_03_scene_0017 pair 160 [10, 11] combined 65536 players 9026 retained 256 seconds 0.541859463090077
shuttleset_03_scene_0017 pair 161 [10, 12] combined 57344 players 736 retained 256 seconds 0.32487453101202846
shuttleset_03_scene_0017 pair 163 [10, 14] combined 31744 players 0 retained 0 seconds 0.17014866298995912
shuttleset_03_scene_0017 pair 164 [10, 15] combined 30720 players 184 retained 92 seconds 0.18074089009314775
shuttleset_03_scene_0017 pair 166 [11, 1] combined 56320 players 17188 retained 256 seconds 0.9925344178918749
shuttleset_03_scene_0017 pair 170 [11, 5] combined 91136 players 4892 retained 256 seconds 0.5620412030257285
shuttleset_03_scene_0017 pair 171 [11, 6] combined 54272 players 13344 retained 256 seconds 0.589753275969997
shuttleset_03_scene_0017 pair 172 [11, 7] combined 262144 players 9798 retained 256 seconds 1.6228999448940158
shuttleset_03_scene_0017 pair 174 [11, 9] combined 74992 players 828 retained 256 seconds 0.38307741889730096
shuttleset_03_scene_0017 pair 175 [11, 10] combined 52224 players 15734 retained 256 seconds 0.6071295340079814
shuttleset_03_scene_0017 pair 177 [11, 13] combined 93280 players 1716 retained 256 seconds 0.6861273939721286
shuttleset_03_scene_0017 pair 180 [12, 0] combined 55296 players 17492 retained 256 seconds 1.294082849053666
shuttleset_03_scene_0017 pair 181 [12, 1] combined 70656 players 1434 retained 256 seconds 0.5555170029401779
shuttleset_03_scene_0017 pair 185 [12, 5] combined 65536 players 270 retained 136 seconds 0.3339592688716948
shuttleset_03_scene_0017 pair 186 [12, 6] combined 46080 players 348 retained 184 seconds 0.2656371761113405
shuttleset_03_scene_0017 pair 187 [12, 7] combined 55296 players 14468 retained 256 seconds 0.7705298499204218
shuttleset_03_scene_0017 pair 189 [12, 9] combined 14280 players 2776 retained 256 seconds 0.16185588506050408
shuttleset_03_scene_0017 pair 190 [12, 10] combined 72704 players 1210 retained 256 seconds 0.3879392009694129
shuttleset_03_scene_0017 pair 192 [12, 13] combined 18576 players 5324 retained 256 seconds 0.23451925604604185
shuttleset_03_scene_0017 pair 197 [13, 2] combined 124928 players 40502 retained 256 seconds 1.9863432249985635
shuttleset_03_scene_0017 pair 198 [13, 3] combined 135168 players 37834 retained 256 seconds 1.8318634468596429
shuttleset_03_scene_0017 pair 199 [13, 4] combined 120832 players 3304 retained 256 seconds 0.7424433310516179
shuttleset_03_scene_0017 pair 203 [13, 8] combined 26460 players 4850 retained 256 seconds 0.2688133050687611
shuttleset_03_scene_0017 pair 206 [13, 11] combined 138276 players 4528 retained 256 seconds 0.7491823039017618
shuttleset_03_scene_0017 pair 207 [13, 12] combined 20748 players 5878 retained 256 seconds 0.25651526893489063
shuttleset_03_scene_0017 pair 208 [13, 14] combined 17608 players 3930 retained 256 seconds 0.20318801398389041
shuttleset_03_scene_0017 pair 210 [14, 0] combined 29696 players 10256 retained 256 seconds 1.0404244780074805
shuttleset_03_scene_0017 pair 211 [14, 1] combined 43008 players 222 retained 111 seconds 0.3916905061341822
shuttleset_03_scene_0017 pair 214 [14, 4] combined 26624 players 8120 retained 256 seconds 0.5772061559837312
shuttleset_03_scene_0017 pair 215 [14, 5] combined 28672 players 30 retained 15 seconds 0.16309424489736557
shuttleset_03_scene_0017 pair 216 [14, 6] combined 36864 players 150 retained 77 seconds 0.21175137092359364
shuttleset_03_scene_0017 pair 219 [14, 9] combined 7600 players 482 retained 234 seconds 0.06941449106670916
shuttleset_03_scene_0017 pair 220 [14, 10] combined 35840 players 28 retained 14 seconds 0.18340560095384717
shuttleset_03_scene_0017 pair 223 [14, 13] combined 10528 players 1928 retained 256 seconds 0.11981309298425913
shuttleset_03_scene_0017 pair 225 [15, 0] combined 3072 players 1458 retained 256 seconds 0.7256219000555575
shuttleset_03_scene_0017 pair 226 [15, 1] combined 13312 players 0 retained 0 seconds 0.23586958483792841
shuttleset_03_scene_0017 pair 229 [15, 4] combined 4096 players 1384 retained 256 seconds 0.1605822998099029
shuttleset_03_scene_0017 pair 230 [15, 5] combined 6144 players 2 retained 2 seconds 0.05902149807661772
shuttleset_03_scene_0017 pair 231 [15, 6] combined 16384 players 32 retained 16 seconds 0.11789925186894834
shuttleset_03_scene_0017 pair 235 [15, 10] combined 17408 players 0 retained 0 seconds 0.09238939499482512
shuttleset_03_scene_0017 R generated pooled 30107 entries 256 winners 1:4 1:39 seconds 216.3
shuttleset_03_scene_0017 exact final-evaluation replay passed
shuttleset_03_scene_0017 exact selection replay passed
shuttleset_03_scene_0017 exact final-evaluation replay passed
shuttleset_03_scene_0017 exact selection replay passed
shuttleset_03_scene_0017 full evidence 0 of 2135 seconds 2.972083166241646e-06
shuttleset_03_scene_0017 full evidence 512 of 2135 seconds 48.13636790588498
shuttleset_03_scene_0017 full evidence 1024 of 2135 seconds 89.82419158704579
shuttleset_03_scene_0017 full evidence 1536 of 2135 seconds 134.92382320808247
shuttleset_03_scene_0017 full evidence 2048 of 2135 seconds 176.4361446108669
shuttleset_03_scene_0017 R complete {'case_id': 'shuttleset_03_scene_0017', 'arm': 'R', 'status': 'generated', 'generation_s': 216.30634870403446, 'camera_first_s': 28.719641715986654, 'all_camera_s': 209.27063491707668, 'entries': {'results': 256, 'camera_first': 256, 'all_camera': 2391}, 'winners': {'results': ('1:4', '1:39'), 'camera_first': ('1:4', '1:39'), 'all_camera': ('1:4', '1:39')}}
shuttleset_03_scene_0019 pair 0 [0, 1] combined 262144 players 89646 retained 256 seconds 4.6831791759468615
shuttleset_03_scene_0019 pair 1 [0, 2] combined 262144 players 78434 retained 256 seconds 4.509899388998747
shuttleset_03_scene_0019 pair 2 [0, 3] combined 220160 players 76590 retained 256 seconds 4.305439146934077
shuttleset_03_scene_0019 pair 4 [0, 5] combined 262144 players 84098 retained 256 seconds 4.687276406912133
shuttleset_03_scene_0019 pair 5 [0, 6] combined 259072 players 13818 retained 256 seconds 2.7606142880395055
shuttleset_03_scene_0019 pair 6 [0, 7] combined 172032 players 62878 retained 256 seconds 3.6051283271517605
shuttleset_03_scene_0019 pair 7 [0, 8] combined 262144 players 62322 retained 256 seconds 4.081197459017858
shuttleset_03_scene_0019 pair 8 [0, 9] combined 195584 players 58566 retained 256 seconds 3.710785783827305
shuttleset_03_scene_0019 pair 9 [0, 10] combined 262144 players 91938 retained 256 seconds 4.856539147906005
shuttleset_03_scene_0019 pair 10 [0, 11] combined 262144 players 66282 retained 256 seconds 4.254655989119783
shuttleset_03_scene_0019 pair 12 [0, 13] combined 1024 players 70 retained 34 seconds 1.341312384000048
shuttleset_03_scene_0019 pair 14 [0, 15] combined 33792 players 11438 retained 256 seconds 1.711332757025957
shuttleset_03_scene_0019 pair 15 [1, 0] combined 262144 players 103734 retained 256 seconds 4.539879941148683
shuttleset_03_scene_0019 pair 16 [1, 2] combined 262144 players 25216 retained 256 seconds 2.023666877998039
shuttleset_03_scene_0019 pair 18 [1, 4] combined 262144 players 73900 retained 256 seconds 3.2634588559158146
shuttleset_03_scene_0019 pair 20 [1, 6] combined 175104 players 39998 retained 256 seconds 1.8751872580032796
shuttleset_03_scene_0019 pair 21 [1, 7] combined 262144 players 15972 retained 256 seconds 1.697367921937257
shuttleset_03_scene_0019 pair 22 [1, 8] combined 150528 players 22956 retained 256 seconds 1.2942115189507604
shuttleset_03_scene_0019 pair 25 [1, 11] combined 212992 players 12156 retained 256 seconds 1.3668237868696451
shuttleset_03_scene_0019 pair 26 [1, 12] combined 5120 players 354 retained 165 seconds 0.11526894406415522
shuttleset_03_scene_0019 pair 27 [1, 13] combined 5120 players 786 retained 256 seconds 0.12133758398704231
shuttleset_03_scene_0019 pair 30 [2, 0] combined 262144 players 99320 retained 256 seconds 4.3914415570907295
shuttleset_03_scene_0019 pair 31 [2, 1] combined 262144 players 3232 retained 256 seconds 1.353359173052013
shuttleset_03_scene_0019 pair 32 [2, 3] combined 262144 players 1250 retained 256 seconds 1.311621009139344
shuttleset_03_scene_0019 pair 33 [2, 4] combined 262144 players 69898 retained 256 seconds 3.035408359952271
shuttleset_03_scene_0019 pair 38 [2, 9] combined 224256 players 2508 retained 256 seconds 1.143940855981782
shuttleset_03_scene_0019 pair 43 [2, 14] combined 66560 players 1982 retained 256 seconds 0.39923964301124215
shuttleset_03_scene_0019 pair 45 [3, 0] combined 262144 players 105998 retained 256 seconds 4.584972866112366
shuttleset_03_scene_0019 pair 47 [3, 2] combined 262144 players 3342 retained 256 seconds 1.3398411071393639
shuttleset_03_scene_0019 pair 49 [3, 5] combined 262144 players 20266 retained 256 seconds 1.7675290131010115
shuttleset_03_scene_0019 pair 51 [3, 7] combined 262144 players 6508 retained 256 seconds 1.3707891628146172
shuttleset_03_scene_0019 pair 52 [3, 8] combined 106176 players 7912 retained 256 seconds 0.7448346470482647
shuttleset_03_scene_0019 pair 56 [3, 12] combined 832 players 78 retained 37 seconds 0.05025790189392865
shuttleset_03_scene_0019 pair 57 [3, 13] combined 3072 players 22 retained 11 seconds 0.052978429943323135
shuttleset_03_scene_0019 pair 59 [3, 15] combined 96384 players 1398 retained 256 seconds 0.4962165739852935
shuttleset_03_scene_0019 pair 61 [4, 1] combined 262144 players 77424 retained 256 seconds 3.280452974140644
shuttleset_03_scene_0019 pair 62 [4, 2] combined 262144 players 75552 retained 256 seconds 3.3554017830174416
shuttleset_03_scene_0019 pair 64 [4, 5] combined 262144 players 82916 retained 256 seconds 3.7220777310431004
shuttleset_03_scene_0019 pair 66 [4, 7] combined 166912 players 57304 retained 256 seconds 2.3328719711862504
shuttleset_03_scene_0019 pair 69 [4, 10] combined 260096 players 73646 retained 256 seconds 3.2496685329824686
shuttleset_03_scene_0019 pair 71 [4, 12] combined 5120 players 2116 retained 256 seconds 0.22887995606288314
shuttleset_03_scene_0019 pair 73 [4, 14] combined 69632 players 14020 retained 256 seconds 0.806277696043253
shuttleset_03_scene_0019 pair 75 [5, 0] combined 262144 players 81866 retained 256 seconds 4.07208820595406
shuttleset_03_scene_0019 pair 78 [5, 3] combined 262144 players 10840 retained 256 seconds 1.505450509954244
shuttleset_03_scene_0019 pair 79 [5, 4] combined 262144 players 79416 retained 256 seconds 3.4328211811371148
shuttleset_03_scene_0019 pair 80 [5, 6] combined 176128 players 64650 retained 256 seconds 2.761918227188289
shuttleset_03_scene_0019 pair 85 [5, 11] combined 191488 players 50908 retained 256 seconds 2.2251146230846643
shuttleset_03_scene_0019 pair 88 [5, 14] combined 104448 players 4170 retained 256 seconds 0.6463068649172783
shuttleset_03_scene_0019 pair 90 [6, 0] combined 196608 players 11716 retained 256 seconds 1.8800629370380193
shuttleset_03_scene_0019 pair 91 [6, 1] combined 254976 players 81182 retained 256 seconds 3.3189633551519364
shuttleset_03_scene_0019 pair 95 [6, 5] combined 246784 players 49810 retained 256 seconds 2.630290381843224
shuttleset_03_scene_0019 pair 99 [6, 10] combined 256000 players 71444 retained 256 seconds 3.12893782206811
shuttleset_03_scene_0019 pair 105 [7, 0] combined 262144 players 98422 retained 256 seconds 4.555457974085584
shuttleset_03_scene_0019 pair 106 [7, 1] combined 259072 players 9916 retained 256 seconds 1.4657528658863157
shuttleset_03_scene_0019 pair 108 [7, 3] combined 198592 players 1084 retained 256 seconds 0.9562813718803227
shuttleset_03_scene_0019 pair 109 [7, 4] combined 245760 players 63548 retained 256 seconds 2.9613635309506208
shuttleset_03_scene_0019 pair 113 [7, 9] combined 187048 players 134 retained 69 seconds 0.8985928441397846
shuttleset_03_scene_0019 pair 118 [7, 14] combined 58368 players 150 retained 75 seconds 0.28129937988705933
shuttleset_03_scene_0019 pair 120 [8, 0] combined 126976 players 6484 retained 256 seconds 1.4617144200019538
shuttleset_03_scene_0019 pair 121 [8, 1] combined 115712 players 5530 retained 256 seconds 0.6949769437778741
shuttleset_03_scene_0019 pair 123 [8, 3] combined 88064 players 8722 retained 256 seconds 0.6153150140307844
shuttleset_03_scene_0019 pair 128 [8, 9] combined 103424 players 4708 retained 256 seconds 0.7179044720251113
shuttleset_03_scene_0019 pair 133 [8, 14] combined 45840 players 1356 retained 256 seconds 0.2617928951513022
shuttleset_03_scene_0019 pair 135 [9, 0] combined 250880 players 94602 retained 256 seconds 4.314459178131074
shuttleset_03_scene_0019 pair 137 [9, 2] combined 222208 players 5060 retained 256 seconds 1.3022721270099282
shuttleset_03_scene_0019 pair 142 [9, 7] combined 262144 players 10864 retained 256 seconds 1.455128074157983
shuttleset_03_scene_0019 pair 143 [9, 8] combined 78948 players 2608 retained 256 seconds 0.45473305508494377
shuttleset_03_scene_0019 pair 146 [9, 12] combined 812 players 142 retained 71 seconds 0.0458925710991025
shuttleset_03_scene_0019 pair 147 [9, 13] combined 3036 players 24 retained 12 seconds 0.04885392892174423
shuttleset_03_scene_0019 pair 149 [9, 15] combined 47952 players 2694 retained 256 seconds 0.31179507495835423
shuttleset_03_scene_0019 pair 150 [10, 0] combined 262144 players 102068 retained 256 seconds 4.6890159889589995
shuttleset_03_scene_0019 pair 154 [10, 4] combined 262144 players 71986 retained 256 seconds 3.5484538939781487
shuttleset_03_scene_0019 pair 156 [10, 6] combined 138580 players 26414 retained 256 seconds 1.2465045920107514
shuttleset_03_scene_0019 pair 160 [10, 11] combined 218112 players 14164 retained 256 seconds 1.3414542928803712
shuttleset_03_scene_0019 pair 163 [10, 14] combined 75776 players 8236 retained 256 seconds 0.6878782459534705
shuttleset_03_scene_0019 pair 165 [11, 0] combined 181248 players 17094 retained 256 seconds 1.9391488321125507
shuttleset_03_scene_0019 pair 166 [11, 1] combined 220160 players 19094 retained 256 seconds 1.6212659529410303
shuttleset_03_scene_0019 pair 170 [11, 5] combined 189440 players 39800 retained 256 seconds 2.1003650007769465
shuttleset_03_scene_0019 pair 175 [11, 10] combined 225280 players 8200 retained 256 seconds 1.256696216063574
shuttleset_03_scene_0019 pair 181 [12, 1] combined 3072 players 180 retained 90 seconds 0.07204107102006674
shuttleset_03_scene_0019 pair 183 [12, 3] combined 4096 players 116 retained 58 seconds 0.049212305108085275
shuttleset_03_scene_0019 pair 184 [12, 4] combined 2048 players 160 retained 80 seconds 0.08511662995442748
shuttleset_03_scene_0019 pair 189 [12, 9] combined 3200 players 88 retained 44 seconds 0.041753257159143686
shuttleset_03_scene_0019 pair 195 [13, 0] combined 1024 players 28 retained 14 seconds 0.7547522550448775
shuttleset_03_scene_0019 pair 196 [13, 1] combined 2048 players 214 retained 105 seconds 0.06295844889245927
shuttleset_03_scene_0019 pair 198 [13, 3] combined 3072 players 178 retained 89 seconds 0.0474957840051502
shuttleset_03_scene_0019 pair 204 [13, 9] combined 2048 players 100 retained 47 seconds 0.03763854689896107
shuttleset_03_scene_0019 pair 208 [13, 14] combined 1848 players 0 retained 0 seconds 0.013464096933603287
shuttleset_03_scene_0019 pair 212 [14, 2] combined 28672 players 1946 retained 256 seconds 0.21635815710760653
shuttleset_03_scene_0019 pair 214 [14, 4] combined 67584 players 23316 retained 256 seconds 1.0121818429324776
shuttleset_03_scene_0019 pair 215 [14, 5] combined 31744 players 920 retained 256 seconds 0.22482322412543
shuttleset_03_scene_0019 pair 217 [14, 7] combined 14344 players 450 retained 225 seconds 0.10422529303468764
shuttleset_03_scene_0019 pair 218 [14, 8] combined 25944 players 2882 retained 256 seconds 0.20403002691455185
shuttleset_03_scene_0019 pair 220 [14, 10] combined 37888 players 4250 retained 256 seconds 0.2990433690138161
shuttleset_03_scene_0019 pair 223 [14, 13] combined 0 players 0 retained 0 seconds 0.009790521115064621
shuttleset_03_scene_0019 pair 224 [14, 15] combined 16932 players 134 retained 67 seconds 0.09626964200288057
shuttleset_03_scene_0019 pair 225 [15, 0] combined 51200 players 19602 retained 256 seconds 1.525655091041699
shuttleset_03_scene_0019 pair 228 [15, 3] combined 24576 players 192 retained 96 seconds 0.15887331310659647
shuttleset_03_scene_0019 pair 234 [15, 9] combined 53248 players 1958 retained 256 seconds 0.31406362308189273
shuttleset_03_scene_0019 pair 239 [15, 14] combined 12544 players 0 retained 0 seconds 0.06508364994078875
shuttleset_03_scene_0019 R generated pooled 21357 entries 256 winners 1:23 1:176 seconds 200.0
shuttleset_03_scene_0019 exact final-evaluation replay passed
shuttleset_03_scene_0019 exact selection replay passed
shuttleset_03_scene_0019 exact final-evaluation replay passed
shuttleset_03_scene_0019 exact selection replay passed
shuttleset_03_scene_0019 full evidence 0 of 2071 seconds 3.378838300704956e-06
shuttleset_03_scene_0019 full evidence 512 of 2071 seconds 44.51640048599802
shuttleset_03_scene_0019 full evidence 1024 of 2071 seconds 84.41532906191424
shuttleset_03_scene_0019 full evidence 1536 of 2071 seconds 128.23253461392596
shuttleset_03_scene_0019 full evidence 2048 of 2071 seconds 164.0322485738434
shuttleset_03_scene_0019 R complete {'case_id': 'shuttleset_03_scene_0019', 'arm': 'R', 'status': 'generated', 'generation_s': 200.04251910094172, 'camera_first_s': 28.532889149850234, 'all_camera_s': 191.35600907192566, 'entries': {'results': 256, 'camera_first': 256, 'all_camera': 2327}, 'winners': {'results': ('1:23', '1:176'), 'camera_first': ('1:23', '1:176'), 'all_camera': ('1:23', '1:176')}}
shuttleset_03_scene_0016 pair 0 [0, 1] combined 262144 players 80816 retained 256 seconds 4.054606450954452
shuttleset_03_scene_0016 pair 1 [0, 2] combined 262144 players 62618 retained 256 seconds 3.639879890019074
shuttleset_03_scene_0016 pair 2 [0, 3] combined 223232 players 70080 retained 256 seconds 3.6190707981586456
shuttleset_03_scene_0016 pair 4 [0, 5] combined 262144 players 67016 retained 256 seconds 3.7356236290652305
shuttleset_03_scene_0016 pair 7 [0, 8] combined 262144 players 56066 retained 256 seconds 3.4608947469387203
shuttleset_03_scene_0016 pair 8 [0, 9] combined 59392 players 23478 retained 256 seconds 1.7055987741332501
shuttleset_03_scene_0016 pair 9 [0, 10] combined 262144 players 88052 retained 256 seconds 4.221978043904528
shuttleset_03_scene_0016 pair 11 [0, 12] combined 232448 players 97677 retained 256 seconds 4.4572720299474895
shuttleset_03_scene_0016 pair 12 [0, 13] combined 15360 players 2542 retained 256 seconds 1.0121160140261054
shuttleset_03_scene_0016 pair 13 [0, 14] combined 23552 players 4132 retained 256 seconds 1.0546394928824157
shuttleset_03_scene_0016 pair 15 [1, 0] combined 262144 players 93690 retained 256 seconds 4.230429803021252
shuttleset_03_scene_0016 pair 16 [1, 2] combined 262144 players 5514 retained 256 seconds 1.7184549600351602
shuttleset_03_scene_0016 pair 18 [1, 4] combined 262144 players 97758 retained 256 seconds 4.117446698015556
shuttleset_03_scene_0016 pair 20 [1, 6] combined 73728 players 17242 retained 256 seconds 1.0834374208934605
shuttleset_03_scene_0016 pair 21 [1, 7] combined 58368 players 13554 retained 256 seconds 0.9568249941803515
shuttleset_03_scene_0016 pair 26 [1, 12] combined 149504 players 7008 retained 256 seconds 1.184223194140941
shuttleset_03_scene_0016 pair 27 [1, 13] combined 80896 players 5740 retained 256 seconds 0.8808043799363077
shuttleset_03_scene_0016 pair 28 [1, 14] combined 130048 players 1674 retained 256 seconds 0.9749476260039955
shuttleset_03_scene_0016 pair 29 [1, 15] combined 66560 players 13998 retained 256 seconds 0.9890912340488285
shuttleset_03_scene_0016 pair 30 [2, 0] combined 262144 players 90546 retained 256 seconds 3.9806933291256428
shuttleset_03_scene_0016 pair 31 [2, 1] combined 262144 players 7060 retained 256 seconds 1.632484463043511
shuttleset_03_scene_0016 pair 32 [2, 3] combined 262144 players 4674 retained 256 seconds 1.3424476059153676
shuttleset_03_scene_0016 pair 33 [2, 4] combined 262144 players 110962 retained 256 seconds 4.157569508999586
shuttleset_03_scene_0016 pair 37 [2, 8] combined 262144 players 3442 retained 256 seconds 1.3712275160942227
shuttleset_03_scene_0016 pair 45 [3, 0] combined 262144 players 95968 retained 256 seconds 4.005866503808647
shuttleset_03_scene_0016 pair 47 [3, 2] combined 251904 players 5774 retained 256 seconds 1.3437243371736258
shuttleset_03_scene_0016 pair 48 [3, 4] combined 262144 players 104640 retained 256 seconds 4.05133602488786
shuttleset_03_scene_0016 pair 49 [3, 5] combined 262144 players 15518 retained 256 seconds 1.6215473788324744
shuttleset_03_scene_0016 pair 54 [3, 10] combined 262144 players 9966 retained 256 seconds 1.4536387850530446
shuttleset_03_scene_0016 pair 56 [3, 12] combined 148480 players 9160 retained 256 seconds 0.9644822420086712
shuttleset_03_scene_0016 pair 57 [3, 13] combined 95232 players 2758 retained 256 seconds 0.5259561829734594
shuttleset_03_scene_0016 pair 58 [3, 14] combined 45056 players 100 retained 52 seconds 0.24151647416874766
shuttleset_03_scene_0016 pair 59 [3, 15] combined 64512 players 11326 retained 256 seconds 0.6150065048132092
shuttleset_03_scene_0016 pair 61 [4, 1] combined 262144 players 95624 retained 256 seconds 4.118104667868465
shuttleset_03_scene_0016 pair 62 [4, 2] combined 262144 players 82818 retained 256 seconds 3.6515601901337504
shuttleset_03_scene_0016 pair 63 [4, 3] combined 230400 players 85794 retained 256 seconds 3.442877877037972
shuttleset_03_scene_0016 pair 64 [4, 5] combined 262144 players 86156 retained 256 seconds 3.724648553179577
shuttleset_03_scene_0016 pair 65 [4, 6] combined 93184 players 5282 retained 256 seconds 0.7086268549319357
shuttleset_03_scene_0016 pair 67 [4, 8] combined 262144 players 71170 retained 256 seconds 3.212319971062243
shuttleset_03_scene_0016 pair 68 [4, 9] combined 76800 players 22316 retained 256 seconds 0.9838293769862503
shuttleset_03_scene_0016 pair 69 [4, 10] combined 262144 players 106936 retained 256 seconds 4.120449597015977
shuttleset_03_scene_0016 pair 70 [4, 11] combined 241664 players 10978 retained 256 seconds 1.4880576469004154
shuttleset_03_scene_0016 pair 71 [4, 12] combined 260096 players 37424 retained 256 seconds 2.2498463408555835
shuttleset_03_scene_0016 pair 72 [4, 13] combined 18432 players 2378 retained 256 seconds 0.42865893011912704
shuttleset_03_scene_0016 pair 75 [5, 0] combined 262144 players 91488 retained 256 seconds 4.008821717929095
shuttleset_03_scene_0016 pair 78 [5, 3] combined 262144 players 13318 retained 256 seconds 1.8451825880911201
shuttleset_03_scene_0016 pair 79 [5, 4] combined 262144 players 101490 retained 256 seconds 4.013550285017118
shuttleset_03_scene_0016 pair 80 [5, 6] combined 63488 players 14688 retained 256 seconds 0.754556966945529
shuttleset_03_scene_0016 pair 81 [5, 7] combined 58368 players 11880 retained 256 seconds 0.641883117845282
shuttleset_03_scene_0016 pair 82 [5, 8] combined 262144 players 2900 retained 256 seconds 1.4852885480504483
shuttleset_03_scene_0016 pair 83 [5, 9] combined 59392 players 12680 retained 256 seconds 0.6434942679479718
shuttleset_03_scene_0016 pair 85 [5, 11] combined 262144 players 69290 retained 256 seconds 3.0996479401364923
shuttleset_03_scene_0016 pair 89 [5, 15] combined 66560 players 11128 retained 256 seconds 0.8924593369010836
shuttleset_03_scene_0016 pair 91 [6, 1] combined 89088 players 21836 retained 256 seconds 1.0833293821197003
shuttleset_03_scene_0016 pair 94 [6, 4] combined 128000 players 3382 retained 256 seconds 0.8641647400800139
shuttleset_03_scene_0016 pair 95 [6, 5] combined 81920 players 13154 retained 256 seconds 0.7209366681054235
shuttleset_03_scene_0016 pair 96 [6, 7] combined 68224 players 1558 retained 256 seconds 0.36720625404268503
shuttleset_03_scene_0016 pair 97 [6, 8] combined 96256 players 14390 retained 256 seconds 0.8846982249524444
shuttleset_03_scene_0016 pair 103 [6, 14] combined 8624 players 1594 retained 256 seconds 0.10923021798953414
shuttleset_03_scene_0016 pair 104 [6, 15] combined 59040 players 720 retained 256 seconds 0.30332185118459165
shuttleset_03_scene_0016 pair 106 [7, 1] combined 67584 players 14706 retained 256 seconds 0.9207729869522154
shuttleset_03_scene_0016 pair 110 [7, 5] combined 60416 players 9826 retained 256 seconds 0.6878183900844306
shuttleset_03_scene_0016 pair 111 [7, 6] combined 35964 players 458 retained 229 seconds 0.20022654300555587
shuttleset_03_scene_0016 pair 112 [7, 8] combined 63488 players 9166 retained 256 seconds 0.5350711818318814
shuttleset_03_scene_0016 pair 113 [7, 9] combined 20592 players 884 retained 256 seconds 0.14495141291990876
shuttleset_03_scene_0016 pair 114 [7, 10] combined 60416 players 11140 retained 256 seconds 0.6434500231407583
shuttleset_03_scene_0016 pair 115 [7, 11] combined 69632 players 5452 retained 256 seconds 0.45482643600553274
shuttleset_03_scene_0016 pair 117 [7, 13] combined 2760 players 286 retained 129 seconds 0.04300218680873513
shuttleset_03_scene_0016 pair 120 [8, 0] combined 262144 players 92156 retained 256 seconds 4.343754287110642
shuttleset_03_scene_0016 pair 122 [8, 2] combined 262144 players 3218 retained 256 seconds 1.3827086710371077
shuttleset_03_scene_0016 pair 124 [8, 4] combined 262144 players 97988 retained 256 seconds 3.734183717984706
shuttleset_03_scene_0016 pair 125 [8, 5] combined 262144 players 3322 retained 256 seconds 1.4196838021744043
shuttleset_03_scene_0016 pair 126 [8, 6] combined 77824 players 19820 retained 256 seconds 0.9636736267711967
shuttleset_03_scene_0016 pair 127 [8, 7] combined 59392 players 11676 retained 256 seconds 0.7515254740137607
shuttleset_03_scene_0016 pair 129 [8, 10] combined 262144 players 15070 retained 256 seconds 1.74676158814691
shuttleset_03_scene_0016 pair 131 [8, 12] combined 163840 players 17770 retained 256 seconds 1.2036016911733896
shuttleset_03_scene_0016 pair 132 [8, 13] combined 91136 players 2338 retained 256 seconds 0.5619918599259108
shuttleset_03_scene_0016 pair 133 [8, 14] combined 67584 players 594 retained 256 seconds 0.5372211718931794
shuttleset_03_scene_0016 pair 134 [8, 15] combined 67584 players 11494 retained 256 seconds 0.6374775010626763
shuttleset_03_scene_0016 pair 135 [9, 0] combined 71680 players 10526 retained 256 seconds 1.1773821918759495
shuttleset_03_scene_0016 pair 139 [9, 4] combined 45056 players 7810 retained 256 seconds 0.47116123395971954
shuttleset_03_scene_0016 pair 140 [9, 5] combined 57344 players 4220 retained 256 seconds 0.4275099339429289
shuttleset_03_scene_0016 pair 142 [9, 7] combined 17920 players 1070 retained 256 seconds 0.13168298895470798
shuttleset_03_scene_0016 pair 144 [9, 10] combined 56320 players 5372 retained 256 seconds 0.40293138404376805
shuttleset_03_scene_0016 pair 148 [9, 14] combined 9800 players 724 retained 256 seconds 0.089558572974056
shuttleset_03_scene_0016 pair 149 [9, 15] combined 21580 players 1470 retained 256 seconds 0.27662025508470833
shuttleset_03_scene_0016 pair 150 [10, 0] combined 262144 players 90750 retained 256 seconds 4.218625124078244
shuttleset_03_scene_0016 pair 153 [10, 3] combined 262144 players 5478 retained 256 seconds 1.3870109841227531
shuttleset_03_scene_0016 pair 154 [10, 4] combined 262144 players 104328 retained 256 seconds 4.204025933984667
shuttleset_03_scene_0016 pair 157 [10, 7] combined 70656 players 18052 retained 256 seconds 0.7962923110462725
shuttleset_03_scene_0016 pair 158 [10, 8] combined 262144 players 8888 retained 256 seconds 1.471524999011308
shuttleset_03_scene_0016 pair 159 [10, 9] combined 54272 players 2944 retained 256 seconds 0.36230724304914474
shuttleset_03_scene_0016 pair 160 [10, 11] combined 262144 players 58144 retained 256 seconds 2.776296878932044
shuttleset_03_scene_0016 pair 164 [10, 15] combined 68608 players 14454 retained 256 seconds 0.9449715719092637
shuttleset_03_scene_0016 pair 169 [11, 4] combined 260096 players 47776 retained 256 seconds 2.4876419520005584
shuttleset_03_scene_0016 pair 170 [11, 5] combined 262144 players 50716 retained 256 seconds 2.5923584289848804
shuttleset_03_scene_0016 pair 172 [11, 7] combined 116840 players 16570 retained 256 seconds 1.154535205103457
shuttleset_03_scene_0016 pair 175 [11, 10] combined 258048 players 39452 retained 256 seconds 2.2477194191887975
shuttleset_03_scene_0016 pair 178 [11, 14] combined 21500 players 2140 retained 256 seconds 0.19783999305218458
shuttleset_03_scene_0016 pair 179 [11, 15] combined 111320 players 16410 retained 256 seconds 0.8715763080399483
shuttleset_03_scene_0016 pair 180 [12, 0] combined 45056 players 8820 retained 256 seconds 1.0527138290926814
shuttleset_03_scene_0016 pair 181 [12, 1] combined 101376 players 3414 retained 256 seconds 0.7452274891547859
shuttleset_03_scene_0016 pair 183 [12, 3] combined 107520 players 4382 retained 256 seconds 0.6050952689256519
shuttleset_03_scene_0016 pair 184 [12, 4] combined 43008 players 3512 retained 256 seconds 0.36890918109565973
shuttleset_03_scene_0016 pair 188 [12, 8] combined 99328 players 6526 retained 256 seconds 0.6497430701274425
shuttleset_03_scene_0016 pair 195 [13, 0] combined 28672 players 6214 retained 256 seconds 0.7632406349293888
shuttleset_03_scene_0016 pair 196 [13, 1] combined 29696 players 1138 retained 256 seconds 0.541428737109527
shuttleset_03_scene_0016 pair 198 [13, 3] combined 31744 players 186 retained 93 seconds 0.16988186701200902
shuttleset_03_scene_0016 pair 199 [13, 4] combined 28672 players 8548 retained 256 seconds 0.4064465840347111
shuttleset_03_scene_0016 pair 202 [13, 7] combined 5120 players 404 retained 190 seconds 0.05678528710268438
shuttleset_03_scene_0016 pair 203 [13, 8] combined 35840 players 56 retained 28 seconds 0.20991641213186085
shuttleset_03_scene_0016 pair 209 [13, 15] combined 6800 players 398 retained 199 seconds 0.06144962599501014
shuttleset_03_scene_0016 pair 210 [14, 0] combined 32768 players 9436 retained 256 seconds 0.8419553029816598
shuttleset_03_scene_0016 pair 211 [14, 1] combined 32768 players 736 retained 256 seconds 0.38696064008399844
shuttleset_03_scene_0016 pair 213 [14, 3] combined 48128 players 942 retained 256 seconds 0.2715194399934262
shuttleset_03_scene_0016 pair 216 [14, 6] combined 13440 players 2440 retained 256 seconds 0.30269771395251155
shuttleset_03_scene_0016 pair 218 [14, 8] combined 86016 players 764 retained 256 seconds 0.46411571581847966
shuttleset_03_scene_0016 pair 219 [14, 9] combined 10148 players 492 retained 246 seconds 0.0803503489587456
shuttleset_03_scene_0016 pair 221 [14, 11] combined 26624 players 5794 retained 256 seconds 0.2734560689423233
shuttleset_03_scene_0016 pair 226 [15, 1] combined 91136 players 17598 retained 256 seconds 0.9942462861072272
shuttleset_03_scene_0016 pair 228 [15, 3] combined 90820 players 21764 retained 256 seconds 1.1029469249770045
shuttleset_03_scene_0016 pair 230 [15, 5] combined 79872 players 15348 retained 256 seconds 0.9947382071986794
shuttleset_03_scene_0016 pair 231 [15, 6] combined 46920 players 292 retained 146 seconds 0.24651511083357036
shuttleset_03_scene_0016 pair 233 [15, 8] combined 91136 players 16315 retained 256 seconds 0.8164324450772256
shuttleset_03_scene_0016 pair 234 [15, 9] combined 21216 players 670 retained 256 seconds 0.1448543998412788
shuttleset_03_scene_0016 pair 235 [15, 10] combined 77824 players 14618 retained 256 seconds 0.896922969026491
shuttleset_03_scene_0016 pair 236 [15, 11] combined 68608 players 5696 retained 256 seconds 0.46191347390413284
shuttleset_03_scene_0016 pair 238 [15, 13] combined 3564 players 420 retained 211 seconds 0.05305867502465844
shuttleset_03_scene_0016 R generated pooled 31731 entries 256 winners 1:2 1:674 seconds 216.1
shuttleset_03_scene_0016 exact final-evaluation replay passed
shuttleset_03_scene_0016 exact selection replay passed
shuttleset_03_scene_0016 exact final-evaluation replay passed
shuttleset_03_scene_0016 exact selection replay passed
shuttleset_03_scene_0016 full evidence 0 of 2447 seconds 2.7781352400779724e-06
shuttleset_03_scene_0016 full evidence 512 of 2447 seconds 48.53124754806049
shuttleset_03_scene_0016 full evidence 1024 of 2447 seconds 93.24975033919327
shuttleset_03_scene_0016 full evidence 1536 of 2447 seconds 135.68813347816467
shuttleset_03_scene_0016 full evidence 2048 of 2447 seconds 177.584327270044
shuttleset_03_scene_0016 R complete {'case_id': 'shuttleset_03_scene_0016', 'arm': 'R', 'status': 'generated', 'generation_s': 216.07205189787783, 'camera_first_s': 28.308108136989176, 'all_camera_s': 230.52824879297987, 'entries': {'results': 256, 'camera_first': 256, 'all_camera': 2703}, 'winners': {'results': ('1:2', '1:674'), 'camera_first': ('1:2', '1:674'), 'all_camera': ('1:2', '1:674')}}
shuttleset_21_scene_0020 pair 0 [0, 1] combined 262144 players 97840 retained 256 seconds 4.168586207088083
shuttleset_21_scene_0020 pair 1 [0, 2] combined 262144 players 101114 retained 256 seconds 4.328078314196318
shuttleset_21_scene_0020 pair 4 [0, 5] combined 99328 players 39124 retained 256 seconds 2.1160544909071177
shuttleset_21_scene_0020 pair 5 [0, 6] combined 32768 players 10612 retained 256 seconds 1.0961754561867565
shuttleset_21_scene_0020 pair 6 [0, 7] combined 262144 players 54822 retained 256 seconds 3.0389631469734013
shuttleset_21_scene_0020 pair 7 [0, 8] combined 262144 players 56714 retained 256 seconds 3.2380422989372164
shuttleset_21_scene_0020 pair 12 [0, 13] combined 76800 players 20140 retained 256 seconds 1.501597278052941
shuttleset_21_scene_0020 pair 13 [0, 14] combined 81920 players 24280 retained 256 seconds 1.57830237201415
shuttleset_21_scene_0020 pair 15 [1, 0] combined 262144 players 106018 retained 256 seconds 4.256758055882528
shuttleset_21_scene_0020 pair 16 [1, 2] combined 262144 players 11808 retained 256 seconds 1.562415414955467
shuttleset_21_scene_0020 pair 17 [1, 3] combined 262144 players 111980 retained 256 seconds 4.11990112811327
shuttleset_21_scene_0020 pair 19 [1, 5] combined 164864 players 4670 retained 256 seconds 0.9725943910889328
shuttleset_21_scene_0020 pair 20 [1, 6] combined 29696 players 226 retained 113 seconds 0.2345479370560497
shuttleset_21_scene_0020 pair 23 [1, 9] combined 262144 players 86892 retained 256 seconds 3.4458780610002577
shuttleset_21_scene_0020 pair 26 [1, 12] combined 78848 players 976 retained 256 seconds 0.5009601141791791
shuttleset_21_scene_0020 pair 28 [1, 14] combined 139264 players 4170 retained 256 seconds 0.8037595259957016
shuttleset_21_scene_0020 pair 30 [2, 0] combined 262144 players 96882 retained 256 seconds 3.912546438863501
shuttleset_21_scene_0020 pair 31 [2, 1] combined 262144 players 3612 retained 256 seconds 1.3936192060355097
shuttleset_21_scene_0020 pair 32 [2, 3] combined 262144 players 103972 retained 256 seconds 3.8357524920720607
shuttleset_21_scene_0020 pair 36 [2, 7] combined 262144 players 89172 retained 256 seconds 3.6150860709603876
shuttleset_21_scene_0020 pair 39 [2, 10] combined 108544 players 31224 retained 256 seconds 1.4106122499797493
shuttleset_21_scene_0020 pair 40 [2, 11] combined 187392 players 54432 retained 256 seconds 2.2622149020899087
shuttleset_21_scene_0020 pair 44 [2, 15] combined 17408 players 2084 retained 256 seconds 0.3406354719772935
shuttleset_21_scene_0020 pair 46 [3, 1] combined 262144 players 97076 retained 256 seconds 3.631521108094603
shuttleset_21_scene_0020 pair 47 [3, 2] combined 262144 players 97692 retained 256 seconds 3.994102515047416
shuttleset_21_scene_0020 pair 48 [3, 4] combined 247808 players 53012 retained 256 seconds 2.532173231942579
shuttleset_21_scene_0020 pair 50 [3, 6] combined 39936 players 14432 retained 256 seconds 0.5542995620053262
shuttleset_21_scene_0020 pair 54 [3, 10] combined 59392 players 5334 retained 256 seconds 0.4270458680111915
shuttleset_21_scene_0020 pair 55 [3, 11] combined 262144 players 46598 retained 256 seconds 2.4838459400925785
shuttleset_21_scene_0020 pair 56 [3, 12] combined 86016 players 15814 retained 256 seconds 0.7872175010852516
shuttleset_21_scene_0020 pair 59 [3, 15] combined 13312 players 2094 retained 256 seconds 0.16018239711411297
shuttleset_21_scene_0020 pair 63 [4, 3] combined 262144 players 33610 retained 256 seconds 2.0791204860433936
shuttleset_21_scene_0020 pair 66 [4, 7] combined 262144 players 1990 retained 256 seconds 1.2782224679831415
shuttleset_21_scene_0020 pair 72 [4, 13] combined 86016 players 3190 retained 256 seconds 0.48713404801674187
shuttleset_21_scene_0020 pair 75 [5, 0] combined 122880 players 50304 retained 256 seconds 2.2109044729731977
shuttleset_21_scene_0020 pair 76 [5, 1] combined 101376 players 1488 retained 256 seconds 0.584737892029807
shuttleset_21_scene_0020 pair 81 [5, 7] combined 86016 players 24728 retained 256 seconds 1.0747230960987508
shuttleset_21_scene_0020 pair 83 [5, 9] combined 125952 players 46006 retained 256 seconds 1.8412153120152652
shuttleset_21_scene_0020 pair 84 [5, 10] combined 50064 players 414 retained 202 seconds 0.28469682298600674
shuttleset_21_scene_0020 pair 89 [5, 15] combined 7560 players 342 retained 171 seconds 0.07357379188761115
shuttleset_21_scene_0020 pair 90 [6, 0] combined 43008 players 18588 retained 256 seconds 1.0328551339916885
shuttleset_21_scene_0020 pair 91 [6, 1] combined 27648 players 1352 retained 256 seconds 0.23458814714103937
shuttleset_21_scene_0020 pair 93 [6, 3] combined 49152 players 21850 retained 256 seconds 0.7788347678724676
shuttleset_21_scene_0020 pair 96 [6, 7] combined 26624 players 2024 retained 256 seconds 0.20844144094735384
shuttleset_21_scene_0020 pair 104 [6, 15] combined 1612 players 16 retained 8 seconds 0.025342648848891258
shuttleset_21_scene_0020 pair 105 [7, 0] combined 262144 players 30444 retained 256 seconds 2.3282014678698033
shuttleset_21_scene_0020 pair 107 [7, 2] combined 262144 players 42942 retained 256 seconds 2.4071165528148413
shuttleset_21_scene_0020 pair 109 [7, 4] combined 262144 players 1650 retained 256 seconds 1.272435224847868
shuttleset_21_scene_0020 pair 110 [7, 5] combined 91136 players 16110 retained 256 seconds 0.8506353627890348
shuttleset_21_scene_0020 pair 111 [7, 6] combined 26624 players 1326 retained 256 seconds 0.19608469493687153
shuttleset_21_scene_0020 pair 113 [7, 9] combined 231424 players 7916 retained 256 seconds 1.3359888340346515
shuttleset_21_scene_0020 pair 114 [7, 10] combined 99328 players 7256 retained 256 seconds 0.6337988199666142
shuttleset_21_scene_0020 pair 115 [7, 11] combined 262144 players 13332 retained 256 seconds 1.5823583919554949
shuttleset_21_scene_0020 pair 116 [7, 12] combined 159744 players 9164 retained 256 seconds 1.049842813052237
shuttleset_21_scene_0020 pair 118 [7, 14] combined 128000 players 15390 retained 256 seconds 0.9361308249644935
shuttleset_21_scene_0020 pair 119 [7, 15] combined 32768 players 226 retained 115 seconds 0.18815010716207325
shuttleset_21_scene_0020 pair 120 [8, 0] combined 177152 players 17808 retained 256 seconds 1.7142148271668702
shuttleset_21_scene_0020 pair 128 [8, 9] combined 209920 players 23462 retained 256 seconds 1.607135363155976
shuttleset_21_scene_0020 pair 130 [8, 11] combined 161792 players 8658 retained 256 seconds 0.9374367180280387
shuttleset_21_scene_0020 pair 136 [9, 1] combined 262144 players 91362 retained 256 seconds 3.7920998269692063
shuttleset_21_scene_0020 pair 140 [9, 5] combined 106496 players 39630 retained 256 seconds 1.5302035331260413
shuttleset_21_scene_0020 pair 142 [9, 7] combined 259072 players 9100 retained 256 seconds 1.4309515850618482
shuttleset_21_scene_0020 pair 143 [9, 8] combined 262144 players 13800 retained 256 seconds 1.6327310639899224
shuttleset_21_scene_0020 pair 147 [9, 13] combined 93184 players 5324 retained 256 seconds 0.5895745418965816
shuttleset_21_scene_0020 pair 148 [9, 14] combined 93184 players 27408 retained 256 seconds 1.167660049861297
shuttleset_21_scene_0020 pair 152 [10, 2] combined 33792 players 3690 retained 256 seconds 0.30001158895902336
shuttleset_21_scene_0020 pair 153 [10, 3] combined 44032 players 2966 retained 256 seconds 0.29577037412673235
shuttleset_21_scene_0020 pair 155 [10, 5] combined 7448 players 428 retained 214 seconds 0.07475776597857475
shuttleset_21_scene_0020 pair 157 [10, 7] combined 17408 players 804 retained 256 seconds 0.22533214185386896
shuttleset_21_scene_0020 pair 161 [10, 12] combined 15300 players 1228 retained 256 seconds 0.1226316059473902
shuttleset_21_scene_0020 pair 162 [10, 13] combined 10988 players 0 retained 0 seconds 0.05475652916356921
shuttleset_21_scene_0020 pair 163 [10, 14] combined 9760 players 1522 retained 256 seconds 0.10739506618119776
shuttleset_21_scene_0020 pair 167 [11, 2] combined 185344 players 53470 retained 256 seconds 2.257163770031184
shuttleset_21_scene_0020 pair 168 [11, 3] combined 246784 players 19980 retained 256 seconds 1.7572358541656286
shuttleset_21_scene_0020 pair 172 [11, 7] combined 219792 players 6894 retained 256 seconds 1.1670999620109797
shuttleset_21_scene_0020 pair 173 [11, 8] combined 251904 players 6090 retained 256 seconds 1.2799819870851934
shuttleset_21_scene_0020 pair 177 [11, 13] combined 79348 players 1110 retained 256 seconds 0.3980004780460149
shuttleset_21_scene_0020 pair 178 [11, 14] combined 50592 players 12160 retained 256 seconds 0.6221679348964244
shuttleset_21_scene_0020 pair 181 [12, 1] combined 74752 players 5884 retained 256 seconds 0.5329586840234697
shuttleset_21_scene_0020 pair 183 [12, 3] combined 66560 players 27106 retained 256 seconds 1.0371850731316954
shuttleset_21_scene_0020 pair 187 [12, 7] combined 27648 players 1144 retained 256 seconds 0.19914108398370445
shuttleset_21_scene_0020 pair 190 [12, 10] combined 15360 players 7100 retained 256 seconds 0.36624799692071974
shuttleset_21_scene_0020 pair 192 [12, 13] combined 34272 players 8 retained 4 seconds 0.17046856204979122
shuttleset_21_scene_0020 pair 194 [12, 15] combined 3520 players 670 retained 256 seconds 0.0591980698518455
shuttleset_21_scene_0020 pair 195 [13, 0] combined 41984 players 3682 retained 256 seconds 0.6331307280343026
shuttleset_21_scene_0020 pair 199 [13, 4] combined 40960 players 774 retained 256 seconds 0.22876835195347667
shuttleset_21_scene_0020 pair 204 [13, 9] combined 52224 players 3396 retained 256 seconds 0.3450383150484413
shuttleset_21_scene_0020 pair 205 [13, 10] combined 21504 players 70 retained 36 seconds 0.11354156490415335
shuttleset_21_scene_0020 pair 206 [13, 11] combined 41008 players 822 retained 256 seconds 0.22009132499806583
shuttleset_21_scene_0020 pair 207 [13, 12] combined 26000 players 312 retained 156 seconds 0.1393347871489823
shuttleset_21_scene_0020 pair 209 [13, 15] combined 4940 players 10 retained 5 seconds 0.036285992013290524
shuttleset_21_scene_0020 pair 210 [14, 0] combined 96256 players 37494 retained 256 seconds 1.8729525688104331
shuttleset_21_scene_0020 pair 211 [14, 1] combined 73728 players 5990 retained 256 seconds 0.5416727459523827
shuttleset_21_scene_0020 pair 217 [14, 7] combined 48128 players 8528 retained 256 seconds 0.43715126416645944
shuttleset_21_scene_0020 pair 219 [14, 9] combined 105472 players 39730 retained 256 seconds 1.6692897460889071
shuttleset_21_scene_0020 pair 220 [14, 10] combined 37296 players 2748 retained 256 seconds 0.27674550004303455
shuttleset_21_scene_0020 pair 221 [14, 11] combined 72800 players 17278 retained 256 seconds 0.7180079889949411
shuttleset_21_scene_0020 pair 224 [14, 15] combined 6448 players 748 retained 256 seconds 0.08776930999010801
shuttleset_21_scene_0020 pair 227 [15, 2] combined 8192 players 626 retained 256 seconds 0.1069363309070468
shuttleset_21_scene_0020 pair 228 [15, 3] combined 19456 players 872 retained 256 seconds 0.13935086084529757
shuttleset_21_scene_0020 pair 230 [15, 5] combined 7500 players 152 retained 76 seconds 0.19218173087574542
shuttleset_21_scene_0020 pair 231 [15, 6] combined 3224 players 86 retained 43 seconds 0.031767448876053095
shuttleset_21_scene_0020 pair 232 [15, 7] combined 8192 players 196 retained 96 seconds 0.066685251891613
shuttleset_21_scene_0020 pair 237 [15, 12] combined 1320 players 0 retained 0 seconds 0.013278374914079905
shuttleset_21_scene_0020 pair 238 [15, 13] combined 6384 players 4 retained 2 seconds 0.04084132192656398
shuttleset_21_scene_0020 pair 239 [15, 14] combined 5184 players 136 retained 68 seconds 0.0452006661798805
shuttleset_21_scene_0020 R generated pooled 24093 entries 256 winners 0:2 0:2 seconds 146.3
shuttleset_21_scene_0020 exact final-evaluation replay passed
shuttleset_21_scene_0020 exact selection replay passed
shuttleset_21_scene_0020 exact final-evaluation replay passed
shuttleset_21_scene_0020 exact selection replay passed
shuttleset_21_scene_0020 full evidence 0 of 1696 seconds 2.5748740881681442e-06
shuttleset_21_scene_0020 full evidence 512 of 1696 seconds 32.46614931500517
shuttleset_21_scene_0020 full evidence 1024 of 1696 seconds 60.474592707818374
shuttleset_21_scene_0020 full evidence 1536 of 1696 seconds 88.50221861386672
shuttleset_21_scene_0020 R complete {'case_id': 'shuttleset_21_scene_0020', 'arm': 'R', 'status': 'generated', 'generation_s': 146.27824016311206, 'camera_first_s': 21.528991777915508, 'all_camera_s': 112.83229575282894, 'entries': {'results': 256, 'camera_first': 256, 'all_camera': 1952}, 'winners': {'results': ('0:2', '0:2'), 'camera_first': ('0:2', '0:2'), 'all_camera': ('0:2', '0:2')}}
