decoded <run root>/paint_geometry_20260909/gx_extension/videos/gxBQ_HwdgN4.mp4 to frame 779 in 3s
decoded <run root>/player_guided_20260908/videos/am3_h264.mp4 to frame 17219 in 95s
decoded <run root>/player_guided_20260908/videos/am2_h264.mp4 to frame 28109 in 140s
gxBQ_window_00_frame_689 pair 17 [1, 3] combined 262144 players 5772 retained 256 seconds 1.234554072842002
gxBQ_window_00_frame_689 pair 20 [1, 6] combined 16384 players 0 retained 0 seconds 0.1881119767203927
gxBQ_window_00_frame_689 pair 21 [1, 7] combined 262144 players 570 retained 249 seconds 0.9827012978494167
gxBQ_window_00_frame_689 pair 23 [1, 9] combined 207872 players 0 retained 0 seconds 0.7661450123414397
gxBQ_window_00_frame_689 pair 46 [3, 1] combined 262144 players 974 retained 256 seconds 1.01404540380463
gxBQ_window_00_frame_689 pair 52 [3, 8] combined 262144 players 3664 retained 256 seconds 1.13610967900604
gxBQ_window_00_frame_689 pair 55 [3, 11] combined 45056 players 0 retained 0 seconds 0.212486385833472
gxBQ_window_00_frame_689 pair 91 [6, 1] combined 3072 players 28 retained 14 seconds 0.1727573024109006
gxBQ_window_00_frame_689 pair 97 [6, 8] combined 3072 players 24 retained 12 seconds 0.11272623809054494
gxBQ_window_00_frame_689 pair 100 [6, 11] combined 344 players 0 retained 0 seconds 0.011202921159565449
gxBQ_window_00_frame_689 pair 106 [7, 1] combined 262144 players 84 retained 30 seconds 0.9383892617188394
gxBQ_window_00_frame_689 pair 112 [7, 8] combined 262144 players 662 retained 256 seconds 0.9316085572354496
gxBQ_window_00_frame_689 pair 115 [7, 11] combined 46080 players 186 retained 93 seconds 0.19430002011358738
gxBQ_window_00_frame_689 pair 123 [8, 3] combined 262144 players 13418 retained 256 seconds 1.403534528799355
gxBQ_window_00_frame_689 pair 126 [8, 6] combined 12288 players 0 retained 0 seconds 0.11701889662072062
gxBQ_window_00_frame_689 pair 127 [8, 7] combined 262144 players 1526 retained 256 seconds 0.9809101717546582
gxBQ_window_00_frame_689 pair 128 [8, 9] combined 208896 players 0 retained 0 seconds 0.7832762110047042
gxBQ_window_00_frame_689 pair 136 [9, 1] combined 262144 players 0 retained 0 seconds 0.8940241145901382
gxBQ_window_00_frame_689 pair 143 [9, 8] combined 257024 players 0 retained 0 seconds 0.8429775447584689
gxBQ_window_00_frame_689 pair 145 [9, 11] combined 15912 players 0 retained 0 seconds 0.0727575053460896
gxBQ_window_00_frame_689 pair 168 [11, 3] combined 28672 players 0 retained 0 seconds 0.14604891231283545
gxBQ_window_00_frame_689 pair 171 [11, 6] combined 1728 players 0 retained 0 seconds 0.01533862017095089
gxBQ_window_00_frame_689 pair 172 [11, 7] combined 22528 players 0 retained 0 seconds 0.0895717921666801
gxBQ_window_00_frame_689 pair 174 [11, 9] combined 12880 players 0 retained 0 seconds 0.058802582789212465
gxBQ_window_00_frame_689 pair 17 [1, 3] combined 26796 players 806 retained 256 seconds 0.19165541091933846
gxBQ_window_00_frame_689 pair 20 [1, 6] combined 0 players 0 retained 0 seconds 0.03626523492857814
gxBQ_window_00_frame_689 pair 21 [1, 7] combined 3860 players 0 retained 0 seconds 0.04757811175659299
gxBQ_window_00_frame_689 pair 23 [1, 9] combined 17272 players 0 retained 0 seconds 0.0913542858324945
gxBQ_window_00_frame_689 pair 46 [3, 1] combined 25600 players 114 retained 56 seconds 0.14371302025392652
gxBQ_window_00_frame_689 pair 52 [3, 8] combined 16384 players 636 retained 256 seconds 0.14210893167182803
gxBQ_window_00_frame_689 pair 55 [3, 11] combined 0 players 0 retained 0 seconds 0.010190112050622702
gxBQ_window_00_frame_689 pair 91 [6, 1] combined 0 players 0 retained 0 seconds 0.03261137381196022
gxBQ_window_00_frame_689 pair 97 [6, 8] combined 0 players 0 retained 0 seconds 0.027587527874857187
gxBQ_window_00_frame_689 pair 100 [6, 11] combined 0 players 0 retained 0 seconds 0.003208627924323082
gxBQ_window_00_frame_689 pair 106 [7, 1] combined 5120 players 0 retained 0 seconds 0.04613981395959854
gxBQ_window_00_frame_689 pair 112 [7, 8] combined 2048 players 0 retained 0 seconds 0.03227907419204712
gxBQ_window_00_frame_689 pair 115 [7, 11] combined 0 players 0 retained 0 seconds 0.003979549277573824
gxBQ_window_00_frame_689 pair 123 [8, 3] combined 16000 players 870 retained 256 seconds 0.15290028881281614
gxBQ_window_00_frame_689 pair 126 [8, 6] combined 0 players 0 retained 0 seconds 0.03092091903090477
gxBQ_window_00_frame_689 pair 127 [8, 7] combined 2860 players 0 retained 0 seconds 0.11370869819074869
gxBQ_window_00_frame_689 pair 128 [8, 9] combined 22500 players 0 retained 0 seconds 0.0974792530760169
gxBQ_window_00_frame_689 pair 136 [9, 1] combined 31744 players 0 retained 0 seconds 0.11841821437701583
gxBQ_window_00_frame_689 pair 143 [9, 8] combined 20592 players 0 retained 0 seconds 0.0842244359664619
gxBQ_window_00_frame_689 pair 145 [9, 11] combined 120 players 0 retained 0 seconds 0.007099236361682415
gxBQ_window_00_frame_689 pair 168 [11, 3] combined 0 players 0 retained 0 seconds 0.008935083635151386
gxBQ_window_00_frame_689 pair 171 [11, 6] combined 0 players 0 retained 0 seconds 0.0031647230498492718
gxBQ_window_00_frame_689 pair 172 [11, 7] combined 0 players 0 retained 0 seconds 0.0037059211172163486
gxBQ_window_00_frame_689 pair 174 [11, 9] combined 280 players 0 retained 0 seconds 0.006605319678783417
[gxBQ_window_00_frame_689] line-template: preparing rectangles
[gxBQ_window_00_frame_689] measuring 761 parents (G0=256, G1=256, line_template=256; conflicting geometry groups=0)
[gxBQ_window_00_frame_689] parents 250/761
[gxBQ_window_00_frame_689] parents 500/761
[gxBQ_window_00_frame_689] parents 750/761
[gxBQ_window_00_frame_689] refitting 761 parents
[gxBQ_window_00_frame_689] refits 250/761; valid children=246
[gxBQ_window_00_frame_689] refits 500/761; valid children=493
[gxBQ_window_00_frame_689] refits 750/761; valid children=703
{"view_id": "gxBQ_window_00_frame_689", "chosen_key": "G0:123:615/child", "no_court_reason": null, "all_checks_equal": null, "error": null}
am3_window_02_frame_17174 pair 1 [0, 2] combined 262144 players 34724 retained 256 seconds 3.1381379938684404
am3_window_02_frame_17174 pair 10 [0, 11] combined 81920 players 9254 retained 256 seconds 1.7953927456401289
am3_window_02_frame_17174 pair 11 [0, 12] combined 86016 players 4166 retained 256 seconds 1.4897342440672219
am3_window_02_frame_17174 pair 30 [2, 0] combined 262144 players 8704 retained 256 seconds 2.2653862140141428
am3_window_02_frame_17174 pair 32 [2, 3] combined 262144 players 54820 retained 256 seconds 2.872714600060135
am3_window_02_frame_17174 pair 33 [2, 4] combined 262144 players 964 retained 256 seconds 1.0544822541996837
am3_window_02_frame_17174 pair 34 [2, 5] combined 133120 players 0 retained 0 seconds 0.4941802457906306
am3_window_02_frame_17174 pair 36 [2, 7] combined 26624 players 0 retained 0 seconds 0.19583894684910774
am3_window_02_frame_17174 pair 39 [2, 10] combined 5120 players 0 retained 0 seconds 0.13892650371417403
am3_window_02_frame_17174 pair 43 [2, 14] combined 262144 players 20636 retained 256 seconds 2.476627465803176
am3_window_02_frame_17174 pair 44 [2, 15] combined 262144 players 26416 retained 256 seconds 2.470023332629353
am3_window_02_frame_17174 pair 47 [3, 2] combined 262144 players 57092 retained 256 seconds 2.8585804258473217
am3_window_02_frame_17174 pair 50 [3, 6] combined 24576 players 2710 retained 256 seconds 0.34004646399989724
am3_window_02_frame_17174 pair 55 [3, 11] combined 52224 players 6044 retained 256 seconds 0.5292012230493128
am3_window_02_frame_17174 pair 56 [3, 12] combined 103424 players 6018 retained 256 seconds 0.6733195814304054
am3_window_02_frame_17174 pair 62 [4, 2] combined 262144 players 540 retained 231 seconds 1.000714191235602
am3_window_02_frame_17174 pair 70 [4, 11] combined 39936 players 44 retained 22 seconds 0.23476041620597243
am3_window_02_frame_17174 pair 71 [4, 12] combined 62464 players 1706 retained 256 seconds 0.3802562961354852
am3_window_02_frame_17174 pair 77 [5, 2] combined 105472 players 82 retained 41 seconds 0.4233593950048089
am3_window_02_frame_17174 pair 85 [5, 11] combined 71604 players 78 retained 39 seconds 0.26124717528000474
am3_window_02_frame_17174 pair 86 [5, 12] combined 43428 players 1246 retained 256 seconds 0.2500253329053521
am3_window_02_frame_17174 pair 93 [6, 3] combined 18432 players 38 retained 19 seconds 0.17478661239147186
am3_window_02_frame_17174 pair 107 [7, 2] combined 34816 players 20 retained 12 seconds 0.2880227598361671
am3_window_02_frame_17174 pair 152 [10, 2] combined 10240 players 0 retained 0 seconds 0.11977456696331501
am3_window_02_frame_17174 pair 165 [11, 0] combined 79872 players 9846 retained 256 seconds 1.5768218152225018
am3_window_02_frame_17174 pair 168 [11, 3] combined 50176 players 8988 retained 256 seconds 0.558749218005687
am3_window_02_frame_17174 pair 169 [11, 4] combined 50176 players 0 retained 0 seconds 0.21133880596607924
am3_window_02_frame_17174 pair 170 [11, 5] combined 55648 players 0 retained 0 seconds 0.17924452992156148
am3_window_02_frame_17174 pair 178 [11, 14] combined 64512 players 8488 retained 256 seconds 1.3561824918724597
am3_window_02_frame_17174 pair 179 [11, 15] combined 63488 players 8388 retained 256 seconds 1.1359164649620652
am3_window_02_frame_17174 pair 180 [12, 0] combined 29696 players 712 retained 256 seconds 1.145170175936073
am3_window_02_frame_17174 pair 183 [12, 3] combined 11264 players 1076 retained 256 seconds 0.2916413969360292
am3_window_02_frame_17174 pair 184 [12, 4] combined 55296 players 1134 retained 256 seconds 0.3174311202019453
am3_window_02_frame_17174 pair 185 [12, 5] combined 35000 players 678 retained 256 seconds 0.2030372777953744
am3_window_02_frame_17174 pair 193 [12, 14] combined 29696 players 774 retained 256 seconds 1.0110377366654575
am3_window_02_frame_17174 pair 194 [12, 15] combined 29696 players 726 retained 256 seconds 0.8179132342338562
am3_window_02_frame_17174 pair 212 [14, 2] combined 262144 players 25420 retained 256 seconds 2.814912348985672
am3_window_02_frame_17174 pair 221 [14, 11] combined 72704 players 7400 retained 256 seconds 1.5595010961405933
am3_window_02_frame_17174 pair 222 [14, 12] combined 78848 players 3806 retained 256 seconds 1.3824726860038936
am3_window_02_frame_17174 pair 227 [15, 2] combined 262144 players 21850 retained 256 seconds 2.5286536403000355
am3_window_02_frame_17174 pair 236 [15, 11] combined 73728 players 9602 retained 256 seconds 1.4234280749224126
am3_window_02_frame_17174 pair 237 [15, 12] combined 89088 players 3672 retained 256 seconds 1.2014209642075002
am3_window_02_frame_17174 pair 1 [0, 2] combined 124928 players 9706 retained 256 seconds 0.7713446202687919
am3_window_02_frame_17174 pair 10 [0, 11] combined 7392 players 126 retained 63 seconds 0.0829574759118259
am3_window_02_frame_17174 pair 11 [0, 12] combined 400 players 0 retained 0 seconds 0.02346172695979476
am3_window_02_frame_17174 pair 30 [2, 0] combined 179452 players 21218 retained 256 seconds 1.4152821069583297
am3_window_02_frame_17174 pair 32 [2, 3] combined 0 players 0 retained 0 seconds 0.039064989890903234
am3_window_02_frame_17174 pair 33 [2, 4] combined 76800 players 40 retained 20 seconds 0.28339971182867885
am3_window_02_frame_17174 pair 34 [2, 5] combined 3040 players 0 retained 0 seconds 0.04110104404389858
am3_window_02_frame_17174 pair 36 [2, 7] combined 0 players 0 retained 0 seconds 0.032904079649597406
am3_window_02_frame_17174 pair 39 [2, 10] combined 0 players 0 retained 0 seconds 0.029777682851999998
am3_window_02_frame_17174 pair 43 [2, 14] combined 205824 players 25274 retained 256 seconds 1.509958156850189
am3_window_02_frame_17174 pair 44 [2, 15] combined 146248 players 16588 retained 256 seconds 1.060888395179063
am3_window_02_frame_17174 pair 47 [3, 2] combined 0 players 0 retained 0 seconds 0.027991984970867634
am3_window_02_frame_17174 pair 50 [3, 6] combined 0 players 0 retained 0 seconds 0.003622381016612053
am3_window_02_frame_17174 pair 55 [3, 11] combined 0 players 0 retained 0 seconds 0.0037478250451385975
am3_window_02_frame_17174 pair 56 [3, 12] combined 0 players 0 retained 0 seconds 0.004877198021858931
am3_window_02_frame_17174 pair 62 [4, 2] combined 43008 players 0 retained 0 seconds 0.14968818705528975
am3_window_02_frame_17174 pair 70 [4, 11] combined 696 players 0 retained 0 seconds 0.011231832206249237
am3_window_02_frame_17174 pair 71 [4, 12] combined 1656 players 52 retained 26 seconds 0.04180097673088312
am3_window_02_frame_17174 pair 77 [5, 2] combined 4096 players 20 retained 10 seconds 0.06520787114277482
am3_window_02_frame_17174 pair 85 [5, 11] combined 460 players 0 retained 0 seconds 0.006540392059832811
am3_window_02_frame_17174 pair 86 [5, 12] combined 0 players 0 retained 0 seconds 0.005819214042276144
am3_window_02_frame_17174 pair 93 [6, 3] combined 0 players 0 retained 0 seconds 0.003175229299813509
am3_window_02_frame_17174 pair 107 [7, 2] combined 0 players 0 retained 0 seconds 0.024794019758701324
am3_window_02_frame_17174 pair 152 [10, 2] combined 0 players 0 retained 0 seconds 0.024302931036800146
am3_window_02_frame_17174 pair 165 [11, 0] combined 6812 players 212 retained 106 seconds 0.07847613003104925
am3_window_02_frame_17174 pair 168 [11, 3] combined 0 players 0 retained 0 seconds 0.004115574061870575
am3_window_02_frame_17174 pair 169 [11, 4] combined 1120 players 0 retained 0 seconds 0.011254379991441965
am3_window_02_frame_17174 pair 170 [11, 5] combined 180 players 0 retained 0 seconds 0.005420173984020948
am3_window_02_frame_17174 pair 178 [11, 14] combined 11440 players 394 retained 188 seconds 0.10679020406678319
am3_window_02_frame_17174 pair 179 [11, 15] combined 9120 players 270 retained 135 seconds 0.09259692812338471
am3_window_02_frame_17174 pair 180 [12, 0] combined 2512 players 32 retained 16 seconds 0.05420699715614319
am3_window_02_frame_17174 pair 183 [12, 3] combined 0 players 0 retained 0 seconds 0.005242045968770981
am3_window_02_frame_17174 pair 184 [12, 4] combined 1988 players 50 retained 25 seconds 0.04246584419161081
am3_window_02_frame_17174 pair 185 [12, 5] combined 264 players 16 retained 8 seconds 0.03196141216903925
am3_window_02_frame_17174 pair 193 [12, 14] combined 0 players 0 retained 0 seconds 0.023805188946425915
am3_window_02_frame_17174 pair 194 [12, 15] combined 0 players 0 retained 0 seconds 0.02330408664420247
am3_window_02_frame_17174 pair 212 [14, 2] combined 262144 players 28386 retained 256 seconds 1.8939645569771528
am3_window_02_frame_17174 pair 221 [14, 11] combined 8888 players 114 retained 57 seconds 0.09339811792597175
am3_window_02_frame_17174 pair 222 [14, 12] combined 1552 players 0 retained 0 seconds 0.03515571029856801
am3_window_02_frame_17174 pair 227 [15, 2] combined 125952 players 15452 retained 256 seconds 0.971404321026057
am3_window_02_frame_17174 pair 236 [15, 11] combined 7304 players 76 retained 38 seconds 0.08505283109843731
am3_window_02_frame_17174 pair 237 [15, 12] combined 2960 players 0 retained 0 seconds 0.03877030219882727
[am3_window_02_frame_17174] line-template: preparing rectangles
[am3_window_02_frame_17174] measuring 761 parents (G0=256, G1=256, line_template=256; conflicting geometry groups=0)
[am3_window_02_frame_17174] parents 250/761
[am3_window_02_frame_17174] parents 500/761
[am3_window_02_frame_17174] parents 750/761
[am3_window_02_frame_17174] refitting 761 parents
[am3_window_02_frame_17174] refits 250/761; valid children=250
[am3_window_02_frame_17174] refits 500/761; valid children=500
[am3_window_02_frame_17174] refits 750/761; valid children=704
{"view_id": "am3_window_02_frame_17174", "chosen_key": "G1:30:220/child", "no_court_reason": null, "all_checks_equal": null, "error": null}
am2_window_01_frame_28019 pair 0 [0, 1] combined 262144 players 11454 retained 256 seconds 1.8931966498494148
am2_window_01_frame_28019 pair 10 [0, 11] combined 262144 players 1462 retained 256 seconds 1.4339243890717626
am2_window_01_frame_28019 pair 13 [0, 14] combined 6144 players 0 retained 0 seconds 0.5953375939279795
am2_window_01_frame_28019 pair 15 [1, 0] combined 262144 players 6876 retained 256 seconds 1.6669524712488055
am2_window_01_frame_28019 pair 16 [1, 2] combined 262144 players 7188 retained 256 seconds 1.503109130077064
am2_window_01_frame_28019 pair 18 [1, 4] combined 262144 players 454 retained 223 seconds 1.1506602470763028
am2_window_01_frame_28019 pair 21 [1, 7] combined 262144 players 852 retained 256 seconds 1.1332935928367078
am2_window_01_frame_28019 pair 22 [1, 8] combined 204800 players 56356 retained 256 seconds 2.795648794155568
am2_window_01_frame_28019 pair 24 [1, 10] combined 49152 players 0 retained 0 seconds 0.37696470599621534
am2_window_01_frame_28019 pair 27 [1, 13] combined 6144 players 0 retained 0 seconds 0.2362728752195835
am2_window_01_frame_28019 pair 31 [2, 1] combined 262144 players 11916 retained 256 seconds 1.6796163800172508
am2_window_01_frame_28019 pair 40 [2, 11] combined 262144 players 6099 retained 256 seconds 1.4493855400942266
am2_window_01_frame_28019 pair 43 [2, 14] combined 4096 players 0 retained 0 seconds 0.412541757337749
am2_window_01_frame_28019 pair 48 [3, 4] combined 138240 players 8748 retained 256 seconds 0.8526443191803992
am2_window_01_frame_28019 pair 52 [3, 8] combined 89088 players 6862 retained 256 seconds 0.6001002970151603
am2_window_01_frame_28019 pair 61 [4, 1] combined 262144 players 168 retained 80 seconds 1.077824610285461
am2_window_01_frame_28019 pair 63 [4, 3] combined 160768 players 8468 retained 256 seconds 0.9272954249754548
am2_window_01_frame_28019 pair 68 [4, 9] combined 262144 players 27564 retained 256 seconds 1.9320445987395942
am2_window_01_frame_28019 pair 70 [4, 11] combined 262144 players 8630 retained 256 seconds 1.2454736712388694
am2_window_01_frame_28019 pair 71 [4, 12] combined 251904 players 4102 retained 256 seconds 1.0823801700025797
am2_window_01_frame_28019 pair 73 [4, 14] combined 5120 players 0 retained 0 seconds 0.15186706837266684
am2_window_01_frame_28019 pair 106 [7, 1] combined 262144 players 494 retained 247 seconds 1.061728856060654
am2_window_01_frame_28019 pair 115 [7, 11] combined 224256 players 0 retained 0 seconds 0.8156589344143867
am2_window_01_frame_28019 pair 121 [8, 1] combined 200704 players 54438 retained 256 seconds 2.515249921940267
am2_window_01_frame_28019 pair 123 [8, 3] combined 96624 players 18166 retained 256 seconds 1.0900247897952795
am2_window_01_frame_28019 pair 130 [8, 11] combined 130032 players 23718 retained 256 seconds 1.2381850467063487
am2_window_01_frame_28019 pair 133 [8, 14] combined 2048 players 0 retained 0 seconds 0.08957662666216493
am2_window_01_frame_28019 pair 139 [9, 4] combined 262144 players 26526 retained 256 seconds 1.8010497661307454
am2_window_01_frame_28019 pair 151 [10, 1] combined 59392 players 0 retained 0 seconds 0.35709550604224205
am2_window_01_frame_28019 pair 160 [10, 11] combined 54668 players 0 retained 0 seconds 0.22395127080380917
am2_window_01_frame_28019 pair 165 [11, 0] combined 186368 players 426 retained 177 seconds 0.9956780890934169
am2_window_01_frame_28019 pair 167 [11, 2] combined 225280 players 1756 retained 256 seconds 1.0603586412034929
am2_window_01_frame_28019 pair 169 [11, 4] combined 195584 players 6710 retained 256 seconds 1.0168139757588506
am2_window_01_frame_28019 pair 172 [11, 7] combined 262144 players 0 retained 0 seconds 0.8600468379445374
am2_window_01_frame_28019 pair 173 [11, 8] combined 108072 players 23850 retained 256 seconds 1.1802811338566244
am2_window_01_frame_28019 pair 175 [11, 10] combined 23564 players 0 retained 0 seconds 0.13770147785544395
am2_window_01_frame_28019 pair 184 [12, 4] combined 262144 players 2662 retained 256 seconds 1.0279203611426055
am2_window_01_frame_28019 pair 196 [13, 1] combined 12288 players 0 retained 0 seconds 0.19833837822079659
am2_window_01_frame_28019 pair 210 [14, 0] combined 6144 players 46 retained 23 seconds 0.39850176498293877
am2_window_01_frame_28019 pair 212 [14, 2] combined 7168 players 6 retained 3 seconds 0.30734728183597326
am2_window_01_frame_28019 pair 214 [14, 4] combined 3072 players 0 retained 0 seconds 0.09447821788489819
am2_window_01_frame_28019 pair 218 [14, 8] combined 1712 players 68 retained 34 seconds 0.0878973500803113
am2_window_01_frame_28019 pair 0 [0, 1] combined 262144 players 19376 retained 256 seconds 1.6587788318283856
am2_window_01_frame_28019 pair 10 [0, 11] combined 70336 players 172 retained 86 seconds 0.32333273719996214
am2_window_01_frame_28019 pair 13 [0, 14] combined 0 players 0 retained 0 seconds 0.07527909521013498
am2_window_01_frame_28019 pair 15 [1, 0] combined 150528 players 9890 retained 256 seconds 0.9038103111088276
am2_window_01_frame_28019 pair 16 [1, 2] combined 262144 players 12740 retained 256 seconds 1.3389623840339482
am2_window_01_frame_28019 pair 18 [1, 4] combined 25600 players 0 retained 0 seconds 0.14910451788455248
am2_window_01_frame_28019 pair 21 [1, 7] combined 0 players 0 retained 0 seconds 0.06716407928615808
am2_window_01_frame_28019 pair 22 [1, 8] combined 9000 players 1718 retained 256 seconds 0.20296733919531107
am2_window_01_frame_28019 pair 24 [1, 10] combined 8320 players 0 retained 0 seconds 0.09696101490408182
am2_window_01_frame_28019 pair 27 [1, 13] combined 0 players 0 retained 0 seconds 0.06550325686112046
am2_window_01_frame_28019 pair 31 [2, 1] combined 262144 players 15794 retained 256 seconds 1.4453549408353865
am2_window_01_frame_28019 pair 40 [2, 11] combined 125952 players 2174 retained 256 seconds 0.5640435521490872
am2_window_01_frame_28019 pair 43 [2, 14] combined 0 players 0 retained 0 seconds 0.08827209891751409
am2_window_01_frame_28019 pair 48 [3, 4] combined 3240 players 130 retained 65 seconds 0.06993516208603978
am2_window_01_frame_28019 pair 52 [3, 8] combined 224 players 6 retained 3 seconds 0.04146441491320729
am2_window_01_frame_28019 pair 61 [4, 1] combined 40960 players 0 retained 0 seconds 0.17547815199941397
am2_window_01_frame_28019 pair 63 [4, 3] combined 352 players 8 retained 4 seconds 0.04743416840210557
am2_window_01_frame_28019 pair 68 [4, 9] combined 5152 players 406 retained 212 seconds 0.10443940432742238
am2_window_01_frame_28019 pair 70 [4, 11] combined 5136 players 96 retained 48 seconds 0.07307066675275564
am2_window_01_frame_28019 pair 71 [4, 12] combined 1120 players 0 retained 0 seconds 0.022573338355869055
am2_window_01_frame_28019 pair 73 [4, 14] combined 0 players 0 retained 0 seconds 0.01555117079988122
am2_window_01_frame_28019 pair 106 [7, 1] combined 0 players 0 retained 0 seconds 0.04636968718841672
am2_window_01_frame_28019 pair 115 [7, 11] combined 0 players 0 retained 0 seconds 0.016993850003927946
am2_window_01_frame_28019 pair 121 [8, 1] combined 5264 players 732 retained 256 seconds 0.23785298177972436
am2_window_01_frame_28019 pair 123 [8, 3] combined 240 players 16 retained 8 seconds 0.042570948135107756
am2_window_01_frame_28019 pair 130 [8, 11] combined 720 players 122 retained 61 seconds 0.058905105106532574
am2_window_01_frame_28019 pair 133 [8, 14] combined 0 players 0 retained 0 seconds 0.010263662785291672
am2_window_01_frame_28019 pair 139 [9, 4] combined 33012 players 1800 retained 256 seconds 0.24081717617809772
am2_window_01_frame_28019 pair 151 [10, 1] combined 11088 players 0 retained 0 seconds 0.08089397335425019
am2_window_01_frame_28019 pair 160 [10, 11] combined 2296 players 0 retained 0 seconds 0.02938112011179328
am2_window_01_frame_28019 pair 165 [11, 0] combined 54752 players 0 retained 0 seconds 0.22747903363779187
am2_window_01_frame_28019 pair 167 [11, 2] combined 67584 players 0 retained 0 seconds 0.2731440053321421
am2_window_01_frame_28019 pair 169 [11, 4] combined 15732 players 254 retained 129 seconds 0.11070549627766013
am2_window_01_frame_28019 pair 172 [11, 7] combined 348 players 0 retained 0 seconds 0.023509442806243896
am2_window_01_frame_28019 pair 173 [11, 8] combined 480 players 192 retained 96 seconds 0.057397585827857256
am2_window_01_frame_28019 pair 175 [11, 10] combined 1280 players 0 retained 0 seconds 0.027226979844272137
am2_window_01_frame_28019 pair 184 [12, 4] combined 600 players 0 retained 0 seconds 0.016895171720534563
am2_window_01_frame_28019 pair 196 [13, 1] combined 1956 players 0 retained 0 seconds 0.04857087694108486
am2_window_01_frame_28019 pair 210 [14, 0] combined 0 players 0 retained 0 seconds 0.044297424610704184
am2_window_01_frame_28019 pair 212 [14, 2] combined 0 players 0 retained 0 seconds 0.053782105911523104
am2_window_01_frame_28019 pair 214 [14, 4] combined 0 players 0 retained 0 seconds 0.011012417264282703
am2_window_01_frame_28019 pair 218 [14, 8] combined 0 players 0 retained 0 seconds 0.006049723364412785
[am2_window_01_frame_28019] line-template: preparing rectangles
[am2_window_01_frame_28019] measuring 765 parents (G0=256, G1=256, line_template=256; conflicting geometry groups=0)
[am2_window_01_frame_28019] parents 250/765
[am2_window_01_frame_28019] parents 500/765
[am2_window_01_frame_28019] parents 750/765
[am2_window_01_frame_28019] refitting 765 parents
[am2_window_01_frame_28019] refits 250/765; valid children=164
[am2_window_01_frame_28019] refits 500/765; valid children=355
[am2_window_01_frame_28019] refits 750/765; valid children=461
{"view_id": "am2_window_01_frame_28019", "chosen_key": "G1:15:0/child", "no_court_reason": null, "all_checks_equal": null, "error": null}
{"views": ["gxBQ_window_00_frame_689", "am3_window_02_frame_17174", "am2_window_01_frame_28019"], "startup_seconds": 0.030595977790653706, "wall_seconds": 774.0979570397176, "peak_rss_mb": 1358.38671875, "failed": []}
