decoded <run root>/paint_geometry_20260909/gx_extension/videos/gxBQ_HwdgN4.mp4 to frame 180 in 1s
decoded /scratch/cmarti/issue103_ad8da4f/external/shuttleset-sources/3 Kento_MOMOTA_CHOU_Tien_Chen_KOREA_OPEN_2019_Final.mp4 to frame 41025 in 161s
gxBQ_window_00_frame_0 pair 17 [1, 3] combined 262144 players 3336 retained 256 seconds 0.6687890398316085
gxBQ_window_00_frame_0 pair 18 [1, 4] combined 23552 players 4 retained 2 seconds 0.11599214095622301
gxBQ_window_00_frame_0 pair 22 [1, 8] combined 262144 players 8210 retained 256 seconds 0.7086740783415735
gxBQ_window_00_frame_0 pair 25 [1, 11] combined 134144 players 0 retained 0 seconds 0.29194092424586415
gxBQ_window_00_frame_0 pair 46 [3, 1] combined 262144 players 3022 retained 256 seconds 0.612199624069035
gxBQ_window_00_frame_0 pair 50 [3, 6] combined 262144 players 1644 retained 256 seconds 0.5820413720794022
gxBQ_window_00_frame_0 pair 53 [3, 9] combined 262144 players 2378 retained 256 seconds 0.5923458812758327
gxBQ_window_00_frame_0 pair 61 [4, 1] combined 1024 players 0 retained 0 seconds 0.06652251072227955
gxBQ_window_00_frame_0 pair 65 [4, 6] combined 1024 players 14 retained 7 seconds 0.03241970110684633
gxBQ_window_00_frame_0 pair 68 [4, 9] combined 1024 players 0 retained 0 seconds 0.06313460413366556
gxBQ_window_00_frame_0 pair 93 [6, 3] combined 149504 players 4440 retained 256 seconds 0.37884769309312105
gxBQ_window_00_frame_0 pair 94 [6, 4] combined 7636 players 64 retained 32 seconds 0.04387357458472252
gxBQ_window_00_frame_0 pair 97 [6, 8] combined 115712 players 1182 retained 256 seconds 0.3020737529732287
gxBQ_window_00_frame_0 pair 100 [6, 11] combined 70656 players 0 retained 0 seconds 0.1315744509920478
gxBQ_window_00_frame_0 pair 101 [6, 12] combined 1116 players 0 retained 0 seconds 0.017935819923877716
gxBQ_window_00_frame_0 pair 121 [8, 1] combined 262144 players 3658 retained 256 seconds 0.6252718023024499
gxBQ_window_00_frame_0 pair 126 [8, 6] combined 205824 players 1282 retained 256 seconds 0.4640094758942723
gxBQ_window_00_frame_0 pair 128 [8, 9] combined 262144 players 4098 retained 256 seconds 0.6845130138099194
gxBQ_window_00_frame_0 pair 138 [9, 3] combined 262144 players 1488 retained 256 seconds 0.5722663728520274
gxBQ_window_00_frame_0 pair 139 [9, 4] combined 19456 players 0 retained 0 seconds 0.09849395416676998
gxBQ_window_00_frame_0 pair 143 [9, 8] combined 262144 players 4608 retained 256 seconds 0.6377978180535138
gxBQ_window_00_frame_0 pair 145 [9, 11] combined 142336 players 0 retained 0 seconds 0.3173638950102031
gxBQ_window_00_frame_0 pair 166 [11, 1] combined 62464 players 0 retained 0 seconds 0.15958638302981853
gxBQ_window_00_frame_0 pair 171 [11, 6] combined 43560 players 0 retained 0 seconds 0.08350848825648427
gxBQ_window_00_frame_0 pair 174 [11, 9] combined 88064 players 8 retained 4 seconds 0.20567334908992052
gxBQ_window_00_frame_0 pair 186 [12, 6] combined 2048 players 568 retained 256 seconds 0.056381492875516415
gxBQ_window_00_frame_0 pair 17 [1, 3] combined 3120 players 48 retained 24 seconds 0.038838834036141634
gxBQ_window_00_frame_0 pair 18 [1, 4] combined 2700 players 0 retained 0 seconds 0.022993273101747036
gxBQ_window_00_frame_0 pair 22 [1, 8] combined 19920 players 178 retained 89 seconds 0.0736164003610611
gxBQ_window_00_frame_0 pair 25 [1, 11] combined 18832 players 0 retained 0 seconds 0.04889304004609585
gxBQ_window_00_frame_0 pair 46 [3, 1] combined 4096 players 6 retained 3 seconds 0.08946028398349881
gxBQ_window_00_frame_0 pair 50 [3, 6] combined 144 players 0 retained 0 seconds 0.005280503071844578
gxBQ_window_00_frame_0 pair 53 [3, 9] combined 4096 players 0 retained 0 seconds 0.019821329042315483
gxBQ_window_00_frame_0 pair 61 [4, 1] combined 0 players 0 retained 0 seconds 0.014285529963672161
gxBQ_window_00_frame_0 pair 65 [4, 6] combined 0 players 0 retained 0 seconds 0.0037587089464068413
gxBQ_window_00_frame_0 pair 68 [4, 9] combined 0 players 0 retained 0 seconds 0.01258683018386364
gxBQ_window_00_frame_0 pair 93 [6, 3] combined 0 players 0 retained 0 seconds 0.004581173416227102
gxBQ_window_00_frame_0 pair 94 [6, 4] combined 48 players 0 retained 0 seconds 0.003991157282143831
gxBQ_window_00_frame_0 pair 97 [6, 8] combined 876 players 0 retained 0 seconds 0.008780810981988907
gxBQ_window_00_frame_0 pair 100 [6, 11] combined 0 players 0 retained 0 seconds 0.0046734074130654335
gxBQ_window_00_frame_0 pair 101 [6, 12] combined 0 players 0 retained 0 seconds 0.0036078649573028088
gxBQ_window_00_frame_0 pair 121 [8, 1] combined 15360 players 184 retained 92 seconds 0.05981381004676223
gxBQ_window_00_frame_0 pair 126 [8, 6] combined 1288 players 0 retained 0 seconds 0.010653039906173944
gxBQ_window_00_frame_0 pair 128 [8, 9] combined 16384 players 52 retained 24 seconds 0.05971395457163453
gxBQ_window_00_frame_0 pair 138 [9, 3] combined 2328 players 24 retained 12 seconds 0.03430715389549732
gxBQ_window_00_frame_0 pair 139 [9, 4] combined 2448 players 0 retained 0 seconds 0.019956984091550112
gxBQ_window_00_frame_0 pair 143 [9, 8] combined 28944 players 64 retained 31 seconds 0.082401008810848
gxBQ_window_00_frame_0 pair 145 [9, 11] combined 9900 players 0 retained 0 seconds 0.029957862105220556
gxBQ_window_00_frame_0 pair 166 [11, 1] combined 16008 players 0 retained 0 seconds 0.038317380007356405
gxBQ_window_00_frame_0 pair 171 [11, 6] combined 192 players 0 retained 0 seconds 0.004624835681170225
gxBQ_window_00_frame_0 pair 174 [11, 9] combined 13716 players 0 retained 0 seconds 0.03287106892094016
gxBQ_window_00_frame_0 pair 186 [12, 6] combined 0 players 0 retained 0 seconds 0.0036774491891264915
[gxBQ_window_00_frame_0] line-template: preparing rectangles
[gxBQ_window_00_frame_0] measuring 768 parents (G0=256, G1=256, line_template=256; conflicting geometry groups=0)
[gxBQ_window_00_frame_0] parents 250/768
[gxBQ_window_00_frame_0] parents 500/768
[gxBQ_window_00_frame_0] parents 750/768
[gxBQ_window_00_frame_0] refitting 768 parents
[gxBQ_window_00_frame_0] refits 250/768; valid children=238
[gxBQ_window_00_frame_0] refits 500/768; valid children=478
[gxBQ_window_00_frame_0] refits 750/768; valid children=712
{"view_id": "gxBQ_window_00_frame_0", "chosen_key": "G0:22:5053/child", "no_court_reason": null, "all_checks_equal": null, "error": null}
shuttleset_03_scene_0019 pair 0 [0, 1] combined 262144 players 69820 retained 256 seconds 2.868254642933607
shuttleset_03_scene_0019 pair 1 [0, 2] combined 262144 players 63286 retained 256 seconds 2.705196205060929
shuttleset_03_scene_0019 pair 2 [0, 3] combined 223232 players 0 retained 0 seconds 1.350509651005268
shuttleset_03_scene_0019 pair 4 [0, 5] combined 262144 players 68980 retained 256 seconds 2.8552774908021092
shuttleset_03_scene_0019 pair 6 [0, 7] combined 142336 players 41158 retained 256 seconds 1.9883086271584034
shuttleset_03_scene_0019 pair 7 [0, 8] combined 262144 players 18682 retained 256 seconds 1.8542663571424782
shuttleset_03_scene_0019 pair 8 [0, 9] combined 208896 players 0 retained 0 seconds 1.2981427772901952
shuttleset_03_scene_0019 pair 9 [0, 10] combined 262144 players 73274 retained 256 seconds 2.866913740988821
shuttleset_03_scene_0019 pair 10 [0, 11] combined 262144 players 0 retained 0 seconds 1.3877922277897596
shuttleset_03_scene_0019 pair 11 [0, 12] combined 22528 players 872 retained 256 seconds 1.0801163236610591
shuttleset_03_scene_0019 pair 12 [0, 13] combined 1024 players 4 retained 2 seconds 0.9879067242145538
shuttleset_03_scene_0019 pair 13 [0, 14] combined 74752 players 0 retained 0 seconds 1.057173915207386
shuttleset_03_scene_0019 pair 14 [0, 15] combined 43008 players 9672 retained 256 seconds 1.226717097684741
shuttleset_03_scene_0019 pair 15 [1, 0] combined 262144 players 85890 retained 256 seconds 2.8973177140578628
shuttleset_03_scene_0019 pair 18 [1, 4] combined 262144 players 66348 retained 256 seconds 1.9698556568473577
shuttleset_03_scene_0019 pair 30 [2, 0] combined 262144 players 87318 retained 256 seconds 2.8289260123856366
shuttleset_03_scene_0019 pair 33 [2, 4] combined 262144 players 65550 retained 256 seconds 1.8222977533005178
shuttleset_03_scene_0019 pair 45 [3, 0] combined 262144 players 0 retained 0 seconds 1.0801506941206753
shuttleset_03_scene_0019 pair 61 [4, 1] combined 262144 players 71430 retained 256 seconds 2.0403065998107195
shuttleset_03_scene_0019 pair 62 [4, 2] combined 262144 players 52118 retained 256 seconds 1.7021965011954308
shuttleset_03_scene_0019 pair 64 [4, 5] combined 262144 players 70960 retained 256 seconds 2.086435091216117
shuttleset_03_scene_0019 pair 66 [4, 7] combined 145408 players 41394 retained 256 seconds 1.182561133056879
shuttleset_03_scene_0019 pair 69 [4, 10] combined 262144 players 64454 retained 256 seconds 1.898007215000689
shuttleset_03_scene_0019 pair 71 [4, 12] combined 16384 players 2254 retained 256 seconds 0.19061221508309245
shuttleset_03_scene_0019 pair 73 [4, 14] combined 74752 players 0 retained 0 seconds 0.22278673574328423
shuttleset_03_scene_0019 pair 75 [5, 0] combined 262144 players 76852 retained 256 seconds 2.6961628207936883
shuttleset_03_scene_0019 pair 79 [5, 4] combined 262144 players 73728 retained 256 seconds 2.010562260169536
shuttleset_03_scene_0019 pair 105 [7, 0] combined 260096 players 82132 retained 256 seconds 2.707392606884241
shuttleset_03_scene_0019 pair 109 [7, 4] combined 262144 players 60606 retained 256 seconds 1.779474690090865
shuttleset_03_scene_0019 pair 120 [8, 0] combined 262144 players 3794 retained 256 seconds 1.1980847674421966
shuttleset_03_scene_0019 pair 135 [9, 0] combined 262144 players 0 retained 0 seconds 1.0839046738110483
shuttleset_03_scene_0019 pair 150 [10, 0] combined 262144 players 85036 retained 256 seconds 2.7669034493155777
shuttleset_03_scene_0019 pair 154 [10, 4] combined 262144 players 67026 retained 256 seconds 1.9293902372010052
shuttleset_03_scene_0019 pair 165 [11, 0] combined 219136 players 1722 retained 256 seconds 1.0969543042592704
shuttleset_03_scene_0019 pair 180 [12, 0] combined 32768 players 1026 retained 256 seconds 0.7170973289757967
shuttleset_03_scene_0019 pair 184 [12, 4] combined 24576 players 2404 retained 256 seconds 0.16955950018018484
shuttleset_03_scene_0019 pair 195 [13, 0] combined 5120 players 0 retained 0 seconds 0.630599994212389
shuttleset_03_scene_0019 pair 210 [14, 0] combined 135168 players 0 retained 0 seconds 0.8357241121120751
shuttleset_03_scene_0019 pair 214 [14, 4] combined 128000 players 0 retained 0 seconds 0.27789835073053837
shuttleset_03_scene_0019 pair 225 [15, 0] combined 70656 players 21954 retained 256 seconds 1.1763968099839985
shuttleset_03_scene_0019 pair 0 [0, 1] combined 114688 players 26038 retained 256 seconds 1.305765374097973
shuttleset_03_scene_0019 pair 1 [0, 2] combined 67584 players 20618 retained 256 seconds 1.115463389083743
shuttleset_03_scene_0019 pair 2 [0, 3] combined 1024 players 0 retained 0 seconds 0.6608141302131116
shuttleset_03_scene_0019 pair 4 [0, 5] combined 94208 players 20224 retained 256 seconds 1.1503487057052553
shuttleset_03_scene_0019 pair 6 [0, 7] combined 23552 players 6172 retained 256 seconds 0.7582618799060583
shuttleset_03_scene_0019 pair 7 [0, 8] combined 46080 players 964 retained 256 seconds 0.7107852818444371
shuttleset_03_scene_0019 pair 8 [0, 9] combined 4096 players 0 retained 0 seconds 0.5721333492547274
shuttleset_03_scene_0019 pair 9 [0, 10] combined 43008 players 11056 retained 256 seconds 0.870601347181946
shuttleset_03_scene_0019 pair 10 [0, 11] combined 8192 players 0 retained 0 seconds 0.5690157818607986
shuttleset_03_scene_0019 pair 11 [0, 12] combined 44032 players 1196 retained 256 seconds 0.723072316031903
shuttleset_03_scene_0019 pair 12 [0, 13] combined 0 players 0 retained 0 seconds 0.5836473889648914
shuttleset_03_scene_0019 pair 13 [0, 14] combined 28672 players 0 retained 0 seconds 0.6118800733238459
shuttleset_03_scene_0019 pair 14 [0, 15] combined 8192 players 1988 retained 256 seconds 0.6477529569528997
shuttleset_03_scene_0019 pair 15 [1, 0] combined 215040 players 57344 retained 256 seconds 1.926202090922743
shuttleset_03_scene_0019 pair 18 [1, 4] combined 101016 players 25520 retained 256 seconds 0.7231036899611354
shuttleset_03_scene_0019 pair 30 [2, 0] combined 96256 players 30958 retained 256 seconds 1.1570527702569962
shuttleset_03_scene_0019 pair 33 [2, 4] combined 39516 players 12070 retained 256 seconds 0.38666654797270894
shuttleset_03_scene_0019 pair 45 [3, 0] combined 5120 players 0 retained 0 seconds 0.3719196068122983
shuttleset_03_scene_0019 pair 61 [4, 1] combined 70620 players 20988 retained 256 seconds 0.6990018421784043
shuttleset_03_scene_0019 pair 62 [4, 2] combined 45292 players 15380 retained 256 seconds 0.4540827660821378
shuttleset_03_scene_0019 pair 64 [4, 5] combined 61200 players 18058 retained 256 seconds 0.5235140188597143
shuttleset_03_scene_0019 pair 66 [4, 7] combined 16848 players 4756 retained 256 seconds 0.18672653380781412
shuttleset_03_scene_0019 pair 69 [4, 10] combined 29624 players 10890 retained 256 seconds 0.35110808489844203
shuttleset_03_scene_0019 pair 71 [4, 12] combined 29256 players 5262 retained 256 seconds 0.2289522010833025
shuttleset_03_scene_0019 pair 73 [4, 14] combined 20400 players 0 retained 0 seconds 0.08102307328954339
shuttleset_03_scene_0019 pair 75 [5, 0] combined 171008 players 44574 retained 256 seconds 1.624087751377374
shuttleset_03_scene_0019 pair 79 [5, 4] combined 73476 players 22286 retained 256 seconds 0.6453864402137697
shuttleset_03_scene_0019 pair 105 [7, 0] combined 40960 players 12602 retained 256 seconds 0.7005720380693674
shuttleset_03_scene_0019 pair 109 [7, 4] combined 19680 players 5636 retained 256 seconds 0.19880827283486724
shuttleset_03_scene_0019 pair 120 [8, 0] combined 48128 players 294 retained 147 seconds 0.476594596169889
shuttleset_03_scene_0019 pair 135 [9, 0] combined 6144 players 0 retained 0 seconds 0.40453952504321933
shuttleset_03_scene_0019 pair 150 [10, 0] combined 76800 players 18932 retained 256 seconds 0.8760761409066617
shuttleset_03_scene_0019 pair 154 [10, 4] combined 37440 players 10360 retained 256 seconds 0.32982582738623023
shuttleset_03_scene_0019 pair 165 [11, 0] combined 4096 players 0 retained 0 seconds 0.3680862281471491
shuttleset_03_scene_0019 pair 180 [12, 0] combined 69632 players 200 retained 96 seconds 0.5053724800236523
shuttleset_03_scene_0019 pair 184 [12, 4] combined 39072 players 3372 retained 256 seconds 0.20853786123916507
shuttleset_03_scene_0019 pair 195 [13, 0] combined 0 players 0 retained 0 seconds 0.36795668909326196
shuttleset_03_scene_0019 pair 210 [14, 0] combined 47104 players 0 retained 0 seconds 0.43792379507794976
shuttleset_03_scene_0019 pair 214 [14, 4] combined 29440 players 0 retained 0 seconds 0.18449144018813968
shuttleset_03_scene_0019 pair 225 [15, 0] combined 12288 players 3776 retained 256 seconds 0.4834513948298991
[shuttleset_03_scene_0019] line-template: preparing rectangles
[shuttleset_03_scene_0019] measuring 768 parents (G0=256, G1=256, line_template=256; conflicting geometry groups=0)
[shuttleset_03_scene_0019] parents 250/768
[shuttleset_03_scene_0019] parents 500/768
[shuttleset_03_scene_0019] parents 750/768
[shuttleset_03_scene_0019] refitting 768 parents
[shuttleset_03_scene_0019] refits 250/768; valid children=170
[shuttleset_03_scene_0019] refits 500/768; valid children=417
[shuttleset_03_scene_0019] refits 750/768; valid children=639
{"view_id": "shuttleset_03_scene_0019", "chosen_key": "G1:1:11599/child", "no_court_reason": null, "all_checks_equal": null, "error": null}
{"views": ["gxBQ_window_00_frame_0", "shuttleset_03_scene_0019"], "startup_seconds": 0.030141562689095736, "wall_seconds": 437.69772051554173, "peak_rss_mb": 1176.3203125, "failed": []}
