decoded /scratch/cmarti/issue103_ad8da4f/external/shuttleset-sources/3 Kento_MOMOTA_CHOU_Tien_Chen_KOREA_OPEN_2019_Final.mp4 to frame 54742 in 365s
decoded <run root>/player_guided_20260908/videos/am3_h264.mp4 to frame 90 in 1s
shuttleset_03_scene_0016 pair 0 [0, 1] combined 262144 players 0 retained 0 seconds 2.1605494008399546
shuttleset_03_scene_0016 pair 1 [0, 2] combined 262144 players 59054 retained 256 seconds 3.785539043135941
shuttleset_03_scene_0016 pair 2 [0, 3] combined 218112 players 0 retained 0 seconds 1.685578640550375
shuttleset_03_scene_0016 pair 4 [0, 5] combined 262144 players 48532 retained 256 seconds 3.419933002907783
shuttleset_03_scene_0016 pair 5 [0, 6] combined 114688 players 0 retained 0 seconds 1.3195231026038527
shuttleset_03_scene_0016 pair 7 [0, 8] combined 262144 players 0 retained 0 seconds 1.9089526976458728
shuttleset_03_scene_0016 pair 8 [0, 9] combined 58368 players 0 retained 0 seconds 1.0181280779652297
shuttleset_03_scene_0016 pair 9 [0, 10] combined 262144 players 65196 retained 256 seconds 4.103876478038728
shuttleset_03_scene_0016 pair 10 [0, 11] combined 226304 players 0 retained 0 seconds 1.609651356935501
shuttleset_03_scene_0016 pair 11 [0, 12] combined 225280 players 17548 retained 256 seconds 2.1994471829384565
shuttleset_03_scene_0016 pair 12 [0, 13] combined 15360 players 1140 retained 256 seconds 1.1116036418825388
shuttleset_03_scene_0016 pair 15 [1, 0] combined 262144 players 0 retained 0 seconds 1.881824215874076
shuttleset_03_scene_0016 pair 18 [1, 4] combined 262144 players 0 retained 0 seconds 1.4046265231445432
shuttleset_03_scene_0016 pair 30 [2, 0] combined 262144 players 66360 retained 256 seconds 3.676286089234054
shuttleset_03_scene_0016 pair 33 [2, 4] combined 262144 players 81342 retained 256 seconds 3.759394820779562
shuttleset_03_scene_0016 pair 45 [3, 0] combined 262144 players 0 retained 0 seconds 1.4872663621790707
shuttleset_03_scene_0016 pair 48 [3, 4] combined 262144 players 0 retained 0 seconds 0.9847031282261014
shuttleset_03_scene_0016 pair 61 [4, 1] combined 262144 players 0 retained 0 seconds 1.2848887252621353
shuttleset_03_scene_0016 pair 62 [4, 2] combined 262144 players 69610 retained 256 seconds 3.5257011391222477
shuttleset_03_scene_0016 pair 63 [4, 3] combined 230400 players 0 retained 0 seconds 0.9557975833304226
shuttleset_03_scene_0016 pair 64 [4, 5] combined 262144 players 64446 retained 256 seconds 3.3946241280063987
shuttleset_03_scene_0016 pair 65 [4, 6] combined 93184 players 706 retained 256 seconds 0.6027284981682897
shuttleset_03_scene_0016 pair 67 [4, 8] combined 262144 players 0 retained 0 seconds 1.0874274582602084
shuttleset_03_scene_0016 pair 68 [4, 9] combined 77824 players 0 retained 0 seconds 0.4347526337951422
shuttleset_03_scene_0016 pair 69 [4, 10] combined 262144 players 75346 retained 256 seconds 3.6371236573904753
shuttleset_03_scene_0016 pair 70 [4, 11] combined 242688 players 0 retained 0 seconds 0.9584838706068695
shuttleset_03_scene_0016 pair 71 [4, 12] combined 262144 players 25637 retained 256 seconds 1.8465031599625945
shuttleset_03_scene_0016 pair 72 [4, 13] combined 18432 players 1296 retained 256 seconds 0.37564391316846013
shuttleset_03_scene_0016 pair 75 [5, 0] combined 262144 players 61678 retained 256 seconds 3.6812913618050516
shuttleset_03_scene_0016 pair 79 [5, 4] combined 262144 players 64084 retained 256 seconds 3.310281134210527
shuttleset_03_scene_0016 pair 90 [6, 0] combined 110592 players 0 retained 0 seconds 1.0198494661599398
shuttleset_03_scene_0016 pair 94 [6, 4] combined 130048 players 746 retained 256 seconds 0.6133305421099067
shuttleset_03_scene_0016 pair 96 [6, 7] combined 36400 players 332 retained 166 seconds 0.18975513568148017
shuttleset_03_scene_0016 pair 104 [6, 15] combined 63960 players 744 retained 256 seconds 0.30126184690743685
shuttleset_03_scene_0016 pair 111 [7, 6] combined 27744 players 38 retained 19 seconds 0.1407314632087946
shuttleset_03_scene_0016 pair 113 [7, 9] combined 7740 players 0 retained 0 seconds 0.05214301263913512
shuttleset_03_scene_0016 pair 115 [7, 11] combined 21504 players 0 retained 0 seconds 0.10213373834267259
shuttleset_03_scene_0016 pair 117 [7, 13] combined 2600 players 160 retained 80 seconds 0.06610255315899849
shuttleset_03_scene_0016 pair 120 [8, 0] combined 262144 players 0 retained 0 seconds 1.572237110696733
shuttleset_03_scene_0016 pair 124 [8, 4] combined 262144 players 0 retained 0 seconds 1.0501653710380197
shuttleset_03_scene_0016 pair 135 [9, 0] combined 53248 players 0 retained 0 seconds 0.8139594593085349
shuttleset_03_scene_0016 pair 139 [9, 4] combined 43008 players 0 retained 0 seconds 0.2848259238526225
shuttleset_03_scene_0016 pair 142 [9, 7] combined 8436 players 0 retained 0 seconds 0.05445230798795819
shuttleset_03_scene_0016 pair 149 [9, 15] combined 18260 players 0 retained 0 seconds 0.08623243821784854
shuttleset_03_scene_0016 pair 150 [10, 0] combined 262144 players 70716 retained 256 seconds 3.8507010522298515
shuttleset_03_scene_0016 pair 154 [10, 4] combined 262144 players 80554 retained 256 seconds 3.6041249348782003
shuttleset_03_scene_0016 pair 165 [11, 0] combined 262144 players 0 retained 0 seconds 1.4609784432686865
shuttleset_03_scene_0016 pair 169 [11, 4] combined 262144 players 108 retained 54 seconds 0.9888321203179657
shuttleset_03_scene_0016 pair 172 [11, 7] combined 48128 players 0 retained 0 seconds 0.18761130003258586
shuttleset_03_scene_0016 pair 179 [11, 15] combined 112640 players 0 retained 0 seconds 0.37435201089829206
shuttleset_03_scene_0016 pair 180 [12, 0] combined 247808 players 12102 retained 256 seconds 1.8325447291135788
shuttleset_03_scene_0016 pair 184 [12, 4] combined 218112 players 9938 retained 256 seconds 1.2891982831060886
shuttleset_03_scene_0016 pair 195 [13, 0] combined 15360 players 4050 retained 256 seconds 0.8777826400473714
shuttleset_03_scene_0016 pair 199 [13, 4] combined 17408 players 5534 retained 256 seconds 0.4444418358616531
shuttleset_03_scene_0016 pair 202 [13, 7] combined 720 players 104 retained 52 seconds 0.05469628097489476
shuttleset_03_scene_0016 pair 209 [13, 15] combined 1360 players 148 retained 74 seconds 0.06424200627952814
shuttleset_03_scene_0016 pair 231 [15, 6] combined 50184 players 270 retained 135 seconds 0.22628507995977998
shuttleset_03_scene_0016 pair 234 [15, 9] combined 23956 players 0 retained 0 seconds 0.10328450193628669
shuttleset_03_scene_0016 pair 236 [15, 11] combined 50176 players 0 retained 0 seconds 0.190161544829607
shuttleset_03_scene_0016 pair 238 [15, 13] combined 4576 players 200 retained 100 seconds 0.08303814334794879
shuttleset_03_scene_0016 pair 0 [0, 1] combined 262144 players 0 retained 0 seconds 1.3629034599289298
shuttleset_03_scene_0016 pair 1 [0, 2] combined 114688 players 28962 retained 256 seconds 1.89534116582945
shuttleset_03_scene_0016 pair 2 [0, 3] combined 16384 players 0 retained 0 seconds 0.6030115783214569
shuttleset_03_scene_0016 pair 4 [0, 5] combined 151552 players 38672 retained 256 seconds 2.481447362806648
shuttleset_03_scene_0016 pair 5 [0, 6] combined 11264 players 0 retained 0 seconds 0.6060900869779289
shuttleset_03_scene_0016 pair 7 [0, 8] combined 198656 players 0 retained 0 seconds 1.1399063500575721
shuttleset_03_scene_0016 pair 8 [0, 9] combined 2048 players 0 retained 0 seconds 0.47384380968287587
shuttleset_03_scene_0016 pair 9 [0, 10] combined 23552 players 4216 retained 256 seconds 0.8109762747772038
shuttleset_03_scene_0016 pair 10 [0, 11] combined 4096 players 0 retained 0 seconds 0.518125263042748
shuttleset_03_scene_0016 pair 11 [0, 12] combined 77824 players 5034 retained 256 seconds 0.9288628986105323
shuttleset_03_scene_0016 pair 12 [0, 13] combined 4096 players 28 retained 12 seconds 0.5787156349979341
shuttleset_03_scene_0016 pair 15 [1, 0] combined 262144 players 0 retained 0 seconds 1.2103058020584285
shuttleset_03_scene_0016 pair 18 [1, 4] combined 262144 players 0 retained 0 seconds 0.9560978272929788
shuttleset_03_scene_0016 pair 30 [2, 0] combined 143360 players 45706 retained 256 seconds 2.2098989598453045
shuttleset_03_scene_0016 pair 33 [2, 4] combined 142336 players 38262 retained 256 seconds 1.9078642507083714
shuttleset_03_scene_0016 pair 45 [3, 0] combined 27648 players 0 retained 0 seconds 0.4426988549530506
shuttleset_03_scene_0016 pair 48 [3, 4] combined 28672 players 0 retained 0 seconds 0.18287421995773911
shuttleset_03_scene_0016 pair 61 [4, 1] combined 262144 players 0 retained 0 seconds 0.9557578759267926
shuttleset_03_scene_0016 pair 62 [4, 2] combined 117760 players 27360 retained 256 seconds 1.3673113998956978
shuttleset_03_scene_0016 pair 63 [4, 3] combined 17408 players 0 retained 0 seconds 0.19725307077169418
shuttleset_03_scene_0016 pair 64 [4, 5] combined 155648 players 33714 retained 256 seconds 1.8133483096025884
shuttleset_03_scene_0016 pair 65 [4, 6] combined 15360 players 0 retained 0 seconds 0.19483669195324183
shuttleset_03_scene_0016 pair 67 [4, 8] combined 207872 players 0 retained 0 seconds 0.7717697699554265
shuttleset_03_scene_0016 pair 68 [4, 9] combined 2048 players 0 retained 0 seconds 0.13882949016988277
shuttleset_03_scene_0016 pair 69 [4, 10] combined 23552 players 3820 retained 256 seconds 0.3885761387646198
shuttleset_03_scene_0016 pair 70 [4, 11] combined 4096 players 0 retained 0 seconds 0.14338340889662504
shuttleset_03_scene_0016 pair 71 [4, 12] combined 63488 players 6762 retained 256 seconds 0.550902517978102
shuttleset_03_scene_0016 pair 72 [4, 13] combined 4096 players 0 retained 0 seconds 0.1549780280329287
shuttleset_03_scene_0016 pair 75 [5, 0] combined 253952 players 66106 retained 256 seconds 3.2942676008678973
shuttleset_03_scene_0016 pair 79 [5, 4] combined 252928 players 62900 retained 256 seconds 2.9004294499754906
shuttleset_03_scene_0016 pair 90 [6, 0] combined 27648 players 0 retained 0 seconds 0.44065264891833067
shuttleset_03_scene_0016 pair 94 [6, 4] combined 16384 players 24 retained 12 seconds 0.17063432093709707
shuttleset_03_scene_0016 pair 96 [6, 7] combined 96 players 0 retained 0 seconds 0.009819781873375177
shuttleset_03_scene_0016 pair 104 [6, 15] combined 192 players 0 retained 0 seconds 0.010181357152760029
shuttleset_03_scene_0016 pair 111 [7, 6] combined 0 players 0 retained 0 seconds 0.007469506002962589
shuttleset_03_scene_0016 pair 113 [7, 9] combined 0 players 0 retained 0 seconds 0.007186709903180599
shuttleset_03_scene_0016 pair 115 [7, 11] combined 12 players 0 retained 0 seconds 0.006328107323497534
shuttleset_03_scene_0016 pair 117 [7, 13] combined 16 players 0 retained 0 seconds 0.005852453876286745
shuttleset_03_scene_0016 pair 120 [8, 0] combined 262144 players 0 retained 0 seconds 1.2925430010072887
shuttleset_03_scene_0016 pair 124 [8, 4] combined 262144 players 0 retained 0 seconds 0.8922446588985622
shuttleset_03_scene_0016 pair 135 [9, 0] combined 3072 players 0 retained 0 seconds 0.3723328919149935
shuttleset_03_scene_0016 pair 139 [9, 4] combined 5120 players 0 retained 0 seconds 0.10709971329197288
shuttleset_03_scene_0016 pair 142 [9, 7] combined 0 players 0 retained 0 seconds 0.0071653383783996105
shuttleset_03_scene_0016 pair 149 [9, 15] combined 0 players 0 retained 0 seconds 0.006039747036993504
shuttleset_03_scene_0016 pair 150 [10, 0] combined 63488 players 16554 retained 256 seconds 1.0727837029844522
shuttleset_03_scene_0016 pair 154 [10, 4] combined 62464 players 16554 retained 256 seconds 0.8146739737130702
shuttleset_03_scene_0016 pair 165 [11, 0] combined 0 players 0 retained 0 seconds 0.366452279035002
shuttleset_03_scene_0016 pair 169 [11, 4] combined 0 players 0 retained 0 seconds 0.09504570765420794
shuttleset_03_scene_0016 pair 172 [11, 7] combined 4 players 0 retained 0 seconds 0.0066270120441913605
shuttleset_03_scene_0016 pair 179 [11, 15] combined 16 players 0 retained 0 seconds 0.006439639255404472
shuttleset_03_scene_0016 pair 180 [12, 0] combined 56320 players 1658 retained 256 seconds 0.6099231229163706
shuttleset_03_scene_0016 pair 184 [12, 4] combined 72704 players 8732 retained 256 seconds 0.6118744150735438
shuttleset_03_scene_0016 pair 195 [13, 0] combined 2048 players 284 retained 112 seconds 0.4085355889983475
shuttleset_03_scene_0016 pair 199 [13, 4] combined 2048 players 254 retained 114 seconds 0.1408278401941061
shuttleset_03_scene_0016 pair 202 [13, 7] combined 0 players 0 retained 0 seconds 0.006399702746421099
shuttleset_03_scene_0016 pair 209 [13, 15] combined 0 players 0 retained 0 seconds 0.006123472936451435
shuttleset_03_scene_0016 pair 231 [15, 6] combined 0 players 0 retained 0 seconds 0.007217807695269585
shuttleset_03_scene_0016 pair 234 [15, 9] combined 32 players 0 retained 0 seconds 0.006131854839622974
shuttleset_03_scene_0016 pair 236 [15, 11] combined 16 players 0 retained 0 seconds 0.006007735151797533
shuttleset_03_scene_0016 pair 238 [15, 13] combined 16 players 0 retained 0 seconds 0.005629879888147116
[shuttleset_03_scene_0016] line-template: preparing rectangles
[shuttleset_03_scene_0016] measuring 736 parents (G0=256, G1=256, line_template=256; conflicting geometry groups=0)
[shuttleset_03_scene_0016] parents 250/736
[shuttleset_03_scene_0016] parents 500/736
[shuttleset_03_scene_0016] refitting 736 parents
[shuttleset_03_scene_0016] refits 250/736; valid children=250
[shuttleset_03_scene_0016] refits 500/736; valid children=500
{"view_id": "shuttleset_03_scene_0016", "chosen_key": "G0:1:4532", "no_court_reason": null, "all_checks_equal": null, "error": null}
shuttleset_03_scene_0023 pair 0 [0, 1] combined 262144 players 0 retained 0 seconds 1.7984667010605335
shuttleset_03_scene_0023 pair 1 [0, 2] combined 262144 players 60684 retained 256 seconds 3.4991415827535093
shuttleset_03_scene_0023 pair 4 [0, 5] combined 262144 players 0 retained 0 seconds 1.7503506946377456
shuttleset_03_scene_0023 pair 5 [0, 6] combined 116736 players 2458 retained 256 seconds 1.3469872362911701
shuttleset_03_scene_0023 pair 7 [0, 8] combined 262144 players 0 retained 0 seconds 1.71409513335675
shuttleset_03_scene_0023 pair 11 [0, 12] combined 262144 players 8016 retained 256 seconds 1.8664481271989644
shuttleset_03_scene_0023 pair 12 [0, 13] combined 231424 players 22834 retained 256 seconds 2.2828285000286996
shuttleset_03_scene_0023 pair 13 [0, 14] combined 65536 players 0 retained 0 seconds 1.0239615300670266
shuttleset_03_scene_0023 pair 15 [1, 0] combined 262144 players 0 retained 0 seconds 1.597617524676025
shuttleset_03_scene_0023 pair 30 [2, 0] combined 262144 players 76390 retained 256 seconds 3.7246773140504956
shuttleset_03_scene_0023 pair 32 [2, 3] combined 262144 players 84368 retained 256 seconds 3.8389131841249764
shuttleset_03_scene_0023 pair 44 [2, 15] combined 100352 players 11698 retained 256 seconds 0.8402125667780638
shuttleset_03_scene_0023 pair 47 [3, 2] combined 262144 players 77134 retained 256 seconds 3.5411791927181184
shuttleset_03_scene_0023 pair 48 [3, 4] combined 197632 players 0 retained 0 seconds 0.7221444230526686
shuttleset_03_scene_0023 pair 49 [3, 5] combined 262144 players 0 retained 0 seconds 0.9213819769211113
shuttleset_03_scene_0023 pair 51 [3, 7] combined 187392 players 408 retained 205 seconds 0.691752893384546
shuttleset_03_scene_0023 pair 52 [3, 8] combined 262144 players 0 retained 0 seconds 0.8920565037988126
shuttleset_03_scene_0023 pair 53 [3, 9] combined 253952 players 0 retained 0 seconds 0.8389826589263976
shuttleset_03_scene_0023 pair 54 [3, 10] combined 9216 players 0 retained 0 seconds 0.1379550858400762
shuttleset_03_scene_0023 pair 55 [3, 11] combined 239616 players 32938 retained 256 seconds 1.9033011733554304
shuttleset_03_scene_0023 pair 57 [3, 13] combined 132096 players 15832 retained 256 seconds 1.0306291389279068
shuttleset_03_scene_0023 pair 58 [3, 14] combined 72704 players 0 retained 0 seconds 0.4091637684032321
shuttleset_03_scene_0023 pair 63 [4, 3] combined 262144 players 0 retained 0 seconds 0.8764751036651433
shuttleset_03_scene_0023 pair 75 [5, 0] combined 262144 players 0 retained 0 seconds 1.4408389162272215
shuttleset_03_scene_0023 pair 78 [5, 3] combined 262144 players 0 retained 0 seconds 0.926267750095576
shuttleset_03_scene_0023 pair 90 [6, 0] combined 132096 players 2656 retained 256 seconds 1.1184799238108099
shuttleset_03_scene_0023 pair 96 [6, 7] combined 76440 players 956 retained 256 seconds 0.34113703900948167
shuttleset_03_scene_0023 pair 98 [6, 9] combined 124928 players 1030 retained 256 seconds 0.4824471049942076
shuttleset_03_scene_0023 pair 108 [7, 3] combined 189440 players 264 retained 132 seconds 0.6664063762873411
shuttleset_03_scene_0023 pair 111 [7, 6] combined 81024 players 12 retained 6 seconds 0.29439157620072365
shuttleset_03_scene_0023 pair 116 [7, 12] combined 231424 players 48 retained 24 seconds 0.7358112609945238
shuttleset_03_scene_0023 pair 119 [7, 15] combined 53848 players 142 retained 70 seconds 0.22648388100787997
shuttleset_03_scene_0023 pair 120 [8, 0] combined 262144 players 0 retained 0 seconds 1.4015511278994381
shuttleset_03_scene_0023 pair 123 [8, 3] combined 262144 players 0 retained 0 seconds 0.889874265063554
shuttleset_03_scene_0023 pair 138 [9, 3] combined 194560 players 0 retained 0 seconds 0.6486126449890435
shuttleset_03_scene_0023 pair 141 [9, 6] combined 100352 players 28 retained 14 seconds 0.3625111919827759
shuttleset_03_scene_0023 pair 146 [9, 12] combined 262144 players 38 retained 19 seconds 0.8569842032156885
shuttleset_03_scene_0023 pair 149 [9, 15] combined 139264 players 0 retained 0 seconds 0.46000206703320146
shuttleset_03_scene_0023 pair 153 [10, 3] combined 23552 players 0 retained 0 seconds 0.1410620273090899
shuttleset_03_scene_0023 pair 168 [11, 3] combined 131072 players 46608 retained 256 seconds 2.0784348752349615
shuttleset_03_scene_0023 pair 180 [12, 0] combined 226304 players 958 retained 256 seconds 1.3427147339098155
shuttleset_03_scene_0023 pair 187 [12, 7] combined 173280 players 2132 retained 256 seconds 0.6663114922121167
shuttleset_03_scene_0023 pair 189 [12, 9] combined 262144 players 950 retained 256 seconds 0.8977588107809424
shuttleset_03_scene_0023 pair 195 [13, 0] combined 247808 players 10730 retained 256 seconds 1.6834720438346267
shuttleset_03_scene_0023 pair 198 [13, 3] combined 217088 players 14296 retained 256 seconds 1.202869099099189
shuttleset_03_scene_0023 pair 209 [13, 15] combined 95904 players 712 retained 256 seconds 0.4983199038542807
shuttleset_03_scene_0023 pair 210 [14, 0] combined 106496 players 0 retained 0 seconds 0.900332666002214
shuttleset_03_scene_0023 pair 213 [14, 3] combined 114688 players 0 retained 0 seconds 0.4054252980276942
shuttleset_03_scene_0023 pair 227 [15, 2] combined 140288 players 44368 retained 256 seconds 2.048552949912846
shuttleset_03_scene_0023 pair 232 [15, 7] combined 89280 players 0 retained 0 seconds 0.3166853841394186
shuttleset_03_scene_0023 pair 234 [15, 9] combined 114688 players 0 retained 0 seconds 0.3885509613901377
shuttleset_03_scene_0023 pair 238 [15, 13] combined 77672 players 784 retained 256 seconds 0.3538632309064269
shuttleset_03_scene_0023 pair 0 [0, 1] combined 262144 players 0 retained 0 seconds 1.4372334056533873
shuttleset_03_scene_0023 pair 1 [0, 2] combined 161792 players 34164 retained 256 seconds 2.3050477080978453
shuttleset_03_scene_0023 pair 4 [0, 5] combined 33792 players 0 retained 0 seconds 0.7529159169644117
shuttleset_03_scene_0023 pair 5 [0, 6] combined 64512 players 1136 retained 256 seconds 0.9212321480736136
shuttleset_03_scene_0023 pair 7 [0, 8] combined 48128 players 0 retained 0 seconds 0.7898447960615158
shuttleset_03_scene_0023 pair 11 [0, 12] combined 195584 players 2592 retained 256 seconds 1.2846094402484596
shuttleset_03_scene_0023 pair 12 [0, 13] combined 15360 players 2226 retained 256 seconds 0.8061949918046594
shuttleset_03_scene_0023 pair 13 [0, 14] combined 6144 players 0 retained 0 seconds 0.6701572849415243
shuttleset_03_scene_0023 pair 15 [1, 0] combined 262144 players 0 retained 0 seconds 1.2517233910039067
shuttleset_03_scene_0023 pair 30 [2, 0] combined 245760 players 59366 retained 256 seconds 2.9257939513772726
shuttleset_03_scene_0023 pair 32 [2, 3] combined 247808 players 69216 retained 256 seconds 3.064160875044763
shuttleset_03_scene_0023 pair 44 [2, 15] combined 17388 players 1366 retained 256 seconds 0.20122666098177433
shuttleset_03_scene_0023 pair 47 [3, 2] combined 163840 players 34632 retained 256 seconds 1.6966687883250415
shuttleset_03_scene_0023 pair 48 [3, 4] combined 5120 players 0 retained 0 seconds 0.0803597941994667
shuttleset_03_scene_0023 pair 49 [3, 5] combined 30720 players 0 retained 0 seconds 0.14761462016031146
shuttleset_03_scene_0023 pair 51 [3, 7] combined 17272 players 0 retained 0 seconds 0.09846411971375346
shuttleset_03_scene_0023 pair 52 [3, 8] combined 47104 players 0 retained 0 seconds 0.1978145376779139
shuttleset_03_scene_0023 pair 53 [3, 9] combined 19456 players 0 retained 0 seconds 0.11284140637144446
shuttleset_03_scene_0023 pair 54 [3, 10] combined 5120 players 0 retained 0 seconds 0.07342688459903002
shuttleset_03_scene_0023 pair 55 [3, 11] combined 14336 players 1664 retained 256 seconds 0.20320425182580948
shuttleset_03_scene_0023 pair 57 [3, 13] combined 9216 players 1000 retained 256 seconds 0.16042583622038364
shuttleset_03_scene_0023 pair 58 [3, 14] combined 6144 players 0 retained 0 seconds 0.07639591116458178
shuttleset_03_scene_0023 pair 63 [4, 3] combined 4096 players 0 retained 0 seconds 0.05510755395516753
shuttleset_03_scene_0023 pair 75 [5, 0] combined 53248 players 0 retained 0 seconds 0.5951813068240881
shuttleset_03_scene_0023 pair 78 [5, 3] combined 52224 players 0 retained 0 seconds 0.1984800510108471
shuttleset_03_scene_0023 pair 90 [6, 0] combined 78848 players 552 retained 256 seconds 0.7522761858999729
shuttleset_03_scene_0023 pair 96 [6, 7] combined 5236 players 8 retained 4 seconds 0.06366492295637727
shuttleset_03_scene_0023 pair 98 [6, 9] combined 5700 players 0 retained 0 seconds 0.03975133690983057
shuttleset_03_scene_0023 pair 108 [7, 3] combined 6144 players 0 retained 0 seconds 0.055282735731452703
shuttleset_03_scene_0023 pair 111 [7, 6] combined 4636 players 0 retained 0 seconds 0.029952021781355143
shuttleset_03_scene_0023 pair 116 [7, 12] combined 16700 players 0 retained 0 seconds 0.06778059294447303
shuttleset_03_scene_0023 pair 119 [7, 15] combined 2100 players 0 retained 0 seconds 0.025232969783246517
shuttleset_03_scene_0023 pair 120 [8, 0] combined 80896 players 0 retained 0 seconds 0.6685173129662871
shuttleset_03_scene_0023 pair 123 [8, 3] combined 84992 players 0 retained 0 seconds 0.29289745492860675
shuttleset_03_scene_0023 pair 138 [9, 3] combined 14336 players 0 retained 0 seconds 0.22444095881655812
shuttleset_03_scene_0023 pair 141 [9, 6] combined 7904 players 0 retained 0 seconds 0.041169618256390095
shuttleset_03_scene_0023 pair 146 [9, 12] combined 19832 players 0 retained 0 seconds 0.07511549210175872
shuttleset_03_scene_0023 pair 149 [9, 15] combined 4600 players 0 retained 0 seconds 0.03302821284160018
shuttleset_03_scene_0023 pair 153 [10, 3] combined 5120 players 0 retained 0 seconds 0.05728353699669242
shuttleset_03_scene_0023 pair 168 [11, 3] combined 16384 players 5538 retained 256 seconds 0.3181804120540619
shuttleset_03_scene_0023 pair 180 [12, 0] combined 132096 players 978 retained 256 seconds 0.9089552881196141
shuttleset_03_scene_0023 pair 187 [12, 7] combined 4984 players 4 retained 2 seconds 0.060415200889110565
shuttleset_03_scene_0023 pair 189 [12, 9] combined 12400 players 0 retained 0 seconds 0.06112138135358691
shuttleset_03_scene_0023 pair 195 [13, 0] combined 8192 players 0 retained 0 seconds 0.4718030458316207
shuttleset_03_scene_0023 pair 198 [13, 3] combined 15360 players 1546 retained 256 seconds 0.1746935616247356
shuttleset_03_scene_0023 pair 209 [13, 15] combined 864 players 0 retained 0 seconds 0.02108157565817237
shuttleset_03_scene_0023 pair 210 [14, 0] combined 17408 players 0 retained 0 seconds 0.4860462350770831
shuttleset_03_scene_0023 pair 213 [14, 3] combined 14336 players 0 retained 0 seconds 0.08268287219107151
shuttleset_03_scene_0023 pair 227 [15, 2] combined 22876 players 7662 retained 256 seconds 0.4032213520258665
shuttleset_03_scene_0023 pair 232 [15, 7] combined 1000 players 0 retained 0 seconds 0.03021044284105301
shuttleset_03_scene_0023 pair 234 [15, 9] combined 2176 players 0 retained 0 seconds 0.03263697633519769
shuttleset_03_scene_0023 pair 238 [15, 13] combined 448 players 0 retained 0 seconds 0.02752532996237278
[shuttleset_03_scene_0023] line-template: preparing rectangles
[shuttleset_03_scene_0023] measuring 702 parents (G0=256, G1=256, line_template=256; conflicting geometry groups=0)
[shuttleset_03_scene_0023] parents 250/702
[shuttleset_03_scene_0023] parents 500/702
[shuttleset_03_scene_0023] refitting 702 parents
[shuttleset_03_scene_0023] refits 250/702; valid children=243
[shuttleset_03_scene_0023] refits 500/702; valid children=489
{"view_id": "shuttleset_03_scene_0023", "chosen_key": "G1:1:14894/child", "no_court_reason": null, "all_checks_equal": null, "error": null}
am3_window_00_frame_0 pair 1 [0, 2] combined 262144 players 31314 retained 256 seconds 2.3440295960754156
am3_window_00_frame_0 pair 7 [0, 8] combined 262144 players 14370 retained 256 seconds 1.7322630318813026
am3_window_00_frame_0 pair 30 [2, 0] combined 262144 players 39438 retained 256 seconds 2.5048484969884157
am3_window_00_frame_0 pair 32 [2, 3] combined 262144 players 54558 retained 256 seconds 3.0864390851929784
am3_window_00_frame_0 pair 34 [2, 5] combined 104448 players 160 retained 80 seconds 0.41370516875758767
am3_window_00_frame_0 pair 35 [2, 6] combined 262144 players 5324 retained 256 seconds 1.0093736909329891
am3_window_00_frame_0 pair 39 [2, 10] combined 169984 players 84 retained 42 seconds 0.5930774728767574
am3_window_00_frame_0 pair 41 [2, 12] combined 71680 players 0 retained 0 seconds 0.28020553197711706
am3_window_00_frame_0 pair 42 [2, 13] combined 262144 players 35120 retained 256 seconds 2.714294675271958
am3_window_00_frame_0 pair 43 [2, 14] combined 262144 players 39046 retained 256 seconds 2.634231695905328
am3_window_00_frame_0 pair 44 [2, 15] combined 262144 players 40282 retained 256 seconds 2.748721983283758
am3_window_00_frame_0 pair 47 [3, 2] combined 262144 players 19600 retained 256 seconds 1.8914502612315118
am3_window_00_frame_0 pair 52 [3, 8] combined 262144 players 33020 retained 256 seconds 2.2629902199842036
am3_window_00_frame_0 pair 77 [5, 2] combined 24576 players 1128 retained 256 seconds 0.2401499329134822
am3_window_00_frame_0 pair 82 [5, 8] combined 122880 players 0 retained 0 seconds 0.37853803718462586
am3_window_00_frame_0 pair 92 [6, 2] combined 262144 players 1380 retained 256 seconds 0.8965328629128635
am3_window_00_frame_0 pair 97 [6, 8] combined 202752 players 0 retained 0 seconds 0.5847362047061324
am3_window_00_frame_0 pair 120 [8, 0] combined 262144 players 16252 retained 256 seconds 1.6566679449751973
am3_window_00_frame_0 pair 123 [8, 3] combined 262144 players 22832 retained 256 seconds 1.972232691012323
am3_window_00_frame_0 pair 125 [8, 5] combined 250880 players 0 retained 0 seconds 0.8083572536706924
am3_window_00_frame_0 pair 126 [8, 6] combined 262144 players 0 retained 0 seconds 0.7452698657289147
am3_window_00_frame_0 pair 129 [8, 10] combined 185344 players 0 retained 0 seconds 0.5312392418272793
am3_window_00_frame_0 pair 131 [8, 12] combined 119808 players 10 retained 4 seconds 0.3790450841188431
am3_window_00_frame_0 pair 132 [8, 13] combined 262144 players 19258 retained 256 seconds 2.0472421417944133
am3_window_00_frame_0 pair 133 [8, 14] combined 262144 players 27724 retained 256 seconds 2.3107175240293145
am3_window_00_frame_0 pair 134 [8, 15] combined 262144 players 21548 retained 256 seconds 2.065101725049317
am3_window_00_frame_0 pair 152 [10, 2] combined 121856 players 84 retained 42 seconds 0.4384252089075744
am3_window_00_frame_0 pair 158 [10, 8] combined 153600 players 0 retained 0 seconds 0.44310065591707826
am3_window_00_frame_0 pair 182 [12, 2] combined 53248 players 0 retained 0 seconds 0.21996251586824656
am3_window_00_frame_0 pair 188 [12, 8] combined 117760 players 0 retained 0 seconds 0.3457897421903908
am3_window_00_frame_0 pair 197 [13, 2] combined 262144 players 34124 retained 256 seconds 2.623073054011911
am3_window_00_frame_0 pair 203 [13, 8] combined 262144 players 16052 retained 256 seconds 2.055378269869834
am3_window_00_frame_0 pair 212 [14, 2] combined 262144 players 37330 retained 256 seconds 2.686336246319115
am3_window_00_frame_0 pair 218 [14, 8] combined 262144 players 30758 retained 256 seconds 2.405996681191027
am3_window_00_frame_0 pair 227 [15, 2] combined 262144 players 32644 retained 256 seconds 2.508538407739252
am3_window_00_frame_0 pair 233 [15, 8] combined 262144 players 15916 retained 256 seconds 2.0044503030367196
am3_window_00_frame_0 pair 1 [0, 2] combined 11264 players 1950 retained 256 seconds 0.16339265787974
am3_window_00_frame_0 pair 7 [0, 8] combined 0 players 0 retained 0 seconds 0.007936134934425354
am3_window_00_frame_0 pair 30 [2, 0] combined 7220 players 1040 retained 256 seconds 0.12450580205768347
am3_window_00_frame_0 pair 32 [2, 3] combined 24700 players 3236 retained 256 seconds 0.23282396886497736
am3_window_00_frame_0 pair 34 [2, 5] combined 0 players 0 retained 0 seconds 0.019066374748945236
am3_window_00_frame_0 pair 35 [2, 6] combined 9108 players 8 retained 5 seconds 0.07150378497317433
am3_window_00_frame_0 pair 39 [2, 10] combined 0 players 0 retained 0 seconds 0.019058354664593935
am3_window_00_frame_0 pair 41 [2, 12] combined 0 players 0 retained 0 seconds 0.01821325672790408
am3_window_00_frame_0 pair 42 [2, 13] combined 20800 players 4112 retained 256 seconds 0.24515526928007603
am3_window_00_frame_0 pair 43 [2, 14] combined 10752 players 2292 retained 256 seconds 0.17606093687936664
am3_window_00_frame_0 pair 44 [2, 15] combined 22464 players 4266 retained 256 seconds 0.25582919316366315
am3_window_00_frame_0 pair 47 [3, 2] combined 21504 players 3220 retained 256 seconds 0.22804560093209147
am3_window_00_frame_0 pair 52 [3, 8] combined 0 players 0 retained 0 seconds 0.009631825145334005
am3_window_00_frame_0 pair 77 [5, 2] combined 0 players 0 retained 0 seconds 0.017434964887797832
am3_window_00_frame_0 pair 82 [5, 8] combined 0 players 0 retained 0 seconds 0.003853528294712305
am3_window_00_frame_0 pair 92 [6, 2] combined 18392 players 0 retained 0 seconds 0.06592286191880703
am3_window_00_frame_0 pair 97 [6, 8] combined 0 players 0 retained 0 seconds 0.004161630757153034
am3_window_00_frame_0 pair 120 [8, 0] combined 0 players 0 retained 0 seconds 0.006416890770196915
am3_window_00_frame_0 pair 123 [8, 3] combined 0 players 0 retained 0 seconds 0.008379860315471888
am3_window_00_frame_0 pair 125 [8, 5] combined 0 players 0 retained 0 seconds 0.0036967452615499496
am3_window_00_frame_0 pair 126 [8, 6] combined 0 players 0 retained 0 seconds 0.0037933378480374813
am3_window_00_frame_0 pair 129 [8, 10] combined 0 players 0 retained 0 seconds 0.002530185040086508
am3_window_00_frame_0 pair 131 [8, 12] combined 0 players 0 retained 0 seconds 0.0025075539015233517
am3_window_00_frame_0 pair 132 [8, 13] combined 0 players 0 retained 0 seconds 0.009099948219954967
am3_window_00_frame_0 pair 133 [8, 14] combined 0 players 0 retained 0 seconds 0.00631670979782939
am3_window_00_frame_0 pair 134 [8, 15] combined 0 players 0 retained 0 seconds 0.008555692620575428
am3_window_00_frame_0 pair 152 [10, 2] combined 0 players 0 retained 0 seconds 0.015780978370457888
am3_window_00_frame_0 pair 158 [10, 8] combined 0 players 0 retained 0 seconds 0.002535778097808361
am3_window_00_frame_0 pair 182 [12, 2] combined 0 players 0 retained 0 seconds 0.014567153062671423
am3_window_00_frame_0 pair 188 [12, 8] combined 0 players 0 retained 0 seconds 0.0024801488034427166
am3_window_00_frame_0 pair 197 [13, 2] combined 37888 players 7952 retained 256 seconds 0.39965170342475176
am3_window_00_frame_0 pair 203 [13, 8] combined 0 players 0 retained 0 seconds 0.011083542369306087
am3_window_00_frame_0 pair 212 [14, 2] combined 20480 players 3524 retained 256 seconds 0.22465420234948397
am3_window_00_frame_0 pair 218 [14, 8] combined 0 players 0 retained 0 seconds 0.008180775213986635
am3_window_00_frame_0 pair 227 [15, 2] combined 34816 players 7412 retained 256 seconds 0.4973322399891913
am3_window_00_frame_0 pair 233 [15, 8] combined 0 players 0 retained 0 seconds 0.011635147966444492
[am3_window_00_frame_0] line-template: preparing rectangles
[am3_window_00_frame_0] measuring 768 parents (G0=256, G1=256, line_template=256; conflicting geometry groups=0)
[am3_window_00_frame_0] parents 250/768
[am3_window_00_frame_0] parents 500/768
[am3_window_00_frame_0] parents 750/768
[am3_window_00_frame_0] refitting 768 parents
[am3_window_00_frame_0] refits 250/768; valid children=148
[am3_window_00_frame_0] refits 500/768; valid children=394
[am3_window_00_frame_0] refits 750/768; valid children=575
{"view_id": "am3_window_00_frame_0", "chosen_key": "G1:43:171/child", "no_court_reason": null, "all_checks_equal": null, "error": null}
{"views": ["shuttleset_03_scene_0016", "shuttleset_03_scene_0023", "am3_window_00_frame_0"], "startup_seconds": 0.029473455622792244, "wall_seconds": 1024.6159801189788, "peak_rss_mb": 1394.47265625, "failed": []}
