decoded /scratch/cmarti/issue103_ad8da4f/external/shuttleset-sources/21 An_Se_Young_Ratchanok_Intanon_YONEX_Thailand_Open_2021_QuarterFinals.mp4 to frame 100347 in 597s
shuttleset_21_scene_0034 pair 0 [0, 1] combined 262144 players 0 retained 0 seconds 1.3703893348574638
shuttleset_21_scene_0034 pair 1 [0, 2] combined 262144 players 101420 retained 256 seconds 4.667032973840833
shuttleset_21_scene_0034 pair 6 [0, 7] combined 113664 players 14358 retained 256 seconds 1.2360466690734029
shuttleset_21_scene_0034 pair 8 [0, 9] combined 262144 players 0 retained 0 seconds 1.109136315062642
shuttleset_21_scene_0034 pair 9 [0, 10] combined 129024 players 0 retained 0 seconds 0.7303498778492212
shuttleset_21_scene_0034 pair 11 [0, 12] combined 262144 players 0 retained 0 seconds 1.1781182871200144
shuttleset_21_scene_0034 pair 12 [0, 13] combined 96256 players 38298 retained 256 seconds 1.9231479316949844
shuttleset_21_scene_0034 pair 13 [0, 14] combined 226304 players 0 retained 0 seconds 1.0105394050478935
shuttleset_21_scene_0034 pair 15 [1, 0] combined 262144 players 0 retained 0 seconds 1.1646502697840333
shuttleset_21_scene_0034 pair 18 [1, 4] combined 262144 players 0 retained 0 seconds 0.9757672278210521
shuttleset_21_scene_0034 pair 30 [2, 0] combined 262144 players 116336 retained 256 seconds 4.747652526944876
shuttleset_21_scene_0034 pair 32 [2, 3] combined 243712 players 100530 retained 256 seconds 4.411664701066911
shuttleset_21_scene_0034 pair 33 [2, 4] combined 262144 players 109844 retained 256 seconds 4.473424300085753
shuttleset_21_scene_0034 pair 47 [3, 2] combined 262144 players 92170 retained 256 seconds 4.128141284920275
shuttleset_21_scene_0034 pair 51 [3, 7] combined 96256 players 3406 retained 256 seconds 0.5131863080896437
shuttleset_21_scene_0034 pair 53 [3, 9] combined 262144 players 0 retained 0 seconds 0.831687712110579
shuttleset_21_scene_0034 pair 54 [3, 10] combined 142336 players 0 retained 0 seconds 0.492228280287236
shuttleset_21_scene_0034 pair 57 [3, 13] combined 92160 players 32500 retained 256 seconds 1.4362496961839497
shuttleset_21_scene_0034 pair 58 [3, 14] combined 207872 players 0 retained 0 seconds 0.67014439124614
shuttleset_21_scene_0034 pair 61 [4, 1] combined 262144 players 0 retained 0 seconds 0.9241247861646116
shuttleset_21_scene_0034 pair 62 [4, 2] combined 262144 players 90220 retained 256 seconds 4.019438806921244
shuttleset_21_scene_0034 pair 68 [4, 9] combined 262144 players 0 retained 0 seconds 0.9661512961611152
shuttleset_21_scene_0034 pair 69 [4, 10] combined 124928 players 0 retained 0 seconds 0.4436943521723151
shuttleset_21_scene_0034 pair 70 [4, 11] combined 6144 players 0 retained 0 seconds 0.07095348695293069
shuttleset_21_scene_0034 pair 71 [4, 12] combined 262144 players 0 retained 0 seconds 0.8933986038900912
shuttleset_21_scene_0034 pair 72 [4, 13] combined 91136 players 29594 retained 256 seconds 1.408467568922788
shuttleset_21_scene_0034 pair 105 [7, 0] combined 60416 players 2384 retained 256 seconds 0.5608495050109923
shuttleset_21_scene_0034 pair 108 [7, 3] combined 105472 players 9592 retained 256 seconds 0.7058626869693398
shuttleset_21_scene_0034 pair 112 [7, 8] combined 61440 players 20 retained 10 seconds 0.24504002090543509
shuttleset_21_scene_0034 pair 127 [8, 7] combined 73728 players 422 retained 204 seconds 0.31703120982274413
shuttleset_21_scene_0034 pair 133 [8, 14] combined 231424 players 0 retained 0 seconds 0.7537521901540458
shuttleset_21_scene_0034 pair 135 [9, 0] combined 147456 players 0 retained 0 seconds 0.7111427951604128
shuttleset_21_scene_0034 pair 138 [9, 3] combined 152576 players 202 retained 101 seconds 0.5381589666940272
shuttleset_21_scene_0034 pair 139 [9, 4] combined 194560 players 3224 retained 256 seconds 0.8872249512933195
shuttleset_21_scene_0034 pair 150 [10, 0] combined 161792 players 0 retained 0 seconds 0.7634630003012717
shuttleset_21_scene_0034 pair 153 [10, 3] combined 153576 players 0 retained 0 seconds 0.5192792871966958
shuttleset_21_scene_0034 pair 154 [10, 4] combined 164864 players 0 retained 0 seconds 0.5481619271449745
shuttleset_21_scene_0034 pair 169 [11, 4] combined 8192 players 0 retained 0 seconds 0.06269647600129247
shuttleset_21_scene_0034 pair 180 [12, 0] combined 262144 players 0 retained 0 seconds 1.1196667929179966
shuttleset_21_scene_0034 pair 184 [12, 4] combined 262144 players 0 retained 0 seconds 0.8997441180981696
shuttleset_21_scene_0034 pair 195 [13, 0] combined 154624 players 66802 retained 256 seconds 2.9473092518746853
shuttleset_21_scene_0034 pair 198 [13, 3] combined 120560 players 48248 retained 256 seconds 1.973887603264302
shuttleset_21_scene_0034 pair 199 [13, 4] combined 163840 players 65370 retained 256 seconds 2.869952296372503
shuttleset_21_scene_0034 pair 210 [14, 0] combined 108544 players 800 retained 256 seconds 0.6806285018101335
shuttleset_21_scene_0034 pair 213 [14, 3] combined 87040 players 0 retained 0 seconds 0.3037617257796228
shuttleset_21_scene_0034 pair 218 [14, 8] combined 108544 players 0 retained 0 seconds 0.3648966117762029
shuttleset_21_scene_0034 pair 0 [0, 1] combined 25600 players 0 retained 0 seconds 0.22789553320035338
shuttleset_21_scene_0034 pair 1 [0, 2] combined 56320 players 24056 retained 256 seconds 1.1361888889223337
shuttleset_21_scene_0034 pair 6 [0, 7] combined 56320 players 6942 retained 256 seconds 0.5656018098816276
shuttleset_21_scene_0034 pair 8 [0, 9] combined 0 players 0 retained 0 seconds 0.14551746426150203
shuttleset_21_scene_0034 pair 9 [0, 10] combined 4096 players 0 retained 0 seconds 0.16425852663815022
shuttleset_21_scene_0034 pair 11 [0, 12] combined 7168 players 0 retained 0 seconds 0.17138875275850296
shuttleset_21_scene_0034 pair 12 [0, 13] combined 7168 players 2308 retained 256 seconds 0.4385490780696273
shuttleset_21_scene_0034 pair 13 [0, 14] combined 0 players 0 retained 0 seconds 0.14276735205203295
shuttleset_21_scene_0034 pair 15 [1, 0] combined 24576 players 0 retained 0 seconds 0.17839827109128237
shuttleset_21_scene_0034 pair 18 [1, 4] combined 3680 players 0 retained 0 seconds 0.029493071604520082
shuttleset_21_scene_0034 pair 30 [2, 0] combined 93184 players 39908 retained 256 seconds 1.7445035385899246
shuttleset_21_scene_0034 pair 32 [2, 3] combined 7520 players 3054 retained 256 seconds 0.2162054139189422
shuttleset_21_scene_0034 pair 33 [2, 4] combined 16600 players 7590 retained 256 seconds 0.38562793703749776
shuttleset_21_scene_0034 pair 47 [3, 2] combined 6372 players 2584 retained 256 seconds 0.18413909617811441
shuttleset_21_scene_0034 pair 51 [3, 7] combined 10388 players 824 retained 256 seconds 0.12494205078110099
shuttleset_21_scene_0034 pair 53 [3, 9] combined 0 players 0 retained 0 seconds 0.010603600647300482
shuttleset_21_scene_0034 pair 54 [3, 10] combined 416 players 0 retained 0 seconds 0.01220781123265624
shuttleset_21_scene_0034 pair 57 [3, 13] combined 928 players 208 retained 102 seconds 0.05932004610076547
shuttleset_21_scene_0034 pair 58 [3, 14] combined 0 players 0 retained 0 seconds 0.010763957630842924
shuttleset_21_scene_0034 pair 61 [4, 1] combined 6500 players 0 retained 0 seconds 0.03765353700146079
shuttleset_21_scene_0034 pair 62 [4, 2] combined 15576 players 6372 retained 256 seconds 0.34508053213357925
shuttleset_21_scene_0034 pair 68 [4, 9] combined 0 players 0 retained 0 seconds 0.01873060315847397
shuttleset_21_scene_0034 pair 69 [4, 10] combined 944 players 0 retained 0 seconds 0.019451904110610485
shuttleset_21_scene_0034 pair 70 [4, 11] combined 0 players 0 retained 0 seconds 0.01496089855208993
shuttleset_21_scene_0034 pair 71 [4, 12] combined 1792 players 0 retained 0 seconds 0.02367486385628581
shuttleset_21_scene_0034 pair 72 [4, 13] combined 1540 players 288 retained 144 seconds 0.20290870312601328
shuttleset_21_scene_0034 pair 105 [7, 0] combined 26624 players 254 retained 101 seconds 0.2376011721789837
shuttleset_21_scene_0034 pair 108 [7, 3] combined 4300 players 158 retained 79 seconds 0.06800100905820727
shuttleset_21_scene_0034 pair 112 [7, 8] combined 0 players 0 retained 0 seconds 0.010954826604574919
shuttleset_21_scene_0034 pair 127 [8, 7] combined 108 players 0 retained 0 seconds 0.008921858854591846
shuttleset_21_scene_0034 pair 133 [8, 14] combined 0 players 0 retained 0 seconds 0.005058540962636471
shuttleset_21_scene_0034 pair 135 [9, 0] combined 0 players 0 retained 0 seconds 0.09847413189709187
shuttleset_21_scene_0034 pair 138 [9, 3] combined 0 players 0 retained 0 seconds 0.008590743876993656
shuttleset_21_scene_0034 pair 139 [9, 4] combined 0 players 0 retained 0 seconds 0.009867823217064142
shuttleset_21_scene_0034 pair 150 [10, 0] combined 1024 players 0 retained 0 seconds 0.10498850094154477
shuttleset_21_scene_0034 pair 153 [10, 3] combined 208 players 0 retained 0 seconds 0.011031830683350563
shuttleset_21_scene_0034 pair 154 [10, 4] combined 296 players 0 retained 0 seconds 0.012454346753656864
shuttleset_21_scene_0034 pair 169 [11, 4] combined 0 players 0 retained 0 seconds 0.009857555385679007
shuttleset_21_scene_0034 pair 180 [12, 0] combined 4096 players 0 retained 0 seconds 0.11445011384785175
shuttleset_21_scene_0034 pair 184 [12, 4] combined 640 players 0 retained 0 seconds 0.01657172990962863
shuttleset_21_scene_0034 pair 195 [13, 0] combined 4096 players 1774 retained 256 seconds 0.24695358984172344
shuttleset_21_scene_0034 pair 198 [13, 3] combined 384 players 160 retained 80 seconds 0.05227448884397745
shuttleset_21_scene_0034 pair 199 [13, 4] combined 928 players 446 retained 223 seconds 0.07735854992642999
shuttleset_21_scene_0034 pair 210 [14, 0] combined 0 players 0 retained 0 seconds 0.09866725094616413
shuttleset_21_scene_0034 pair 213 [14, 3] combined 0 players 0 retained 0 seconds 0.00830638688057661
shuttleset_21_scene_0034 pair 218 [14, 8] combined 0 players 0 retained 0 seconds 0.004463845863938332
[shuttleset_21_scene_0034] line-template: preparing rectangles
[shuttleset_21_scene_0034] measuring 701 parents (G0=256, G1=256, line_template=256; conflicting geometry groups=0)
[shuttleset_21_scene_0034] parents 250/701
[shuttleset_21_scene_0034] parents 500/701
[shuttleset_21_scene_0034] refitting 701 parents
[shuttleset_21_scene_0034] refits 250/701; valid children=250
[shuttleset_21_scene_0034] refits 500/701; valid children=497
{"view_id": "shuttleset_21_scene_0034", "chosen_key": "G0:1:63649/child", "no_court_reason": null, "all_checks_equal": null, "error": null}
shuttleset_21_scene_0044 pair 0 [0, 1] combined 262144 players 0 retained 0 seconds 1.2542273588478565
shuttleset_21_scene_0044 pair 1 [0, 2] combined 262144 players 104538 retained 256 seconds 4.669295452069491
shuttleset_21_scene_0044 pair 3 [0, 4] combined 58368 players 0 retained 0 seconds 0.6462744739837945
shuttleset_21_scene_0044 pair 4 [0, 5] combined 53248 players 0 retained 0 seconds 0.5392225412651896
shuttleset_21_scene_0044 pair 5 [0, 6] combined 163840 players 0 retained 0 seconds 0.8209851118735969
shuttleset_21_scene_0044 pair 10 [0, 11] combined 262144 players 44844 retained 256 seconds 2.5977588640525937
shuttleset_21_scene_0044 pair 11 [0, 12] combined 143360 players 0 retained 0 seconds 0.8120804578065872
shuttleset_21_scene_0044 pair 12 [0, 13] combined 48128 players 13838 retained 256 seconds 1.0280087678693235
shuttleset_21_scene_0044 pair 14 [0, 15] combined 109568 players 23848 retained 256 seconds 1.406245355028659
shuttleset_21_scene_0044 pair 15 [1, 0] combined 262144 players 0 retained 0 seconds 1.2113021751865745
shuttleset_21_scene_0044 pair 17 [1, 3] combined 262144 players 0 retained 0 seconds 1.0921433079056442
shuttleset_21_scene_0044 pair 30 [2, 0] combined 262144 players 113184 retained 256 seconds 5.010104432236403
shuttleset_21_scene_0044 pair 32 [2, 3] combined 262144 players 108338 retained 256 seconds 4.891132222022861
shuttleset_21_scene_0044 pair 46 [3, 1] combined 262144 players 0 retained 0 seconds 0.9547274471260607
shuttleset_21_scene_0044 pair 47 [3, 2] combined 262144 players 94038 retained 256 seconds 4.120795693714172
shuttleset_21_scene_0044 pair 49 [3, 5] combined 55296 players 0 retained 0 seconds 0.24385483702644706
shuttleset_21_scene_0044 pair 50 [3, 6] combined 140288 players 0 retained 0 seconds 0.475410264916718
shuttleset_21_scene_0044 pair 53 [3, 9] combined 23552 players 0 retained 0 seconds 0.13500274997204542
shuttleset_21_scene_0044 pair 54 [3, 10] combined 262144 players 34 retained 17 seconds 0.9154912359081209
shuttleset_21_scene_0044 pair 55 [3, 11] combined 257024 players 14100 retained 256 seconds 1.38372997706756
shuttleset_21_scene_0044 pair 57 [3, 13] combined 52224 players 3934 retained 256 seconds 0.3949682987295091
shuttleset_21_scene_0044 pair 59 [3, 15] combined 146432 players 8480 retained 256 seconds 0.9378056628629565
shuttleset_21_scene_0044 pair 60 [4, 0] combined 67584 players 0 retained 0 seconds 0.48888198798522353
shuttleset_21_scene_0044 pair 69 [4, 10] combined 76800 players 0 retained 0 seconds 0.27956434013321996
shuttleset_21_scene_0044 pair 75 [5, 0] combined 52224 players 0 retained 0 seconds 0.44763916870579123
shuttleset_21_scene_0044 pair 78 [5, 3] combined 51200 players 0 retained 0 seconds 0.21001955308020115
shuttleset_21_scene_0044 pair 90 [6, 0] combined 87040 players 0 retained 0 seconds 0.5618784707039595
shuttleset_21_scene_0044 pair 93 [6, 3] combined 102400 players 0 retained 0 seconds 0.3521015183068812
shuttleset_21_scene_0044 pair 129 [8, 10] combined 160768 players 0 retained 0 seconds 0.5244463980197906
shuttleset_21_scene_0044 pair 130 [8, 11] combined 170372 players 42 retained 21 seconds 0.5678387531079352
shuttleset_21_scene_0044 pair 138 [9, 3] combined 3072 players 0 retained 0 seconds 0.05988960200920701
shuttleset_21_scene_0044 pair 153 [10, 3] combined 262144 players 0 retained 0 seconds 0.8692881572060287
shuttleset_21_scene_0044 pair 154 [10, 4] combined 46080 players 0 retained 0 seconds 0.19158921483904123
shuttleset_21_scene_0044 pair 158 [10, 8] combined 212992 players 0 retained 0 seconds 0.6786939590238035
shuttleset_21_scene_0044 pair 161 [10, 12] combined 131072 players 0 retained 0 seconds 0.44485759316012263
shuttleset_21_scene_0044 pair 163 [10, 14] combined 17408 players 0 retained 0 seconds 0.09698035567998886
shuttleset_21_scene_0044 pair 165 [11, 0] combined 185344 players 7018 retained 256 seconds 1.1144495429471135
shuttleset_21_scene_0044 pair 168 [11, 3] combined 262144 players 4586 retained 256 seconds 1.0686600147746503
shuttleset_21_scene_0044 pair 173 [11, 8] combined 153608 players 80 retained 44 seconds 0.6422317419201136
shuttleset_21_scene_0044 pair 180 [12, 0] combined 173056 players 0 retained 0 seconds 0.8147956151515245
shuttleset_21_scene_0044 pair 190 [12, 10] combined 185344 players 0 retained 0 seconds 0.611189154908061
shuttleset_21_scene_0044 pair 195 [13, 0] combined 11264 players 1362 retained 256 seconds 0.4401975842192769
shuttleset_21_scene_0044 pair 198 [13, 3] combined 4096 players 218 retained 107 seconds 0.1048370823264122
shuttleset_21_scene_0044 pair 220 [14, 10] combined 3072 players 0 retained 0 seconds 0.04363007703796029
shuttleset_21_scene_0044 pair 225 [15, 0] combined 61440 players 2118 retained 256 seconds 0.5462798760272563
shuttleset_21_scene_0044 pair 228 [15, 3] combined 121856 players 1530 retained 256 seconds 0.5065734069794416
shuttleset_21_scene_0044 pair 0 [0, 1] combined 43008 players 0 retained 0 seconds 0.2811536663211882
shuttleset_21_scene_0044 pair 1 [0, 2] combined 131072 players 53408 retained 256 seconds 2.4945419942960143
shuttleset_21_scene_0044 pair 3 [0, 4] combined 2048 players 0 retained 0 seconds 0.15362832229584455
shuttleset_21_scene_0044 pair 4 [0, 5] combined 0 players 0 retained 0 seconds 0.15058062504976988
shuttleset_21_scene_0044 pair 5 [0, 6] combined 1024 players 0 retained 0 seconds 0.1495369211770594
shuttleset_21_scene_0044 pair 10 [0, 11] combined 3072 players 42 retained 21 seconds 0.1671118028461933
shuttleset_21_scene_0044 pair 11 [0, 12] combined 6144 players 0 retained 0 seconds 0.1672218246385455
shuttleset_21_scene_0044 pair 12 [0, 13] combined 13312 players 3212 retained 256 seconds 0.3412877987138927
shuttleset_21_scene_0044 pair 14 [0, 15] combined 8192 players 1192 retained 256 seconds 0.23632992012426257
shuttleset_21_scene_0044 pair 15 [1, 0] combined 46080 players 0 retained 0 seconds 0.26403088215738535
shuttleset_21_scene_0044 pair 17 [1, 3] combined 17848 players 0 retained 0 seconds 0.0834833336994052
shuttleset_21_scene_0044 pair 30 [2, 0] combined 190464 players 79684 retained 256 seconds 3.335454606451094
shuttleset_21_scene_0044 pair 32 [2, 3] combined 69920 players 30028 retained 256 seconds 1.3208783990703523
shuttleset_21_scene_0044 pair 46 [3, 1] combined 23760 players 0 retained 0 seconds 0.1032666671089828
shuttleset_21_scene_0044 pair 47 [3, 2] combined 62496 players 22458 retained 256 seconds 1.0235339808277786
shuttleset_21_scene_0044 pair 49 [3, 5] combined 0 players 0 retained 0 seconds 0.02596245799213648
shuttleset_21_scene_0044 pair 50 [3, 6] combined 616 players 0 retained 0 seconds 0.022608330007642508
shuttleset_21_scene_0044 pair 53 [3, 9] combined 0 players 0 retained 0 seconds 0.021523049101233482
shuttleset_21_scene_0044 pair 54 [3, 10] combined 65772 players 0 retained 0 seconds 0.2362745339050889
shuttleset_21_scene_0044 pair 55 [3, 11] combined 1904 players 50 retained 25 seconds 0.059770149644464254
shuttleset_21_scene_0044 pair 57 [3, 13] combined 4012 players 76 retained 38 seconds 0.06331743393093348
shuttleset_21_scene_0044 pair 59 [3, 15] combined 0 players 0 retained 0 seconds 0.02284338092431426
shuttleset_21_scene_0044 pair 60 [4, 0] combined 0 players 0 retained 0 seconds 0.10244005592539907
shuttleset_21_scene_0044 pair 69 [4, 10] combined 0 players 0 retained 0 seconds 0.014625791925936937
shuttleset_21_scene_0044 pair 75 [5, 0] combined 0 players 0 retained 0 seconds 0.1032834080979228
shuttleset_21_scene_0044 pair 78 [5, 3] combined 0 players 0 retained 0 seconds 0.01538070384413004
shuttleset_21_scene_0044 pair 90 [6, 0] combined 1024 players 0 retained 0 seconds 0.11009003315120935
shuttleset_21_scene_0044 pair 93 [6, 3] combined 0 players 0 retained 0 seconds 0.01633675303310156
shuttleset_21_scene_0044 pair 129 [8, 10] combined 2660 players 0 retained 0 seconds 0.024901521857827902
shuttleset_21_scene_0044 pair 130 [8, 11] combined 0 players 0 retained 0 seconds 0.005783585365861654
shuttleset_21_scene_0044 pair 138 [9, 3] combined 0 players 0 retained 0 seconds 0.016313759610056877
shuttleset_21_scene_0044 pair 153 [10, 3] combined 32568 players 0 retained 0 seconds 0.26099281664937735
shuttleset_21_scene_0044 pair 154 [10, 4] combined 0 players 0 retained 0 seconds 0.019186542835086584
shuttleset_21_scene_0044 pair 158 [10, 8] combined 7980 players 0 retained 0 seconds 0.04510103305801749
shuttleset_21_scene_0044 pair 161 [10, 12] combined 2220 players 0 retained 0 seconds 0.028077838011085987
shuttleset_21_scene_0044 pair 163 [10, 14] combined 8296 players 0 retained 0 seconds 0.043721661902964115
shuttleset_21_scene_0044 pair 165 [11, 0] combined 0 players 0 retained 0 seconds 0.10112001188099384
shuttleset_21_scene_0044 pair 168 [11, 3] combined 808 players 0 retained 0 seconds 0.019109786953777075
shuttleset_21_scene_0044 pair 173 [11, 8] combined 0 players 0 retained 0 seconds 0.004981652833521366
shuttleset_21_scene_0044 pair 180 [12, 0] combined 7168 players 0 retained 0 seconds 0.13329327199608088
shuttleset_21_scene_0044 pair 190 [12, 10] combined 2352 players 0 retained 0 seconds 0.02558037405833602
shuttleset_21_scene_0044 pair 195 [13, 0] combined 5120 players 856 retained 256 seconds 0.20502109406515956
shuttleset_21_scene_0044 pair 198 [13, 3] combined 940 players 6 retained 3 seconds 0.055078713688999414
shuttleset_21_scene_0044 pair 220 [14, 10] combined 1824 players 0 retained 0 seconds 0.022381138987839222
shuttleset_21_scene_0044 pair 225 [15, 0] combined 2048 players 52 retained 26 seconds 0.13638468086719513
shuttleset_21_scene_0044 pair 228 [15, 3] combined 0 players 0 retained 0 seconds 0.017490246798843145
[shuttleset_21_scene_0044] line-template: preparing rectangles
[shuttleset_21_scene_0044] measuring 768 parents (G0=256, G1=256, line_template=256; conflicting geometry groups=0)
[shuttleset_21_scene_0044] parents 250/768
[shuttleset_21_scene_0044] parents 500/768
[shuttleset_21_scene_0044] parents 750/768
[shuttleset_21_scene_0044] refitting 768 parents
[shuttleset_21_scene_0044] refits 250/768; valid children=246
[shuttleset_21_scene_0044] refits 500/768; valid children=494
[shuttleset_21_scene_0044] refits 750/768; valid children=738
{"view_id": "shuttleset_21_scene_0044", "chosen_key": "G0:1:2039/child", "no_court_reason": null, "all_checks_equal": null, "error": null}
sset_21_gloiZ_gTJaE_frame_00100347 pair 1 [0, 2] combined 143360 players 0 retained 0 seconds 0.5871687042526901
sset_21_gloiZ_gTJaE_frame_00100347 pair 20 [1, 6] combined 4096 players 0 retained 0 seconds 0.029472398106008768
sset_21_gloiZ_gTJaE_frame_00100347 pair 21 [1, 7] combined 0 players 0 retained 0 seconds 0.010236978065222502
sset_21_gloiZ_gTJaE_frame_00100347 pair 25 [1, 11] combined 0 players 0 retained 0 seconds 0.015515762846916914
sset_21_gloiZ_gTJaE_frame_00100347 pair 26 [1, 12] combined 992 players 0 retained 0 seconds 0.015345349907875061
sset_21_gloiZ_gTJaE_frame_00100347 pair 27 [1, 13] combined 1008 players 14 retained 7 seconds 0.03919566189870238
sset_21_gloiZ_gTJaE_frame_00100347 pair 30 [2, 0] combined 27648 players 0 retained 0 seconds 0.2557071098126471
sset_21_gloiZ_gTJaE_frame_00100347 pair 32 [2, 3] combined 25600 players 0 retained 0 seconds 0.12578185880556703
sset_21_gloiZ_gTJaE_frame_00100347 pair 34 [2, 5] combined 9200 players 0 retained 0 seconds 0.06728918571025133
sset_21_gloiZ_gTJaE_frame_00100347 pair 35 [2, 6] combined 8192 players 0 retained 0 seconds 0.04544507805258036
sset_21_gloiZ_gTJaE_frame_00100347 pair 36 [2, 7] combined 0 players 0 retained 0 seconds 0.01181470975279808
sset_21_gloiZ_gTJaE_frame_00100347 pair 40 [2, 11] combined 0 players 0 retained 0 seconds 0.020211773924529552
sset_21_gloiZ_gTJaE_frame_00100347 pair 41 [2, 12] combined 160 players 0 retained 0 seconds 0.014198186807334423
sset_21_gloiZ_gTJaE_frame_00100347 pair 42 [2, 13] combined 792 players 26 retained 14 seconds 0.03972368407994509
sset_21_gloiZ_gTJaE_frame_00100347 pair 47 [3, 2] combined 147456 players 0 retained 0 seconds 0.4620302929542959
sset_21_gloiZ_gTJaE_frame_00100347 pair 65 [4, 6] combined 0 players 0 retained 0 seconds 0.018867793027311563
sset_21_gloiZ_gTJaE_frame_00100347 pair 66 [4, 7] combined 72912 players 0 retained 0 seconds 0.21289918199181557
sset_21_gloiZ_gTJaE_frame_00100347 pair 70 [4, 11] combined 0 players 0 retained 0 seconds 0.01746730413287878
sset_21_gloiZ_gTJaE_frame_00100347 pair 71 [4, 12] combined 156 players 0 retained 0 seconds 0.016489724162966013
sset_21_gloiZ_gTJaE_frame_00100347 pair 72 [4, 13] combined 312 players 0 retained 0 seconds 0.012419558595865965
sset_21_gloiZ_gTJaE_frame_00100347 pair 77 [5, 2] combined 102672 players 0 retained 0 seconds 0.326849568169564
sset_21_gloiZ_gTJaE_frame_00100347 pair 91 [6, 1] combined 35672 players 0 retained 0 seconds 0.11032039579004049
sset_21_gloiZ_gTJaE_frame_00100347 pair 92 [6, 2] combined 68608 players 6 retained 3 seconds 0.2306577581912279
sset_21_gloiZ_gTJaE_frame_00100347 pair 94 [6, 4] combined 0 players 0 retained 0 seconds 0.01477242773398757
sset_21_gloiZ_gTJaE_frame_00100347 pair 97 [6, 8] combined 0 players 0 retained 0 seconds 0.007938450668007135
sset_21_gloiZ_gTJaE_frame_00100347 pair 98 [6, 9] combined 0 players 0 retained 0 seconds 0.006361137609928846
sset_21_gloiZ_gTJaE_frame_00100347 pair 99 [6, 10] combined 29008 players 0 retained 0 seconds 0.08961119595915079
sset_21_gloiZ_gTJaE_frame_00100347 pair 103 [6, 14] combined 0 players 0 retained 0 seconds 0.011270360089838505
sset_21_gloiZ_gTJaE_frame_00100347 pair 106 [7, 1] combined 0 players 0 retained 0 seconds 0.010536414571106434
sset_21_gloiZ_gTJaE_frame_00100347 pair 107 [7, 2] combined 0 players 0 retained 0 seconds 0.008165924344211817
sset_21_gloiZ_gTJaE_frame_00100347 pair 109 [7, 4] combined 12288 players 0 retained 0 seconds 0.06224482133984566
sset_21_gloiZ_gTJaE_frame_00100347 pair 112 [7, 8] combined 0 players 0 retained 0 seconds 0.006834121886640787
sset_21_gloiZ_gTJaE_frame_00100347 pair 113 [7, 9] combined 0 players 0 retained 0 seconds 0.005713107995688915
sset_21_gloiZ_gTJaE_frame_00100347 pair 114 [7, 10] combined 4324 players 0 retained 0 seconds 0.022581635043025017
sset_21_gloiZ_gTJaE_frame_00100347 pair 118 [7, 14] combined 0 players 0 retained 0 seconds 0.00768864993005991
sset_21_gloiZ_gTJaE_frame_00100347 pair 126 [8, 6] combined 0 players 0 retained 0 seconds 0.005023315083235502
sset_21_gloiZ_gTJaE_frame_00100347 pair 127 [8, 7] combined 0 players 0 retained 0 seconds 0.004405830055475235
sset_21_gloiZ_gTJaE_frame_00100347 pair 130 [8, 11] combined 0 players 0 retained 0 seconds 0.0038773049600422382
sset_21_gloiZ_gTJaE_frame_00100347 pair 132 [8, 13] combined 0 players 0 retained 0 seconds 0.0037515037693083286
sset_21_gloiZ_gTJaE_frame_00100347 pair 141 [9, 6] combined 0 players 0 retained 0 seconds 0.010968216694891453
sset_21_gloiZ_gTJaE_frame_00100347 pair 142 [9, 7] combined 0 players 0 retained 0 seconds 0.004942148923873901
sset_21_gloiZ_gTJaE_frame_00100347 pair 145 [9, 11] combined 0 players 0 retained 0 seconds 0.00548954214900732
sset_21_gloiZ_gTJaE_frame_00100347 pair 146 [9, 12] combined 0 players 0 retained 0 seconds 0.004222587216645479
sset_21_gloiZ_gTJaE_frame_00100347 pair 147 [9, 13] combined 0 players 0 retained 0 seconds 0.004057676065713167
sset_21_gloiZ_gTJaE_frame_00100347 pair 156 [10, 6] combined 0 players 0 retained 0 seconds 0.015850513242185116
sset_21_gloiZ_gTJaE_frame_00100347 pair 157 [10, 7] combined 1976 players 0 retained 0 seconds 0.01439708424732089
sset_21_gloiZ_gTJaE_frame_00100347 pair 160 [10, 11] combined 0 players 0 retained 0 seconds 0.011410302016884089
sset_21_gloiZ_gTJaE_frame_00100347 pair 161 [10, 12] combined 12 players 0 retained 0 seconds 0.006515045650303364
sset_21_gloiZ_gTJaE_frame_00100347 pair 162 [10, 13] combined 56 players 0 retained 0 seconds 0.006826322991400957
sset_21_gloiZ_gTJaE_frame_00100347 pair 166 [11, 1] combined 22528 players 32 retained 16 seconds 0.1058035739697516
sset_21_gloiZ_gTJaE_frame_00100347 pair 167 [11, 2] combined 14336 players 28 retained 14 seconds 0.08927130792289972
sset_21_gloiZ_gTJaE_frame_00100347 pair 169 [11, 4] combined 3072 players 0 retained 0 seconds 0.028994061052799225
sset_21_gloiZ_gTJaE_frame_00100347 pair 173 [11, 8] combined 0 players 0 retained 0 seconds 0.005812427960336208
sset_21_gloiZ_gTJaE_frame_00100347 pair 174 [11, 9] combined 0 players 0 retained 0 seconds 0.005192395765334368
sset_21_gloiZ_gTJaE_frame_00100347 pair 175 [11, 10] combined 8284 players 134 retained 67 seconds 0.0635923258960247
sset_21_gloiZ_gTJaE_frame_00100347 pair 178 [11, 14] combined 736 players 0 retained 0 seconds 0.011135346256196499
sset_21_gloiZ_gTJaE_frame_00100347 pair 179 [11, 15] combined 0 players 0 retained 0 seconds 0.004910637158900499
sset_21_gloiZ_gTJaE_frame_00100347 pair 181 [12, 1] combined 2160 players 0 retained 0 seconds 0.019675313960760832
sset_21_gloiZ_gTJaE_frame_00100347 pair 182 [12, 2] combined 1020 players 0 retained 0 seconds 0.019765013828873634
sset_21_gloiZ_gTJaE_frame_00100347 pair 184 [12, 4] combined 232 players 0 retained 0 seconds 0.014477284625172615
sset_21_gloiZ_gTJaE_frame_00100347 pair 189 [12, 9] combined 0 players 0 retained 0 seconds 0.005016671027988195
sset_21_gloiZ_gTJaE_frame_00100347 pair 190 [12, 10] combined 372 players 0 retained 0 seconds 0.008629254065454006
sset_21_gloiZ_gTJaE_frame_00100347 pair 193 [12, 14] combined 160 players 0 retained 0 seconds 0.007698688190430403
sset_21_gloiZ_gTJaE_frame_00100347 pair 196 [13, 1] combined 2048 players 244 retained 118 seconds 0.07020420115441084
sset_21_gloiZ_gTJaE_frame_00100347 pair 197 [13, 2] combined 3072 players 426 retained 208 seconds 0.10222497908398509
sset_21_gloiZ_gTJaE_frame_00100347 pair 199 [13, 4] combined 3072 players 120 retained 59 seconds 0.06388924084603786
sset_21_gloiZ_gTJaE_frame_00100347 pair 203 [13, 8] combined 0 players 0 retained 0 seconds 0.004784537013620138
sset_21_gloiZ_gTJaE_frame_00100347 pair 204 [13, 9] combined 16 players 0 retained 0 seconds 0.004281254019588232
sset_21_gloiZ_gTJaE_frame_00100347 pair 205 [13, 10] combined 3168 players 0 retained 0 seconds 0.0179771832190454
sset_21_gloiZ_gTJaE_frame_00100347 pair 216 [14, 6] combined 0 players 0 retained 0 seconds 0.013549264054745436
sset_21_gloiZ_gTJaE_frame_00100347 pair 217 [14, 7] combined 0 players 0 retained 0 seconds 0.007459753192961216
sset_21_gloiZ_gTJaE_frame_00100347 pair 221 [14, 11] combined 0 players 0 retained 0 seconds 0.00976212928071618
sset_21_gloiZ_gTJaE_frame_00100347 pair 222 [14, 12] combined 480 players 0 retained 0 seconds 0.010353142861276865
sset_21_gloiZ_gTJaE_frame_00100347 pair 236 [15, 11] combined 0 players 0 retained 0 seconds 0.004773438908159733
sset_21_gloiZ_gTJaE_frame_00100347 pair 1 [0, 2] combined 0 players 0 retained 0 seconds 0.018369160126894712
sset_21_gloiZ_gTJaE_frame_00100347 pair 20 [1, 6] combined 0 players 0 retained 0 seconds 0.003149037715047598
sset_21_gloiZ_gTJaE_frame_00100347 pair 21 [1, 7] combined 0 players 0 retained 0 seconds 0.00297742011025548
sset_21_gloiZ_gTJaE_frame_00100347 pair 25 [1, 11] combined 0 players 0 retained 0 seconds 0.0037647951394319534
sset_21_gloiZ_gTJaE_frame_00100347 pair 26 [1, 12] combined 0 players 0 retained 0 seconds 0.002517384011298418
sset_21_gloiZ_gTJaE_frame_00100347 pair 27 [1, 13] combined 0 players 0 retained 0 seconds 0.00213627889752388
sset_21_gloiZ_gTJaE_frame_00100347 pair 30 [2, 0] combined 0 players 0 retained 0 seconds 0.013301054015755653
sset_21_gloiZ_gTJaE_frame_00100347 pair 32 [2, 3] combined 0 players 0 retained 0 seconds 0.005458434112370014
sset_21_gloiZ_gTJaE_frame_00100347 pair 34 [2, 5] combined 0 players 0 retained 0 seconds 0.005365127231925726
sset_21_gloiZ_gTJaE_frame_00100347 pair 35 [2, 6] combined 0 players 0 retained 0 seconds 0.0029412759467959404
sset_21_gloiZ_gTJaE_frame_00100347 pair 36 [2, 7] combined 0 players 0 retained 0 seconds 0.002610425930470228
sset_21_gloiZ_gTJaE_frame_00100347 pair 40 [2, 11] combined 0 players 0 retained 0 seconds 0.006102894898504019
sset_21_gloiZ_gTJaE_frame_00100347 pair 41 [2, 12] combined 0 players 0 retained 0 seconds 0.0025311033241450787
sset_21_gloiZ_gTJaE_frame_00100347 pair 42 [2, 13] combined 0 players 0 retained 0 seconds 0.0021874629892408848
sset_21_gloiZ_gTJaE_frame_00100347 pair 47 [3, 2] combined 0 players 0 retained 0 seconds 0.006620259955525398
sset_21_gloiZ_gTJaE_frame_00100347 pair 65 [4, 6] combined 0 players 0 retained 0 seconds 0.0038852482102811337
sset_21_gloiZ_gTJaE_frame_00100347 pair 66 [4, 7] combined 656 players 0 retained 0 seconds 0.007114313077181578
sset_21_gloiZ_gTJaE_frame_00100347 pair 70 [4, 11] combined 0 players 0 retained 0 seconds 0.004632377997040749
sset_21_gloiZ_gTJaE_frame_00100347 pair 71 [4, 12] combined 0 players 0 retained 0 seconds 0.0027998900040984154
sset_21_gloiZ_gTJaE_frame_00100347 pair 72 [4, 13] combined 0 players 0 retained 0 seconds 0.0024078027345240116
sset_21_gloiZ_gTJaE_frame_00100347 pair 77 [5, 2] combined 0 players 0 retained 0 seconds 0.007134579122066498
sset_21_gloiZ_gTJaE_frame_00100347 pair 91 [6, 1] combined 0 players 0 retained 0 seconds 0.003056270070374012
sset_21_gloiZ_gTJaE_frame_00100347 pair 92 [6, 2] combined 128 players 0 retained 0 seconds 0.003871271852403879
sset_21_gloiZ_gTJaE_frame_00100347 pair 94 [6, 4] combined 0 players 0 retained 0 seconds 0.003243447281420231
sset_21_gloiZ_gTJaE_frame_00100347 pair 97 [6, 8] combined 0 players 0 retained 0 seconds 0.0024165897630155087
sset_21_gloiZ_gTJaE_frame_00100347 pair 98 [6, 9] combined 0 players 0 retained 0 seconds 0.0026476532220840454
sset_21_gloiZ_gTJaE_frame_00100347 pair 99 [6, 10] combined 0 players 0 retained 0 seconds 0.0024911463260650635
sset_21_gloiZ_gTJaE_frame_00100347 pair 103 [6, 14] combined 0 players 0 retained 0 seconds 0.0026737009175121784
sset_21_gloiZ_gTJaE_frame_00100347 pair 106 [7, 1] combined 0 players 0 retained 0 seconds 0.003176078200340271
sset_21_gloiZ_gTJaE_frame_00100347 pair 107 [7, 2] combined 0 players 0 retained 0 seconds 0.002971294801682234
sset_21_gloiZ_gTJaE_frame_00100347 pair 109 [7, 4] combined 432 players 0 retained 0 seconds 0.006010471843183041
sset_21_gloiZ_gTJaE_frame_00100347 pair 112 [7, 8] combined 0 players 0 retained 0 seconds 0.0028398986905813217
sset_21_gloiZ_gTJaE_frame_00100347 pair 113 [7, 9] combined 0 players 0 retained 0 seconds 0.0031028068624436855
sset_21_gloiZ_gTJaE_frame_00100347 pair 114 [7, 10] combined 0 players 0 retained 0 seconds 0.0031790314242243767
sset_21_gloiZ_gTJaE_frame_00100347 pair 118 [7, 14] combined 0 players 0 retained 0 seconds 0.0031368867494165897
sset_21_gloiZ_gTJaE_frame_00100347 pair 126 [8, 6] combined 0 players 0 retained 0 seconds 0.0020389812998473644
sset_21_gloiZ_gTJaE_frame_00100347 pair 127 [8, 7] combined 0 players 0 retained 0 seconds 0.0023498390801250935
sset_21_gloiZ_gTJaE_frame_00100347 pair 130 [8, 11] combined 0 players 0 retained 0 seconds 0.0021688691340386868
sset_21_gloiZ_gTJaE_frame_00100347 pair 132 [8, 13] combined 0 players 0 retained 0 seconds 0.0018145409412682056
sset_21_gloiZ_gTJaE_frame_00100347 pair 141 [9, 6] combined 0 players 0 retained 0 seconds 0.003288343083113432
sset_21_gloiZ_gTJaE_frame_00100347 pair 142 [9, 7] combined 0 players 0 retained 0 seconds 0.002878272905945778
sset_21_gloiZ_gTJaE_frame_00100347 pair 145 [9, 11] combined 0 players 0 retained 0 seconds 0.002708395943045616
sset_21_gloiZ_gTJaE_frame_00100347 pair 146 [9, 12] combined 0 players 0 retained 0 seconds 0.0021273931488394737
sset_21_gloiZ_gTJaE_frame_00100347 pair 147 [9, 13] combined 0 players 0 retained 0 seconds 0.0023056156933307648
sset_21_gloiZ_gTJaE_frame_00100347 pair 156 [10, 6] combined 0 players 0 retained 0 seconds 0.002400763798505068
sset_21_gloiZ_gTJaE_frame_00100347 pair 157 [10, 7] combined 0 players 0 retained 0 seconds 0.002790786325931549
sset_21_gloiZ_gTJaE_frame_00100347 pair 160 [10, 11] combined 0 players 0 retained 0 seconds 0.002685374114662409
sset_21_gloiZ_gTJaE_frame_00100347 pair 161 [10, 12] combined 0 players 0 retained 0 seconds 0.0018316521309316158
sset_21_gloiZ_gTJaE_frame_00100347 pair 162 [10, 13] combined 0 players 0 retained 0 seconds 0.001778426580131054
sset_21_gloiZ_gTJaE_frame_00100347 pair 166 [11, 1] combined 12 players 0 retained 0 seconds 0.0036709769628942013
sset_21_gloiZ_gTJaE_frame_00100347 pair 167 [11, 2] combined 120 players 0 retained 0 seconds 0.00460449093952775
sset_21_gloiZ_gTJaE_frame_00100347 pair 169 [11, 4] combined 0 players 0 retained 0 seconds 0.003845494706183672
sset_21_gloiZ_gTJaE_frame_00100347 pair 173 [11, 8] combined 0 players 0 retained 0 seconds 0.002631174400448799
sset_21_gloiZ_gTJaE_frame_00100347 pair 174 [11, 9] combined 4 players 0 retained 0 seconds 0.003068864345550537
sset_21_gloiZ_gTJaE_frame_00100347 pair 175 [11, 10] combined 0 players 0 retained 0 seconds 0.0029321196489036083
sset_21_gloiZ_gTJaE_frame_00100347 pair 178 [11, 14] combined 4 players 0 retained 0 seconds 0.003063824027776718
sset_21_gloiZ_gTJaE_frame_00100347 pair 179 [11, 15] combined 0 players 0 retained 0 seconds 0.002940049860626459
sset_21_gloiZ_gTJaE_frame_00100347 pair 181 [12, 1] combined 0 players 0 retained 0 seconds 0.002557652071118355
sset_21_gloiZ_gTJaE_frame_00100347 pair 182 [12, 2] combined 0 players 0 retained 0 seconds 0.0026078619994223118
sset_21_gloiZ_gTJaE_frame_00100347 pair 184 [12, 4] combined 0 players 0 retained 0 seconds 0.002608336042612791
sset_21_gloiZ_gTJaE_frame_00100347 pair 189 [12, 9] combined 0 players 0 retained 0 seconds 0.00221245177090168
sset_21_gloiZ_gTJaE_frame_00100347 pair 190 [12, 10] combined 0 players 0 retained 0 seconds 0.0018747877329587936
sset_21_gloiZ_gTJaE_frame_00100347 pair 193 [12, 14] combined 0 players 0 retained 0 seconds 0.0021691168658435345
sset_21_gloiZ_gTJaE_frame_00100347 pair 196 [13, 1] combined 0 players 0 retained 0 seconds 0.0028163171373307705
sset_21_gloiZ_gTJaE_frame_00100347 pair 197 [13, 2] combined 0 players 0 retained 0 seconds 0.0030703190714120865
sset_21_gloiZ_gTJaE_frame_00100347 pair 199 [13, 4] combined 0 players 0 retained 0 seconds 0.0033101211301982403
sset_21_gloiZ_gTJaE_frame_00100347 pair 203 [13, 8] combined 0 players 0 retained 0 seconds 0.0018075089901685715
sset_21_gloiZ_gTJaE_frame_00100347 pair 204 [13, 9] combined 0 players 0 retained 0 seconds 0.0021181348711252213
sset_21_gloiZ_gTJaE_frame_00100347 pair 205 [13, 10] combined 0 players 0 retained 0 seconds 0.0017271069809794426
sset_21_gloiZ_gTJaE_frame_00100347 pair 216 [14, 6] combined 0 players 0 retained 0 seconds 0.0036916318349540234
sset_21_gloiZ_gTJaE_frame_00100347 pair 217 [14, 7] combined 0 players 0 retained 0 seconds 0.0033428939059376717
sset_21_gloiZ_gTJaE_frame_00100347 pair 221 [14, 11] combined 0 players 0 retained 0 seconds 0.00314208772033453
sset_21_gloiZ_gTJaE_frame_00100347 pair 222 [14, 12] combined 0 players 0 retained 0 seconds 0.002300810068845749
sset_21_gloiZ_gTJaE_frame_00100347 pair 236 [15, 11] combined 0 players 0 retained 0 seconds 0.0030272919684648514
[sset_21_gloiZ_gTJaE_frame_00100347] line-template: preparing rectangles
[sset_21_gloiZ_gTJaE_frame_00100347] measuring 512 parents (G0=256, G1=0, line_template=256; conflicting geometry groups=0)
[sset_21_gloiZ_gTJaE_frame_00100347] parents 250/512
[sset_21_gloiZ_gTJaE_frame_00100347] parents 500/512
[sset_21_gloiZ_gTJaE_frame_00100347] refitting 512 parents
[sset_21_gloiZ_gTJaE_frame_00100347] refits 250/512; valid children=190
[sset_21_gloiZ_gTJaE_frame_00100347] refits 500/512; valid children=418
{"view_id": "sset_21_gloiZ_gTJaE_frame_00100347", "chosen_key": "G0:197:409", "no_court_reason": null, "all_checks_equal": null, "error": null}
sset_21_gloiZ_gTJaE_frame_00000300 pair 5 [0, 6] combined 0 players 0 retained 0 seconds 0.15328356297686696
sset_21_gloiZ_gTJaE_frame_00000300 pair 16 [1, 2] combined 0 players 0 retained 0 seconds 0.057851674035191536
sset_21_gloiZ_gTJaE_frame_00000300 pair 18 [1, 4] combined 0 players 0 retained 0 seconds 0.05072850314900279
sset_21_gloiZ_gTJaE_frame_00000300 pair 21 [1, 7] combined 0 players 0 retained 0 seconds 0.05190388998016715
sset_21_gloiZ_gTJaE_frame_00000300 pair 22 [1, 8] combined 0 players 0 retained 0 seconds 0.05151428282260895
sset_21_gloiZ_gTJaE_frame_00000300 pair 24 [1, 10] combined 0 players 0 retained 0 seconds 0.05141639057546854
sset_21_gloiZ_gTJaE_frame_00000300 pair 25 [1, 11] combined 0 players 0 retained 0 seconds 0.04988347785547376
sset_21_gloiZ_gTJaE_frame_00000300 pair 26 [1, 12] combined 0 players 0 retained 0 seconds 0.05758775398135185
sset_21_gloiZ_gTJaE_frame_00000300 pair 28 [1, 14] combined 0 players 0 retained 0 seconds 0.049700723960995674
sset_21_gloiZ_gTJaE_frame_00000300 pair 29 [1, 15] combined 0 players 0 retained 0 seconds 0.04992775293067098
sset_21_gloiZ_gTJaE_frame_00000300 pair 31 [2, 1] combined 0 players 0 retained 0 seconds 0.046777845825999975
sset_21_gloiZ_gTJaE_frame_00000300 pair 34 [2, 5] combined 0 players 0 retained 0 seconds 0.03924649441614747
sset_21_gloiZ_gTJaE_frame_00000300 pair 35 [2, 6] combined 0 players 0 retained 0 seconds 0.03641097620129585
sset_21_gloiZ_gTJaE_frame_00000300 pair 38 [2, 9] combined 0 players 0 retained 0 seconds 0.03456725412979722
sset_21_gloiZ_gTJaE_frame_00000300 pair 41 [2, 12] combined 0 players 0 retained 0 seconds 0.04131108382716775
sset_21_gloiZ_gTJaE_frame_00000300 pair 42 [2, 13] combined 0 players 0 retained 0 seconds 0.03355372091755271
sset_21_gloiZ_gTJaE_frame_00000300 pair 50 [3, 6] combined 0 players 0 retained 0 seconds 0.10557081084698439
sset_21_gloiZ_gTJaE_frame_00000300 pair 61 [4, 1] combined 0 players 0 retained 0 seconds 0.025756702292710543
sset_21_gloiZ_gTJaE_frame_00000300 pair 64 [4, 5] combined 0 players 0 retained 0 seconds 0.017953384667634964
sset_21_gloiZ_gTJaE_frame_00000300 pair 65 [4, 6] combined 0 players 0 retained 0 seconds 0.015240501146763563
sset_21_gloiZ_gTJaE_frame_00000300 pair 68 [4, 9] combined 0 players 0 retained 0 seconds 0.013676088768988848
sset_21_gloiZ_gTJaE_frame_00000300 pair 77 [5, 2] combined 0 players 0 retained 0 seconds 0.033581106923520565
sset_21_gloiZ_gTJaE_frame_00000300 pair 79 [5, 4] combined 0 players 0 retained 0 seconds 0.026656709145754576
sset_21_gloiZ_gTJaE_frame_00000300 pair 81 [5, 7] combined 0 players 0 retained 0 seconds 0.02783240331336856
sset_21_gloiZ_gTJaE_frame_00000300 pair 82 [5, 8] combined 0 players 0 retained 0 seconds 0.0268769939430058
sset_21_gloiZ_gTJaE_frame_00000300 pair 84 [5, 10] combined 0 players 0 retained 0 seconds 0.02662070980295539
sset_21_gloiZ_gTJaE_frame_00000300 pair 85 [5, 11] combined 0 players 0 retained 0 seconds 0.025367614347487688
sset_21_gloiZ_gTJaE_frame_00000300 pair 88 [5, 14] combined 0 players 0 retained 0 seconds 0.02602082584053278
sset_21_gloiZ_gTJaE_frame_00000300 pair 89 [5, 15] combined 0 players 0 retained 0 seconds 0.02610756829380989
sset_21_gloiZ_gTJaE_frame_00000300 pair 90 [6, 0] combined 0 players 0 retained 0 seconds 0.06143896281719208
sset_21_gloiZ_gTJaE_frame_00000300 pair 92 [6, 2] combined 0 players 0 retained 0 seconds 0.025401867926120758
sset_21_gloiZ_gTJaE_frame_00000300 pair 93 [6, 3] combined 0 players 0 retained 0 seconds 0.046718680299818516
sset_21_gloiZ_gTJaE_frame_00000300 pair 94 [6, 4] combined 0 players 0 retained 0 seconds 0.018683789297938347
sset_21_gloiZ_gTJaE_frame_00000300 pair 96 [6, 7] combined 0 players 0 retained 0 seconds 0.019949498120695353
sset_21_gloiZ_gTJaE_frame_00000300 pair 97 [6, 8] combined 0 players 0 retained 0 seconds 0.01893455581739545
sset_21_gloiZ_gTJaE_frame_00000300 pair 99 [6, 10] combined 0 players 0 retained 0 seconds 0.018573373090475798
sset_21_gloiZ_gTJaE_frame_00000300 pair 100 [6, 11] combined 0 players 0 retained 0 seconds 0.016017860732972622
sset_21_gloiZ_gTJaE_frame_00000300 pair 101 [6, 12] combined 0 players 0 retained 0 seconds 0.025917874183505774
sset_21_gloiZ_gTJaE_frame_00000300 pair 103 [6, 14] combined 0 players 0 retained 0 seconds 0.01820348296314478
sset_21_gloiZ_gTJaE_frame_00000300 pair 104 [6, 15] combined 0 players 0 retained 0 seconds 0.01799463713541627
sset_21_gloiZ_gTJaE_frame_00000300 pair 106 [7, 1] combined 0 players 0 retained 0 seconds 0.029531365260481834
sset_21_gloiZ_gTJaE_frame_00000300 pair 110 [7, 5] combined 0 players 0 retained 0 seconds 0.021660201717168093
sset_21_gloiZ_gTJaE_frame_00000300 pair 111 [7, 6] combined 0 players 0 retained 0 seconds 0.018967339769005775
sset_21_gloiZ_gTJaE_frame_00000300 pair 113 [7, 9] combined 0 players 0 retained 0 seconds 0.018691623117774725
sset_21_gloiZ_gTJaE_frame_00000300 pair 117 [7, 13] combined 0 players 0 retained 0 seconds 0.017526418901979923
sset_21_gloiZ_gTJaE_frame_00000300 pair 121 [8, 1] combined 0 players 0 retained 0 seconds 0.02533808909356594
sset_21_gloiZ_gTJaE_frame_00000300 pair 125 [8, 5] combined 0 players 0 retained 0 seconds 0.017904526088386774
sset_21_gloiZ_gTJaE_frame_00000300 pair 126 [8, 6] combined 0 players 0 retained 0 seconds 0.015202220063656569
sset_21_gloiZ_gTJaE_frame_00000300 pair 128 [8, 9] combined 0 players 0 retained 0 seconds 0.012940070126205683
sset_21_gloiZ_gTJaE_frame_00000300 pair 137 [9, 2] combined 0 players 0 retained 0 seconds 0.02026042528450489
sset_21_gloiZ_gTJaE_frame_00000300 pair 139 [9, 4] combined 0 players 0 retained 0 seconds 0.013731373008340597
sset_21_gloiZ_gTJaE_frame_00000300 pair 142 [9, 7] combined 0 players 0 retained 0 seconds 0.015351675916463137
sset_21_gloiZ_gTJaE_frame_00000300 pair 143 [9, 8] combined 0 players 0 retained 0 seconds 0.012194531969726086
sset_21_gloiZ_gTJaE_frame_00000300 pair 144 [9, 10] combined 0 players 0 retained 0 seconds 0.013473283965140581
sset_21_gloiZ_gTJaE_frame_00000300 pair 145 [9, 11] combined 0 players 0 retained 0 seconds 0.012595763895660639
sset_21_gloiZ_gTJaE_frame_00000300 pair 148 [9, 14] combined 0 players 0 retained 0 seconds 0.012588651850819588
sset_21_gloiZ_gTJaE_frame_00000300 pair 149 [9, 15] combined 0 players 0 retained 0 seconds 0.012741176877170801
sset_21_gloiZ_gTJaE_frame_00000300 pair 151 [10, 1] combined 0 players 0 retained 0 seconds 0.02450739685446024
sset_21_gloiZ_gTJaE_frame_00000300 pair 155 [10, 5] combined 0 players 0 retained 0 seconds 0.016804667189717293
sset_21_gloiZ_gTJaE_frame_00000300 pair 156 [10, 6] combined 0 players 0 retained 0 seconds 0.014122164342552423
sset_21_gloiZ_gTJaE_frame_00000300 pair 159 [10, 9] combined 0 players 0 retained 0 seconds 0.012652311008423567
sset_21_gloiZ_gTJaE_frame_00000300 pair 166 [11, 1] combined 0 players 0 retained 0 seconds 0.021606970112770796
sset_21_gloiZ_gTJaE_frame_00000300 pair 170 [11, 5] combined 0 players 0 retained 0 seconds 0.012392902746796608
sset_21_gloiZ_gTJaE_frame_00000300 pair 171 [11, 6] combined 0 players 0 retained 0 seconds 0.009966380894184113
sset_21_gloiZ_gTJaE_frame_00000300 pair 174 [11, 9] combined 0 players 0 retained 0 seconds 0.009648490697145462
sset_21_gloiZ_gTJaE_frame_00000300 pair 181 [12, 1] combined 0 players 0 retained 0 seconds 0.046263850294053555
sset_21_gloiZ_gTJaE_frame_00000300 pair 182 [12, 2] combined 0 players 0 retained 0 seconds 0.04138821503147483
sset_21_gloiZ_gTJaE_frame_00000300 pair 186 [12, 6] combined 0 players 0 retained 0 seconds 0.036876798607409
sset_21_gloiZ_gTJaE_frame_00000300 pair 197 [13, 2] combined 0 players 0 retained 0 seconds 0.01699218526482582
sset_21_gloiZ_gTJaE_frame_00000300 pair 202 [13, 7] combined 0 players 0 retained 0 seconds 0.011764821130782366
sset_21_gloiZ_gTJaE_frame_00000300 pair 211 [14, 1] combined 0 players 0 retained 0 seconds 0.02253318438306451
sset_21_gloiZ_gTJaE_frame_00000300 pair 215 [14, 5] combined 0 players 0 retained 0 seconds 0.013917923904955387
sset_21_gloiZ_gTJaE_frame_00000300 pair 216 [14, 6] combined 0 players 0 retained 0 seconds 0.012256295885890722
sset_21_gloiZ_gTJaE_frame_00000300 pair 219 [14, 9] combined 0 players 0 retained 0 seconds 0.009680088609457016
sset_21_gloiZ_gTJaE_frame_00000300 pair 226 [15, 1] combined 0 players 0 retained 0 seconds 0.021411136724054813
sset_21_gloiZ_gTJaE_frame_00000300 pair 230 [15, 5] combined 0 players 0 retained 0 seconds 0.0139412940479815
sset_21_gloiZ_gTJaE_frame_00000300 pair 231 [15, 6] combined 0 players 0 retained 0 seconds 0.01139442203566432
sset_21_gloiZ_gTJaE_frame_00000300 pair 234 [15, 9] combined 0 players 0 retained 0 seconds 0.009518526960164309
sset_21_gloiZ_gTJaE_frame_00000300 pair 5 [0, 6] combined 0 players 0 retained 0 seconds 0.06710236193612218
sset_21_gloiZ_gTJaE_frame_00000300 pair 16 [1, 2] combined 0 players 0 retained 0 seconds 0.009354399982839823
sset_21_gloiZ_gTJaE_frame_00000300 pair 18 [1, 4] combined 0 players 0 retained 0 seconds 0.008320725057274103
sset_21_gloiZ_gTJaE_frame_00000300 pair 21 [1, 7] combined 0 players 0 retained 0 seconds 0.008349522016942501
sset_21_gloiZ_gTJaE_frame_00000300 pair 22 [1, 8] combined 0 players 0 retained 0 seconds 0.008556372951716185
sset_21_gloiZ_gTJaE_frame_00000300 pair 24 [1, 10] combined 0 players 0 retained 0 seconds 0.008138373028486967
sset_21_gloiZ_gTJaE_frame_00000300 pair 25 [1, 11] combined 0 players 0 retained 0 seconds 0.00805193418636918
sset_21_gloiZ_gTJaE_frame_00000300 pair 26 [1, 12] combined 0 players 0 retained 0 seconds 0.011491919867694378
sset_21_gloiZ_gTJaE_frame_00000300 pair 28 [1, 14] combined 0 players 0 retained 0 seconds 0.008194796741008759
sset_21_gloiZ_gTJaE_frame_00000300 pair 29 [1, 15] combined 0 players 0 retained 0 seconds 0.008433335926383734
sset_21_gloiZ_gTJaE_frame_00000300 pair 31 [2, 1] combined 0 players 0 retained 0 seconds 0.006826633121818304
sset_21_gloiZ_gTJaE_frame_00000300 pair 34 [2, 5] combined 0 players 0 retained 0 seconds 0.005831629037857056
sset_21_gloiZ_gTJaE_frame_00000300 pair 35 [2, 6] combined 0 players 0 retained 0 seconds 0.005640030838549137
sset_21_gloiZ_gTJaE_frame_00000300 pair 38 [2, 9] combined 0 players 0 retained 0 seconds 0.00514688715338707
sset_21_gloiZ_gTJaE_frame_00000300 pair 41 [2, 12] combined 0 players 0 retained 0 seconds 0.008202749770134687
sset_21_gloiZ_gTJaE_frame_00000300 pair 42 [2, 13] combined 0 players 0 retained 0 seconds 0.0052801440469920635
sset_21_gloiZ_gTJaE_frame_00000300 pair 50 [3, 6] combined 0 players 0 retained 0 seconds 0.022562619298696518
sset_21_gloiZ_gTJaE_frame_00000300 pair 61 [4, 1] combined 0 players 0 retained 0 seconds 0.00444161519408226
sset_21_gloiZ_gTJaE_frame_00000300 pair 64 [4, 5] combined 0 players 0 retained 0 seconds 0.003253623843193054
sset_21_gloiZ_gTJaE_frame_00000300 pair 65 [4, 6] combined 0 players 0 retained 0 seconds 0.002880109939724207
sset_21_gloiZ_gTJaE_frame_00000300 pair 68 [4, 9] combined 0 players 0 retained 0 seconds 0.0025665280409157276
sset_21_gloiZ_gTJaE_frame_00000300 pair 77 [5, 2] combined 0 players 0 retained 0 seconds 0.005926854908466339
sset_21_gloiZ_gTJaE_frame_00000300 pair 79 [5, 4] combined 0 players 0 retained 0 seconds 0.004980148747563362
sset_21_gloiZ_gTJaE_frame_00000300 pair 81 [5, 7] combined 0 players 0 retained 0 seconds 0.005031066946685314
sset_21_gloiZ_gTJaE_frame_00000300 pair 82 [5, 8] combined 0 players 0 retained 0 seconds 0.0053556133061647415
sset_21_gloiZ_gTJaE_frame_00000300 pair 84 [5, 10] combined 0 players 0 retained 0 seconds 0.005024028941988945
sset_21_gloiZ_gTJaE_frame_00000300 pair 85 [5, 11] combined 0 players 0 retained 0 seconds 0.0047513688914477825
sset_21_gloiZ_gTJaE_frame_00000300 pair 88 [5, 14] combined 0 players 0 retained 0 seconds 0.0049077169969677925
sset_21_gloiZ_gTJaE_frame_00000300 pair 89 [5, 15] combined 0 players 0 retained 0 seconds 0.005198941100388765
sset_21_gloiZ_gTJaE_frame_00000300 pair 90 [6, 0] combined 0 players 0 retained 0 seconds 0.023913163226097822
sset_21_gloiZ_gTJaE_frame_00000300 pair 92 [6, 2] combined 0 players 0 retained 0 seconds 0.0050365678034722805
sset_21_gloiZ_gTJaE_frame_00000300 pair 93 [6, 3] combined 0 players 0 retained 0 seconds 0.010117905680090189
sset_21_gloiZ_gTJaE_frame_00000300 pair 94 [6, 4] combined 0 players 0 retained 0 seconds 0.004079548176378012
sset_21_gloiZ_gTJaE_frame_00000300 pair 96 [6, 7] combined 0 players 0 retained 0 seconds 0.004192759748548269
sset_21_gloiZ_gTJaE_frame_00000300 pair 97 [6, 8] combined 0 players 0 retained 0 seconds 0.004021132830530405
sset_21_gloiZ_gTJaE_frame_00000300 pair 99 [6, 10] combined 0 players 0 retained 0 seconds 0.0037252926267683506
sset_21_gloiZ_gTJaE_frame_00000300 pair 100 [6, 11] combined 0 players 0 retained 0 seconds 0.0036424091085791588
sset_21_gloiZ_gTJaE_frame_00000300 pair 101 [6, 12] combined 0 players 0 retained 0 seconds 0.007366295903921127
sset_21_gloiZ_gTJaE_frame_00000300 pair 103 [6, 14] combined 0 players 0 retained 0 seconds 0.003766349982470274
sset_21_gloiZ_gTJaE_frame_00000300 pair 104 [6, 15] combined 0 players 0 retained 0 seconds 0.0038924571126699448
sset_21_gloiZ_gTJaE_frame_00000300 pair 106 [7, 1] combined 0 players 0 retained 0 seconds 0.004465139005333185
sset_21_gloiZ_gTJaE_frame_00000300 pair 110 [7, 5] combined 0 players 0 retained 0 seconds 0.003630727995187044
sset_21_gloiZ_gTJaE_frame_00000300 pair 111 [7, 6] combined 0 players 0 retained 0 seconds 0.0034927669912576675
sset_21_gloiZ_gTJaE_frame_00000300 pair 113 [7, 9] combined 0 players 0 retained 0 seconds 0.003150132019072771
sset_21_gloiZ_gTJaE_frame_00000300 pair 117 [7, 13] combined 0 players 0 retained 0 seconds 0.0031505650840699673
sset_21_gloiZ_gTJaE_frame_00000300 pair 121 [8, 1] combined 0 players 0 retained 0 seconds 0.004757309798151255
sset_21_gloiZ_gTJaE_frame_00000300 pair 125 [8, 5] combined 0 players 0 retained 0 seconds 0.0039034411311149597
sset_21_gloiZ_gTJaE_frame_00000300 pair 126 [8, 6] combined 0 players 0 retained 0 seconds 0.003524858970195055
sset_21_gloiZ_gTJaE_frame_00000300 pair 128 [8, 9] combined 0 players 0 retained 0 seconds 0.002724905963987112
sset_21_gloiZ_gTJaE_frame_00000300 pair 137 [9, 2] combined 0 players 0 retained 0 seconds 0.0038130739703774452
sset_21_gloiZ_gTJaE_frame_00000300 pair 139 [9, 4] combined 0 players 0 retained 0 seconds 0.0028765592724084854
sset_21_gloiZ_gTJaE_frame_00000300 pair 142 [9, 7] combined 0 players 0 retained 0 seconds 0.003078571055084467
sset_21_gloiZ_gTJaE_frame_00000300 pair 143 [9, 8] combined 0 players 0 retained 0 seconds 0.0027860701084136963
sset_21_gloiZ_gTJaE_frame_00000300 pair 144 [9, 10] combined 0 players 0 retained 0 seconds 0.002924347296357155
sset_21_gloiZ_gTJaE_frame_00000300 pair 145 [9, 11] combined 0 players 0 retained 0 seconds 0.0027792491018772125
sset_21_gloiZ_gTJaE_frame_00000300 pair 148 [9, 14] combined 0 players 0 retained 0 seconds 0.002836477942764759
sset_21_gloiZ_gTJaE_frame_00000300 pair 149 [9, 15] combined 0 players 0 retained 0 seconds 0.0029793307185173035
sset_21_gloiZ_gTJaE_frame_00000300 pair 151 [10, 1] combined 0 players 0 retained 0 seconds 0.003966774791479111
sset_21_gloiZ_gTJaE_frame_00000300 pair 155 [10, 5] combined 0 players 0 retained 0 seconds 0.0030561829917132854
sset_21_gloiZ_gTJaE_frame_00000300 pair 156 [10, 6] combined 0 players 0 retained 0 seconds 0.0027748560532927513
sset_21_gloiZ_gTJaE_frame_00000300 pair 159 [10, 9] combined 0 players 0 retained 0 seconds 0.0024227071553468704
sset_21_gloiZ_gTJaE_frame_00000300 pair 166 [11, 1] combined 0 players 0 retained 0 seconds 0.0038647199980914593
sset_21_gloiZ_gTJaE_frame_00000300 pair 170 [11, 5] combined 0 players 0 retained 0 seconds 0.0028656809590756893
sset_21_gloiZ_gTJaE_frame_00000300 pair 171 [11, 6] combined 0 players 0 retained 0 seconds 0.0025691408663988113
sset_21_gloiZ_gTJaE_frame_00000300 pair 174 [11, 9] combined 0 players 0 retained 0 seconds 0.002234530635178089
sset_21_gloiZ_gTJaE_frame_00000300 pair 181 [12, 1] combined 0 players 0 retained 0 seconds 0.014782970771193504
sset_21_gloiZ_gTJaE_frame_00000300 pair 182 [12, 2] combined 0 players 0 retained 0 seconds 0.013841204345226288
sset_21_gloiZ_gTJaE_frame_00000300 pair 186 [12, 6] combined 0 players 0 retained 0 seconds 0.013356456998735666
sset_21_gloiZ_gTJaE_frame_00000300 pair 197 [13, 2] combined 0 players 0 retained 0 seconds 0.004000079818069935
sset_21_gloiZ_gTJaE_frame_00000300 pair 202 [13, 7] combined 0 players 0 retained 0 seconds 0.0031884810887277126
sset_21_gloiZ_gTJaE_frame_00000300 pair 211 [14, 1] combined 0 players 0 retained 0 seconds 0.0042332848533988
sset_21_gloiZ_gTJaE_frame_00000300 pair 215 [14, 5] combined 0 players 0 retained 0 seconds 0.0030546081252396107
sset_21_gloiZ_gTJaE_frame_00000300 pair 216 [14, 6] combined 0 players 0 retained 0 seconds 0.0027263201773166656
sset_21_gloiZ_gTJaE_frame_00000300 pair 219 [14, 9] combined 0 players 0 retained 0 seconds 0.002511293161660433
sset_21_gloiZ_gTJaE_frame_00000300 pair 226 [15, 1] combined 0 players 0 retained 0 seconds 0.004508469253778458
sset_21_gloiZ_gTJaE_frame_00000300 pair 230 [15, 5] combined 0 players 0 retained 0 seconds 0.0034589339047670364
sset_21_gloiZ_gTJaE_frame_00000300 pair 231 [15, 6] combined 0 players 0 retained 0 seconds 0.0030905529856681824
sset_21_gloiZ_gTJaE_frame_00000300 pair 234 [15, 9] combined 0 players 0 retained 0 seconds 0.0027721673250198364
[sset_21_gloiZ_gTJaE_frame_00000300] line-template: preparing rectangles
[sset_21_gloiZ_gTJaE_frame_00000300] measuring 256 parents (G0=0, G1=0, line_template=256; conflicting geometry groups=0)
[sset_21_gloiZ_gTJaE_frame_00000300] parents 250/256
[sset_21_gloiZ_gTJaE_frame_00000300] refitting 256 parents
[sset_21_gloiZ_gTJaE_frame_00000300] refits 250/256; valid children=186
{"view_id": "sset_21_gloiZ_gTJaE_frame_00000300", "chosen_key": null, "no_court_reason": "no_gated_court", "all_checks_equal": null, "error": null}
sset_21_gloiZ_gTJaE_frame_00023893 pair 0 [0, 1] combined 0 players 0 retained 0 seconds 0.017906558699905872
sset_21_gloiZ_gTJaE_frame_00023893 pair 1 [0, 2] combined 0 players 0 retained 0 seconds 0.01529442286118865
sset_21_gloiZ_gTJaE_frame_00023893 pair 2 [0, 3] combined 0 players 0 retained 0 seconds 0.01521178288385272
sset_21_gloiZ_gTJaE_frame_00023893 pair 3 [0, 4] combined 0 players 0 retained 0 seconds 0.014834838919341564
sset_21_gloiZ_gTJaE_frame_00023893 pair 4 [0, 5] combined 0 players 0 retained 0 seconds 0.015230975113809109
sset_21_gloiZ_gTJaE_frame_00023893 pair 5 [0, 6] combined 0 players 0 retained 0 seconds 0.015042474959045649
sset_21_gloiZ_gTJaE_frame_00023893 pair 6 [0, 7] combined 0 players 0 retained 0 seconds 0.01569563616067171
sset_21_gloiZ_gTJaE_frame_00023893 pair 7 [0, 8] combined 0 players 0 retained 0 seconds 0.015580560080707073
sset_21_gloiZ_gTJaE_frame_00023893 pair 8 [0, 9] combined 0 players 0 retained 0 seconds 0.01495529804378748
sset_21_gloiZ_gTJaE_frame_00023893 pair 9 [0, 10] combined 0 players 0 retained 0 seconds 0.01487186225131154
sset_21_gloiZ_gTJaE_frame_00023893 pair 11 [0, 12] combined 0 players 0 retained 0 seconds 0.01530154375359416
sset_21_gloiZ_gTJaE_frame_00023893 pair 13 [0, 14] combined 0 players 0 retained 0 seconds 0.014529550913721323
sset_21_gloiZ_gTJaE_frame_00023893 pair 15 [1, 0] combined 0 players 0 retained 0 seconds 0.014492386020720005
sset_21_gloiZ_gTJaE_frame_00023893 pair 30 [2, 0] combined 0 players 0 retained 0 seconds 0.009691433981060982
sset_21_gloiZ_gTJaE_frame_00023893 pair 45 [3, 0] combined 0 players 0 retained 0 seconds 0.009704286698251963
sset_21_gloiZ_gTJaE_frame_00023893 pair 60 [4, 0] combined 0 players 0 retained 0 seconds 0.008820305578410625
sset_21_gloiZ_gTJaE_frame_00023893 pair 75 [5, 0] combined 0 players 0 retained 0 seconds 0.009065572638064623
sset_21_gloiZ_gTJaE_frame_00023893 pair 85 [5, 11] combined 0 players 0 retained 0 seconds 0.003544227220118046
sset_21_gloiZ_gTJaE_frame_00023893 pair 90 [6, 0] combined 0 players 0 retained 0 seconds 0.009214387275278568
sset_21_gloiZ_gTJaE_frame_00023893 pair 105 [7, 0] combined 0 players 0 retained 0 seconds 0.009561916347593069
sset_21_gloiZ_gTJaE_frame_00023893 pair 120 [8, 0] combined 0 players 0 retained 0 seconds 0.008743544109165668
sset_21_gloiZ_gTJaE_frame_00023893 pair 135 [9, 0] combined 0 players 0 retained 0 seconds 0.008589563891291618
sset_21_gloiZ_gTJaE_frame_00023893 pair 150 [10, 0] combined 0 players 0 retained 0 seconds 0.008787781000137329
sset_21_gloiZ_gTJaE_frame_00023893 pair 170 [11, 5] combined 0 players 0 retained 0 seconds 0.003670163918286562
sset_21_gloiZ_gTJaE_frame_00023893 pair 179 [11, 15] combined 0 players 0 retained 0 seconds 0.0037004719488322735
sset_21_gloiZ_gTJaE_frame_00023893 pair 180 [12, 0] combined 0 players 0 retained 0 seconds 0.009592859074473381
sset_21_gloiZ_gTJaE_frame_00023893 pair 210 [14, 0] combined 0 players 0 retained 0 seconds 0.008612839039415121
sset_21_gloiZ_gTJaE_frame_00023893 pair 236 [15, 11] combined 0 players 0 retained 0 seconds 0.0038817650638520718
sset_21_gloiZ_gTJaE_frame_00023893 pair 0 [0, 1] combined 0 players 0 retained 0 seconds 0.0029286067001521587
sset_21_gloiZ_gTJaE_frame_00023893 pair 1 [0, 2] combined 0 players 0 retained 0 seconds 0.0023734248243272305
sset_21_gloiZ_gTJaE_frame_00023893 pair 2 [0, 3] combined 0 players 0 retained 0 seconds 0.0024353228509426117
sset_21_gloiZ_gTJaE_frame_00023893 pair 3 [0, 4] combined 0 players 0 retained 0 seconds 0.0022510518319904804
sset_21_gloiZ_gTJaE_frame_00023893 pair 4 [0, 5] combined 0 players 0 retained 0 seconds 0.0022894972935318947
sset_21_gloiZ_gTJaE_frame_00023893 pair 5 [0, 6] combined 0 players 0 retained 0 seconds 0.002162899821996689
sset_21_gloiZ_gTJaE_frame_00023893 pair 6 [0, 7] combined 0 players 0 retained 0 seconds 0.0023481380194425583
sset_21_gloiZ_gTJaE_frame_00023893 pair 7 [0, 8] combined 0 players 0 retained 0 seconds 0.0021670027635991573
sset_21_gloiZ_gTJaE_frame_00023893 pair 8 [0, 9] combined 0 players 0 retained 0 seconds 0.0022733421064913273
sset_21_gloiZ_gTJaE_frame_00023893 pair 9 [0, 10] combined 0 players 0 retained 0 seconds 0.0021845893934369087
sset_21_gloiZ_gTJaE_frame_00023893 pair 11 [0, 12] combined 0 players 0 retained 0 seconds 0.0022430079989135265
sset_21_gloiZ_gTJaE_frame_00023893 pair 13 [0, 14] combined 0 players 0 retained 0 seconds 0.002354087308049202
sset_21_gloiZ_gTJaE_frame_00023893 pair 15 [1, 0] combined 0 players 0 retained 0 seconds 0.0026737824082374573
sset_21_gloiZ_gTJaE_frame_00023893 pair 30 [2, 0] combined 0 players 0 retained 0 seconds 0.002234573010355234
sset_21_gloiZ_gTJaE_frame_00023893 pair 45 [3, 0] combined 0 players 0 retained 0 seconds 0.0021755630150437355
sset_21_gloiZ_gTJaE_frame_00023893 pair 60 [4, 0] combined 0 players 0 retained 0 seconds 0.0020848452113568783
sset_21_gloiZ_gTJaE_frame_00023893 pair 75 [5, 0] combined 0 players 0 retained 0 seconds 0.0022373078390955925
sset_21_gloiZ_gTJaE_frame_00023893 pair 85 [5, 11] combined 0 players 0 retained 0 seconds 0.0018856138922274113
sset_21_gloiZ_gTJaE_frame_00023893 pair 90 [6, 0] combined 0 players 0 retained 0 seconds 0.0019337697885930538
sset_21_gloiZ_gTJaE_frame_00023893 pair 105 [7, 0] combined 0 players 0 retained 0 seconds 0.002301519736647606
sset_21_gloiZ_gTJaE_frame_00023893 pair 120 [8, 0] combined 0 players 0 retained 0 seconds 0.00196863804012537
sset_21_gloiZ_gTJaE_frame_00023893 pair 135 [9, 0] combined 0 players 0 retained 0 seconds 0.001990559045225382
sset_21_gloiZ_gTJaE_frame_00023893 pair 150 [10, 0] combined 0 players 0 retained 0 seconds 0.002034206874668598
sset_21_gloiZ_gTJaE_frame_00023893 pair 170 [11, 5] combined 0 players 0 retained 0 seconds 0.0018688957206904888
sset_21_gloiZ_gTJaE_frame_00023893 pair 179 [11, 15] combined 0 players 0 retained 0 seconds 0.001819021999835968
sset_21_gloiZ_gTJaE_frame_00023893 pair 180 [12, 0] combined 0 players 0 retained 0 seconds 0.0020845052786171436
sset_21_gloiZ_gTJaE_frame_00023893 pair 210 [14, 0] combined 0 players 0 retained 0 seconds 0.0019970950670540333
sset_21_gloiZ_gTJaE_frame_00023893 pair 236 [15, 11] combined 0 players 0 retained 0 seconds 0.001935943029820919
[sset_21_gloiZ_gTJaE_frame_00023893] line-template: preparing rectangles
[sset_21_gloiZ_gTJaE_frame_00023893] measuring 256 parents (G0=0, G1=0, line_template=256; conflicting geometry groups=0)
[sset_21_gloiZ_gTJaE_frame_00023893] parents 250/256
[sset_21_gloiZ_gTJaE_frame_00023893] refitting 256 parents
[sset_21_gloiZ_gTJaE_frame_00023893] refits 250/256; valid children=206
{"view_id": "sset_21_gloiZ_gTJaE_frame_00023893", "chosen_key": null, "no_court_reason": "no_gated_court", "all_checks_equal": null, "error": null}
sset_21_gloiZ_gTJaE_frame_00038228 pair 12 [0, 13] combined 48 players 0 retained 0 seconds 0.004116990137845278
sset_21_gloiZ_gTJaE_frame_00038228 pair 13 [0, 14] combined 0 players 0 retained 0 seconds 0.005795655772089958
sset_21_gloiZ_gTJaE_frame_00038228 pair 27 [1, 13] combined 64 players 8 retained 4 seconds 0.027372428216040134
sset_21_gloiZ_gTJaE_frame_00038228 pair 28 [1, 14] combined 6840 players 30 retained 15 seconds 0.050560310017317533
sset_21_gloiZ_gTJaE_frame_00038228 pair 39 [2, 10] combined 200 players 50 retained 25 seconds 0.030809877905994654
sset_21_gloiZ_gTJaE_frame_00038228 pair 40 [2, 11] combined 32 players 0 retained 0 seconds 0.003848864696919918
sset_21_gloiZ_gTJaE_frame_00038228 pair 42 [2, 13] combined 0 players 0 retained 0 seconds 0.0034699030220508575
sset_21_gloiZ_gTJaE_frame_00038228 pair 57 [3, 13] combined 0 players 0 retained 0 seconds 0.003105849027633667
sset_21_gloiZ_gTJaE_frame_00038228 pair 58 [3, 14] combined 0 players 0 retained 0 seconds 0.004850540775805712
sset_21_gloiZ_gTJaE_frame_00038228 pair 73 [4, 14] combined 200 players 92 retained 46 seconds 0.03625805117189884
sset_21_gloiZ_gTJaE_frame_00038228 pair 87 [5, 13] combined 0 players 0 retained 0 seconds 0.003340683877468109
sset_21_gloiZ_gTJaE_frame_00038228 pair 88 [5, 14] combined 0 players 0 retained 0 seconds 0.004556489177048206
sset_21_gloiZ_gTJaE_frame_00038228 pair 99 [6, 10] combined 0 players 0 retained 0 seconds 0.004058517049998045
sset_21_gloiZ_gTJaE_frame_00038228 pair 100 [6, 11] combined 16 players 0 retained 0 seconds 0.0032264450564980507
sset_21_gloiZ_gTJaE_frame_00038228 pair 102 [6, 13] combined 0 players 0 retained 0 seconds 0.003014892805367708
sset_21_gloiZ_gTJaE_frame_00038228 pair 117 [7, 13] combined 0 players 0 retained 0 seconds 0.003439866006374359
sset_21_gloiZ_gTJaE_frame_00038228 pair 118 [7, 14] combined 0 players 0 retained 0 seconds 0.005385884083807468
sset_21_gloiZ_gTJaE_frame_00038228 pair 132 [8, 13] combined 0 players 0 retained 0 seconds 0.0029761865735054016
sset_21_gloiZ_gTJaE_frame_00038228 pair 133 [8, 14] combined 0 players 0 retained 0 seconds 0.004949328023940325
sset_21_gloiZ_gTJaE_frame_00038228 pair 148 [9, 14] combined 0 players 0 retained 0 seconds 0.005341350566595793
sset_21_gloiZ_gTJaE_frame_00038228 pair 152 [10, 2] combined 164 players 6 retained 3 seconds 0.02899689506739378
sset_21_gloiZ_gTJaE_frame_00038228 pair 156 [10, 6] combined 116 players 4 retained 2 seconds 0.027578013949096203
sset_21_gloiZ_gTJaE_frame_00038228 pair 161 [10, 12] combined 8 players 0 retained 0 seconds 0.0033739800564944744
sset_21_gloiZ_gTJaE_frame_00038228 pair 167 [11, 2] combined 76 players 0 retained 0 seconds 0.004689796362072229
sset_21_gloiZ_gTJaE_frame_00038228 pair 171 [11, 6] combined 0 players 0 retained 0 seconds 0.0038652871735394
sset_21_gloiZ_gTJaE_frame_00038228 pair 177 [11, 13] combined 0 players 0 retained 0 seconds 0.002447142731398344
sset_21_gloiZ_gTJaE_frame_00038228 pair 178 [11, 14] combined 68 players 0 retained 0 seconds 0.005165481939911842
sset_21_gloiZ_gTJaE_frame_00038228 pair 190 [12, 10] combined 0 players 0 retained 0 seconds 0.0038380720652639866
sset_21_gloiZ_gTJaE_frame_00038228 pair 192 [12, 13] combined 0 players 0 retained 0 seconds 0.00276784785091877
sset_21_gloiZ_gTJaE_frame_00038228 pair 193 [12, 14] combined 60 players 0 retained 0 seconds 0.005166909191757441
sset_21_gloiZ_gTJaE_frame_00038228 pair 195 [13, 0] combined 200 players 0 retained 0 seconds 0.004852804820984602
sset_21_gloiZ_gTJaE_frame_00038228 pair 196 [13, 1] combined 168 players 0 retained 0 seconds 0.0053731719963252544
sset_21_gloiZ_gTJaE_frame_00038228 pair 197 [13, 2] combined 0 players 0 retained 0 seconds 0.00436778599396348
sset_21_gloiZ_gTJaE_frame_00038228 pair 198 [13, 3] combined 0 players 0 retained 0 seconds 0.0030728690326213837
sset_21_gloiZ_gTJaE_frame_00038228 pair 200 [13, 5] combined 0 players 0 retained 0 seconds 0.00316498801112175
sset_21_gloiZ_gTJaE_frame_00038228 pair 201 [13, 6] combined 0 players 0 retained 0 seconds 0.0037448429502546787
sset_21_gloiZ_gTJaE_frame_00038228 pair 202 [13, 7] combined 0 players 0 retained 0 seconds 0.003739745821803808
sset_21_gloiZ_gTJaE_frame_00038228 pair 203 [13, 8] combined 120 players 0 retained 0 seconds 0.0038486840203404427
sset_21_gloiZ_gTJaE_frame_00038228 pair 206 [13, 11] combined 0 players 0 retained 0 seconds 0.0024646008387207985
sset_21_gloiZ_gTJaE_frame_00038228 pair 207 [13, 12] combined 0 players 0 retained 0 seconds 0.0026181116700172424
sset_21_gloiZ_gTJaE_frame_00038228 pair 210 [14, 0] combined 0 players 0 retained 0 seconds 0.004170248284935951
sset_21_gloiZ_gTJaE_frame_00038228 pair 211 [14, 1] combined 0 players 0 retained 0 seconds 0.005139166954904795
sset_21_gloiZ_gTJaE_frame_00038228 pair 213 [14, 3] combined 0 players 0 retained 0 seconds 0.003465500194579363
sset_21_gloiZ_gTJaE_frame_00038228 pair 214 [14, 4] combined 0 players 0 retained 0 seconds 0.004446407314389944
sset_21_gloiZ_gTJaE_frame_00038228 pair 215 [14, 5] combined 0 players 0 retained 0 seconds 0.0029950030148029327
sset_21_gloiZ_gTJaE_frame_00038228 pair 217 [14, 7] combined 0 players 0 retained 0 seconds 0.0032856520265340805
sset_21_gloiZ_gTJaE_frame_00038228 pair 218 [14, 8] combined 0 players 0 retained 0 seconds 0.003010766115039587
sset_21_gloiZ_gTJaE_frame_00038228 pair 219 [14, 9] combined 0 players 0 retained 0 seconds 0.003809066955000162
sset_21_gloiZ_gTJaE_frame_00038228 pair 221 [14, 11] combined 0 players 0 retained 0 seconds 0.003529792185872793
sset_21_gloiZ_gTJaE_frame_00038228 pair 222 [14, 12] combined 0 players 0 retained 0 seconds 0.0032439162023365498
sset_21_gloiZ_gTJaE_frame_00038228 pair 224 [14, 15] combined 0 players 0 retained 0 seconds 0.003352823667228222
sset_21_gloiZ_gTJaE_frame_00038228 pair 239 [15, 14] combined 0 players 0 retained 0 seconds 0.0059271808713674545
sset_21_gloiZ_gTJaE_frame_00038228 pair 12 [0, 13] combined 0 players 0 retained 0 seconds 0.002000706735998392
sset_21_gloiZ_gTJaE_frame_00038228 pair 13 [0, 14] combined 0 players 0 retained 0 seconds 0.003512349911034107
sset_21_gloiZ_gTJaE_frame_00038228 pair 27 [1, 13] combined 0 players 0 retained 0 seconds 0.001762061845511198
sset_21_gloiZ_gTJaE_frame_00038228 pair 28 [1, 14] combined 0 players 0 retained 0 seconds 0.0032783891074359417
sset_21_gloiZ_gTJaE_frame_00038228 pair 39 [2, 10] combined 0 players 0 retained 0 seconds 0.0016474849544465542
sset_21_gloiZ_gTJaE_frame_00038228 pair 40 [2, 11] combined 0 players 0 retained 0 seconds 0.0015737852081656456
sset_21_gloiZ_gTJaE_frame_00038228 pair 42 [2, 13] combined 0 players 0 retained 0 seconds 0.0016282601282000542
sset_21_gloiZ_gTJaE_frame_00038228 pair 57 [3, 13] combined 0 players 0 retained 0 seconds 0.001632138155400753
sset_21_gloiZ_gTJaE_frame_00038228 pair 58 [3, 14] combined 0 players 0 retained 0 seconds 0.0025590239092707634
sset_21_gloiZ_gTJaE_frame_00038228 pair 73 [4, 14] combined 0 players 0 retained 0 seconds 0.0030818157829344273
sset_21_gloiZ_gTJaE_frame_00038228 pair 87 [5, 13] combined 0 players 0 retained 0 seconds 0.0016577462665736675
sset_21_gloiZ_gTJaE_frame_00038228 pair 88 [5, 14] combined 0 players 0 retained 0 seconds 0.002153585199266672
sset_21_gloiZ_gTJaE_frame_00038228 pair 99 [6, 10] combined 0 players 0 retained 0 seconds 0.0015978431329131126
sset_21_gloiZ_gTJaE_frame_00038228 pair 100 [6, 11] combined 0 players 0 retained 0 seconds 0.0015184958465397358
sset_21_gloiZ_gTJaE_frame_00038228 pair 102 [6, 13] combined 0 players 0 retained 0 seconds 0.0016643400304019451
sset_21_gloiZ_gTJaE_frame_00038228 pair 117 [7, 13] combined 0 players 0 retained 0 seconds 0.0019652447663247585
sset_21_gloiZ_gTJaE_frame_00038228 pair 118 [7, 14] combined 0 players 0 retained 0 seconds 0.0025950809940695763
sset_21_gloiZ_gTJaE_frame_00038228 pair 132 [8, 13] combined 0 players 0 retained 0 seconds 0.0016823490150272846
sset_21_gloiZ_gTJaE_frame_00038228 pair 133 [8, 14] combined 0 players 0 retained 0 seconds 0.0032521062530577183
sset_21_gloiZ_gTJaE_frame_00038228 pair 148 [9, 14] combined 0 players 0 retained 0 seconds 0.0029155518859624863
sset_21_gloiZ_gTJaE_frame_00038228 pair 152 [10, 2] combined 0 players 0 retained 0 seconds 0.0017917291261255741
sset_21_gloiZ_gTJaE_frame_00038228 pair 156 [10, 6] combined 0 players 0 retained 0 seconds 0.0019355160184204578
sset_21_gloiZ_gTJaE_frame_00038228 pair 161 [10, 12] combined 0 players 0 retained 0 seconds 0.0015825750306248665
sset_21_gloiZ_gTJaE_frame_00038228 pair 167 [11, 2] combined 0 players 0 retained 0 seconds 0.0017988230101764202
sset_21_gloiZ_gTJaE_frame_00038228 pair 171 [11, 6] combined 0 players 0 retained 0 seconds 0.0017843670211732388
sset_21_gloiZ_gTJaE_frame_00038228 pair 177 [11, 13] combined 0 players 0 retained 0 seconds 0.0015669772401452065
sset_21_gloiZ_gTJaE_frame_00038228 pair 178 [11, 14] combined 0 players 0 retained 0 seconds 0.0029801027849316597
sset_21_gloiZ_gTJaE_frame_00038228 pair 190 [12, 10] combined 0 players 0 retained 0 seconds 0.0015750988386571407
sset_21_gloiZ_gTJaE_frame_00038228 pair 192 [12, 13] combined 0 players 0 retained 0 seconds 0.001561565324664116
sset_21_gloiZ_gTJaE_frame_00038228 pair 193 [12, 14] combined 0 players 0 retained 0 seconds 0.003094468731433153
sset_21_gloiZ_gTJaE_frame_00038228 pair 195 [13, 0] combined 0 players 0 retained 0 seconds 0.0019029229879379272
sset_21_gloiZ_gTJaE_frame_00038228 pair 196 [13, 1] combined 0 players 0 retained 0 seconds 0.0015937527641654015
sset_21_gloiZ_gTJaE_frame_00038228 pair 197 [13, 2] combined 0 players 0 retained 0 seconds 0.0018052700906991959
sset_21_gloiZ_gTJaE_frame_00038228 pair 198 [13, 3] combined 0 players 0 retained 0 seconds 0.00155239412561059
sset_21_gloiZ_gTJaE_frame_00038228 pair 200 [13, 5] combined 0 players 0 retained 0 seconds 0.0018124738708138466
sset_21_gloiZ_gTJaE_frame_00038228 pair 201 [13, 6] combined 0 players 0 retained 0 seconds 0.001833888702094555
sset_21_gloiZ_gTJaE_frame_00038228 pair 202 [13, 7] combined 0 players 0 retained 0 seconds 0.0015139933675527573
sset_21_gloiZ_gTJaE_frame_00038228 pair 203 [13, 8] combined 0 players 0 retained 0 seconds 0.0019310060888528824
sset_21_gloiZ_gTJaE_frame_00038228 pair 206 [13, 11] combined 0 players 0 retained 0 seconds 0.0015927129425108433
sset_21_gloiZ_gTJaE_frame_00038228 pair 207 [13, 12] combined 0 players 0 retained 0 seconds 0.0016743331216275692
sset_21_gloiZ_gTJaE_frame_00038228 pair 210 [14, 0] combined 0 players 0 retained 0 seconds 0.0023145577870309353
sset_21_gloiZ_gTJaE_frame_00038228 pair 211 [14, 1] combined 0 players 0 retained 0 seconds 0.0020391051657497883
sset_21_gloiZ_gTJaE_frame_00038228 pair 213 [14, 3] combined 0 players 0 retained 0 seconds 0.0022446890361607075
sset_21_gloiZ_gTJaE_frame_00038228 pair 214 [14, 4] combined 0 players 0 retained 0 seconds 0.0019170152954757214
sset_21_gloiZ_gTJaE_frame_00038228 pair 215 [14, 5] combined 0 players 0 retained 0 seconds 0.00191538967192173
sset_21_gloiZ_gTJaE_frame_00038228 pair 217 [14, 7] combined 0 players 0 retained 0 seconds 0.0019250120967626572
sset_21_gloiZ_gTJaE_frame_00038228 pair 218 [14, 8] combined 0 players 0 retained 0 seconds 0.002188189886510372
sset_21_gloiZ_gTJaE_frame_00038228 pair 219 [14, 9] combined 0 players 0 retained 0 seconds 0.002413209993392229
sset_21_gloiZ_gTJaE_frame_00038228 pair 221 [14, 11] combined 0 players 0 retained 0 seconds 0.002145785838365555
sset_21_gloiZ_gTJaE_frame_00038228 pair 222 [14, 12] combined 0 players 0 retained 0 seconds 0.0020105899311602116
sset_21_gloiZ_gTJaE_frame_00038228 pair 224 [14, 15] combined 0 players 0 retained 0 seconds 0.0019723670557141304
sset_21_gloiZ_gTJaE_frame_00038228 pair 239 [15, 14] combined 0 players 0 retained 0 seconds 0.003492268268018961
[sset_21_gloiZ_gTJaE_frame_00038228] line-template: preparing rectangles
[sset_21_gloiZ_gTJaE_frame_00038228] measuring 351 parents (G0=95, G1=0, line_template=256; conflicting geometry groups=0)
[sset_21_gloiZ_gTJaE_frame_00038228] parents 250/351
[sset_21_gloiZ_gTJaE_frame_00038228] refitting 351 parents
[sset_21_gloiZ_gTJaE_frame_00038228] refits 250/351; valid children=69
{"view_id": "sset_21_gloiZ_gTJaE_frame_00038228", "chosen_key": null, "no_court_reason": "no_gated_court", "all_checks_equal": null, "error": null}
{"views": ["shuttleset_21_scene_0034", "shuttleset_21_scene_0044", "sset_21_gloiZ_gTJaE_frame_00100347", "sset_21_gloiZ_gTJaE_frame_00000300", "sset_21_gloiZ_gTJaE_frame_00023893", "sset_21_gloiZ_gTJaE_frame_00038228"], "startup_seconds": 0.0564120695926249, "wall_seconds": 1176.408166457899, "peak_rss_mb": 1703.8046875, "failed": []}
