run_automatic from <R>/cap_loss/run_automatic.py
run_given from <R>/cap_loss/run_given.py
am3_window_00_frame_0 pair 0 [0, 1] combined 262144 players 61108 retained 256 seconds 22.674164596945047
am3_window_00_frame_0 pair 1 [0, 2] combined 262144 players 34968 retained 256 seconds 19.51068710605614
am3_window_00_frame_0 pair 3 [0, 4] combined 29696 players 6694 retained 256 seconds 4.449604500085115
am3_window_00_frame_0 pair 6 [0, 7] combined 262144 players 69036 retained 256 seconds 20.082298344001174
am3_window_00_frame_0 pair 7 [0, 8] combined 262144 players 16612 retained 256 seconds 18.852897103875875
am3_window_00_frame_0 pair 15 [1, 0] combined 262144 players 59658 retained 256 seconds 19.434947076020762
am3_window_00_frame_0 pair 16 [1, 2] combined 262144 players 92820 retained 256 seconds 19.201700018020347
am3_window_00_frame_0 pair 17 [1, 3] combined 262144 players 60062 retained 256 seconds 19.16358487913385
am3_window_00_frame_0 pair 19 [1, 5] combined 203776 players 86130 retained 256 seconds 15.828904933063313
am3_window_00_frame_0 pair 20 [1, 6] combined 262144 players 82876 retained 256 seconds 18.813561524963006
am3_window_00_frame_0 pair 23 [1, 9] combined 4096 players 220 retained 110 seconds 0.7741657460574061
am3_window_00_frame_0 pair 24 [1, 10] combined 145408 players 19130 retained 256 seconds 9.742280763108283
am3_window_00_frame_0 pair 25 [1, 11] combined 2048 players 40 retained 20 seconds 0.6077904170379043
am3_window_00_frame_0 pair 27 [1, 13] combined 262144 players 58296 retained 256 seconds 19.42111309291795
am3_window_00_frame_0 pair 28 [1, 14] combined 262144 players 64424 retained 256 seconds 19.60802700300701
am3_window_00_frame_0 pair 29 [1, 15] combined 262144 players 61680 retained 256 seconds 19.4228099770844
am3_window_00_frame_0 pair 30 [2, 0] combined 262144 players 31452 retained 256 seconds 18.946360575035214
am3_window_00_frame_0 pair 31 [2, 1] combined 262144 players 84870 retained 256 seconds 18.66239600488916
am3_window_00_frame_0 pair 32 [2, 3] combined 262144 players 32614 retained 256 seconds 18.246140347095206
am3_window_00_frame_0 pair 33 [2, 4] combined 46080 players 18532 retained 256 seconds 3.42716694297269
am3_window_00_frame_0 pair 34 [2, 5] combined 262144 players 3556 retained 256 seconds 16.31813303893432
am3_window_00_frame_0 pair 35 [2, 6] combined 262144 players 4310 retained 256 seconds 16.60079111601226
am3_window_00_frame_0 pair 36 [2, 7] combined 253952 players 55222 retained 256 seconds 17.13798231491819
am3_window_00_frame_0 pair 39 [2, 10] combined 166912 players 68 retained 33 seconds 10.538225437048823
am3_window_00_frame_0 pair 41 [2, 12] combined 26624 players 412 retained 206 seconds 1.8309358730912209
am3_window_00_frame_0 pair 42 [2, 13] combined 262144 players 35306 retained 256 seconds 18.45367010193877
am3_window_00_frame_0 pair 43 [2, 14] combined 262144 players 32628 retained 256 seconds 18.351442952873185
am3_window_00_frame_0 pair 44 [2, 15] combined 262144 players 31964 retained 256 seconds 18.227053904905915
am3_window_00_frame_0 pair 46 [3, 1] combined 262144 players 48030 retained 256 seconds 19.510615216800943
am3_window_00_frame_0 pair 47 [3, 2] combined 262144 players 26854 retained 256 seconds 18.699896874139085
am3_window_00_frame_0 pair 48 [3, 4] combined 24576 players 4328 retained 256 seconds 3.5302823870442808
am3_window_00_frame_0 pair 51 [3, 7] combined 262144 players 72522 retained 256 seconds 19.76258625416085
am3_window_00_frame_0 pair 52 [3, 8] combined 262144 players 37138 retained 256 seconds 18.953481693053618
am3_window_00_frame_0 pair 60 [4, 0] combined 32768 players 3924 retained 256 seconds 3.479806334944442
am3_window_00_frame_0 pair 62 [4, 2] combined 53248 players 18572 retained 256 seconds 3.8533421689644456
am3_window_00_frame_0 pair 63 [4, 3] combined 29696 players 3192 retained 256 seconds 2.984766762005165
am3_window_00_frame_0 pair 64 [4, 5] combined 22272 players 6456 retained 256 seconds 1.5932018640451133
am3_window_00_frame_0 pair 68 [4, 9] combined 3168 players 36 retained 18 seconds 0.21145919291302562
am3_window_00_frame_0 pair 70 [4, 11] combined 0 players 0 retained 0 seconds 0.011535753961652517
am3_window_00_frame_0 pair 72 [4, 13] combined 29696 players 3406 retained 256 seconds 3.2502279561012983
am3_window_00_frame_0 pair 73 [4, 14] combined 28672 players 3368 retained 256 seconds 3.063527532853186
am3_window_00_frame_0 pair 74 [4, 15] combined 36864 players 3380 retained 256 seconds 3.5855168330017477
am3_window_00_frame_0 pair 76 [5, 1] combined 95232 players 23448 retained 256 seconds 6.692886430071667
am3_window_00_frame_0 pair 77 [5, 2] combined 218112 players 1794 retained 256 seconds 13.655587746063247
am3_window_00_frame_0 pair 79 [5, 4] combined 20592 players 8124 retained 256 seconds 1.5468793830368668
am3_window_00_frame_0 pair 81 [5, 7] combined 95232 players 4646 retained 256 seconds 5.920899732969701
am3_window_00_frame_0 pair 82 [5, 8] combined 251904 players 6526 retained 256 seconds 15.770130173070356
am3_window_00_frame_0 pair 91 [6, 1] combined 262144 players 29388 retained 256 seconds 17.128909530118108
am3_window_00_frame_0 pair 92 [6, 2] combined 262144 players 1866 retained 256 seconds 16.485701747005805
am3_window_00_frame_0 pair 96 [6, 7] combined 262144 players 8448 retained 256 seconds 16.777879094006494
am3_window_00_frame_0 pair 97 [6, 8] combined 261120 players 11032 retained 256 seconds 16.454432839993387
am3_window_00_frame_0 pair 105 [7, 0] combined 262144 players 23730 retained 256 seconds 18.111702875001356
am3_window_00_frame_0 pair 107 [7, 2] combined 262144 players 96630 retained 256 seconds 18.916875459020957
am3_window_00_frame_0 pair 108 [7, 3] combined 262144 players 26184 retained 256 seconds 17.740940915886313
am3_window_00_frame_0 pair 110 [7, 5] combined 202752 players 14040 retained 256 seconds 12.771868373034522
am3_window_00_frame_0 pair 111 [7, 6] combined 237568 players 13952 retained 256 seconds 14.937679304974154
am3_window_00_frame_0 pair 113 [7, 9] combined 3920 players 636 retained 256 seconds 0.325659167021513
am3_window_00_frame_0 pair 114 [7, 10] combined 142336 players 1356 retained 256 seconds 8.747417215956375
am3_window_00_frame_0 pair 115 [7, 11] combined 0 players 0 retained 0 seconds 0.05090447794646025
am3_window_00_frame_0 pair 116 [7, 12] combined 53248 players 314 retained 157 seconds 3.2944294700864702
am3_window_00_frame_0 pair 117 [7, 13] combined 262144 players 23462 retained 256 seconds 18.101620982866734
am3_window_00_frame_0 pair 118 [7, 14] combined 262144 players 23696 retained 256 seconds 18.041374889900908
am3_window_00_frame_0 pair 119 [7, 15] combined 262144 players 22032 retained 256 seconds 17.940159069839865
am3_window_00_frame_0 pair 120 [8, 0] combined 262144 players 14320 retained 256 seconds 18.176963442005217
am3_window_00_frame_0 pair 123 [8, 3] combined 262144 players 16938 retained 256 seconds 17.979608363006264
am3_window_00_frame_0 pair 125 [8, 5] combined 242688 players 3522 retained 256 seconds 15.10907672601752
am3_window_00_frame_0 pair 126 [8, 6] combined 262144 players 13256 retained 256 seconds 17.260662871878594
am3_window_00_frame_0 pair 129 [8, 10] combined 166912 players 2100 retained 256 seconds 10.306671181926504
am3_window_00_frame_0 pair 131 [8, 12] combined 39936 players 632 retained 256 seconds 2.5748329230118543
am3_window_00_frame_0 pair 132 [8, 13] combined 262144 players 16722 retained 256 seconds 18.084138659993187
am3_window_00_frame_0 pair 133 [8, 14] combined 262144 players 21586 retained 256 seconds 18.21735857287422
am3_window_00_frame_0 pair 134 [8, 15] combined 262144 players 16180 retained 256 seconds 18.14495350094512
am3_window_00_frame_0 pair 136 [9, 1] combined 4096 players 0 retained 0 seconds 0.5120723778381944
am3_window_00_frame_0 pair 139 [9, 4] combined 212 players 22 retained 11 seconds 0.030160468071699142
am3_window_00_frame_0 pair 142 [9, 7] combined 6144 players 42 retained 21 seconds 0.41789297107607126
am3_window_00_frame_0 pair 151 [10, 1] combined 110592 players 18878 retained 256 seconds 7.584449478890747
am3_window_00_frame_0 pair 152 [10, 2] combined 152576 players 1890 retained 256 seconds 9.624256319832057
am3_window_00_frame_0 pair 157 [10, 7] combined 110592 players 2594 retained 256 seconds 6.817386888200417
am3_window_00_frame_0 pair 158 [10, 8] combined 163840 players 2380 retained 256 seconds 10.231444282922894
am3_window_00_frame_0 pair 166 [11, 1] combined 0 players 0 retained 0 seconds 0.25379292177967727
am3_window_00_frame_0 pair 169 [11, 4] combined 344 players 2 retained 1 seconds 0.03651995421387255
am3_window_00_frame_0 pair 172 [11, 7] combined 0 players 0 retained 0 seconds 0.028462813002988696
am3_window_00_frame_0 pair 182 [12, 2] combined 25600 players 1124 retained 256 seconds 1.7132345489226282
am3_window_00_frame_0 pair 187 [12, 7] combined 64512 players 900 retained 256 seconds 3.9786457289010286
am3_window_00_frame_0 pair 188 [12, 8] combined 63488 players 1866 retained 256 seconds 3.972159703960642
am3_window_00_frame_0 pair 196 [13, 1] combined 262144 players 60114 retained 256 seconds 20.310253628063947
am3_window_00_frame_0 pair 197 [13, 2] combined 262144 players 39398 retained 256 seconds 20.11891092499718
am3_window_00_frame_0 pair 199 [13, 4] combined 26624 players 5704 retained 256 seconds 4.333373455796391
am3_window_00_frame_0 pair 202 [13, 7] combined 262144 players 71942 retained 256 seconds 20.1455158428289
am3_window_00_frame_0 pair 203 [13, 8] combined 262144 players 28532 retained 256 seconds 19.21084528393112
am3_window_00_frame_0 pair 211 [14, 1] combined 262144 players 57798 retained 256 seconds 19.897525581065565
am3_window_00_frame_0 pair 212 [14, 2] combined 262144 players 35000 retained 256 seconds 19.165796932997182
am3_window_00_frame_0 pair 214 [14, 4] combined 23552 players 4900 retained 256 seconds 3.929938602959737
am3_window_00_frame_0 pair 217 [14, 7] combined 262144 players 75970 retained 256 seconds 20.032370607135817
am3_window_00_frame_0 pair 218 [14, 8] combined 262144 players 39942 retained 256 seconds 19.248858029954135
am3_window_00_frame_0 pair 226 [15, 1] combined 262144 players 76958 retained 256 seconds 20.49399831192568
am3_window_00_frame_0 pair 227 [15, 2] combined 262144 players 33208 retained 256 seconds 18.74808488902636
am3_window_00_frame_0 pair 229 [15, 4] combined 35840 players 10520 retained 256 seconds 4.753134382888675
am3_window_00_frame_0 pair 232 [15, 7] combined 262144 players 75838 retained 256 seconds 19.963673799065873
am3_window_00_frame_0 pair 233 [15, 8] combined 262144 players 21368 retained 256 seconds 18.48693530098535
am3_window_00_frame_0 R generated pooled 22593 entries 256 winners 32:2640 43:13964 seconds 1251.4
am3_window_00_frame_0 R complete {'case_id': 'am3_window_00_frame_0', 'arm': 'R', 'status': 'generated', 'generation_s': 1251.4418770929333, 'directions_identical_to_saved_estimator': False, 'entries': 256, 'winners': ('32:2640', '43:13964')}
