run_automatic from <R>/cap_loss/run_automatic.py
run_given from <R>/cap_loss/run_given.py
gxBQ_window_00_frame_0 pair 0 [0, 1] combined 262144 players 42736 retained 256 seconds 28.705100602004677
gxBQ_window_00_frame_0 pair 2 [0, 3] combined 262144 players 88064 retained 256 seconds 27.573379020905122
gxBQ_window_00_frame_0 pair 3 [0, 4] combined 38912 players 15692 retained 256 seconds 10.523710028035566
gxBQ_window_00_frame_0 pair 5 [0, 6] combined 262144 players 7642 retained 256 seconds 25.44518571300432
gxBQ_window_00_frame_0 pair 7 [0, 8] combined 230400 players 56004 retained 256 seconds 24.597360983956605
gxBQ_window_00_frame_0 pair 8 [0, 9] combined 262144 players 83318 retained 256 seconds 27.650324861053377
gxBQ_window_00_frame_0 pair 9 [0, 10] combined 0 players 0 retained 0 seconds 7.655180140864104
gxBQ_window_00_frame_0 pair 15 [1, 0] combined 262144 players 51526 retained 256 seconds 23.343465592013672
gxBQ_window_00_frame_0 pair 16 [1, 2] combined 262144 players 37724 retained 256 seconds 19.247632718179375
gxBQ_window_00_frame_0 pair 17 [1, 3] combined 262144 players 3556 retained 256 seconds 17.82950975303538
gxBQ_window_00_frame_0 pair 18 [1, 4] combined 62464 players 1524 retained 256 seconds 4.3872294831089675
gxBQ_window_00_frame_0 pair 19 [1, 5] combined 150528 players 7418 retained 256 seconds 10.691483902046457
gxBQ_window_00_frame_0 pair 21 [1, 7] combined 262144 players 15656 retained 256 seconds 18.919029776006937
gxBQ_window_00_frame_0 pair 23 [1, 9] combined 262144 players 12622 retained 256 seconds 18.042268621036783
gxBQ_window_00_frame_0 pair 25 [1, 11] combined 262144 players 66154 retained 256 seconds 23.874641908798367
gxBQ_window_00_frame_0 pair 26 [1, 12] combined 262144 players 54022 retained 256 seconds 23.554411460179836
gxBQ_window_00_frame_0 pair 27 [1, 13] combined 262144 players 58844 retained 256 seconds 22.91660767304711
gxBQ_window_00_frame_0 pair 28 [1, 14] combined 262144 players 56994 retained 256 seconds 23.704900298966095
gxBQ_window_00_frame_0 pair 29 [1, 15] combined 262144 players 65984 retained 256 seconds 22.723257074831054
gxBQ_window_00_frame_0 pair 31 [2, 1] combined 262144 players 8852 retained 256 seconds 18.8028771430254
gxBQ_window_00_frame_0 pair 32 [2, 3] combined 262144 players 81484 retained 256 seconds 20.61797602288425
gxBQ_window_00_frame_0 pair 33 [2, 4] combined 32768 players 14976 retained 256 seconds 3.522239821963012
gxBQ_window_00_frame_0 pair 35 [2, 6] combined 262144 players 7870 retained 256 seconds 18.34717981191352
gxBQ_window_00_frame_0 pair 38 [2, 9] combined 262144 players 88576 retained 256 seconds 20.884872026974335
gxBQ_window_00_frame_0 pair 39 [2, 10] combined 0 players 0 retained 0 seconds 0.7830936580430716
gxBQ_window_00_frame_0 pair 45 [3, 0] combined 189440 players 47580 retained 256 seconds 18.16892802109942
gxBQ_window_00_frame_0 pair 46 [3, 1] combined 262144 players 2148 retained 256 seconds 17.843753116903827
gxBQ_window_00_frame_0 pair 47 [3, 2] combined 192512 players 42162 retained 256 seconds 14.570796145126224
gxBQ_window_00_frame_0 pair 50 [3, 6] combined 156160 players 16610 retained 256 seconds 11.060861111851409
gxBQ_window_00_frame_0 pair 51 [3, 7] combined 189440 players 38122 retained 256 seconds 14.294448448112234
gxBQ_window_00_frame_0 pair 52 [3, 8] combined 262144 players 3050 retained 256 seconds 17.848254520911723
gxBQ_window_00_frame_0 pair 55 [3, 11] combined 189440 players 47726 retained 256 seconds 18.386146399192512
gxBQ_window_00_frame_0 pair 56 [3, 12] combined 192512 players 49218 retained 256 seconds 18.718774578999728
gxBQ_window_00_frame_0 pair 57 [3, 13] combined 190464 players 52752 retained 256 seconds 17.776378743117675
gxBQ_window_00_frame_0 pair 58 [3, 14] combined 188416 players 51260 retained 256 seconds 18.278719499940053
gxBQ_window_00_frame_0 pair 59 [3, 15] combined 186368 players 38126 retained 256 seconds 16.90393423498608
gxBQ_window_00_frame_0 pair 60 [4, 0] combined 46080 players 10744 retained 256 seconds 7.578540690941736
gxBQ_window_00_frame_0 pair 61 [4, 1] combined 21504 players 2624 retained 256 seconds 1.6217769528739154
gxBQ_window_00_frame_0 pair 62 [4, 2] combined 38912 players 7486 retained 256 seconds 3.2698489758186042
gxBQ_window_00_frame_0 pair 65 [4, 6] combined 23528 players 3012 retained 256 seconds 1.7726130858063698
gxBQ_window_00_frame_0 pair 67 [4, 8] combined 36864 players 2982 retained 256 seconds 2.565618660999462
gxBQ_window_00_frame_0 pair 69 [4, 10] combined 0 players 0 retained 0 seconds 0.012210987973958254
gxBQ_window_00_frame_0 pair 70 [4, 11] combined 48128 players 11086 retained 256 seconds 7.842686813091859
gxBQ_window_00_frame_0 pair 71 [4, 12] combined 44032 players 11392 retained 256 seconds 7.432906838832423
gxBQ_window_00_frame_0 pair 72 [4, 13] combined 45056 players 10758 retained 256 seconds 6.85576797905378
gxBQ_window_00_frame_0 pair 73 [4, 14] combined 48128 players 11508 retained 256 seconds 7.8696430288255215
gxBQ_window_00_frame_0 pair 74 [4, 15] combined 43008 players 8918 retained 256 seconds 6.195963172009215
gxBQ_window_00_frame_0 pair 76 [5, 1] combined 172032 players 522 retained 256 seconds 11.951195565983653
gxBQ_window_00_frame_0 pair 80 [5, 6] combined 37680 players 1698 retained 256 seconds 2.649463151115924
gxBQ_window_00_frame_0 pair 81 [5, 7] combined 62464 players 5028 retained 256 seconds 4.960436715977266
gxBQ_window_00_frame_0 pair 82 [5, 8] combined 154624 players 10560 retained 256 seconds 10.95430263900198
gxBQ_window_00_frame_0 pair 90 [6, 0] combined 189440 players 604 retained 256 seconds 17.00628650584258
gxBQ_window_00_frame_0 pair 92 [6, 2] combined 176128 players 3812 retained 256 seconds 12.220347577007487
gxBQ_window_00_frame_0 pair 93 [6, 3] combined 130048 players 47586 retained 256 seconds 10.13760523404926
gxBQ_window_00_frame_0 pair 94 [6, 4] combined 21456 players 10240 retained 256 seconds 1.9104336651507765
gxBQ_window_00_frame_0 pair 95 [6, 5] combined 36408 players 15628 retained 256 seconds 2.8708228138275445
gxBQ_window_00_frame_0 pair 98 [6, 9] combined 130048 players 34746 retained 256 seconds 9.920479582156986
gxBQ_window_00_frame_0 pair 100 [6, 11] combined 163840 players 1124 retained 256 seconds 15.444034050917253
gxBQ_window_00_frame_0 pair 101 [6, 12] combined 189440 players 846 retained 256 seconds 16.99776999792084
gxBQ_window_00_frame_0 pair 102 [6, 13] combined 193536 players 522 retained 256 seconds 16.607670196099207
gxBQ_window_00_frame_0 pair 103 [6, 14] combined 162816 players 2344 retained 256 seconds 15.33812100905925
gxBQ_window_00_frame_0 pair 104 [6, 15] combined 169984 players 974 retained 256 seconds 14.743626554030925
gxBQ_window_00_frame_0 pair 106 [7, 1] combined 262144 players 103700 retained 256 seconds 22.15400771307759
gxBQ_window_00_frame_0 pair 108 [7, 3] combined 262144 players 19284 retained 256 seconds 19.054015926783904
gxBQ_window_00_frame_0 pair 110 [7, 5] combined 94208 players 2106 retained 256 seconds 7.3811215499881655
gxBQ_window_00_frame_0 pair 112 [7, 8] combined 232448 players 83968 retained 256 seconds 19.18695605895482
gxBQ_window_00_frame_0 pair 113 [7, 9] combined 262144 players 17378 retained 256 seconds 19.078757303999737
gxBQ_window_00_frame_0 pair 114 [7, 10] combined 0 players 0 retained 0 seconds 1.0252082399092615
gxBQ_window_00_frame_0 pair 120 [8, 0] combined 199680 players 32834 retained 256 seconds 18.70586271584034
gxBQ_window_00_frame_0 pair 123 [8, 3] combined 262144 players 2956 retained 256 seconds 17.859944798983634
gxBQ_window_00_frame_0 pair 124 [8, 4] combined 44744 players 1294 retained 256 seconds 3.0685834111645818
gxBQ_window_00_frame_0 pair 125 [8, 5] combined 131072 players 9782 retained 256 seconds 9.343234661966562
gxBQ_window_00_frame_0 pair 127 [8, 7] combined 197632 players 20756 retained 256 seconds 14.51647128094919
gxBQ_window_00_frame_0 pair 128 [8, 9] combined 262144 players 6974 retained 256 seconds 18.08499917201698
gxBQ_window_00_frame_0 pair 130 [8, 11] combined 199680 players 33834 retained 256 seconds 18.762491399189457
gxBQ_window_00_frame_0 pair 131 [8, 12] combined 201728 players 33496 retained 256 seconds 18.806408491218463
gxBQ_window_00_frame_0 pair 132 [8, 13] combined 200704 players 36014 retained 256 seconds 18.208245421061292
gxBQ_window_00_frame_0 pair 133 [8, 14] combined 199680 players 34192 retained 256 seconds 18.76808417402208
gxBQ_window_00_frame_0 pair 134 [8, 15] combined 200704 players 31756 retained 256 seconds 17.757014638045803
gxBQ_window_00_frame_0 pair 135 [9, 0] combined 262144 players 47382 retained 256 seconds 23.312399478862062
gxBQ_window_00_frame_0 pair 136 [9, 1] combined 262144 players 5506 retained 256 seconds 17.948354849824682
gxBQ_window_00_frame_0 pair 137 [9, 2] combined 262144 players 35484 retained 256 seconds 19.41114106704481
gxBQ_window_00_frame_0 pair 141 [9, 6] combined 165888 players 7826 retained 256 seconds 11.440387859009206
gxBQ_window_00_frame_0 pair 142 [9, 7] combined 262144 players 25474 retained 256 seconds 18.916563844075426
gxBQ_window_00_frame_0 pair 143 [9, 8] combined 262144 players 5706 retained 256 seconds 17.81445326306857
gxBQ_window_00_frame_0 pair 145 [9, 11] combined 262144 players 47954 retained 256 seconds 23.563958423910663
gxBQ_window_00_frame_0 pair 146 [9, 12] combined 262144 players 42736 retained 256 seconds 23.129821280017495
gxBQ_window_00_frame_0 pair 147 [9, 13] combined 262144 players 49630 retained 256 seconds 22.811590138822794
gxBQ_window_00_frame_0 pair 148 [9, 14] combined 262144 players 51586 retained 256 seconds 23.44148193206638
gxBQ_window_00_frame_0 pair 149 [9, 15] combined 262144 players 35126 retained 256 seconds 22.06737801292911
gxBQ_window_00_frame_0 pair 150 [10, 0] combined 0 players 0 retained 0 seconds 4.229881088016555
gxBQ_window_00_frame_0 pair 152 [10, 2] combined 0 players 0 retained 0 seconds 0.40145460795611143
gxBQ_window_00_frame_0 pair 154 [10, 4] combined 0 players 0 retained 0 seconds 0.00743519701063633
gxBQ_window_00_frame_0 pair 157 [10, 7] combined 0 players 0 retained 0 seconds 0.5433174800127745
gxBQ_window_00_frame_0 pair 160 [10, 11] combined 0 players 0 retained 0 seconds 4.272641931194812
gxBQ_window_00_frame_0 pair 161 [10, 12] combined 0 players 0 retained 0 seconds 4.247335671912879
gxBQ_window_00_frame_0 pair 162 [10, 13] combined 0 players 0 retained 0 seconds 3.4979842349421233
gxBQ_window_00_frame_0 pair 163 [10, 14] combined 0 players 0 retained 0 seconds 4.166912385029718
gxBQ_window_00_frame_0 pair 164 [10, 15] combined 0 players 0 retained 0 seconds 3.0773286859039217
gxBQ_window_00_frame_0 pair 166 [11, 1] combined 262144 players 44550 retained 256 seconds 26.872658347012475
gxBQ_window_00_frame_0 pair 168 [11, 3] combined 262144 players 85666 retained 256 seconds 28.188529535895213
gxBQ_window_00_frame_0 pair 169 [11, 4] combined 38912 players 15196 retained 256 seconds 10.806896658148617
gxBQ_window_00_frame_0 pair 171 [11, 6] combined 262144 players 10748 retained 256 seconds 25.62897005211562
gxBQ_window_00_frame_0 pair 173 [11, 8] combined 230400 players 58494 retained 256 seconds 25.01787163107656
gxBQ_window_00_frame_0 pair 174 [11, 9] combined 262144 players 83634 retained 256 seconds 27.95523970411159
gxBQ_window_00_frame_0 pair 175 [11, 10] combined 0 players 0 retained 0 seconds 7.896147405961528
gxBQ_window_00_frame_0 pair 181 [12, 1] combined 262144 players 40216 retained 256 seconds 26.51625402807258
gxBQ_window_00_frame_0 pair 183 [12, 3] combined 262144 players 69232 retained 256 seconds 27.342143567977473
gxBQ_window_00_frame_0 pair 184 [12, 4] combined 38912 players 16102 retained 256 seconds 10.646100874058902
gxBQ_window_00_frame_0 pair 186 [12, 6] combined 262144 players 6316 retained 256 seconds 25.449324514949694
gxBQ_window_00_frame_0 pair 188 [12, 8] combined 229376 players 50816 retained 256 seconds 24.684418061980978
gxBQ_window_00_frame_0 pair 189 [12, 9] combined 262144 players 86040 retained 256 seconds 27.822292431024835
gxBQ_window_00_frame_0 pair 190 [12, 10] combined 0 players 0 retained 0 seconds 7.657913669012487
gxBQ_window_00_frame_0 pair 196 [13, 1] combined 262144 players 59840 retained 256 seconds 25.75622644997202
gxBQ_window_00_frame_0 pair 198 [13, 3] combined 262144 players 95712 retained 256 seconds 26.777002938091755
gxBQ_window_00_frame_0 pair 199 [13, 4] combined 38912 players 16826 retained 256 seconds 9.312192339915782
gxBQ_window_00_frame_0 pair 201 [13, 6] combined 262144 players 6242 retained 256 seconds 24.109397780848667
gxBQ_window_00_frame_0 pair 203 [13, 8] combined 230400 players 65496 retained 256 seconds 24.14211053098552
gxBQ_window_00_frame_0 pair 204 [13, 9] combined 262144 players 85094 retained 256 seconds 26.37154114502482
gxBQ_window_00_frame_0 pair 205 [13, 10] combined 0 players 0 retained 0 seconds 6.415812792023644
gxBQ_window_00_frame_0 pair 211 [14, 1] combined 262144 players 54466 retained 256 seconds 27.28036303189583
gxBQ_window_00_frame_0 pair 213 [14, 3] combined 262144 players 93326 retained 256 seconds 28.30956220300868
gxBQ_window_00_frame_0 pair 214 [14, 4] combined 37888 players 14944 retained 256 seconds 10.727730002021417
gxBQ_window_00_frame_0 pair 216 [14, 6] combined 262144 players 15228 retained 256 seconds 25.808033986017108
gxBQ_window_00_frame_0 pair 218 [14, 8] combined 228352 players 62264 retained 256 seconds 25.07543999212794
gxBQ_window_00_frame_0 pair 219 [14, 9] combined 262144 players 84974 retained 256 seconds 28.228469034889713
gxBQ_window_00_frame_0 pair 220 [14, 10] combined 0 players 0 retained 0 seconds 7.673374067060649
gxBQ_window_00_frame_0 pair 226 [15, 1] combined 262144 players 27768 retained 256 seconds 24.154922012938187
gxBQ_window_00_frame_0 pair 228 [15, 3] combined 262144 players 68986 retained 256 seconds 25.532156785950065
gxBQ_window_00_frame_0 pair 229 [15, 4] combined 35840 players 12740 retained 256 seconds 8.316498208092526
gxBQ_window_00_frame_0 pair 231 [15, 6] combined 262144 players 3732 retained 256 seconds 23.336757614975795
gxBQ_window_00_frame_0 pair 233 [15, 8] combined 230400 players 40874 retained 256 seconds 22.387408416019753
gxBQ_window_00_frame_0 pair 234 [15, 9] combined 262144 players 77520 retained 256 seconds 25.84427263494581
gxBQ_window_00_frame_0 pair 235 [15, 10] combined 0 players 0 retained 0 seconds 5.651592701906338
gxBQ_window_00_frame_0 M generated pooled 29696 entries 256 winners 106:1732 211:19062 seconds 2152.8
gxBQ_window_00_frame_0 M complete {'case_id': 'gxBQ_window_00_frame_0', 'arm': 'M', 'status': 'generated', 'generation_s': 2152.811472435016, 'directions_identical_to_saved_estimator': False, 'entries': 256, 'winners': ('106:1732', '211:19062')}
