decoded <run root>/paint_geometry_20260909/gx_extension/videos/gxBQ_HwdgN4.mp4 to frame 77966 in 240s
decoded <run root>/player_guided_20260908/videos/am1_h264.mp4 to frame 186 in 0s
gxBQ_window_03_frame_77876 pair 17 [1, 3] combined 262144 players 8138 retained 256 seconds 0.7966410261578858
gxBQ_window_03_frame_77876 pair 20 [1, 6] combined 184320 players 17358 retained 256 seconds 0.7549159089103341
gxBQ_window_03_frame_77876 pair 21 [1, 7] combined 262144 players 126 retained 62 seconds 0.607131274882704
gxBQ_window_03_frame_77876 pair 24 [1, 10] combined 262144 players 19048 retained 256 seconds 0.93596759904176
gxBQ_window_03_frame_77876 pair 46 [3, 1] combined 262144 players 648 retained 256 seconds 0.6142056118696928
gxBQ_window_03_frame_77876 pair 53 [3, 9] combined 25600 players 6696 retained 256 seconds 0.2847602949477732
gxBQ_window_03_frame_77876 pair 91 [6, 1] combined 55296 players 3032 retained 256 seconds 0.26597282104194164
gxBQ_window_03_frame_77876 pair 98 [6, 9] combined 5712 players 1258 retained 256 seconds 0.07389688910916448
gxBQ_window_03_frame_77876 pair 100 [6, 11] combined 1152 players 20 retained 10 seconds 0.02677595615386963
gxBQ_window_03_frame_77876 pair 106 [7, 1] combined 262144 players 20 retained 12 seconds 0.5303154643625021
gxBQ_window_03_frame_77876 pair 113 [7, 9] combined 22816 players 382 retained 191 seconds 0.08360117301344872
gxBQ_window_03_frame_77876 pair 138 [9, 3] combined 4096 players 1312 retained 256 seconds 0.09825890883803368
gxBQ_window_03_frame_77876 pair 141 [9, 6] combined 10480 players 2612 retained 256 seconds 0.10398401599377394
gxBQ_window_03_frame_77876 pair 142 [9, 7] combined 3072 players 478 retained 240 seconds 0.05479805218055844
gxBQ_window_03_frame_77876 pair 144 [9, 10] combined 16384 players 5240 retained 256 seconds 0.22293924167752266
gxBQ_window_03_frame_77876 pair 151 [10, 1] combined 262144 players 7552 retained 256 seconds 0.6876426776871085
gxBQ_window_03_frame_77876 pair 159 [10, 9] combined 34816 players 3036 retained 256 seconds 0.17465188400819898
gxBQ_window_03_frame_77876 pair 160 [10, 11] combined 38912 players 860 retained 256 seconds 0.13306677294895053
gxBQ_window_03_frame_77876 pair 171 [11, 6] combined 3648 players 46 retained 23 seconds 0.029761312995105982
gxBQ_window_03_frame_77876 pair 175 [11, 10] combined 15360 players 90 retained 45 seconds 0.057569113094359636
gxBQ_window_03_frame_77876 pair 17 [1, 3] combined 88704 players 168 retained 84 seconds 0.1964869531802833
gxBQ_window_03_frame_77876 pair 20 [1, 6] combined 0 players 0 retained 0 seconds 0.016667440999299288
gxBQ_window_03_frame_77876 pair 21 [1, 7] combined 9728 players 0 retained 0 seconds 0.033818663097918034
gxBQ_window_03_frame_77876 pair 24 [1, 10] combined 56544 players 2442 retained 256 seconds 0.17870583292096853
gxBQ_window_03_frame_77876 pair 46 [3, 1] combined 41984 players 388 retained 189 seconds 0.11891542514786124
gxBQ_window_03_frame_77876 pair 53 [3, 9] combined 0 players 0 retained 0 seconds 0.012037348002195358
gxBQ_window_03_frame_77876 pair 91 [6, 1] combined 0 players 0 retained 0 seconds 0.07335214130580425
gxBQ_window_03_frame_77876 pair 98 [6, 9] combined 0 players 0 retained 0 seconds 0.0017814990133047104
gxBQ_window_03_frame_77876 pair 100 [6, 11] combined 0 players 0 retained 0 seconds 0.0015004733577370644
gxBQ_window_03_frame_77876 pair 106 [7, 1] combined 7632 players 0 retained 0 seconds 0.025648812763392925
gxBQ_window_03_frame_77876 pair 113 [7, 9] combined 0 players 0 retained 0 seconds 0.0024390523321926594
gxBQ_window_03_frame_77876 pair 138 [9, 3] combined 0 players 0 retained 0 seconds 0.007761402986943722
gxBQ_window_03_frame_77876 pair 141 [9, 6] combined 0 players 0 retained 0 seconds 0.0016419747844338417
gxBQ_window_03_frame_77876 pair 142 [9, 7] combined 0 players 0 retained 0 seconds 0.0020054993219673634
gxBQ_window_03_frame_77876 pair 144 [9, 10] combined 0 players 0 retained 0 seconds 0.006470938213169575
gxBQ_window_03_frame_77876 pair 151 [10, 1] combined 58368 players 240 retained 116 seconds 0.1286049298942089
gxBQ_window_03_frame_77876 pair 159 [10, 9] combined 0 players 0 retained 0 seconds 0.009592884220182896
gxBQ_window_03_frame_77876 pair 160 [10, 11] combined 0 players 0 retained 0 seconds 0.008629539050161839
gxBQ_window_03_frame_77876 pair 171 [11, 6] combined 0 players 0 retained 0 seconds 0.0015618875622749329
gxBQ_window_03_frame_77876 pair 175 [11, 10] combined 0 players 0 retained 0 seconds 0.007520613260567188
[gxBQ_window_03_frame_77876] line-template: preparing rectangles
[gxBQ_window_03_frame_77876] measuring 766 parents (G0=256, G1=256, line_template=256; conflicting geometry groups=0)
[gxBQ_window_03_frame_77876] parents 250/766
[gxBQ_window_03_frame_77876] parents 500/766
[gxBQ_window_03_frame_77876] parents 750/766
[gxBQ_window_03_frame_77876] refitting 766 parents
[gxBQ_window_03_frame_77876] refits 250/766; valid children=184
[gxBQ_window_03_frame_77876] refits 500/766; valid children=400
[gxBQ_window_03_frame_77876] refits 750/766; valid children=633
{"view_id": "gxBQ_window_03_frame_77876", "chosen_key": "G0:17:2/child", "no_court_reason": null, "all_checks_equal": null, "error": null}
am1_window_00_frame_54 pair 0 [0, 1] combined 262144 players 0 retained 0 seconds 3.2749455953016877
am1_window_00_frame_54 pair 15 [1, 0] combined 262144 players 0 retained 0 seconds 2.6038818350061774
am1_window_00_frame_54 pair 16 [1, 2] combined 262144 players 0 retained 0 seconds 1.233648280147463
am1_window_00_frame_54 pair 17 [1, 3] combined 262144 players 0 retained 0 seconds 1.2756526283919811
am1_window_00_frame_54 pair 18 [1, 4] combined 163840 players 0 retained 0 seconds 0.8726962232030928
am1_window_00_frame_54 pair 19 [1, 5] combined 209920 players 66162 retained 256 seconds 3.171798267867416
am1_window_00_frame_54 pair 20 [1, 6] combined 262144 players 5312 retained 256 seconds 1.388141960836947
am1_window_00_frame_54 pair 24 [1, 10] combined 93184 players 8312 retained 256 seconds 0.8603230509907007
am1_window_00_frame_54 pair 27 [1, 13] combined 12288 players 636 retained 256 seconds 0.440759418066591
am1_window_00_frame_54 pair 28 [1, 14] combined 262144 players 22332 retained 256 seconds 1.944522671867162
am1_window_00_frame_54 pair 31 [2, 1] combined 262144 players 0 retained 0 seconds 1.2420493769459426
am1_window_00_frame_54 pair 46 [3, 1] combined 262144 players 0 retained 0 seconds 1.27609092136845
am1_window_00_frame_54 pair 61 [4, 1] combined 181248 players 0 retained 0 seconds 0.798834313172847
am1_window_00_frame_54 pair 76 [5, 1] combined 25600 players 4206 retained 256 seconds 0.5865439879707992
am1_window_00_frame_54 pair 91 [6, 1] combined 262144 players 2990 retained 256 seconds 1.2206610650755465
am1_window_00_frame_54 pair 118 [7, 14] combined 80352 players 0 retained 0 seconds 0.2782478081062436
am1_window_00_frame_54 pair 148 [9, 14] combined 49920 players 84 retained 42 seconds 0.19995022285729647
am1_window_00_frame_54 pair 151 [10, 1] combined 4096 players 220 retained 104 seconds 0.3379294420592487
am1_window_00_frame_54 pair 196 [13, 1] combined 14336 players 94 retained 47 seconds 0.33894636342301965
am1_window_00_frame_54 pair 211 [14, 1] combined 77824 players 4708 retained 256 seconds 0.798786343075335
am1_window_00_frame_54 pair 217 [14, 7] combined 19500 players 0 retained 0 seconds 0.1007607881911099
am1_window_00_frame_54 pair 219 [14, 9] combined 28072 players 0 retained 0 seconds 0.11711823102086782
am1_window_00_frame_54 pair 0 [0, 1] combined 262144 players 0 retained 0 seconds 0.9778904537670314
am1_window_00_frame_54 pair 15 [1, 0] combined 262144 players 0 retained 0 seconds 0.9271987401880324
am1_window_00_frame_54 pair 16 [1, 2] combined 30720 players 0 retained 0 seconds 0.1611998868174851
am1_window_00_frame_54 pair 17 [1, 3] combined 58368 players 0 retained 0 seconds 0.2393143610097468
am1_window_00_frame_54 pair 18 [1, 4] combined 3072 players 0 retained 0 seconds 0.08036672975867987
am1_window_00_frame_54 pair 19 [1, 5] combined 0 players 0 retained 0 seconds 0.06262835301458836
am1_window_00_frame_54 pair 20 [1, 6] combined 76800 players 628 retained 256 seconds 0.36219829274341464
am1_window_00_frame_54 pair 24 [1, 10] combined 0 players 0 retained 0 seconds 0.04973280988633633
am1_window_00_frame_54 pair 27 [1, 13] combined 0 players 0 retained 0 seconds 0.06714402418583632
am1_window_00_frame_54 pair 28 [1, 14] combined 46800 players 7054 retained 256 seconds 0.46250829426571727
am1_window_00_frame_54 pair 31 [2, 1] combined 67584 players 0 retained 0 seconds 0.2532358751632273
am1_window_00_frame_54 pair 46 [3, 1] combined 89088 players 0 retained 0 seconds 0.32180661195889115
am1_window_00_frame_54 pair 61 [4, 1] combined 2048 players 0 retained 0 seconds 0.05350145883858204
am1_window_00_frame_54 pair 76 [5, 1] combined 0 players 0 retained 0 seconds 0.04620206682011485
am1_window_00_frame_54 pair 91 [6, 1] combined 75776 players 608 retained 256 seconds 0.4123662365600467
am1_window_00_frame_54 pair 118 [7, 14] combined 12 players 0 retained 0 seconds 0.00917251082137227
am1_window_00_frame_54 pair 148 [9, 14] combined 0 players 0 retained 0 seconds 0.01306052878499031
am1_window_00_frame_54 pair 151 [10, 1] combined 0 players 0 retained 0 seconds 0.04388631135225296
am1_window_00_frame_54 pair 196 [13, 1] combined 0 players 0 retained 0 seconds 0.045834015123546124
am1_window_00_frame_54 pair 211 [14, 1] combined 15360 players 742 retained 256 seconds 0.16139310598373413
am1_window_00_frame_54 pair 217 [14, 7] combined 0 players 0 retained 0 seconds 0.01033899188041687
am1_window_00_frame_54 pair 219 [14, 9] combined 0 players 0 retained 0 seconds 0.012835015077143908
[am1_window_00_frame_54] line-template: preparing rectangles
[am1_window_00_frame_54] measuring 768 parents (G0=256, G1=256, line_template=256; conflicting geometry groups=0)
[am1_window_00_frame_54] parents 250/768
[am1_window_00_frame_54] parents 500/768
[am1_window_00_frame_54] parents 750/768
[am1_window_00_frame_54] refitting 768 parents
[am1_window_00_frame_54] refits 250/768; valid children=54
[am1_window_00_frame_54] refits 500/768; valid children=89
[am1_window_00_frame_54] refits 750/768; valid children=303
{"view_id": "am1_window_00_frame_54", "chosen_key": "line_template:rectangle_98207:template_12/child", "no_court_reason": null, "all_checks_equal": null, "error": null}
{"views": ["gxBQ_window_03_frame_77876", "am1_window_00_frame_54"], "startup_seconds": 0.02919728122651577, "wall_seconds": 527.1374683161266, "peak_rss_mb": 1038.01953125, "failed": []}
