decoded <run root>/paint_geometry_20260909/gx_extension/videos/gxBQ_HwdgN4.mp4 to frame 180 in 1s
decoded <ShuttleSet root>/external/shuttleset-sources/3 Kento_MOMOTA_CHOU_Tien_Chen_KOREA_OPEN_2019_Final.mp4 to frame 41025 in 279s
gxBQ_window_00_frame_0 pair 17 [1, 3] combined 262144 players 3336 retained 256 seconds 1.2132854918017983
gxBQ_window_00_frame_0 pair 18 [1, 4] combined 23552 players 4 retained 2 seconds 0.19404413225129247
gxBQ_window_00_frame_0 pair 22 [1, 8] combined 262144 players 8210 retained 256 seconds 1.255667699035257
gxBQ_window_00_frame_0 pair 25 [1, 11] combined 134144 players 0 retained 0 seconds 0.5142657211981714
gxBQ_window_00_frame_0 pair 46 [3, 1] combined 262144 players 3022 retained 256 seconds 1.06796186696738
gxBQ_window_00_frame_0 pair 50 [3, 6] combined 262144 players 1644 retained 256 seconds 1.0561296758241951
gxBQ_window_00_frame_0 pair 53 [3, 9] combined 262144 players 2378 retained 256 seconds 1.0663387486711144
gxBQ_window_00_frame_0 pair 61 [4, 1] combined 1024 players 0 retained 0 seconds 0.10377472406253219
gxBQ_window_00_frame_0 pair 65 [4, 6] combined 1024 players 14 retained 7 seconds 0.06163395615294576
gxBQ_window_00_frame_0 pair 68 [4, 9] combined 1024 players 0 retained 0 seconds 0.1083462038077414
gxBQ_window_00_frame_0 pair 93 [6, 3] combined 149504 players 4440 retained 256 seconds 0.7108303410932422
gxBQ_window_00_frame_0 pair 94 [6, 4] combined 7636 players 64 retained 32 seconds 0.07871173601597548
gxBQ_window_00_frame_0 pair 97 [6, 8] combined 115712 players 1182 retained 256 seconds 0.4890798241831362
gxBQ_window_00_frame_0 pair 100 [6, 11] combined 70656 players 0 retained 0 seconds 0.24107253225520253
gxBQ_window_00_frame_0 pair 101 [6, 12] combined 1116 players 0 retained 0 seconds 0.02889097109436989
gxBQ_window_00_frame_0 pair 121 [8, 1] combined 262144 players 3658 retained 256 seconds 1.1093259318731725
gxBQ_window_00_frame_0 pair 126 [8, 6] combined 205824 players 1282 retained 256 seconds 0.7791761388070881
gxBQ_window_00_frame_0 pair 128 [8, 9] combined 262144 players 4098 retained 256 seconds 1.213597014080733
gxBQ_window_00_frame_0 pair 138 [9, 3] combined 262144 players 1488 retained 256 seconds 1.0248836860992014
gxBQ_window_00_frame_0 pair 139 [9, 4] combined 19456 players 0 retained 0 seconds 0.16538543766364455
gxBQ_window_00_frame_0 pair 143 [9, 8] combined 262144 players 4608 retained 256 seconds 1.124618480913341
gxBQ_window_00_frame_0 pair 145 [9, 11] combined 142336 players 0 retained 0 seconds 0.5307283881120384
gxBQ_window_00_frame_0 pair 166 [11, 1] combined 62464 players 0 retained 0 seconds 0.2731027100235224
gxBQ_window_00_frame_0 pair 171 [11, 6] combined 43560 players 0 retained 0 seconds 0.15039408626034856
gxBQ_window_00_frame_0 pair 174 [11, 9] combined 88064 players 8 retained 4 seconds 0.36565132066607475
gxBQ_window_00_frame_0 pair 186 [12, 6] combined 2048 players 568 retained 256 seconds 0.09895628178492188
gxBQ_window_00_frame_0 pair 17 [1, 3] combined 3120 players 48 retained 24 seconds 0.06729614920914173
gxBQ_window_00_frame_0 pair 18 [1, 4] combined 2700 players 0 retained 0 seconds 0.03487259289249778
gxBQ_window_00_frame_0 pair 22 [1, 8] combined 19920 players 178 retained 89 seconds 0.13225146615877748
gxBQ_window_00_frame_0 pair 25 [1, 11] combined 18832 players 0 retained 0 seconds 0.09008329268544912
gxBQ_window_00_frame_0 pair 46 [3, 1] combined 4096 players 6 retained 3 seconds 0.0678528998978436
gxBQ_window_00_frame_0 pair 50 [3, 6] combined 144 players 0 retained 0 seconds 0.008492430206388235
gxBQ_window_00_frame_0 pair 53 [3, 9] combined 4096 players 0 retained 0 seconds 0.03481133468449116
gxBQ_window_00_frame_0 pair 61 [4, 1] combined 0 players 0 retained 0 seconds 0.1165771628729999
gxBQ_window_00_frame_0 pair 65 [4, 6] combined 0 players 0 retained 0 seconds 0.006646343972533941
gxBQ_window_00_frame_0 pair 68 [4, 9] combined 0 players 0 retained 0 seconds 0.02195289032533765
gxBQ_window_00_frame_0 pair 93 [6, 3] combined 0 players 0 retained 0 seconds 0.007552590686827898
gxBQ_window_00_frame_0 pair 94 [6, 4] combined 48 players 0 retained 0 seconds 0.006252122111618519
gxBQ_window_00_frame_0 pair 97 [6, 8] combined 876 players 0 retained 0 seconds 0.01447164686396718
gxBQ_window_00_frame_0 pair 100 [6, 11] combined 0 players 0 retained 0 seconds 0.007126852869987488
gxBQ_window_00_frame_0 pair 101 [6, 12] combined 0 players 0 retained 0 seconds 0.005641452036798
gxBQ_window_00_frame_0 pair 121 [8, 1] combined 15360 players 184 retained 92 seconds 0.10623468179255724
gxBQ_window_00_frame_0 pair 126 [8, 6] combined 1288 players 0 retained 0 seconds 0.016281734220683575
gxBQ_window_00_frame_0 pair 128 [8, 9] combined 16384 players 52 retained 24 seconds 0.10314101725816727
gxBQ_window_00_frame_0 pair 138 [9, 3] combined 2328 players 24 retained 12 seconds 0.06171985901892185
gxBQ_window_00_frame_0 pair 139 [9, 4] combined 2448 players 0 retained 0 seconds 0.03173708729445934
gxBQ_window_00_frame_0 pair 143 [9, 8] combined 28944 players 64 retained 31 seconds 0.1485104593448341
gxBQ_window_00_frame_0 pair 145 [9, 11] combined 9900 players 0 retained 0 seconds 0.05147481383755803
gxBQ_window_00_frame_0 pair 166 [11, 1] combined 16008 players 0 retained 0 seconds 0.06617812579497695
gxBQ_window_00_frame_0 pair 171 [11, 6] combined 192 players 0 retained 0 seconds 0.007356570102274418
gxBQ_window_00_frame_0 pair 174 [11, 9] combined 13716 players 0 retained 0 seconds 0.0564834582619369
gxBQ_window_00_frame_0 pair 186 [12, 6] combined 0 players 0 retained 0 seconds 0.005923343822360039
[gxBQ_window_00_frame_0] line-template: preparing rectangles
[gxBQ_window_00_frame_0] measuring 768 parents (G0=256, G1=256, line_template=256; conflicting geometry groups=0)
[gxBQ_window_00_frame_0] parents 250/768
[gxBQ_window_00_frame_0] parents 500/768
[gxBQ_window_00_frame_0] parents 750/768
[gxBQ_window_00_frame_0] refitting 768 parents
[gxBQ_window_00_frame_0] refits 250/768; valid children=238
[gxBQ_window_00_frame_0] refits 500/768; valid children=478
[gxBQ_window_00_frame_0] refits 750/768; valid children=712
{"view_id": "gxBQ_window_00_frame_0", "chosen_key": "G0:22:5053/child", "no_court_reason": null, "all_checks_equal": null, "error": null}
shuttleset_03_scene_0019 pair 0 [0, 1] combined 262144 players 69820 retained 256 seconds 2.855336859356612
shuttleset_03_scene_0019 pair 1 [0, 2] combined 262144 players 63286 retained 256 seconds 2.6986545412801206
shuttleset_03_scene_0019 pair 2 [0, 3] combined 223232 players 0 retained 0 seconds 1.3492600820027292
shuttleset_03_scene_0019 pair 4 [0, 5] combined 262144 players 68980 retained 256 seconds 2.798078323714435
shuttleset_03_scene_0019 pair 6 [0, 7] combined 142336 players 41158 retained 256 seconds 1.9767636638134718
shuttleset_03_scene_0019 pair 7 [0, 8] combined 262144 players 18682 retained 256 seconds 1.8572056209668517
shuttleset_03_scene_0019 pair 8 [0, 9] combined 208896 players 0 retained 0 seconds 1.319482346996665
shuttleset_03_scene_0019 pair 9 [0, 10] combined 262144 players 73274 retained 256 seconds 2.8932656119577587
shuttleset_03_scene_0019 pair 10 [0, 11] combined 262144 players 0 retained 0 seconds 1.3912993790581822
shuttleset_03_scene_0019 pair 11 [0, 12] combined 22528 players 872 retained 256 seconds 1.104047158267349
shuttleset_03_scene_0019 pair 12 [0, 13] combined 1024 players 4 retained 2 seconds 0.9923190423287451
shuttleset_03_scene_0019 pair 13 [0, 14] combined 74752 players 0 retained 0 seconds 1.0699300817213953
shuttleset_03_scene_0019 pair 14 [0, 15] combined 43008 players 9672 retained 256 seconds 1.22463541617617
shuttleset_03_scene_0019 pair 15 [1, 0] combined 262144 players 85890 retained 256 seconds 2.9173255707137287
shuttleset_03_scene_0019 pair 18 [1, 4] combined 262144 players 66348 retained 256 seconds 2.005323403980583
shuttleset_03_scene_0019 pair 30 [2, 0] combined 262144 players 87318 retained 256 seconds 2.925906957127154
shuttleset_03_scene_0019 pair 33 [2, 4] combined 262144 players 65550 retained 256 seconds 1.9538270458579063
shuttleset_03_scene_0019 pair 45 [3, 0] combined 262144 players 0 retained 0 seconds 1.1023858292028308
shuttleset_03_scene_0019 pair 61 [4, 1] combined 262144 players 71430 retained 256 seconds 2.0651766508817673
shuttleset_03_scene_0019 pair 62 [4, 2] combined 262144 players 52118 retained 256 seconds 1.5982520570978522
shuttleset_03_scene_0019 pair 64 [4, 5] combined 262144 players 70960 retained 256 seconds 2.0437631900422275
shuttleset_03_scene_0019 pair 66 [4, 7] combined 145408 players 41394 retained 256 seconds 1.2712164409458637
shuttleset_03_scene_0019 pair 69 [4, 10] combined 262144 players 64454 retained 256 seconds 1.861018393188715
shuttleset_03_scene_0019 pair 71 [4, 12] combined 16384 players 2254 retained 256 seconds 0.1928860992193222
shuttleset_03_scene_0019 pair 73 [4, 14] combined 74752 players 0 retained 0 seconds 0.21450439421460032
shuttleset_03_scene_0019 pair 75 [5, 0] combined 262144 players 76852 retained 256 seconds 2.682162577752024
shuttleset_03_scene_0019 pair 79 [5, 4] combined 262144 players 73728 retained 256 seconds 2.063062964938581
shuttleset_03_scene_0019 pair 105 [7, 0] combined 260096 players 82132 retained 256 seconds 2.705910065677017
shuttleset_03_scene_0019 pair 109 [7, 4] combined 262144 players 60606 retained 256 seconds 1.7051144069992006
shuttleset_03_scene_0019 pair 120 [8, 0] combined 262144 players 3794 retained 256 seconds 1.20683584921062
shuttleset_03_scene_0019 pair 135 [9, 0] combined 262144 players 0 retained 0 seconds 1.108548699412495
shuttleset_03_scene_0019 pair 150 [10, 0] combined 262144 players 85036 retained 256 seconds 2.855766488239169
shuttleset_03_scene_0019 pair 154 [10, 4] combined 262144 players 67026 retained 256 seconds 1.9741057930514216
shuttleset_03_scene_0019 pair 165 [11, 0] combined 219136 players 1722 retained 256 seconds 1.1142697129398584
shuttleset_03_scene_0019 pair 180 [12, 0] combined 32768 players 1026 retained 256 seconds 0.7439234349876642
shuttleset_03_scene_0019 pair 184 [12, 4] combined 24576 players 2404 retained 256 seconds 0.16336755687370896
shuttleset_03_scene_0019 pair 195 [13, 0] combined 5120 players 0 retained 0 seconds 0.624357121065259
shuttleset_03_scene_0019 pair 210 [14, 0] combined 135168 players 0 retained 0 seconds 0.8477234640158713
shuttleset_03_scene_0019 pair 214 [14, 4] combined 128000 players 0 retained 0 seconds 0.30062360875308514
shuttleset_03_scene_0019 pair 225 [15, 0] combined 70656 players 21954 retained 256 seconds 1.2078266660682857
shuttleset_03_scene_0019 pair 0 [0, 1] combined 114688 players 26038 retained 256 seconds 1.3888025837950408
shuttleset_03_scene_0019 pair 1 [0, 2] combined 67584 players 20618 retained 256 seconds 1.1328354170545936
shuttleset_03_scene_0019 pair 2 [0, 3] combined 1024 players 0 retained 0 seconds 0.582451538182795
shuttleset_03_scene_0019 pair 4 [0, 5] combined 94208 players 20224 retained 256 seconds 1.1472718240693212
shuttleset_03_scene_0019 pair 6 [0, 7] combined 23552 players 6172 retained 256 seconds 0.7713730093091726
shuttleset_03_scene_0019 pair 7 [0, 8] combined 46080 players 964 retained 256 seconds 0.7177293598651886
shuttleset_03_scene_0019 pair 8 [0, 9] combined 4096 players 0 retained 0 seconds 0.67555548902601
shuttleset_03_scene_0019 pair 9 [0, 10] combined 43008 players 11056 retained 256 seconds 0.8693515546619892
shuttleset_03_scene_0019 pair 10 [0, 11] combined 8192 players 0 retained 0 seconds 0.5703232609666884
shuttleset_03_scene_0019 pair 11 [0, 12] combined 44032 players 1196 retained 256 seconds 0.7278480702079833
shuttleset_03_scene_0019 pair 12 [0, 13] combined 0 players 0 retained 0 seconds 0.6017626072280109
shuttleset_03_scene_0019 pair 13 [0, 14] combined 28672 players 0 retained 0 seconds 0.6226001740433276
shuttleset_03_scene_0019 pair 14 [0, 15] combined 8192 players 1988 retained 256 seconds 0.6834518751129508
shuttleset_03_scene_0019 pair 15 [1, 0] combined 215040 players 57344 retained 256 seconds 1.850138179026544
shuttleset_03_scene_0019 pair 18 [1, 4] combined 101016 players 25520 retained 256 seconds 0.8604449811391532
shuttleset_03_scene_0019 pair 30 [2, 0] combined 96256 players 30958 retained 256 seconds 1.1494491095654666
shuttleset_03_scene_0019 pair 33 [2, 4] combined 39516 players 12070 retained 256 seconds 0.38917148718610406
shuttleset_03_scene_0019 pair 45 [3, 0] combined 5120 players 0 retained 0 seconds 0.3664630828425288
shuttleset_03_scene_0019 pair 61 [4, 1] combined 70620 players 20988 retained 256 seconds 0.6008836980909109
shuttleset_03_scene_0019 pair 62 [4, 2] combined 45292 players 15380 retained 256 seconds 0.4561494500376284
shuttleset_03_scene_0019 pair 64 [4, 5] combined 61200 players 18058 retained 256 seconds 0.5080492561683059
shuttleset_03_scene_0019 pair 66 [4, 7] combined 16848 players 4756 retained 256 seconds 0.308959293179214
shuttleset_03_scene_0019 pair 69 [4, 10] combined 29624 players 10890 retained 256 seconds 0.31922351010143757
shuttleset_03_scene_0019 pair 71 [4, 12] combined 29256 players 5262 retained 256 seconds 0.20786674693226814
shuttleset_03_scene_0019 pair 73 [4, 14] combined 20400 players 0 retained 0 seconds 0.07831225218251348
shuttleset_03_scene_0019 pair 75 [5, 0] combined 171008 players 44574 retained 256 seconds 1.5227369177155197
shuttleset_03_scene_0019 pair 79 [5, 4] combined 73476 players 22286 retained 256 seconds 0.6101384260691702
shuttleset_03_scene_0019 pair 105 [7, 0] combined 40960 players 12602 retained 256 seconds 0.7257680222392082
shuttleset_03_scene_0019 pair 109 [7, 4] combined 19680 players 5636 retained 256 seconds 0.306319247931242
shuttleset_03_scene_0019 pair 120 [8, 0] combined 48128 players 294 retained 147 seconds 0.4739379221573472
shuttleset_03_scene_0019 pair 135 [9, 0] combined 6144 players 0 retained 0 seconds 0.3725009672343731
shuttleset_03_scene_0019 pair 150 [10, 0] combined 76800 players 18932 retained 256 seconds 0.8805649932473898
shuttleset_03_scene_0019 pair 154 [10, 4] combined 37440 players 10360 retained 256 seconds 0.3439118703827262
shuttleset_03_scene_0019 pair 165 [11, 0] combined 4096 players 0 retained 0 seconds 0.364621939137578
shuttleset_03_scene_0019 pair 180 [12, 0] combined 69632 players 200 retained 96 seconds 0.5113030862994492
shuttleset_03_scene_0019 pair 184 [12, 4] combined 39072 players 3372 retained 256 seconds 0.19227048382163048
shuttleset_03_scene_0019 pair 195 [13, 0] combined 0 players 0 retained 0 seconds 0.36391762318089604
shuttleset_03_scene_0019 pair 210 [14, 0] combined 47104 players 0 retained 0 seconds 0.4567147991620004
shuttleset_03_scene_0019 pair 214 [14, 4] combined 29440 players 0 retained 0 seconds 0.08177715865895152
shuttleset_03_scene_0019 pair 225 [15, 0] combined 12288 players 3776 retained 256 seconds 0.49228575406596065
[shuttleset_03_scene_0019] line-template: preparing rectangles
[shuttleset_03_scene_0019] measuring 768 parents (G0=256, G1=256, line_template=256; conflicting geometry groups=0)
[shuttleset_03_scene_0019] parents 250/768
[shuttleset_03_scene_0019] parents 500/768
[shuttleset_03_scene_0019] parents 750/768
[shuttleset_03_scene_0019] refitting 768 parents
[shuttleset_03_scene_0019] refits 250/768; valid children=170
[shuttleset_03_scene_0019] refits 500/768; valid children=417
[shuttleset_03_scene_0019] refits 750/768; valid children=639
{"view_id": "shuttleset_03_scene_0019", "chosen_key": "G1:1:11599/child", "no_court_reason": null, "all_checks_equal": null, "error": null}
{"views": ["gxBQ_window_00_frame_0", "shuttleset_03_scene_0019"], "startup_seconds": 0.031064465176314116, "wall_seconds": 616.2725635119714, "peak_rss_mb": 1186.4296875, "failed": []}
