decoded <run root>/paint_geometry_20260909/gx_extension/videos/gxBQ_HwdgN4.mp4 to frame 185 in 1s
decoded <ShuttleSet root>/external/shuttleset-sources/3 Kento_MOMOTA_CHOU_Tien_Chen_KOREA_OPEN_2019_Final.mp4 to frame 67712 in 437s
decoded <run root>/player_guided_20260908/videos/Cb-xs5rPyxI_gameplay.mp4 to frame 90 in 0s
gxBQ_window_00_frame_5 pair 17 [1, 3] combined 262144 players 4598 retained 256 seconds 0.6955764112062752
gxBQ_window_00_frame_5 pair 19 [1, 5] combined 155648 players 7900 retained 256 seconds 0.49490759801119566
gxBQ_window_00_frame_5 pair 20 [1, 6] combined 262144 players 0 retained 0 seconds 0.5176264261826873
gxBQ_window_00_frame_5 pair 24 [1, 10] combined 40960 players 466 retained 229 seconds 0.17413286492228508
gxBQ_window_00_frame_5 pair 25 [1, 11] combined 262144 players 3588 retained 256 seconds 0.6756283240392804
gxBQ_window_00_frame_5 pair 46 [3, 1] combined 262144 players 2926 retained 256 seconds 0.6032958650030196
gxBQ_window_00_frame_5 pair 51 [3, 7] combined 212992 players 4786 retained 256 seconds 0.5250781360082328
gxBQ_window_00_frame_5 pair 76 [5, 1] combined 23552 players 6004 retained 256 seconds 0.251565121114254
gxBQ_window_00_frame_5 pair 81 [5, 7] combined 48608 players 3230 retained 256 seconds 0.185080680064857
gxBQ_window_00_frame_5 pair 82 [5, 8] combined 4480 players 664 retained 256 seconds 0.058493658900260925
gxBQ_window_00_frame_5 pair 83 [5, 9] combined 42400 players 0 retained 0 seconds 0.10127814207226038
gxBQ_window_00_frame_5 pair 91 [6, 1] combined 262144 players 0 retained 0 seconds 0.526087197009474
gxBQ_window_00_frame_5 pair 108 [7, 3] combined 168960 players 4034 retained 256 seconds 0.4566769152879715
gxBQ_window_00_frame_5 pair 110 [7, 5] combined 111936 players 2982 retained 256 seconds 0.2929189498536289
gxBQ_window_00_frame_5 pair 114 [7, 10] combined 38272 players 370 retained 187 seconds 0.10603042086586356
gxBQ_window_00_frame_5 pair 125 [8, 5] combined 15900 players 1446 retained 256 seconds 0.09042179770767689
gxBQ_window_00_frame_5 pair 129 [8, 10] combined 4284 players 60 retained 30 seconds 0.029017466120421886
gxBQ_window_00_frame_5 pair 140 [9, 5] combined 60976 players 0 retained 0 seconds 0.13497825991362333
gxBQ_window_00_frame_5 pair 151 [10, 1] combined 13312 players 1268 retained 256 seconds 0.13112719310447574
gxBQ_window_00_frame_5 pair 157 [10, 7] combined 18396 players 412 retained 205 seconds 0.07038145093247294
gxBQ_window_00_frame_5 pair 158 [10, 8] combined 1476 players 48 retained 24 seconds 0.024855093099176884
gxBQ_window_00_frame_5 pair 166 [11, 1] combined 262144 players 822 retained 256 seconds 0.5690382793545723
gxBQ_window_00_frame_5 pair 17 [1, 3] combined 7120 players 290 retained 145 seconds 0.05286461487412453
gxBQ_window_00_frame_5 pair 19 [1, 5] combined 236 players 0 retained 0 seconds 0.013775839935988188
gxBQ_window_00_frame_5 pair 20 [1, 6] combined 9108 players 0 retained 0 seconds 0.08436013013124466
gxBQ_window_00_frame_5 pair 24 [1, 10] combined 204 players 0 retained 0 seconds 0.013371151871979237
gxBQ_window_00_frame_5 pair 25 [1, 11] combined 5400 players 68 retained 32 seconds 0.03752342192456126
gxBQ_window_00_frame_5 pair 46 [3, 1] combined 8908 players 140 retained 65 seconds 0.045201985631138086
gxBQ_window_00_frame_5 pair 51 [3, 7] combined 176 players 22 retained 11 seconds 0.018333941232413054
gxBQ_window_00_frame_5 pair 76 [5, 1] combined 0 players 0 retained 0 seconds 0.011832366231828928
gxBQ_window_00_frame_5 pair 81 [5, 7] combined 0 players 0 retained 0 seconds 0.0026126853190362453
gxBQ_window_00_frame_5 pair 82 [5, 8] combined 0 players 0 retained 0 seconds 0.0016975672915577888
gxBQ_window_00_frame_5 pair 83 [5, 9] combined 0 players 0 retained 0 seconds 0.0024005048908293247
gxBQ_window_00_frame_5 pair 91 [6, 1] combined 10488 players 0 retained 0 seconds 0.02690735273063183
gxBQ_window_00_frame_5 pair 108 [7, 3] combined 160 players 4 retained 2 seconds 0.01635870710015297
gxBQ_window_00_frame_5 pair 110 [7, 5] combined 12 players 0 retained 0 seconds 0.0027805790305137634
gxBQ_window_00_frame_5 pair 114 [7, 10] combined 0 players 0 retained 0 seconds 0.0024615381844341755
gxBQ_window_00_frame_5 pair 125 [8, 5] combined 0 players 0 retained 0 seconds 0.0017903000116348267
gxBQ_window_00_frame_5 pair 129 [8, 10] combined 0 players 0 retained 0 seconds 0.0019239201210439205
gxBQ_window_00_frame_5 pair 140 [9, 5] combined 0 players 0 retained 0 seconds 0.0030211349949240685
gxBQ_window_00_frame_5 pair 151 [10, 1] combined 0 players 0 retained 0 seconds 0.011427754070609808
gxBQ_window_00_frame_5 pair 157 [10, 7] combined 0 players 0 retained 0 seconds 0.0026982692070305347
gxBQ_window_00_frame_5 pair 158 [10, 8] combined 0 players 0 retained 0 seconds 0.002052553929388523
gxBQ_window_00_frame_5 pair 166 [11, 1] combined 10240 players 138 retained 63 seconds 0.04370588669553399
[gxBQ_window_00_frame_5] line-template: preparing rectangles
[gxBQ_window_00_frame_5] measuring 768 parents (G0=256, G1=256, line_template=256; conflicting geometry groups=0)
[gxBQ_window_00_frame_5] parents 250/768
[gxBQ_window_00_frame_5] parents 500/768
[gxBQ_window_00_frame_5] parents 750/768
[gxBQ_window_00_frame_5] refitting 768 parents
[gxBQ_window_00_frame_5] refits 250/768; valid children=216
[gxBQ_window_00_frame_5] refits 500/768; valid children=387
[gxBQ_window_00_frame_5] refits 750/768; valid children=572
{"view_id": "gxBQ_window_00_frame_5", "chosen_key": "line_template:rectangle_85795:template_72/child", "no_court_reason": null, "all_checks_equal": null, "error": null}
shuttleset_03_scene_0034 pair 0 [0, 1] combined 262144 players 55874 retained 256 seconds 2.2997687831521034
shuttleset_03_scene_0034 pair 1 [0, 2] combined 262144 players 49498 retained 256 seconds 2.1023281291127205
shuttleset_03_scene_0034 pair 2 [0, 3] combined 262144 players 66236 retained 256 seconds 2.5081788883544505
shuttleset_03_scene_0034 pair 4 [0, 5] combined 103424 players 0 retained 0 seconds 0.8682469120249152
shuttleset_03_scene_0034 pair 5 [0, 6] combined 262144 players 0 retained 0 seconds 1.094026807229966
shuttleset_03_scene_0034 pair 8 [0, 9] combined 262144 players 54861 retained 256 seconds 2.2084397333674133
shuttleset_03_scene_0034 pair 10 [0, 11] combined 223232 players 0 retained 0 seconds 1.1308421692810953
shuttleset_03_scene_0034 pair 11 [0, 12] combined 226304 players 840 retained 256 seconds 1.0812744670547545
shuttleset_03_scene_0034 pair 12 [0, 13] combined 262144 players 60092 retained 256 seconds 2.3538093552924693
shuttleset_03_scene_0034 pair 13 [0, 14] combined 240640 players 40356 retained 256 seconds 1.8007263420149684
shuttleset_03_scene_0034 pair 14 [0, 15] combined 5120 players 8 retained 4 seconds 0.6186095690354705
shuttleset_03_scene_0034 pair 15 [1, 0] combined 262144 players 55778 retained 256 seconds 2.1424157698638737
shuttleset_03_scene_0034 pair 30 [2, 0] combined 262144 players 65348 retained 256 seconds 2.283006716053933
shuttleset_03_scene_0034 pair 45 [3, 0] combined 262144 players 70742 retained 256 seconds 2.391756578348577
shuttleset_03_scene_0034 pair 64 [4, 5] combined 93184 players 0 retained 0 seconds 0.24188518896698952
shuttleset_03_scene_0034 pair 67 [4, 8] combined 262144 players 588 retained 256 seconds 0.5655474849045277
shuttleset_03_scene_0034 pair 69 [4, 10] combined 7168 players 2562 retained 256 seconds 0.15701321000233293
shuttleset_03_scene_0034 pair 70 [4, 11] combined 246784 players 0 retained 0 seconds 0.5125430142506957
shuttleset_03_scene_0034 pair 75 [5, 0] combined 152576 players 0 retained 0 seconds 0.7148016490973532
shuttleset_03_scene_0034 pair 79 [5, 4] combined 129024 players 0 retained 0 seconds 0.2786021251231432
shuttleset_03_scene_0034 pair 81 [5, 7] combined 134144 players 0 retained 0 seconds 0.34088046569377184
shuttleset_03_scene_0034 pair 90 [6, 0] combined 262144 players 0 retained 0 seconds 0.9161918223835528
shuttleset_03_scene_0034 pair 110 [7, 5] combined 93184 players 0 retained 0 seconds 0.3330337107181549
shuttleset_03_scene_0034 pair 112 [7, 8] combined 221184 players 0 retained 0 seconds 0.534802595153451
shuttleset_03_scene_0034 pair 114 [7, 10] combined 6144 players 354 retained 129 seconds 0.19226270215585828
shuttleset_03_scene_0034 pair 115 [7, 11] combined 244736 players 0 retained 0 seconds 0.5889006489887834
shuttleset_03_scene_0034 pair 124 [8, 4] combined 254976 players 1656 retained 256 seconds 0.5518219722434878
shuttleset_03_scene_0034 pair 127 [8, 7] combined 262144 players 0 retained 0 seconds 0.6224211789667606
shuttleset_03_scene_0034 pair 131 [8, 12] combined 132096 players 1092 retained 256 seconds 0.29803898790851235
shuttleset_03_scene_0034 pair 133 [8, 14] combined 131072 players 94 retained 47 seconds 0.26179407397285104
shuttleset_03_scene_0034 pair 135 [9, 0] combined 262144 players 56712 retained 256 seconds 1.9604728929698467
shuttleset_03_scene_0034 pair 154 [10, 4] combined 8192 players 3250 retained 256 seconds 0.16786479437723756
shuttleset_03_scene_0034 pair 157 [10, 7] combined 12288 players 2816 retained 256 seconds 0.2585188946686685
shuttleset_03_scene_0034 pair 165 [11, 0] combined 262144 players 0 retained 0 seconds 0.8934688670560718
shuttleset_03_scene_0034 pair 169 [11, 4] combined 262144 players 0 retained 0 seconds 0.5126270209439099
shuttleset_03_scene_0034 pair 172 [11, 7] combined 262144 players 0 retained 0 seconds 0.5716414600610733
shuttleset_03_scene_0034 pair 180 [12, 0] combined 71680 players 2012 retained 256 seconds 0.6309617590159178
shuttleset_03_scene_0034 pair 188 [12, 8] combined 117468 players 386 retained 193 seconds 0.2527789273299277
shuttleset_03_scene_0034 pair 195 [13, 0] combined 262144 players 61988 retained 256 seconds 2.1506703412160277
shuttleset_03_scene_0034 pair 210 [14, 0] combined 227328 players 6832 retained 256 seconds 0.9595713037997484
shuttleset_03_scene_0034 pair 218 [14, 8] combined 155052 players 0 retained 0 seconds 0.2907097148708999
shuttleset_03_scene_0034 pair 225 [15, 0] combined 3072 players 0 retained 0 seconds 0.43315272498875856
shuttleset_03_scene_0034 pair 0 [0, 1] combined 262144 players 49692 retained 256 seconds 1.8174133356660604
shuttleset_03_scene_0034 pair 1 [0, 2] combined 133120 players 29576 retained 256 seconds 1.3449699571356177
shuttleset_03_scene_0034 pair 2 [0, 3] combined 67584 players 14096 retained 256 seconds 0.8389265150763094
shuttleset_03_scene_0034 pair 4 [0, 5] combined 0 players 0 retained 0 seconds 0.4282891880720854
shuttleset_03_scene_0034 pair 5 [0, 6] combined 12288 players 0 retained 0 seconds 0.4403745769523084
shuttleset_03_scene_0034 pair 8 [0, 9] combined 7168 players 2052 retained 256 seconds 0.5226631755940616
shuttleset_03_scene_0034 pair 10 [0, 11] combined 40960 players 0 retained 0 seconds 0.5069050695747137
shuttleset_03_scene_0034 pair 11 [0, 12] combined 29696 players 104 retained 52 seconds 0.4747505849227309
shuttleset_03_scene_0034 pair 12 [0, 13] combined 256000 players 41386 retained 256 seconds 1.647226061206311
shuttleset_03_scene_0034 pair 13 [0, 14] combined 101376 players 10894 retained 256 seconds 0.90972909796983
shuttleset_03_scene_0034 pair 14 [0, 15] combined 1024 players 0 retained 0 seconds 0.4410182316787541
shuttleset_03_scene_0034 pair 15 [1, 0] combined 262144 players 61920 retained 256 seconds 1.9078592397272587
shuttleset_03_scene_0034 pair 30 [2, 0] combined 164864 players 41136 retained 256 seconds 1.3226656937040389
shuttleset_03_scene_0034 pair 45 [3, 0] combined 117760 players 29726 retained 256 seconds 1.155028060078621
shuttleset_03_scene_0034 pair 64 [4, 5] combined 0 players 0 retained 0 seconds 0.01815005112439394
shuttleset_03_scene_0034 pair 67 [4, 8] combined 876 players 0 retained 0 seconds 0.017068631015717983
shuttleset_03_scene_0034 pair 69 [4, 10] combined 308 players 74 retained 36 seconds 0.028534190729260445
shuttleset_03_scene_0034 pair 70 [4, 11] combined 12464 players 0 retained 0 seconds 0.03871014900505543
shuttleset_03_scene_0034 pair 75 [5, 0] combined 0 players 0 retained 0 seconds 0.28315094392746687
shuttleset_03_scene_0034 pair 79 [5, 4] combined 0 players 0 retained 0 seconds 0.010821633972227573
shuttleset_03_scene_0034 pair 81 [5, 7] combined 0 players 0 retained 0 seconds 0.06353408517315984
shuttleset_03_scene_0034 pair 90 [6, 0] combined 16384 players 0 retained 0 seconds 0.318898000754416
shuttleset_03_scene_0034 pair 110 [7, 5] combined 0 players 0 retained 0 seconds 0.10603864816948771
shuttleset_03_scene_0034 pair 112 [7, 8] combined 0 players 0 retained 0 seconds 0.10017498396337032
shuttleset_03_scene_0034 pair 114 [7, 10] combined 3072 players 136 retained 58 seconds 0.12161841383203864
shuttleset_03_scene_0034 pair 115 [7, 11] combined 41984 players 0 retained 0 seconds 0.17579353088513017
shuttleset_03_scene_0034 pair 124 [8, 4] combined 1360 players 0 retained 0 seconds 0.014000601135194302
shuttleset_03_scene_0034 pair 127 [8, 7] combined 2048 players 0 retained 0 seconds 0.06682245200499892
shuttleset_03_scene_0034 pair 131 [8, 12] combined 252 players 0 retained 0 seconds 0.007538842968642712
shuttleset_03_scene_0034 pair 133 [8, 14] combined 784 players 0 retained 0 seconds 0.009589026216417551
shuttleset_03_scene_0034 pair 135 [9, 0] combined 25600 players 5554 retained 256 seconds 0.4580113817937672
shuttleset_03_scene_0034 pair 154 [10, 4] combined 256 players 74 retained 37 seconds 0.02540137991309166
shuttleset_03_scene_0034 pair 157 [10, 7] combined 4096 players 978 retained 256 seconds 0.10861402098089457
shuttleset_03_scene_0034 pair 165 [11, 0] combined 83968 players 0 retained 0 seconds 0.42532317200675607
shuttleset_03_scene_0034 pair 169 [11, 4] combined 24300 players 0 retained 0 seconds 0.05965160811319947
shuttleset_03_scene_0034 pair 172 [11, 7] combined 82944 players 0 retained 0 seconds 0.2029803702607751
shuttleset_03_scene_0034 pair 180 [12, 0] combined 7168 players 0 retained 0 seconds 0.31079366197809577
shuttleset_03_scene_0034 pair 188 [12, 8] combined 152 players 0 retained 0 seconds 0.007787239737808704
shuttleset_03_scene_0034 pair 195 [13, 0] combined 262144 players 59262 retained 256 seconds 1.9606860489584506
shuttleset_03_scene_0034 pair 210 [14, 0] combined 96256 players 2070 retained 256 seconds 0.5329024740494788
shuttleset_03_scene_0034 pair 218 [14, 8] combined 972 players 0 retained 0 seconds 0.011946386191993952
shuttleset_03_scene_0034 pair 225 [15, 0] combined 1024 players 8 retained 4 seconds 0.28667293721809983
[shuttleset_03_scene_0034] line-template: preparing rectangles
[shuttleset_03_scene_0034] measuring 759 parents (G0=256, G1=256, line_template=256; conflicting geometry groups=0)
[shuttleset_03_scene_0034] parents 250/759
[shuttleset_03_scene_0034] parents 500/759
[shuttleset_03_scene_0034] parents 750/759
[shuttleset_03_scene_0034] refitting 759 parents
[shuttleset_03_scene_0034] refits 250/759; valid children=247
[shuttleset_03_scene_0034] refits 500/759; valid children=490
[shuttleset_03_scene_0034] refits 750/759; valid children=683
{"view_id": "shuttleset_03_scene_0034", "chosen_key": "G1:1:2005", "no_court_reason": null, "all_checks_equal": null, "error": null}
letterboxed_short_frame_78 pair 0 [0, 1] combined 222208 players 69848 retained 256 seconds 1.7684445730410516
letterboxed_short_frame_78 pair 1 [0, 2] combined 203776 players 88576 retained 256 seconds 2.1268796510994434
letterboxed_short_frame_78 pair 2 [0, 3] combined 182272 players 0 retained 0 seconds 0.34196915617212653
letterboxed_short_frame_78 pair 3 [0, 4] combined 24576 players 0 retained 0 seconds 0.09498217795044184
letterboxed_short_frame_78 pair 5 [0, 6] combined 25600 players 0 retained 0 seconds 0.08932319981977344
letterboxed_short_frame_78 pair 8 [0, 9] combined 1140 players 0 retained 0 seconds 0.04320513969287276
letterboxed_short_frame_78 pair 9 [0, 10] combined 7168 players 0 retained 0 seconds 0.05909323925152421
letterboxed_short_frame_78 pair 11 [0, 12] combined 2048 players 1004 retained 256 seconds 0.10390334902331233
letterboxed_short_frame_78 pair 12 [0, 13] combined 23552 players 228 retained 116 seconds 0.15453344164416194
letterboxed_short_frame_78 pair 13 [0, 14] combined 6144 players 234 retained 118 seconds 0.07680805679410696
letterboxed_short_frame_78 pair 14 [0, 15] combined 20480 players 304 retained 160 seconds 0.1039415467530489
letterboxed_short_frame_78 pair 15 [1, 0] combined 61440 players 18272 retained 256 seconds 0.509798179846257
letterboxed_short_frame_78 pair 19 [1, 5] combined 2704 players 588 retained 256 seconds 0.07476296089589596
letterboxed_short_frame_78 pair 25 [1, 11] combined 1152 players 432 retained 216 seconds 0.065206044819206
letterboxed_short_frame_78 pair 30 [2, 0] combined 105472 players 10450 retained 256 seconds 0.5194407408125699
letterboxed_short_frame_78 pair 34 [2, 5] combined 4068 players 452 retained 224 seconds 0.06418785778805614
letterboxed_short_frame_78 pair 45 [3, 0] combined 96256 players 0 retained 0 seconds 0.1875405008904636
letterboxed_short_frame_78 pair 55 [3, 11] combined 3024 players 0 retained 0 seconds 0.013911868911236525
letterboxed_short_frame_78 pair 60 [4, 0] combined 20480 players 0 retained 0 seconds 0.07569172466173768
letterboxed_short_frame_78 pair 70 [4, 11] combined 504 players 0 retained 0 seconds 0.008362509775906801
letterboxed_short_frame_78 pair 76 [5, 1] combined 1872 players 0 retained 0 seconds 0.026869863737374544
letterboxed_short_frame_78 pair 77 [5, 2] combined 1568 players 672 retained 256 seconds 0.06860401201993227
letterboxed_short_frame_78 pair 81 [5, 7] combined 0 players 0 retained 0 seconds 0.006390132009983063
letterboxed_short_frame_78 pair 82 [5, 8] combined 108 players 54 retained 27 seconds 0.022350016050040722
letterboxed_short_frame_78 pair 83 [5, 9] combined 0 players 0 retained 0 seconds 0.004471879918128252
letterboxed_short_frame_78 pair 90 [6, 0] combined 3072 players 0 retained 0 seconds 0.04622278828173876
letterboxed_short_frame_78 pair 100 [6, 11] combined 36 players 0 retained 0 seconds 0.005462916102260351
letterboxed_short_frame_78 pair 110 [7, 5] combined 2772 players 0 retained 0 seconds 0.01037771999835968
letterboxed_short_frame_78 pair 114 [7, 10] combined 360 players 0 retained 0 seconds 0.006259976886212826
letterboxed_short_frame_78 pair 119 [7, 15] combined 0 players 0 retained 0 seconds 0.005389092955738306
letterboxed_short_frame_78 pair 125 [8, 5] combined 480 players 32 retained 16 seconds 0.021707796957343817
letterboxed_short_frame_78 pair 135 [9, 0] combined 0 players 0 retained 0 seconds 0.04059365997090936
letterboxed_short_frame_78 pair 140 [9, 5] combined 0 players 0 retained 0 seconds 0.004078993573784828
letterboxed_short_frame_78 pair 145 [9, 11] combined 104 players 0 retained 0 seconds 0.004207398742437363
letterboxed_short_frame_78 pair 150 [10, 0] combined 0 players 0 retained 0 seconds 0.039720053784549236
letterboxed_short_frame_78 pair 157 [10, 7] combined 0 players 0 retained 0 seconds 0.005344408098608255
letterboxed_short_frame_78 pair 160 [10, 11] combined 0 players 0 retained 0 seconds 0.0042463308200240135
letterboxed_short_frame_78 pair 166 [11, 1] combined 6832 players 2842 retained 256 seconds 0.11659020371735096
letterboxed_short_frame_78 pair 168 [11, 3] combined 5152 players 0 retained 0 seconds 0.017147553153336048
letterboxed_short_frame_78 pair 169 [11, 4] combined 520 players 0 retained 0 seconds 0.007346252910792828
letterboxed_short_frame_78 pair 171 [11, 6] combined 968 players 0 retained 0 seconds 0.006930618081241846
letterboxed_short_frame_78 pair 174 [11, 9] combined 20 players 0 retained 0 seconds 0.003977266605943441
letterboxed_short_frame_78 pair 175 [11, 10] combined 56 players 0 retained 0 seconds 0.0043581281788647175
letterboxed_short_frame_78 pair 176 [11, 12] combined 16 players 8 retained 4 seconds 0.02078850893303752
letterboxed_short_frame_78 pair 177 [11, 13] combined 288 players 0 retained 0 seconds 0.005335857160389423
letterboxed_short_frame_78 pair 178 [11, 14] combined 80 players 4 retained 2 seconds 0.020928407087922096
letterboxed_short_frame_78 pair 179 [11, 15] combined 192 players 24 retained 14 seconds 0.02106211706995964
letterboxed_short_frame_78 pair 180 [12, 0] combined 3072 players 370 retained 170 seconds 0.0835986458696425
letterboxed_short_frame_78 pair 191 [12, 11] combined 128 players 24 retained 12 seconds 0.021452143788337708
letterboxed_short_frame_78 pair 195 [13, 0] combined 2048 players 160 retained 78 seconds 0.07101805182173848
letterboxed_short_frame_78 pair 206 [13, 11] combined 168 players 14 retained 7 seconds 0.019495952874422073
letterboxed_short_frame_78 pair 210 [14, 0] combined 2048 players 160 retained 78 seconds 0.06966746412217617
letterboxed_short_frame_78 pair 221 [14, 11] combined 80 players 36 retained 18 seconds 0.020170767791569233
letterboxed_short_frame_78 pair 225 [15, 0] combined 0 players 0 retained 0 seconds 0.04627847811207175
letterboxed_short_frame_78 pair 232 [15, 7] combined 0 players 0 retained 0 seconds 0.00533808209002018
letterboxed_short_frame_78 pair 236 [15, 11] combined 0 players 0 retained 0 seconds 0.0037599438801407814
letterboxed_short_frame_78 pair 0 [0, 1] combined 288 players 0 retained 0 seconds 0.008083546999841928
letterboxed_short_frame_78 pair 1 [0, 2] combined 0 players 0 retained 0 seconds 0.004605693742632866
letterboxed_short_frame_78 pair 2 [0, 3] combined 0 players 0 retained 0 seconds 0.0030613881535828114
letterboxed_short_frame_78 pair 3 [0, 4] combined 0 players 0 retained 0 seconds 0.0028173839673399925
letterboxed_short_frame_78 pair 5 [0, 6] combined 0 players 0 retained 0 seconds 0.0028158873319625854
letterboxed_short_frame_78 pair 8 [0, 9] combined 0 players 0 retained 0 seconds 0.0024988693185150623
letterboxed_short_frame_78 pair 9 [0, 10] combined 0 players 0 retained 0 seconds 0.0022746198810636997
letterboxed_short_frame_78 pair 11 [0, 12] combined 0 players 0 retained 0 seconds 0.002472731750458479
letterboxed_short_frame_78 pair 12 [0, 13] combined 0 players 0 retained 0 seconds 0.0027652080170810223
letterboxed_short_frame_78 pair 13 [0, 14] combined 0 players 0 retained 0 seconds 0.002475376706570387
letterboxed_short_frame_78 pair 14 [0, 15] combined 0 players 0 retained 0 seconds 0.002133440226316452
letterboxed_short_frame_78 pair 15 [1, 0] combined 56 players 8 retained 4 seconds 0.022543591912835836
letterboxed_short_frame_78 pair 19 [1, 5] combined 0 players 0 retained 0 seconds 0.006903911009430885
letterboxed_short_frame_78 pair 25 [1, 11] combined 0 players 0 retained 0 seconds 0.006837685126811266
letterboxed_short_frame_78 pair 30 [2, 0] combined 40 players 0 retained 0 seconds 0.004893394187092781
letterboxed_short_frame_78 pair 34 [2, 5] combined 0 players 0 retained 0 seconds 0.0036458210088312626
letterboxed_short_frame_78 pair 45 [3, 0] combined 32 players 0 retained 0 seconds 0.002767372876405716
letterboxed_short_frame_78 pair 55 [3, 11] combined 0 players 0 retained 0 seconds 0.001720998901873827
letterboxed_short_frame_78 pair 60 [4, 0] combined 0 players 0 retained 0 seconds 0.002419134136289358
letterboxed_short_frame_78 pair 70 [4, 11] combined 0 players 0 retained 0 seconds 0.0017362181097269058
letterboxed_short_frame_78 pair 76 [5, 1] combined 0 players 0 retained 0 seconds 0.005351853556931019
letterboxed_short_frame_78 pair 77 [5, 2] combined 0 players 0 retained 0 seconds 0.003014261368662119
letterboxed_short_frame_78 pair 81 [5, 7] combined 0 players 0 retained 0 seconds 0.0013183970004320145
letterboxed_short_frame_78 pair 82 [5, 8] combined 0 players 0 retained 0 seconds 0.0014694919809699059
letterboxed_short_frame_78 pair 83 [5, 9] combined 0 players 0 retained 0 seconds 0.0009852750226855278
letterboxed_short_frame_78 pair 90 [6, 0] combined 0 players 0 retained 0 seconds 0.0021368106827139854
letterboxed_short_frame_78 pair 100 [6, 11] combined 0 players 0 retained 0 seconds 0.0014995522797107697
letterboxed_short_frame_78 pair 110 [7, 5] combined 0 players 0 retained 0 seconds 0.001261451281607151
letterboxed_short_frame_78 pair 114 [7, 10] combined 0 players 0 retained 0 seconds 0.0011195410043001175
letterboxed_short_frame_78 pair 119 [7, 15] combined 0 players 0 retained 0 seconds 0.0012533687986433506
letterboxed_short_frame_78 pair 125 [8, 5] combined 0 players 0 retained 0 seconds 0.001638640183955431
letterboxed_short_frame_78 pair 135 [9, 0] combined 0 players 0 retained 0 seconds 0.0018956665880978107
letterboxed_short_frame_78 pair 140 [9, 5] combined 0 players 0 retained 0 seconds 0.0010342472232878208
letterboxed_short_frame_78 pair 145 [9, 11] combined 0 players 0 retained 0 seconds 0.0012074150145053864
letterboxed_short_frame_78 pair 150 [10, 0] combined 0 players 0 retained 0 seconds 0.002037236001342535
letterboxed_short_frame_78 pair 157 [10, 7] combined 0 players 0 retained 0 seconds 0.0013424302451312542
letterboxed_short_frame_78 pair 160 [10, 11] combined 0 players 0 retained 0 seconds 0.0012320131063461304
letterboxed_short_frame_78 pair 166 [11, 1] combined 0 players 0 retained 0 seconds 0.006928083952516317
letterboxed_short_frame_78 pair 168 [11, 3] combined 0 players 0 retained 0 seconds 0.0016737757250666618
letterboxed_short_frame_78 pair 169 [11, 4] combined 0 players 0 retained 0 seconds 0.0013693883083760738
letterboxed_short_frame_78 pair 171 [11, 6] combined 0 players 0 retained 0 seconds 0.0015059341676533222
letterboxed_short_frame_78 pair 174 [11, 9] combined 0 players 0 retained 0 seconds 0.0012305169366300106
letterboxed_short_frame_78 pair 175 [11, 10] combined 0 players 0 retained 0 seconds 0.001105031929910183
letterboxed_short_frame_78 pair 176 [11, 12] combined 0 players 0 retained 0 seconds 0.0011547431349754333
letterboxed_short_frame_78 pair 177 [11, 13] combined 0 players 0 retained 0 seconds 0.0014035040512681007
letterboxed_short_frame_78 pair 178 [11, 14] combined 0 players 0 retained 0 seconds 0.0012502847239375114
letterboxed_short_frame_78 pair 179 [11, 15] combined 0 players 0 retained 0 seconds 0.0012354007922112942
letterboxed_short_frame_78 pair 180 [12, 0] combined 0 players 0 retained 0 seconds 0.0020644916221499443
letterboxed_short_frame_78 pair 191 [12, 11] combined 0 players 0 retained 0 seconds 0.0013430877588689327
letterboxed_short_frame_78 pair 195 [13, 0] combined 0 players 0 retained 0 seconds 0.0023570689372718334
letterboxed_short_frame_78 pair 206 [13, 11] combined 0 players 0 retained 0 seconds 0.001527613028883934
letterboxed_short_frame_78 pair 210 [14, 0] combined 0 players 0 retained 0 seconds 0.05994287086650729
letterboxed_short_frame_78 pair 221 [14, 11] combined 0 players 0 retained 0 seconds 0.0014944430440664291
letterboxed_short_frame_78 pair 225 [15, 0] combined 0 players 0 retained 0 seconds 0.0019101500511169434
letterboxed_short_frame_78 pair 232 [15, 7] combined 0 players 0 retained 0 seconds 0.0013967747800052166
letterboxed_short_frame_78 pair 236 [15, 11] combined 0 players 0 retained 0 seconds 0.00121719716116786
[letterboxed_short_frame_78] line-template: preparing rectangles
[letterboxed_short_frame_78] measuring 516 parents (G0=256, G1=4, line_template=256; conflicting geometry groups=0)
[letterboxed_short_frame_78] parents 250/516
[letterboxed_short_frame_78] parents 500/516
[letterboxed_short_frame_78] refitting 516 parents
[letterboxed_short_frame_78] refits 250/516; valid children=250
[letterboxed_short_frame_78] refits 500/516; valid children=486
{"view_id": "letterboxed_short_frame_78", "chosen_key": "G0:0:21/child", "no_court_reason": null, "all_checks_equal": null, "error": null}
{"views": ["gxBQ_window_00_frame_5", "shuttleset_03_scene_0034", "letterboxed_short_frame_78"], "startup_seconds": 0.031668382696807384, "wall_seconds": 723.6544568887912, "peak_rss_mb": 1129.421875, "failed": []}
