decoded <ShuttleSet root>/external/shuttleset-sources/3 Kento_MOMOTA_CHOU_Tien_Chen_KOREA_OPEN_2019_Final.mp4 to frame 66072 in 303s
decoded <run root>/player_guided_20260908/videos/am2_h264.mp4 to frame 240 in 1s
shuttleset_03_scene_0017 pair 0 [0, 1] combined 262144 players 0 retained 0 seconds 1.3686033398844302
shuttleset_03_scene_0017 pair 1 [0, 2] combined 262144 players 66450 retained 256 seconds 2.447937518823892
shuttleset_03_scene_0017 pair 2 [0, 3] combined 262144 players 54066 retained 256 seconds 2.2793327500112355
shuttleset_03_scene_0017 pair 4 [0, 5] combined 256000 players 0 retained 0 seconds 1.0933722821064293
shuttleset_03_scene_0017 pair 5 [0, 6] combined 262144 players 0 retained 0 seconds 1.128694067709148
shuttleset_03_scene_0017 pair 9 [0, 10] combined 249856 players 0 retained 0 seconds 1.1014975188300014
shuttleset_03_scene_0017 pair 11 [0, 12] combined 72704 players 17510 retained 256 seconds 1.135829250793904
shuttleset_03_scene_0017 pair 13 [0, 14] combined 26624 players 4566 retained 256 seconds 0.801245124079287
shuttleset_03_scene_0017 pair 14 [0, 15] combined 5120 players 780 retained 256 seconds 0.7285984270274639
shuttleset_03_scene_0017 pair 15 [1, 0] combined 262144 players 0 retained 0 seconds 1.1823142673820257
shuttleset_03_scene_0017 pair 30 [2, 0] combined 262144 players 82116 retained 256 seconds 2.4780251709744334
shuttleset_03_scene_0017 pair 33 [2, 4] combined 262144 players 73506 retained 256 seconds 2.0817221770994365
shuttleset_03_scene_0017 pair 42 [2, 13] combined 70656 players 16280 retained 256 seconds 0.5204996471293271
shuttleset_03_scene_0017 pair 45 [3, 0] combined 262144 players 58794 retained 256 seconds 2.158534157089889
shuttleset_03_scene_0017 pair 62 [4, 2] combined 262144 players 67562 retained 256 seconds 1.9600298409350216
shuttleset_03_scene_0017 pair 64 [4, 5] combined 262144 players 0 retained 0 seconds 0.6727075269445777
shuttleset_03_scene_0017 pair 65 [4, 6] combined 262144 players 0 retained 0 seconds 0.6806654599495232
shuttleset_03_scene_0017 pair 66 [4, 7] combined 262144 players 1598 retained 256 seconds 0.7209403999149799
shuttleset_03_scene_0017 pair 68 [4, 9] combined 166912 players 0 retained 0 seconds 0.4716572598554194
shuttleset_03_scene_0017 pair 69 [4, 10] combined 240640 players 0 retained 0 seconds 0.622015826869756
shuttleset_03_scene_0017 pair 72 [4, 13] combined 110592 players 0 retained 0 seconds 0.38848081696778536
shuttleset_03_scene_0017 pair 73 [4, 14] combined 25600 players 5226 retained 256 seconds 0.36720966920256615
shuttleset_03_scene_0017 pair 74 [4, 15] combined 8192 players 2208 retained 256 seconds 0.28938356786966324
shuttleset_03_scene_0017 pair 75 [5, 0] combined 262144 players 0 retained 0 seconds 0.885194861330092
shuttleset_03_scene_0017 pair 79 [5, 4] combined 262144 players 0 retained 0 seconds 0.6174148400314152
shuttleset_03_scene_0017 pair 90 [6, 0] combined 262144 players 0 retained 0 seconds 0.9122030157595873
shuttleset_03_scene_0017 pair 94 [6, 4] combined 262144 players 0 retained 0 seconds 0.6447295849211514
shuttleset_03_scene_0017 pair 109 [7, 4] combined 262144 players 1282 retained 256 seconds 0.6439199927262962
shuttleset_03_scene_0017 pair 112 [7, 8] combined 54272 players 7916 retained 256 seconds 0.3343724422156811
shuttleset_03_scene_0017 pair 115 [7, 11] combined 262144 players 12828 retained 256 seconds 0.8245130139403045
shuttleset_03_scene_0017 pair 127 [8, 7] combined 73728 players 19152 retained 256 seconds 0.5417550168931484
shuttleset_03_scene_0017 pair 128 [8, 9] combined 38916 players 496 retained 243 seconds 0.1265162080526352
shuttleset_03_scene_0017 pair 132 [8, 13] combined 18600 players 2710 retained 256 seconds 0.14994495175778866
shuttleset_03_scene_0017 pair 139 [9, 4] combined 133120 players 0 retained 0 seconds 0.3343719467520714
shuttleset_03_scene_0017 pair 143 [9, 8] combined 41760 players 10244 retained 256 seconds 0.2938980059698224
shuttleset_03_scene_0017 pair 145 [9, 11] combined 82656 players 2366 retained 256 seconds 0.2325385669246316
shuttleset_03_scene_0017 pair 150 [10, 0] combined 262144 players 0 retained 0 seconds 0.8919960409402847
shuttleset_03_scene_0017 pair 154 [10, 4] combined 262144 players 0 retained 0 seconds 0.6033616149798036
shuttleset_03_scene_0017 pair 172 [11, 7] combined 262144 players 6854 retained 256 seconds 0.6283436920493841
shuttleset_03_scene_0017 pair 174 [11, 9] combined 74460 players 442 retained 225 seconds 0.18242049030959606
shuttleset_03_scene_0017 pair 177 [11, 13] combined 67392 players 790 retained 256 seconds 0.18371573323383927
shuttleset_03_scene_0017 pair 180 [12, 0] combined 126976 players 28788 retained 256 seconds 1.263259296771139
shuttleset_03_scene_0017 pair 192 [12, 13] combined 38064 players 9912 retained 256 seconds 0.306600377894938
shuttleset_03_scene_0017 pair 197 [13, 2] combined 120832 players 39362 retained 256 seconds 1.0064990790560842
shuttleset_03_scene_0017 pair 199 [13, 4] combined 83968 players 0 retained 0 seconds 0.28143079299479723
shuttleset_03_scene_0017 pair 203 [13, 8] combined 28304 players 4660 retained 256 seconds 0.21308664605021477
shuttleset_03_scene_0017 pair 206 [13, 11] combined 94248 players 2790 retained 256 seconds 0.26946994895115495
shuttleset_03_scene_0017 pair 207 [13, 12] combined 30208 players 10442 retained 256 seconds 0.3977631297893822
shuttleset_03_scene_0017 pair 210 [14, 0] combined 31744 players 7888 retained 256 seconds 0.629380492027849
shuttleset_03_scene_0017 pair 214 [14, 4] combined 39936 players 11984 retained 256 seconds 0.4382689008489251
shuttleset_03_scene_0017 pair 225 [15, 0] combined 8192 players 2446 retained 256 seconds 0.486970336176455
shuttleset_03_scene_0017 pair 229 [15, 4] combined 3072 players 910 retained 256 seconds 0.18645175825804472
shuttleset_03_scene_0017 pair 0 [0, 1] combined 262144 players 0 retained 0 seconds 0.8617737158201635
shuttleset_03_scene_0017 pair 1 [0, 2] combined 123904 players 31930 retained 256 seconds 1.2056746650487185
shuttleset_03_scene_0017 pair 2 [0, 3] combined 262144 players 60676 retained 256 seconds 2.0894396528601646
shuttleset_03_scene_0017 pair 4 [0, 5] combined 24576 players 0 retained 0 seconds 0.44435935793444514
shuttleset_03_scene_0017 pair 5 [0, 6] combined 93184 players 0 retained 0 seconds 0.5504164211452007
shuttleset_03_scene_0017 pair 9 [0, 10] combined 104448 players 0 retained 0 seconds 0.5743653080426157
shuttleset_03_scene_0017 pair 11 [0, 12] combined 6144 players 1522 retained 256 seconds 0.4566559330560267
shuttleset_03_scene_0017 pair 13 [0, 14] combined 3072 players 900 retained 256 seconds 0.4379568062722683
shuttleset_03_scene_0017 pair 14 [0, 15] combined 0 players 0 retained 0 seconds 0.3849825318902731
shuttleset_03_scene_0017 pair 15 [1, 0] combined 262144 players 0 retained 0 seconds 0.7429667771793902
shuttleset_03_scene_0017 pair 30 [2, 0] combined 178176 players 52266 retained 256 seconds 1.523651134222746
shuttleset_03_scene_0017 pair 33 [2, 4] combined 187392 players 39512 retained 256 seconds 1.2536893072538078
shuttleset_03_scene_0017 pair 42 [2, 13] combined 34028 players 8322 retained 256 seconds 0.27988039376214147
shuttleset_03_scene_0017 pair 45 [3, 0] combined 262144 players 66192 retained 256 seconds 1.9943721918389201
shuttleset_03_scene_0017 pair 62 [4, 2] combined 122880 players 22386 retained 256 seconds 0.8489330299198627
shuttleset_03_scene_0017 pair 64 [4, 5] combined 28672 players 0 retained 0 seconds 0.10681026102975011
shuttleset_03_scene_0017 pair 65 [4, 6] combined 92160 players 0 retained 0 seconds 0.2130105420947075
shuttleset_03_scene_0017 pair 66 [4, 7] combined 149504 players 3142 retained 256 seconds 0.3840437079779804
shuttleset_03_scene_0017 pair 68 [4, 9] combined 27648 players 0 retained 0 seconds 0.10369514906778932
shuttleset_03_scene_0017 pair 69 [4, 10] combined 102400 players 0 retained 0 seconds 0.2296189209446311
shuttleset_03_scene_0017 pair 72 [4, 13] combined 73728 players 0 retained 0 seconds 0.1780374301597476
shuttleset_03_scene_0017 pair 73 [4, 14] combined 0 players 0 retained 0 seconds 0.0573177351616323
shuttleset_03_scene_0017 pair 74 [4, 15] combined 0 players 0 retained 0 seconds 0.054834424052387476
shuttleset_03_scene_0017 pair 75 [5, 0] combined 30720 players 0 retained 0 seconds 0.30063743609935045
shuttleset_03_scene_0017 pair 79 [5, 4] combined 26624 players 0 retained 0 seconds 0.08493935922160745
shuttleset_03_scene_0017 pair 90 [6, 0] combined 177152 players 0 retained 0 seconds 0.5621505021117628
shuttleset_03_scene_0017 pair 94 [6, 4] combined 177152 players 0 retained 0 seconds 0.3478207681328058
shuttleset_03_scene_0017 pair 109 [7, 4] combined 153600 players 2910 retained 256 seconds 0.3794274078682065
shuttleset_03_scene_0017 pair 112 [7, 8] combined 7728 players 1348 retained 256 seconds 0.08093942096456885
shuttleset_03_scene_0017 pair 115 [7, 11] combined 79864 players 1714 retained 256 seconds 0.20762517908588052
shuttleset_03_scene_0017 pair 127 [8, 7] combined 9776 players 2284 retained 256 seconds 0.09945623716339469
shuttleset_03_scene_0017 pair 128 [8, 9] combined 1280 players 16 retained 8 seconds 0.024722005240619183
shuttleset_03_scene_0017 pair 132 [8, 13] combined 4416 players 720 retained 256 seconds 0.06615001009777188
shuttleset_03_scene_0017 pair 139 [9, 4] combined 36864 players 0 retained 0 seconds 0.10087197786197066
shuttleset_03_scene_0017 pair 143 [9, 8] combined 1680 players 202 retained 102 seconds 0.03083594376221299
shuttleset_03_scene_0017 pair 145 [9, 11] combined 17712 players 106 retained 53 seconds 0.057530412916094065
shuttleset_03_scene_0017 pair 150 [10, 0] combined 172032 players 0 retained 0 seconds 0.533365533221513
shuttleset_03_scene_0017 pair 154 [10, 4] combined 165888 players 0 retained 0 seconds 0.33000442292541265
shuttleset_03_scene_0017 pair 172 [11, 7] combined 56144 players 60 retained 30 seconds 0.12682515801861882
shuttleset_03_scene_0017 pair 174 [11, 9] combined 18360 players 84 retained 42 seconds 0.06469269888475537
shuttleset_03_scene_0017 pair 177 [11, 13] combined 44520 players 358 retained 179 seconds 0.13020214717835188
shuttleset_03_scene_0017 pair 180 [12, 0] combined 12288 players 2768 retained 256 seconds 0.35420186910778284
shuttleset_03_scene_0017 pair 192 [12, 13] combined 2704 players 832 retained 256 seconds 0.06241492601111531
shuttleset_03_scene_0017 pair 197 [13, 2] combined 42828 players 15646 retained 256 seconds 0.40060043428093195
shuttleset_03_scene_0017 pair 199 [13, 4] combined 53248 players 0 retained 0 seconds 0.14152688207104802
shuttleset_03_scene_0017 pair 203 [13, 8] combined 2880 players 50 retained 25 seconds 0.04070420702919364
shuttleset_03_scene_0017 pair 206 [13, 11] combined 44440 players 368 retained 184 seconds 0.12538441782817245
shuttleset_03_scene_0017 pair 207 [13, 12] combined 2848 players 1162 retained 256 seconds 0.07258650474250317
shuttleset_03_scene_0017 pair 210 [14, 0] combined 4096 players 1384 retained 256 seconds 0.3134157978929579
shuttleset_03_scene_0017 pair 214 [14, 4] combined 3072 players 1014 retained 256 seconds 0.08334396686404943
shuttleset_03_scene_0017 pair 225 [15, 0] combined 0 players 0 retained 0 seconds 0.24865017272531986
shuttleset_03_scene_0017 pair 229 [15, 4] combined 0 players 0 retained 0 seconds 0.03242746880277991
[shuttleset_03_scene_0017] line-template: preparing rectangles
[shuttleset_03_scene_0017] measuring 758 parents (G0=256, G1=256, line_template=256; conflicting geometry groups=0)
[shuttleset_03_scene_0017] parents 250/758
[shuttleset_03_scene_0017] parents 500/758
[shuttleset_03_scene_0017] parents 750/758
[shuttleset_03_scene_0017] refitting 758 parents
[shuttleset_03_scene_0017] refits 250/758; valid children=239
[shuttleset_03_scene_0017] refits 500/758; valid children=442
[shuttleset_03_scene_0017] refits 750/758; valid children=661
{"view_id": "shuttleset_03_scene_0017", "chosen_key": "G1:1:3856", "no_court_reason": null, "all_checks_equal": null, "error": null}
shuttleset_03_scene_0032 pair 0 [0, 1] combined 262144 players 0 retained 0 seconds 1.6116443001665175
shuttleset_03_scene_0032 pair 1 [0, 2] combined 262144 players 72862 retained 256 seconds 2.921143456362188
shuttleset_03_scene_0032 pair 2 [0, 3] combined 250880 players 0 retained 0 seconds 1.4572997312061489
shuttleset_03_scene_0032 pair 5 [0, 6] combined 262144 players 51006 retained 256 seconds 2.49149398971349
shuttleset_03_scene_0032 pair 7 [0, 8] combined 159744 players 17516 retained 256 seconds 1.6120150038041174
shuttleset_03_scene_0032 pair 12 [0, 13] combined 228352 players 0 retained 0 seconds 1.388140790630132
shuttleset_03_scene_0032 pair 14 [0, 15] combined 55296 players 0 retained 0 seconds 1.0875864741392434
shuttleset_03_scene_0032 pair 15 [1, 0] combined 262144 players 0 retained 0 seconds 1.3614376545883715
shuttleset_03_scene_0032 pair 30 [2, 0] combined 262144 players 71608 retained 256 seconds 2.5547097041271627
shuttleset_03_scene_0032 pair 40 [2, 11] combined 28672 players 11360 retained 256 seconds 0.38901068922132254
shuttleset_03_scene_0032 pair 45 [3, 0] combined 262144 players 0 retained 0 seconds 1.1575441700406373
shuttleset_03_scene_0032 pair 48 [3, 4] combined 262144 players 0 retained 0 seconds 0.6454125796444714
shuttleset_03_scene_0032 pair 49 [3, 5] combined 262144 players 0 retained 0 seconds 0.5877472357824445
shuttleset_03_scene_0032 pair 63 [4, 3] combined 220160 players 0 retained 0 seconds 0.6418564710766077
shuttleset_03_scene_0032 pair 64 [4, 5] combined 262144 players 0 retained 0 seconds 0.763577529694885
shuttleset_03_scene_0032 pair 67 [4, 8] combined 162816 players 0 retained 0 seconds 0.5280917952768505
shuttleset_03_scene_0032 pair 72 [4, 13] combined 254976 players 0 retained 0 seconds 0.6880051926709712
shuttleset_03_scene_0032 pair 74 [4, 15] combined 58368 players 0 retained 0 seconds 0.42134049674496055
shuttleset_03_scene_0032 pair 78 [5, 3] combined 248832 players 0 retained 0 seconds 0.5904920711182058
shuttleset_03_scene_0032 pair 79 [5, 4] combined 262144 players 24 retained 12 seconds 0.7241074698977172
shuttleset_03_scene_0032 pair 81 [5, 7] combined 198656 players 56110 retained 256 seconds 1.5544935683719814
shuttleset_03_scene_0032 pair 83 [5, 9] combined 23552 players 444 retained 187 seconds 0.20238679507747293
shuttleset_03_scene_0032 pair 84 [5, 10] combined 177152 players 384 retained 192 seconds 0.517960058990866
shuttleset_03_scene_0032 pair 85 [5, 11] combined 96256 players 0 retained 0 seconds 0.29418133944272995
shuttleset_03_scene_0032 pair 86 [5, 12] combined 76800 players 18926 retained 256 seconds 0.6597841260954738
shuttleset_03_scene_0032 pair 88 [5, 14] combined 145408 players 0 retained 0 seconds 0.38642828771844506
shuttleset_03_scene_0032 pair 90 [6, 0] combined 262144 players 57838 retained 256 seconds 2.4142496827989817
shuttleset_03_scene_0032 pair 110 [7, 5] combined 262144 players 66740 retained 256 seconds 1.7985369921661913
shuttleset_03_scene_0032 pair 120 [8, 0] combined 187392 players 5492 retained 256 seconds 1.144367896951735
shuttleset_03_scene_0032 pair 124 [8, 4] combined 193536 players 1672 retained 256 seconds 0.6056741657666862
shuttleset_03_scene_0032 pair 130 [8, 11] combined 12288 players 88 retained 44 seconds 0.0835769739933312
shuttleset_03_scene_0032 pair 140 [9, 5] combined 12288 players 30 retained 15 seconds 0.11708774510771036
shuttleset_03_scene_0032 pair 147 [9, 13] combined 11376 players 0 retained 0 seconds 0.051229899283498526
shuttleset_03_scene_0032 pair 155 [10, 5] combined 49152 players 160 retained 80 seconds 0.19915035692974925
shuttleset_03_scene_0032 pair 162 [10, 13] combined 94208 players 0 retained 0 seconds 0.20791388116776943
shuttleset_03_scene_0032 pair 167 [11, 2] combined 61440 players 15910 retained 256 seconds 0.5128339622169733
shuttleset_03_scene_0032 pair 170 [11, 5] combined 31744 players 0 retained 0 seconds 0.16396674793213606
shuttleset_03_scene_0032 pair 173 [11, 8] combined 18432 players 670 retained 256 seconds 0.1143516506999731
shuttleset_03_scene_0032 pair 177 [11, 13] combined 58368 players 0 retained 0 seconds 0.1551382108591497
shuttleset_03_scene_0032 pair 179 [11, 15] combined 18700 players 0 retained 0 seconds 0.07050432311370969
shuttleset_03_scene_0032 pair 185 [12, 5] combined 108544 players 26034 retained 256 seconds 0.7983650318346918
shuttleset_03_scene_0032 pair 195 [13, 0] combined 262144 players 0 retained 0 seconds 1.1282497169449925
shuttleset_03_scene_0032 pair 199 [13, 4] combined 262144 players 0 retained 0 seconds 0.6441741879098117
shuttleset_03_scene_0032 pair 204 [13, 9] combined 21504 players 42 retained 21 seconds 0.15612123301252723
shuttleset_03_scene_0032 pair 205 [13, 10] combined 77824 players 20 retained 10 seconds 0.1879376289434731
shuttleset_03_scene_0032 pair 206 [13, 11] combined 86016 players 0 retained 0 seconds 0.19339107675477862
shuttleset_03_scene_0032 pair 215 [14, 5] combined 248832 players 0 retained 0 seconds 0.5375068597495556
shuttleset_03_scene_0032 pair 225 [15, 0] combined 111616 players 0 retained 0 seconds 0.8390626749023795
shuttleset_03_scene_0032 pair 229 [15, 4] combined 104448 players 0 retained 0 seconds 0.3488728911615908
shuttleset_03_scene_0032 pair 236 [15, 11] combined 28840 players 0 retained 0 seconds 0.08630831120535731
shuttleset_03_scene_0032 pair 0 [0, 1] combined 262144 players 0 retained 0 seconds 1.0130492611788213
shuttleset_03_scene_0032 pair 1 [0, 2] combined 199680 players 52010 retained 256 seconds 1.894322243053466
shuttleset_03_scene_0032 pair 2 [0, 3] combined 36864 players 0 retained 0 seconds 0.619446637108922
shuttleset_03_scene_0032 pair 5 [0, 6] combined 246784 players 50268 retained 256 seconds 2.0259885266423225
shuttleset_03_scene_0032 pair 7 [0, 8] combined 43008 players 458 retained 229 seconds 0.624578352086246
shuttleset_03_scene_0032 pair 12 [0, 13] combined 5120 players 0 retained 0 seconds 0.5373634370043874
shuttleset_03_scene_0032 pair 14 [0, 15] combined 12288 players 0 retained 0 seconds 0.5706008179113269
shuttleset_03_scene_0032 pair 15 [1, 0] combined 262144 players 0 retained 0 seconds 0.8684826302342117
shuttleset_03_scene_0032 pair 30 [2, 0] combined 227328 players 64468 retained 256 seconds 2.0596641302108765
shuttleset_03_scene_0032 pair 40 [2, 11] combined 5184 players 1364 retained 256 seconds 0.12502871686592698
shuttleset_03_scene_0032 pair 45 [3, 0] combined 68608 players 0 retained 0 seconds 0.47646261006593704
shuttleset_03_scene_0032 pair 48 [3, 4] combined 78848 players 0 retained 0 seconds 0.1902950182557106
shuttleset_03_scene_0032 pair 49 [3, 5] combined 58368 players 0 retained 0 seconds 0.15519752399995923
shuttleset_03_scene_0032 pair 63 [4, 3] combined 44032 players 0 retained 0 seconds 0.15161665622144938
shuttleset_03_scene_0032 pair 64 [4, 5] combined 262144 players 52 retained 26 seconds 0.5638321391306818
shuttleset_03_scene_0032 pair 67 [4, 8] combined 45056 players 0 retained 0 seconds 0.1459739450365305
shuttleset_03_scene_0032 pair 72 [4, 13] combined 9216 players 0 retained 0 seconds 0.08363538980484009
shuttleset_03_scene_0032 pair 74 [4, 15] combined 11264 players 0 retained 0 seconds 0.08945995708927512
shuttleset_03_scene_0032 pair 78 [5, 3] combined 39936 players 0 retained 0 seconds 0.13833486381918192
shuttleset_03_scene_0032 pair 79 [5, 4] combined 262144 players 6 retained 3 seconds 0.5545301456004381
shuttleset_03_scene_0032 pair 81 [5, 7] combined 43008 players 7052 retained 256 seconds 0.309257036074996
shuttleset_03_scene_0032 pair 83 [5, 9] combined 12288 players 0 retained 0 seconds 0.08029628405347466
shuttleset_03_scene_0032 pair 84 [5, 10] combined 103424 players 0 retained 0 seconds 0.22021800419315696
shuttleset_03_scene_0032 pair 85 [5, 11] combined 23712 players 0 retained 0 seconds 0.10522068804129958
shuttleset_03_scene_0032 pair 86 [5, 12] combined 0 players 0 retained 0 seconds 0.06081487890332937
shuttleset_03_scene_0032 pair 88 [5, 14] combined 22528 players 0 retained 0 seconds 0.09932633116841316
shuttleset_03_scene_0032 pair 90 [6, 0] combined 262144 players 51772 retained 256 seconds 1.8276386610232294
shuttleset_03_scene_0032 pair 110 [7, 5] combined 67584 players 12680 retained 256 seconds 0.5407747249118984
shuttleset_03_scene_0032 pair 120 [8, 0] combined 43008 players 58 retained 29 seconds 0.41925159422680736
shuttleset_03_scene_0032 pair 124 [8, 4] combined 45056 players 58 retained 29 seconds 0.1346326437778771
shuttleset_03_scene_0032 pair 130 [8, 11] combined 1264 players 24 retained 12 seconds 0.036849664989858866
shuttleset_03_scene_0032 pair 140 [9, 5] combined 4096 players 0 retained 0 seconds 0.04825289407745004
shuttleset_03_scene_0032 pair 147 [9, 13] combined 288 players 0 retained 0 seconds 0.008533828891813755
shuttleset_03_scene_0032 pair 155 [10, 5] combined 13312 players 88 retained 42 seconds 0.08348693372681737
shuttleset_03_scene_0032 pair 162 [10, 13] combined 1792 players 0 retained 0 seconds 0.026798131875693798
shuttleset_03_scene_0032 pair 167 [11, 2] combined 10560 players 3356 retained 256 seconds 0.15674361027777195
shuttleset_03_scene_0032 pair 170 [11, 5] combined 0 players 0 retained 0 seconds 0.050694235134869814
shuttleset_03_scene_0032 pair 173 [11, 8] combined 4080 players 112 retained 63 seconds 0.04726519202813506
shuttleset_03_scene_0032 pair 177 [11, 13] combined 1144 players 0 retained 0 seconds 0.02192744705826044
shuttleset_03_scene_0032 pair 179 [11, 15] combined 1012 players 0 retained 0 seconds 0.022113645914942026
shuttleset_03_scene_0032 pair 185 [12, 5] combined 2048 players 652 retained 256 seconds 0.08293113438412547
shuttleset_03_scene_0032 pair 195 [13, 0] combined 9216 players 8 retained 4 seconds 0.37851812271401286
shuttleset_03_scene_0032 pair 199 [13, 4] combined 12288 players 0 retained 0 seconds 0.067114791367203
shuttleset_03_scene_0032 pair 204 [13, 9] combined 528 players 0 retained 0 seconds 0.007795492187142372
shuttleset_03_scene_0032 pair 205 [13, 10] combined 2016 players 0 retained 0 seconds 0.017783396877348423
shuttleset_03_scene_0032 pair 206 [13, 11] combined 1560 players 0 retained 0 seconds 0.016472904942929745
shuttleset_03_scene_0032 pair 215 [14, 5] combined 34816 players 0 retained 0 seconds 0.105318624060601
shuttleset_03_scene_0032 pair 225 [15, 0] combined 23552 players 0 retained 0 seconds 0.3937460561282933
shuttleset_03_scene_0032 pair 229 [15, 4] combined 21504 players 0 retained 0 seconds 0.09133135294541717
shuttleset_03_scene_0032 pair 236 [15, 11] combined 1848 players 0 retained 0 seconds 0.019190391059964895
[shuttleset_03_scene_0032] line-template: preparing rectangles
[shuttleset_03_scene_0032] measuring 728 parents (G0=256, G1=256, line_template=256; conflicting geometry groups=0)
[shuttleset_03_scene_0032] parents 250/728
[shuttleset_03_scene_0032] parents 500/728
[shuttleset_03_scene_0032] refitting 728 parents
[shuttleset_03_scene_0032] refits 250/728; valid children=236
[shuttleset_03_scene_0032] refits 500/728; valid children=479
{"view_id": "shuttleset_03_scene_0032", "chosen_key": "G1:1:3627/child", "no_court_reason": null, "all_checks_equal": null, "error": null}
am2_window_00_frame_150 pair 1 [0, 2] combined 262144 players 5996 retained 256 seconds 0.9135944512672722
am2_window_00_frame_150 pair 4 [0, 5] combined 95232 players 0 retained 0 seconds 0.3774601239711046
am2_window_00_frame_150 pair 6 [0, 7] combined 243712 players 5000 retained 256 seconds 0.7350387931801379
am2_window_00_frame_150 pair 12 [0, 13] combined 107520 players 1076 retained 256 seconds 0.44270860496908426
am2_window_00_frame_150 pair 13 [0, 14] combined 117760 players 248 retained 124 seconds 0.4240828021429479
am2_window_00_frame_150 pair 30 [2, 0] combined 262144 players 11464 retained 256 seconds 0.923721375875175
am2_window_00_frame_150 pair 32 [2, 3] combined 262144 players 8180 retained 256 seconds 0.8988761929795146
am2_window_00_frame_150 pair 33 [2, 4] combined 262144 players 830 retained 256 seconds 0.6430424209684134
am2_window_00_frame_150 pair 35 [2, 6] combined 77824 players 10576 retained 256 seconds 0.4698234018869698
am2_window_00_frame_150 pair 39 [2, 10] combined 33792 players 6082 retained 256 seconds 0.3158630430698395
am2_window_00_frame_150 pair 41 [2, 12] combined 262144 players 4044 retained 256 seconds 0.6975462939590216
am2_window_00_frame_150 pair 44 [2, 15] combined 0 players 0 retained 0 seconds 0.10744773922488093
am2_window_00_frame_150 pair 47 [3, 2] combined 262144 players 15442 retained 256 seconds 1.009671166073531
am2_window_00_frame_150 pair 49 [3, 5] combined 86016 players 1354 retained 256 seconds 0.42938903579488397
am2_window_00_frame_150 pair 51 [3, 7] combined 262144 players 2666 retained 256 seconds 0.7519852081313729
am2_window_00_frame_150 pair 57 [3, 13] combined 107520 players 3408 retained 256 seconds 0.46999440202489495
am2_window_00_frame_150 pair 58 [3, 14] combined 21504 players 298 retained 137 seconds 0.2639572103507817
am2_window_00_frame_150 pair 62 [4, 2] combined 262144 players 3650 retained 256 seconds 0.6733761359937489
am2_window_00_frame_150 pair 64 [4, 5] combined 54272 players 0 retained 0 seconds 0.16735646920278668
am2_window_00_frame_150 pair 66 [4, 7] combined 262144 players 38 retained 19 seconds 0.5347490939311683
am2_window_00_frame_150 pair 72 [4, 13] combined 110592 players 264 retained 132 seconds 0.2833986603654921
am2_window_00_frame_150 pair 73 [4, 14] combined 117760 players 72 retained 34 seconds 0.2792826909571886
am2_window_00_frame_150 pair 75 [5, 0] combined 74752 players 0 retained 0 seconds 0.25193207804113626
am2_window_00_frame_150 pair 78 [5, 3] combined 45056 players 648 retained 256 seconds 0.23500267276540399
am2_window_00_frame_150 pair 79 [5, 4] combined 100352 players 0 retained 0 seconds 0.22397117875516415
am2_window_00_frame_150 pair 80 [5, 6] combined 8584 players 790 retained 256 seconds 0.07723632035776973
am2_window_00_frame_150 pair 84 [5, 10] combined 10560 players 1104 retained 256 seconds 0.08368026791140437
am2_window_00_frame_150 pair 86 [5, 12] combined 121856 players 0 retained 0 seconds 0.2321132509969175
am2_window_00_frame_150 pair 89 [5, 15] combined 0 players 0 retained 0 seconds 0.014857860282063484
am2_window_00_frame_150 pair 92 [6, 2] combined 74752 players 23298 retained 256 seconds 0.7300489726476371
am2_window_00_frame_150 pair 95 [6, 5] combined 23432 players 1310 retained 256 seconds 0.11681048106402159
am2_window_00_frame_150 pair 96 [6, 7] combined 88064 players 15266 retained 256 seconds 0.4934012172743678
am2_window_00_frame_150 pair 102 [6, 13] combined 14784 players 3902 retained 256 seconds 0.15209509106352925
am2_window_00_frame_150 pair 103 [6, 14] combined 40392 players 5864 retained 256 seconds 0.22224319679662585
am2_window_00_frame_150 pair 105 [7, 0] combined 262144 players 1442 retained 256 seconds 0.6248677321709692
am2_window_00_frame_150 pair 108 [7, 3] combined 262144 players 1942 retained 256 seconds 0.65553038707003
am2_window_00_frame_150 pair 109 [7, 4] combined 262144 players 0 retained 0 seconds 0.5082946098409593
am2_window_00_frame_150 pair 111 [7, 6] combined 69632 players 4464 retained 256 seconds 0.3360269027762115
am2_window_00_frame_150 pair 114 [7, 10] combined 41984 players 3178 retained 256 seconds 0.19183654291555285
am2_window_00_frame_150 pair 116 [7, 12] combined 262144 players 0 retained 0 seconds 0.4810716579668224
am2_window_00_frame_150 pair 119 [7, 15] combined 0 players 0 retained 0 seconds 0.026087257079780102
am2_window_00_frame_150 pair 152 [10, 2] combined 69632 players 15710 retained 256 seconds 0.527290535159409
am2_window_00_frame_150 pair 155 [10, 5] combined 22176 players 808 retained 256 seconds 0.09783288277685642
am2_window_00_frame_150 pair 157 [10, 7] combined 54272 players 5282 retained 256 seconds 0.25268470076844096
am2_window_00_frame_150 pair 162 [10, 13] combined 13144 players 1866 retained 256 seconds 0.10254382435232401
am2_window_00_frame_150 pair 163 [10, 14] combined 12240 players 974 retained 256 seconds 0.07880940614268184
am2_window_00_frame_150 pair 182 [12, 2] combined 262144 players 5828 retained 256 seconds 0.7127505778335035
am2_window_00_frame_150 pair 185 [12, 5] combined 57344 players 0 retained 0 seconds 0.15334985731169581
am2_window_00_frame_150 pair 187 [12, 7] combined 262144 players 12 retained 6 seconds 0.5379919591359794
am2_window_00_frame_150 pair 195 [13, 0] combined 125952 players 2248 retained 256 seconds 0.4077259348705411
am2_window_00_frame_150 pair 198 [13, 3] combined 137216 players 2358 retained 256 seconds 0.45003713062033057
am2_window_00_frame_150 pair 199 [13, 4] combined 145408 players 682 retained 256 seconds 0.41023262590169907
am2_window_00_frame_150 pair 201 [13, 6] combined 19596 players 2144 retained 256 seconds 0.11867369571700692
am2_window_00_frame_150 pair 205 [13, 10] combined 12596 players 1526 retained 256 seconds 0.08960612118244171
am2_window_00_frame_150 pair 209 [13, 15] combined 0 players 0 retained 0 seconds 0.012439161073416471
am2_window_00_frame_150 pair 210 [14, 0] combined 117760 players 76 retained 38 seconds 0.346914776135236
am2_window_00_frame_150 pair 213 [14, 3] combined 19456 players 24 retained 6 seconds 0.17994129890576005
am2_window_00_frame_150 pair 214 [14, 4] combined 159744 players 208 retained 99 seconds 0.3344687968492508
am2_window_00_frame_150 pair 216 [14, 6] combined 53136 players 4194 retained 256 seconds 0.2082579592242837
am2_window_00_frame_150 pair 220 [14, 10] combined 12936 players 228 retained 106 seconds 0.058264872059226036
am2_window_00_frame_150 pair 224 [14, 15] combined 0 players 0 retained 0 seconds 0.010439100675284863
am2_window_00_frame_150 pair 227 [15, 2] combined 0 players 0 retained 0 seconds 0.0757599058561027
am2_window_00_frame_150 pair 230 [15, 5] combined 0 players 0 retained 0 seconds 0.010053690057247877
am2_window_00_frame_150 pair 232 [15, 7] combined 0 players 0 retained 0 seconds 0.02030963823199272
am2_window_00_frame_150 pair 238 [15, 13] combined 0 players 0 retained 0 seconds 0.008537746034562588
am2_window_00_frame_150 pair 239 [15, 14] combined 0 players 0 retained 0 seconds 0.008136439602822065
am2_window_00_frame_150 pair 1 [0, 2] combined 262144 players 7762 retained 256 seconds 0.6976246582344174
am2_window_00_frame_150 pair 4 [0, 5] combined 0 players 0 retained 0 seconds 0.06154337106272578
am2_window_00_frame_150 pair 6 [0, 7] combined 50176 players 368 retained 182 seconds 0.17094685696065426
am2_window_00_frame_150 pair 12 [0, 13] combined 14336 players 0 retained 0 seconds 0.07875342620536685
am2_window_00_frame_150 pair 13 [0, 14] combined 64512 players 96 retained 48 seconds 0.18018773989751935
am2_window_00_frame_150 pair 30 [2, 0] combined 262144 players 15100 retained 256 seconds 0.8238494182005525
am2_window_00_frame_150 pair 32 [2, 3] combined 262144 players 4604 retained 256 seconds 0.6338934181258082
am2_window_00_frame_150 pair 33 [2, 4] combined 262144 players 2748 retained 256 seconds 0.5983379981480539
am2_window_00_frame_150 pair 35 [2, 6] combined 0 players 0 retained 0 seconds 0.051122644916176796
am2_window_00_frame_150 pair 39 [2, 10] combined 2048 players 244 retained 120 seconds 0.17924322886392474
am2_window_00_frame_150 pair 41 [2, 12] combined 203776 players 944 retained 256 seconds 0.44986412627622485
am2_window_00_frame_150 pair 44 [2, 15] combined 0 players 0 retained 0 seconds 0.04945567576214671
am2_window_00_frame_150 pair 47 [3, 2] combined 262144 players 17032 retained 256 seconds 0.85132388304919
am2_window_00_frame_150 pair 49 [3, 5] combined 0 players 0 retained 0 seconds 0.0386882028542459
am2_window_00_frame_150 pair 51 [3, 7] combined 57344 players 372 retained 186 seconds 0.17172575509175658
am2_window_00_frame_150 pair 57 [3, 13] combined 17408 players 0 retained 0 seconds 0.0730281020514667
am2_window_00_frame_150 pair 58 [3, 14] combined 10240 players 108 retained 58 seconds 0.07954993704333901
am2_window_00_frame_150 pair 62 [4, 2] combined 262144 players 3888 retained 256 seconds 0.5988898500800133
am2_window_00_frame_150 pair 64 [4, 5] combined 0 players 0 retained 0 seconds 0.025934176985174417
am2_window_00_frame_150 pair 66 [4, 7] combined 48128 players 0 retained 0 seconds 0.11359760770574212
am2_window_00_frame_150 pair 72 [4, 13] combined 4888 players 0 retained 0 seconds 0.028520237188786268
am2_window_00_frame_150 pair 73 [4, 14] combined 69632 players 0 retained 0 seconds 0.1396305039525032
am2_window_00_frame_150 pair 75 [5, 0] combined 0 players 0 retained 0 seconds 0.035304032266139984
am2_window_00_frame_150 pair 78 [5, 3] combined 0 players 0 retained 0 seconds 0.02427914086729288
am2_window_00_frame_150 pair 79 [5, 4] combined 0 players 0 retained 0 seconds 0.01760160317644477
am2_window_00_frame_150 pair 80 [5, 6] combined 0 players 0 retained 0 seconds 0.004224589094519615
am2_window_00_frame_150 pair 84 [5, 10] combined 0 players 0 retained 0 seconds 0.003930268809199333
am2_window_00_frame_150 pair 86 [5, 12] combined 0 players 0 retained 0 seconds 0.011857164558023214
am2_window_00_frame_150 pair 89 [5, 15] combined 0 players 0 retained 0 seconds 0.00306539423763752
am2_window_00_frame_150 pair 92 [6, 2] combined 0 players 0 retained 0 seconds 0.03214077232405543
am2_window_00_frame_150 pair 95 [6, 5] combined 0 players 0 retained 0 seconds 0.004308680072426796
am2_window_00_frame_150 pair 96 [6, 7] combined 352 players 0 retained 0 seconds 0.008444896899163723
am2_window_00_frame_150 pair 102 [6, 13] combined 0 players 0 retained 0 seconds 0.004834754858165979
am2_window_00_frame_150 pair 103 [6, 14] combined 928 players 96 retained 48 seconds 0.02202035579830408
am2_window_00_frame_150 pair 105 [7, 0] combined 34816 players 78 retained 37 seconds 0.11270807031542063
am2_window_00_frame_150 pair 108 [7, 3] combined 90112 players 60 retained 30 seconds 0.21082722628489137
am2_window_00_frame_150 pair 109 [7, 4] combined 64584 players 0 retained 0 seconds 0.1316425479017198
am2_window_00_frame_150 pair 111 [7, 6] combined 0 players 0 retained 0 seconds 0.010378470178693533
am2_window_00_frame_150 pair 114 [7, 10] combined 960 players 0 retained 0 seconds 0.012976634781807661
am2_window_00_frame_150 pair 116 [7, 12] combined 55200 players 0 retained 0 seconds 0.11189583409577608
am2_window_00_frame_150 pair 119 [7, 15] combined 0 players 0 retained 0 seconds 0.008451017085462809
am2_window_00_frame_150 pair 152 [10, 2] combined 5120 players 728 retained 256 seconds 0.08421830181032419
am2_window_00_frame_150 pair 155 [10, 5] combined 0 players 0 retained 0 seconds 0.004679942969232798
am2_window_00_frame_150 pair 157 [10, 7] combined 592 players 0 retained 0 seconds 0.009471098892390728
am2_window_00_frame_150 pair 162 [10, 13] combined 0 players 0 retained 0 seconds 0.004257561638951302
am2_window_00_frame_150 pair 163 [10, 14] combined 0 players 0 retained 0 seconds 0.006261580158025026
am2_window_00_frame_150 pair 182 [12, 2] combined 121856 players 1402 retained 256 seconds 0.3027689643204212
am2_window_00_frame_150 pair 185 [12, 5] combined 0 players 0 retained 0 seconds 0.01703040301799774
am2_window_00_frame_150 pair 187 [12, 7] combined 47104 players 0 retained 0 seconds 0.09599037608131766
am2_window_00_frame_150 pair 195 [13, 0] combined 18432 players 16 retained 8 seconds 0.07659430569037795
am2_window_00_frame_150 pair 198 [13, 3] combined 22528 players 0 retained 0 seconds 0.06815659208223224
am2_window_00_frame_150 pair 199 [13, 4] combined 2660 players 0 retained 0 seconds 0.01888340525329113
am2_window_00_frame_150 pair 201 [13, 6] combined 0 players 0 retained 0 seconds 0.005256130825728178
am2_window_00_frame_150 pair 205 [13, 10] combined 0 players 0 retained 0 seconds 0.004296166822314262
am2_window_00_frame_150 pair 209 [13, 15] combined 0 players 0 retained 0 seconds 0.0033273431472480297
am2_window_00_frame_150 pair 210 [14, 0] combined 64512 players 106 retained 53 seconds 0.1676351553760469
am2_window_00_frame_150 pair 213 [14, 3] combined 4096 players 0 retained 0 seconds 0.04107461776584387
am2_window_00_frame_150 pair 214 [14, 4] combined 78120 players 0 retained 0 seconds 0.15016217809170485
am2_window_00_frame_150 pair 216 [14, 6] combined 0 players 0 retained 0 seconds 0.009115679655224085
am2_window_00_frame_150 pair 220 [14, 10] combined 0 players 0 retained 0 seconds 0.008008053060621023
am2_window_00_frame_150 pair 224 [14, 15] combined 0 players 0 retained 0 seconds 0.005995160900056362
am2_window_00_frame_150 pair 227 [15, 2] combined 0 players 0 retained 0 seconds 0.03270650515332818
am2_window_00_frame_150 pair 230 [15, 5] combined 0 players 0 retained 0 seconds 0.002683699131011963
am2_window_00_frame_150 pair 232 [15, 7] combined 0 players 0 retained 0 seconds 0.00694917980581522
am2_window_00_frame_150 pair 238 [15, 13] combined 0 players 0 retained 0 seconds 0.002764626406133175
am2_window_00_frame_150 pair 239 [15, 14] combined 0 players 0 retained 0 seconds 0.004463311284780502
[am2_window_00_frame_150] line-template: preparing rectangles
[am2_window_00_frame_150] measuring 767 parents (G0=256, G1=256, line_template=256; conflicting geometry groups=0)
[am2_window_00_frame_150] parents 250/767
[am2_window_00_frame_150] parents 500/767
[am2_window_00_frame_150] parents 750/767
[am2_window_00_frame_150] refitting 767 parents
[am2_window_00_frame_150] refits 250/767; valid children=148
[am2_window_00_frame_150] refits 500/767; valid children=242
[am2_window_00_frame_150] refits 750/767; valid children=322
{"view_id": "am2_window_00_frame_150", "chosen_key": "G1:30:137/child", "no_court_reason": null, "all_checks_equal": null, "error": null}
{"views": ["shuttleset_03_scene_0017", "shuttleset_03_scene_0032", "am2_window_00_frame_150"], "startup_seconds": 0.04691599262878299, "wall_seconds": 680.877523588948, "peak_rss_mb": 1305.234375, "failed": []}
