decoded <ShuttleSet root>/external/shuttleset-sources/3 Kento_MOMOTA_CHOU_Tien_Chen_KOREA_OPEN_2019_Final.mp4 to frame 54742 in 363s
decoded <run root>/player_guided_20260908/videos/am3_h264.mp4 to frame 90 in 1s
shuttleset_03_scene_0016 pair 0 [0, 1] combined 262144 players 0 retained 0 seconds 2.087924894876778
shuttleset_03_scene_0016 pair 1 [0, 2] combined 262144 players 59054 retained 256 seconds 3.676579888910055
shuttleset_03_scene_0016 pair 2 [0, 3] combined 218112 players 0 retained 0 seconds 1.6205425281077623
shuttleset_03_scene_0016 pair 4 [0, 5] combined 262144 players 48532 retained 256 seconds 3.3149578808806837
shuttleset_03_scene_0016 pair 5 [0, 6] combined 114688 players 0 retained 0 seconds 1.313867503311485
shuttleset_03_scene_0016 pair 7 [0, 8] combined 262144 players 0 retained 0 seconds 1.8486472591757774
shuttleset_03_scene_0016 pair 8 [0, 9] combined 58368 players 0 retained 0 seconds 0.9824811983853579
shuttleset_03_scene_0016 pair 9 [0, 10] combined 262144 players 65196 retained 256 seconds 3.9789462336339056
shuttleset_03_scene_0016 pair 10 [0, 11] combined 226304 players 0 retained 0 seconds 1.587069669738412
shuttleset_03_scene_0016 pair 11 [0, 12] combined 225280 players 17548 retained 256 seconds 2.2036350588314235
shuttleset_03_scene_0016 pair 12 [0, 13] combined 15360 players 1140 retained 256 seconds 1.0915098316036165
shuttleset_03_scene_0016 pair 15 [1, 0] combined 262144 players 0 retained 0 seconds 1.8205234198831022
shuttleset_03_scene_0016 pair 18 [1, 4] combined 262144 players 0 retained 0 seconds 1.3662482220679522
shuttleset_03_scene_0016 pair 30 [2, 0] combined 262144 players 66360 retained 256 seconds 3.52877503586933
shuttleset_03_scene_0016 pair 33 [2, 4] combined 262144 players 81342 retained 256 seconds 3.6340313921682537
shuttleset_03_scene_0016 pair 45 [3, 0] combined 262144 players 0 retained 0 seconds 1.4404087248258293
shuttleset_03_scene_0016 pair 48 [3, 4] combined 262144 players 0 retained 0 seconds 0.9729197286069393
shuttleset_03_scene_0016 pair 61 [4, 1] combined 262144 players 0 retained 0 seconds 1.2441746201366186
shuttleset_03_scene_0016 pair 62 [4, 2] combined 262144 players 69610 retained 256 seconds 3.404368449933827
shuttleset_03_scene_0016 pair 63 [4, 3] combined 230400 players 0 retained 0 seconds 0.9264654740691185
shuttleset_03_scene_0016 pair 64 [4, 5] combined 262144 players 64446 retained 256 seconds 3.3647088706493378
shuttleset_03_scene_0016 pair 65 [4, 6] combined 93184 players 706 retained 256 seconds 0.5706865550018847
shuttleset_03_scene_0016 pair 67 [4, 8] combined 262144 players 0 retained 0 seconds 1.0512326532043517
shuttleset_03_scene_0016 pair 68 [4, 9] combined 77824 players 0 retained 0 seconds 0.4318483080714941
shuttleset_03_scene_0016 pair 69 [4, 10] combined 262144 players 75346 retained 256 seconds 3.5638348907232285
shuttleset_03_scene_0016 pair 70 [4, 11] combined 242688 players 0 retained 0 seconds 0.9284837408922613
shuttleset_03_scene_0016 pair 71 [4, 12] combined 262144 players 25637 retained 256 seconds 1.808779683895409
shuttleset_03_scene_0016 pair 72 [4, 13] combined 18432 players 1296 retained 256 seconds 0.3611632352694869
shuttleset_03_scene_0016 pair 75 [5, 0] combined 262144 players 61678 retained 256 seconds 3.57823698874563
shuttleset_03_scene_0016 pair 79 [5, 4] combined 262144 players 64084 retained 256 seconds 3.2241817568428814
shuttleset_03_scene_0016 pair 90 [6, 0] combined 110592 players 0 retained 0 seconds 0.9508893829770386
shuttleset_03_scene_0016 pair 94 [6, 4] combined 130048 players 746 retained 256 seconds 0.5925453151576221
shuttleset_03_scene_0016 pair 96 [6, 7] combined 36400 players 332 retained 166 seconds 0.18313389038667083
shuttleset_03_scene_0016 pair 104 [6, 15] combined 63960 players 744 retained 256 seconds 0.2865488273091614
shuttleset_03_scene_0016 pair 111 [7, 6] combined 27744 players 38 retained 19 seconds 0.13541230419650674
shuttleset_03_scene_0016 pair 113 [7, 9] combined 7740 players 0 retained 0 seconds 0.05151744885370135
shuttleset_03_scene_0016 pair 115 [7, 11] combined 21504 players 0 retained 0 seconds 0.10161357931792736
shuttleset_03_scene_0016 pair 117 [7, 13] combined 2600 players 160 retained 80 seconds 0.06359821883961558
shuttleset_03_scene_0016 pair 120 [8, 0] combined 262144 players 0 retained 0 seconds 1.479257978964597
shuttleset_03_scene_0016 pair 124 [8, 4] combined 262144 players 0 retained 0 seconds 1.0425554779358208
shuttleset_03_scene_0016 pair 135 [9, 0] combined 53248 players 0 retained 0 seconds 0.7841600649990141
shuttleset_03_scene_0016 pair 139 [9, 4] combined 43008 players 0 retained 0 seconds 0.2756541040726006
shuttleset_03_scene_0016 pair 142 [9, 7] combined 8436 players 0 retained 0 seconds 0.054617468267679214
shuttleset_03_scene_0016 pair 149 [9, 15] combined 18260 players 0 retained 0 seconds 0.08475206792354584
shuttleset_03_scene_0016 pair 150 [10, 0] combined 262144 players 70716 retained 256 seconds 3.7349531413055956
shuttleset_03_scene_0016 pair 154 [10, 4] combined 262144 players 80554 retained 256 seconds 3.522287773899734
shuttleset_03_scene_0016 pair 165 [11, 0] combined 262144 players 0 retained 0 seconds 1.3939239191822708
shuttleset_03_scene_0016 pair 169 [11, 4] combined 262144 players 108 retained 54 seconds 0.957858279813081
shuttleset_03_scene_0016 pair 172 [11, 7] combined 48128 players 0 retained 0 seconds 0.18615933833643794
shuttleset_03_scene_0016 pair 179 [11, 15] combined 112640 players 0 retained 0 seconds 0.36438925890251994
shuttleset_03_scene_0016 pair 180 [12, 0] combined 247808 players 12102 retained 256 seconds 1.7892904211767018
shuttleset_03_scene_0016 pair 184 [12, 4] combined 218112 players 9938 retained 256 seconds 1.2580036297440529
shuttleset_03_scene_0016 pair 195 [13, 0] combined 15360 players 4050 retained 256 seconds 0.8073872169479728
shuttleset_03_scene_0016 pair 199 [13, 4] combined 17408 players 5534 retained 256 seconds 0.4268964286893606
shuttleset_03_scene_0016 pair 202 [13, 7] combined 720 players 104 retained 52 seconds 0.05363740585744381
shuttleset_03_scene_0016 pair 209 [13, 15] combined 1360 players 148 retained 74 seconds 0.061814536806195974
shuttleset_03_scene_0016 pair 231 [15, 6] combined 50184 players 270 retained 135 seconds 0.21957020414993167
shuttleset_03_scene_0016 pair 234 [15, 9] combined 23956 players 0 retained 0 seconds 0.10189639078453183
shuttleset_03_scene_0016 pair 236 [15, 11] combined 50176 players 0 retained 0 seconds 0.1858877786435187
shuttleset_03_scene_0016 pair 238 [15, 13] combined 4576 players 200 retained 100 seconds 0.07972460519522429
shuttleset_03_scene_0016 pair 0 [0, 1] combined 262144 players 0 retained 0 seconds 1.324103644117713
shuttleset_03_scene_0016 pair 1 [0, 2] combined 114688 players 28962 retained 256 seconds 1.8234007568098605
shuttleset_03_scene_0016 pair 2 [0, 3] combined 16384 players 0 retained 0 seconds 0.5730664869770408
shuttleset_03_scene_0016 pair 4 [0, 5] combined 151552 players 38672 retained 256 seconds 2.3485939507372677
shuttleset_03_scene_0016 pair 5 [0, 6] combined 11264 players 0 retained 0 seconds 0.5719413026235998
shuttleset_03_scene_0016 pair 7 [0, 8] combined 198656 players 0 retained 0 seconds 1.0992338471114635
shuttleset_03_scene_0016 pair 8 [0, 9] combined 2048 players 0 retained 0 seconds 0.4432171960361302
shuttleset_03_scene_0016 pair 9 [0, 10] combined 23552 players 4216 retained 256 seconds 0.7758817197754979
shuttleset_03_scene_0016 pair 10 [0, 11] combined 4096 players 0 retained 0 seconds 0.49728550715371966
shuttleset_03_scene_0016 pair 11 [0, 12] combined 77824 players 5034 retained 256 seconds 0.908957539126277
shuttleset_03_scene_0016 pair 12 [0, 13] combined 4096 players 28 retained 12 seconds 0.5533509408123791
shuttleset_03_scene_0016 pair 15 [1, 0] combined 262144 players 0 retained 0 seconds 1.1778818587772548
shuttleset_03_scene_0016 pair 18 [1, 4] combined 262144 players 0 retained 0 seconds 0.9423466571606696
shuttleset_03_scene_0016 pair 30 [2, 0] combined 143360 players 45706 retained 256 seconds 2.160610591992736
shuttleset_03_scene_0016 pair 33 [2, 4] combined 142336 players 38262 retained 256 seconds 1.863376783207059
shuttleset_03_scene_0016 pair 45 [3, 0] combined 27648 players 0 retained 0 seconds 0.42166278092190623
shuttleset_03_scene_0016 pair 48 [3, 4] combined 28672 players 0 retained 0 seconds 0.17732420796528459
shuttleset_03_scene_0016 pair 61 [4, 1] combined 262144 players 0 retained 0 seconds 0.9382879291661084
shuttleset_03_scene_0016 pair 62 [4, 2] combined 117760 players 27360 retained 256 seconds 1.4465268892236054
shuttleset_03_scene_0016 pair 63 [4, 3] combined 17408 players 0 retained 0 seconds 0.1851279241964221
shuttleset_03_scene_0016 pair 64 [4, 5] combined 155648 players 33714 retained 256 seconds 1.692112264689058
shuttleset_03_scene_0016 pair 65 [4, 6] combined 15360 players 0 retained 0 seconds 0.18364566937088966
shuttleset_03_scene_0016 pair 67 [4, 8] combined 207872 players 0 retained 0 seconds 0.7555474839173257
shuttleset_03_scene_0016 pair 68 [4, 9] combined 2048 players 0 retained 0 seconds 0.12810752680525184
shuttleset_03_scene_0016 pair 69 [4, 10] combined 23552 players 3820 retained 256 seconds 0.38476293394342065
shuttleset_03_scene_0016 pair 70 [4, 11] combined 4096 players 0 retained 0 seconds 0.13430318189784884
shuttleset_03_scene_0016 pair 71 [4, 12] combined 63488 players 6762 retained 256 seconds 0.5420214952901006
shuttleset_03_scene_0016 pair 72 [4, 13] combined 4096 players 0 retained 0 seconds 0.14329564990475774
shuttleset_03_scene_0016 pair 75 [5, 0] combined 253952 players 66106 retained 256 seconds 3.1840472016483545
shuttleset_03_scene_0016 pair 79 [5, 4] combined 252928 players 62900 retained 256 seconds 2.851255395449698
shuttleset_03_scene_0016 pair 90 [6, 0] combined 27648 players 0 retained 0 seconds 0.41851556301116943
shuttleset_03_scene_0016 pair 94 [6, 4] combined 16384 players 24 retained 12 seconds 0.1654344000853598
shuttleset_03_scene_0016 pair 96 [6, 7] combined 96 players 0 retained 0 seconds 0.009470994118601084
shuttleset_03_scene_0016 pair 104 [6, 15] combined 192 players 0 retained 0 seconds 0.009565218351781368
shuttleset_03_scene_0016 pair 111 [7, 6] combined 0 players 0 retained 0 seconds 0.00690889498218894
shuttleset_03_scene_0016 pair 113 [7, 9] combined 0 players 0 retained 0 seconds 0.006685306318104267
shuttleset_03_scene_0016 pair 115 [7, 11] combined 12 players 0 retained 0 seconds 0.006017325911670923
shuttleset_03_scene_0016 pair 117 [7, 13] combined 16 players 0 retained 0 seconds 0.005628935992717743
shuttleset_03_scene_0016 pair 120 [8, 0] combined 262144 players 0 retained 0 seconds 1.2610251172445714
shuttleset_03_scene_0016 pair 124 [8, 4] combined 262144 players 0 retained 0 seconds 0.8800839842297137
shuttleset_03_scene_0016 pair 135 [9, 0] combined 3072 players 0 retained 0 seconds 0.34576714038848877
shuttleset_03_scene_0016 pair 139 [9, 4] combined 5120 players 0 retained 0 seconds 0.10623325081542134
shuttleset_03_scene_0016 pair 142 [9, 7] combined 0 players 0 retained 0 seconds 0.00743112713098526
shuttleset_03_scene_0016 pair 149 [9, 15] combined 0 players 0 retained 0 seconds 0.006093977950513363
shuttleset_03_scene_0016 pair 150 [10, 0] combined 63488 players 16554 retained 256 seconds 1.0520679177716374
shuttleset_03_scene_0016 pair 154 [10, 4] combined 62464 players 16554 retained 256 seconds 0.8132122256793082
shuttleset_03_scene_0016 pair 165 [11, 0] combined 0 players 0 retained 0 seconds 0.3429451589472592
shuttleset_03_scene_0016 pair 169 [11, 4] combined 0 players 0 retained 0 seconds 0.0886037121526897
shuttleset_03_scene_0016 pair 172 [11, 7] combined 4 players 0 retained 0 seconds 0.0064632282592356205
shuttleset_03_scene_0016 pair 179 [11, 15] combined 16 players 0 retained 0 seconds 0.006095348857343197
shuttleset_03_scene_0016 pair 180 [12, 0] combined 56320 players 1658 retained 256 seconds 0.5583198270760477
shuttleset_03_scene_0016 pair 184 [12, 4] combined 72704 players 8732 retained 256 seconds 0.594537288416177
shuttleset_03_scene_0016 pair 195 [13, 0] combined 2048 players 284 retained 112 seconds 0.38377012498676777
shuttleset_03_scene_0016 pair 199 [13, 4] combined 2048 players 254 retained 114 seconds 0.1353804231621325
shuttleset_03_scene_0016 pair 202 [13, 7] combined 0 players 0 retained 0 seconds 0.006032072938978672
shuttleset_03_scene_0016 pair 209 [13, 15] combined 0 players 0 retained 0 seconds 0.005793882999569178
shuttleset_03_scene_0016 pair 231 [15, 6] combined 0 players 0 retained 0 seconds 0.006481621880084276
shuttleset_03_scene_0016 pair 234 [15, 9] combined 32 players 0 retained 0 seconds 0.005765879992395639
shuttleset_03_scene_0016 pair 236 [15, 11] combined 16 players 0 retained 0 seconds 0.005763207096606493
shuttleset_03_scene_0016 pair 238 [15, 13] combined 16 players 0 retained 0 seconds 0.005415278021246195
[shuttleset_03_scene_0016] line-template: preparing rectangles
[shuttleset_03_scene_0016] measuring 736 parents (G0=256, G1=256, line_template=256; conflicting geometry groups=0)
[shuttleset_03_scene_0016] parents 250/736
[shuttleset_03_scene_0016] parents 500/736
[shuttleset_03_scene_0016] refitting 736 parents
[shuttleset_03_scene_0016] refits 250/736; valid children=250
[shuttleset_03_scene_0016] refits 500/736; valid children=500
{"view_id": "shuttleset_03_scene_0016", "chosen_key": "G0:1:4532", "no_court_reason": null, "all_checks_equal": null, "error": null}
shuttleset_03_scene_0023 pair 0 [0, 1] combined 262144 players 0 retained 0 seconds 1.7297217980958521
shuttleset_03_scene_0023 pair 1 [0, 2] combined 262144 players 60684 retained 256 seconds 3.4084945740178227
shuttleset_03_scene_0023 pair 4 [0, 5] combined 262144 players 0 retained 0 seconds 1.640684604179114
shuttleset_03_scene_0023 pair 5 [0, 6] combined 116736 players 2458 retained 256 seconds 1.31629199674353
shuttleset_03_scene_0023 pair 7 [0, 8] combined 262144 players 0 retained 0 seconds 1.594329807907343
shuttleset_03_scene_0023 pair 11 [0, 12] combined 262144 players 8016 retained 256 seconds 1.8234272757545114
shuttleset_03_scene_0023 pair 12 [0, 13] combined 231424 players 22834 retained 256 seconds 2.2134331692941487
shuttleset_03_scene_0023 pair 13 [0, 14] combined 65536 players 0 retained 0 seconds 1.0220810449682176
shuttleset_03_scene_0023 pair 15 [1, 0] combined 262144 players 0 retained 0 seconds 1.5223376536741853
shuttleset_03_scene_0023 pair 30 [2, 0] combined 262144 players 76390 retained 256 seconds 3.6936262543313205
shuttleset_03_scene_0023 pair 32 [2, 3] combined 262144 players 84368 retained 256 seconds 3.5302307750098407
shuttleset_03_scene_0023 pair 44 [2, 15] combined 100352 players 11698 retained 256 seconds 0.8903665607795119
shuttleset_03_scene_0023 pair 47 [3, 2] combined 262144 players 77134 retained 256 seconds 3.3023491404019296
shuttleset_03_scene_0023 pair 48 [3, 4] combined 197632 players 0 retained 0 seconds 0.6967099038884044
shuttleset_03_scene_0023 pair 49 [3, 5] combined 262144 players 0 retained 0 seconds 0.9003829509019852
shuttleset_03_scene_0023 pair 51 [3, 7] combined 187392 players 408 retained 205 seconds 0.683170230127871
shuttleset_03_scene_0023 pair 52 [3, 8] combined 262144 players 0 retained 0 seconds 0.879652813076973
shuttleset_03_scene_0023 pair 53 [3, 9] combined 253952 players 0 retained 0 seconds 0.8372916830703616
shuttleset_03_scene_0023 pair 54 [3, 10] combined 9216 players 0 retained 0 seconds 0.1317392340861261
shuttleset_03_scene_0023 pair 55 [3, 11] combined 239616 players 32938 retained 256 seconds 1.9038482690230012
shuttleset_03_scene_0023 pair 57 [3, 13] combined 132096 players 15832 retained 256 seconds 1.0019376520067453
shuttleset_03_scene_0023 pair 58 [3, 14] combined 72704 players 0 retained 0 seconds 0.315751442220062
shuttleset_03_scene_0023 pair 63 [4, 3] combined 262144 players 0 retained 0 seconds 0.9480775501579046
shuttleset_03_scene_0023 pair 75 [5, 0] combined 262144 players 0 retained 0 seconds 1.3966853907331824
shuttleset_03_scene_0023 pair 78 [5, 3] combined 262144 players 0 retained 0 seconds 0.9216092941351235
shuttleset_03_scene_0023 pair 90 [6, 0] combined 132096 players 2656 retained 256 seconds 1.0777319497428834
shuttleset_03_scene_0023 pair 96 [6, 7] combined 76440 players 956 retained 256 seconds 0.33021239982917905
shuttleset_03_scene_0023 pair 98 [6, 9] combined 124928 players 1030 retained 256 seconds 0.4720477540977299
shuttleset_03_scene_0023 pair 108 [7, 3] combined 189440 players 264 retained 132 seconds 0.6632154560647905
shuttleset_03_scene_0023 pair 111 [7, 6] combined 81024 players 12 retained 6 seconds 0.292305126786232
shuttleset_03_scene_0023 pair 116 [7, 12] combined 231424 players 48 retained 24 seconds 0.7418936919420958
shuttleset_03_scene_0023 pair 119 [7, 15] combined 53848 players 142 retained 70 seconds 0.22854946786537766
shuttleset_03_scene_0023 pair 120 [8, 0] combined 262144 players 0 retained 0 seconds 1.3970728148706257
shuttleset_03_scene_0023 pair 123 [8, 3] combined 262144 players 0 retained 0 seconds 0.8902439181692898
shuttleset_03_scene_0023 pair 138 [9, 3] combined 194560 players 0 retained 0 seconds 0.6374613167718053
shuttleset_03_scene_0023 pair 141 [9, 6] combined 100352 players 28 retained 14 seconds 0.3638645582832396
shuttleset_03_scene_0023 pair 146 [9, 12] combined 262144 players 38 retained 19 seconds 0.8566768313758075
shuttleset_03_scene_0023 pair 149 [9, 15] combined 139264 players 0 retained 0 seconds 0.4716184320859611
shuttleset_03_scene_0023 pair 153 [10, 3] combined 23552 players 0 retained 0 seconds 0.1433808719739318
shuttleset_03_scene_0023 pair 168 [11, 3] combined 131072 players 46608 retained 256 seconds 2.051551951095462
shuttleset_03_scene_0023 pair 180 [12, 0] combined 226304 players 958 retained 256 seconds 1.3519502030685544
shuttleset_03_scene_0023 pair 187 [12, 7] combined 173280 players 2132 retained 256 seconds 0.6539827692322433
shuttleset_03_scene_0023 pair 189 [12, 9] combined 262144 players 950 retained 256 seconds 0.9002002491615713
shuttleset_03_scene_0023 pair 195 [13, 0] combined 247808 players 10730 retained 256 seconds 1.6849107942543924
shuttleset_03_scene_0023 pair 198 [13, 3] combined 217088 players 14296 retained 256 seconds 1.215277633164078
shuttleset_03_scene_0023 pair 209 [13, 15] combined 95904 players 712 retained 256 seconds 0.4827455128543079
shuttleset_03_scene_0023 pair 210 [14, 0] combined 106496 players 0 retained 0 seconds 0.8593937247060239
shuttleset_03_scene_0023 pair 213 [14, 3] combined 114688 players 0 retained 0 seconds 0.4048534519970417
shuttleset_03_scene_0023 pair 227 [15, 2] combined 140288 players 44368 retained 256 seconds 1.9368878928944468
shuttleset_03_scene_0023 pair 232 [15, 7] combined 89280 players 0 retained 0 seconds 0.31103573087602854
shuttleset_03_scene_0023 pair 234 [15, 9] combined 114688 players 0 retained 0 seconds 0.3884971817024052
shuttleset_03_scene_0023 pair 238 [15, 13] combined 77672 players 784 retained 256 seconds 0.3480555098503828
shuttleset_03_scene_0023 pair 0 [0, 1] combined 262144 players 0 retained 0 seconds 1.427005619276315
shuttleset_03_scene_0023 pair 1 [0, 2] combined 161792 players 34164 retained 256 seconds 2.3671477837488055
shuttleset_03_scene_0023 pair 4 [0, 5] combined 33792 players 0 retained 0 seconds 0.7233964642509818
shuttleset_03_scene_0023 pair 5 [0, 6] combined 64512 players 1136 retained 256 seconds 0.8799712490290403
shuttleset_03_scene_0023 pair 7 [0, 8] combined 48128 players 0 retained 0 seconds 0.7886788710020483
shuttleset_03_scene_0023 pair 11 [0, 12] combined 195584 players 2592 retained 256 seconds 1.2958996831439435
shuttleset_03_scene_0023 pair 12 [0, 13] combined 15360 players 2226 retained 256 seconds 0.791300168260932
shuttleset_03_scene_0023 pair 13 [0, 14] combined 6144 players 0 retained 0 seconds 0.6570924161933362
shuttleset_03_scene_0023 pair 15 [1, 0] combined 262144 players 0 retained 0 seconds 1.272088604979217
shuttleset_03_scene_0023 pair 30 [2, 0] combined 245760 players 59366 retained 256 seconds 2.9384028231725097
shuttleset_03_scene_0023 pair 32 [2, 3] combined 247808 players 69216 retained 256 seconds 3.2253277548588812
shuttleset_03_scene_0023 pair 44 [2, 15] combined 17388 players 1366 retained 256 seconds 0.2061781850643456
shuttleset_03_scene_0023 pair 47 [3, 2] combined 163840 players 34632 retained 256 seconds 1.5927927023731172
shuttleset_03_scene_0023 pair 48 [3, 4] combined 5120 players 0 retained 0 seconds 0.07482198532670736
shuttleset_03_scene_0023 pair 49 [3, 5] combined 30720 players 0 retained 0 seconds 0.14731108490377665
shuttleset_03_scene_0023 pair 51 [3, 7] combined 17272 players 0 retained 0 seconds 0.10165877966210246
shuttleset_03_scene_0023 pair 52 [3, 8] combined 47104 players 0 retained 0 seconds 0.19460209319368005
shuttleset_03_scene_0023 pair 53 [3, 9] combined 19456 players 0 retained 0 seconds 0.10785038815811276
shuttleset_03_scene_0023 pair 54 [3, 10] combined 5120 players 0 retained 0 seconds 0.07677538087591529
shuttleset_03_scene_0023 pair 55 [3, 11] combined 14336 players 1664 retained 256 seconds 0.20531184505671263
shuttleset_03_scene_0023 pair 57 [3, 13] combined 9216 players 1000 retained 256 seconds 0.15345367696136236
shuttleset_03_scene_0023 pair 58 [3, 14] combined 6144 players 0 retained 0 seconds 0.07657640194520354
shuttleset_03_scene_0023 pair 63 [4, 3] combined 4096 players 0 retained 0 seconds 0.05761685827746987
shuttleset_03_scene_0023 pair 75 [5, 0] combined 53248 players 0 retained 0 seconds 0.5919133159331977
shuttleset_03_scene_0023 pair 78 [5, 3] combined 52224 players 0 retained 0 seconds 0.1998587273992598
shuttleset_03_scene_0023 pair 90 [6, 0] combined 78848 players 552 retained 256 seconds 0.7441400340758264
shuttleset_03_scene_0023 pair 96 [6, 7] combined 5236 players 8 retained 4 seconds 0.060959395952522755
shuttleset_03_scene_0023 pair 98 [6, 9] combined 5700 players 0 retained 0 seconds 0.03945727972313762
shuttleset_03_scene_0023 pair 108 [7, 3] combined 6144 players 0 retained 0 seconds 0.05406167916953564
shuttleset_03_scene_0023 pair 111 [7, 6] combined 4636 players 0 retained 0 seconds 0.030932852067053318
shuttleset_03_scene_0023 pair 116 [7, 12] combined 16700 players 0 retained 0 seconds 0.06870344188064337
shuttleset_03_scene_0023 pair 119 [7, 15] combined 2100 players 0 retained 0 seconds 0.025283840019255877
shuttleset_03_scene_0023 pair 120 [8, 0] combined 80896 players 0 retained 0 seconds 0.6763918017968535
shuttleset_03_scene_0023 pair 123 [8, 3] combined 84992 players 0 retained 0 seconds 0.29170242697000504
shuttleset_03_scene_0023 pair 138 [9, 3] combined 14336 players 0 retained 0 seconds 0.08084633108228445
shuttleset_03_scene_0023 pair 141 [9, 6] combined 7904 players 0 retained 0 seconds 0.04404925275593996
shuttleset_03_scene_0023 pair 146 [9, 12] combined 19832 players 0 retained 0 seconds 0.07845701463520527
shuttleset_03_scene_0023 pair 149 [9, 15] combined 4600 players 0 retained 0 seconds 0.03319180617108941
shuttleset_03_scene_0023 pair 153 [10, 3] combined 5120 players 0 retained 0 seconds 0.056612852960824966
shuttleset_03_scene_0023 pair 168 [11, 3] combined 16384 players 5538 retained 256 seconds 0.4301607930101454
shuttleset_03_scene_0023 pair 180 [12, 0] combined 132096 players 978 retained 256 seconds 0.912526935338974
shuttleset_03_scene_0023 pair 187 [12, 7] combined 4984 players 4 retained 2 seconds 0.058785771019756794
shuttleset_03_scene_0023 pair 189 [12, 9] combined 12400 players 0 retained 0 seconds 0.06169384717941284
shuttleset_03_scene_0023 pair 195 [13, 0] combined 8192 players 0 retained 0 seconds 0.46990418434143066
shuttleset_03_scene_0023 pair 198 [13, 3] combined 15360 players 1546 retained 256 seconds 0.16857839236035943
shuttleset_03_scene_0023 pair 209 [13, 15] combined 864 players 0 retained 0 seconds 0.021607717964798212
shuttleset_03_scene_0023 pair 210 [14, 0] combined 17408 players 0 retained 0 seconds 0.4701507883146405
shuttleset_03_scene_0023 pair 213 [14, 3] combined 14336 players 0 retained 0 seconds 0.0824790708720684
shuttleset_03_scene_0023 pair 227 [15, 2] combined 22876 players 7662 retained 256 seconds 0.40541799319908023
shuttleset_03_scene_0023 pair 232 [15, 7] combined 1000 players 0 retained 0 seconds 0.029946420807391405
shuttleset_03_scene_0023 pair 234 [15, 9] combined 2176 players 0 retained 0 seconds 0.03254783991724253
shuttleset_03_scene_0023 pair 238 [15, 13] combined 448 players 0 retained 0 seconds 0.028530974872410297
[shuttleset_03_scene_0023] line-template: preparing rectangles
[shuttleset_03_scene_0023] measuring 702 parents (G0=256, G1=256, line_template=256; conflicting geometry groups=0)
[shuttleset_03_scene_0023] parents 250/702
[shuttleset_03_scene_0023] parents 500/702
[shuttleset_03_scene_0023] refitting 702 parents
[shuttleset_03_scene_0023] refits 250/702; valid children=243
[shuttleset_03_scene_0023] refits 500/702; valid children=489
{"view_id": "shuttleset_03_scene_0023", "chosen_key": "G1:1:14894/child", "no_court_reason": null, "all_checks_equal": null, "error": null}
am3_window_00_frame_0 pair 1 [0, 2] combined 262144 players 31314 retained 256 seconds 2.2339143687859178
am3_window_00_frame_0 pair 7 [0, 8] combined 262144 players 14370 retained 256 seconds 1.756040285807103
am3_window_00_frame_0 pair 30 [2, 0] combined 262144 players 39438 retained 256 seconds 2.475338456220925
am3_window_00_frame_0 pair 32 [2, 3] combined 262144 players 54558 retained 256 seconds 3.0173964397981763
am3_window_00_frame_0 pair 34 [2, 5] combined 104448 players 160 retained 80 seconds 0.40098064532503486
am3_window_00_frame_0 pair 35 [2, 6] combined 262144 players 5324 retained 256 seconds 1.0638841670006514
am3_window_00_frame_0 pair 39 [2, 10] combined 169984 players 84 retained 42 seconds 0.5862047080881894
am3_window_00_frame_0 pair 41 [2, 12] combined 71680 players 0 retained 0 seconds 0.27748031402006745
am3_window_00_frame_0 pair 42 [2, 13] combined 262144 players 35120 retained 256 seconds 2.620247913058847
am3_window_00_frame_0 pair 43 [2, 14] combined 262144 players 39046 retained 256 seconds 2.6992910630069673
am3_window_00_frame_0 pair 44 [2, 15] combined 262144 players 40282 retained 256 seconds 2.700753818731755
am3_window_00_frame_0 pair 47 [3, 2] combined 262144 players 19600 retained 256 seconds 1.911064529325813
am3_window_00_frame_0 pair 52 [3, 8] combined 262144 players 33020 retained 256 seconds 2.2561348122544587
am3_window_00_frame_0 pair 77 [5, 2] combined 24576 players 1128 retained 256 seconds 0.2326436690054834
am3_window_00_frame_0 pair 82 [5, 8] combined 122880 players 0 retained 0 seconds 0.37289403891190886
am3_window_00_frame_0 pair 92 [6, 2] combined 262144 players 1380 retained 256 seconds 0.878244417719543
am3_window_00_frame_0 pair 97 [6, 8] combined 202752 players 0 retained 0 seconds 0.5764301088638604
am3_window_00_frame_0 pair 120 [8, 0] combined 262144 players 16252 retained 256 seconds 1.7233037087135017
am3_window_00_frame_0 pair 123 [8, 3] combined 262144 players 22832 retained 256 seconds 1.954670988023281
am3_window_00_frame_0 pair 125 [8, 5] combined 250880 players 0 retained 0 seconds 0.7182665709406137
am3_window_00_frame_0 pair 126 [8, 6] combined 262144 players 0 retained 0 seconds 0.746858496684581
am3_window_00_frame_0 pair 129 [8, 10] combined 185344 players 0 retained 0 seconds 0.530936726834625
am3_window_00_frame_0 pair 131 [8, 12] combined 119808 players 10 retained 4 seconds 0.3705454599112272
am3_window_00_frame_0 pair 132 [8, 13] combined 262144 players 19258 retained 256 seconds 1.957774288021028
am3_window_00_frame_0 pair 133 [8, 14] combined 262144 players 27724 retained 256 seconds 2.3439080649986863
am3_window_00_frame_0 pair 134 [8, 15] combined 262144 players 21548 retained 256 seconds 1.9565133112482727
am3_window_00_frame_0 pair 152 [10, 2] combined 121856 players 84 retained 42 seconds 0.4354527788236737
am3_window_00_frame_0 pair 158 [10, 8] combined 153600 players 0 retained 0 seconds 0.44235958391800523
am3_window_00_frame_0 pair 182 [12, 2] combined 53248 players 0 retained 0 seconds 0.21575547708198428
am3_window_00_frame_0 pair 188 [12, 8] combined 117760 players 0 retained 0 seconds 0.3417811240069568
am3_window_00_frame_0 pair 197 [13, 2] combined 262144 players 34124 retained 256 seconds 2.5730532659217715
am3_window_00_frame_0 pair 203 [13, 8] combined 262144 players 16052 retained 256 seconds 2.097267596051097
am3_window_00_frame_0 pair 212 [14, 2] combined 262144 players 37330 retained 256 seconds 2.577944319229573
am3_window_00_frame_0 pair 218 [14, 8] combined 262144 players 30758 retained 256 seconds 2.32409513508901
am3_window_00_frame_0 pair 227 [15, 2] combined 262144 players 32644 retained 256 seconds 2.609300069976598
am3_window_00_frame_0 pair 233 [15, 8] combined 262144 players 15916 retained 256 seconds 1.921250813640654
am3_window_00_frame_0 pair 1 [0, 2] combined 11264 players 1950 retained 256 seconds 0.16944239381700754
am3_window_00_frame_0 pair 7 [0, 8] combined 0 players 0 retained 0 seconds 0.007644954137504101
am3_window_00_frame_0 pair 30 [2, 0] combined 7220 players 1040 retained 256 seconds 0.11583244008943439
am3_window_00_frame_0 pair 32 [2, 3] combined 24700 players 3236 retained 256 seconds 0.23778849793598056
am3_window_00_frame_0 pair 34 [2, 5] combined 0 players 0 retained 0 seconds 0.017691577784717083
am3_window_00_frame_0 pair 35 [2, 6] combined 9108 players 8 retained 5 seconds 0.06555199390277267
am3_window_00_frame_0 pair 39 [2, 10] combined 0 players 0 retained 0 seconds 0.017904529813677073
am3_window_00_frame_0 pair 41 [2, 12] combined 0 players 0 retained 0 seconds 0.017308067064732313
am3_window_00_frame_0 pair 42 [2, 13] combined 20800 players 4112 retained 256 seconds 0.24757951591163874
am3_window_00_frame_0 pair 43 [2, 14] combined 10752 players 2292 retained 256 seconds 0.1583540248684585
am3_window_00_frame_0 pair 44 [2, 15] combined 22464 players 4266 retained 256 seconds 0.26781290769577026
am3_window_00_frame_0 pair 47 [3, 2] combined 21504 players 3220 retained 256 seconds 0.22787879686802626
am3_window_00_frame_0 pair 52 [3, 8] combined 0 players 0 retained 0 seconds 0.009584602899849415
am3_window_00_frame_0 pair 77 [5, 2] combined 0 players 0 retained 0 seconds 0.0168971698731184
am3_window_00_frame_0 pair 82 [5, 8] combined 0 players 0 retained 0 seconds 0.0037657800130546093
am3_window_00_frame_0 pair 92 [6, 2] combined 18392 players 0 retained 0 seconds 0.06568609084933996
am3_window_00_frame_0 pair 97 [6, 8] combined 0 players 0 retained 0 seconds 0.00401527201756835
am3_window_00_frame_0 pair 120 [8, 0] combined 0 players 0 retained 0 seconds 0.006468539126217365
am3_window_00_frame_0 pair 123 [8, 3] combined 0 players 0 retained 0 seconds 0.007686389144510031
am3_window_00_frame_0 pair 125 [8, 5] combined 0 players 0 retained 0 seconds 0.0036239982582628727
am3_window_00_frame_0 pair 126 [8, 6] combined 0 players 0 retained 0 seconds 0.003645820077508688
am3_window_00_frame_0 pair 129 [8, 10] combined 0 players 0 retained 0 seconds 0.0026407912373542786
am3_window_00_frame_0 pair 131 [8, 12] combined 0 players 0 retained 0 seconds 0.002463970798999071
am3_window_00_frame_0 pair 132 [8, 13] combined 0 players 0 retained 0 seconds 0.008052641991525888
am3_window_00_frame_0 pair 133 [8, 14] combined 0 players 0 retained 0 seconds 0.006181831005960703
am3_window_00_frame_0 pair 134 [8, 15] combined 0 players 0 retained 0 seconds 0.008561466820538044
am3_window_00_frame_0 pair 152 [10, 2] combined 0 players 0 retained 0 seconds 0.015071271918714046
am3_window_00_frame_0 pair 158 [10, 8] combined 0 players 0 retained 0 seconds 0.0025275610387325287
am3_window_00_frame_0 pair 182 [12, 2] combined 0 players 0 retained 0 seconds 0.013938023708760738
am3_window_00_frame_0 pair 188 [12, 8] combined 0 players 0 retained 0 seconds 0.0024411403574049473
am3_window_00_frame_0 pair 197 [13, 2] combined 37888 players 7952 retained 256 seconds 0.5111379497684538
am3_window_00_frame_0 pair 203 [13, 8] combined 0 players 0 retained 0 seconds 0.011389811057597399
am3_window_00_frame_0 pair 212 [14, 2] combined 20480 players 3524 retained 256 seconds 0.23165856720879674
am3_window_00_frame_0 pair 218 [14, 8] combined 0 players 0 retained 0 seconds 0.007292279042303562
am3_window_00_frame_0 pair 227 [15, 2] combined 34816 players 7412 retained 256 seconds 0.3861318686977029
am3_window_00_frame_0 pair 233 [15, 8] combined 0 players 0 retained 0 seconds 0.012183205224573612
[am3_window_00_frame_0] line-template: preparing rectangles
[am3_window_00_frame_0] measuring 768 parents (G0=256, G1=256, line_template=256; conflicting geometry groups=0)
[am3_window_00_frame_0] parents 250/768
[am3_window_00_frame_0] parents 500/768
[am3_window_00_frame_0] parents 750/768
[am3_window_00_frame_0] refitting 768 parents
[am3_window_00_frame_0] refits 250/768; valid children=148
[am3_window_00_frame_0] refits 500/768; valid children=394
[am3_window_00_frame_0] refits 750/768; valid children=575
{"view_id": "am3_window_00_frame_0", "chosen_key": "G1:43:171/child", "no_court_reason": null, "all_checks_equal": null, "error": null}
{"views": ["shuttleset_03_scene_0016", "shuttleset_03_scene_0023", "am3_window_00_frame_0"], "startup_seconds": 0.041966534685343504, "wall_seconds": 1009.0884000188671, "peak_rss_mb": 1387.578125, "failed": []}
