decoded <ShuttleSet root>/external/shuttleset-sources/21 An_Se_Young_Ratchanok_Intanon_YONEX_Thailand_Open_2021_QuarterFinals.mp4 to frame 100347 in 568s
shuttleset_21_scene_0034 pair 0 [0, 1] combined 262144 players 0 retained 0 seconds 1.2596020177006721
shuttleset_21_scene_0034 pair 1 [0, 2] combined 262144 players 101420 retained 256 seconds 4.5199457528069615
shuttleset_21_scene_0034 pair 6 [0, 7] combined 113664 players 14358 retained 256 seconds 1.1558468453586102
shuttleset_21_scene_0034 pair 8 [0, 9] combined 262144 players 0 retained 0 seconds 1.0663092411123216
shuttleset_21_scene_0034 pair 9 [0, 10] combined 129024 players 0 retained 0 seconds 0.7025925796478987
shuttleset_21_scene_0034 pair 11 [0, 12] combined 262144 players 0 retained 0 seconds 1.1195160397328436
shuttleset_21_scene_0034 pair 12 [0, 13] combined 96256 players 38298 retained 256 seconds 1.9087775289081037
shuttleset_21_scene_0034 pair 13 [0, 14] combined 226304 players 0 retained 0 seconds 0.9492508950643241
shuttleset_21_scene_0034 pair 15 [1, 0] combined 262144 players 0 retained 0 seconds 1.1199515219777822
shuttleset_21_scene_0034 pair 18 [1, 4] combined 262144 players 0 retained 0 seconds 0.9127116459421813
shuttleset_21_scene_0034 pair 30 [2, 0] combined 262144 players 116336 retained 256 seconds 4.865440248977393
shuttleset_21_scene_0034 pair 32 [2, 3] combined 243712 players 100530 retained 256 seconds 4.296046557836235
shuttleset_21_scene_0034 pair 33 [2, 4] combined 262144 players 109844 retained 256 seconds 4.603035892359912
shuttleset_21_scene_0034 pair 47 [3, 2] combined 262144 players 92170 retained 256 seconds 3.955240541137755
shuttleset_21_scene_0034 pair 51 [3, 7] combined 96256 players 3406 retained 256 seconds 0.48855817737057805
shuttleset_21_scene_0034 pair 53 [3, 9] combined 262144 players 0 retained 0 seconds 0.7898907172493637
shuttleset_21_scene_0034 pair 54 [3, 10] combined 142336 players 0 retained 0 seconds 0.45659067621454597
shuttleset_21_scene_0034 pair 57 [3, 13] combined 92160 players 32500 retained 256 seconds 1.4282917641103268
shuttleset_21_scene_0034 pair 58 [3, 14] combined 207872 players 0 retained 0 seconds 0.6267702346667647
shuttleset_21_scene_0034 pair 61 [4, 1] combined 262144 players 0 retained 0 seconds 0.8669355241581798
shuttleset_21_scene_0034 pair 62 [4, 2] combined 262144 players 90220 retained 256 seconds 3.8184224609285593
shuttleset_21_scene_0034 pair 68 [4, 9] combined 262144 players 0 retained 0 seconds 0.8926684181205928
shuttleset_21_scene_0034 pair 69 [4, 10] combined 124928 players 0 retained 0 seconds 0.4125073691830039
shuttleset_21_scene_0034 pair 70 [4, 11] combined 6144 players 0 retained 0 seconds 0.06815358716994524
shuttleset_21_scene_0034 pair 71 [4, 12] combined 262144 players 0 retained 0 seconds 0.8228063890710473
shuttleset_21_scene_0034 pair 72 [4, 13] combined 91136 players 29594 retained 256 seconds 1.3054023697040975
shuttleset_21_scene_0034 pair 105 [7, 0] combined 60416 players 2384 retained 256 seconds 0.5313961962237954
shuttleset_21_scene_0034 pair 108 [7, 3] combined 105472 players 9592 retained 256 seconds 0.6771854497492313
shuttleset_21_scene_0034 pair 112 [7, 8] combined 61440 players 20 retained 10 seconds 0.22860664408653975
shuttleset_21_scene_0034 pair 127 [8, 7] combined 73728 players 422 retained 204 seconds 0.29376775911077857
shuttleset_21_scene_0034 pair 133 [8, 14] combined 231424 players 0 retained 0 seconds 0.6897239307872951
shuttleset_21_scene_0034 pair 135 [9, 0] combined 147456 players 0 retained 0 seconds 0.6641958076506853
shuttleset_21_scene_0034 pair 138 [9, 3] combined 152576 players 202 retained 101 seconds 0.5076952567324042
shuttleset_21_scene_0034 pair 139 [9, 4] combined 194560 players 3224 retained 256 seconds 0.8132167952135205
shuttleset_21_scene_0034 pair 150 [10, 0] combined 161792 players 0 retained 0 seconds 0.7088834806345403
shuttleset_21_scene_0034 pair 153 [10, 3] combined 153576 players 0 retained 0 seconds 0.4773345119319856
shuttleset_21_scene_0034 pair 154 [10, 4] combined 164864 players 0 retained 0 seconds 0.5230718408711255
shuttleset_21_scene_0034 pair 169 [11, 4] combined 8192 players 0 retained 0 seconds 0.06066129822283983
shuttleset_21_scene_0034 pair 180 [12, 0] combined 262144 players 0 retained 0 seconds 1.041427105665207
shuttleset_21_scene_0034 pair 184 [12, 4] combined 262144 players 0 retained 0 seconds 0.8442594208754599
shuttleset_21_scene_0034 pair 195 [13, 0] combined 154624 players 66802 retained 256 seconds 2.9267105706967413
shuttleset_21_scene_0034 pair 198 [13, 3] combined 120560 players 48248 retained 256 seconds 2.0383409070782363
shuttleset_21_scene_0034 pair 199 [13, 4] combined 163840 players 65370 retained 256 seconds 2.8063034461811185
shuttleset_21_scene_0034 pair 210 [14, 0] combined 108544 players 800 retained 256 seconds 0.62298289174214
shuttleset_21_scene_0034 pair 213 [14, 3] combined 87040 players 0 retained 0 seconds 0.28369035199284554
shuttleset_21_scene_0034 pair 218 [14, 8] combined 108544 players 0 retained 0 seconds 0.3394177998416126
shuttleset_21_scene_0034 pair 0 [0, 1] combined 25600 players 0 retained 0 seconds 0.22008487209677696
shuttleset_21_scene_0034 pair 1 [0, 2] combined 56320 players 24056 retained 256 seconds 1.10400554491207
shuttleset_21_scene_0034 pair 6 [0, 7] combined 56320 players 6942 retained 256 seconds 0.5200758767314255
shuttleset_21_scene_0034 pair 8 [0, 9] combined 0 players 0 retained 0 seconds 0.13730593211948872
shuttleset_21_scene_0034 pair 9 [0, 10] combined 4096 players 0 retained 0 seconds 0.15426238719373941
shuttleset_21_scene_0034 pair 11 [0, 12] combined 7168 players 0 retained 0 seconds 0.16360166808590293
shuttleset_21_scene_0034 pair 12 [0, 13] combined 7168 players 2308 retained 256 seconds 0.37362188287079334
shuttleset_21_scene_0034 pair 13 [0, 14] combined 0 players 0 retained 0 seconds 0.13627419527620077
shuttleset_21_scene_0034 pair 15 [1, 0] combined 24576 players 0 retained 0 seconds 0.16581873688846827
shuttleset_21_scene_0034 pair 18 [1, 4] combined 3680 players 0 retained 0 seconds 0.027488290797919035
shuttleset_21_scene_0034 pair 30 [2, 0] combined 93184 players 39908 retained 256 seconds 1.6872492162510753
shuttleset_21_scene_0034 pair 32 [2, 3] combined 7520 players 3054 retained 256 seconds 0.19256975641474128
shuttleset_21_scene_0034 pair 33 [2, 4] combined 16600 players 7590 retained 256 seconds 0.3881312143057585
shuttleset_21_scene_0034 pair 47 [3, 2] combined 6372 players 2584 retained 256 seconds 0.1746465489268303
shuttleset_21_scene_0034 pair 51 [3, 7] combined 10388 players 824 retained 256 seconds 0.11494588013738394
shuttleset_21_scene_0034 pair 53 [3, 9] combined 0 players 0 retained 0 seconds 0.00932470802217722
shuttleset_21_scene_0034 pair 54 [3, 10] combined 416 players 0 retained 0 seconds 0.010819113347679377
shuttleset_21_scene_0034 pair 57 [3, 13] combined 928 players 208 retained 102 seconds 0.05095586180686951
shuttleset_21_scene_0034 pair 58 [3, 14] combined 0 players 0 retained 0 seconds 0.00924646994099021
shuttleset_21_scene_0034 pair 61 [4, 1] combined 6500 players 0 retained 0 seconds 0.03583945380523801
shuttleset_21_scene_0034 pair 62 [4, 2] combined 15576 players 6372 retained 256 seconds 0.32699460769072175
shuttleset_21_scene_0034 pair 68 [4, 9] combined 0 players 0 retained 0 seconds 0.014840386807918549
shuttleset_21_scene_0034 pair 69 [4, 10] combined 944 players 0 retained 0 seconds 0.016692680306732655
shuttleset_21_scene_0034 pair 70 [4, 11] combined 0 players 0 retained 0 seconds 0.013422593008726835
shuttleset_21_scene_0034 pair 71 [4, 12] combined 1792 players 0 retained 0 seconds 0.021292337216436863
shuttleset_21_scene_0034 pair 72 [4, 13] combined 1540 players 288 retained 144 seconds 0.1662230771034956
shuttleset_21_scene_0034 pair 105 [7, 0] combined 26624 players 254 retained 101 seconds 0.212604652158916
shuttleset_21_scene_0034 pair 108 [7, 3] combined 4300 players 158 retained 79 seconds 0.05898059392347932
shuttleset_21_scene_0034 pair 112 [7, 8] combined 0 players 0 retained 0 seconds 0.009856342803686857
shuttleset_21_scene_0034 pair 127 [8, 7] combined 108 players 0 retained 0 seconds 0.008601209614425898
shuttleset_21_scene_0034 pair 133 [8, 14] combined 0 players 0 retained 0 seconds 0.004672418814152479
shuttleset_21_scene_0034 pair 135 [9, 0] combined 0 players 0 retained 0 seconds 0.09528834884986281
shuttleset_21_scene_0034 pair 138 [9, 3] combined 0 players 0 retained 0 seconds 0.007759760599583387
shuttleset_21_scene_0034 pair 139 [9, 4] combined 0 players 0 retained 0 seconds 0.008846613112837076
shuttleset_21_scene_0034 pair 150 [10, 0] combined 1024 players 0 retained 0 seconds 0.09547119215130806
shuttleset_21_scene_0034 pair 153 [10, 3] combined 208 players 0 retained 0 seconds 0.009045836981385946
shuttleset_21_scene_0034 pair 154 [10, 4] combined 296 players 0 retained 0 seconds 0.011417928151786327
shuttleset_21_scene_0034 pair 169 [11, 4] combined 0 players 0 retained 0 seconds 0.008795923087745905
shuttleset_21_scene_0034 pair 180 [12, 0] combined 4096 players 0 retained 0 seconds 0.10894729010760784
shuttleset_21_scene_0034 pair 184 [12, 4] combined 640 players 0 retained 0 seconds 0.016343194991350174
shuttleset_21_scene_0034 pair 195 [13, 0] combined 4096 players 1774 retained 256 seconds 0.22524885786697268
shuttleset_21_scene_0034 pair 198 [13, 3] combined 384 players 160 retained 80 seconds 0.04666133923456073
shuttleset_21_scene_0034 pair 199 [13, 4] combined 928 players 446 retained 223 seconds 0.07079809810966253
shuttleset_21_scene_0034 pair 210 [14, 0] combined 0 players 0 retained 0 seconds 0.09117113705724478
shuttleset_21_scene_0034 pair 213 [14, 3] combined 0 players 0 retained 0 seconds 0.007206590846180916
shuttleset_21_scene_0034 pair 218 [14, 8] combined 0 players 0 retained 0 seconds 0.004506715107709169
[shuttleset_21_scene_0034] line-template: preparing rectangles
[shuttleset_21_scene_0034] measuring 701 parents (G0=256, G1=256, line_template=256; conflicting geometry groups=0)
[shuttleset_21_scene_0034] parents 250/701
[shuttleset_21_scene_0034] parents 500/701
[shuttleset_21_scene_0034] refitting 701 parents
[shuttleset_21_scene_0034] refits 250/701; valid children=250
[shuttleset_21_scene_0034] refits 500/701; valid children=497
{"view_id": "shuttleset_21_scene_0034", "chosen_key": "G0:1:63649/child", "no_court_reason": null, "all_checks_equal": null, "error": null}
shuttleset_21_scene_0044 pair 0 [0, 1] combined 262144 players 0 retained 0 seconds 1.1653883010149002
shuttleset_21_scene_0044 pair 1 [0, 2] combined 262144 players 104538 retained 256 seconds 4.474008824676275
shuttleset_21_scene_0044 pair 3 [0, 4] combined 58368 players 0 retained 0 seconds 0.5795595431700349
shuttleset_21_scene_0044 pair 4 [0, 5] combined 53248 players 0 retained 0 seconds 0.47871548403054476
shuttleset_21_scene_0044 pair 5 [0, 6] combined 163840 players 0 retained 0 seconds 0.7650921400636435
shuttleset_21_scene_0044 pair 10 [0, 11] combined 262144 players 44844 retained 256 seconds 2.4722819779999554
shuttleset_21_scene_0044 pair 11 [0, 12] combined 143360 players 0 retained 0 seconds 0.7617920818738639
shuttleset_21_scene_0044 pair 12 [0, 13] combined 48128 players 13838 retained 256 seconds 0.9251437298953533
shuttleset_21_scene_0044 pair 14 [0, 15] combined 109568 players 23848 retained 256 seconds 1.3691375558264554
shuttleset_21_scene_0044 pair 15 [1, 0] combined 262144 players 0 retained 0 seconds 1.1133128092624247
shuttleset_21_scene_0044 pair 17 [1, 3] combined 262144 players 0 retained 0 seconds 0.9523901348002255
shuttleset_21_scene_0044 pair 30 [2, 0] combined 262144 players 113184 retained 256 seconds 4.6955793858505785
shuttleset_21_scene_0044 pair 32 [2, 3] combined 262144 players 108338 retained 256 seconds 4.4843742731027305
shuttleset_21_scene_0044 pair 46 [3, 1] combined 262144 players 0 retained 0 seconds 0.8931290861219168
shuttleset_21_scene_0044 pair 47 [3, 2] combined 262144 players 94038 retained 256 seconds 4.095574093982577
shuttleset_21_scene_0044 pair 49 [3, 5] combined 55296 players 0 retained 0 seconds 0.2275036508217454
shuttleset_21_scene_0044 pair 50 [3, 6] combined 140288 players 0 retained 0 seconds 0.4495568028651178
shuttleset_21_scene_0044 pair 53 [3, 9] combined 23552 players 0 retained 0 seconds 0.12219719821587205
shuttleset_21_scene_0044 pair 54 [3, 10] combined 262144 players 34 retained 17 seconds 0.8568031317554414
shuttleset_21_scene_0044 pair 55 [3, 11] combined 257024 players 14100 retained 256 seconds 1.2911817710846663
shuttleset_21_scene_0044 pair 57 [3, 13] combined 52224 players 3934 retained 256 seconds 0.3660163851454854
shuttleset_21_scene_0044 pair 59 [3, 15] combined 146432 players 8480 retained 256 seconds 0.8395073269493878
shuttleset_21_scene_0044 pair 60 [4, 0] combined 67584 players 0 retained 0 seconds 0.45364365074783564
shuttleset_21_scene_0044 pair 69 [4, 10] combined 76800 players 0 retained 0 seconds 0.25603506807237864
shuttleset_21_scene_0044 pair 75 [5, 0] combined 52224 players 0 retained 0 seconds 0.4140254398807883
shuttleset_21_scene_0044 pair 78 [5, 3] combined 51200 players 0 retained 0 seconds 0.19481972604990005
shuttleset_21_scene_0044 pair 90 [6, 0] combined 87040 players 0 retained 0 seconds 0.5305671538226306
shuttleset_21_scene_0044 pair 93 [6, 3] combined 102400 players 0 retained 0 seconds 0.33298968942835927
shuttleset_21_scene_0044 pair 129 [8, 10] combined 160768 players 0 retained 0 seconds 0.4939110898412764
shuttleset_21_scene_0044 pair 130 [8, 11] combined 170372 players 42 retained 21 seconds 0.5376465893350542
shuttleset_21_scene_0044 pair 138 [9, 3] combined 3072 players 0 retained 0 seconds 0.051037526689469814
shuttleset_21_scene_0044 pair 153 [10, 3] combined 262144 players 0 retained 0 seconds 0.821813530754298
shuttleset_21_scene_0044 pair 154 [10, 4] combined 46080 players 0 retained 0 seconds 0.17733423598110676
shuttleset_21_scene_0044 pair 158 [10, 8] combined 212992 players 0 retained 0 seconds 0.6563369152136147
shuttleset_21_scene_0044 pair 161 [10, 12] combined 131072 players 0 retained 0 seconds 0.4227654621936381
shuttleset_21_scene_0044 pair 163 [10, 14] combined 17408 players 0 retained 0 seconds 0.0871782791800797
shuttleset_21_scene_0044 pair 165 [11, 0] combined 185344 players 7018 retained 256 seconds 1.0478619430214167
shuttleset_21_scene_0044 pair 168 [11, 3] combined 262144 players 4586 retained 256 seconds 0.9867729330435395
shuttleset_21_scene_0044 pair 173 [11, 8] combined 153608 players 80 retained 44 seconds 0.5862344619818032
shuttleset_21_scene_0044 pair 180 [12, 0] combined 173056 players 0 retained 0 seconds 0.7581750727258623
shuttleset_21_scene_0044 pair 190 [12, 10] combined 185344 players 0 retained 0 seconds 0.5770879480987787
shuttleset_21_scene_0044 pair 195 [13, 0] combined 11264 players 1362 retained 256 seconds 0.38875562604516745
shuttleset_21_scene_0044 pair 198 [13, 3] combined 4096 players 218 retained 107 seconds 0.09759028628468513
shuttleset_21_scene_0044 pair 220 [14, 10] combined 3072 players 0 retained 0 seconds 0.04337525414302945
shuttleset_21_scene_0044 pair 225 [15, 0] combined 61440 players 2118 retained 256 seconds 0.5048086489550769
shuttleset_21_scene_0044 pair 228 [15, 3] combined 121856 players 1530 retained 256 seconds 0.4709582910872996
shuttleset_21_scene_0044 pair 0 [0, 1] combined 43008 players 0 retained 0 seconds 0.25963759142905474
shuttleset_21_scene_0044 pair 1 [0, 2] combined 131072 players 53408 retained 256 seconds 2.2823428278788924
shuttleset_21_scene_0044 pair 3 [0, 4] combined 2048 players 0 retained 0 seconds 0.14275678666308522
shuttleset_21_scene_0044 pair 4 [0, 5] combined 0 players 0 retained 0 seconds 0.12459793500602245
shuttleset_21_scene_0044 pair 5 [0, 6] combined 1024 players 0 retained 0 seconds 0.11977302609011531
shuttleset_21_scene_0044 pair 10 [0, 11] combined 3072 players 42 retained 21 seconds 0.14217819971963763
shuttleset_21_scene_0044 pair 11 [0, 12] combined 6144 players 0 retained 0 seconds 0.1435105768032372
shuttleset_21_scene_0044 pair 12 [0, 13] combined 13312 players 3212 retained 256 seconds 0.3097455436363816
shuttleset_21_scene_0044 pair 14 [0, 15] combined 8192 players 1192 retained 256 seconds 0.21211755741387606
shuttleset_21_scene_0044 pair 15 [1, 0] combined 46080 players 0 retained 0 seconds 0.2369095296598971
shuttleset_21_scene_0044 pair 17 [1, 3] combined 17848 players 0 retained 0 seconds 0.07401420827955008
shuttleset_21_scene_0044 pair 30 [2, 0] combined 190464 players 79684 retained 256 seconds 3.1543363430537283
shuttleset_21_scene_0044 pair 32 [2, 3] combined 69920 players 30028 retained 256 seconds 1.246790783945471
shuttleset_21_scene_0044 pair 46 [3, 1] combined 23760 players 0 retained 0 seconds 0.09691700804978609
shuttleset_21_scene_0044 pair 47 [3, 2] combined 62496 players 22458 retained 256 seconds 0.9683491969481111
shuttleset_21_scene_0044 pair 49 [3, 5] combined 0 players 0 retained 0 seconds 0.02391359768807888
shuttleset_21_scene_0044 pair 50 [3, 6] combined 616 players 0 retained 0 seconds 0.020821230951696634
shuttleset_21_scene_0044 pair 53 [3, 9] combined 0 players 0 retained 0 seconds 0.019782353192567825
shuttleset_21_scene_0044 pair 54 [3, 10] combined 65772 players 0 retained 0 seconds 0.2160902009345591
shuttleset_21_scene_0044 pair 55 [3, 11] combined 1904 players 50 retained 25 seconds 0.05635652504861355
shuttleset_21_scene_0044 pair 57 [3, 13] combined 4012 players 76 retained 38 seconds 0.05868798214942217
shuttleset_21_scene_0044 pair 59 [3, 15] combined 0 players 0 retained 0 seconds 0.021163129713386297
shuttleset_21_scene_0044 pair 60 [4, 0] combined 0 players 0 retained 0 seconds 0.09186743572354317
shuttleset_21_scene_0044 pair 69 [4, 10] combined 0 players 0 retained 0 seconds 0.012764931190758944
shuttleset_21_scene_0044 pair 75 [5, 0] combined 0 players 0 retained 0 seconds 0.09397984109818935
shuttleset_21_scene_0044 pair 78 [5, 3] combined 0 players 0 retained 0 seconds 0.014387405943125486
shuttleset_21_scene_0044 pair 90 [6, 0] combined 1024 players 0 retained 0 seconds 0.11054218607023358
shuttleset_21_scene_0044 pair 93 [6, 3] combined 0 players 0 retained 0 seconds 0.01606007292866707
shuttleset_21_scene_0044 pair 129 [8, 10] combined 2660 players 0 retained 0 seconds 0.022944088093936443
shuttleset_21_scene_0044 pair 130 [8, 11] combined 0 players 0 retained 0 seconds 0.004843183793127537
shuttleset_21_scene_0044 pair 138 [9, 3] combined 0 players 0 retained 0 seconds 0.01474493881687522
shuttleset_21_scene_0044 pair 153 [10, 3] combined 32568 players 0 retained 0 seconds 0.20786619884893298
shuttleset_21_scene_0044 pair 154 [10, 4] combined 0 players 0 retained 0 seconds 0.0169953559525311
shuttleset_21_scene_0044 pair 158 [10, 8] combined 7980 players 0 retained 0 seconds 0.04030054295435548
shuttleset_21_scene_0044 pair 161 [10, 12] combined 2220 players 0 retained 0 seconds 0.025094947777688503
shuttleset_21_scene_0044 pair 163 [10, 14] combined 8296 players 0 retained 0 seconds 0.042013120371848345
shuttleset_21_scene_0044 pair 165 [11, 0] combined 0 players 0 retained 0 seconds 0.10029198601841927
shuttleset_21_scene_0044 pair 168 [11, 3] combined 808 players 0 retained 0 seconds 0.019230305682867765
shuttleset_21_scene_0044 pair 173 [11, 8] combined 0 players 0 retained 0 seconds 0.004754737019538879
shuttleset_21_scene_0044 pair 180 [12, 0] combined 7168 players 0 retained 0 seconds 0.1237746081314981
shuttleset_21_scene_0044 pair 190 [12, 10] combined 2352 players 0 retained 0 seconds 0.023385196924209595
shuttleset_21_scene_0044 pair 195 [13, 0] combined 5120 players 856 retained 256 seconds 0.1901771710254252
shuttleset_21_scene_0044 pair 198 [13, 3] combined 940 players 6 retained 3 seconds 0.04823804786428809
shuttleset_21_scene_0044 pair 220 [14, 10] combined 1824 players 0 retained 0 seconds 0.0206083538942039
shuttleset_21_scene_0044 pair 225 [15, 0] combined 2048 players 52 retained 26 seconds 0.12534630205482244
shuttleset_21_scene_0044 pair 228 [15, 3] combined 0 players 0 retained 0 seconds 0.015835613012313843
[shuttleset_21_scene_0044] line-template: preparing rectangles
[shuttleset_21_scene_0044] measuring 768 parents (G0=256, G1=256, line_template=256; conflicting geometry groups=0)
[shuttleset_21_scene_0044] parents 250/768
[shuttleset_21_scene_0044] parents 500/768
[shuttleset_21_scene_0044] parents 750/768
[shuttleset_21_scene_0044] refitting 768 parents
[shuttleset_21_scene_0044] refits 250/768; valid children=246
[shuttleset_21_scene_0044] refits 500/768; valid children=494
[shuttleset_21_scene_0044] refits 750/768; valid children=738
{"view_id": "shuttleset_21_scene_0044", "chosen_key": "G0:1:2039/child", "no_court_reason": null, "all_checks_equal": null, "error": null}
sset_21_gloiZ_gTJaE_frame_00100347 pair 1 [0, 2] combined 143360 players 0 retained 0 seconds 0.587739238049835
sset_21_gloiZ_gTJaE_frame_00100347 pair 20 [1, 6] combined 4096 players 0 retained 0 seconds 0.02911621192470193
sset_21_gloiZ_gTJaE_frame_00100347 pair 21 [1, 7] combined 0 players 0 retained 0 seconds 0.01039515295997262
sset_21_gloiZ_gTJaE_frame_00100347 pair 25 [1, 11] combined 0 players 0 retained 0 seconds 0.015577621757984161
sset_21_gloiZ_gTJaE_frame_00100347 pair 26 [1, 12] combined 992 players 0 retained 0 seconds 0.01569960778579116
sset_21_gloiZ_gTJaE_frame_00100347 pair 27 [1, 13] combined 1008 players 14 retained 7 seconds 0.040032840333878994
sset_21_gloiZ_gTJaE_frame_00100347 pair 30 [2, 0] combined 27648 players 0 retained 0 seconds 0.2532395049929619
sset_21_gloiZ_gTJaE_frame_00100347 pair 32 [2, 3] combined 25600 players 0 retained 0 seconds 0.1290241270326078
sset_21_gloiZ_gTJaE_frame_00100347 pair 34 [2, 5] combined 9200 players 0 retained 0 seconds 0.06513986783102155
sset_21_gloiZ_gTJaE_frame_00100347 pair 35 [2, 6] combined 8192 players 0 retained 0 seconds 0.04467260790988803
sset_21_gloiZ_gTJaE_frame_00100347 pair 36 [2, 7] combined 0 players 0 retained 0 seconds 0.011731041595339775
sset_21_gloiZ_gTJaE_frame_00100347 pair 40 [2, 11] combined 0 players 0 retained 0 seconds 0.020058858208358288
sset_21_gloiZ_gTJaE_frame_00100347 pair 41 [2, 12] combined 160 players 0 retained 0 seconds 0.014879524242132902
sset_21_gloiZ_gTJaE_frame_00100347 pair 42 [2, 13] combined 792 players 26 retained 14 seconds 0.04121904727071524
sset_21_gloiZ_gTJaE_frame_00100347 pair 47 [3, 2] combined 147456 players 0 retained 0 seconds 0.4659916451200843
sset_21_gloiZ_gTJaE_frame_00100347 pair 65 [4, 6] combined 0 players 0 retained 0 seconds 0.018313780892640352
sset_21_gloiZ_gTJaE_frame_00100347 pair 66 [4, 7] combined 72912 players 0 retained 0 seconds 0.21335449209436774
sset_21_gloiZ_gTJaE_frame_00100347 pair 70 [4, 11] combined 0 players 0 retained 0 seconds 0.01724136807024479
sset_21_gloiZ_gTJaE_frame_00100347 pair 71 [4, 12] combined 156 players 0 retained 0 seconds 0.016198434866964817
sset_21_gloiZ_gTJaE_frame_00100347 pair 72 [4, 13] combined 312 players 0 retained 0 seconds 0.012243936769664288
sset_21_gloiZ_gTJaE_frame_00100347 pair 77 [5, 2] combined 102672 players 0 retained 0 seconds 0.3236004961654544
sset_21_gloiZ_gTJaE_frame_00100347 pair 91 [6, 1] combined 35672 players 0 retained 0 seconds 0.10988810332491994
sset_21_gloiZ_gTJaE_frame_00100347 pair 92 [6, 2] combined 68608 players 6 retained 3 seconds 0.2311841850169003
sset_21_gloiZ_gTJaE_frame_00100347 pair 94 [6, 4] combined 0 players 0 retained 0 seconds 0.01463536312803626
sset_21_gloiZ_gTJaE_frame_00100347 pair 97 [6, 8] combined 0 players 0 retained 0 seconds 0.007502270862460136
sset_21_gloiZ_gTJaE_frame_00100347 pair 98 [6, 9] combined 0 players 0 retained 0 seconds 0.006457204930484295
sset_21_gloiZ_gTJaE_frame_00100347 pair 99 [6, 10] combined 29008 players 0 retained 0 seconds 0.08947924105450511
sset_21_gloiZ_gTJaE_frame_00100347 pair 103 [6, 14] combined 0 players 0 retained 0 seconds 0.011623740661889315
sset_21_gloiZ_gTJaE_frame_00100347 pair 106 [7, 1] combined 0 players 0 retained 0 seconds 0.010313538834452629
sset_21_gloiZ_gTJaE_frame_00100347 pair 107 [7, 2] combined 0 players 0 retained 0 seconds 0.008235430344939232
sset_21_gloiZ_gTJaE_frame_00100347 pair 109 [7, 4] combined 12288 players 0 retained 0 seconds 0.06044632801786065
sset_21_gloiZ_gTJaE_frame_00100347 pair 112 [7, 8] combined 0 players 0 retained 0 seconds 0.006941255182027817
sset_21_gloiZ_gTJaE_frame_00100347 pair 113 [7, 9] combined 0 players 0 retained 0 seconds 0.005623043980449438
sset_21_gloiZ_gTJaE_frame_00100347 pair 114 [7, 10] combined 4324 players 0 retained 0 seconds 0.023334424942731857
sset_21_gloiZ_gTJaE_frame_00100347 pair 118 [7, 14] combined 0 players 0 retained 0 seconds 0.008172063156962395
sset_21_gloiZ_gTJaE_frame_00100347 pair 126 [8, 6] combined 0 players 0 retained 0 seconds 0.005168590694665909
sset_21_gloiZ_gTJaE_frame_00100347 pair 127 [8, 7] combined 0 players 0 retained 0 seconds 0.004253772087395191
sset_21_gloiZ_gTJaE_frame_00100347 pair 130 [8, 11] combined 0 players 0 retained 0 seconds 0.0038642161525785923
sset_21_gloiZ_gTJaE_frame_00100347 pair 132 [8, 13] combined 0 players 0 retained 0 seconds 0.004017997067421675
sset_21_gloiZ_gTJaE_frame_00100347 pair 141 [9, 6] combined 0 players 0 retained 0 seconds 0.011225985363125801
sset_21_gloiZ_gTJaE_frame_00100347 pair 142 [9, 7] combined 0 players 0 retained 0 seconds 0.004969932604581118
sset_21_gloiZ_gTJaE_frame_00100347 pair 145 [9, 11] combined 0 players 0 retained 0 seconds 0.005715874955058098
sset_21_gloiZ_gTJaE_frame_00100347 pair 146 [9, 12] combined 0 players 0 retained 0 seconds 0.004303386900573969
sset_21_gloiZ_gTJaE_frame_00100347 pair 147 [9, 13] combined 0 players 0 retained 0 seconds 0.003901336807757616
sset_21_gloiZ_gTJaE_frame_00100347 pair 156 [10, 6] combined 0 players 0 retained 0 seconds 0.016152446158230305
sset_21_gloiZ_gTJaE_frame_00100347 pair 157 [10, 7] combined 1976 players 0 retained 0 seconds 0.014275928027927876
sset_21_gloiZ_gTJaE_frame_00100347 pair 160 [10, 11] combined 0 players 0 retained 0 seconds 0.011194278951734304
sset_21_gloiZ_gTJaE_frame_00100347 pair 161 [10, 12] combined 12 players 0 retained 0 seconds 0.006632618140429258
sset_21_gloiZ_gTJaE_frame_00100347 pair 162 [10, 13] combined 56 players 0 retained 0 seconds 0.006939664017409086
sset_21_gloiZ_gTJaE_frame_00100347 pair 166 [11, 1] combined 22528 players 32 retained 16 seconds 0.10581202013418078
sset_21_gloiZ_gTJaE_frame_00100347 pair 167 [11, 2] combined 14336 players 28 retained 14 seconds 0.08817378897219896
sset_21_gloiZ_gTJaE_frame_00100347 pair 169 [11, 4] combined 3072 players 0 retained 0 seconds 0.027871356811374426
sset_21_gloiZ_gTJaE_frame_00100347 pair 173 [11, 8] combined 0 players 0 retained 0 seconds 0.005645605735480785
sset_21_gloiZ_gTJaE_frame_00100347 pair 174 [11, 9] combined 0 players 0 retained 0 seconds 0.005245007108896971
sset_21_gloiZ_gTJaE_frame_00100347 pair 175 [11, 10] combined 8284 players 134 retained 67 seconds 0.06349112605676055
sset_21_gloiZ_gTJaE_frame_00100347 pair 178 [11, 14] combined 736 players 0 retained 0 seconds 0.01164719695225358
sset_21_gloiZ_gTJaE_frame_00100347 pair 179 [11, 15] combined 0 players 0 retained 0 seconds 0.004797799047082663
sset_21_gloiZ_gTJaE_frame_00100347 pair 181 [12, 1] combined 2160 players 0 retained 0 seconds 0.02026792522519827
sset_21_gloiZ_gTJaE_frame_00100347 pair 182 [12, 2] combined 1020 players 0 retained 0 seconds 0.020465551875531673
sset_21_gloiZ_gTJaE_frame_00100347 pair 184 [12, 4] combined 232 players 0 retained 0 seconds 0.014917497057467699
sset_21_gloiZ_gTJaE_frame_00100347 pair 189 [12, 9] combined 0 players 0 retained 0 seconds 0.004940775688737631
sset_21_gloiZ_gTJaE_frame_00100347 pair 190 [12, 10] combined 372 players 0 retained 0 seconds 0.009006651118397713
sset_21_gloiZ_gTJaE_frame_00100347 pair 193 [12, 14] combined 160 players 0 retained 0 seconds 0.00794901978224516
sset_21_gloiZ_gTJaE_frame_00100347 pair 196 [13, 1] combined 2048 players 244 retained 118 seconds 0.0717996428720653
sset_21_gloiZ_gTJaE_frame_00100347 pair 197 [13, 2] combined 3072 players 426 retained 208 seconds 0.09855020325630903
sset_21_gloiZ_gTJaE_frame_00100347 pair 199 [13, 4] combined 3072 players 120 retained 59 seconds 0.0651825312525034
sset_21_gloiZ_gTJaE_frame_00100347 pair 203 [13, 8] combined 0 players 0 retained 0 seconds 0.004787539131939411
sset_21_gloiZ_gTJaE_frame_00100347 pair 204 [13, 9] combined 16 players 0 retained 0 seconds 0.004292448982596397
sset_21_gloiZ_gTJaE_frame_00100347 pair 205 [13, 10] combined 3168 players 0 retained 0 seconds 0.018271856009960175
sset_21_gloiZ_gTJaE_frame_00100347 pair 216 [14, 6] combined 0 players 0 retained 0 seconds 0.01429933775216341
sset_21_gloiZ_gTJaE_frame_00100347 pair 217 [14, 7] combined 0 players 0 retained 0 seconds 0.007297684904187918
sset_21_gloiZ_gTJaE_frame_00100347 pair 221 [14, 11] combined 0 players 0 retained 0 seconds 0.010060240048915148
sset_21_gloiZ_gTJaE_frame_00100347 pair 222 [14, 12] combined 480 players 0 retained 0 seconds 0.010266610886901617
sset_21_gloiZ_gTJaE_frame_00100347 pair 236 [15, 11] combined 0 players 0 retained 0 seconds 0.0050682988949120045
sset_21_gloiZ_gTJaE_frame_00100347 pair 1 [0, 2] combined 0 players 0 retained 0 seconds 0.01860664924606681
sset_21_gloiZ_gTJaE_frame_00100347 pair 20 [1, 6] combined 0 players 0 retained 0 seconds 0.003151552751660347
sset_21_gloiZ_gTJaE_frame_00100347 pair 21 [1, 7] combined 0 players 0 retained 0 seconds 0.0029738759621977806
sset_21_gloiZ_gTJaE_frame_00100347 pair 25 [1, 11] combined 0 players 0 retained 0 seconds 0.003604969009757042
sset_21_gloiZ_gTJaE_frame_00100347 pair 26 [1, 12] combined 0 players 0 retained 0 seconds 0.002728523686528206
sset_21_gloiZ_gTJaE_frame_00100347 pair 27 [1, 13] combined 0 players 0 retained 0 seconds 0.0022218329831957817
sset_21_gloiZ_gTJaE_frame_00100347 pair 30 [2, 0] combined 0 players 0 retained 0 seconds 0.012459337245672941
sset_21_gloiZ_gTJaE_frame_00100347 pair 32 [2, 3] combined 0 players 0 retained 0 seconds 0.0056567108258605
sset_21_gloiZ_gTJaE_frame_00100347 pair 34 [2, 5] combined 0 players 0 retained 0 seconds 0.005379464011639357
sset_21_gloiZ_gTJaE_frame_00100347 pair 35 [2, 6] combined 0 players 0 retained 0 seconds 0.0030130259692668915
sset_21_gloiZ_gTJaE_frame_00100347 pair 36 [2, 7] combined 0 players 0 retained 0 seconds 0.00265588890761137
sset_21_gloiZ_gTJaE_frame_00100347 pair 40 [2, 11] combined 0 players 0 retained 0 seconds 0.005921884905546904
sset_21_gloiZ_gTJaE_frame_00100347 pair 41 [2, 12] combined 0 players 0 retained 0 seconds 0.00283316383138299
sset_21_gloiZ_gTJaE_frame_00100347 pair 42 [2, 13] combined 0 players 0 retained 0 seconds 0.0023380815982818604
sset_21_gloiZ_gTJaE_frame_00100347 pair 47 [3, 2] combined 0 players 0 retained 0 seconds 0.00666835205629468
sset_21_gloiZ_gTJaE_frame_00100347 pair 65 [4, 6] combined 0 players 0 retained 0 seconds 0.0037460816092789173
sset_21_gloiZ_gTJaE_frame_00100347 pair 66 [4, 7] combined 656 players 0 retained 0 seconds 0.007311501074582338
sset_21_gloiZ_gTJaE_frame_00100347 pair 70 [4, 11] combined 0 players 0 retained 0 seconds 0.004673315212130547
sset_21_gloiZ_gTJaE_frame_00100347 pair 71 [4, 12] combined 0 players 0 retained 0 seconds 0.0028265737928450108
sset_21_gloiZ_gTJaE_frame_00100347 pair 72 [4, 13] combined 0 players 0 retained 0 seconds 0.0023887120187282562
sset_21_gloiZ_gTJaE_frame_00100347 pair 77 [5, 2] combined 0 players 0 retained 0 seconds 0.007329372223466635
sset_21_gloiZ_gTJaE_frame_00100347 pair 91 [6, 1] combined 0 players 0 retained 0 seconds 0.0030621900223195553
sset_21_gloiZ_gTJaE_frame_00100347 pair 92 [6, 2] combined 128 players 0 retained 0 seconds 0.003892841748893261
sset_21_gloiZ_gTJaE_frame_00100347 pair 94 [6, 4] combined 0 players 0 retained 0 seconds 0.00326904421672225
sset_21_gloiZ_gTJaE_frame_00100347 pair 97 [6, 8] combined 0 players 0 retained 0 seconds 0.0022500399500131607
sset_21_gloiZ_gTJaE_frame_00100347 pair 98 [6, 9] combined 0 players 0 retained 0 seconds 0.0027717119082808495
sset_21_gloiZ_gTJaE_frame_00100347 pair 99 [6, 10] combined 0 players 0 retained 0 seconds 0.0026246379129588604
sset_21_gloiZ_gTJaE_frame_00100347 pair 103 [6, 14] combined 0 players 0 retained 0 seconds 0.0028099962510168552
sset_21_gloiZ_gTJaE_frame_00100347 pair 106 [7, 1] combined 0 players 0 retained 0 seconds 0.003233410883694887
sset_21_gloiZ_gTJaE_frame_00100347 pair 107 [7, 2] combined 0 players 0 retained 0 seconds 0.0030174688436090946
sset_21_gloiZ_gTJaE_frame_00100347 pair 109 [7, 4] combined 432 players 0 retained 0 seconds 0.005829403176903725
sset_21_gloiZ_gTJaE_frame_00100347 pair 112 [7, 8] combined 0 players 0 retained 0 seconds 0.003057538066059351
sset_21_gloiZ_gTJaE_frame_00100347 pair 113 [7, 9] combined 0 players 0 retained 0 seconds 0.0030955388210713863
sset_21_gloiZ_gTJaE_frame_00100347 pair 114 [7, 10] combined 0 players 0 retained 0 seconds 0.0031500859186053276
sset_21_gloiZ_gTJaE_frame_00100347 pair 118 [7, 14] combined 0 players 0 retained 0 seconds 0.003097119275480509
sset_21_gloiZ_gTJaE_frame_00100347 pair 126 [8, 6] combined 0 players 0 retained 0 seconds 0.0020599709823727608
sset_21_gloiZ_gTJaE_frame_00100347 pair 127 [8, 7] combined 0 players 0 retained 0 seconds 0.002228833269327879
sset_21_gloiZ_gTJaE_frame_00100347 pair 130 [8, 11] combined 0 players 0 retained 0 seconds 0.0024177408777177334
sset_21_gloiZ_gTJaE_frame_00100347 pair 132 [8, 13] combined 0 players 0 retained 0 seconds 0.0018789153546094894
sset_21_gloiZ_gTJaE_frame_00100347 pair 141 [9, 6] combined 0 players 0 retained 0 seconds 0.003389416728168726
sset_21_gloiZ_gTJaE_frame_00100347 pair 142 [9, 7] combined 0 players 0 retained 0 seconds 0.0029445309191942215
sset_21_gloiZ_gTJaE_frame_00100347 pair 145 [9, 11] combined 0 players 0 retained 0 seconds 0.0027731992304325104
sset_21_gloiZ_gTJaE_frame_00100347 pair 146 [9, 12] combined 0 players 0 retained 0 seconds 0.002219904214143753
sset_21_gloiZ_gTJaE_frame_00100347 pair 147 [9, 13] combined 0 players 0 retained 0 seconds 0.002237325068563223
sset_21_gloiZ_gTJaE_frame_00100347 pair 156 [10, 6] combined 0 players 0 retained 0 seconds 0.0026490590535104275
sset_21_gloiZ_gTJaE_frame_00100347 pair 157 [10, 7] combined 0 players 0 retained 0 seconds 0.00279433885589242
sset_21_gloiZ_gTJaE_frame_00100347 pair 160 [10, 11] combined 0 players 0 retained 0 seconds 0.0028077419847249985
sset_21_gloiZ_gTJaE_frame_00100347 pair 161 [10, 12] combined 0 players 0 retained 0 seconds 0.0019322242587804794
sset_21_gloiZ_gTJaE_frame_00100347 pair 162 [10, 13] combined 0 players 0 retained 0 seconds 0.001862950623035431
sset_21_gloiZ_gTJaE_frame_00100347 pair 166 [11, 1] combined 12 players 0 retained 0 seconds 0.0037039699964225292
sset_21_gloiZ_gTJaE_frame_00100347 pair 167 [11, 2] combined 120 players 0 retained 0 seconds 0.004615074023604393
sset_21_gloiZ_gTJaE_frame_00100347 pair 169 [11, 4] combined 0 players 0 retained 0 seconds 0.0039060129784047604
sset_21_gloiZ_gTJaE_frame_00100347 pair 173 [11, 8] combined 0 players 0 retained 0 seconds 0.0027007050812244415
sset_21_gloiZ_gTJaE_frame_00100347 pair 174 [11, 9] combined 4 players 0 retained 0 seconds 0.0030076680704951286
sset_21_gloiZ_gTJaE_frame_00100347 pair 175 [11, 10] combined 0 players 0 retained 0 seconds 0.0029395180754363537
sset_21_gloiZ_gTJaE_frame_00100347 pair 178 [11, 14] combined 4 players 0 retained 0 seconds 0.003085225820541382
sset_21_gloiZ_gTJaE_frame_00100347 pair 179 [11, 15] combined 0 players 0 retained 0 seconds 0.0029144990257918835
sset_21_gloiZ_gTJaE_frame_00100347 pair 181 [12, 1] combined 0 players 0 retained 0 seconds 0.002641197293996811
sset_21_gloiZ_gTJaE_frame_00100347 pair 182 [12, 2] combined 0 players 0 retained 0 seconds 0.0026336428709328175
sset_21_gloiZ_gTJaE_frame_00100347 pair 184 [12, 4] combined 0 players 0 retained 0 seconds 0.0027167657390236855
sset_21_gloiZ_gTJaE_frame_00100347 pair 189 [12, 9] combined 0 players 0 retained 0 seconds 0.0022705169394612312
sset_21_gloiZ_gTJaE_frame_00100347 pair 190 [12, 10] combined 0 players 0 retained 0 seconds 0.0019054319709539413
sset_21_gloiZ_gTJaE_frame_00100347 pair 193 [12, 14] combined 0 players 0 retained 0 seconds 0.0023005963303148746
sset_21_gloiZ_gTJaE_frame_00100347 pair 196 [13, 1] combined 0 players 0 retained 0 seconds 0.003016380127519369
sset_21_gloiZ_gTJaE_frame_00100347 pair 197 [13, 2] combined 0 players 0 retained 0 seconds 0.0032376348972320557
sset_21_gloiZ_gTJaE_frame_00100347 pair 199 [13, 4] combined 0 players 0 retained 0 seconds 0.0033776313066482544
sset_21_gloiZ_gTJaE_frame_00100347 pair 203 [13, 8] combined 0 players 0 retained 0 seconds 0.0019515538588166237
sset_21_gloiZ_gTJaE_frame_00100347 pair 204 [13, 9] combined 0 players 0 retained 0 seconds 0.0022512366995215416
sset_21_gloiZ_gTJaE_frame_00100347 pair 205 [13, 10] combined 0 players 0 retained 0 seconds 0.0018748347647488117
sset_21_gloiZ_gTJaE_frame_00100347 pair 216 [14, 6] combined 0 players 0 retained 0 seconds 0.0036675366573035717
sset_21_gloiZ_gTJaE_frame_00100347 pair 217 [14, 7] combined 0 players 0 retained 0 seconds 0.003244590014219284
sset_21_gloiZ_gTJaE_frame_00100347 pair 221 [14, 11] combined 0 players 0 retained 0 seconds 0.003257080912590027
sset_21_gloiZ_gTJaE_frame_00100347 pair 222 [14, 12] combined 0 players 0 retained 0 seconds 0.0022662230767309666
sset_21_gloiZ_gTJaE_frame_00100347 pair 236 [15, 11] combined 0 players 0 retained 0 seconds 0.002973148599267006
[sset_21_gloiZ_gTJaE_frame_00100347] line-template: preparing rectangles
[sset_21_gloiZ_gTJaE_frame_00100347] measuring 512 parents (G0=256, G1=0, line_template=256; conflicting geometry groups=0)
[sset_21_gloiZ_gTJaE_frame_00100347] parents 250/512
[sset_21_gloiZ_gTJaE_frame_00100347] parents 500/512
[sset_21_gloiZ_gTJaE_frame_00100347] refitting 512 parents
[sset_21_gloiZ_gTJaE_frame_00100347] refits 250/512; valid children=190
[sset_21_gloiZ_gTJaE_frame_00100347] refits 500/512; valid children=418
{"view_id": "sset_21_gloiZ_gTJaE_frame_00100347", "chosen_key": "G0:197:409", "no_court_reason": null, "all_checks_equal": null, "error": null}
sset_21_gloiZ_gTJaE_frame_00000300 pair 5 [0, 6] combined 0 players 0 retained 0 seconds 0.15167042706161737
sset_21_gloiZ_gTJaE_frame_00000300 pair 16 [1, 2] combined 0 players 0 retained 0 seconds 0.057552591897547245
sset_21_gloiZ_gTJaE_frame_00000300 pair 18 [1, 4] combined 0 players 0 retained 0 seconds 0.050700506661087275
sset_21_gloiZ_gTJaE_frame_00000300 pair 21 [1, 7] combined 0 players 0 retained 0 seconds 0.051535394974052906
sset_21_gloiZ_gTJaE_frame_00000300 pair 22 [1, 8] combined 0 players 0 retained 0 seconds 0.05060735018923879
sset_21_gloiZ_gTJaE_frame_00000300 pair 24 [1, 10] combined 0 players 0 retained 0 seconds 0.05093104997649789
sset_21_gloiZ_gTJaE_frame_00000300 pair 25 [1, 11] combined 0 players 0 retained 0 seconds 0.05020456528291106
sset_21_gloiZ_gTJaE_frame_00000300 pair 26 [1, 12] combined 0 players 0 retained 0 seconds 0.057309560012072325
sset_21_gloiZ_gTJaE_frame_00000300 pair 28 [1, 14] combined 0 players 0 retained 0 seconds 0.04971132520586252
sset_21_gloiZ_gTJaE_frame_00000300 pair 29 [1, 15] combined 0 players 0 retained 0 seconds 0.049137783236801624
sset_21_gloiZ_gTJaE_frame_00000300 pair 31 [2, 1] combined 0 players 0 retained 0 seconds 0.04531409591436386
sset_21_gloiZ_gTJaE_frame_00000300 pair 34 [2, 5] combined 0 players 0 retained 0 seconds 0.038890913128852844
sset_21_gloiZ_gTJaE_frame_00000300 pair 35 [2, 6] combined 0 players 0 retained 0 seconds 0.036384208127856255
sset_21_gloiZ_gTJaE_frame_00000300 pair 38 [2, 9] combined 0 players 0 retained 0 seconds 0.03525594295933843
sset_21_gloiZ_gTJaE_frame_00000300 pair 41 [2, 12] combined 0 players 0 retained 0 seconds 0.04149826895445585
sset_21_gloiZ_gTJaE_frame_00000300 pair 42 [2, 13] combined 0 players 0 retained 0 seconds 0.03350530890747905
sset_21_gloiZ_gTJaE_frame_00000300 pair 50 [3, 6] combined 0 players 0 retained 0 seconds 0.10338117275387049
sset_21_gloiZ_gTJaE_frame_00000300 pair 61 [4, 1] combined 0 players 0 retained 0 seconds 0.025091826915740967
sset_21_gloiZ_gTJaE_frame_00000300 pair 64 [4, 5] combined 0 players 0 retained 0 seconds 0.017667153850197792
sset_21_gloiZ_gTJaE_frame_00000300 pair 65 [4, 6] combined 0 players 0 retained 0 seconds 0.015486324205994606
sset_21_gloiZ_gTJaE_frame_00000300 pair 68 [4, 9] combined 0 players 0 retained 0 seconds 0.013553849887102842
sset_21_gloiZ_gTJaE_frame_00000300 pair 77 [5, 2] combined 0 players 0 retained 0 seconds 0.033684223890304565
sset_21_gloiZ_gTJaE_frame_00000300 pair 79 [5, 4] combined 0 players 0 retained 0 seconds 0.026844298001378775
sset_21_gloiZ_gTJaE_frame_00000300 pair 81 [5, 7] combined 0 players 0 retained 0 seconds 0.027788017876446247
sset_21_gloiZ_gTJaE_frame_00000300 pair 82 [5, 8] combined 0 players 0 retained 0 seconds 0.02729384321719408
sset_21_gloiZ_gTJaE_frame_00000300 pair 84 [5, 10] combined 0 players 0 retained 0 seconds 0.026135358028113842
sset_21_gloiZ_gTJaE_frame_00000300 pair 85 [5, 11] combined 0 players 0 retained 0 seconds 0.024954534135758877
sset_21_gloiZ_gTJaE_frame_00000300 pair 88 [5, 14] combined 0 players 0 retained 0 seconds 0.025210342835634947
sset_21_gloiZ_gTJaE_frame_00000300 pair 89 [5, 15] combined 0 players 0 retained 0 seconds 0.025327632203698158
sset_21_gloiZ_gTJaE_frame_00000300 pair 90 [6, 0] combined 0 players 0 retained 0 seconds 0.05957574211061001
sset_21_gloiZ_gTJaE_frame_00000300 pair 92 [6, 2] combined 0 players 0 retained 0 seconds 0.025191258639097214
sset_21_gloiZ_gTJaE_frame_00000300 pair 93 [6, 3] combined 0 players 0 retained 0 seconds 0.04626568220555782
sset_21_gloiZ_gTJaE_frame_00000300 pair 94 [6, 4] combined 0 players 0 retained 0 seconds 0.01903684390708804
sset_21_gloiZ_gTJaE_frame_00000300 pair 96 [6, 7] combined 0 players 0 retained 0 seconds 0.020114629063755274
sset_21_gloiZ_gTJaE_frame_00000300 pair 97 [6, 8] combined 0 players 0 retained 0 seconds 0.019026814959943295
sset_21_gloiZ_gTJaE_frame_00000300 pair 99 [6, 10] combined 0 players 0 retained 0 seconds 0.01844728598371148
sset_21_gloiZ_gTJaE_frame_00000300 pair 100 [6, 11] combined 0 players 0 retained 0 seconds 0.015791803132742643
sset_21_gloiZ_gTJaE_frame_00000300 pair 101 [6, 12] combined 0 players 0 retained 0 seconds 0.02506444090977311
sset_21_gloiZ_gTJaE_frame_00000300 pair 103 [6, 14] combined 0 players 0 retained 0 seconds 0.01756137702614069
sset_21_gloiZ_gTJaE_frame_00000300 pair 104 [6, 15] combined 0 players 0 retained 0 seconds 0.01740999612957239
sset_21_gloiZ_gTJaE_frame_00000300 pair 106 [7, 1] combined 0 players 0 retained 0 seconds 0.02866089716553688
sset_21_gloiZ_gTJaE_frame_00000300 pair 110 [7, 5] combined 0 players 0 retained 0 seconds 0.021149681881070137
sset_21_gloiZ_gTJaE_frame_00000300 pair 111 [7, 6] combined 0 players 0 retained 0 seconds 0.018715084996074438
sset_21_gloiZ_gTJaE_frame_00000300 pair 113 [7, 9] combined 0 players 0 retained 0 seconds 0.01870512729510665
sset_21_gloiZ_gTJaE_frame_00000300 pair 117 [7, 13] combined 0 players 0 retained 0 seconds 0.01760915294289589
sset_21_gloiZ_gTJaE_frame_00000300 pair 121 [8, 1] combined 0 players 0 retained 0 seconds 0.0253921952098608
sset_21_gloiZ_gTJaE_frame_00000300 pair 125 [8, 5] combined 0 players 0 retained 0 seconds 0.018339464906603098
sset_21_gloiZ_gTJaE_frame_00000300 pair 126 [8, 6] combined 0 players 0 retained 0 seconds 0.015671445056796074
sset_21_gloiZ_gTJaE_frame_00000300 pair 128 [8, 9] combined 0 players 0 retained 0 seconds 0.013284737709909678
sset_21_gloiZ_gTJaE_frame_00000300 pair 137 [9, 2] combined 0 players 0 retained 0 seconds 0.019935745280236006
sset_21_gloiZ_gTJaE_frame_00000300 pair 139 [9, 4] combined 0 players 0 retained 0 seconds 0.013723732903599739
sset_21_gloiZ_gTJaE_frame_00000300 pair 142 [9, 7] combined 0 players 0 retained 0 seconds 0.015231367200613022
sset_21_gloiZ_gTJaE_frame_00000300 pair 143 [9, 8] combined 0 players 0 retained 0 seconds 0.012185593135654926
sset_21_gloiZ_gTJaE_frame_00000300 pair 144 [9, 10] combined 0 players 0 retained 0 seconds 0.013383457902818918
sset_21_gloiZ_gTJaE_frame_00000300 pair 145 [9, 11] combined 0 players 0 retained 0 seconds 0.012417877092957497
sset_21_gloiZ_gTJaE_frame_00000300 pair 148 [9, 14] combined 0 players 0 retained 0 seconds 0.012275916989892721
sset_21_gloiZ_gTJaE_frame_00000300 pair 149 [9, 15] combined 0 players 0 retained 0 seconds 0.012403685599565506
sset_21_gloiZ_gTJaE_frame_00000300 pair 151 [10, 1] combined 0 players 0 retained 0 seconds 0.023738843388855457
sset_21_gloiZ_gTJaE_frame_00000300 pair 155 [10, 5] combined 0 players 0 retained 0 seconds 0.016702380031347275
sset_21_gloiZ_gTJaE_frame_00000300 pair 156 [10, 6] combined 0 players 0 retained 0 seconds 0.013937531039118767
sset_21_gloiZ_gTJaE_frame_00000300 pair 159 [10, 9] combined 0 players 0 retained 0 seconds 0.01261680293828249
sset_21_gloiZ_gTJaE_frame_00000300 pair 166 [11, 1] combined 0 players 0 retained 0 seconds 0.021306440234184265
sset_21_gloiZ_gTJaE_frame_00000300 pair 170 [11, 5] combined 0 players 0 retained 0 seconds 0.01231797132641077
sset_21_gloiZ_gTJaE_frame_00000300 pair 171 [11, 6] combined 0 players 0 retained 0 seconds 0.010453753173351288
sset_21_gloiZ_gTJaE_frame_00000300 pair 174 [11, 9] combined 0 players 0 retained 0 seconds 0.009984796866774559
sset_21_gloiZ_gTJaE_frame_00000300 pair 181 [12, 1] combined 0 players 0 retained 0 seconds 0.0462962007150054
sset_21_gloiZ_gTJaE_frame_00000300 pair 182 [12, 2] combined 0 players 0 retained 0 seconds 0.04099990613758564
sset_21_gloiZ_gTJaE_frame_00000300 pair 186 [12, 6] combined 0 players 0 retained 0 seconds 0.03635959280654788
sset_21_gloiZ_gTJaE_frame_00000300 pair 197 [13, 2] combined 0 players 0 retained 0 seconds 0.016491321846842766
sset_21_gloiZ_gTJaE_frame_00000300 pair 202 [13, 7] combined 0 players 0 retained 0 seconds 0.011400287970900536
sset_21_gloiZ_gTJaE_frame_00000300 pair 211 [14, 1] combined 0 players 0 retained 0 seconds 0.021625603549182415
sset_21_gloiZ_gTJaE_frame_00000300 pair 215 [14, 5] combined 0 players 0 retained 0 seconds 0.013622900936752558
sset_21_gloiZ_gTJaE_frame_00000300 pair 216 [14, 6] combined 0 players 0 retained 0 seconds 0.012217490933835506
sset_21_gloiZ_gTJaE_frame_00000300 pair 219 [14, 9] combined 0 players 0 retained 0 seconds 0.009728817734867334
sset_21_gloiZ_gTJaE_frame_00000300 pair 226 [15, 1] combined 0 players 0 retained 0 seconds 0.02123767603188753
sset_21_gloiZ_gTJaE_frame_00000300 pair 230 [15, 5] combined 0 players 0 retained 0 seconds 0.014155623968690634
sset_21_gloiZ_gTJaE_frame_00000300 pair 231 [15, 6] combined 0 players 0 retained 0 seconds 0.01138324337080121
sset_21_gloiZ_gTJaE_frame_00000300 pair 234 [15, 9] combined 0 players 0 retained 0 seconds 0.010119493119418621
sset_21_gloiZ_gTJaE_frame_00000300 pair 5 [0, 6] combined 0 players 0 retained 0 seconds 0.06450027413666248
sset_21_gloiZ_gTJaE_frame_00000300 pair 16 [1, 2] combined 0 players 0 retained 0 seconds 0.009299274068325758
sset_21_gloiZ_gTJaE_frame_00000300 pair 18 [1, 4] combined 0 players 0 retained 0 seconds 0.008545828983187675
sset_21_gloiZ_gTJaE_frame_00000300 pair 21 [1, 7] combined 0 players 0 retained 0 seconds 0.00843235058709979
sset_21_gloiZ_gTJaE_frame_00000300 pair 22 [1, 8] combined 0 players 0 retained 0 seconds 0.008681724779307842
sset_21_gloiZ_gTJaE_frame_00000300 pair 24 [1, 10] combined 0 players 0 retained 0 seconds 0.008261186070740223
sset_21_gloiZ_gTJaE_frame_00000300 pair 25 [1, 11] combined 0 players 0 retained 0 seconds 0.008113386109471321
sset_21_gloiZ_gTJaE_frame_00000300 pair 26 [1, 12] combined 0 players 0 retained 0 seconds 0.011796030215919018
sset_21_gloiZ_gTJaE_frame_00000300 pair 28 [1, 14] combined 0 players 0 retained 0 seconds 0.008417300414294004
sset_21_gloiZ_gTJaE_frame_00000300 pair 29 [1, 15] combined 0 players 0 retained 0 seconds 0.008588649332523346
sset_21_gloiZ_gTJaE_frame_00000300 pair 31 [2, 1] combined 0 players 0 retained 0 seconds 0.006924965884536505
sset_21_gloiZ_gTJaE_frame_00000300 pair 34 [2, 5] combined 0 players 0 retained 0 seconds 0.005944820120930672
sset_21_gloiZ_gTJaE_frame_00000300 pair 35 [2, 6] combined 0 players 0 retained 0 seconds 0.005815266165882349
sset_21_gloiZ_gTJaE_frame_00000300 pair 38 [2, 9] combined 0 players 0 retained 0 seconds 0.0053031109273433685
sset_21_gloiZ_gTJaE_frame_00000300 pair 41 [2, 12] combined 0 players 0 retained 0 seconds 0.008279631845653057
sset_21_gloiZ_gTJaE_frame_00000300 pair 42 [2, 13] combined 0 players 0 retained 0 seconds 0.005514318123459816
sset_21_gloiZ_gTJaE_frame_00000300 pair 50 [3, 6] combined 0 players 0 retained 0 seconds 0.02218353981152177
sset_21_gloiZ_gTJaE_frame_00000300 pair 61 [4, 1] combined 0 players 0 retained 0 seconds 0.004476633854210377
sset_21_gloiZ_gTJaE_frame_00000300 pair 64 [4, 5] combined 0 players 0 retained 0 seconds 0.00332277687266469
sset_21_gloiZ_gTJaE_frame_00000300 pair 65 [4, 6] combined 0 players 0 retained 0 seconds 0.002901763189584017
sset_21_gloiZ_gTJaE_frame_00000300 pair 68 [4, 9] combined 0 players 0 retained 0 seconds 0.0027699298225343227
sset_21_gloiZ_gTJaE_frame_00000300 pair 77 [5, 2] combined 0 players 0 retained 0 seconds 0.005934717133641243
sset_21_gloiZ_gTJaE_frame_00000300 pair 79 [5, 4] combined 0 players 0 retained 0 seconds 0.0049558100290596485
sset_21_gloiZ_gTJaE_frame_00000300 pair 81 [5, 7] combined 0 players 0 retained 0 seconds 0.0050384271889925
sset_21_gloiZ_gTJaE_frame_00000300 pair 82 [5, 8] combined 0 players 0 retained 0 seconds 0.00536128506064415
sset_21_gloiZ_gTJaE_frame_00000300 pair 84 [5, 10] combined 0 players 0 retained 0 seconds 0.004951927345246077
sset_21_gloiZ_gTJaE_frame_00000300 pair 85 [5, 11] combined 0 players 0 retained 0 seconds 0.004808199126273394
sset_21_gloiZ_gTJaE_frame_00000300 pair 88 [5, 14] combined 0 players 0 retained 0 seconds 0.00488253403455019
sset_21_gloiZ_gTJaE_frame_00000300 pair 89 [5, 15] combined 0 players 0 retained 0 seconds 0.005188414361327887
sset_21_gloiZ_gTJaE_frame_00000300 pair 90 [6, 0] combined 0 players 0 retained 0 seconds 0.022623471915721893
sset_21_gloiZ_gTJaE_frame_00000300 pair 92 [6, 2] combined 0 players 0 retained 0 seconds 0.0048836590722203255
sset_21_gloiZ_gTJaE_frame_00000300 pair 93 [6, 3] combined 0 players 0 retained 0 seconds 0.009709550999104977
sset_21_gloiZ_gTJaE_frame_00000300 pair 94 [6, 4] combined 0 players 0 retained 0 seconds 0.003994602244347334
sset_21_gloiZ_gTJaE_frame_00000300 pair 96 [6, 7] combined 0 players 0 retained 0 seconds 0.004273568745702505
sset_21_gloiZ_gTJaE_frame_00000300 pair 97 [6, 8] combined 0 players 0 retained 0 seconds 0.004027673043310642
sset_21_gloiZ_gTJaE_frame_00000300 pair 99 [6, 10] combined 0 players 0 retained 0 seconds 0.0037395069375634193
sset_21_gloiZ_gTJaE_frame_00000300 pair 100 [6, 11] combined 0 players 0 retained 0 seconds 0.0036481181159615517
sset_21_gloiZ_gTJaE_frame_00000300 pair 101 [6, 12] combined 0 players 0 retained 0 seconds 0.007231999188661575
sset_21_gloiZ_gTJaE_frame_00000300 pair 103 [6, 14] combined 0 players 0 retained 0 seconds 0.003921105992048979
sset_21_gloiZ_gTJaE_frame_00000300 pair 104 [6, 15] combined 0 players 0 retained 0 seconds 0.003995321225374937
sset_21_gloiZ_gTJaE_frame_00000300 pair 106 [7, 1] combined 0 players 0 retained 0 seconds 0.0045621381141245365
sset_21_gloiZ_gTJaE_frame_00000300 pair 110 [7, 5] combined 0 players 0 retained 0 seconds 0.0035991137847304344
sset_21_gloiZ_gTJaE_frame_00000300 pair 111 [7, 6] combined 0 players 0 retained 0 seconds 0.0037353448569774628
sset_21_gloiZ_gTJaE_frame_00000300 pair 113 [7, 9] combined 0 players 0 retained 0 seconds 0.0033322409726679325
sset_21_gloiZ_gTJaE_frame_00000300 pair 117 [7, 13] combined 0 players 0 retained 0 seconds 0.0032614348456263542
sset_21_gloiZ_gTJaE_frame_00000300 pair 121 [8, 1] combined 0 players 0 retained 0 seconds 0.00482139503583312
sset_21_gloiZ_gTJaE_frame_00000300 pair 125 [8, 5] combined 0 players 0 retained 0 seconds 0.004016098100692034
sset_21_gloiZ_gTJaE_frame_00000300 pair 126 [8, 6] combined 0 players 0 retained 0 seconds 0.0037390789948403835
sset_21_gloiZ_gTJaE_frame_00000300 pair 128 [8, 9] combined 0 players 0 retained 0 seconds 0.002921933773905039
sset_21_gloiZ_gTJaE_frame_00000300 pair 137 [9, 2] combined 0 players 0 retained 0 seconds 0.003964988049119711
sset_21_gloiZ_gTJaE_frame_00000300 pair 139 [9, 4] combined 0 players 0 retained 0 seconds 0.003097069449722767
sset_21_gloiZ_gTJaE_frame_00000300 pair 142 [9, 7] combined 0 players 0 retained 0 seconds 0.003329689148813486
sset_21_gloiZ_gTJaE_frame_00000300 pair 143 [9, 8] combined 0 players 0 retained 0 seconds 0.0031937388703227043
sset_21_gloiZ_gTJaE_frame_00000300 pair 144 [9, 10] combined 0 players 0 retained 0 seconds 0.0031388532370328903
sset_21_gloiZ_gTJaE_frame_00000300 pair 145 [9, 11] combined 0 players 0 retained 0 seconds 0.0029247566126286983
sset_21_gloiZ_gTJaE_frame_00000300 pair 148 [9, 14] combined 0 players 0 retained 0 seconds 0.0030389432795345783
sset_21_gloiZ_gTJaE_frame_00000300 pair 149 [9, 15] combined 0 players 0 retained 0 seconds 0.003165731206536293
sset_21_gloiZ_gTJaE_frame_00000300 pair 151 [10, 1] combined 0 players 0 retained 0 seconds 0.004156087059527636
sset_21_gloiZ_gTJaE_frame_00000300 pair 155 [10, 5] combined 0 players 0 retained 0 seconds 0.003395657055079937
sset_21_gloiZ_gTJaE_frame_00000300 pair 156 [10, 6] combined 0 players 0 retained 0 seconds 0.002856581937521696
sset_21_gloiZ_gTJaE_frame_00000300 pair 159 [10, 9] combined 0 players 0 retained 0 seconds 0.0025381729938089848
sset_21_gloiZ_gTJaE_frame_00000300 pair 166 [11, 1] combined 0 players 0 retained 0 seconds 0.003979346249252558
sset_21_gloiZ_gTJaE_frame_00000300 pair 170 [11, 5] combined 0 players 0 retained 0 seconds 0.0029857810586690903
sset_21_gloiZ_gTJaE_frame_00000300 pair 171 [11, 6] combined 0 players 0 retained 0 seconds 0.0027674371376633644
sset_21_gloiZ_gTJaE_frame_00000300 pair 174 [11, 9] combined 0 players 0 retained 0 seconds 0.0024464591406285763
sset_21_gloiZ_gTJaE_frame_00000300 pair 181 [12, 1] combined 0 players 0 retained 0 seconds 0.014609170146286488
sset_21_gloiZ_gTJaE_frame_00000300 pair 182 [12, 2] combined 0 players 0 retained 0 seconds 0.013912132009863853
sset_21_gloiZ_gTJaE_frame_00000300 pair 186 [12, 6] combined 0 players 0 retained 0 seconds 0.013518567197024822
sset_21_gloiZ_gTJaE_frame_00000300 pair 197 [13, 2] combined 0 players 0 retained 0 seconds 0.004042415879666805
sset_21_gloiZ_gTJaE_frame_00000300 pair 202 [13, 7] combined 0 players 0 retained 0 seconds 0.00329086696729064
sset_21_gloiZ_gTJaE_frame_00000300 pair 211 [14, 1] combined 0 players 0 retained 0 seconds 0.0042436798103153706
sset_21_gloiZ_gTJaE_frame_00000300 pair 215 [14, 5] combined 0 players 0 retained 0 seconds 0.0032928320579230785
sset_21_gloiZ_gTJaE_frame_00000300 pair 216 [14, 6] combined 0 players 0 retained 0 seconds 0.0027404138818383217
sset_21_gloiZ_gTJaE_frame_00000300 pair 219 [14, 9] combined 0 players 0 retained 0 seconds 0.0024720747023820877
sset_21_gloiZ_gTJaE_frame_00000300 pair 226 [15, 1] combined 0 players 0 retained 0 seconds 0.0044227950274944305
sset_21_gloiZ_gTJaE_frame_00000300 pair 230 [15, 5] combined 0 players 0 retained 0 seconds 0.0034966981038451195
sset_21_gloiZ_gTJaE_frame_00000300 pair 231 [15, 6] combined 0 players 0 retained 0 seconds 0.0031028329394757748
sset_21_gloiZ_gTJaE_frame_00000300 pair 234 [15, 9] combined 0 players 0 retained 0 seconds 0.0029953899793326855
[sset_21_gloiZ_gTJaE_frame_00000300] line-template: preparing rectangles
[sset_21_gloiZ_gTJaE_frame_00000300] measuring 256 parents (G0=0, G1=0, line_template=256; conflicting geometry groups=0)
[sset_21_gloiZ_gTJaE_frame_00000300] parents 250/256
[sset_21_gloiZ_gTJaE_frame_00000300] refitting 256 parents
[sset_21_gloiZ_gTJaE_frame_00000300] refits 250/256; valid children=186
{"view_id": "sset_21_gloiZ_gTJaE_frame_00000300", "chosen_key": null, "no_court_reason": "no_gated_court", "all_checks_equal": null, "error": null}
sset_21_gloiZ_gTJaE_frame_00023893 pair 0 [0, 1] combined 0 players 0 retained 0 seconds 0.018588522914797068
sset_21_gloiZ_gTJaE_frame_00023893 pair 1 [0, 2] combined 0 players 0 retained 0 seconds 0.015687434934079647
sset_21_gloiZ_gTJaE_frame_00023893 pair 2 [0, 3] combined 0 players 0 retained 0 seconds 0.01539961900562048
sset_21_gloiZ_gTJaE_frame_00023893 pair 3 [0, 4] combined 0 players 0 retained 0 seconds 0.015498026739805937
sset_21_gloiZ_gTJaE_frame_00023893 pair 4 [0, 5] combined 0 players 0 retained 0 seconds 0.015463379677385092
sset_21_gloiZ_gTJaE_frame_00023893 pair 5 [0, 6] combined 0 players 0 retained 0 seconds 0.015535617712885141
sset_21_gloiZ_gTJaE_frame_00023893 pair 6 [0, 7] combined 0 players 0 retained 0 seconds 0.01573135517537594
sset_21_gloiZ_gTJaE_frame_00023893 pair 7 [0, 8] combined 0 players 0 retained 0 seconds 0.01569437514990568
sset_21_gloiZ_gTJaE_frame_00023893 pair 8 [0, 9] combined 0 players 0 retained 0 seconds 0.015461711212992668
sset_21_gloiZ_gTJaE_frame_00023893 pair 9 [0, 10] combined 0 players 0 retained 0 seconds 0.015480970032513142
sset_21_gloiZ_gTJaE_frame_00023893 pair 11 [0, 12] combined 0 players 0 retained 0 seconds 0.016022526659071445
sset_21_gloiZ_gTJaE_frame_00023893 pair 13 [0, 14] combined 0 players 0 retained 0 seconds 0.015294170007109642
sset_21_gloiZ_gTJaE_frame_00023893 pair 15 [1, 0] combined 0 players 0 retained 0 seconds 0.015134734101593494
sset_21_gloiZ_gTJaE_frame_00023893 pair 30 [2, 0] combined 0 players 0 retained 0 seconds 0.010036651045084
sset_21_gloiZ_gTJaE_frame_00023893 pair 45 [3, 0] combined 0 players 0 retained 0 seconds 0.009972419124096632
sset_21_gloiZ_gTJaE_frame_00023893 pair 60 [4, 0] combined 0 players 0 retained 0 seconds 0.009159130044281483
sset_21_gloiZ_gTJaE_frame_00023893 pair 75 [5, 0] combined 0 players 0 retained 0 seconds 0.00940854987129569
sset_21_gloiZ_gTJaE_frame_00023893 pair 85 [5, 11] combined 0 players 0 retained 0 seconds 0.00366762513294816
sset_21_gloiZ_gTJaE_frame_00023893 pair 90 [6, 0] combined 0 players 0 retained 0 seconds 0.009194649290293455
sset_21_gloiZ_gTJaE_frame_00023893 pair 105 [7, 0] combined 0 players 0 retained 0 seconds 0.009882534854114056
sset_21_gloiZ_gTJaE_frame_00023893 pair 120 [8, 0] combined 0 players 0 retained 0 seconds 0.008625267073512077
sset_21_gloiZ_gTJaE_frame_00023893 pair 135 [9, 0] combined 0 players 0 retained 0 seconds 0.008900931105017662
sset_21_gloiZ_gTJaE_frame_00023893 pair 150 [10, 0] combined 0 players 0 retained 0 seconds 0.008698069956153631
sset_21_gloiZ_gTJaE_frame_00023893 pair 170 [11, 5] combined 0 players 0 retained 0 seconds 0.0037294598296284676
sset_21_gloiZ_gTJaE_frame_00023893 pair 179 [11, 15] combined 0 players 0 retained 0 seconds 0.003998693078756332
sset_21_gloiZ_gTJaE_frame_00023893 pair 180 [12, 0] combined 0 players 0 retained 0 seconds 0.009653905406594276
sset_21_gloiZ_gTJaE_frame_00023893 pair 210 [14, 0] combined 0 players 0 retained 0 seconds 0.008712646551430225
sset_21_gloiZ_gTJaE_frame_00023893 pair 236 [15, 11] combined 0 players 0 retained 0 seconds 0.0038207820616662502
sset_21_gloiZ_gTJaE_frame_00023893 pair 0 [0, 1] combined 0 players 0 retained 0 seconds 0.0031947861425578594
sset_21_gloiZ_gTJaE_frame_00023893 pair 1 [0, 2] combined 0 players 0 retained 0 seconds 0.002501073759049177
sset_21_gloiZ_gTJaE_frame_00023893 pair 2 [0, 3] combined 0 players 0 retained 0 seconds 0.002884525805711746
sset_21_gloiZ_gTJaE_frame_00023893 pair 3 [0, 4] combined 0 players 0 retained 0 seconds 0.0025144084356725216
sset_21_gloiZ_gTJaE_frame_00023893 pair 4 [0, 5] combined 0 players 0 retained 0 seconds 0.0023593599908053875
sset_21_gloiZ_gTJaE_frame_00023893 pair 5 [0, 6] combined 0 players 0 retained 0 seconds 0.0022616377100348473
sset_21_gloiZ_gTJaE_frame_00023893 pair 6 [0, 7] combined 0 players 0 retained 0 seconds 0.0024445229209959507
sset_21_gloiZ_gTJaE_frame_00023893 pair 7 [0, 8] combined 0 players 0 retained 0 seconds 0.002272222191095352
sset_21_gloiZ_gTJaE_frame_00023893 pair 8 [0, 9] combined 0 players 0 retained 0 seconds 0.0023852582089602947
sset_21_gloiZ_gTJaE_frame_00023893 pair 9 [0, 10] combined 0 players 0 retained 0 seconds 0.0022970428690314293
sset_21_gloiZ_gTJaE_frame_00023893 pair 11 [0, 12] combined 0 players 0 retained 0 seconds 0.002578248269855976
sset_21_gloiZ_gTJaE_frame_00023893 pair 13 [0, 14] combined 0 players 0 retained 0 seconds 0.0023339088074862957
sset_21_gloiZ_gTJaE_frame_00023893 pair 15 [1, 0] combined 0 players 0 retained 0 seconds 0.002858745865523815
sset_21_gloiZ_gTJaE_frame_00023893 pair 30 [2, 0] combined 0 players 0 retained 0 seconds 0.002346793655306101
sset_21_gloiZ_gTJaE_frame_00023893 pair 45 [3, 0] combined 0 players 0 retained 0 seconds 0.0022720019333064556
sset_21_gloiZ_gTJaE_frame_00023893 pair 60 [4, 0] combined 0 players 0 retained 0 seconds 0.0021937512792646885
sset_21_gloiZ_gTJaE_frame_00023893 pair 75 [5, 0] combined 0 players 0 retained 0 seconds 0.0022629001177847385
sset_21_gloiZ_gTJaE_frame_00023893 pair 85 [5, 11] combined 0 players 0 retained 0 seconds 0.0019745631143450737
sset_21_gloiZ_gTJaE_frame_00023893 pair 90 [6, 0] combined 0 players 0 retained 0 seconds 0.002032166812568903
sset_21_gloiZ_gTJaE_frame_00023893 pair 105 [7, 0] combined 0 players 0 retained 0 seconds 0.0023873751051723957
sset_21_gloiZ_gTJaE_frame_00023893 pair 120 [8, 0] combined 0 players 0 retained 0 seconds 0.002083411905914545
sset_21_gloiZ_gTJaE_frame_00023893 pair 135 [9, 0] combined 0 players 0 retained 0 seconds 0.0021260310895740986
sset_21_gloiZ_gTJaE_frame_00023893 pair 150 [10, 0] combined 0 players 0 retained 0 seconds 0.0022115614265203476
sset_21_gloiZ_gTJaE_frame_00023893 pair 170 [11, 5] combined 0 players 0 retained 0 seconds 0.0019429014064371586
sset_21_gloiZ_gTJaE_frame_00023893 pair 179 [11, 15] combined 0 players 0 retained 0 seconds 0.0019388762302696705
sset_21_gloiZ_gTJaE_frame_00023893 pair 180 [12, 0] combined 0 players 0 retained 0 seconds 0.002140908967703581
sset_21_gloiZ_gTJaE_frame_00023893 pair 210 [14, 0] combined 0 players 0 retained 0 seconds 0.0021039159037172794
sset_21_gloiZ_gTJaE_frame_00023893 pair 236 [15, 11] combined 0 players 0 retained 0 seconds 0.001983855850994587
[sset_21_gloiZ_gTJaE_frame_00023893] line-template: preparing rectangles
[sset_21_gloiZ_gTJaE_frame_00023893] measuring 256 parents (G0=0, G1=0, line_template=256; conflicting geometry groups=0)
[sset_21_gloiZ_gTJaE_frame_00023893] parents 250/256
[sset_21_gloiZ_gTJaE_frame_00023893] refitting 256 parents
[sset_21_gloiZ_gTJaE_frame_00023893] refits 250/256; valid children=206
{"view_id": "sset_21_gloiZ_gTJaE_frame_00023893", "chosen_key": null, "no_court_reason": "no_gated_court", "all_checks_equal": null, "error": null}
sset_21_gloiZ_gTJaE_frame_00038228 pair 12 [0, 13] combined 48 players 0 retained 0 seconds 0.004183561075478792
sset_21_gloiZ_gTJaE_frame_00038228 pair 13 [0, 14] combined 0 players 0 retained 0 seconds 0.005983851850032806
sset_21_gloiZ_gTJaE_frame_00038228 pair 27 [1, 13] combined 64 players 8 retained 4 seconds 0.029003384988754988
sset_21_gloiZ_gTJaE_frame_00038228 pair 28 [1, 14] combined 6840 players 30 retained 15 seconds 0.05203382996842265
sset_21_gloiZ_gTJaE_frame_00038228 pair 39 [2, 10] combined 200 players 50 retained 25 seconds 0.03186180628836155
sset_21_gloiZ_gTJaE_frame_00038228 pair 40 [2, 11] combined 32 players 0 retained 0 seconds 0.004150103777647018
sset_21_gloiZ_gTJaE_frame_00038228 pair 42 [2, 13] combined 0 players 0 retained 0 seconds 0.003265104256570339
sset_21_gloiZ_gTJaE_frame_00038228 pair 57 [3, 13] combined 0 players 0 retained 0 seconds 0.0031407736241817474
sset_21_gloiZ_gTJaE_frame_00038228 pair 58 [3, 14] combined 0 players 0 retained 0 seconds 0.00501442002132535
sset_21_gloiZ_gTJaE_frame_00038228 pair 73 [4, 14] combined 200 players 92 retained 46 seconds 0.037737663835287094
sset_21_gloiZ_gTJaE_frame_00038228 pair 87 [5, 13] combined 0 players 0 retained 0 seconds 0.003448063973337412
sset_21_gloiZ_gTJaE_frame_00038228 pair 88 [5, 14] combined 0 players 0 retained 0 seconds 0.004751916974782944
sset_21_gloiZ_gTJaE_frame_00038228 pair 99 [6, 10] combined 0 players 0 retained 0 seconds 0.004156473092734814
sset_21_gloiZ_gTJaE_frame_00038228 pair 100 [6, 11] combined 16 players 0 retained 0 seconds 0.003329374361783266
sset_21_gloiZ_gTJaE_frame_00038228 pair 102 [6, 13] combined 0 players 0 retained 0 seconds 0.003060567658394575
sset_21_gloiZ_gTJaE_frame_00038228 pair 117 [7, 13] combined 0 players 0 retained 0 seconds 0.003591262735426426
sset_21_gloiZ_gTJaE_frame_00038228 pair 118 [7, 14] combined 0 players 0 retained 0 seconds 0.0058695850893855095
sset_21_gloiZ_gTJaE_frame_00038228 pair 132 [8, 13] combined 0 players 0 retained 0 seconds 0.003170281182974577
sset_21_gloiZ_gTJaE_frame_00038228 pair 133 [8, 14] combined 0 players 0 retained 0 seconds 0.005449133925139904
sset_21_gloiZ_gTJaE_frame_00038228 pair 148 [9, 14] combined 0 players 0 retained 0 seconds 0.005824197083711624
sset_21_gloiZ_gTJaE_frame_00038228 pair 152 [10, 2] combined 164 players 6 retained 3 seconds 0.031709752045571804
sset_21_gloiZ_gTJaE_frame_00038228 pair 156 [10, 6] combined 116 players 4 retained 2 seconds 0.03008195385336876
sset_21_gloiZ_gTJaE_frame_00038228 pair 161 [10, 12] combined 8 players 0 retained 0 seconds 0.0035777161829173565
sset_21_gloiZ_gTJaE_frame_00038228 pair 167 [11, 2] combined 76 players 0 retained 0 seconds 0.004837144166231155
sset_21_gloiZ_gTJaE_frame_00038228 pair 171 [11, 6] combined 0 players 0 retained 0 seconds 0.00404596421867609
sset_21_gloiZ_gTJaE_frame_00038228 pair 177 [11, 13] combined 0 players 0 retained 0 seconds 0.002492866013199091
sset_21_gloiZ_gTJaE_frame_00038228 pair 178 [11, 14] combined 68 players 0 retained 0 seconds 0.0055155339650809765
sset_21_gloiZ_gTJaE_frame_00038228 pair 190 [12, 10] combined 0 players 0 retained 0 seconds 0.003938952926546335
sset_21_gloiZ_gTJaE_frame_00038228 pair 192 [12, 13] combined 0 players 0 retained 0 seconds 0.002849691081792116
sset_21_gloiZ_gTJaE_frame_00038228 pair 193 [12, 14] combined 60 players 0 retained 0 seconds 0.005441861227154732
sset_21_gloiZ_gTJaE_frame_00038228 pair 195 [13, 0] combined 200 players 0 retained 0 seconds 0.005086677614599466
sset_21_gloiZ_gTJaE_frame_00038228 pair 196 [13, 1] combined 168 players 0 retained 0 seconds 0.005289629101753235
sset_21_gloiZ_gTJaE_frame_00038228 pair 197 [13, 2] combined 0 players 0 retained 0 seconds 0.004472671076655388
sset_21_gloiZ_gTJaE_frame_00038228 pair 198 [13, 3] combined 0 players 0 retained 0 seconds 0.003149075899273157
sset_21_gloiZ_gTJaE_frame_00038228 pair 200 [13, 5] combined 0 players 0 retained 0 seconds 0.003278505988419056
sset_21_gloiZ_gTJaE_frame_00038228 pair 201 [13, 6] combined 0 players 0 retained 0 seconds 0.003834773786365986
sset_21_gloiZ_gTJaE_frame_00038228 pair 202 [13, 7] combined 0 players 0 retained 0 seconds 0.0037926146760582924
sset_21_gloiZ_gTJaE_frame_00038228 pair 203 [13, 8] combined 120 players 0 retained 0 seconds 0.003844696097075939
sset_21_gloiZ_gTJaE_frame_00038228 pair 206 [13, 11] combined 0 players 0 retained 0 seconds 0.002437707968056202
sset_21_gloiZ_gTJaE_frame_00038228 pair 207 [13, 12] combined 0 players 0 retained 0 seconds 0.0026794872246682644
sset_21_gloiZ_gTJaE_frame_00038228 pair 210 [14, 0] combined 0 players 0 retained 0 seconds 0.004235575441271067
sset_21_gloiZ_gTJaE_frame_00038228 pair 211 [14, 1] combined 0 players 0 retained 0 seconds 0.0051811509765684605
sset_21_gloiZ_gTJaE_frame_00038228 pair 213 [14, 3] combined 0 players 0 retained 0 seconds 0.0033403467386960983
sset_21_gloiZ_gTJaE_frame_00038228 pair 214 [14, 4] combined 0 players 0 retained 0 seconds 0.004595150239765644
sset_21_gloiZ_gTJaE_frame_00038228 pair 215 [14, 5] combined 0 players 0 retained 0 seconds 0.0030512013472616673
sset_21_gloiZ_gTJaE_frame_00038228 pair 217 [14, 7] combined 0 players 0 retained 0 seconds 0.0033015599474310875
sset_21_gloiZ_gTJaE_frame_00038228 pair 218 [14, 8] combined 0 players 0 retained 0 seconds 0.003027350641787052
sset_21_gloiZ_gTJaE_frame_00038228 pair 219 [14, 9] combined 0 players 0 retained 0 seconds 0.003820593934506178
sset_21_gloiZ_gTJaE_frame_00038228 pair 221 [14, 11] combined 0 players 0 retained 0 seconds 0.0033306842669844627
sset_21_gloiZ_gTJaE_frame_00038228 pair 222 [14, 12] combined 0 players 0 retained 0 seconds 0.0033732219599187374
sset_21_gloiZ_gTJaE_frame_00038228 pair 224 [14, 15] combined 0 players 0 retained 0 seconds 0.003328051883727312
sset_21_gloiZ_gTJaE_frame_00038228 pair 239 [15, 14] combined 0 players 0 retained 0 seconds 0.0059688640758395195
sset_21_gloiZ_gTJaE_frame_00038228 pair 12 [0, 13] combined 0 players 0 retained 0 seconds 0.002172898966819048
sset_21_gloiZ_gTJaE_frame_00038228 pair 13 [0, 14] combined 0 players 0 retained 0 seconds 0.0036165770143270493
sset_21_gloiZ_gTJaE_frame_00038228 pair 27 [1, 13] combined 0 players 0 retained 0 seconds 0.00189583795145154
sset_21_gloiZ_gTJaE_frame_00038228 pair 28 [1, 14] combined 0 players 0 retained 0 seconds 0.003395051695406437
sset_21_gloiZ_gTJaE_frame_00038228 pair 39 [2, 10] combined 0 players 0 retained 0 seconds 0.0017605707980692387
sset_21_gloiZ_gTJaE_frame_00038228 pair 40 [2, 11] combined 0 players 0 retained 0 seconds 0.0018902011215686798
sset_21_gloiZ_gTJaE_frame_00038228 pair 42 [2, 13] combined 0 players 0 retained 0 seconds 0.0017671468667685986
sset_21_gloiZ_gTJaE_frame_00038228 pair 57 [3, 13] combined 0 players 0 retained 0 seconds 0.0017292192205786705
sset_21_gloiZ_gTJaE_frame_00038228 pair 58 [3, 14] combined 0 players 0 retained 0 seconds 0.0026345071382820606
sset_21_gloiZ_gTJaE_frame_00038228 pair 73 [4, 14] combined 0 players 0 retained 0 seconds 0.003243743907660246
sset_21_gloiZ_gTJaE_frame_00038228 pair 87 [5, 13] combined 0 players 0 retained 0 seconds 0.0017311950214207172
sset_21_gloiZ_gTJaE_frame_00038228 pair 88 [5, 14] combined 0 players 0 retained 0 seconds 0.002262595109641552
sset_21_gloiZ_gTJaE_frame_00038228 pair 99 [6, 10] combined 0 players 0 retained 0 seconds 0.001724175177514553
sset_21_gloiZ_gTJaE_frame_00038228 pair 100 [6, 11] combined 0 players 0 retained 0 seconds 0.0016736546531319618
sset_21_gloiZ_gTJaE_frame_00038228 pair 102 [6, 13] combined 0 players 0 retained 0 seconds 0.0017625750042498112
sset_21_gloiZ_gTJaE_frame_00038228 pair 117 [7, 13] combined 0 players 0 retained 0 seconds 0.0018665669485926628
sset_21_gloiZ_gTJaE_frame_00038228 pair 118 [7, 14] combined 0 players 0 retained 0 seconds 0.0027220649644732475
sset_21_gloiZ_gTJaE_frame_00038228 pair 132 [8, 13] combined 0 players 0 retained 0 seconds 0.0017417161725461483
sset_21_gloiZ_gTJaE_frame_00038228 pair 133 [8, 14] combined 0 players 0 retained 0 seconds 0.003374465275555849
sset_21_gloiZ_gTJaE_frame_00038228 pair 148 [9, 14] combined 0 players 0 retained 0 seconds 0.003027329221367836
sset_21_gloiZ_gTJaE_frame_00038228 pair 152 [10, 2] combined 0 players 0 retained 0 seconds 0.001863823737949133
sset_21_gloiZ_gTJaE_frame_00038228 pair 156 [10, 6] combined 0 players 0 retained 0 seconds 0.0018034130334854126
sset_21_gloiZ_gTJaE_frame_00038228 pair 161 [10, 12] combined 0 players 0 retained 0 seconds 0.0015790536999702454
sset_21_gloiZ_gTJaE_frame_00038228 pair 167 [11, 2] combined 0 players 0 retained 0 seconds 0.001807865221053362
sset_21_gloiZ_gTJaE_frame_00038228 pair 171 [11, 6] combined 0 players 0 retained 0 seconds 0.0017780531197786331
sset_21_gloiZ_gTJaE_frame_00038228 pair 177 [11, 13] combined 0 players 0 retained 0 seconds 0.0015902640298008919
sset_21_gloiZ_gTJaE_frame_00038228 pair 178 [11, 14] combined 0 players 0 retained 0 seconds 0.0031630261801183224
sset_21_gloiZ_gTJaE_frame_00038228 pair 190 [12, 10] combined 0 players 0 retained 0 seconds 0.0016072173602879047
sset_21_gloiZ_gTJaE_frame_00038228 pair 192 [12, 13] combined 0 players 0 retained 0 seconds 0.0016151932068169117
sset_21_gloiZ_gTJaE_frame_00038228 pair 193 [12, 14] combined 0 players 0 retained 0 seconds 0.00300863990560174
sset_21_gloiZ_gTJaE_frame_00038228 pair 195 [13, 0] combined 0 players 0 retained 0 seconds 0.001987918745726347
sset_21_gloiZ_gTJaE_frame_00038228 pair 196 [13, 1] combined 0 players 0 retained 0 seconds 0.0015958519652485847
sset_21_gloiZ_gTJaE_frame_00038228 pair 197 [13, 2] combined 0 players 0 retained 0 seconds 0.00182637432590127
sset_21_gloiZ_gTJaE_frame_00038228 pair 198 [13, 3] combined 0 players 0 retained 0 seconds 0.001575401984155178
sset_21_gloiZ_gTJaE_frame_00038228 pair 200 [13, 5] combined 0 players 0 retained 0 seconds 0.0018559377640485764
sset_21_gloiZ_gTJaE_frame_00038228 pair 201 [13, 6] combined 0 players 0 retained 0 seconds 0.0017963051795959473
sset_21_gloiZ_gTJaE_frame_00038228 pair 202 [13, 7] combined 0 players 0 retained 0 seconds 0.0017905756831169128
sset_21_gloiZ_gTJaE_frame_00038228 pair 203 [13, 8] combined 0 players 0 retained 0 seconds 0.0020380327478051186
sset_21_gloiZ_gTJaE_frame_00038228 pair 206 [13, 11] combined 0 players 0 retained 0 seconds 0.0016220570541918278
sset_21_gloiZ_gTJaE_frame_00038228 pair 207 [13, 12] combined 0 players 0 retained 0 seconds 0.0015985602512955666
sset_21_gloiZ_gTJaE_frame_00038228 pair 210 [14, 0] combined 0 players 0 retained 0 seconds 0.002256913110613823
sset_21_gloiZ_gTJaE_frame_00038228 pair 211 [14, 1] combined 0 players 0 retained 0 seconds 0.0019253706559538841
sset_21_gloiZ_gTJaE_frame_00038228 pair 213 [14, 3] combined 0 players 0 retained 0 seconds 0.0022360607981681824
sset_21_gloiZ_gTJaE_frame_00038228 pair 214 [14, 4] combined 0 players 0 retained 0 seconds 0.001923601608723402
sset_21_gloiZ_gTJaE_frame_00038228 pair 215 [14, 5] combined 0 players 0 retained 0 seconds 0.0019466746598482132
sset_21_gloiZ_gTJaE_frame_00038228 pair 217 [14, 7] combined 0 players 0 retained 0 seconds 0.0019761519506573677
sset_21_gloiZ_gTJaE_frame_00038228 pair 218 [14, 8] combined 0 players 0 retained 0 seconds 0.0024278094060719013
sset_21_gloiZ_gTJaE_frame_00038228 pair 219 [14, 9] combined 0 players 0 retained 0 seconds 0.0024530617520213127
sset_21_gloiZ_gTJaE_frame_00038228 pair 221 [14, 11] combined 0 players 0 retained 0 seconds 0.0019775046966969967
sset_21_gloiZ_gTJaE_frame_00038228 pair 222 [14, 12] combined 0 players 0 retained 0 seconds 0.0019419393502175808
sset_21_gloiZ_gTJaE_frame_00038228 pair 224 [14, 15] combined 0 players 0 retained 0 seconds 0.0019243969582021236
sset_21_gloiZ_gTJaE_frame_00038228 pair 239 [15, 14] combined 0 players 0 retained 0 seconds 0.003354826010763645
[sset_21_gloiZ_gTJaE_frame_00038228] line-template: preparing rectangles
[sset_21_gloiZ_gTJaE_frame_00038228] measuring 351 parents (G0=95, G1=0, line_template=256; conflicting geometry groups=0)
[sset_21_gloiZ_gTJaE_frame_00038228] parents 250/351
[sset_21_gloiZ_gTJaE_frame_00038228] refitting 351 parents
[sset_21_gloiZ_gTJaE_frame_00038228] refits 250/351; valid children=69
{"view_id": "sset_21_gloiZ_gTJaE_frame_00038228", "chosen_key": null, "no_court_reason": "no_gated_court", "all_checks_equal": null, "error": null}
{"views": ["shuttleset_21_scene_0034", "shuttleset_21_scene_0044", "sset_21_gloiZ_gTJaE_frame_00100347", "sset_21_gloiZ_gTJaE_frame_00000300", "sset_21_gloiZ_gTJaE_frame_00023893", "sset_21_gloiZ_gTJaE_frame_00038228"], "startup_seconds": 0.029639969114214182, "wall_seconds": 1130.8599385200068, "peak_rss_mb": 1706.14453125, "failed": []}
